Log file created at: 2025/08/26 23:44:32
Running on machine: G2
Log line format: [IWEF]mmdd hh:mm:ss.uuuuuu threadid file:line] msg
I0826 23:44:32.258384 338171 dylog_impl.cpp:641] [DYLOG] set dylog default level to INFO
I0826 23:44:32.258456 338171 dylog_impl.cpp:690] [DYLOG] soc num : R2
I0826 23:44:32.258471 338171 dylog_impl.cpp:695] [DYLOG] can't read scene_mode, use sud
W0826 23:44:32.258495 338171 dylog_impl.cpp:757] [DYLOG] can't find available json config file with path : /home/agi/app/conf/scene_server/dylog_sud_default.json, use default.
I0826 23:44:32.258608 338171 dylog_impl.cpp:293] [DYLOG] register dsd_name : dylog/python3.10/cosine_internal
I0826 23:44:32.261847 338171 cosine_bus_manager.cpp:88] [cosine_internal][CosineBusManager] cosine bus config path not set, use default config.
I0826 23:44:32.261889 338171 cosine_bus_manager.cpp:118] [cosine_internal][CosineBusManager] initial cosine_bus_config:
I0826 23:44:32.263409 338171 cosine_bus_global_sync.cpp:30] [cosine_internal][BusGlobalSync] set default middleware name:aorta
I0826 23:44:32.263460 338171 scheduler_classic.cpp:28] [cosine_internal]Proc number set to be: 1
I0826 23:44:32.264735 338171 dynamic_object.cpp:521] [cosine_internal][DynamicObject] open libdynamic_aorta.so success.
I0826 23:44:32.264919 338171 dynamic_object.cpp:581] [cosine_internal][DynamicObject] Successfully enumerated 57 symbols in libdynamic_aorta.so
I0826 23:44:32.264930 338171 resource_loader.cpp:13] [cosine_internal][ResourceLoader] Attempting to load function: aorta_get_object
I0826 23:44:32.264935 338171 resource_loader.cpp:17] [cosine_internal][ResourceLoader] Trying address() method for C++ symbol: aorta_get_object
I0826 23:44:32.264942 338171 resource_loader.cpp:20] [cosine_internal][ResourceLoader] Successfully loaded C++ symbol: aorta_get_object
I0826 23:44:32.264945 338171 resource_loader.cpp:13] [cosine_internal][ResourceLoader] Attempting to load function: aorta_call_object_func
I0826 23:44:32.264950 338171 resource_loader.cpp:17] [cosine_internal][ResourceLoader] Trying address() method for C++ symbol: aorta_call_object_func
I0826 23:44:32.264952 338171 resource_loader.cpp:20] [cosine_internal][ResourceLoader] Successfully loaded C++ symbol: aorta_call_object_func
I0826 23:44:32.264956 338171 resource_loader.cpp:13] [cosine_internal][ResourceLoader] Attempting to load function: aorta_clean_up
I0826 23:44:32.264958 338171 resource_loader.cpp:17] [cosine_internal][ResourceLoader] Trying address() method for C++ symbol: aorta_clean_up
I0826 23:44:32.264973 338171 resource_loader.cpp:25] [cosine_internal][ResourceLoader] C++ symbol failed, trying c_address() method for C symbol: aorta_clean_up
I0826 23:44:32.264977 338171 resource_loader.cpp:28] [cosine_internal][ResourceLoader] Successfully loaded C symbol: aorta_clean_up
W0826 23:44:32.264986 338171 aorta_component.cpp:90] [cosine_internal]Environment variable [LOCATOR_IP/DDS_IP] not set, fallback to 10.42.0.101
I0826 23:44:32.264991 338171 aorta_component.cpp:496] [cosine_internal][AortaComponent] locator_ip: 10.42.0.101; Check network before domain init 
I0826 23:44:32.265030 338171 clock.cpp:22] [cosine_internal]load ptp time source from: libptp_clock_time.so
I0826 23:44:32.265213 338171 dynamic_object.cpp:521] [cosine_internal][DynamicObject] open libptp_clock_time.so success.
I0826 23:44:32.265611 338171 aorta_component.cpp:515] [cosine_internal][AortaComponent] Network check start. locator_ip: 10.42.0.101, timeout: 60 seconds , check_start_time: 1756223072
I0826 23:44:32.265630 338171 aorta_component.cpp:526] [cosine_internal][AortaComponent] locator_ip: 10.42.0.101; network is ready.
I0826 23:44:32.265676 338171 dylog_impl.cpp:293] [DYLOG] register dsd_name : dylog/python3.10/aorta
I0826 23:44:32.265825 338171 pcie_config.cc:52] [aorta]Get one valid pcie channel. producer: soc-s3 app-map_loc_app endpoint-nvscic2c_pcie_s3_c7_11 consumer: soc-s1 app-worldmodel endpoint-nvscic2c_pcie_s1_c7_11
I0826 23:44:32.265913 338171 os.cc:88] [aorta]Got host_id from system files: Huixi R1ROBOR2
I0826 23:44:32.265951 338171 pcie_manager.cc:71] [aorta]There is no pcie config in current process.
I0826 23:44:32.266273 338171 message_monitor_config.cc:398] [aorta]run in  mode
I0826 23:44:32.267551 338171 domain_impl.cc:58] [aorta]aorta version:7b1b7ddc
I0826 23:44:32.267585 338171 json_comm.cc:35] [aorta]file path: /home/agi/app/conf/topology/topology_rule.json not exist.
I0826 23:44:32.267601 338171 message_monitor_config.cc:398] [aorta]run in  mode
I0826 23:44:32.268961 338171 message_monitor_config.cc:731] [aorta]message monitor is updated from /home/agi/app/conf/aorta/function/aorta_monitor_conf.json
I0826 23:44:32.270226 338171 discovery_factory.cc:14] [aorta]type:1, host:10.42.0.101, port:2379, ttl:15, minor_cycle:100, major_cycle:3
I0826 23:44:32.270723 338171 config.cc:53] [aorta]AORTA_IP_MASK not set.
I0826 23:44:32.270731 338171 discovery.cc:245] [aorta]get ip masks empty.
I0826 23:44:32.270740 338171 config.cc:200] [aorta]AORTA_EXTRA_LOCAL_IPS not set.
I0826 23:44:32.270743 338171 discovery.cc:266] [aorta]local_publisher_ips_ empty.
I0826 23:44:32.270766 338171 config.cc:124] [aorta]ip match, ip:127.0.0.1
I0826 23:44:32.270773 338171 discovery.cc:275] [aorta]default emplace ip:10.42.0.101
I0826 23:44:32.270777 338171 discovery.cc:275] [aorta]default emplace ip:10.42.12.101
I0826 23:44:32.270780 338171 discovery.cc:275] [aorta]default emplace ip:10.42.1.101
I0826 23:44:32.270783 338171 discovery.cc:275] [aorta]default emplace ip:10.42.6.101
I0826 23:44:32.270785 338171 discovery.cc:275] [aorta]default emplace ip:192.168.1.101
I0826 23:44:32.270788 338171 discovery.cc:275] [aorta]default emplace ip:10.42.30.101
I0826 23:44:32.270792 338171 discovery.cc:275] [aorta]default emplace ip:10.42.40.101
I0826 23:44:32.270793 338171 discovery.cc:275] [aorta]default emplace ip:10.20.15.199
I0826 23:44:32.270797 338171 discovery.cc:275] [aorta]default emplace ip:10.42.6.101
I0826 23:44:32.270802 338171 centralized_discovery.cc:55] [aorta]lease_ttl_:15
I0826 23:44:32.271245 338171 aorta_component.cpp:561] [cosine_internal][AortaComponent] aorta create domain success. uri:http://10.42.0.101:2379
I0826 23:44:32.271395 338171 aorta_component.cpp:447] [cosine_internal][AortaComponent] aorta domain created node: python3.10_S1 , domain_uri:http://10.42.0.101:2379
I0826 23:44:32.271404 338171 aorta_component.cpp:126] [cosine_internal][AortaComponent] aorta component init success. node:python3.10_S1, uri:http://10.42.0.101:2379, locator_kind(1:shm,2:tcp,3:udp):2, locator_ip:10.42.0.101, locator_port:0, aorta_dispatcher_thread_num:1
I0826 23:44:32.271588 338230 processor.cpp:40] [cosine_internal]processor_tid: 338230
I0826 23:44:32.278489 338235 executor_impl.cc:91] [aorta]aorta-dispatch0 start spinning
I0826 23:44:32.285284 338234 centralized_discovery.cc:1110] [aorta]poll thread: revision:1353
I0826 23:44:32.285382 338234 centralized_discovery.cc:1123] [aorta]inotify_fd_:15 inotify_watch_:1 inotify_watch_path:/home/agi/app/conf/aorta/function
I0826 23:44:32.287161 338234 centralized_discovery.cc:615] [aorta]grant lease for node python3.10_S1 lease_id = 7587889064995165943
I0826 23:44:32.288218 338234 watch_state.cc:54] [aorta]watch connect success.
I0826 23:44:32.289014 338234 centralized_discovery.cc:1615] [aorta]recv watch response created.
I0826 23:44:32.334280 338171 cosine_bus_manager.cpp:294] [cosine_internal][CosineBusManager] create publisher. topic name:/gdk/config_request , middleware:aorta
I0826 23:44:32.334949 338171 tcp_publisher.cc:179] [aorta]topic /gdk/config_request, pub_queue_size_ 5, latch_queue_size_ 0
I0826 23:44:32.335144 338252 tcp_socket_server.cc:200] [aorta]The ip info is0.0.0.0:45413
I0826 23:44:32.335274 338252 shm_socket_server.cc:101] [aorta][/gdk/config_request] bind at pipe sock name d2379|python3.10|p338171|n0|/gdk/config_request|p0
I0826 23:44:32.335402 338171 node_impl.cc:198] [aorta]CreatePublisher, host:0.0.0.0, port:45413, sockname:d2379|python3.10|p338171|n0|/gdk/config_request|p0, topic:/gdk/config_request, uid:e3537bd4-959d-4a02-ad1c-e2a17685fec1-4991715019463590898 topic_uid:-1
I0826 23:44:32.335472 338171 aorta_component.cpp:394] [cosine_internal][AortaComponent] aorta node create publisher. node: python3.10_S1, topic:/gdk/config_request, type:genie_msgs.msg.pb.CommonRequest, qos:(history:1, depth:5, reliability:1, durability:2), uri:http://10.42.0.101:2379
I0826 23:44:32.335513 338171 aorta_publisher.cpp:119] [cosine_internal][AortaPublisher] publisher initialize. topic:/gdk/config_request, uri:
I0826 23:44:32.335528 338171 dylog_impl.cpp:293] [DYLOG] register dsd_name : dylog/python3.10/GDK
I0826 23:44:32.335536 338234 centralized_discovery.cc:681] [aorta]publisher uid:e3537bd4-959d-4a02-ad1c-e2a17685fec1-4991715019463590898 topic:/gdk/config_request
I0826 23:44:32.335568 338171 publisher.cpp:27] [GDK]create publisher: /gdk/config_request type: genie_msgs.msg.pb.CommonRequest qos: 1 1 5 2
I0826 23:44:32.335590 338171 cosine_bus_manager.cpp:294] [cosine_internal][CosineBusManager] create publisher. topic name:/gdk/camera_conf_request , middleware:aorta
I0826 23:44:32.336042 338171 tcp_publisher.cc:179] [aorta]topic /gdk/camera_conf_request, pub_queue_size_ 5, latch_queue_size_ 0
I0826 23:44:32.336123 338252 tcp_socket_server.cc:200] [aorta]The ip info is0.0.0.0:37915
I0826 23:44:32.336206 338252 shm_socket_server.cc:101] [aorta][/gdk/camera_conf_request] bind at pipe sock name d2379|python3.10|p338171|n0|/gdk/camera_conf_request|p1
I0826 23:44:32.336258 338171 node_impl.cc:198] [aorta]CreatePublisher, host:0.0.0.0, port:37915, sockname:d2379|python3.10|p338171|n0|/gdk/camera_conf_request|p1, topic:/gdk/camera_conf_request, uid:9f3d869a-56c6-432f-93fd-8fbc3a71ca41-9117180461459404870 topic_uid:-1
I0826 23:44:32.336277 338171 aorta_component.cpp:394] [cosine_internal][AortaComponent] aorta node create publisher. node: python3.10_S1, topic:/gdk/camera_conf_request, type:genie_msgs.msg.pb.CommonRequest, qos:(history:1, depth:5, reliability:1, durability:2), uri:http://10.42.0.101:2379
I0826 23:44:32.336323 338171 aorta_publisher.cpp:119] [cosine_internal][AortaPublisher] publisher initialize. topic:/gdk/camera_conf_request, uri:
I0826 23:44:32.336331 338171 publisher.cpp:27] [GDK]create publisher: /gdk/camera_conf_request type: genie_msgs.msg.pb.CommonRequest qos: 1 1 5 2
I0826 23:44:32.336349 338171 cosine_bus_manager.cpp:400] [cosine_internal][CosineBusManager] create subscriber. topic name:/gdk/config_response , middleware:aorta , need async callback:0, frame_skip_rate:1
I0826 23:44:32.336366 338171 aorta_component.cpp:174] [cosine_internal][AortaComponent] callback_name:/gdk/config_responsehttp://10.42.0.101:2379
I0826 23:44:32.336434 338171 dynamic_object.cpp:521] [cosine_internal][DynamicObject] open  success.
I0826 23:44:32.336601 338171 buffered_data_export.cpp:115] [cosine_internal]successfully create buffer [bus_buffer___gdk__config_response, type genie_msgs.msg.pb.CommonResponse, block num 5, valid_time 0, transfer_type 0, data_size 0, mem_type 0, lib_name , ext_data_size 0, is_protobuf 1, enable_event_sync_subscriber 0], buffer id = 1
I0826 23:44:32.336623 338171 cosine_bus_message_buffer.cpp:45] [cosine_internal][CosineBusMessageBuffer] create buffer success. name:bus_buffer___gdk__config_response, type:genie_msgs.msg.pb.CommonResponse, size:5
I0826 23:44:32.336727 338171 node_impl.cc:344] [aorta]CreateSubscriber topic:/gdk/config_response, uid:975aaa35-9d4d-47a8-8a6e-be397d65bfd4-9533047780102618842 topic_uid:-1
I0826 23:44:32.337303 338171 aorta_component.cpp:326] [cosine_internal][AortaComponent] aorta node create subscriber. node: python3.10_S1, topic:/gdk/config_response, type:genie_msgs.msg.pb.CommonResponse, qos:(history:1, depth:5, reliability:1, durability:2), uri:http://10.42.0.101:2379
I0826 23:44:32.337317 338171 aorta_subscriber.hpp:96] [cosine_internal][AortaSubscriber] initial. topic:/gdk/config_response, uri:
I0826 23:44:32.337332 338171 cosine_bus_manager.cpp:400] [cosine_internal][CosineBusManager] create subscriber. topic name:/gdk/camera_conf_response , middleware:aorta , need async callback:0, frame_skip_rate:1
I0826 23:44:32.337338 338171 aorta_component.cpp:174] [cosine_internal][AortaComponent] callback_name:/gdk/camera_conf_responsehttp://10.42.0.101:2379
I0826 23:44:32.337383 338171 buffered_data_export.cpp:115] [cosine_internal]successfully create buffer [bus_buffer___gdk__camera_conf_response, type genie_msgs.msg.pb.CommonResponse, block num 5, valid_time 0, transfer_type 0, data_size 0, mem_type 0, lib_name , ext_data_size 0, is_protobuf 1, enable_event_sync_subscriber 0], buffer id = 2
I0826 23:44:32.337400 338171 cosine_bus_message_buffer.cpp:45] [cosine_internal][CosineBusMessageBuffer] create buffer success. name:bus_buffer___gdk__camera_conf_response, type:genie_msgs.msg.pb.CommonResponse, size:5
I0826 23:44:32.337486 338171 node_impl.cc:344] [aorta]CreateSubscriber topic:/gdk/camera_conf_response, uid:48da26a3-615a-42e8-bb4c-024e4aad2862-3551884323222435368 topic_uid:-1
I0826 23:44:32.337556 338234 centralized_discovery.cc:681] [aorta]publisher uid:9f3d869a-56c6-432f-93fd-8fbc3a71ca41-9117180461459404870 topic:/gdk/camera_conf_request
I0826 23:44:32.337873 338171 aorta_component.cpp:326] [cosine_internal][AortaComponent] aorta node create subscriber. node: python3.10_S1, topic:/gdk/camera_conf_response, type:genie_msgs.msg.pb.CommonResponse, qos:(history:1, depth:5, reliability:1, durability:2), uri:http://10.42.0.101:2379
I0826 23:44:32.337884 338171 aorta_subscriber.hpp:96] [cosine_internal][AortaSubscriber] initial. topic:/gdk/camera_conf_response, uri:
I0826 23:44:32.337970 338171 cosine_bus_manager.cpp:400] [cosine_internal][CosineBusManager] create subscriber. topic name:/pnc/task_state , middleware:aorta , need async callback:0, frame_skip_rate:1
I0826 23:44:32.337980 338171 aorta_component.cpp:174] [cosine_internal][AortaComponent] callback_name:/pnc/task_statehttp://10.42.0.101:2379
I0826 23:44:32.338547 338171 buffered_data_export.cpp:115] [cosine_internal]successfully create buffer [bus_buffer___pnc__task_state, type pnc_msgs.TaskState, block num 5, valid_time 0, transfer_type 0, data_size 0, mem_type 0, lib_name , ext_data_size 0, is_protobuf 1, enable_event_sync_subscriber 0], buffer id = 3
I0826 23:44:32.338570 338171 cosine_bus_message_buffer.cpp:45] [cosine_internal][CosineBusMessageBuffer] create buffer success. name:bus_buffer___pnc__task_state, type:pnc_msgs.TaskState, size:5
I0826 23:44:32.338662 338171 node_impl.cc:344] [aorta]CreateSubscriber topic:/pnc/task_state, uid:60abce8d-5c0a-4f7f-b4a8-381e01104cf7-9096530589114119892 topic_uid:-1
I0826 23:44:32.339038 338171 aorta_component.cpp:326] [cosine_internal][AortaComponent] aorta node create subscriber. node: python3.10_S1, topic:/pnc/task_state, type:pnc_msgs.TaskState, qos:(history:1, depth:5, reliability:1, durability:2), uri:http://10.42.0.101:2379
I0826 23:44:32.339049 338171 aorta_subscriber.hpp:96] [cosine_internal][AortaSubscriber] initial. topic:/pnc/task_state, uri:
I0826 23:44:32.339078 338171 cosine_bus_manager.cpp:400] [cosine_internal][CosineBusManager] create subscriber. topic name:/pnc/task_service/normal_navigation/response , middleware:aorta , need async callback:0, frame_skip_rate:1
I0826 23:44:32.339087 338171 aorta_component.cpp:174] [cosine_internal][AortaComponent] callback_name:/pnc/task_service/normal_navigation/responsehttp://10.42.0.101:2379
I0826 23:44:32.339135 338171 buffered_data_export.cpp:115] [cosine_internal]successfully create buffer [bus_buffer___pnc__task_service__normal_navigation__response, type pnc_msgs.NormalNavigationResponse, block num 5, valid_time 0, transfer_type 0, data_size 0, mem_type 0, lib_name , ext_data_size 0, is_protobuf 1, enable_event_sync_subscriber 0], buffer id = 4
I0826 23:44:32.339150 338171 cosine_bus_message_buffer.cpp:45] [cosine_internal][CosineBusMessageBuffer] create buffer success. name:bus_buffer___pnc__task_service__normal_navigation__response, type:pnc_msgs.NormalNavigationResponse, size:5
I0826 23:44:32.339229 338171 node_impl.cc:344] [aorta]CreateSubscriber topic:/pnc/task_service/normal_navigation/response, uid:23edbcaa-a7b9-4216-891c-515c09bd3bcf-7227396448010854466 topic_uid:-1
I0826 23:44:32.340099 338171 aorta_component.cpp:326] [cosine_internal][AortaComponent] aorta node create subscriber. node: python3.10_S1, topic:/pnc/task_service/normal_navigation/response, type:pnc_msgs.NormalNavigationResponse, qos:(history:1, depth:5, reliability:1, durability:2), uri:http://10.42.0.101:2379
I0826 23:44:32.340121 338171 aorta_subscriber.hpp:96] [cosine_internal][AortaSubscriber] initial. topic:/pnc/task_service/normal_navigation/response, uri:
I0826 23:44:32.340137 338171 cosine_bus_manager.cpp:400] [cosine_internal][CosineBusManager] create subscriber. topic name:/pnc/task_service/high_precision_navigation/response , middleware:aorta , need async callback:0, frame_skip_rate:1
I0826 23:44:32.340154 338171 aorta_component.cpp:174] [cosine_internal][AortaComponent] callback_name:/pnc/task_service/high_precision_navigation/responsehttp://10.42.0.101:2379
I0826 23:44:32.340205 338171 buffered_data_export.cpp:115] [cosine_internal]successfully create buffer [bus_buffer___pnc__task_service__high_precision_navigation__response, type pnc_msgs.HighPrecisionNavigationResponse, block num 5, valid_time 0, transfer_type 0, data_size 0, mem_type 0, lib_name , ext_data_size 0, is_protobuf 1, enable_event_sync_subscriber 0], buffer id = 5
I0826 23:44:32.340219 338171 cosine_bus_message_buffer.cpp:45] [cosine_internal][CosineBusMessageBuffer] create buffer success. name:bus_buffer___pnc__task_service__high_precision_navigation__response, type:pnc_msgs.HighPrecisionNavigationResponse, size:5
I0826 23:44:32.340325 338171 node_impl.cc:344] [aorta]CreateSubscriber topic:/pnc/task_service/high_precision_navigation/response, uid:321a016c-6707-49a2-ac8c-f4b48871c479-4701876173029784314 topic_uid:-1
I0826 23:44:32.340721 338171 aorta_component.cpp:326] [cosine_internal][AortaComponent] aorta node create subscriber. node: python3.10_S1, topic:/pnc/task_service/high_precision_navigation/response, type:pnc_msgs.HighPrecisionNavigationResponse, qos:(history:1, depth:5, reliability:1, durability:2), uri:http://10.42.0.101:2379
I0826 23:44:32.340731 338171 aorta_subscriber.hpp:96] [cosine_internal][AortaSubscriber] initial. topic:/pnc/task_service/high_precision_navigation/response, uri:
I0826 23:44:32.340744 338171 cosine_bus_manager.cpp:400] [cosine_internal][CosineBusManager] create subscriber. topic name:/pnc/task_service/relative_move/response , middleware:aorta , need async callback:0, frame_skip_rate:1
I0826 23:44:32.340750 338171 aorta_component.cpp:174] [cosine_internal][AortaComponent] callback_name:/pnc/task_service/relative_move/responsehttp://10.42.0.101:2379
I0826 23:44:32.340786 338171 buffered_data_export.cpp:115] [cosine_internal]successfully create buffer [bus_buffer___pnc__task_service__relative_move__response, type pnc_msgs.RelativeMoveResponse, block num 5, valid_time 0, transfer_type 0, data_size 0, mem_type 0, lib_name , ext_data_size 0, is_protobuf 1, enable_event_sync_subscriber 0], buffer id = 6
I0826 23:44:32.340798 338171 cosine_bus_message_buffer.cpp:45] [cosine_internal][CosineBusMessageBuffer] create buffer success. name:bus_buffer___pnc__task_service__relative_move__response, type:pnc_msgs.RelativeMoveResponse, size:5
I0826 23:44:32.340917 338171 node_impl.cc:344] [aorta]CreateSubscriber topic:/pnc/task_service/relative_move/response, uid:a2a28ac0-a556-46dd-8469-9733868a9aca-4077207897147431090 topic_uid:-1
I0826 23:44:32.341308 338171 aorta_component.cpp:326] [cosine_internal][AortaComponent] aorta node create subscriber. node: python3.10_S1, topic:/pnc/task_service/relative_move/response, type:pnc_msgs.RelativeMoveResponse, qos:(history:1, depth:5, reliability:1, durability:2), uri:http://10.42.0.101:2379
I0826 23:44:32.341320 338171 aorta_subscriber.hpp:96] [cosine_internal][AortaSubscriber] initial. topic:/pnc/task_service/relative_move/response, uri:
I0826 23:44:32.341332 338171 cosine_bus_manager.cpp:400] [cosine_internal][CosineBusManager] create subscriber. topic name:/pnc/task_service/task_cancel/response , middleware:aorta , need async callback:0, frame_skip_rate:1
I0826 23:44:32.341328 338234 centralized_discovery.cc:733] [aorta]subscriber uid:975aaa35-9d4d-47a8-8a6e-be397d65bfd4-9533047780102618842 topic:/gdk/config_response
I0826 23:44:32.341339 338171 aorta_component.cpp:174] [cosine_internal][AortaComponent] callback_name:/pnc/task_service/task_cancel/responsehttp://10.42.0.101:2379
I0826 23:44:32.341393 338171 buffered_data_export.cpp:115] [cosine_internal]successfully create buffer [bus_buffer___pnc__task_service__task_cancel__response, type pnc_msgs.TaskCancelResponse, block num 5, valid_time 0, transfer_type 0, data_size 0, mem_type 0, lib_name , ext_data_size 0, is_protobuf 1, enable_event_sync_subscriber 0], buffer id = 7
I0826 23:44:32.341408 338171 cosine_bus_message_buffer.cpp:45] [cosine_internal][CosineBusMessageBuffer] create buffer success. name:bus_buffer___pnc__task_service__task_cancel__response, type:pnc_msgs.TaskCancelResponse, size:5
I0826 23:44:32.341485 338171 node_impl.cc:344] [aorta]CreateSubscriber topic:/pnc/task_service/task_cancel/response, uid:2d646e8a-e23f-4646-9241-7ce27798108b-3654631836754090917 topic_uid:-1
I0826 23:44:32.341884 338171 aorta_component.cpp:326] [cosine_internal][AortaComponent] aorta node create subscriber. node: python3.10_S1, topic:/pnc/task_service/task_cancel/response, type:pnc_msgs.TaskCancelResponse, qos:(history:1, depth:5, reliability:1, durability:2), uri:http://10.42.0.101:2379
I0826 23:44:32.341894 338171 aorta_subscriber.hpp:96] [cosine_internal][AortaSubscriber] initial. topic:/pnc/task_service/task_cancel/response, uri:
I0826 23:44:32.341905 338171 cosine_bus_manager.cpp:400] [cosine_internal][CosineBusManager] create subscriber. topic name:/pnc/task_service/task_pause/response , middleware:aorta , need async callback:0, frame_skip_rate:1
I0826 23:44:32.341912 338171 aorta_component.cpp:174] [cosine_internal][AortaComponent] callback_name:/pnc/task_service/task_pause/responsehttp://10.42.0.101:2379
I0826 23:44:32.341944 338171 buffered_data_export.cpp:115] [cosine_internal]successfully create buffer [bus_buffer___pnc__task_service__task_pause__response, type pnc_msgs.TaskPauseResponse, block num 5, valid_time 0, transfer_type 0, data_size 0, mem_type 0, lib_name , ext_data_size 0, is_protobuf 1, enable_event_sync_subscriber 0], buffer id = 8
I0826 23:44:32.341961 338171 cosine_bus_message_buffer.cpp:45] [cosine_internal][CosineBusMessageBuffer] create buffer success. name:bus_buffer___pnc__task_service__task_pause__response, type:pnc_msgs.TaskPauseResponse, size:5
I0826 23:44:32.342018 338171 node_impl.cc:344] [aorta]CreateSubscriber topic:/pnc/task_service/task_pause/response, uid:4efa247e-b073-4339-8286-f7a4d6632427-4995236092065324733 topic_uid:-1
I0826 23:44:32.342403 338171 aorta_component.cpp:326] [cosine_internal][AortaComponent] aorta node create subscriber. node: python3.10_S1, topic:/pnc/task_service/task_pause/response, type:pnc_msgs.TaskPauseResponse, qos:(history:1, depth:5, reliability:1, durability:2), uri:http://10.42.0.101:2379
I0826 23:44:32.342412 338171 aorta_subscriber.hpp:96] [cosine_internal][AortaSubscriber] initial. topic:/pnc/task_service/task_pause/response, uri:
I0826 23:44:32.342423 338171 cosine_bus_manager.cpp:400] [cosine_internal][CosineBusManager] create subscriber. topic name:/pnc/task_service/task_resume/response , middleware:aorta , need async callback:0, frame_skip_rate:1
I0826 23:44:32.342429 338171 aorta_component.cpp:174] [cosine_internal][AortaComponent] callback_name:/pnc/task_service/task_resume/responsehttp://10.42.0.101:2379
I0826 23:44:32.342460 338171 buffered_data_export.cpp:115] [cosine_internal]successfully create buffer [bus_buffer___pnc__task_service__task_resume__response, type pnc_msgs.TaskResumeResponse, block num 5, valid_time 0, transfer_type 0, data_size 0, mem_type 0, lib_name , ext_data_size 0, is_protobuf 1, enable_event_sync_subscriber 0], buffer id = 9
I0826 23:44:32.342476 338171 cosine_bus_message_buffer.cpp:45] [cosine_internal][CosineBusMessageBuffer] create buffer success. name:bus_buffer___pnc__task_service__task_resume__response, type:pnc_msgs.TaskResumeResponse, size:5
I0826 23:44:32.342547 338171 node_impl.cc:344] [aorta]CreateSubscriber topic:/pnc/task_service/task_resume/response, uid:22a112ef-88a7-4788-8f6c-32dfc8a4b583-16859347558940246081 topic_uid:-1
I0826 23:44:32.342568 338253 shm_subscriber.cc:120] [aorta]subscriber connect to publisher success, topic /gdk/config_response, local d2379|python3.10|p338171|n0|s0|c0, peer d2379|gdk_service|p8997|n0|/gdk/config_response|p0
I0826 23:44:32.342666 338234 centralized_discovery.cc:733] [aorta]subscriber uid:48da26a3-615a-42e8-bb4c-024e4aad2862-3551884323222435368 topic:/gdk/camera_conf_response
I0826 23:44:32.343218 338171 aorta_component.cpp:326] [cosine_internal][AortaComponent] aorta node create subscriber. node: python3.10_S1, topic:/pnc/task_service/task_resume/response, type:pnc_msgs.TaskResumeResponse, qos:(history:1, depth:5, reliability:1, durability:2), uri:http://10.42.0.101:2379
I0826 23:44:32.343232 338171 aorta_subscriber.hpp:96] [cosine_internal][AortaSubscriber] initial. topic:/pnc/task_service/task_resume/response, uri:
I0826 23:44:32.343247 338171 cosine_bus_manager.cpp:400] [cosine_internal][CosineBusManager] create subscriber. topic name:/pnc/task_service/remote_control/response , middleware:aorta , need async callback:0, frame_skip_rate:1
I0826 23:44:32.343253 338171 aorta_component.cpp:174] [cosine_internal][AortaComponent] callback_name:/pnc/task_service/remote_control/responsehttp://10.42.0.101:2379
I0826 23:44:32.343297 338171 buffered_data_export.cpp:115] [cosine_internal]successfully create buffer [bus_buffer___pnc__task_service__remote_control__response, type pnc_msgs.RemoteControlResponse, block num 5, valid_time 0, transfer_type 0, data_size 0, mem_type 0, lib_name , ext_data_size 0, is_protobuf 1, enable_event_sync_subscriber 0], buffer id = 10
I0826 23:44:32.343323 338171 cosine_bus_message_buffer.cpp:45] [cosine_internal][CosineBusMessageBuffer] create buffer success. name:bus_buffer___pnc__task_service__remote_control__response, type:pnc_msgs.RemoteControlResponse, size:5
I0826 23:44:32.343405 338171 node_impl.cc:344] [aorta]CreateSubscriber topic:/pnc/task_service/remote_control/response, uid:8e083007-83c3-4668-9826-574e2e372d15-11583863028842959166 topic_uid:-1
I0826 23:44:32.343667 338253 shm_subscriber.cc:120] [aorta]subscriber connect to publisher success, topic /gdk/camera_conf_response, local d2379|python3.10|p338171|n0|s1|c0, peer d2379|gdk_service|p8997|n0|/gdk/camera_conf_response|p1
I0826 23:44:32.343729 338234 centralized_discovery.cc:733] [aorta]subscriber uid:60abce8d-5c0a-4f7f-b4a8-381e01104cf7-9096530589114119892 topic:/pnc/task_state
I0826 23:44:32.343799 338171 aorta_component.cpp:326] [cosine_internal][AortaComponent] aorta node create subscriber. node: python3.10_S1, topic:/pnc/task_service/remote_control/response, type:pnc_msgs.RemoteControlResponse, qos:(history:1, depth:5, reliability:1, durability:2), uri:http://10.42.0.101:2379
I0826 23:44:32.343809 338171 aorta_subscriber.hpp:96] [cosine_internal][AortaSubscriber] initial. topic:/pnc/task_service/remote_control/response, uri:
I0826 23:44:32.343829 338171 cosine_bus_manager.cpp:294] [cosine_internal][CosineBusManager] create publisher. topic name:/pnc/task_service/normal_navigation/request , middleware:aorta
I0826 23:44:32.344237 338171 tcp_publisher.cc:179] [aorta]topic /pnc/task_service/normal_navigation/request, pub_queue_size_ 5, latch_queue_size_ 0
I0826 23:44:32.344329 338252 tcp_socket_server.cc:200] [aorta]The ip info is0.0.0.0:34291
I0826 23:44:32.344509 338252 shm_socket_server.cc:101] [aorta][/pnc/task_service/normal_navigation/request] bind at pipe sock name d2379|python3.10|p338171|n0|..task_service/normal_navigation/request|p2
I0826 23:44:32.344573 338171 node_impl.cc:198] [aorta]CreatePublisher, host:0.0.0.0, port:34291, sockname:d2379|python3.10|p338171|n0|..task_service/normal_navigation/request|p2, topic:/pnc/task_service/normal_navigation/request, uid:170b23be-fd2a-470e-b2e8-fb98b30fdc31-11863888217293896894 topic_uid:-1
I0826 23:44:32.344604 338171 aorta_component.cpp:394] [cosine_internal][AortaComponent] aorta node create publisher. node: python3.10_S1, topic:/pnc/task_service/normal_navigation/request, type:pnc_msgs.NormalNavigationRequest, qos:(history:1, depth:5, reliability:1, durability:2), uri:http://10.42.0.101:2379
I0826 23:44:32.344641 338171 aorta_publisher.cpp:119] [cosine_internal][AortaPublisher] publisher initialize. topic:/pnc/task_service/normal_navigation/request, uri:
I0826 23:44:32.344650 338171 publisher.cpp:27] [GDK]create publisher: /pnc/task_service/normal_navigation/request type: pnc_msgs.NormalNavigationRequest qos: 1 1 5 2
I0826 23:44:32.344667 338171 cosine_bus_manager.cpp:294] [cosine_internal][CosineBusManager] create publisher. topic name:/pnc/task_service/high_precision_navigation/request , middleware:aorta
I0826 23:44:32.344719 338253 shm_subscriber.cc:120] [aorta]subscriber connect to publisher success, topic /pnc/task_state, local d2379|python3.10|p338171|n0|s2|c0, peer d2379|quark_navigation|p9584|n0|/pnc/task_state|p24
I0826 23:44:32.344774 338234 centralized_discovery.cc:733] [aorta]subscriber uid:23edbcaa-a7b9-4216-891c-515c09bd3bcf-7227396448010854466 topic:/pnc/task_service/normal_navigation/response
I0826 23:44:32.345108 338171 tcp_publisher.cc:179] [aorta]topic /pnc/task_service/high_precision_navigation/request, pub_queue_size_ 5, latch_queue_size_ 0
I0826 23:44:32.345161 338252 tcp_socket_server.cc:200] [aorta]The ip info is0.0.0.0:39047
I0826 23:44:32.345213 338252 shm_socket_server.cc:101] [aorta][/pnc/task_service/high_precision_navigation/request] bind at pipe sock name d2379|python3.10|p338171|n0|..vice/high_precision_navigation/request|p3
I0826 23:44:32.345254 338171 node_impl.cc:198] [aorta]CreatePublisher, host:0.0.0.0, port:39047, sockname:d2379|python3.10|p338171|n0|..vice/high_precision_navigation/request|p3, topic:/pnc/task_service/high_precision_navigation/request, uid:d7be7949-24f3-4282-a1b4-98f7b46f27fe-13581583299462652003 topic_uid:-1
I0826 23:44:32.345271 338171 aorta_component.cpp:394] [cosine_internal][AortaComponent] aorta node create publisher. node: python3.10_S1, topic:/pnc/task_service/high_precision_navigation/request, type:pnc_msgs.HighPrecisionNavigationRequest, qos:(history:1, depth:5, reliability:1, durability:2), uri:http://10.42.0.101:2379
I0826 23:44:32.345439 338171 aorta_publisher.cpp:119] [cosine_internal][AortaPublisher] publisher initialize. topic:/pnc/task_service/high_precision_navigation/request, uri:
I0826 23:44:32.345453 338171 publisher.cpp:27] [GDK]create publisher: /pnc/task_service/high_precision_navigation/request type: pnc_msgs.HighPrecisionNavigationRequest qos: 1 1 5 2
I0826 23:44:32.345471 338171 cosine_bus_manager.cpp:294] [cosine_internal][CosineBusManager] create publisher. topic name:/pnc/task_service/relative_move/request , middleware:aorta
I0826 23:44:32.345678 338253 shm_subscriber.cc:120] [aorta]subscriber connect to publisher success, topic /pnc/task_service/normal_navigation/response, local d2379|python3.10|p338171|n0|s3|c0, peer d2379|quark_navigation|p9584|n0|..ask_service/normal_navigation/response|p11
I0826 23:44:32.345728 338234 centralized_discovery.cc:733] [aorta]subscriber uid:321a016c-6707-49a2-ac8c-f4b48871c479-4701876173029784314 topic:/pnc/task_service/high_precision_navigation/response
I0826 23:44:32.345891 338171 tcp_publisher.cc:179] [aorta]topic /pnc/task_service/relative_move/request, pub_queue_size_ 5, latch_queue_size_ 0
I0826 23:44:32.345947 338252 tcp_socket_server.cc:200] [aorta]The ip info is0.0.0.0:45601
I0826 23:44:32.346029 338252 shm_socket_server.cc:101] [aorta][/pnc/task_service/relative_move/request] bind at pipe sock name d2379|python3.10|p338171|n0|/pnc/task_service/relative_move/request|p4
I0826 23:44:32.346120 338171 node_impl.cc:198] [aorta]CreatePublisher, host:0.0.0.0, port:45601, sockname:d2379|python3.10|p338171|n0|/pnc/task_service/relative_move/request|p4, topic:/pnc/task_service/relative_move/request, uid:398416b5-3bd9-4a5e-b6b6-b918c6369ca4-1499998713038698463 topic_uid:-1
I0826 23:44:32.346146 338171 aorta_component.cpp:394] [cosine_internal][AortaComponent] aorta node create publisher. node: python3.10_S1, topic:/pnc/task_service/relative_move/request, type:pnc_msgs.RelativeMoveRequest, qos:(history:1, depth:5, reliability:1, durability:2), uri:http://10.42.0.101:2379
I0826 23:44:32.346179 338171 aorta_publisher.cpp:119] [cosine_internal][AortaPublisher] publisher initialize. topic:/pnc/task_service/relative_move/request, uri:
I0826 23:44:32.346186 338171 publisher.cpp:27] [GDK]create publisher: /pnc/task_service/relative_move/request type: pnc_msgs.RelativeMoveRequest qos: 1 1 5 2
I0826 23:44:32.346201 338171 cosine_bus_manager.cpp:294] [cosine_internal][CosineBusManager] create publisher. topic name:/pnc/task_service/task_cancel/request , middleware:aorta
I0826 23:44:32.346529 338253 shm_subscriber.cc:120] [aorta]subscriber connect to publisher success, topic /pnc/task_service/high_precision_navigation/response, local d2379|python3.10|p338171|n0|s4|c0, peer d2379|quark_navigation|p9584|n0|..ice/high_precision_navigation/response|p12
I0826 23:44:32.346580 338234 centralized_discovery.cc:733] [aorta]subscriber uid:a2a28ac0-a556-46dd-8469-9733868a9aca-4077207897147431090 topic:/pnc/task_service/relative_move/response
I0826 23:44:32.346647 338171 tcp_publisher.cc:179] [aorta]topic /pnc/task_service/task_cancel/request, pub_queue_size_ 5, latch_queue_size_ 0
I0826 23:44:32.346699 338252 tcp_socket_server.cc:200] [aorta]The ip info is0.0.0.0:34887
I0826 23:44:32.346756 338252 shm_socket_server.cc:101] [aorta][/pnc/task_service/task_cancel/request] bind at pipe sock name d2379|python3.10|p338171|n0|/pnc/task_service/task_cancel/request|p5
I0826 23:44:32.346801 338171 node_impl.cc:198] [aorta]CreatePublisher, host:0.0.0.0, port:34887, sockname:d2379|python3.10|p338171|n0|/pnc/task_service/task_cancel/request|p5, topic:/pnc/task_service/task_cancel/request, uid:9a9326ce-e68b-4bb6-8a65-1308fb861340-10250913672907467700 topic_uid:-1
I0826 23:44:32.346819 338171 aorta_component.cpp:394] [cosine_internal][AortaComponent] aorta node create publisher. node: python3.10_S1, topic:/pnc/task_service/task_cancel/request, type:pnc_msgs.TaskCancelRequest, qos:(history:1, depth:5, reliability:1, durability:2), uri:http://10.42.0.101:2379
I0826 23:44:32.346848 338171 aorta_publisher.cpp:119] [cosine_internal][AortaPublisher] publisher initialize. topic:/pnc/task_service/task_cancel/request, uri:
I0826 23:44:32.346853 338171 publisher.cpp:27] [GDK]create publisher: /pnc/task_service/task_cancel/request type: pnc_msgs.TaskCancelRequest qos: 1 1 5 2
I0826 23:44:32.346868 338171 cosine_bus_manager.cpp:294] [cosine_internal][CosineBusManager] create publisher. topic name:/pnc/task_service/task_pause/request , middleware:aorta
I0826 23:44:32.347270 338171 tcp_publisher.cc:179] [aorta]topic /pnc/task_service/task_pause/request, pub_queue_size_ 5, latch_queue_size_ 0
I0826 23:44:32.347373 338252 tcp_socket_server.cc:200] [aorta]The ip info is0.0.0.0:43069
I0826 23:44:32.347389 338253 shm_subscriber.cc:120] [aorta]subscriber connect to publisher success, topic /pnc/task_service/relative_move/response, local d2379|python3.10|p338171|n0|s5|c0, peer d2379|quark_navigation|p9584|n0|/pnc/task_service/relative_move/response|p15
I0826 23:44:32.347477 338234 centralized_discovery.cc:733] [aorta]subscriber uid:2d646e8a-e23f-4646-9241-7ce27798108b-3654631836754090917 topic:/pnc/task_service/task_cancel/response
I0826 23:44:32.347496 338252 shm_socket_server.cc:101] [aorta][/pnc/task_service/task_pause/request] bind at pipe sock name d2379|python3.10|p338171|n0|/pnc/task_service/task_pause/request|p6
I0826 23:44:32.347565 338171 node_impl.cc:198] [aorta]CreatePublisher, host:0.0.0.0, port:43069, sockname:d2379|python3.10|p338171|n0|/pnc/task_service/task_pause/request|p6, topic:/pnc/task_service/task_pause/request, uid:880112d0-9dbc-4695-9b10-31c3810835a0-2366368184012060648 topic_uid:-1
I0826 23:44:32.347595 338171 aorta_component.cpp:394] [cosine_internal][AortaComponent] aorta node create publisher. node: python3.10_S1, topic:/pnc/task_service/task_pause/request, type:pnc_msgs.TaskPauseRequest, qos:(history:1, depth:5, reliability:1, durability:2), uri:http://10.42.0.101:2379
I0826 23:44:32.347626 338171 aorta_publisher.cpp:119] [cosine_internal][AortaPublisher] publisher initialize. topic:/pnc/task_service/task_pause/request, uri:
I0826 23:44:32.347633 338171 publisher.cpp:27] [GDK]create publisher: /pnc/task_service/task_pause/request type: pnc_msgs.TaskPauseRequest qos: 1 1 5 2
I0826 23:44:32.347648 338171 cosine_bus_manager.cpp:294] [cosine_internal][CosineBusManager] create publisher. topic name:/pnc/task_service/task_resume/request , middleware:aorta
I0826 23:44:32.348067 338171 tcp_publisher.cc:179] [aorta]topic /pnc/task_service/task_resume/request, pub_queue_size_ 5, latch_queue_size_ 0
I0826 23:44:32.348112 338252 tcp_socket_server.cc:200] [aorta]The ip info is0.0.0.0:35853
I0826 23:44:32.348172 338252 shm_socket_server.cc:101] [aorta][/pnc/task_service/task_resume/request] bind at pipe sock name d2379|python3.10|p338171|n0|/pnc/task_service/task_resume/request|p7
I0826 23:44:32.348214 338171 node_impl.cc:198] [aorta]CreatePublisher, host:0.0.0.0, port:35853, sockname:d2379|python3.10|p338171|n0|/pnc/task_service/task_resume/request|p7, topic:/pnc/task_service/task_resume/request, uid:fcc4b826-381d-43fc-843d-c7f47510b561-18204958959141007063 topic_uid:-1
I0826 23:44:32.348238 338171 aorta_component.cpp:394] [cosine_internal][AortaComponent] aorta node create publisher. node: python3.10_S1, topic:/pnc/task_service/task_resume/request, type:pnc_msgs.TaskResumeRequest, qos:(history:1, depth:5, reliability:1, durability:2), uri:http://10.42.0.101:2379
I0826 23:44:32.348265 338171 aorta_publisher.cpp:119] [cosine_internal][AortaPublisher] publisher initialize. topic:/pnc/task_service/task_resume/request, uri:
I0826 23:44:32.348271 338171 publisher.cpp:27] [GDK]create publisher: /pnc/task_service/task_resume/request type: pnc_msgs.TaskResumeRequest qos: 1 1 5 2
I0826 23:44:32.348330 338253 shm_subscriber.cc:120] [aorta]subscriber connect to publisher success, topic /pnc/task_service/task_cancel/response, local d2379|python3.10|p338171|n0|s6|c0, peer d2379|quark_navigation|p9584|n0|/pnc/task_service/task_cancel/response|p17
I0826 23:44:32.348382 338234 centralized_discovery.cc:733] [aorta]subscriber uid:4efa247e-b073-4339-8286-f7a4d6632427-4995236092065324733 topic:/pnc/task_service/task_pause/response
I0826 23:44:32.348387 338171 cosine_bus_manager.cpp:294] [cosine_internal][CosineBusManager] create publisher. topic name:/pnc/remote_control_cmd , middleware:aorta
I0826 23:44:32.349077 338171 tcp_publisher.cc:179] [aorta]topic /pnc/remote_control_cmd, pub_queue_size_ 5, latch_queue_size_ 0
I0826 23:44:32.349175 338252 tcp_socket_server.cc:200] [aorta]The ip info is0.0.0.0:43955
I0826 23:44:32.349246 338252 shm_socket_server.cc:101] [aorta][/pnc/remote_control_cmd] bind at pipe sock name d2379|python3.10|p338171|n0|/pnc/remote_control_cmd|p8
I0826 23:44:32.349268 338253 shm_subscriber.cc:120] [aorta]subscriber connect to publisher success, topic /pnc/task_service/task_pause/response, local d2379|python3.10|p338171|n0|s7|c0, peer d2379|quark_navigation|p9584|n0|/pnc/task_service/task_pause/response|p18
I0826 23:44:32.349305 338171 node_impl.cc:198] [aorta]CreatePublisher, host:0.0.0.0, port:43955, sockname:d2379|python3.10|p338171|n0|/pnc/remote_control_cmd|p8, topic:/pnc/remote_control_cmd, uid:302bfdc8-ae05-41b7-9f83-48628e59e8f8-2921114360754287628 topic_uid:-1
I0826 23:44:32.349324 338171 aorta_component.cpp:394] [cosine_internal][AortaComponent] aorta node create publisher. node: python3.10_S1, topic:/pnc/remote_control_cmd, type:geometry_msgs.msg.pb.TwistStamped, qos:(history:1, depth:5, reliability:1, durability:2), uri:http://10.42.0.101:2379
I0826 23:44:32.349330 338234 centralized_discovery.cc:733] [aorta]subscriber uid:22a112ef-88a7-4788-8f6c-32dfc8a4b583-16859347558940246081 topic:/pnc/task_service/task_resume/response
I0826 23:44:32.349355 338171 aorta_publisher.cpp:119] [cosine_internal][AortaPublisher] publisher initialize. topic:/pnc/remote_control_cmd, uri:
I0826 23:44:32.349363 338171 publisher.cpp:27] [GDK]create publisher: /pnc/remote_control_cmd type: geometry_msgs.msg.pb.TwistStamped qos: 1 1 5 2
I0826 23:44:32.349378 338171 cosine_bus_manager.cpp:294] [cosine_internal][CosineBusManager] create publisher. topic name:/pnc/task_service/remote_control/request , middleware:aorta
I0826 23:44:32.349826 338171 tcp_publisher.cc:179] [aorta]topic /pnc/task_service/remote_control/request, pub_queue_size_ 5, latch_queue_size_ 0
I0826 23:44:32.349884 338252 tcp_socket_server.cc:200] [aorta]The ip info is0.0.0.0:42835
I0826 23:44:32.349936 338252 shm_socket_server.cc:101] [aorta][/pnc/task_service/remote_control/request] bind at pipe sock name d2379|python3.10|p338171|n0|/pnc/task_service/remote_control/request|p9
I0826 23:44:32.349979 338171 node_impl.cc:198] [aorta]CreatePublisher, host:0.0.0.0, port:42835, sockname:d2379|python3.10|p338171|n0|/pnc/task_service/remote_control/request|p9, topic:/pnc/task_service/remote_control/request, uid:2dbe478a-80a5-415d-b0b2-a4149e8987da-10398465225129759782 topic_uid:-1
I0826 23:44:32.349996 338171 aorta_component.cpp:394] [cosine_internal][AortaComponent] aorta node create publisher. node: python3.10_S1, topic:/pnc/task_service/remote_control/request, type:pnc_msgs.RemoteControlRequest, qos:(history:1, depth:5, reliability:1, durability:2), uri:http://10.42.0.101:2379
I0826 23:44:32.350023 338171 aorta_publisher.cpp:119] [cosine_internal][AortaPublisher] publisher initialize. topic:/pnc/task_service/remote_control/request, uri:
I0826 23:44:32.350028 338171 publisher.cpp:27] [GDK]create publisher: /pnc/task_service/remote_control/request type: pnc_msgs.RemoteControlRequest qos: 1 1 5 2
I0826 23:44:32.350095 338171 cosine_bus_manager.cpp:400] [cosine_internal][CosineBusManager] create subscriber. topic name:/slam/odom , middleware:aorta , need async callback:0, frame_skip_rate:1
I0826 23:44:32.350103 338171 aorta_component.cpp:174] [cosine_internal][AortaComponent] callback_name:/slam/odomhttp://10.42.0.101:2379
I0826 23:44:32.350149 338253 shm_subscriber.cc:120] [aorta]subscriber connect to publisher success, topic /pnc/task_service/task_resume/response, local d2379|python3.10|p338171|n0|s8|c0, peer d2379|quark_navigation|p9584|n0|/pnc/task_service/task_resume/response|p19
I0826 23:44:32.350190 338234 centralized_discovery.cc:733] [aorta]subscriber uid:8e083007-83c3-4668-9826-574e2e372d15-11583863028842959166 topic:/pnc/task_service/remote_control/response
I0826 23:44:32.350271 338171 buffered_data_export.cpp:115] [cosine_internal]successfully create buffer [bus_buffer___slam__odom, type genie_msgs.msg.pb.OdomInfo, block num 5, valid_time 0, transfer_type 0, data_size 0, mem_type 0, lib_name , ext_data_size 0, is_protobuf 1, enable_event_sync_subscriber 0], buffer id = 11
I0826 23:44:32.350291 338171 cosine_bus_message_buffer.cpp:45] [cosine_internal][CosineBusMessageBuffer] create buffer success. name:bus_buffer___slam__odom, type:genie_msgs.msg.pb.OdomInfo, size:5
I0826 23:44:32.350364 338171 node_impl.cc:344] [aorta]CreateSubscriber topic:/slam/odom, uid:363c738e-20ee-4473-aebc-27310fe9784c-8164318257426434522 topic_uid:-1
I0826 23:44:32.350747 338171 aorta_component.cpp:326] [cosine_internal][AortaComponent] aorta node create subscriber. node: python3.10_S1, topic:/slam/odom, type:genie_msgs.msg.pb.OdomInfo, qos:(history:1, depth:5, reliability:1, durability:2), uri:http://10.42.0.101:2379
I0826 23:44:32.350757 338171 aorta_subscriber.hpp:96] [cosine_internal][AortaSubscriber] initial. topic:/slam/odom, uri:
I0826 23:44:32.350775 338171 cosine_bus_manager.cpp:400] [cosine_internal][CosineBusManager] create subscriber. topic name:/slam/state , middleware:aorta , need async callback:0, frame_skip_rate:1
I0826 23:44:32.350781 338171 aorta_component.cpp:174] [cosine_internal][AortaComponent] callback_name:/slam/statehttp://10.42.0.101:2379
I0826 23:44:32.350816 338171 buffered_data_export.cpp:115] [cosine_internal]successfully create buffer [bus_buffer___slam__state, type genie_msgs.msg.pb.CommonResponse, block num 5, valid_time 0, transfer_type 0, data_size 0, mem_type 0, lib_name , ext_data_size 0, is_protobuf 1, enable_event_sync_subscriber 0], buffer id = 12
I0826 23:44:32.350827 338171 cosine_bus_message_buffer.cpp:45] [cosine_internal][CosineBusMessageBuffer] create buffer success. name:bus_buffer___slam__state, type:genie_msgs.msg.pb.CommonResponse, size:5
I0826 23:44:32.350901 338171 node_impl.cc:344] [aorta]CreateSubscriber topic:/slam/state, uid:c9f7b492-dec0-47d2-839a-81950f7b9e28-7791362299214773660 topic_uid:-1
I0826 23:44:32.351078 338253 shm_subscriber.cc:120] [aorta]subscriber connect to publisher success, topic /pnc/task_service/remote_control/response, local d2379|python3.10|p338171|n0|s9|c0, peer d2379|quark_navigation|p9584|n0|..c/task_service/remote_control/response|p16
I0826 23:44:32.351128 338234 centralized_discovery.cc:681] [aorta]publisher uid:170b23be-fd2a-470e-b2e8-fb98b30fdc31-11863888217293896894 topic:/pnc/task_service/normal_navigation/request
I0826 23:44:32.351290 338171 aorta_component.cpp:326] [cosine_internal][AortaComponent] aorta node create subscriber. node: python3.10_S1, topic:/slam/state, type:genie_msgs.msg.pb.CommonResponse, qos:(history:1, depth:5, reliability:1, durability:2), uri:http://10.42.0.101:2379
I0826 23:44:32.351300 338171 aorta_subscriber.hpp:96] [cosine_internal][AortaSubscriber] initial. topic:/slam/state, uri:
I0826 23:44:32.351310 338171 cosine_bus_manager.cpp:400] [cosine_internal][CosineBusManager] create subscriber. topic name:/slam/mapping_response , middleware:aorta , need async callback:0, frame_skip_rate:1
I0826 23:44:32.351315 338171 aorta_component.cpp:174] [cosine_internal][AortaComponent] callback_name:/slam/mapping_responsehttp://10.42.0.101:2379
I0826 23:44:32.351346 338171 buffered_data_export.cpp:115] [cosine_internal]successfully create buffer [bus_buffer___slam__mapping_response, type genie_msgs.msg.pb.CommonResponse, block num 5, valid_time 0, transfer_type 0, data_size 0, mem_type 0, lib_name , ext_data_size 0, is_protobuf 1, enable_event_sync_subscriber 0], buffer id = 13
I0826 23:44:32.351357 338171 cosine_bus_message_buffer.cpp:45] [cosine_internal][CosineBusMessageBuffer] create buffer success. name:bus_buffer___slam__mapping_response, type:genie_msgs.msg.pb.CommonResponse, size:5
I0826 23:44:32.351558 338171 node_impl.cc:344] [aorta]CreateSubscriber topic:/slam/mapping_response, uid:8faa9f17-aebb-49e6-bc95-3214912876ea-3136143855590244141 topic_uid:-1
I0826 23:44:32.351975 338171 aorta_component.cpp:326] [cosine_internal][AortaComponent] aorta node create subscriber. node: python3.10_S1, topic:/slam/mapping_response, type:genie_msgs.msg.pb.CommonResponse, qos:(history:1, depth:5, reliability:1, durability:2), uri:http://10.42.0.101:2379
I0826 23:44:32.351989 338171 aorta_subscriber.hpp:96] [cosine_internal][AortaSubscriber] initial. topic:/slam/mapping_response, uri:
I0826 23:44:32.352002 338171 cosine_bus_manager.cpp:400] [cosine_internal][CosineBusManager] create subscriber. topic name:/slam/record_spec_loc_rsp , middleware:aorta , need async callback:0, frame_skip_rate:1
I0826 23:44:32.352008 338171 aorta_component.cpp:174] [cosine_internal][AortaComponent] callback_name:/slam/record_spec_loc_rsphttp://10.42.0.101:2379
I0826 23:44:32.352046 338171 buffered_data_export.cpp:115] [cosine_internal]successfully create buffer [bus_buffer___slam__record_spec_loc_rsp, type genie_msgs.msg.pb.CommonResponse, block num 5, valid_time 0, transfer_type 0, data_size 0, mem_type 0, lib_name , ext_data_size 0, is_protobuf 1, enable_event_sync_subscriber 0], buffer id = 14
I0826 23:44:32.352063 338171 cosine_bus_message_buffer.cpp:45] [cosine_internal][CosineBusMessageBuffer] create buffer success. name:bus_buffer___slam__record_spec_loc_rsp, type:genie_msgs.msg.pb.CommonResponse, size:5
I0826 23:44:32.352139 338171 node_impl.cc:344] [aorta]CreateSubscriber topic:/slam/record_spec_loc_rsp, uid:ec53059f-1f5a-4950-9548-49992a62b070-16786186340696970127 topic_uid:-1
I0826 23:44:32.352543 338171 aorta_component.cpp:326] [cosine_internal][AortaComponent] aorta node create subscriber. node: python3.10_S1, topic:/slam/record_spec_loc_rsp, type:genie_msgs.msg.pb.CommonResponse, qos:(history:1, depth:5, reliability:1, durability:2), uri:http://10.42.0.101:2379
I0826 23:44:32.352553 338171 aorta_subscriber.hpp:96] [cosine_internal][AortaSubscriber] initial. topic:/slam/record_spec_loc_rsp, uri:
I0826 23:44:32.352571 338171 cosine_bus_manager.cpp:294] [cosine_internal][CosineBusManager] create publisher. topic name:/slam/mapping_request , middleware:aorta
I0826 23:44:32.353005 338171 tcp_publisher.cc:179] [aorta]topic /slam/mapping_request, pub_queue_size_ 5, latch_queue_size_ 0
I0826 23:44:32.353097 338252 tcp_socket_server.cc:200] [aorta]The ip info is0.0.0.0:40391
I0826 23:44:32.353174 338252 shm_socket_server.cc:101] [aorta][/slam/mapping_request] bind at pipe sock name d2379|python3.10|p338171|n0|/slam/mapping_request|p10
