I0827 04:36:51.482753 820066 buffered_data_export.cpp:320] [cosine_internal]successfully expanded buffer [bus_buffer___hal__chassis_power_state, type genie_msgs.msg.pb.ChassisPowerState, block num 7, valid_time 0, transfer_type 0, data_size 192, mem_type 0, lib_name , ext_data_size 0, is_protobuf 1, enable_event_sync_subscriber 0] to size: 7
I0827 04:36:51.482865 820066 buffered_data_export.cpp:320] [cosine_internal]successfully expanded buffer [bus_buffer___hal__chest_power_state, type genie_msgs.msg.pb.ChestPowerState, block num 6, valid_time 0, transfer_type 0, data_size 216, mem_type 0, lib_name , ext_data_size 0, is_protobuf 1, enable_event_sync_subscriber 0] to size: 6
I0827 04:36:51.483069 819971 aorta_component.cpp:326] [cosine_internal][AortaComponent] aorta node create subscriber. node: python3.10_S1, topic:/pnc/task_service/task_cancel/response, type:pnc_msgs.TaskCancelResponse, qos:(history:1, depth:5, reliability:1, durability:2), uri:http://10.42.0.101:2379
I0827 04:36:51.483079 819971 aorta_subscriber.hpp:96] [cosine_internal][AortaSubscriber] initial. topic:/pnc/task_service/task_cancel/response, uri:
I0827 04:36:51.483091 819971 cosine_bus_manager.cpp:400] [cosine_internal][CosineBusManager] create subscriber. topic name:/pnc/task_service/task_pause/response , middleware:aorta , need async callback:0, frame_skip_rate:1
I0827 04:36:51.483098 819971 aorta_component.cpp:174] [cosine_internal][AortaComponent] callback_name:/pnc/task_service/task_pause/responsehttp://10.42.0.101:2379
I0827 04:36:51.483137 819971 buffered_data_export.cpp:115] [cosine_internal]successfully create buffer [bus_buffer___pnc__task_service__task_pause__response, type pnc_msgs.TaskPauseResponse, block num 5, valid_time 0, transfer_type 0, data_size 0, mem_type 0, lib_name , ext_data_size 0, is_protobuf 1, enable_event_sync_subscriber 0], buffer id = 39
I0827 04:36:51.483150 819971 cosine_bus_message_buffer.cpp:45] [cosine_internal][CosineBusMessageBuffer] create buffer success. name:bus_buffer___pnc__task_service__task_pause__response, type:pnc_msgs.TaskPauseResponse, size:5
I0827 04:36:51.483217 819971 node_impl.cc:344] [aorta]CreateSubscriber topic:/pnc/task_service/task_pause/response, uid:681af308-a6d5-4382-a794-54584d49b42f-4995236092065324733 topic_uid:-1
I0827 04:36:51.483218 820065 centralized_discovery.cc:681] [aorta]publisher uid:90a8d2cc-175e-4057-84b7-c6aa629ff6bf-8174779158326670585 topic:/MotionControlService/MotionPlan/request
I0827 04:36:51.483659 819971 aorta_component.cpp:326] [cosine_internal][AortaComponent] aorta node create subscriber. node: python3.10_S1, topic:/pnc/task_service/task_pause/response, type:pnc_msgs.TaskPauseResponse, qos:(history:1, depth:5, reliability:1, durability:2), uri:http://10.42.0.101:2379
I0827 04:36:51.483680 819971 aorta_subscriber.hpp:96] [cosine_internal][AortaSubscriber] initial. topic:/pnc/task_service/task_pause/response, uri:
I0827 04:36:51.483692 819971 cosine_bus_manager.cpp:400] [cosine_internal][CosineBusManager] create subscriber. topic name:/pnc/task_service/task_resume/response , middleware:aorta , need async callback:0, frame_skip_rate:1
I0827 04:36:51.483700 819971 aorta_component.cpp:174] [cosine_internal][AortaComponent] callback_name:/pnc/task_service/task_resume/responsehttp://10.42.0.101:2379
I0827 04:36:51.483742 819971 buffered_data_export.cpp:115] [cosine_internal]successfully create buffer [bus_buffer___pnc__task_service__task_resume__response, type pnc_msgs.TaskResumeResponse, block num 5, valid_time 0, transfer_type 0, data_size 0, mem_type 0, lib_name , ext_data_size 0, is_protobuf 1, enable_event_sync_subscriber 0], buffer id = 40
I0827 04:36:51.483755 819971 cosine_bus_message_buffer.cpp:45] [cosine_internal][CosineBusMessageBuffer] create buffer success. name:bus_buffer___pnc__task_service__task_resume__response, type:pnc_msgs.TaskResumeResponse, size:5
I0827 04:36:51.483824 819971 node_impl.cc:344] [aorta]CreateSubscriber topic:/pnc/task_service/task_resume/response, uid:0585df11-807c-4bf7-801d-367d044383fc-16859347558940246081 topic_uid:-1
I0827 04:36:51.484211 819971 aorta_component.cpp:326] [cosine_internal][AortaComponent] aorta node create subscriber. node: python3.10_S1, topic:/pnc/task_service/task_resume/response, type:pnc_msgs.TaskResumeResponse, qos:(history:1, depth:5, reliability:1, durability:2), uri:http://10.42.0.101:2379
I0827 04:36:51.484221 819971 aorta_subscriber.hpp:96] [cosine_internal][AortaSubscriber] initial. topic:/pnc/task_service/task_resume/response, uri:
I0827 04:36:51.484232 819971 cosine_bus_manager.cpp:400] [cosine_internal][CosineBusManager] create subscriber. topic name:/pnc/task_service/remote_control/response , middleware:aorta , need async callback:0, frame_skip_rate:1
I0827 04:36:51.484239 819971 aorta_component.cpp:174] [cosine_internal][AortaComponent] callback_name:/pnc/task_service/remote_control/responsehttp://10.42.0.101:2379
I0827 04:36:51.484273 819971 buffered_data_export.cpp:115] [cosine_internal]successfully create buffer [bus_buffer___pnc__task_service__remote_control__response, type pnc_msgs.RemoteControlResponse, block num 5, valid_time 0, transfer_type 0, data_size 0, mem_type 0, lib_name , ext_data_size 0, is_protobuf 1, enable_event_sync_subscriber 0], buffer id = 41
I0827 04:36:51.484284 819971 cosine_bus_message_buffer.cpp:45] [cosine_internal][CosineBusMessageBuffer] create buffer success. name:bus_buffer___pnc__task_service__remote_control__response, type:pnc_msgs.RemoteControlResponse, size:5
I0827 04:36:51.484346 819971 node_impl.cc:344] [aorta]CreateSubscriber topic:/pnc/task_service/remote_control/response, uid:a22db9eb-61ef-4844-a494-bb528a76ca86-11583863028842959166 topic_uid:-1
I0827 04:36:51.484508 820065 centralized_discovery.cc:681] [aorta]publisher uid:b1d74b3a-05af-4453-8e9b-c2a55fc392ad-10549331913175888813 topic:/wbc/retarget
I0827 04:36:51.484737 819971 aorta_component.cpp:326] [cosine_internal][AortaComponent] aorta node create subscriber. node: python3.10_S1, topic:/pnc/task_service/remote_control/response, type:pnc_msgs.RemoteControlResponse, qos:(history:1, depth:5, reliability:1, durability:2), uri:http://10.42.0.101:2379
I0827 04:36:51.484746 819971 aorta_subscriber.hpp:96] [cosine_internal][AortaSubscriber] initial. topic:/pnc/task_service/remote_control/response, uri:
I0827 04:36:51.484769 819971 cosine_bus_manager.cpp:294] [cosine_internal][CosineBusManager] create publisher. topic name:/pnc/task_service/normal_navigation/request , middleware:aorta
I0827 04:36:51.485205 819971 tcp_publisher.cc:179] [aorta]topic /pnc/task_service/normal_navigation/request, pub_queue_size_ 5, latch_queue_size_ 0
I0827 04:36:51.485301 821167 tcp_socket_server.cc:200] [aorta]The ip info is0.0.0.0:38137
I0827 04:36:51.485385 821167 shm_socket_server.cc:101] [aorta][/pnc/task_service/normal_navigation/request] bind at pipe sock name d2379|python3.10|p819971|n0|..task_service/normal_navigation/request|p17
I0827 04:36:51.485452 819971 node_impl.cc:198] [aorta]CreatePublisher, host:0.0.0.0, port:38137, sockname:d2379|python3.10|p819971|n0|..task_service/normal_navigation/request|p17, topic:/pnc/task_service/normal_navigation/request, uid:7646e616-7c15-412b-acf0-0e10081f5082-11863888217293896894 topic_uid:-1
I0827 04:36:51.485476 819971 aorta_component.cpp:394] [cosine_internal][AortaComponent] aorta node create publisher. node: python3.10_S1, topic:/pnc/task_service/normal_navigation/request, type:pnc_msgs.NormalNavigationRequest, qos:(history:1, depth:5, reliability:1, durability:2), uri:http://10.42.0.101:2379
I0827 04:36:51.485513 819971 aorta_publisher.cpp:119] [cosine_internal][AortaPublisher] publisher initialize. topic:/pnc/task_service/normal_navigation/request, uri:
I0827 04:36:51.485525 819971 publisher.cpp:27] [GDK]create publisher: /pnc/task_service/normal_navigation/request type: pnc_msgs.NormalNavigationRequest qos: 1 1 5 2
I0827 04:36:51.485544 819971 cosine_bus_manager.cpp:294] [cosine_internal][CosineBusManager] create publisher. topic name:/pnc/task_service/high_precision_navigation/request , middleware:aorta
I0827 04:36:51.485958 819971 tcp_publisher.cc:179] [aorta]topic /pnc/task_service/high_precision_navigation/request, pub_queue_size_ 5, latch_queue_size_ 0
I0827 04:36:51.486128 820065 centralized_discovery.cc:733] [aorta]subscriber uid:da29da0e-d976-4d2f-9ce7-8e0fc2f26b95-10407449922038425096 topic:/camera/head_back_fisheye
I0827 04:36:51.486202 821167 tcp_socket_server.cc:200] [aorta]The ip info is0.0.0.0:43941
I0827 04:36:51.486264 821167 shm_socket_server.cc:101] [aorta][/pnc/task_service/high_precision_navigation/request] bind at pipe sock name d2379|python3.10|p819971|n0|..vice/high_precision_navigation/request|p18
I0827 04:36:51.486332 819971 node_impl.cc:198] [aorta]CreatePublisher, host:0.0.0.0, port:43941, sockname:d2379|python3.10|p819971|n0|..vice/high_precision_navigation/request|p18, topic:/pnc/task_service/high_precision_navigation/request, uid:b71162fb-26ce-4b5e-b887-56b59331ffa5-13581583299462652003 topic_uid:-1
I0827 04:36:51.486354 819971 aorta_component.cpp:394] [cosine_internal][AortaComponent] aorta node create publisher. node: python3.10_S1, topic:/pnc/task_service/high_precision_navigation/request, type:pnc_msgs.HighPrecisionNavigationRequest, qos:(history:1, depth:5, reliability:1, durability:2), uri:http://10.42.0.101:2379
I0827 04:36:51.486385 819971 aorta_publisher.cpp:119] [cosine_internal][AortaPublisher] publisher initialize. topic:/pnc/task_service/high_precision_navigation/request, uri:
I0827 04:36:51.486392 819971 publisher.cpp:27] [GDK]create publisher: /pnc/task_service/high_precision_navigation/request type: pnc_msgs.HighPrecisionNavigationRequest qos: 1 1 5 2
I0827 04:36:51.486406 819971 cosine_bus_manager.cpp:294] [cosine_internal][CosineBusManager] create publisher. topic name:/pnc/task_service/relative_move/request , middleware:aorta
I0827 04:36:51.486819 819971 tcp_publisher.cc:179] [aorta]topic /pnc/task_service/relative_move/request, pub_queue_size_ 5, latch_queue_size_ 0
I0827 04:36:51.486898 821167 tcp_socket_server.cc:200] [aorta]The ip info is0.0.0.0:32965
I0827 04:36:51.486953 821167 shm_socket_server.cc:101] [aorta][/pnc/task_service/relative_move/request] bind at pipe sock name d2379|python3.10|p819971|n0|/pnc/task_service/relative_move/request|p19
I0827 04:36:51.487000 819971 node_impl.cc:198] [aorta]CreatePublisher, host:0.0.0.0, port:32965, sockname:d2379|python3.10|p819971|n0|/pnc/task_service/relative_move/request|p19, topic:/pnc/task_service/relative_move/request, uid:473c30a5-f7f0-4e20-a708-4b5753839863-1499998713038698463 topic_uid:-1
I0827 04:36:51.487018 819971 aorta_component.cpp:394] [cosine_internal][AortaComponent] aorta node create publisher. node: python3.10_S1, topic:/pnc/task_service/relative_move/request, type:pnc_msgs.RelativeMoveRequest, qos:(history:1, depth:5, reliability:1, durability:2), uri:http://10.42.0.101:2379
I0827 04:36:51.487046 819971 aorta_publisher.cpp:119] [cosine_internal][AortaPublisher] publisher initialize. topic:/pnc/task_service/relative_move/request, uri:
I0827 04:36:51.487052 819971 publisher.cpp:27] [GDK]create publisher: /pnc/task_service/relative_move/request type: pnc_msgs.RelativeMoveRequest qos: 1 1 5 2
I0827 04:36:51.487064 819971 cosine_bus_manager.cpp:294] [cosine_internal][CosineBusManager] create publisher. topic name:/pnc/task_service/task_cancel/request , middleware:aorta
I0827 04:36:51.487234 820065 centralized_discovery.cc:733] [aorta]subscriber uid:e9278e69-4f40-47d3-9b65-2f9f6ac7ff06-14591831445956696588 topic:/camera/head_left_fisheye
I0827 04:36:51.487581 819971 tcp_publisher.cc:179] [aorta]topic /pnc/task_service/task_cancel/request, pub_queue_size_ 5, latch_queue_size_ 0
I0827 04:36:51.487635 821167 tcp_socket_server.cc:200] [aorta]The ip info is0.0.0.0:34193
I0827 04:36:51.487700 821167 shm_socket_server.cc:101] [aorta][/pnc/task_service/task_cancel/request] bind at pipe sock name d2379|python3.10|p819971|n0|/pnc/task_service/task_cancel/request|p20
I0827 04:36:51.487756 819971 node_impl.cc:198] [aorta]CreatePublisher, host:0.0.0.0, port:34193, sockname:d2379|python3.10|p819971|n0|/pnc/task_service/task_cancel/request|p20, topic:/pnc/task_service/task_cancel/request, uid:c3048bf6-afa6-42f9-ba48-d99073d88ae5-10250913672907467700 topic_uid:-1
I0827 04:36:51.487773 819971 aorta_component.cpp:394] [cosine_internal][AortaComponent] aorta node create publisher. node: python3.10_S1, topic:/pnc/task_service/task_cancel/request, type:pnc_msgs.TaskCancelRequest, qos:(history:1, depth:5, reliability:1, durability:2), uri:http://10.42.0.101:2379
I0827 04:36:51.487802 819971 aorta_publisher.cpp:119] [cosine_internal][AortaPublisher] publisher initialize. topic:/pnc/task_service/task_cancel/request, uri:
I0827 04:36:51.487809 819971 publisher.cpp:27] [GDK]create publisher: /pnc/task_service/task_cancel/request type: pnc_msgs.TaskCancelRequest qos: 1 1 5 2
I0827 04:36:51.487823 819971 cosine_bus_manager.cpp:294] [cosine_internal][CosineBusManager] create publisher. topic name:/pnc/task_service/task_pause/request , middleware:aorta
I0827 04:36:51.487962 820066 buffered_data_export.cpp:320] [cosine_internal]successfully expanded buffer [bus_buffer___hal__chassis_power_state, type genie_msgs.msg.pb.ChassisPowerState, block num 8, valid_time 0, transfer_type 0, data_size 192, mem_type 0, lib_name , ext_data_size 0, is_protobuf 1, enable_event_sync_subscriber 0] to size: 8
I0827 04:36:51.488055 820066 buffered_data_export.cpp:320] [cosine_internal]successfully expanded buffer [bus_buffer___hal__chest_power_state, type genie_msgs.msg.pb.ChestPowerState, block num 7, valid_time 0, transfer_type 0, data_size 216, mem_type 0, lib_name , ext_data_size 0, is_protobuf 1, enable_event_sync_subscriber 0] to size: 7
I0827 04:36:51.488143 820065 centralized_discovery.cc:733] [aorta]subscriber uid:9762451a-1903-41af-a3d5-714e56cfc277-11724137809755197201 topic:/camera/head_right_fisheye
I0827 04:36:51.488220 819971 tcp_publisher.cc:179] [aorta]topic /pnc/task_service/task_pause/request, pub_queue_size_ 5, latch_queue_size_ 0
I0827 04:36:51.488276 821167 tcp_socket_server.cc:200] [aorta]The ip info is0.0.0.0:36155
I0827 04:36:51.488404 821167 shm_socket_server.cc:101] [aorta][/pnc/task_service/task_pause/request] bind at pipe sock name d2379|python3.10|p819971|n0|/pnc/task_service/task_pause/request|p21
I0827 04:36:51.488479 819971 node_impl.cc:198] [aorta]CreatePublisher, host:0.0.0.0, port:36155, sockname:d2379|python3.10|p819971|n0|/pnc/task_service/task_pause/request|p21, topic:/pnc/task_service/task_pause/request, uid:746dd6cf-d48d-4141-a5c6-2705b4627c9e-2366368184012060648 topic_uid:-1
I0827 04:36:51.488500 819971 aorta_component.cpp:394] [cosine_internal][AortaComponent] aorta node create publisher. node: python3.10_S1, topic:/pnc/task_service/task_pause/request, type:pnc_msgs.TaskPauseRequest, qos:(history:1, depth:5, reliability:1, durability:2), uri:http://10.42.0.101:2379
I0827 04:36:51.488533 819971 aorta_publisher.cpp:119] [cosine_internal][AortaPublisher] publisher initialize. topic:/pnc/task_service/task_pause/request, uri:
I0827 04:36:51.488540 819971 publisher.cpp:27] [GDK]create publisher: /pnc/task_service/task_pause/request type: pnc_msgs.TaskPauseRequest qos: 1 1 5 2
I0827 04:36:51.488562 819971 cosine_bus_manager.cpp:294] [cosine_internal][CosineBusManager] create publisher. topic name:/pnc/task_service/task_resume/request , middleware:aorta
I0827 04:36:51.488867 820065 centralized_discovery.cc:733] [aorta]subscriber uid:0dff051d-4943-4dc5-90e8-2a3f4be82d3f-2772564262404746643 topic:/camera/head_stereo_left
I0827 04:36:51.488967 819971 tcp_publisher.cc:179] [aorta]topic /pnc/task_service/task_resume/request, pub_queue_size_ 5, latch_queue_size_ 0
I0827 04:36:51.489053 821167 tcp_socket_server.cc:200] [aorta]The ip info is0.0.0.0:33493
I0827 04:36:51.489588 821167 shm_socket_server.cc:101] [aorta][/pnc/task_service/task_resume/request] bind at pipe sock name d2379|python3.10|p819971|n0|/pnc/task_service/task_resume/request|p22
I0827 04:36:51.489670 819971 node_impl.cc:198] [aorta]CreatePublisher, host:0.0.0.0, port:33493, sockname:d2379|python3.10|p819971|n0|/pnc/task_service/task_resume/request|p22, topic:/pnc/task_service/task_resume/request, uid:2b021318-479a-4331-b88d-4c79fbd83085-18204958959141007063 topic_uid:-1
I0827 04:36:51.489704 819971 aorta_component.cpp:394] [cosine_internal][AortaComponent] aorta node create publisher. node: python3.10_S1, topic:/pnc/task_service/task_resume/request, type:pnc_msgs.TaskResumeRequest, qos:(history:1, depth:5, reliability:1, durability:2), uri:http://10.42.0.101:2379
I0827 04:36:51.489740 819971 aorta_publisher.cpp:119] [cosine_internal][AortaPublisher] publisher initialize. topic:/pnc/task_service/task_resume/request, uri:
I0827 04:36:51.489749 819971 publisher.cpp:27] [GDK]create publisher: /pnc/task_service/task_resume/request type: pnc_msgs.TaskResumeRequest qos: 1 1 5 2
I0827 04:36:51.489789 821168 shm_subscriber.cc:120] [aorta]subscriber connect to publisher success, topic /camera/head_stereo_left, local d2379|python3.10|p819971|n0|s17|c0, peer d2379|cosine_runner|p9433|n0|/camera/head_stereo_left|p3
I0827 04:36:51.489847 820065 centralized_discovery.cc:733] [aorta]subscriber uid:b560fee1-6813-4d48-bd7c-9a522dd23402-8400981831882539399 topic:/camera/head_stereo_right
I0827 04:36:51.489866 819971 cosine_bus_manager.cpp:294] [cosine_internal][CosineBusManager] create publisher. topic name:/pnc/remote_control_cmd , middleware:aorta
I0827 04:36:51.490468 819971 tcp_publisher.cc:179] [aorta]topic /pnc/remote_control_cmd, pub_queue_size_ 5, latch_queue_size_ 0
I0827 04:36:51.490554 821167 tcp_socket_server.cc:200] [aorta]The ip info is0.0.0.0:36885
I0827 04:36:51.490626 821167 shm_socket_server.cc:101] [aorta][/pnc/remote_control_cmd] bind at pipe sock name d2379|python3.10|p819971|n0|/pnc/remote_control_cmd|p23
I0827 04:36:51.490679 821168 shm_subscriber.cc:120] [aorta]subscriber connect to publisher success, topic /camera/head_stereo_right, local d2379|python3.10|p819971|n0|s18|c0, peer d2379|cosine_runner|p9433|n0|/camera/head_stereo_right|p0
I0827 04:36:51.490733 820065 centralized_discovery.cc:733] [aorta]subscriber uid:39b2ee87-e2d2-411f-969d-c626821fc8d7-16768487626907404343 topic:/camera/hand_left_color
I0827 04:36:51.490852 819971 node_impl.cc:198] [aorta]CreatePublisher, host:0.0.0.0, port:36885, sockname:d2379|python3.10|p819971|n0|/pnc/remote_control_cmd|p23, topic:/pnc/remote_control_cmd, uid:0d61d940-3d4f-4edd-a7e9-4d28c2336512-2921114360754287628 topic_uid:-1
I0827 04:36:51.490872 819971 aorta_component.cpp:394] [cosine_internal][AortaComponent] aorta node create publisher. node: python3.10_S1, topic:/pnc/remote_control_cmd, type:geometry_msgs.msg.pb.TwistStamped, qos:(history:1, depth:5, reliability:1, durability:2), uri:http://10.42.0.101:2379
I0827 04:36:51.490913 819971 aorta_publisher.cpp:119] [cosine_internal][AortaPublisher] publisher initialize. topic:/pnc/remote_control_cmd, uri:
I0827 04:36:51.490922 819971 publisher.cpp:27] [GDK]create publisher: /pnc/remote_control_cmd type: geometry_msgs.msg.pb.TwistStamped qos: 1 1 5 2
I0827 04:36:51.490942 819971 cosine_bus_manager.cpp:294] [cosine_internal][CosineBusManager] create publisher. topic name:/pnc/task_service/remote_control/request , middleware:aorta
I0827 04:36:51.491550 821168 shm_subscriber.cc:120] [aorta]subscriber connect to publisher success, topic /camera/hand_left_color, local d2379|python3.10|p819971|n0|s19|c0, peer d2379|cosine_runner|p9433|n0|/camera/hand_left_color|p4
I0827 04:36:51.491672 819971 tcp_publisher.cc:179] [aorta]topic /pnc/task_service/remote_control/request, pub_queue_size_ 5, latch_queue_size_ 0
I0827 04:36:51.491674 820065 centralized_discovery.cc:733] [aorta]subscriber uid:e7e326fc-ee29-4a4e-b97b-ac0ce5c50a8f-8629761233962563373 topic:/camera/hand_right_color
I0827 04:36:51.491730 821167 tcp_socket_server.cc:200] [aorta]The ip info is0.0.0.0:43079
I0827 04:36:51.491789 821167 shm_socket_server.cc:101] [aorta][/pnc/task_service/remote_control/request] bind at pipe sock name d2379|python3.10|p819971|n0|/pnc/task_service/remote_control/request|p24
I0827 04:36:51.491839 819971 node_impl.cc:198] [aorta]CreatePublisher, host:0.0.0.0, port:43079, sockname:d2379|python3.10|p819971|n0|/pnc/task_service/remote_control/request|p24, topic:/pnc/task_service/remote_control/request, uid:7ff0ce59-947e-45e7-b99b-9989251932f8-10398465225129759782 topic_uid:-1
I0827 04:36:51.491863 819971 aorta_component.cpp:394] [cosine_internal][AortaComponent] aorta node create publisher. node: python3.10_S1, topic:/pnc/task_service/remote_control/request, type:pnc_msgs.RemoteControlRequest, qos:(history:1, depth:5, reliability:1, durability:2), uri:http://10.42.0.101:2379
I0827 04:36:51.491892 819971 aorta_publisher.cpp:119] [cosine_internal][AortaPublisher] publisher initialize. topic:/pnc/task_service/remote_control/request, uri:
I0827 04:36:51.491899 819971 publisher.cpp:27] [GDK]create publisher: /pnc/task_service/remote_control/request type: pnc_msgs.RemoteControlRequest qos: 1 1 5 2
I0827 04:36:51.492506 821168 shm_subscriber.cc:120] [aorta]subscriber connect to publisher success, topic /camera/hand_right_color, local d2379|python3.10|p819971|n0|s20|c0, peer d2379|cosine_runner|p9433|n0|/camera/hand_right_color|p5
I0827 04:36:51.492650 820065 centralized_discovery.cc:733] [aorta]subscriber uid:e4302489-cce7-4356-bad4-e743d02fd452-2515219504367417955 topic:/camera/head_color
I0827 04:36:51.492914 820066 buffered_data_export.cpp:320] [cosine_internal]successfully expanded buffer [bus_buffer___hal__chassis_power_state, type genie_msgs.msg.pb.ChassisPowerState, block num 9, valid_time 0, transfer_type 0, data_size 192, mem_type 0, lib_name , ext_data_size 0, is_protobuf 1, enable_event_sync_subscriber 0] to size: 9
I0827 04:36:51.492976 820066 buffered_data_export.cpp:320] [cosine_internal]successfully expanded buffer [bus_buffer___hal__chest_power_state, type genie_msgs.msg.pb.ChestPowerState, block num 8, valid_time 0, transfer_type 0, data_size 216, mem_type 0, lib_name , ext_data_size 0, is_protobuf 1, enable_event_sync_subscriber 0] to size: 8
I0827 04:36:51.494187 821168 shm_subscriber.cc:120] [aorta]subscriber connect to publisher success, topic /camera/head_color, local d2379|python3.10|p819971|n0|s21|c0, peer d2379|cosine_runner|p9433|n0|/camera/head_color|p2
I0827 04:36:51.494251 820065 centralized_discovery.cc:733] [aorta]subscriber uid:ecb8c467-4bae-40df-b40e-6c4b05ed4238-14849645885661810178 topic:/camera/head_depth
I0827 04:36:51.495054 821168 shm_subscriber.cc:120] [aorta]subscriber connect to publisher success, topic /camera/head_depth, local d2379|python3.10|p819971|n0|s22|c0, peer d2379|cosine_runner|p9433|n0|/camera/head_depth|p1
I0827 04:36:51.495107 820065 centralized_discovery.cc:733] [aorta]subscriber uid:32a914c5-0f62-4f90-9b9f-5ed0cc5eb56d-13237741933269507762 topic:/camera/hand_left_depth
I0827 04:36:51.496764 820065 centralized_discovery.cc:733] [aorta]subscriber uid:aa9b0388-051b-4034-a46f-716a5d17c8be-17867573658284279546 topic:/camera/hand_right_depth
I0827 04:36:51.497877 820066 buffered_data_export.cpp:320] [cosine_internal]successfully expanded buffer [bus_buffer___hal__chassis_power_state, type genie_msgs.msg.pb.ChassisPowerState, block num 10, valid_time 0, transfer_type 0, data_size 192, mem_type 0, lib_name , ext_data_size 0, is_protobuf 1, enable_event_sync_subscriber 0] to size: 10
I0827 04:36:51.497963 820066 buffered_data_export.cpp:320] [cosine_internal]successfully expanded buffer [bus_buffer___hal__chest_power_state, type genie_msgs.msg.pb.ChestPowerState, block num 9, valid_time 0, transfer_type 0, data_size 216, mem_type 0, lib_name , ext_data_size 0, is_protobuf 1, enable_event_sync_subscriber 0] to size: 9
I0827 04:36:51.498407 820065 centralized_discovery.cc:733] [aorta]subscriber uid:489209fd-7c77-44dd-a193-d931017b2a97-10419009240684809358 topic:/camera/hand_left_upper_color
I0827 04:36:51.500128 820065 centralized_discovery.cc:733] [aorta]subscriber uid:83c20ead-8aa9-441f-91f8-6ab89496c68d-14436869942545931775 topic:/camera/hand_right_upper_color
I0827 04:36:51.500958 820066 buffered_data_export.cpp:320] [cosine_internal]successfully expanded buffer [bus_buffer___hal__joint_state, type genie_msgs.msg.pb.JointState, block num 6, valid_time 0, transfer_type 0, data_size 184, mem_type 0, lib_name , ext_data_size 0, is_protobuf 1, enable_event_sync_subscriber 0] to size: 6
I0827 04:36:51.501060 820066 buffered_data_export.cpp:320] [cosine_internal]successfully expanded buffer [bus_buffer___hal__left_ee_data, type genie_msgs.msg.pb.EndState, block num 6, valid_time 0, transfer_type 0, data_size 88, mem_type 0, lib_name , ext_data_size 0, is_protobuf 1, enable_event_sync_subscriber 0] to size: 6
I0827 04:36:51.502166 820065 centralized_discovery.cc:733] [aorta]subscriber uid:3d94502c-672a-479c-b967-89abdeb69550-4503626684902531612 topic:/camera/hand_left_lower_color
I0827 04:36:51.503010 820066 buffered_data_export.cpp:320] [cosine_internal]successfully expanded buffer [bus_buffer___hal__chassis_power_state, type genie_msgs.msg.pb.ChassisPowerState, block num 11, valid_time 0, transfer_type 0, data_size 192, mem_type 0, lib_name , ext_data_size 0, is_protobuf 1, enable_event_sync_subscriber 0] to size: 11
I0827 04:36:51.503154 820066 buffered_data_export.cpp:320] [cosine_internal]successfully expanded buffer [bus_buffer___hal__chest_power_state, type genie_msgs.msg.pb.ChestPowerState, block num 10, valid_time 0, transfer_type 0, data_size 216, mem_type 0, lib_name , ext_data_size 0, is_protobuf 1, enable_event_sync_subscriber 0] to size: 10
I0827 04:36:51.503376 820065 centralized_discovery.cc:733] [aorta]subscriber uid:78f62ccf-2d40-4b85-8eb3-81d6246fc2c1-8186110446424813557 topic:/camera/hand_right_lower_color
I0827 04:36:51.504475 820065 centralized_discovery.cc:733] [aorta]subscriber uid:46a098f3-d692-4584-abb1-d3fea5d2bb61-12072037676595526463 topic:/camera/hand_left_upper_depth
I0827 04:36:51.505466 820065 centralized_discovery.cc:733] [aorta]subscriber uid:67d0f34f-af81-4900-9a25-cdb31786ce10-15534589775061933553 topic:/camera/hand_right_upper_depth
I0827 04:36:51.506650 820065 centralized_discovery.cc:733] [aorta]subscriber uid:ab00a25a-98b3-46e8-951d-b6f95bba830a-14499789538593900557 topic:/camera/hand_left_lower_depth
I0827 04:36:51.507828 820066 buffered_data_export.cpp:320] [cosine_internal]successfully expanded buffer [bus_buffer___hal__chassis_power_state, type genie_msgs.msg.pb.ChassisPowerState, block num 12, valid_time 0, transfer_type 0, data_size 192, mem_type 0, lib_name , ext_data_size 0, is_protobuf 1, enable_event_sync_subscriber 0] to size: 12
I0827 04:36:51.507932 820066 buffered_data_export.cpp:320] [cosine_internal]successfully expanded buffer [bus_buffer___hal__chest_power_state, type genie_msgs.msg.pb.ChestPowerState, block num 11, valid_time 0, transfer_type 0, data_size 216, mem_type 0, lib_name , ext_data_size 0, is_protobuf 1, enable_event_sync_subscriber 0] to size: 11
I0827 04:36:51.508199 820065 centralized_discovery.cc:733] [aorta]subscriber uid:4d5d8a08-0bf4-4eec-aa88-12124851fc33-9839082178762803487 topic:/camera/hand_right_lower_depth
I0827 04:36:51.509701 820066 buffered_data_export.cpp:320] [cosine_internal]successfully expanded buffer [bus_buffer___wbc__motion_control_status, type genie_msgs.msg.pb.MotionControlStatus, block num 6, valid_time 0, transfer_type 0, data_size 192, mem_type 0, lib_name , ext_data_size 0, is_protobuf 1, enable_event_sync_subscriber 0] to size: 6
I0827 04:36:51.510293 820065 centralized_discovery.cc:733] [aorta]subscriber uid:b262d92e-eabb-4e9c-b5c6-2f35f92dd736-9096530589114119892 topic:/pnc/task_state
I0827 04:36:51.510939 820066 buffered_data_export.cpp:320] [cosine_internal]successfully expanded buffer [bus_buffer___hal__joint_state, type genie_msgs.msg.pb.JointState, block num 7, valid_time 0, transfer_type 0, data_size 184, mem_type 0, lib_name , ext_data_size 0, is_protobuf 1, enable_event_sync_subscriber 0] to size: 7
I0827 04:36:51.511097 820066 buffered_data_export.cpp:320] [cosine_internal]successfully expanded buffer [bus_buffer___hal__left_ee_data, type genie_msgs.msg.pb.EndState, block num 7, valid_time 0, transfer_type 0, data_size 88, mem_type 0, lib_name , ext_data_size 0, is_protobuf 1, enable_event_sync_subscriber 0] to size: 7
I0827 04:36:51.511152 820066 buffered_data_export.cpp:320] [cosine_internal]successfully expanded buffer [bus_buffer___hal__right_ee_data, type genie_msgs.msg.pb.EndState, block num 6, valid_time 0, transfer_type 0, data_size 88, mem_type 0, lib_name , ext_data_size 0, is_protobuf 1, enable_event_sync_subscriber 0] to size: 6
I0827 04:36:51.511315 821168 shm_subscriber.cc:120] [aorta]subscriber connect to publisher success, topic /pnc/task_state, local d2379|python3.10|p819971|n0|s33|c0, peer d2379|quark_navigation|p9625|n0|/pnc/task_state|p24
I0827 04:36:51.511413 820065 centralized_discovery.cc:733] [aorta]subscriber uid:d851bad4-e3dc-41c1-bf44-99d253ce27bc-7227396448010854466 topic:/pnc/task_service/normal_navigation/response
I0827 04:36:51.512753 821168 shm_subscriber.cc:120] [aorta]subscriber connect to publisher success, topic /pnc/task_service/normal_navigation/response, local d2379|python3.10|p819971|n0|s34|c0, peer d2379|quark_navigation|p9625|n0|..ask_service/normal_navigation/response|p11
I0827 04:36:51.512802 820065 centralized_discovery.cc:733] [aorta]subscriber uid:ee854392-2f2a-4a84-82d5-9d4e33d9959c-4701876173029784314 topic:/pnc/task_service/high_precision_navigation/response
I0827 04:36:51.512944 820066 buffered_data_export.cpp:320] [cosine_internal]successfully expanded buffer [bus_buffer___hal__chassis_power_state, type genie_msgs.msg.pb.ChassisPowerState, block num 13, valid_time 0, transfer_type 0, data_size 192, mem_type 0, lib_name , ext_data_size 0, is_protobuf 1, enable_event_sync_subscriber 0] to size: 13
I0827 04:36:51.513072 820066 buffered_data_export.cpp:320] [cosine_internal]successfully expanded buffer [bus_buffer___hal__chest_power_state, type genie_msgs.msg.pb.ChestPowerState, block num 12, valid_time 0, transfer_type 0, data_size 216, mem_type 0, lib_name , ext_data_size 0, is_protobuf 1, enable_event_sync_subscriber 0] to size: 12
I0827 04:36:51.513880 821168 shm_subscriber.cc:120] [aorta]subscriber connect to publisher success, topic /pnc/task_service/high_precision_navigation/response, local d2379|python3.10|p819971|n0|s35|c0, peer d2379|quark_navigation|p9625|n0|..ice/high_precision_navigation/response|p12
I0827 04:36:51.513963 820065 centralized_discovery.cc:733] [aorta]subscriber uid:68bb745c-aee3-422d-8546-76b0fc39cdc0-4077207897147431090 topic:/pnc/task_service/relative_move/response
I0827 04:36:51.514830 821168 shm_subscriber.cc:120] [aorta]subscriber connect to publisher success, topic /pnc/task_service/relative_move/response, local d2379|python3.10|p819971|n0|s36|c0, peer d2379|quark_navigation|p9625|n0|/pnc/task_service/relative_move/response|p15
I0827 04:36:51.514886 820065 centralized_discovery.cc:733] [aorta]subscriber uid:7b85923c-ca19-4a4a-a541-f1cc41423230-3654631836754090917 topic:/pnc/task_service/task_cancel/response
I0827 04:36:51.516769 821168 shm_subscriber.cc:120] [aorta]subscriber connect to publisher success, topic /pnc/task_service/task_cancel/response, local d2379|python3.10|p819971|n0|s37|c0, peer d2379|quark_navigation|p9625|n0|/pnc/task_service/task_cancel/response|p17
I0827 04:36:51.516867 820065 centralized_discovery.cc:733] [aorta]subscriber uid:681af308-a6d5-4382-a794-54584d49b42f-4995236092065324733 topic:/pnc/task_service/task_pause/response
I0827 04:36:51.518167 820066 buffered_data_export.cpp:320] [cosine_internal]successfully expanded buffer [bus_buffer___hal__chassis_power_state, type genie_msgs.msg.pb.ChassisPowerState, block num 14, valid_time 0, transfer_type 0, data_size 192, mem_type 0, lib_name , ext_data_size 0, is_protobuf 1, enable_event_sync_subscriber 0] to size: 14
I0827 04:36:51.518265 820066 buffered_data_export.cpp:320] [cosine_internal]successfully expanded buffer [bus_buffer___hal__chest_power_state, type genie_msgs.msg.pb.ChestPowerState, block num 13, valid_time 0, transfer_type 0, data_size 216, mem_type 0, lib_name , ext_data_size 0, is_protobuf 1, enable_event_sync_subscriber 0] to size: 13
I0827 04:36:51.519686 820066 buffered_data_export.cpp:320] [cosine_internal]successfully expanded buffer [bus_buffer___wbc__motion_control_status, type genie_msgs.msg.pb.MotionControlStatus, block num 7, valid_time 0, transfer_type 0, data_size 192, mem_type 0, lib_name , ext_data_size 0, is_protobuf 1, enable_event_sync_subscriber 0] to size: 7
I0827 04:36:51.520980 820066 buffered_data_export.cpp:320] [cosine_internal]successfully expanded buffer [bus_buffer___hal__joint_state, type genie_msgs.msg.pb.JointState, block num 8, valid_time 0, transfer_type 0, data_size 184, mem_type 0, lib_name , ext_data_size 0, is_protobuf 1, enable_event_sync_subscriber 0] to size: 8
I0827 04:36:51.521063 821168 shm_subscriber.cc:120] [aorta]subscriber connect to publisher success, topic /pnc/task_service/task_pause/response, local d2379|python3.10|p819971|n0|s38|c0, peer d2379|quark_navigation|p9625|n0|/pnc/task_service/task_pause/response|p18
I0827 04:36:51.521067 820066 buffered_data_export.cpp:320] [cosine_internal]successfully expanded buffer [bus_buffer___hal__left_ee_data, type genie_msgs.msg.pb.EndState, block num 8, valid_time 0, transfer_type 0, data_size 88, mem_type 0, lib_name , ext_data_size 0, is_protobuf 1, enable_event_sync_subscriber 0] to size: 8
I0827 04:36:51.521104 820066 buffered_data_export.cpp:320] [cosine_internal]successfully expanded buffer [bus_buffer___hal__right_ee_data, type genie_msgs.msg.pb.EndState, block num 7, valid_time 0, transfer_type 0, data_size 88, mem_type 0, lib_name , ext_data_size 0, is_protobuf 1, enable_event_sync_subscriber 0] to size: 7
I0827 04:36:51.521140 820065 centralized_discovery.cc:733] [aorta]subscriber uid:0585df11-807c-4bf7-801d-367d044383fc-16859347558940246081 topic:/pnc/task_service/task_resume/response
I0827 04:36:51.522090 821168 shm_subscriber.cc:120] [aorta]subscriber connect to publisher success, topic /pnc/task_service/task_resume/response, local d2379|python3.10|p819971|n0|s39|c0, peer d2379|quark_navigation|p9625|n0|/pnc/task_service/task_resume/response|p19
I0827 04:36:51.522156 820065 centralized_discovery.cc:733] [aorta]subscriber uid:a22db9eb-61ef-4844-a494-bb528a76ca86-11583863028842959166 topic:/pnc/task_service/remote_control/response
I0827 04:36:51.522914 820066 buffered_data_export.cpp:320] [cosine_internal]successfully expanded buffer [bus_buffer___hal__chassis_power_state, type genie_msgs.msg.pb.ChassisPowerState, block num 15, valid_time 0, transfer_type 0, data_size 192, mem_type 0, lib_name , ext_data_size 0, is_protobuf 1, enable_event_sync_subscriber 0] to size: 15
I0827 04:36:51.522984 820066 buffered_data_export.cpp:320] [cosine_internal]successfully expanded buffer [bus_buffer___hal__chest_power_state, type genie_msgs.msg.pb.ChestPowerState, block num 14, valid_time 0, transfer_type 0, data_size 216, mem_type 0, lib_name , ext_data_size 0, is_protobuf 1, enable_event_sync_subscriber 0] to size: 14
I0827 04:36:51.523538 821168 shm_subscriber.cc:120] [aorta]subscriber connect to publisher success, topic /pnc/task_service/remote_control/response, local d2379|python3.10|p819971|n0|s40|c0, peer d2379|quark_navigation|p9625|n0|..c/task_service/remote_control/response|p16
I0827 04:36:51.523612 820065 centralized_discovery.cc:681] [aorta]publisher uid:7646e616-7c15-412b-acf0-0e10081f5082-11863888217293896894 topic:/pnc/task_service/normal_navigation/request
I0827 04:36:51.525393 820065 centralized_discovery.cc:681] [aorta]publisher uid:b71162fb-26ce-4b5e-b887-56b59331ffa5-13581583299462652003 topic:/pnc/task_service/high_precision_navigation/request
I0827 04:36:51.526319 820065 centralized_discovery.cc:681] [aorta]publisher uid:473c30a5-f7f0-4e20-a708-4b5753839863-1499998713038698463 topic:/pnc/task_service/relative_move/request
I0827 04:36:51.527774 820066 buffered_data_export.cpp:320] [cosine_internal]successfully expanded buffer [bus_buffer___hal__chassis_power_state, type genie_msgs.msg.pb.ChassisPowerState, block num 16, valid_time 0, transfer_type 0, data_size 192, mem_type 0, lib_name , ext_data_size 0, is_protobuf 1, enable_event_sync_subscriber 0] to size: 16
I0827 04:36:51.527858 820066 buffered_data_export.cpp:320] [cosine_internal]successfully expanded buffer [bus_buffer___hal__chest_power_state, type genie_msgs.msg.pb.ChestPowerState, block num 15, valid_time 0, transfer_type 0, data_size 216, mem_type 0, lib_name , ext_data_size 0, is_protobuf 1, enable_event_sync_subscriber 0] to size: 15
I0827 04:36:51.527930 820065 centralized_discovery.cc:681] [aorta]publisher uid:c3048bf6-afa6-42f9-ba48-d99073d88ae5-10250913672907467700 topic:/pnc/task_service/task_cancel/request
I0827 04:36:51.529455 820065 centralized_discovery.cc:681] [aorta]publisher uid:746dd6cf-d48d-4141-a5c6-2705b4627c9e-2366368184012060648 topic:/pnc/task_service/task_pause/request
I0827 04:36:51.529651 820066 buffered_data_export.cpp:320] [cosine_internal]successfully expanded buffer [bus_buffer___wbc__motion_control_status, type genie_msgs.msg.pb.MotionControlStatus, block num 8, valid_time 0, transfer_type 0, data_size 192, mem_type 0, lib_name , ext_data_size 0, is_protobuf 1, enable_event_sync_subscriber 0] to size: 8
I0827 04:36:51.531010 820066 buffered_data_export.cpp:320] [cosine_internal]successfully expanded buffer [bus_buffer___hal__joint_state, type genie_msgs.msg.pb.JointState, block num 9, valid_time 0, transfer_type 0, data_size 184, mem_type 0, lib_name , ext_data_size 0, is_protobuf 1, enable_event_sync_subscriber 0] to size: 9
I0827 04:36:51.531102 820066 buffered_data_export.cpp:320] [cosine_internal]successfully expanded buffer [bus_buffer___hal__left_ee_data, type genie_msgs.msg.pb.EndState, block num 9, valid_time 0, transfer_type 0, data_size 88, mem_type 0, lib_name , ext_data_size 0, is_protobuf 1, enable_event_sync_subscriber 0] to size: 9
I0827 04:36:51.531137 820066 buffered_data_export.cpp:320] [cosine_internal]successfully expanded buffer [bus_buffer___hal__right_ee_data, type genie_msgs.msg.pb.EndState, block num 8, valid_time 0, transfer_type 0, data_size 88, mem_type 0, lib_name , ext_data_size 0, is_protobuf 1, enable_event_sync_subscriber 0] to size: 8
I0827 04:36:51.531701 820065 centralized_discovery.cc:681] [aorta]publisher uid:2b021318-479a-4331-b88d-4c79fbd83085-18204958959141007063 topic:/pnc/task_service/task_resume/request
I0827 04:36:51.532887 820066 buffered_data_export.cpp:320] [cosine_internal]successfully expanded buffer [bus_buffer___hal__chassis_power_state, type genie_msgs.msg.pb.ChassisPowerState, block num 17, valid_time 0, transfer_type 0, data_size 192, mem_type 0, lib_name , ext_data_size 0, is_protobuf 1, enable_event_sync_subscriber 0] to size: 17
I0827 04:36:51.532960 820066 buffered_data_export.cpp:320] [cosine_internal]successfully expanded buffer [bus_buffer___hal__chest_power_state, type genie_msgs.msg.pb.ChestPowerState, block num 16, valid_time 0, transfer_type 0, data_size 216, mem_type 0, lib_name , ext_data_size 0, is_protobuf 1, enable_event_sync_subscriber 0] to size: 16
I0827 04:36:51.533033 820065 centralized_discovery.cc:681] [aorta]publisher uid:0d61d940-3d4f-4edd-a7e9-4d28c2336512-2921114360754287628 topic:/pnc/remote_control_cmd
I0827 04:36:51.534722 820065 centralized_discovery.cc:681] [aorta]publisher uid:7ff0ce59-947e-45e7-b99b-9989251932f8-10398465225129759782 topic:/pnc/task_service/remote_control/request
I0827 04:36:51.537839 820066 buffered_data_export.cpp:320] [cosine_internal]successfully expanded buffer [bus_buffer___hal__chassis_power_state, type genie_msgs.msg.pb.ChassisPowerState, block num 18, valid_time 0, transfer_type 0, data_size 192, mem_type 0, lib_name , ext_data_size 0, is_protobuf 1, enable_event_sync_subscriber 0] to size: 18
I0827 04:36:51.537941 820066 buffered_data_export.cpp:320] [cosine_internal]successfully expanded buffer [bus_buffer___hal__chest_power_state, type genie_msgs.msg.pb.ChestPowerState, block num 17, valid_time 0, transfer_type 0, data_size 216, mem_type 0, lib_name , ext_data_size 0, is_protobuf 1, enable_event_sync_subscriber 0] to size: 17
I0827 04:36:51.539700 820066 buffered_data_export.cpp:320] [cosine_internal]successfully expanded buffer [bus_buffer___wbc__motion_control_status, type genie_msgs.msg.pb.MotionControlStatus, block num 9, valid_time 0, transfer_type 0, data_size 192, mem_type 0, lib_name , ext_data_size 0, is_protobuf 1, enable_event_sync_subscriber 0] to size: 9
I0827 04:36:51.540846 820066 buffered_data_export.cpp:320] [cosine_internal]successfully expanded buffer [bus_buffer___hal__joint_state, type genie_msgs.msg.pb.JointState, block num 10, valid_time 0, transfer_type 0, data_size 184, mem_type 0, lib_name , ext_data_size 0, is_protobuf 1, enable_event_sync_subscriber 0] to size: 10
I0827 04:36:51.540935 820066 buffered_data_export.cpp:320] [cosine_internal]successfully expanded buffer [bus_buffer___hal__left_ee_data, type genie_msgs.msg.pb.EndState, block num 10, valid_time 0, transfer_type 0, data_size 88, mem_type 0, lib_name , ext_data_size 0, is_protobuf 1, enable_event_sync_subscriber 0] to size: 10
I0827 04:36:51.540982 820066 buffered_data_export.cpp:320] [cosine_internal]successfully expanded buffer [bus_buffer___hal__right_ee_data, type genie_msgs.msg.pb.EndState, block num 9, valid_time 0, transfer_type 0, data_size 88, mem_type 0, lib_name , ext_data_size 0, is_protobuf 1, enable_event_sync_subscriber 0] to size: 9
I0827 04:36:51.542734 820066 buffered_data_export.cpp:320] [cosine_internal]successfully expanded buffer [bus_buffer___hal__chassis_power_state, type genie_msgs.msg.pb.ChassisPowerState, block num 19, valid_time 0, transfer_type 0, data_size 192, mem_type 0, lib_name , ext_data_size 0, is_protobuf 1, enable_event_sync_subscriber 0] to size: 19
I0827 04:36:51.542798 820066 buffered_data_export.cpp:320] [cosine_internal]successfully expanded buffer [bus_buffer___hal__chest_power_state, type genie_msgs.msg.pb.ChestPowerState, block num 18, valid_time 0, transfer_type 0, data_size 216, mem_type 0, lib_name , ext_data_size 0, is_protobuf 1, enable_event_sync_subscriber 0] to size: 18
I0827 04:36:51.547731 820066 buffered_data_export.cpp:320] [cosine_internal]successfully expanded buffer [bus_buffer___hal__chassis_power_state, type genie_msgs.msg.pb.ChassisPowerState, block num 20, valid_time 0, transfer_type 0, data_size 192, mem_type 0, lib_name , ext_data_size 0, is_protobuf 1, enable_event_sync_subscriber 0] to size: 20
I0827 04:36:51.547803 820066 buffered_data_export.cpp:320] [cosine_internal]successfully expanded buffer [bus_buffer___hal__chest_power_state, type genie_msgs.msg.pb.ChestPowerState, block num 19, valid_time 0, transfer_type 0, data_size 216, mem_type 0, lib_name , ext_data_size 0, is_protobuf 1, enable_event_sync_subscriber 0] to size: 19
I0827 04:36:51.549636 820066 buffered_data_export.cpp:320] [cosine_internal]successfully expanded buffer [bus_buffer___wbc__motion_control_status, type genie_msgs.msg.pb.MotionControlStatus, block num 10, valid_time 0, transfer_type 0, data_size 192, mem_type 0, lib_name , ext_data_size 0, is_protobuf 1, enable_event_sync_subscriber 0] to size: 10
I0827 04:36:51.550858 820066 buffered_data_export.cpp:320] [cosine_internal]successfully expanded buffer [bus_buffer___hal__joint_state, type genie_msgs.msg.pb.JointState, block num 11, valid_time 0, transfer_type 0, data_size 184, mem_type 0, lib_name , ext_data_size 0, is_protobuf 1, enable_event_sync_subscriber 0] to size: 11
I0827 04:36:51.550941 820066 buffered_data_export.cpp:320] [cosine_internal]successfully expanded buffer [bus_buffer___hal__left_ee_data, type genie_msgs.msg.pb.EndState, block num 11, valid_time 0, transfer_type 0, data_size 88, mem_type 0, lib_name , ext_data_size 0, is_protobuf 1, enable_event_sync_subscriber 0] to size: 11
I0827 04:36:51.550992 820066 buffered_data_export.cpp:320] [cosine_internal]successfully expanded buffer [bus_buffer___hal__right_ee_data, type genie_msgs.msg.pb.EndState, block num 10, valid_time 0, transfer_type 0, data_size 88, mem_type 0, lib_name , ext_data_size 0, is_protobuf 1, enable_event_sync_subscriber 0] to size: 10
I0827 04:36:51.552727 820066 buffered_data_export.cpp:320] [cosine_internal]successfully expanded buffer [bus_buffer___hal__chassis_power_state, type genie_msgs.msg.pb.ChassisPowerState, block num 21, valid_time 0, transfer_type 0, data_size 192, mem_type 0, lib_name , ext_data_size 0, is_protobuf 1, enable_event_sync_subscriber 0] to size: 21
I0827 04:36:51.552812 820066 buffered_data_export.cpp:320] [cosine_internal]successfully expanded buffer [bus_buffer___hal__chest_power_state, type genie_msgs.msg.pb.ChestPowerState, block num 20, valid_time 0, transfer_type 0, data_size 216, mem_type 0, lib_name , ext_data_size 0, is_protobuf 1, enable_event_sync_subscriber 0] to size: 20
I0827 04:36:51.557806 820066 buffered_data_export.cpp:320] [cosine_internal]successfully expanded buffer [bus_buffer___hal__chassis_power_state, type genie_msgs.msg.pb.ChassisPowerState, block num 22, valid_time 0, transfer_type 0, data_size 192, mem_type 0, lib_name , ext_data_size 0, is_protobuf 1, enable_event_sync_subscriber 0] to size: 22
I0827 04:36:51.557862 820066 buffered_data_export.cpp:320] [cosine_internal]successfully expanded buffer [bus_buffer___hal__chest_power_state, type genie_msgs.msg.pb.ChestPowerState, block num 21, valid_time 0, transfer_type 0, data_size 216, mem_type 0, lib_name , ext_data_size 0, is_protobuf 1, enable_event_sync_subscriber 0] to size: 21
I0827 04:36:51.559526 820066 buffered_data_export.cpp:320] [cosine_internal]successfully expanded buffer [bus_buffer___wbc__motion_control_status, type genie_msgs.msg.pb.MotionControlStatus, block num 11, valid_time 0, transfer_type 0, data_size 192, mem_type 0, lib_name , ext_data_size 0, is_protobuf 1, enable_event_sync_subscriber 0] to size: 11
I0827 04:36:51.560920 820066 buffered_data_export.cpp:320] [cosine_internal]successfully expanded buffer [bus_buffer___hal__joint_state, type genie_msgs.msg.pb.JointState, block num 12, valid_time 0, transfer_type 0, data_size 184, mem_type 0, lib_name , ext_data_size 0, is_protobuf 1, enable_event_sync_subscriber 0] to size: 12
I0827 04:36:51.560995 820066 buffered_data_export.cpp:320] [cosine_internal]successfully expanded buffer [bus_buffer___hal__left_ee_data, type genie_msgs.msg.pb.EndState, block num 12, valid_time 0, transfer_type 0, data_size 88, mem_type 0, lib_name , ext_data_size 0, is_protobuf 1, enable_event_sync_subscriber 0] to size: 12
I0827 04:36:51.561033 820066 buffered_data_export.cpp:320] [cosine_internal]successfully expanded buffer [bus_buffer___hal__right_ee_data, type genie_msgs.msg.pb.EndState, block num 11, valid_time 0, transfer_type 0, data_size 88, mem_type 0, lib_name , ext_data_size 0, is_protobuf 1, enable_event_sync_subscriber 0] to size: 11
I0827 04:36:51.562984 820066 buffered_data_export.cpp:320] [cosine_internal]successfully expanded buffer [bus_buffer___hal__chassis_power_state, type genie_msgs.msg.pb.ChassisPowerState, block num 23, valid_time 0, transfer_type 0, data_size 192, mem_type 0, lib_name , ext_data_size 0, is_protobuf 1, enable_event_sync_subscriber 0] to size: 23
I0827 04:36:51.563033 820066 buffered_data_export.cpp:320] [cosine_internal]successfully expanded buffer [bus_buffer___hal__chest_power_state, type genie_msgs.msg.pb.ChestPowerState, block num 22, valid_time 0, transfer_type 0, data_size 216, mem_type 0, lib_name , ext_data_size 0, is_protobuf 1, enable_event_sync_subscriber 0] to size: 22
I0827 04:36:51.567884 820066 buffered_data_export.cpp:320] [cosine_internal]successfully expanded buffer [bus_buffer___hal__chassis_power_state, type genie_msgs.msg.pb.ChassisPowerState, block num 24, valid_time 0, transfer_type 0, data_size 192, mem_type 0, lib_name , ext_data_size 0, is_protobuf 1, enable_event_sync_subscriber 0] to size: 24
I0827 04:36:51.567957 820066 buffered_data_export.cpp:320] [cosine_internal]successfully expanded buffer [bus_buffer___hal__chest_power_state, type genie_msgs.msg.pb.ChestPowerState, block num 23, valid_time 0, transfer_type 0, data_size 216, mem_type 0, lib_name , ext_data_size 0, is_protobuf 1, enable_event_sync_subscriber 0] to size: 23
I0827 04:36:51.568051 820066 pnc_impl.cpp:36] [GDK]Received pnc task state
I0827 04:36:51.569591 820066 buffered_data_export.cpp:320] [cosine_internal]successfully expanded buffer [bus_buffer___wbc__motion_control_status, type genie_msgs.msg.pb.MotionControlStatus, block num 12, valid_time 0, transfer_type 0, data_size 192, mem_type 0, lib_name , ext_data_size 0, is_protobuf 1, enable_event_sync_subscriber 0] to size: 12
I0827 04:36:51.570868 820066 buffered_data_export.cpp:320] [cosine_internal]successfully expanded buffer [bus_buffer___hal__joint_state, type genie_msgs.msg.pb.JointState, block num 13, valid_time 0, transfer_type 0, data_size 184, mem_type 0, lib_name , ext_data_size 0, is_protobuf 1, enable_event_sync_subscriber 0] to size: 13
I0827 04:36:51.570952 820066 buffered_data_export.cpp:320] [cosine_internal]successfully expanded buffer [bus_buffer___hal__left_ee_data, type genie_msgs.msg.pb.EndState, block num 13, valid_time 0, transfer_type 0, data_size 88, mem_type 0, lib_name , ext_data_size 0, is_protobuf 1, enable_event_sync_subscriber 0] to size: 13
