Log file created at: 2025/08/27 00:35:00
Running on machine: G2
Log line format: [IWEF]mmdd hh:mm:ss.uuuuuu threadid file:line] msg
I0827 00:35:00.179956 1143704 dylog_impl.cpp:641] [DYLOG] set dylog default level to INFO
I0827 00:35:00.180032 1143704 dylog_impl.cpp:690] [DYLOG] soc num : R2
I0827 00:35:00.180044 1143704 dylog_impl.cpp:695] [DYLOG] can't read scene_mode, use sud
W0827 00:35:00.180069 1143704 dylog_impl.cpp:757] [DYLOG] can't find available json config file with path : /home/agi/app/conf/scene_server/dylog_sud_default.json, use default.
I0827 00:35:00.180176 1143704 dylog_impl.cpp:293] [DYLOG] register dsd_name : dylog/python3.10/cosine_internal
I0827 00:35:00.183727 1143704 cosine_bus_manager.cpp:88] [cosine_internal][CosineBusManager] cosine bus config path not set, use default config.
I0827 00:35:00.183775 1143704 cosine_bus_manager.cpp:118] [cosine_internal][CosineBusManager] initial cosine_bus_config:
I0827 00:35:00.185228 1143704 cosine_bus_global_sync.cpp:30] [cosine_internal][BusGlobalSync] set default middleware name:aorta
I0827 00:35:00.185268 1143704 scheduler_classic.cpp:28] [cosine_internal]Proc number set to be: 1
I0827 00:35:00.203557 1143704 dynamic_object.cpp:521] [cosine_internal][DynamicObject] open libdynamic_aorta.so success.
I0827 00:35:00.203753 1143704 dynamic_object.cpp:581] [cosine_internal][DynamicObject] Successfully enumerated 57 symbols in libdynamic_aorta.so
I0827 00:35:00.203764 1143704 resource_loader.cpp:13] [cosine_internal][ResourceLoader] Attempting to load function: aorta_get_object
I0827 00:35:00.203769 1143704 resource_loader.cpp:17] [cosine_internal][ResourceLoader] Trying address() method for C++ symbol: aorta_get_object
I0827 00:35:00.203778 1143704 resource_loader.cpp:20] [cosine_internal][ResourceLoader] Successfully loaded C++ symbol: aorta_get_object
I0827 00:35:00.203780 1143704 resource_loader.cpp:13] [cosine_internal][ResourceLoader] Attempting to load function: aorta_call_object_func
I0827 00:35:00.203784 1143704 resource_loader.cpp:17] [cosine_internal][ResourceLoader] Trying address() method for C++ symbol: aorta_call_object_func
I0827 00:35:00.203788 1143704 resource_loader.cpp:20] [cosine_internal][ResourceLoader] Successfully loaded C++ symbol: aorta_call_object_func
I0827 00:35:00.203792 1143704 resource_loader.cpp:13] [cosine_internal][ResourceLoader] Attempting to load function: aorta_clean_up
I0827 00:35:00.203795 1143704 resource_loader.cpp:17] [cosine_internal][ResourceLoader] Trying address() method for C++ symbol: aorta_clean_up
I0827 00:35:00.203809 1143704 resource_loader.cpp:25] [cosine_internal][ResourceLoader] C++ symbol failed, trying c_address() method for C symbol: aorta_clean_up
I0827 00:35:00.203814 1143704 resource_loader.cpp:28] [cosine_internal][ResourceLoader] Successfully loaded C symbol: aorta_clean_up
W0827 00:35:00.203822 1143704 aorta_component.cpp:90] [cosine_internal]Environment variable [LOCATOR_IP/DDS_IP] not set, fallback to 10.42.0.101
I0827 00:35:00.203830 1143704 aorta_component.cpp:496] [cosine_internal][AortaComponent] locator_ip: 10.42.0.101; Check network before domain init 
I0827 00:35:00.203872 1143704 clock.cpp:22] [cosine_internal]load ptp time source from: libptp_clock_time.so
I0827 00:35:00.204049 1143704 dynamic_object.cpp:521] [cosine_internal][DynamicObject] open libptp_clock_time.so success.
I0827 00:35:00.204485 1143704 aorta_component.cpp:515] [cosine_internal][AortaComponent] Network check start. locator_ip: 10.42.0.101, timeout: 60 seconds , check_start_time: 1756226100
I0827 00:35:00.204506 1143704 aorta_component.cpp:526] [cosine_internal][AortaComponent] locator_ip: 10.42.0.101; network is ready.
I0827 00:35:00.204562 1143704 dylog_impl.cpp:293] [DYLOG] register dsd_name : dylog/python3.10/aorta
I0827 00:35:00.204737 1143704 pcie_config.cc:52] [aorta]Get one valid pcie channel. producer: soc-s3 app-map_loc_app endpoint-nvscic2c_pcie_s3_c7_11 consumer: soc-s1 app-worldmodel endpoint-nvscic2c_pcie_s1_c7_11
I0827 00:35:00.204833 1143704 os.cc:88] [aorta]Got host_id from system files: Huixi R1ROBOR2
I0827 00:35:00.204871 1143704 pcie_manager.cc:71] [aorta]There is no pcie config in current process.
I0827 00:35:00.205211 1143704 message_monitor_config.cc:398] [aorta]run in  mode
I0827 00:35:00.206449 1143704 domain_impl.cc:58] [aorta]aorta version:7b1b7ddc
I0827 00:35:00.206490 1143704 json_comm.cc:35] [aorta]file path: /home/agi/app/conf/topology/topology_rule.json not exist.
I0827 00:35:00.206506 1143704 message_monitor_config.cc:398] [aorta]run in  mode
I0827 00:35:00.207639 1143704 message_monitor_config.cc:731] [aorta]message monitor is updated from /home/agi/app/conf/aorta/function/aorta_monitor_conf.json
I0827 00:35:00.208732 1143704 discovery_factory.cc:14] [aorta]type:1, host:10.42.0.101, port:2379, ttl:15, minor_cycle:100, major_cycle:3
I0827 00:35:00.209244 1143704 config.cc:53] [aorta]AORTA_IP_MASK not set.
I0827 00:35:00.209254 1143704 discovery.cc:245] [aorta]get ip masks empty.
I0827 00:35:00.209262 1143704 config.cc:200] [aorta]AORTA_EXTRA_LOCAL_IPS not set.
I0827 00:35:00.209266 1143704 discovery.cc:266] [aorta]local_publisher_ips_ empty.
I0827 00:35:00.209288 1143704 config.cc:124] [aorta]ip match, ip:127.0.0.1
I0827 00:35:00.209296 1143704 discovery.cc:275] [aorta]default emplace ip:10.42.0.101
I0827 00:35:00.209299 1143704 discovery.cc:275] [aorta]default emplace ip:10.42.12.101
I0827 00:35:00.209302 1143704 discovery.cc:275] [aorta]default emplace ip:10.42.1.101
I0827 00:35:00.209306 1143704 discovery.cc:275] [aorta]default emplace ip:10.42.6.101
I0827 00:35:00.209309 1143704 discovery.cc:275] [aorta]default emplace ip:192.168.1.101
I0827 00:35:00.209312 1143704 discovery.cc:275] [aorta]default emplace ip:10.42.30.101
I0827 00:35:00.209314 1143704 discovery.cc:275] [aorta]default emplace ip:10.42.40.101
I0827 00:35:00.209317 1143704 discovery.cc:275] [aorta]default emplace ip:10.20.15.199
I0827 00:35:00.209321 1143704 discovery.cc:275] [aorta]default emplace ip:10.42.6.101
I0827 00:35:00.209324 1143704 centralized_discovery.cc:55] [aorta]lease_ttl_:15
I0827 00:35:00.209784 1143704 aorta_component.cpp:561] [cosine_internal][AortaComponent] aorta create domain success. uri:http://10.42.0.101:2379
I0827 00:35:00.209928 1143704 aorta_component.cpp:447] [cosine_internal][AortaComponent] aorta domain created node: python3.10_S1 , domain_uri:http://10.42.0.101:2379
I0827 00:35:00.209937 1143704 aorta_component.cpp:126] [cosine_internal][AortaComponent] aorta component init success. node:python3.10_S1, uri:http://10.42.0.101:2379, locator_kind(1:shm,2:tcp,3:udp):2, locator_ip:10.42.0.101, locator_port:0, aorta_dispatcher_thread_num:1
I0827 00:35:00.210085 1143769 processor.cpp:40] [cosine_internal]processor_tid: 1143769
I0827 00:35:00.219362 1143783 executor_impl.cc:91] [aorta]aorta-dispatch0 start spinning
I0827 00:35:00.226155 1143782 centralized_discovery.cc:1110] [aorta]poll thread: revision:2158
I0827 00:35:00.226387 1143782 centralized_discovery.cc:1123] [aorta]inotify_fd_:15 inotify_watch_:1 inotify_watch_path:/home/agi/app/conf/aorta/function
I0827 00:35:00.228917 1143782 centralized_discovery.cc:615] [aorta]grant lease for node python3.10_S1 lease_id = 7587889064995181726
I0827 00:35:00.230590 1143782 watch_state.cc:54] [aorta]watch connect success.
I0827 00:35:00.231473 1143782 centralized_discovery.cc:1615] [aorta]recv watch response created.
I0827 00:35:00.275244 1143704 cosine_bus_manager.cpp:294] [cosine_internal][CosineBusManager] create publisher. topic name:/gdk/config_request , middleware:aorta
I0827 00:35:00.275919 1143704 tcp_publisher.cc:179] [aorta]topic /gdk/config_request, pub_queue_size_ 5, latch_queue_size_ 0
I0827 00:35:00.276125 1143812 tcp_socket_server.cc:200] [aorta]The ip info is0.0.0.0:36255
I0827 00:35:00.276503 1143812 shm_socket_server.cc:101] [aorta][/gdk/config_request] bind at pipe sock name d2379|python3.10|p1143704|n0|/gdk/config_request|p0
I0827 00:35:00.276732 1143704 node_impl.cc:198] [aorta]CreatePublisher, host:0.0.0.0, port:36255, sockname:d2379|python3.10|p1143704|n0|/gdk/config_request|p0, topic:/gdk/config_request, uid:5b15bad0-a762-45ac-a204-6caf11c3dbd5-4991715019463590898 topic_uid:-1
I0827 00:35:00.276775 1143704 aorta_component.cpp:394] [cosine_internal][AortaComponent] aorta node create publisher. node: python3.10_S1, topic:/gdk/config_request, type:genie_msgs.msg.pb.CommonRequest, qos:(history:1, depth:5, reliability:1, durability:2), uri:http://10.42.0.101:2379
I0827 00:35:00.276821 1143704 aorta_publisher.cpp:119] [cosine_internal][AortaPublisher] publisher initialize. topic:/gdk/config_request, uri:
I0827 00:35:00.276837 1143704 dylog_impl.cpp:293] [DYLOG] register dsd_name : dylog/python3.10/GDK
I0827 00:35:00.276839 1143782 centralized_discovery.cc:681] [aorta]publisher uid:5b15bad0-a762-45ac-a204-6caf11c3dbd5-4991715019463590898 topic:/gdk/config_request
I0827 00:35:00.276880 1143704 publisher.cpp:27] [GDK]create publisher: /gdk/config_request type: genie_msgs.msg.pb.CommonRequest qos: 1 1 5 2
I0827 00:35:00.276907 1143704 cosine_bus_manager.cpp:294] [cosine_internal][CosineBusManager] create publisher. topic name:/gdk/camera_conf_request , middleware:aorta
I0827 00:35:00.277442 1143704 tcp_publisher.cc:179] [aorta]topic /gdk/camera_conf_request, pub_queue_size_ 5, latch_queue_size_ 0
I0827 00:35:00.277570 1143812 tcp_socket_server.cc:200] [aorta]The ip info is0.0.0.0:33371
I0827 00:35:00.277720 1143812 shm_socket_server.cc:101] [aorta][/gdk/camera_conf_request] bind at pipe sock name d2379|python3.10|p1143704|n0|/gdk/camera_conf_request|p1
I0827 00:35:00.278210 1143704 node_impl.cc:198] [aorta]CreatePublisher, host:0.0.0.0, port:33371, sockname:d2379|python3.10|p1143704|n0|/gdk/camera_conf_request|p1, topic:/gdk/camera_conf_request, uid:6a036742-2434-4772-ab33-60f31be597dc-9117180461459404870 topic_uid:-1
I0827 00:35:00.278240 1143704 aorta_component.cpp:394] [cosine_internal][AortaComponent] aorta node create publisher. node: python3.10_S1, topic:/gdk/camera_conf_request, type:genie_msgs.msg.pb.CommonRequest, qos:(history:1, depth:5, reliability:1, durability:2), uri:http://10.42.0.101:2379
I0827 00:35:00.278276 1143704 aorta_publisher.cpp:119] [cosine_internal][AortaPublisher] publisher initialize. topic:/gdk/camera_conf_request, uri:
I0827 00:35:00.278287 1143704 publisher.cpp:27] [GDK]create publisher: /gdk/camera_conf_request type: genie_msgs.msg.pb.CommonRequest qos: 1 1 5 2
I0827 00:35:00.278308 1143704 cosine_bus_manager.cpp:400] [cosine_internal][CosineBusManager] create subscriber. topic name:/gdk/config_response , middleware:aorta , need async callback:0, frame_skip_rate:1
I0827 00:35:00.278321 1143704 aorta_component.cpp:174] [cosine_internal][AortaComponent] callback_name:/gdk/config_responsehttp://10.42.0.101:2379
I0827 00:35:00.278400 1143704 dynamic_object.cpp:521] [cosine_internal][DynamicObject] open  success.
I0827 00:35:00.278604 1143704 buffered_data_export.cpp:115] [cosine_internal]successfully create buffer [bus_buffer___gdk__config_response, type genie_msgs.msg.pb.CommonResponse, block num 5, valid_time 0, transfer_type 0, data_size 0, mem_type 0, lib_name , ext_data_size 0, is_protobuf 1, enable_event_sync_subscriber 0], buffer id = 1
I0827 00:35:00.278673 1143704 cosine_bus_message_buffer.cpp:45] [cosine_internal][CosineBusMessageBuffer] create buffer success. name:bus_buffer___gdk__config_response, type:genie_msgs.msg.pb.CommonResponse, size:5
I0827 00:35:00.278767 1143704 node_impl.cc:344] [aorta]CreateSubscriber topic:/gdk/config_response, uid:904dbf51-8891-4a1c-864e-979f0fd3e86d-9533047780102618842 topic_uid:-1
I0827 00:35:00.279348 1143704 aorta_component.cpp:326] [cosine_internal][AortaComponent] aorta node create subscriber. node: python3.10_S1, topic:/gdk/config_response, type:genie_msgs.msg.pb.CommonResponse, qos:(history:1, depth:5, reliability:1, durability:2), uri:http://10.42.0.101:2379
I0827 00:35:00.279363 1143704 aorta_subscriber.hpp:96] [cosine_internal][AortaSubscriber] initial. topic:/gdk/config_response, uri:
I0827 00:35:00.279378 1143704 cosine_bus_manager.cpp:400] [cosine_internal][CosineBusManager] create subscriber. topic name:/gdk/camera_conf_response , middleware:aorta , need async callback:0, frame_skip_rate:1
I0827 00:35:00.279385 1143704 aorta_component.cpp:174] [cosine_internal][AortaComponent] callback_name:/gdk/camera_conf_responsehttp://10.42.0.101:2379
I0827 00:35:00.279433 1143704 buffered_data_export.cpp:115] [cosine_internal]successfully create buffer [bus_buffer___gdk__camera_conf_response, type genie_msgs.msg.pb.CommonResponse, block num 5, valid_time 0, transfer_type 0, data_size 0, mem_type 0, lib_name , ext_data_size 0, is_protobuf 1, enable_event_sync_subscriber 0], buffer id = 2
I0827 00:35:00.279448 1143704 cosine_bus_message_buffer.cpp:45] [cosine_internal][CosineBusMessageBuffer] create buffer success. name:bus_buffer___gdk__camera_conf_response, type:genie_msgs.msg.pb.CommonResponse, size:5
I0827 00:35:00.279524 1143704 node_impl.cc:344] [aorta]CreateSubscriber topic:/gdk/camera_conf_response, uid:f7ef2918-fce6-477c-b531-7798d0206bf8-3551884323222435368 topic_uid:-1
I0827 00:35:00.279948 1143782 centralized_discovery.cc:681] [aorta]publisher uid:6a036742-2434-4772-ab33-60f31be597dc-9117180461459404870 topic:/gdk/camera_conf_request
I0827 00:35:00.280040 1143704 aorta_component.cpp:326] [cosine_internal][AortaComponent] aorta node create subscriber. node: python3.10_S1, topic:/gdk/camera_conf_response, type:genie_msgs.msg.pb.CommonResponse, qos:(history:1, depth:5, reliability:1, durability:2), uri:http://10.42.0.101:2379
I0827 00:35:00.280053 1143704 aorta_subscriber.hpp:96] [cosine_internal][AortaSubscriber] initial. topic:/gdk/camera_conf_response, uri:
I0827 00:35:00.280134 1143704 cosine_bus_manager.cpp:400] [cosine_internal][CosineBusManager] create subscriber. topic name:/pnc/task_state , middleware:aorta , need async callback:0, frame_skip_rate:1
I0827 00:35:00.280143 1143704 aorta_component.cpp:174] [cosine_internal][AortaComponent] callback_name:/pnc/task_statehttp://10.42.0.101:2379
I0827 00:35:00.280685 1143704 buffered_data_export.cpp:115] [cosine_internal]successfully create buffer [bus_buffer___pnc__task_state, type pnc_msgs.TaskState, block num 5, valid_time 0, transfer_type 0, data_size 0, mem_type 0, lib_name , ext_data_size 0, is_protobuf 1, enable_event_sync_subscriber 0], buffer id = 3
I0827 00:35:00.280704 1143704 cosine_bus_message_buffer.cpp:45] [cosine_internal][CosineBusMessageBuffer] create buffer success. name:bus_buffer___pnc__task_state, type:pnc_msgs.TaskState, size:5
I0827 00:35:00.280777 1143704 node_impl.cc:344] [aorta]CreateSubscriber topic:/pnc/task_state, uid:c5b1c78a-8fec-4670-9651-102cd832887f-9096530589114119892 topic_uid:-1
I0827 00:35:00.281145 1143704 aorta_component.cpp:326] [cosine_internal][AortaComponent] aorta node create subscriber. node: python3.10_S1, topic:/pnc/task_state, type:pnc_msgs.TaskState, qos:(history:1, depth:5, reliability:1, durability:2), uri:http://10.42.0.101:2379
I0827 00:35:00.281155 1143704 aorta_subscriber.hpp:96] [cosine_internal][AortaSubscriber] initial. topic:/pnc/task_state, uri:
I0827 00:35:00.281184 1143704 cosine_bus_manager.cpp:400] [cosine_internal][CosineBusManager] create subscriber. topic name:/pnc/task_service/normal_navigation/response , middleware:aorta , need async callback:0, frame_skip_rate:1
I0827 00:35:00.281193 1143704 aorta_component.cpp:174] [cosine_internal][AortaComponent] callback_name:/pnc/task_service/normal_navigation/responsehttp://10.42.0.101:2379
I0827 00:35:00.281227 1143704 buffered_data_export.cpp:115] [cosine_internal]successfully create buffer [bus_buffer___pnc__task_service__normal_navigation__response, type pnc_msgs.NormalNavigationResponse, block num 5, valid_time 0, transfer_type 0, data_size 0, mem_type 0, lib_name , ext_data_size 0, is_protobuf 1, enable_event_sync_subscriber 0], buffer id = 4
I0827 00:35:00.281239 1143704 cosine_bus_message_buffer.cpp:45] [cosine_internal][CosineBusMessageBuffer] create buffer success. name:bus_buffer___pnc__task_service__normal_navigation__response, type:pnc_msgs.NormalNavigationResponse, size:5
I0827 00:35:00.281530 1143704 node_impl.cc:344] [aorta]CreateSubscriber topic:/pnc/task_service/normal_navigation/response, uid:8852caa6-39d0-4979-85b3-38ab56d7987f-7227396448010854466 topic_uid:-1
I0827 00:35:00.282083 1143704 aorta_component.cpp:326] [cosine_internal][AortaComponent] aorta node create subscriber. node: python3.10_S1, topic:/pnc/task_service/normal_navigation/response, type:pnc_msgs.NormalNavigationResponse, qos:(history:1, depth:5, reliability:1, durability:2), uri:http://10.42.0.101:2379
I0827 00:35:00.282094 1143704 aorta_subscriber.hpp:96] [cosine_internal][AortaSubscriber] initial. topic:/pnc/task_service/normal_navigation/response, uri:
I0827 00:35:00.282109 1143704 cosine_bus_manager.cpp:400] [cosine_internal][CosineBusManager] create subscriber. topic name:/pnc/task_service/high_precision_navigation/response , middleware:aorta , need async callback:0, frame_skip_rate:1
I0827 00:35:00.282122 1143704 aorta_component.cpp:174] [cosine_internal][AortaComponent] callback_name:/pnc/task_service/high_precision_navigation/responsehttp://10.42.0.101:2379
I0827 00:35:00.282179 1143704 buffered_data_export.cpp:115] [cosine_internal]successfully create buffer [bus_buffer___pnc__task_service__high_precision_navigation__response, type pnc_msgs.HighPrecisionNavigationResponse, block num 5, valid_time 0, transfer_type 0, data_size 0, mem_type 0, lib_name , ext_data_size 0, is_protobuf 1, enable_event_sync_subscriber 0], buffer id = 5
I0827 00:35:00.282193 1143704 cosine_bus_message_buffer.cpp:45] [cosine_internal][CosineBusMessageBuffer] create buffer success. name:bus_buffer___pnc__task_service__high_precision_navigation__response, type:pnc_msgs.HighPrecisionNavigationResponse, size:5
I0827 00:35:00.282267 1143704 node_impl.cc:344] [aorta]CreateSubscriber topic:/pnc/task_service/high_precision_navigation/response, uid:1eba0775-523c-4ca8-97ab-db6464fca1ef-4701876173029784314 topic_uid:-1
I0827 00:35:00.283277 1143704 aorta_component.cpp:326] [cosine_internal][AortaComponent] aorta node create subscriber. node: python3.10_S1, topic:/pnc/task_service/high_precision_navigation/response, type:pnc_msgs.HighPrecisionNavigationResponse, qos:(history:1, depth:5, reliability:1, durability:2), uri:http://10.42.0.101:2379
I0827 00:35:00.283293 1143704 aorta_subscriber.hpp:96] [cosine_internal][AortaSubscriber] initial. topic:/pnc/task_service/high_precision_navigation/response, uri:
I0827 00:35:00.283314 1143704 cosine_bus_manager.cpp:400] [cosine_internal][CosineBusManager] create subscriber. topic name:/pnc/task_service/relative_move/response , middleware:aorta , need async callback:0, frame_skip_rate:1
I0827 00:35:00.283322 1143704 aorta_component.cpp:174] [cosine_internal][AortaComponent] callback_name:/pnc/task_service/relative_move/responsehttp://10.42.0.101:2379
I0827 00:35:00.283378 1143704 buffered_data_export.cpp:115] [cosine_internal]successfully create buffer [bus_buffer___pnc__task_service__relative_move__response, type pnc_msgs.RelativeMoveResponse, block num 5, valid_time 0, transfer_type 0, data_size 0, mem_type 0, lib_name , ext_data_size 0, is_protobuf 1, enable_event_sync_subscriber 0], buffer id = 6
I0827 00:35:00.283394 1143704 cosine_bus_message_buffer.cpp:45] [cosine_internal][CosineBusMessageBuffer] create buffer success. name:bus_buffer___pnc__task_service__relative_move__response, type:pnc_msgs.RelativeMoveResponse, size:5
I0827 00:35:00.283494 1143704 node_impl.cc:344] [aorta]CreateSubscriber topic:/pnc/task_service/relative_move/response, uid:9c7db97c-a51e-4cc8-ba07-d1568bbf804f-4077207897147431090 topic_uid:-1
I0827 00:35:00.283888 1143704 aorta_component.cpp:326] [cosine_internal][AortaComponent] aorta node create subscriber. node: python3.10_S1, topic:/pnc/task_service/relative_move/response, type:pnc_msgs.RelativeMoveResponse, qos:(history:1, depth:5, reliability:1, durability:2), uri:http://10.42.0.101:2379
I0827 00:35:00.283898 1143704 aorta_subscriber.hpp:96] [cosine_internal][AortaSubscriber] initial. topic:/pnc/task_service/relative_move/response, uri:
I0827 00:35:00.283916 1143704 cosine_bus_manager.cpp:400] [cosine_internal][CosineBusManager] create subscriber. topic name:/pnc/task_service/task_cancel/response , middleware:aorta , need async callback:0, frame_skip_rate:1
I0827 00:35:00.283923 1143704 aorta_component.cpp:174] [cosine_internal][AortaComponent] callback_name:/pnc/task_service/task_cancel/responsehttp://10.42.0.101:2379
I0827 00:35:00.283958 1143704 buffered_data_export.cpp:115] [cosine_internal]successfully create buffer [bus_buffer___pnc__task_service__task_cancel__response, type pnc_msgs.TaskCancelResponse, block num 5, valid_time 0, transfer_type 0, data_size 0, mem_type 0, lib_name , ext_data_size 0, is_protobuf 1, enable_event_sync_subscriber 0], buffer id = 7
I0827 00:35:00.283969 1143704 cosine_bus_message_buffer.cpp:45] [cosine_internal][CosineBusMessageBuffer] create buffer success. name:bus_buffer___pnc__task_service__task_cancel__response, type:pnc_msgs.TaskCancelResponse, size:5
I0827 00:35:00.284044 1143704 node_impl.cc:344] [aorta]CreateSubscriber topic:/pnc/task_service/task_cancel/response, uid:5aceae1d-b366-4d10-be4e-dbdc60b7eb35-3654631836754090917 topic_uid:-1
I0827 00:35:00.284897 1143704 aorta_component.cpp:326] [cosine_internal][AortaComponent] aorta node create subscriber. node: python3.10_S1, topic:/pnc/task_service/task_cancel/response, type:pnc_msgs.TaskCancelResponse, qos:(history:1, depth:5, reliability:1, durability:2), uri:http://10.42.0.101:2379
I0827 00:35:00.284915 1143704 aorta_subscriber.hpp:96] [cosine_internal][AortaSubscriber] initial. topic:/pnc/task_service/task_cancel/response, uri:
I0827 00:35:00.284941 1143704 cosine_bus_manager.cpp:400] [cosine_internal][CosineBusManager] create subscriber. topic name:/pnc/task_service/task_pause/response , middleware:aorta , need async callback:0, frame_skip_rate:1
I0827 00:35:00.284950 1143704 aorta_component.cpp:174] [cosine_internal][AortaComponent] callback_name:/pnc/task_service/task_pause/responsehttp://10.42.0.101:2379
I0827 00:35:00.285053 1143704 buffered_data_export.cpp:115] [cosine_internal]successfully create buffer [bus_buffer___pnc__task_service__task_pause__response, type pnc_msgs.TaskPauseResponse, block num 5, valid_time 0, transfer_type 0, data_size 0, mem_type 0, lib_name , ext_data_size 0, is_protobuf 1, enable_event_sync_subscriber 0], buffer id = 8
I0827 00:35:00.285297 1143704 cosine_bus_message_buffer.cpp:45] [cosine_internal][CosineBusMessageBuffer] create buffer success. name:bus_buffer___pnc__task_service__task_pause__response, type:pnc_msgs.TaskPauseResponse, size:5
I0827 00:35:00.285418 1143704 node_impl.cc:344] [aorta]CreateSubscriber topic:/pnc/task_service/task_pause/response, uid:4f6f6d59-558f-4dbc-813b-9f4c9532b400-4995236092065324733 topic_uid:-1
I0827 00:35:00.285874 1143704 aorta_component.cpp:326] [cosine_internal][AortaComponent] aorta node create subscriber. node: python3.10_S1, topic:/pnc/task_service/task_pause/response, type:pnc_msgs.TaskPauseResponse, qos:(history:1, depth:5, reliability:1, durability:2), uri:http://10.42.0.101:2379
I0827 00:35:00.285894 1143704 aorta_subscriber.hpp:96] [cosine_internal][AortaSubscriber] initial. topic:/pnc/task_service/task_pause/response, uri:
I0827 00:35:00.285914 1143704 cosine_bus_manager.cpp:400] [cosine_internal][CosineBusManager] create subscriber. topic name:/pnc/task_service/task_resume/response , middleware:aorta , need async callback:0, frame_skip_rate:1
I0827 00:35:00.285923 1143704 aorta_component.cpp:174] [cosine_internal][AortaComponent] callback_name:/pnc/task_service/task_resume/responsehttp://10.42.0.101:2379
I0827 00:35:00.285976 1143704 buffered_data_export.cpp:115] [cosine_internal]successfully create buffer [bus_buffer___pnc__task_service__task_resume__response, type pnc_msgs.TaskResumeResponse, block num 5, valid_time 0, transfer_type 0, data_size 0, mem_type 0, lib_name , ext_data_size 0, is_protobuf 1, enable_event_sync_subscriber 0], buffer id = 9
I0827 00:35:00.285990 1143704 cosine_bus_message_buffer.cpp:45] [cosine_internal][CosineBusMessageBuffer] create buffer success. name:bus_buffer___pnc__task_service__task_resume__response, type:pnc_msgs.TaskResumeResponse, size:5
I0827 00:35:00.286005 1143782 centralized_discovery.cc:733] [aorta]subscriber uid:904dbf51-8891-4a1c-864e-979f0fd3e86d-9533047780102618842 topic:/gdk/config_response
I0827 00:35:00.286067 1143704 node_impl.cc:344] [aorta]CreateSubscriber topic:/pnc/task_service/task_resume/response, uid:ffc33d9d-42a9-41bf-9cc3-1749be13716b-16859347558940246081 topic_uid:-1
I0827 00:35:00.286458 1143704 aorta_component.cpp:326] [cosine_internal][AortaComponent] aorta node create subscriber. node: python3.10_S1, topic:/pnc/task_service/task_resume/response, type:pnc_msgs.TaskResumeResponse, qos:(history:1, depth:5, reliability:1, durability:2), uri:http://10.42.0.101:2379
I0827 00:35:00.286469 1143704 aorta_subscriber.hpp:96] [cosine_internal][AortaSubscriber] initial. topic:/pnc/task_service/task_resume/response, uri:
I0827 00:35:00.286495 1143704 cosine_bus_manager.cpp:400] [cosine_internal][CosineBusManager] create subscriber. topic name:/pnc/task_service/remote_control/response , middleware:aorta , need async callback:0, frame_skip_rate:1
I0827 00:35:00.286502 1143704 aorta_component.cpp:174] [cosine_internal][AortaComponent] callback_name:/pnc/task_service/remote_control/responsehttp://10.42.0.101:2379
I0827 00:35:00.286540 1143704 buffered_data_export.cpp:115] [cosine_internal]successfully create buffer [bus_buffer___pnc__task_service__remote_control__response, type pnc_msgs.RemoteControlResponse, block num 5, valid_time 0, transfer_type 0, data_size 0, mem_type 0, lib_name , ext_data_size 0, is_protobuf 1, enable_event_sync_subscriber 0], buffer id = 10
I0827 00:35:00.286670 1143704 cosine_bus_message_buffer.cpp:45] [cosine_internal][CosineBusMessageBuffer] create buffer success. name:bus_buffer___pnc__task_service__remote_control__response, type:pnc_msgs.RemoteControlResponse, size:5
I0827 00:35:00.286757 1143704 node_impl.cc:344] [aorta]CreateSubscriber topic:/pnc/task_service/remote_control/response, uid:9b66e1f9-bc36-4fa4-9d9b-c302909956af-11583863028842959166 topic_uid:-1
I0827 00:35:00.287171 1143704 aorta_component.cpp:326] [cosine_internal][AortaComponent] aorta node create subscriber. node: python3.10_S1, topic:/pnc/task_service/remote_control/response, type:pnc_msgs.RemoteControlResponse, qos:(history:1, depth:5, reliability:1, durability:2), uri:http://10.42.0.101:2379
I0827 00:35:00.287182 1143704 aorta_subscriber.hpp:96] [cosine_internal][AortaSubscriber] initial. topic:/pnc/task_service/remote_control/response, uri:
I0827 00:35:00.287205 1143704 cosine_bus_manager.cpp:294] [cosine_internal][CosineBusManager] create publisher. topic name:/pnc/task_service/normal_navigation/request , middleware:aorta
I0827 00:35:00.287922 1143813 shm_subscriber.cc:120] [aorta]subscriber connect to publisher success, topic /gdk/config_response, local d2379|python3.10|p1143704|n0|s0|c0, peer d2379|gdk_service|p9011|n0|/gdk/config_response|p0
I0827 00:35:00.288053 1143782 centralized_discovery.cc:733] [aorta]subscriber uid:f7ef2918-fce6-477c-b531-7798d0206bf8-3551884323222435368 topic:/gdk/camera_conf_response
I0827 00:35:00.288175 1143704 tcp_publisher.cc:179] [aorta]topic /pnc/task_service/normal_navigation/request, pub_queue_size_ 5, latch_queue_size_ 0
I0827 00:35:00.288262 1143812 tcp_socket_server.cc:200] [aorta]The ip info is0.0.0.0:44711
I0827 00:35:00.288349 1143812 shm_socket_server.cc:101] [aorta][/pnc/task_service/normal_navigation/request] bind at pipe sock name d2379|python3.10|p1143704|n0|..task_service/normal_navigation/request|p2
I0827 00:35:00.288431 1143704 node_impl.cc:198] [aorta]CreatePublisher, host:0.0.0.0, port:44711, sockname:d2379|python3.10|p1143704|n0|..task_service/normal_navigation/request|p2, topic:/pnc/task_service/normal_navigation/request, uid:e75730ae-ed19-4fee-ba98-98ca0280f0f1-11863888217293896894 topic_uid:-1
I0827 00:35:00.288458 1143704 aorta_component.cpp:394] [cosine_internal][AortaComponent] aorta node create publisher. node: python3.10_S1, topic:/pnc/task_service/normal_navigation/request, type:pnc_msgs.NormalNavigationRequest, qos:(history:1, depth:5, reliability:1, durability:2), uri:http://10.42.0.101:2379
I0827 00:35:00.288497 1143704 aorta_publisher.cpp:119] [cosine_internal][AortaPublisher] publisher initialize. topic:/pnc/task_service/normal_navigation/request, uri:
I0827 00:35:00.288506 1143704 publisher.cpp:27] [GDK]create publisher: /pnc/task_service/normal_navigation/request type: pnc_msgs.NormalNavigationRequest qos: 1 1 5 2
I0827 00:35:00.288539 1143704 cosine_bus_manager.cpp:294] [cosine_internal][CosineBusManager] create publisher. topic name:/pnc/task_service/high_precision_navigation/request , middleware:aorta
I0827 00:35:00.288938 1143704 tcp_publisher.cc:179] [aorta]topic /pnc/task_service/high_precision_navigation/request, pub_queue_size_ 5, latch_queue_size_ 0
I0827 00:35:00.288983 1143812 tcp_socket_server.cc:200] [aorta]The ip info is0.0.0.0:39247
I0827 00:35:00.289038 1143812 shm_socket_server.cc:101] [aorta][/pnc/task_service/high_precision_navigation/request] bind at pipe sock name d2379|python3.10|p1143704|n0|..vice/high_precision_navigation/request|p3
I0827 00:35:00.289110 1143704 node_impl.cc:198] [aorta]CreatePublisher, host:0.0.0.0, port:39247, sockname:d2379|python3.10|p1143704|n0|..vice/high_precision_navigation/request|p3, topic:/pnc/task_service/high_precision_navigation/request, uid:b604c0f2-682e-40f7-92de-e4d7b9d3387a-13581583299462652003 topic_uid:-1
I0827 00:35:00.289129 1143704 aorta_component.cpp:394] [cosine_internal][AortaComponent] aorta node create publisher. node: python3.10_S1, topic:/pnc/task_service/high_precision_navigation/request, type:pnc_msgs.HighPrecisionNavigationRequest, qos:(history:1, depth:5, reliability:1, durability:2), uri:http://10.42.0.101:2379
I0827 00:35:00.289161 1143704 aorta_publisher.cpp:119] [cosine_internal][AortaPublisher] publisher initialize. topic:/pnc/task_service/high_precision_navigation/request, uri:
I0827 00:35:00.289163 1143813 shm_subscriber.cc:120] [aorta]subscriber connect to publisher success, topic /gdk/camera_conf_response, local d2379|python3.10|p1143704|n0|s1|c0, peer d2379|gdk_service|p9011|n0|/gdk/camera_conf_response|p1
I0827 00:35:00.289170 1143704 publisher.cpp:27] [GDK]create publisher: /pnc/task_service/high_precision_navigation/request type: pnc_msgs.HighPrecisionNavigationRequest qos: 1 1 5 2
I0827 00:35:00.289186 1143704 cosine_bus_manager.cpp:294] [cosine_internal][CosineBusManager] create publisher. topic name:/pnc/task_service/relative_move/request , middleware:aorta
I0827 00:35:00.289224 1143782 centralized_discovery.cc:733] [aorta]subscriber uid:c5b1c78a-8fec-4670-9651-102cd832887f-9096530589114119892 topic:/pnc/task_state
I0827 00:35:00.289601 1143704 tcp_publisher.cc:179] [aorta]topic /pnc/task_service/relative_move/request, pub_queue_size_ 5, latch_queue_size_ 0
I0827 00:35:00.289676 1143812 tcp_socket_server.cc:200] [aorta]The ip info is0.0.0.0:33627
I0827 00:35:00.289768 1143812 shm_socket_server.cc:101] [aorta][/pnc/task_service/relative_move/request] bind at pipe sock name d2379|python3.10|p1143704|n0|/pnc/task_service/relative_move/request|p4
I0827 00:35:00.289839 1143704 node_impl.cc:198] [aorta]CreatePublisher, host:0.0.0.0, port:33627, sockname:d2379|python3.10|p1143704|n0|/pnc/task_service/relative_move/request|p4, topic:/pnc/task_service/relative_move/request, uid:e32ab8f8-df73-440f-abcc-d58d907675af-1499998713038698463 topic_uid:-1
I0827 00:35:00.289860 1143704 aorta_component.cpp:394] [cosine_internal][AortaComponent] aorta node create publisher. node: python3.10_S1, topic:/pnc/task_service/relative_move/request, type:pnc_msgs.RelativeMoveRequest, qos:(history:1, depth:5, reliability:1, durability:2), uri:http://10.42.0.101:2379
I0827 00:35:00.289891 1143704 aorta_publisher.cpp:119] [cosine_internal][AortaPublisher] publisher initialize. topic:/pnc/task_service/relative_move/request, uri:
I0827 00:35:00.289897 1143704 publisher.cpp:27] [GDK]create publisher: /pnc/task_service/relative_move/request type: pnc_msgs.RelativeMoveRequest qos: 1 1 5 2
I0827 00:35:00.289911 1143704 cosine_bus_manager.cpp:294] [cosine_internal][CosineBusManager] create publisher. topic name:/pnc/task_service/task_cancel/request , middleware:aorta
I0827 00:35:00.290283 1143813 shm_subscriber.cc:120] [aorta]subscriber connect to publisher success, topic /pnc/task_state, local d2379|python3.10|p1143704|n0|s2|c0, peer d2379|quark_navigation|p329956|n0|/pnc/task_state|p24
I0827 00:35:00.290340 1143782 centralized_discovery.cc:733] [aorta]subscriber uid:8852caa6-39d0-4979-85b3-38ab56d7987f-7227396448010854466 topic:/pnc/task_service/normal_navigation/response
I0827 00:35:00.290340 1143704 tcp_publisher.cc:179] [aorta]topic /pnc/task_service/task_cancel/request, pub_queue_size_ 5, latch_queue_size_ 0
I0827 00:35:00.290422 1143812 tcp_socket_server.cc:200] [aorta]The ip info is0.0.0.0:43335
I0827 00:35:00.290527 1143812 shm_socket_server.cc:101] [aorta][/pnc/task_service/task_cancel/request] bind at pipe sock name d2379|python3.10|p1143704|n0|/pnc/task_service/task_cancel/request|p5
I0827 00:35:00.290584 1143704 node_impl.cc:198] [aorta]CreatePublisher, host:0.0.0.0, port:43335, sockname:d2379|python3.10|p1143704|n0|/pnc/task_service/task_cancel/request|p5, topic:/pnc/task_service/task_cancel/request, uid:8313bed2-c4f8-409d-83bb-3637d5d838bf-10250913672907467700 topic_uid:-1
I0827 00:35:00.290604 1143704 aorta_component.cpp:394] [cosine_internal][AortaComponent] aorta node create publisher. node: python3.10_S1, topic:/pnc/task_service/task_cancel/request, type:pnc_msgs.TaskCancelRequest, qos:(history:1, depth:5, reliability:1, durability:2), uri:http://10.42.0.101:2379
I0827 00:35:00.290637 1143704 aorta_publisher.cpp:119] [cosine_internal][AortaPublisher] publisher initialize. topic:/pnc/task_service/task_cancel/request, uri:
I0827 00:35:00.290644 1143704 publisher.cpp:27] [GDK]create publisher: /pnc/task_service/task_cancel/request type: pnc_msgs.TaskCancelRequest qos: 1 1 5 2
I0827 00:35:00.290683 1143704 cosine_bus_manager.cpp:294] [cosine_internal][CosineBusManager] create publisher. topic name:/pnc/task_service/task_pause/request , middleware:aorta
I0827 00:35:00.291096 1143704 tcp_publisher.cc:179] [aorta]topic /pnc/task_service/task_pause/request, pub_queue_size_ 5, latch_queue_size_ 0
I0827 00:35:00.291144 1143812 tcp_socket_server.cc:200] [aorta]The ip info is0.0.0.0:37127
I0827 00:35:00.291195 1143812 shm_socket_server.cc:101] [aorta][/pnc/task_service/task_pause/request] bind at pipe sock name d2379|python3.10|p1143704|n0|/pnc/task_service/task_pause/request|p6
I0827 00:35:00.291237 1143704 node_impl.cc:198] [aorta]CreatePublisher, host:0.0.0.0, port:37127, sockname:d2379|python3.10|p1143704|n0|/pnc/task_service/task_pause/request|p6, topic:/pnc/task_service/task_pause/request, uid:2117c1cd-9fdf-4481-adee-d015e1c7a929-2366368184012060648 topic_uid:-1
I0827 00:35:00.291254 1143704 aorta_component.cpp:394] [cosine_internal][AortaComponent] aorta node create publisher. node: python3.10_S1, topic:/pnc/task_service/task_pause/request, type:pnc_msgs.TaskPauseRequest, qos:(history:1, depth:5, reliability:1, durability:2), uri:http://10.42.0.101:2379
I0827 00:35:00.291285 1143704 aorta_publisher.cpp:119] [cosine_internal][AortaPublisher] publisher initialize. topic:/pnc/task_service/task_pause/request, uri:
I0827 00:35:00.291290 1143704 publisher.cpp:27] [GDK]create publisher: /pnc/task_service/task_pause/request type: pnc_msgs.TaskPauseRequest qos: 1 1 5 2
I0827 00:35:00.291302 1143704 cosine_bus_manager.cpp:294] [cosine_internal][CosineBusManager] create publisher. topic name:/pnc/task_service/task_resume/request , middleware:aorta
I0827 00:35:00.291435 1143813 shm_subscriber.cc:120] [aorta]subscriber connect to publisher success, topic /pnc/task_service/normal_navigation/response, local d2379|python3.10|p1143704|n0|s3|c0, peer d2379|quark_navigation|p329956|n0|..ask_service/normal_navigation/response|p11
I0827 00:35:00.291524 1143782 centralized_discovery.cc:733] [aorta]subscriber uid:1eba0775-523c-4ca8-97ab-db6464fca1ef-4701876173029784314 topic:/pnc/task_service/high_precision_navigation/response
I0827 00:35:00.291723 1143704 tcp_publisher.cc:179] [aorta]topic /pnc/task_service/task_resume/request, pub_queue_size_ 5, latch_queue_size_ 0
I0827 00:35:00.291770 1143812 tcp_socket_server.cc:200] [aorta]The ip info is0.0.0.0:35089
I0827 00:35:00.291828 1143812 shm_socket_server.cc:101] [aorta][/pnc/task_service/task_resume/request] bind at pipe sock name d2379|python3.10|p1143704|n0|/pnc/task_service/task_resume/request|p7
I0827 00:35:00.291877 1143704 node_impl.cc:198] [aorta]CreatePublisher, host:0.0.0.0, port:35089, sockname:d2379|python3.10|p1143704|n0|/pnc/task_service/task_resume/request|p7, topic:/pnc/task_service/task_resume/request, uid:91059d25-5ade-4a87-aee7-f789837469d1-18204958959141007063 topic_uid:-1
I0827 00:35:00.291898 1143704 aorta_component.cpp:394] [cosine_internal][AortaComponent] aorta node create publisher. node: python3.10_S1, topic:/pnc/task_service/task_resume/request, type:pnc_msgs.TaskResumeRequest, qos:(history:1, depth:5, reliability:1, durability:2), uri:http://10.42.0.101:2379
I0827 00:35:00.291931 1143704 aorta_publisher.cpp:119] [cosine_internal][AortaPublisher] publisher initialize. topic:/pnc/task_service/task_resume/request, uri:
I0827 00:35:00.291937 1143704 publisher.cpp:27] [GDK]create publisher: /pnc/task_service/task_resume/request type: pnc_msgs.TaskResumeRequest qos: 1 1 5 2
I0827 00:35:00.292062 1143704 cosine_bus_manager.cpp:294] [cosine_internal][CosineBusManager] create publisher. topic name:/pnc/remote_control_cmd , middleware:aorta
I0827 00:35:00.292533 1143813 shm_subscriber.cc:120] [aorta]subscriber connect to publisher success, topic /pnc/task_service/high_precision_navigation/response, local d2379|python3.10|p1143704|n0|s4|c0, peer d2379|quark_navigation|p329956|n0|..ice/high_precision_navigation/response|p12
I0827 00:35:00.292992 1143782 centralized_discovery.cc:733] [aorta]subscriber uid:9c7db97c-a51e-4cc8-ba07-d1568bbf804f-4077207897147431090 topic:/pnc/task_service/relative_move/response
I0827 00:35:00.293061 1143704 tcp_publisher.cc:179] [aorta]topic /pnc/remote_control_cmd, pub_queue_size_ 5, latch_queue_size_ 0
I0827 00:35:00.293125 1143812 tcp_socket_server.cc:200] [aorta]The ip info is0.0.0.0:43641
I0827 00:35:00.293265 1143812 shm_socket_server.cc:101] [aorta][/pnc/remote_control_cmd] bind at pipe sock name d2379|python3.10|p1143704|n0|/pnc/remote_control_cmd|p8
I0827 00:35:00.293360 1143704 node_impl.cc:198] [aorta]CreatePublisher, host:0.0.0.0, port:43641, sockname:d2379|python3.10|p1143704|n0|/pnc/remote_control_cmd|p8, topic:/pnc/remote_control_cmd, uid:3c9d5d67-e29b-40ef-992f-f26f88511675-2921114360754287628 topic_uid:-1
I0827 00:35:00.293385 1143704 aorta_component.cpp:394] [cosine_internal][AortaComponent] aorta node create publisher. node: python3.10_S1, topic:/pnc/remote_control_cmd, type:geometry_msgs.msg.pb.TwistStamped, qos:(history:1, depth:5, reliability:1, durability:2), uri:http://10.42.0.101:2379
I0827 00:35:00.293418 1143704 aorta_publisher.cpp:119] [cosine_internal][AortaPublisher] publisher initialize. topic:/pnc/remote_control_cmd, uri:
I0827 00:35:00.293427 1143704 publisher.cpp:27] [GDK]create publisher: /pnc/remote_control_cmd type: geometry_msgs.msg.pb.TwistStamped qos: 1 1 5 2
I0827 00:35:00.293447 1143704 cosine_bus_manager.cpp:294] [cosine_internal][CosineBusManager] create publisher. topic name:/pnc/task_service/remote_control/request , middleware:aorta
I0827 00:35:00.293823 1143813 shm_subscriber.cc:120] [aorta]subscriber connect to publisher success, topic /pnc/task_service/relative_move/response, local d2379|python3.10|p1143704|n0|s5|c0, peer d2379|quark_navigation|p329956|n0|/pnc/task_service/relative_move/response|p15
I0827 00:35:00.293874 1143704 tcp_publisher.cc:179] [aorta]topic /pnc/task_service/remote_control/request, pub_queue_size_ 5, latch_queue_size_ 0
I0827 00:35:00.293886 1143782 centralized_discovery.cc:733] [aorta]subscriber uid:5aceae1d-b366-4d10-be4e-dbdc60b7eb35-3654631836754090917 topic:/pnc/task_service/task_cancel/response
I0827 00:35:00.293998 1143812 tcp_socket_server.cc:200] [aorta]The ip info is0.0.0.0:36393
I0827 00:35:00.294092 1143783 pnc_impl.cpp:36] [GDK]Received pnc task state
I0827 00:35:00.294313 1143812 shm_socket_server.cc:101] [aorta][/pnc/task_service/remote_control/request] bind at pipe sock name d2379|python3.10|p1143704|n0|/pnc/task_service/remote_control/request|p9
I0827 00:35:00.294595 1143704 node_impl.cc:198] [aorta]CreatePublisher, host:0.0.0.0, port:36393, sockname:d2379|python3.10|p1143704|n0|/pnc/task_service/remote_control/request|p9, topic:/pnc/task_service/remote_control/request, uid:0255c05e-908f-4bfe-939a-cd950a0d78a8-10398465225129759782 topic_uid:-1
I0827 00:35:00.294620 1143704 aorta_component.cpp:394] [cosine_internal][AortaComponent] aorta node create publisher. node: python3.10_S1, topic:/pnc/task_service/remote_control/request, type:pnc_msgs.RemoteControlRequest, qos:(history:1, depth:5, reliability:1, durability:2), uri:http://10.42.0.101:2379
I0827 00:35:00.294760 1143704 aorta_publisher.cpp:119] [cosine_internal][AortaPublisher] publisher initialize. topic:/pnc/task_service/remote_control/request, uri:
I0827 00:35:00.294771 1143704 publisher.cpp:27] [GDK]create publisher: /pnc/task_service/remote_control/request type: pnc_msgs.RemoteControlRequest qos: 1 1 5 2
I0827 00:35:00.294842 1143704 cosine_bus_manager.cpp:400] [cosine_internal][CosineBusManager] create subscriber. topic name:/slam/odom , middleware:aorta , need async callback:0, frame_skip_rate:1
I0827 00:35:00.294853 1143704 aorta_component.cpp:174] [cosine_internal][AortaComponent] callback_name:/slam/odomhttp://10.42.0.101:2379
I0827 00:35:00.295135 1143813 shm_subscriber.cc:120] [aorta]subscriber connect to publisher success, topic /pnc/task_service/task_cancel/response, local d2379|python3.10|p1143704|n0|s6|c0, peer d2379|quark_navigation|p329956|n0|/pnc/task_service/task_cancel/response|p17
I0827 00:35:00.295199 1143782 centralized_discovery.cc:733] [aorta]subscriber uid:4f6f6d59-558f-4dbc-813b-9f4c9532b400-4995236092065324733 topic:/pnc/task_service/task_pause/response
I0827 00:35:00.295256 1143704 buffered_data_export.cpp:115] [cosine_internal]successfully create buffer [bus_buffer___slam__odom, type genie_msgs.msg.pb.OdomInfo, block num 5, valid_time 0, transfer_type 0, data_size 0, mem_type 0, lib_name , ext_data_size 0, is_protobuf 1, enable_event_sync_subscriber 0], buffer id = 11
I0827 00:35:00.295286 1143704 cosine_bus_message_buffer.cpp:45] [cosine_internal][CosineBusMessageBuffer] create buffer success. name:bus_buffer___slam__odom, type:genie_msgs.msg.pb.OdomInfo, size:5
I0827 00:35:00.295377 1143704 node_impl.cc:344] [aorta]CreateSubscriber topic:/slam/odom, uid:adfaa798-5d9d-4cc7-9651-7c7c6da503f1-8164318257426434522 topic_uid:-1
I0827 00:35:00.295812 1143704 aorta_component.cpp:326] [cosine_internal][AortaComponent] aorta node create subscriber. node: python3.10_S1, topic:/slam/odom, type:genie_msgs.msg.pb.OdomInfo, qos:(history:1, depth:5, reliability:1, durability:2), uri:http://10.42.0.101:2379
I0827 00:35:00.295825 1143704 aorta_subscriber.hpp:96] [cosine_internal][AortaSubscriber] initial. topic:/slam/odom, uri:
I0827 00:35:00.295840 1143704 cosine_bus_manager.cpp:400] [cosine_internal][CosineBusManager] create subscriber. topic name:/slam/state , middleware:aorta , need async callback:0, frame_skip_rate:1
I0827 00:35:00.295846 1143704 aorta_component.cpp:174] [cosine_internal][AortaComponent] callback_name:/slam/statehttp://10.42.0.101:2379
I0827 00:35:00.295899 1143704 buffered_data_export.cpp:115] [cosine_internal]successfully create buffer [bus_buffer___slam__state, type genie_msgs.msg.pb.CommonResponse, block num 5, valid_time 0, transfer_type 0, data_size 0, mem_type 0, lib_name , ext_data_size 0, is_protobuf 1, enable_event_sync_subscriber 0], buffer id = 12
I0827 00:35:00.295912 1143704 cosine_bus_message_buffer.cpp:45] [cosine_internal][CosineBusMessageBuffer] create buffer success. name:bus_buffer___slam__state, type:genie_msgs.msg.pb.CommonResponse, size:5
I0827 00:35:00.295991 1143704 node_impl.cc:344] [aorta]CreateSubscriber topic:/slam/state, uid:edfbace2-80eb-4d0b-9f99-19cebb7109bd-7791362299214773660 topic_uid:-1
I0827 00:35:00.296016 1143813 shm_subscriber.cc:120] [aorta]subscriber connect to publisher success, topic /pnc/task_service/task_pause/response, local d2379|python3.10|p1143704|n0|s7|c0, peer d2379|quark_navigation|p329956|n0|/pnc/task_service/task_pause/response|p18
I0827 00:35:00.296089 1143782 centralized_discovery.cc:733] [aorta]subscriber uid:ffc33d9d-42a9-41bf-9cc3-1749be13716b-16859347558940246081 topic:/pnc/task_service/task_resume/response
I0827 00:35:00.296376 1143704 aorta_component.cpp:326] [cosine_internal][AortaComponent] aorta node create subscriber. node: python3.10_S1, topic:/slam/state, type:genie_msgs.msg.pb.CommonResponse, qos:(history:1, depth:5, reliability:1, durability:2), uri:http://10.42.0.101:2379
I0827 00:35:00.296387 1143704 aorta_subscriber.hpp:96] [cosine_internal][AortaSubscriber] initial. topic:/slam/state, uri:
I0827 00:35:00.296406 1143704 cosine_bus_manager.cpp:400] [cosine_internal][CosineBusManager] create subscriber. topic name:/slam/mapping_response , middleware:aorta , need async callback:0, frame_skip_rate:1
I0827 00:35:00.296413 1143704 aorta_component.cpp:174] [cosine_internal][AortaComponent] callback_name:/slam/mapping_responsehttp://10.42.0.101:2379
I0827 00:35:00.296449 1143704 buffered_data_export.cpp:115] [cosine_internal]successfully create buffer [bus_buffer___slam__mapping_response, type genie_msgs.msg.pb.CommonResponse, block num 5, valid_time 0, transfer_type 0, data_size 0, mem_type 0, lib_name , ext_data_size 0, is_protobuf 1, enable_event_sync_subscriber 0], buffer id = 13
I0827 00:35:00.296463 1143704 cosine_bus_message_buffer.cpp:45] [cosine_internal][CosineBusMessageBuffer] create buffer success. name:bus_buffer___slam__mapping_response, type:genie_msgs.msg.pb.CommonResponse, size:5
I0827 00:35:00.296540 1143704 node_impl.cc:344] [aorta]CreateSubscriber topic:/slam/mapping_response, uid:bcc6e127-6a49-4b4e-8b21-f92d8aa50b0e-3136143855590244141 topic_uid:-1
I0827 00:35:00.296896 1143813 shm_subscriber.cc:120] [aorta]subscriber connect to publisher success, topic /pnc/task_service/task_resume/response, local d2379|python3.10|p1143704|n0|s8|c0, peer d2379|quark_navigation|p329956|n0|/pnc/task_service/task_resume/response|p19
I0827 00:35:00.296936 1143704 aorta_component.cpp:326] [cosine_internal][AortaComponent] aorta node create subscriber. node: python3.10_S1, topic:/slam/mapping_response, type:genie_msgs.msg.pb.CommonResponse, qos:(history:1, depth:5, reliability:1, durability:2), uri:http://10.42.0.101:2379
I0827 00:35:00.296944 1143704 aorta_subscriber.hpp:96] [cosine_internal][AortaSubscriber] initial. topic:/slam/mapping_response, uri:
I0827 00:35:00.296957 1143704 cosine_bus_manager.cpp:400] [cosine_internal][CosineBusManager] create subscriber. topic name:/slam/record_spec_loc_rsp , middleware:aorta , need async callback:0, frame_skip_rate:1
I0827 00:35:00.296962 1143704 aorta_component.cpp:174] [cosine_internal][AortaComponent] callback_name:/slam/record_spec_loc_rsphttp://10.42.0.101:2379
I0827 00:35:00.296958 1143782 centralized_discovery.cc:733] [aorta]subscriber uid:9b66e1f9-bc36-4fa4-9d9b-c302909956af-11583863028842959166 topic:/pnc/task_service/remote_control/response
I0827 00:35:00.296996 1143704 buffered_data_export.cpp:115] [cosine_internal]successfully create buffer [bus_buffer___slam__record_spec_loc_rsp, type genie_msgs.msg.pb.CommonResponse, block num 5, valid_time 0, transfer_type 0, data_size 0, mem_type 0, lib_name , ext_data_size 0, is_protobuf 1, enable_event_sync_subscriber 0], buffer id = 14
I0827 00:35:00.297012 1143704 cosine_bus_message_buffer.cpp:45] [cosine_internal][CosineBusMessageBuffer] create buffer success. name:bus_buffer___slam__record_spec_loc_rsp, type:genie_msgs.msg.pb.CommonResponse, size:5
I0827 00:35:00.297075 1143704 node_impl.cc:344] [aorta]CreateSubscriber topic:/slam/record_spec_loc_rsp, uid:22c3efbf-c9f8-4fcd-aa93-a02d5f04a610-16786186340696970127 topic_uid:-1
I0827 00:35:00.297475 1143704 aorta_component.cpp:326] [cosine_internal][AortaComponent] aorta node create subscriber. node: python3.10_S1, topic:/slam/record_spec_loc_rsp, type:genie_msgs.msg.pb.CommonResponse, qos:(history:1, depth:5, reliability:1, durability:2), uri:http://10.42.0.101:2379
I0827 00:35:00.297485 1143704 aorta_subscriber.hpp:96] [cosine_internal][AortaSubscriber] initial. topic:/slam/record_spec_loc_rsp, uri:
I0827 00:35:00.297504 1143704 cosine_bus_manager.cpp:294] [cosine_internal][CosineBusManager] create publisher. topic name:/slam/mapping_request , middleware:aorta
I0827 00:35:00.297837 1143813 shm_subscriber.cc:120] [aorta]subscriber connect to publisher success, topic /pnc/task_service/remote_control/response, local d2379|python3.10|p1143704|n0|s9|c0, peer d2379|quark_navigation|p329956|n0|..c/task_service/remote_control/response|p16
I0827 00:35:00.297911 1143704 tcp_publisher.cc:179] [aorta]topic /slam/mapping_request, pub_queue_size_ 5, latch_queue_size_ 0
I0827 00:35:00.297993 1143812 tcp_socket_server.cc:200] [aorta]The ip info is0.0.0.0:34241
