Log file created at: 2025/08/26 23:43:19
Running on machine: G2
Log line format: [IWEF]mmdd hh:mm:ss.uuuuuu threadid file:line] msg
I0826 23:43:19.062906 318601 dylog_impl.cpp:641] [DYLOG] set dylog default level to INFO
I0826 23:43:19.062978 318601 dylog_impl.cpp:690] [DYLOG] soc num : R2
I0826 23:43:19.062991 318601 dylog_impl.cpp:695] [DYLOG] can't read scene_mode, use sud
W0826 23:43:19.063015 318601 dylog_impl.cpp:757] [DYLOG] can't find available json config file with path : /home/agi/app/conf/scene_server/dylog_sud_default.json, use default.
I0826 23:43:19.063163 318601 dylog_impl.cpp:293] [DYLOG] register dsd_name : dylog/python3.10/cosine_internal
I0826 23:43:19.066361 318601 cosine_bus_manager.cpp:88] [cosine_internal][CosineBusManager] cosine bus config path not set, use default config.
I0826 23:43:19.066406 318601 cosine_bus_manager.cpp:118] [cosine_internal][CosineBusManager] initial cosine_bus_config:
I0826 23:43:19.067940 318601 cosine_bus_global_sync.cpp:30] [cosine_internal][BusGlobalSync] set default middleware name:aorta
I0826 23:43:19.067977 318601 scheduler_classic.cpp:28] [cosine_internal]Proc number set to be: 1
I0826 23:43:19.068960 318601 dynamic_object.cpp:521] [cosine_internal][DynamicObject] open libdynamic_aorta.so success.
I0826 23:43:19.069152 318601 dynamic_object.cpp:581] [cosine_internal][DynamicObject] Successfully enumerated 57 symbols in libdynamic_aorta.so
I0826 23:43:19.069164 318601 resource_loader.cpp:13] [cosine_internal][ResourceLoader] Attempting to load function: aorta_get_object
I0826 23:43:19.069168 318601 resource_loader.cpp:17] [cosine_internal][ResourceLoader] Trying address() method for C++ symbol: aorta_get_object
I0826 23:43:19.069176 318601 resource_loader.cpp:20] [cosine_internal][ResourceLoader] Successfully loaded C++ symbol: aorta_get_object
I0826 23:43:19.069180 318601 resource_loader.cpp:13] [cosine_internal][ResourceLoader] Attempting to load function: aorta_call_object_func
I0826 23:43:19.069183 318601 resource_loader.cpp:17] [cosine_internal][ResourceLoader] Trying address() method for C++ symbol: aorta_call_object_func
I0826 23:43:19.069186 318601 resource_loader.cpp:20] [cosine_internal][ResourceLoader] Successfully loaded C++ symbol: aorta_call_object_func
I0826 23:43:19.069190 318601 resource_loader.cpp:13] [cosine_internal][ResourceLoader] Attempting to load function: aorta_clean_up
I0826 23:43:19.069193 318601 resource_loader.cpp:17] [cosine_internal][ResourceLoader] Trying address() method for C++ symbol: aorta_clean_up
I0826 23:43:19.069207 318601 resource_loader.cpp:25] [cosine_internal][ResourceLoader] C++ symbol failed, trying c_address() method for C symbol: aorta_clean_up
I0826 23:43:19.069212 318601 resource_loader.cpp:28] [cosine_internal][ResourceLoader] Successfully loaded C symbol: aorta_clean_up
W0826 23:43:19.069221 318601 aorta_component.cpp:90] [cosine_internal]Environment variable [LOCATOR_IP/DDS_IP] not set, fallback to 10.42.0.101
I0826 23:43:19.069226 318601 aorta_component.cpp:496] [cosine_internal][AortaComponent] locator_ip: 10.42.0.101; Check network before domain init 
I0826 23:43:19.069265 318601 clock.cpp:22] [cosine_internal]load ptp time source from: libptp_clock_time.so
I0826 23:43:19.069439 318601 dynamic_object.cpp:521] [cosine_internal][DynamicObject] open libptp_clock_time.so success.
I0826 23:43:19.069860 318601 aorta_component.cpp:515] [cosine_internal][AortaComponent] Network check start. locator_ip: 10.42.0.101, timeout: 60 seconds , check_start_time: 1756222999
I0826 23:43:19.069881 318601 aorta_component.cpp:526] [cosine_internal][AortaComponent] locator_ip: 10.42.0.101; network is ready.
I0826 23:43:19.069931 318601 dylog_impl.cpp:293] [DYLOG] register dsd_name : dylog/python3.10/aorta
I0826 23:43:19.070078 318601 pcie_config.cc:52] [aorta]Get one valid pcie channel. producer: soc-s3 app-map_loc_app endpoint-nvscic2c_pcie_s3_c7_11 consumer: soc-s1 app-worldmodel endpoint-nvscic2c_pcie_s1_c7_11
I0826 23:43:19.070168 318601 os.cc:88] [aorta]Got host_id from system files: Huixi R1ROBOR2
I0826 23:43:19.070207 318601 pcie_manager.cc:71] [aorta]There is no pcie config in current process.
I0826 23:43:19.070551 318601 message_monitor_config.cc:398] [aorta]run in  mode
I0826 23:43:19.071812 318601 domain_impl.cc:58] [aorta]aorta version:7b1b7ddc
I0826 23:43:19.071841 318601 json_comm.cc:35] [aorta]file path: /home/agi/app/conf/topology/topology_rule.json not exist.
I0826 23:43:19.071856 318601 message_monitor_config.cc:398] [aorta]run in  mode
I0826 23:43:19.072705 318601 message_monitor_config.cc:731] [aorta]message monitor is updated from /home/agi/app/conf/aorta/function/aorta_monitor_conf.json
I0826 23:43:19.073688 318601 discovery_factory.cc:14] [aorta]type:1, host:10.42.0.101, port:2379, ttl:15, minor_cycle:100, major_cycle:3
I0826 23:43:19.074208 318601 config.cc:53] [aorta]AORTA_IP_MASK not set.
I0826 23:43:19.074220 318601 discovery.cc:245] [aorta]get ip masks empty.
I0826 23:43:19.074229 318601 config.cc:200] [aorta]AORTA_EXTRA_LOCAL_IPS not set.
I0826 23:43:19.074231 318601 discovery.cc:266] [aorta]local_publisher_ips_ empty.
I0826 23:43:19.074249 318601 config.cc:124] [aorta]ip match, ip:127.0.0.1
I0826 23:43:19.074257 318601 discovery.cc:275] [aorta]default emplace ip:10.42.0.101
I0826 23:43:19.074261 318601 discovery.cc:275] [aorta]default emplace ip:10.42.12.101
I0826 23:43:19.074265 318601 discovery.cc:275] [aorta]default emplace ip:10.42.1.101
I0826 23:43:19.074267 318601 discovery.cc:275] [aorta]default emplace ip:10.42.6.101
I0826 23:43:19.074270 318601 discovery.cc:275] [aorta]default emplace ip:192.168.1.101
I0826 23:43:19.074272 318601 discovery.cc:275] [aorta]default emplace ip:10.42.30.101
I0826 23:43:19.074275 318601 discovery.cc:275] [aorta]default emplace ip:10.42.40.101
I0826 23:43:19.074277 318601 discovery.cc:275] [aorta]default emplace ip:10.20.15.199
I0826 23:43:19.074280 318601 discovery.cc:275] [aorta]default emplace ip:10.42.6.101
I0826 23:43:19.074285 318601 centralized_discovery.cc:55] [aorta]lease_ttl_:15
I0826 23:43:19.074697 318601 aorta_component.cpp:561] [cosine_internal][AortaComponent] aorta create domain success. uri:http://10.42.0.101:2379
I0826 23:43:19.074828 318601 aorta_component.cpp:447] [cosine_internal][AortaComponent] aorta domain created node: python3.10_S1 , domain_uri:http://10.42.0.101:2379
I0826 23:43:19.074839 318601 aorta_component.cpp:126] [cosine_internal][AortaComponent] aorta component init success. node:python3.10_S1, uri:http://10.42.0.101:2379, locator_kind(1:shm,2:tcp,3:udp):2, locator_ip:10.42.0.101, locator_port:0, aorta_dispatcher_thread_num:1
I0826 23:43:19.074990 318640 processor.cpp:40] [cosine_internal]processor_tid: 318640
I0826 23:43:19.074999 318643 executor_impl.cc:91] [aorta]aorta-dispatch0 start spinning
I0826 23:43:19.091524 318642 centralized_discovery.cc:1110] [aorta]poll thread: revision:1181
I0826 23:43:19.091629 318642 centralized_discovery.cc:1123] [aorta]inotify_fd_:15 inotify_watch_:1 inotify_watch_path:/home/agi/app/conf/aorta/function
I0826 23:43:19.094022 318642 centralized_discovery.cc:615] [aorta]grant lease for node python3.10_S1 lease_id = 7587889064995165760
I0826 23:43:19.095516 318642 watch_state.cc:54] [aorta]watch connect success.
I0826 23:43:19.096421 318642 centralized_discovery.cc:1615] [aorta]recv watch response created.
I0826 23:43:19.130807 318601 cosine_bus_manager.cpp:294] [cosine_internal][CosineBusManager] create publisher. topic name:/gdk/config_request , middleware:aorta
I0826 23:43:19.131551 318601 tcp_publisher.cc:179] [aorta]topic /gdk/config_request, pub_queue_size_ 5, latch_queue_size_ 0
I0826 23:43:19.131762 318656 tcp_socket_server.cc:200] [aorta]The ip info is0.0.0.0:38201
I0826 23:43:19.132139 318656 shm_socket_server.cc:101] [aorta][/gdk/config_request] bind at pipe sock name d2379|python3.10|p318601|n0|/gdk/config_request|p0
I0826 23:43:19.132264 318601 node_impl.cc:198] [aorta]CreatePublisher, host:0.0.0.0, port:38201, sockname:d2379|python3.10|p318601|n0|/gdk/config_request|p0, topic:/gdk/config_request, uid:f84f1f68-9f95-4f0d-ac5f-42705f1347cb-4991715019463590898 topic_uid:-1
I0826 23:43:19.132305 318601 aorta_component.cpp:394] [cosine_internal][AortaComponent] aorta node create publisher. node: python3.10_S1, topic:/gdk/config_request, type:genie_msgs.msg.pb.CommonRequest, qos:(history:1, depth:5, reliability:1, durability:2), uri:http://10.42.0.101:2379
I0826 23:43:19.132347 318601 aorta_publisher.cpp:119] [cosine_internal][AortaPublisher] publisher initialize. topic:/gdk/config_request, uri:
I0826 23:43:19.132361 318601 dylog_impl.cpp:293] [DYLOG] register dsd_name : dylog/python3.10/GDK
I0826 23:43:19.132388 318642 centralized_discovery.cc:681] [aorta]publisher uid:f84f1f68-9f95-4f0d-ac5f-42705f1347cb-4991715019463590898 topic:/gdk/config_request
I0826 23:43:19.132403 318601 publisher.cpp:27] [GDK]create publisher: /gdk/config_request type: genie_msgs.msg.pb.CommonRequest qos: 1 1 5 2
I0826 23:43:19.132427 318601 cosine_bus_manager.cpp:294] [cosine_internal][CosineBusManager] create publisher. topic name:/gdk/camera_conf_request , middleware:aorta
I0826 23:43:19.132848 318601 tcp_publisher.cc:179] [aorta]topic /gdk/camera_conf_request, pub_queue_size_ 5, latch_queue_size_ 0
I0826 23:43:19.132929 318656 tcp_socket_server.cc:200] [aorta]The ip info is0.0.0.0:46261
I0826 23:43:19.133033 318656 shm_socket_server.cc:101] [aorta][/gdk/camera_conf_request] bind at pipe sock name d2379|python3.10|p318601|n0|/gdk/camera_conf_request|p1
I0826 23:43:19.133093 318601 node_impl.cc:198] [aorta]CreatePublisher, host:0.0.0.0, port:46261, sockname:d2379|python3.10|p318601|n0|/gdk/camera_conf_request|p1, topic:/gdk/camera_conf_request, uid:0fb6d879-6cb5-4f86-8dba-15b0ef67209c-9117180461459404870 topic_uid:-1
I0826 23:43:19.133142 318601 aorta_component.cpp:394] [cosine_internal][AortaComponent] aorta node create publisher. node: python3.10_S1, topic:/gdk/camera_conf_request, type:genie_msgs.msg.pb.CommonRequest, qos:(history:1, depth:5, reliability:1, durability:2), uri:http://10.42.0.101:2379
I0826 23:43:19.133177 318601 aorta_publisher.cpp:119] [cosine_internal][AortaPublisher] publisher initialize. topic:/gdk/camera_conf_request, uri:
I0826 23:43:19.133184 318601 publisher.cpp:27] [GDK]create publisher: /gdk/camera_conf_request type: genie_msgs.msg.pb.CommonRequest qos: 1 1 5 2
I0826 23:43:19.133203 318601 cosine_bus_manager.cpp:400] [cosine_internal][CosineBusManager] create subscriber. topic name:/gdk/config_response , middleware:aorta , need async callback:0, frame_skip_rate:1
I0826 23:43:19.133229 318601 aorta_component.cpp:174] [cosine_internal][AortaComponent] callback_name:/gdk/config_responsehttp://10.42.0.101:2379
I0826 23:43:19.133314 318601 dynamic_object.cpp:521] [cosine_internal][DynamicObject] open  success.
I0826 23:43:19.133507 318601 buffered_data_export.cpp:115] [cosine_internal]successfully create buffer [bus_buffer___gdk__config_response, type genie_msgs.msg.pb.CommonResponse, block num 5, valid_time 0, transfer_type 0, data_size 0, mem_type 0, lib_name , ext_data_size 0, is_protobuf 1, enable_event_sync_subscriber 0], buffer id = 1
I0826 23:43:19.133530 318601 cosine_bus_message_buffer.cpp:45] [cosine_internal][CosineBusMessageBuffer] create buffer success. name:bus_buffer___gdk__config_response, type:genie_msgs.msg.pb.CommonResponse, size:5
I0826 23:43:19.133615 318601 node_impl.cc:344] [aorta]CreateSubscriber topic:/gdk/config_response, uid:11f8a079-efad-4477-a9b1-dc25e629b974-9533047780102618842 topic_uid:-1
I0826 23:43:19.134178 318601 aorta_component.cpp:326] [cosine_internal][AortaComponent] aorta node create subscriber. node: python3.10_S1, topic:/gdk/config_response, type:genie_msgs.msg.pb.CommonResponse, qos:(history:1, depth:5, reliability:1, durability:2), uri:http://10.42.0.101:2379
I0826 23:43:19.134195 318601 aorta_subscriber.hpp:96] [cosine_internal][AortaSubscriber] initial. topic:/gdk/config_response, uri:
I0826 23:43:19.134212 318601 cosine_bus_manager.cpp:400] [cosine_internal][CosineBusManager] create subscriber. topic name:/gdk/camera_conf_response , middleware:aorta , need async callback:0, frame_skip_rate:1
I0826 23:43:19.134220 318601 aorta_component.cpp:174] [cosine_internal][AortaComponent] callback_name:/gdk/camera_conf_responsehttp://10.42.0.101:2379
I0826 23:43:19.134269 318601 buffered_data_export.cpp:115] [cosine_internal]successfully create buffer [bus_buffer___gdk__camera_conf_response, type genie_msgs.msg.pb.CommonResponse, block num 5, valid_time 0, transfer_type 0, data_size 0, mem_type 0, lib_name , ext_data_size 0, is_protobuf 1, enable_event_sync_subscriber 0], buffer id = 2
I0826 23:43:19.134284 318601 cosine_bus_message_buffer.cpp:45] [cosine_internal][CosineBusMessageBuffer] create buffer success. name:bus_buffer___gdk__camera_conf_response, type:genie_msgs.msg.pb.CommonResponse, size:5
I0826 23:43:19.134368 318601 node_impl.cc:344] [aorta]CreateSubscriber topic:/gdk/camera_conf_response, uid:f4840635-bc7f-4623-a7d6-1a1673c014b0-3551884323222435368 topic_uid:-1
I0826 23:43:19.134446 318642 centralized_discovery.cc:681] [aorta]publisher uid:0fb6d879-6cb5-4f86-8dba-15b0ef67209c-9117180461459404870 topic:/gdk/camera_conf_request
I0826 23:43:19.134775 318601 aorta_component.cpp:326] [cosine_internal][AortaComponent] aorta node create subscriber. node: python3.10_S1, topic:/gdk/camera_conf_response, type:genie_msgs.msg.pb.CommonResponse, qos:(history:1, depth:5, reliability:1, durability:2), uri:http://10.42.0.101:2379
I0826 23:43:19.134786 318601 aorta_subscriber.hpp:96] [cosine_internal][AortaSubscriber] initial. topic:/gdk/camera_conf_response, uri:
I0826 23:43:19.134872 318601 cosine_bus_manager.cpp:400] [cosine_internal][CosineBusManager] create subscriber. topic name:/pnc/task_state , middleware:aorta , need async callback:0, frame_skip_rate:1
I0826 23:43:19.134882 318601 aorta_component.cpp:174] [cosine_internal][AortaComponent] callback_name:/pnc/task_statehttp://10.42.0.101:2379
I0826 23:43:19.136771 318601 buffered_data_export.cpp:115] [cosine_internal]successfully create buffer [bus_buffer___pnc__task_state, type pnc_msgs.TaskState, block num 5, valid_time 0, transfer_type 0, data_size 0, mem_type 0, lib_name , ext_data_size 0, is_protobuf 1, enable_event_sync_subscriber 0], buffer id = 3
I0826 23:43:19.136847 318601 cosine_bus_message_buffer.cpp:45] [cosine_internal][CosineBusMessageBuffer] create buffer success. name:bus_buffer___pnc__task_state, type:pnc_msgs.TaskState, size:5
I0826 23:43:19.136858 318642 centralized_discovery.cc:733] [aorta]subscriber uid:11f8a079-efad-4477-a9b1-dc25e629b974-9533047780102618842 topic:/gdk/config_response
I0826 23:43:19.136981 318601 node_impl.cc:344] [aorta]CreateSubscriber topic:/pnc/task_state, uid:f03bc7b7-5c68-463e-9a20-9c6265ca8ff1-9096530589114119892 topic_uid:-1
I0826 23:43:19.137398 318601 aorta_component.cpp:326] [cosine_internal][AortaComponent] aorta node create subscriber. node: python3.10_S1, topic:/pnc/task_state, type:pnc_msgs.TaskState, qos:(history:1, depth:5, reliability:1, durability:2), uri:http://10.42.0.101:2379
I0826 23:43:19.137413 318601 aorta_subscriber.hpp:96] [cosine_internal][AortaSubscriber] initial. topic:/pnc/task_state, uri:
I0826 23:43:19.137456 318601 cosine_bus_manager.cpp:400] [cosine_internal][CosineBusManager] create subscriber. topic name:/pnc/task_service/normal_navigation/response , middleware:aorta , need async callback:0, frame_skip_rate:1
I0826 23:43:19.137466 318601 aorta_component.cpp:174] [cosine_internal][AortaComponent] callback_name:/pnc/task_service/normal_navigation/responsehttp://10.42.0.101:2379
I0826 23:43:19.137552 318601 buffered_data_export.cpp:115] [cosine_internal]successfully create buffer [bus_buffer___pnc__task_service__normal_navigation__response, type pnc_msgs.NormalNavigationResponse, block num 5, valid_time 0, transfer_type 0, data_size 0, mem_type 0, lib_name , ext_data_size 0, is_protobuf 1, enable_event_sync_subscriber 0], buffer id = 4
I0826 23:43:19.137566 318601 cosine_bus_message_buffer.cpp:45] [cosine_internal][CosineBusMessageBuffer] create buffer success. name:bus_buffer___pnc__task_service__normal_navigation__response, type:pnc_msgs.NormalNavigationResponse, size:5
I0826 23:43:19.137831 318601 node_impl.cc:344] [aorta]CreateSubscriber topic:/pnc/task_service/normal_navigation/response, uid:5b26a393-72ca-41a8-b0a7-f802661753f6-7227396448010854466 topic_uid:-1
I0826 23:43:19.138238 318601 aorta_component.cpp:326] [cosine_internal][AortaComponent] aorta node create subscriber. node: python3.10_S1, topic:/pnc/task_service/normal_navigation/response, type:pnc_msgs.NormalNavigationResponse, qos:(history:1, depth:5, reliability:1, durability:2), uri:http://10.42.0.101:2379
I0826 23:43:19.138252 318601 aorta_subscriber.hpp:96] [cosine_internal][AortaSubscriber] initial. topic:/pnc/task_service/normal_navigation/response, uri:
I0826 23:43:19.138268 318601 cosine_bus_manager.cpp:400] [cosine_internal][CosineBusManager] create subscriber. topic name:/pnc/task_service/high_precision_navigation/response , middleware:aorta , need async callback:0, frame_skip_rate:1
I0826 23:43:19.138275 318601 aorta_component.cpp:174] [cosine_internal][AortaComponent] callback_name:/pnc/task_service/high_precision_navigation/responsehttp://10.42.0.101:2379
I0826 23:43:19.138326 318601 buffered_data_export.cpp:115] [cosine_internal]successfully create buffer [bus_buffer___pnc__task_service__high_precision_navigation__response, type pnc_msgs.HighPrecisionNavigationResponse, block num 5, valid_time 0, transfer_type 0, data_size 0, mem_type 0, lib_name , ext_data_size 0, is_protobuf 1, enable_event_sync_subscriber 0], buffer id = 5
I0826 23:43:19.138341 318601 cosine_bus_message_buffer.cpp:45] [cosine_internal][CosineBusMessageBuffer] create buffer success. name:bus_buffer___pnc__task_service__high_precision_navigation__response, type:pnc_msgs.HighPrecisionNavigationResponse, size:5
I0826 23:43:19.138422 318601 node_impl.cc:344] [aorta]CreateSubscriber topic:/pnc/task_service/high_precision_navigation/response, uid:cb7b7ceb-a6b9-4870-896e-4948d70631e9-4701876173029784314 topic_uid:-1
I0826 23:43:19.139272 318659 shm_subscriber.cc:120] [aorta]subscriber connect to publisher success, topic /gdk/config_response, local d2379|python3.10|p318601|n0|s0|c0, peer d2379|gdk_service|p8997|n0|/gdk/config_response|p0
I0826 23:43:19.139320 318601 aorta_component.cpp:326] [cosine_internal][AortaComponent] aorta node create subscriber. node: python3.10_S1, topic:/pnc/task_service/high_precision_navigation/response, type:pnc_msgs.HighPrecisionNavigationResponse, qos:(history:1, depth:5, reliability:1, durability:2), uri:http://10.42.0.101:2379
I0826 23:43:19.139335 318601 aorta_subscriber.hpp:96] [cosine_internal][AortaSubscriber] initial. topic:/pnc/task_service/high_precision_navigation/response, uri:
I0826 23:43:19.139362 318601 cosine_bus_manager.cpp:400] [cosine_internal][CosineBusManager] create subscriber. topic name:/pnc/task_service/relative_move/response , middleware:aorta , need async callback:0, frame_skip_rate:1
I0826 23:43:19.139370 318601 aorta_component.cpp:174] [cosine_internal][AortaComponent] callback_name:/pnc/task_service/relative_move/responsehttp://10.42.0.101:2379
I0826 23:43:19.139382 318642 centralized_discovery.cc:733] [aorta]subscriber uid:f4840635-bc7f-4623-a7d6-1a1673c014b0-3551884323222435368 topic:/gdk/camera_conf_response
I0826 23:43:19.139420 318601 buffered_data_export.cpp:115] [cosine_internal]successfully create buffer [bus_buffer___pnc__task_service__relative_move__response, type pnc_msgs.RelativeMoveResponse, block num 5, valid_time 0, transfer_type 0, data_size 0, mem_type 0, lib_name , ext_data_size 0, is_protobuf 1, enable_event_sync_subscriber 0], buffer id = 6
I0826 23:43:19.139460 318601 cosine_bus_message_buffer.cpp:45] [cosine_internal][CosineBusMessageBuffer] create buffer success. name:bus_buffer___pnc__task_service__relative_move__response, type:pnc_msgs.RelativeMoveResponse, size:5
I0826 23:43:19.139539 318601 node_impl.cc:344] [aorta]CreateSubscriber topic:/pnc/task_service/relative_move/response, uid:f8d0cd9f-9709-4149-b227-07c518f6cca9-4077207897147431090 topic_uid:-1
I0826 23:43:19.139950 318601 aorta_component.cpp:326] [cosine_internal][AortaComponent] aorta node create subscriber. node: python3.10_S1, topic:/pnc/task_service/relative_move/response, type:pnc_msgs.RelativeMoveResponse, qos:(history:1, depth:5, reliability:1, durability:2), uri:http://10.42.0.101:2379
I0826 23:43:19.139961 318601 aorta_subscriber.hpp:96] [cosine_internal][AortaSubscriber] initial. topic:/pnc/task_service/relative_move/response, uri:
I0826 23:43:19.139978 318601 cosine_bus_manager.cpp:400] [cosine_internal][CosineBusManager] create subscriber. topic name:/pnc/task_service/task_cancel/response , middleware:aorta , need async callback:0, frame_skip_rate:1
I0826 23:43:19.139986 318601 aorta_component.cpp:174] [cosine_internal][AortaComponent] callback_name:/pnc/task_service/task_cancel/responsehttp://10.42.0.101:2379
I0826 23:43:19.140020 318601 buffered_data_export.cpp:115] [cosine_internal]successfully create buffer [bus_buffer___pnc__task_service__task_cancel__response, type pnc_msgs.TaskCancelResponse, block num 5, valid_time 0, transfer_type 0, data_size 0, mem_type 0, lib_name , ext_data_size 0, is_protobuf 1, enable_event_sync_subscriber 0], buffer id = 7
I0826 23:43:19.140033 318601 cosine_bus_message_buffer.cpp:45] [cosine_internal][CosineBusMessageBuffer] create buffer success. name:bus_buffer___pnc__task_service__task_cancel__response, type:pnc_msgs.TaskCancelResponse, size:5
I0826 23:43:19.140110 318601 node_impl.cc:344] [aorta]CreateSubscriber topic:/pnc/task_service/task_cancel/response, uid:78b549cb-705b-443a-9d0c-76bf46cbb91c-3654631836754090917 topic_uid:-1
I0826 23:43:19.140508 318659 shm_subscriber.cc:120] [aorta]subscriber connect to publisher success, topic /gdk/camera_conf_response, local d2379|python3.10|p318601|n0|s1|c0, peer d2379|gdk_service|p8997|n0|/gdk/camera_conf_response|p1
I0826 23:43:19.140571 318642 centralized_discovery.cc:733] [aorta]subscriber uid:f03bc7b7-5c68-463e-9a20-9c6265ca8ff1-9096530589114119892 topic:/pnc/task_state
I0826 23:43:19.141013 318601 aorta_component.cpp:326] [cosine_internal][AortaComponent] aorta node create subscriber. node: python3.10_S1, topic:/pnc/task_service/task_cancel/response, type:pnc_msgs.TaskCancelResponse, qos:(history:1, depth:5, reliability:1, durability:2), uri:http://10.42.0.101:2379
I0826 23:43:19.141027 318601 aorta_subscriber.hpp:96] [cosine_internal][AortaSubscriber] initial. topic:/pnc/task_service/task_cancel/response, uri:
I0826 23:43:19.141041 318601 cosine_bus_manager.cpp:400] [cosine_internal][CosineBusManager] create subscriber. topic name:/pnc/task_service/task_pause/response , middleware:aorta , need async callback:0, frame_skip_rate:1
I0826 23:43:19.141048 318601 aorta_component.cpp:174] [cosine_internal][AortaComponent] callback_name:/pnc/task_service/task_pause/responsehttp://10.42.0.101:2379
I0826 23:43:19.141094 318601 buffered_data_export.cpp:115] [cosine_internal]successfully create buffer [bus_buffer___pnc__task_service__task_pause__response, type pnc_msgs.TaskPauseResponse, block num 5, valid_time 0, transfer_type 0, data_size 0, mem_type 0, lib_name , ext_data_size 0, is_protobuf 1, enable_event_sync_subscriber 0], buffer id = 8
I0826 23:43:19.141139 318601 cosine_bus_message_buffer.cpp:45] [cosine_internal][CosineBusMessageBuffer] create buffer success. name:bus_buffer___pnc__task_service__task_pause__response, type:pnc_msgs.TaskPauseResponse, size:5
I0826 23:43:19.141227 318601 node_impl.cc:344] [aorta]CreateSubscriber topic:/pnc/task_service/task_pause/response, uid:2d4ee24f-1602-4092-90d3-cb75432506ee-4995236092065324733 topic_uid:-1
I0826 23:43:19.141431 318659 shm_subscriber.cc:120] [aorta]subscriber connect to publisher success, topic /pnc/task_state, local d2379|python3.10|p318601|n0|s2|c0, peer d2379|quark_navigation|p9584|n0|/pnc/task_state|p24
I0826 23:43:19.141489 318642 centralized_discovery.cc:733] [aorta]subscriber uid:5b26a393-72ca-41a8-b0a7-f802661753f6-7227396448010854466 topic:/pnc/task_service/normal_navigation/response
I0826 23:43:19.141638 318601 aorta_component.cpp:326] [cosine_internal][AortaComponent] aorta node create subscriber. node: python3.10_S1, topic:/pnc/task_service/task_pause/response, type:pnc_msgs.TaskPauseResponse, qos:(history:1, depth:5, reliability:1, durability:2), uri:http://10.42.0.101:2379
I0826 23:43:19.141655 318601 aorta_subscriber.hpp:96] [cosine_internal][AortaSubscriber] initial. topic:/pnc/task_service/task_pause/response, uri:
I0826 23:43:19.141669 318601 cosine_bus_manager.cpp:400] [cosine_internal][CosineBusManager] create subscriber. topic name:/pnc/task_service/task_resume/response , middleware:aorta , need async callback:0, frame_skip_rate:1
I0826 23:43:19.141675 318601 aorta_component.cpp:174] [cosine_internal][AortaComponent] callback_name:/pnc/task_service/task_resume/responsehttp://10.42.0.101:2379
I0826 23:43:19.141713 318601 buffered_data_export.cpp:115] [cosine_internal]successfully create buffer [bus_buffer___pnc__task_service__task_resume__response, type pnc_msgs.TaskResumeResponse, block num 5, valid_time 0, transfer_type 0, data_size 0, mem_type 0, lib_name , ext_data_size 0, is_protobuf 1, enable_event_sync_subscriber 0], buffer id = 9
I0826 23:43:19.141726 318601 cosine_bus_message_buffer.cpp:45] [cosine_internal][CosineBusMessageBuffer] create buffer success. name:bus_buffer___pnc__task_service__task_resume__response, type:pnc_msgs.TaskResumeResponse, size:5
I0826 23:43:19.141803 318601 node_impl.cc:344] [aorta]CreateSubscriber topic:/pnc/task_service/task_resume/response, uid:4a3a46a1-6540-4b3a-8c3d-827a225f8c90-16859347558940246081 topic_uid:-1
I0826 23:43:19.142199 318601 aorta_component.cpp:326] [cosine_internal][AortaComponent] aorta node create subscriber. node: python3.10_S1, topic:/pnc/task_service/task_resume/response, type:pnc_msgs.TaskResumeResponse, qos:(history:1, depth:5, reliability:1, durability:2), uri:http://10.42.0.101:2379
I0826 23:43:19.142210 318601 aorta_subscriber.hpp:96] [cosine_internal][AortaSubscriber] initial. topic:/pnc/task_service/task_resume/response, uri:
I0826 23:43:19.142221 318601 cosine_bus_manager.cpp:400] [cosine_internal][CosineBusManager] create subscriber. topic name:/pnc/task_service/remote_control/response , middleware:aorta , need async callback:0, frame_skip_rate:1
I0826 23:43:19.142227 318601 aorta_component.cpp:174] [cosine_internal][AortaComponent] callback_name:/pnc/task_service/remote_control/responsehttp://10.42.0.101:2379
I0826 23:43:19.142263 318601 buffered_data_export.cpp:115] [cosine_internal]successfully create buffer [bus_buffer___pnc__task_service__remote_control__response, type pnc_msgs.RemoteControlResponse, block num 5, valid_time 0, transfer_type 0, data_size 0, mem_type 0, lib_name , ext_data_size 0, is_protobuf 1, enable_event_sync_subscriber 0], buffer id = 10
I0826 23:43:19.142275 318601 cosine_bus_message_buffer.cpp:45] [cosine_internal][CosineBusMessageBuffer] create buffer success. name:bus_buffer___pnc__task_service__remote_control__response, type:pnc_msgs.RemoteControlResponse, size:5
I0826 23:43:19.142351 318601 node_impl.cc:344] [aorta]CreateSubscriber topic:/pnc/task_service/remote_control/response, uid:6d61b16e-513b-4b97-bb22-834ff5b2c855-11583863028842959166 topic_uid:-1
I0826 23:43:19.142477 318659 shm_subscriber.cc:120] [aorta]subscriber connect to publisher success, topic /pnc/task_service/normal_navigation/response, local d2379|python3.10|p318601|n0|s3|c0, peer d2379|quark_navigation|p9584|n0|..ask_service/normal_navigation/response|p11
I0826 23:43:19.142620 318642 centralized_discovery.cc:733] [aorta]subscriber uid:cb7b7ceb-a6b9-4870-896e-4948d70631e9-4701876173029784314 topic:/pnc/task_service/high_precision_navigation/response
I0826 23:43:19.142746 318601 aorta_component.cpp:326] [cosine_internal][AortaComponent] aorta node create subscriber. node: python3.10_S1, topic:/pnc/task_service/remote_control/response, type:pnc_msgs.RemoteControlResponse, qos:(history:1, depth:5, reliability:1, durability:2), uri:http://10.42.0.101:2379
I0826 23:43:19.142756 318601 aorta_subscriber.hpp:96] [cosine_internal][AortaSubscriber] initial. topic:/pnc/task_service/remote_control/response, uri:
I0826 23:43:19.142779 318601 cosine_bus_manager.cpp:294] [cosine_internal][CosineBusManager] create publisher. topic name:/pnc/task_service/normal_navigation/request , middleware:aorta
I0826 23:43:19.143191 318601 tcp_publisher.cc:179] [aorta]topic /pnc/task_service/normal_navigation/request, pub_queue_size_ 5, latch_queue_size_ 0
I0826 23:43:19.143287 318656 tcp_socket_server.cc:200] [aorta]The ip info is0.0.0.0:46451
I0826 23:43:19.143365 318656 shm_socket_server.cc:101] [aorta][/pnc/task_service/normal_navigation/request] bind at pipe sock name d2379|python3.10|p318601|n0|..task_service/normal_navigation/request|p2
I0826 23:43:19.143471 318659 shm_subscriber.cc:120] [aorta]subscriber connect to publisher success, topic /pnc/task_service/high_precision_navigation/response, local d2379|python3.10|p318601|n0|s4|c0, peer d2379|quark_navigation|p9584|n0|..ice/high_precision_navigation/response|p12
I0826 23:43:19.143528 318642 centralized_discovery.cc:733] [aorta]subscriber uid:f8d0cd9f-9709-4149-b227-07c518f6cca9-4077207897147431090 topic:/pnc/task_service/relative_move/response
I0826 23:43:19.143591 318601 node_impl.cc:198] [aorta]CreatePublisher, host:0.0.0.0, port:46451, sockname:d2379|python3.10|p318601|n0|..task_service/normal_navigation/request|p2, topic:/pnc/task_service/normal_navigation/request, uid:f613ed51-9f85-450c-9b94-52e9722b0e62-11863888217293896894 topic_uid:-1
I0826 23:43:19.143615 318601 aorta_component.cpp:394] [cosine_internal][AortaComponent] aorta node create publisher. node: python3.10_S1, topic:/pnc/task_service/normal_navigation/request, type:pnc_msgs.NormalNavigationRequest, qos:(history:1, depth:5, reliability:1, durability:2), uri:http://10.42.0.101:2379
I0826 23:43:19.143651 318601 aorta_publisher.cpp:119] [cosine_internal][AortaPublisher] publisher initialize. topic:/pnc/task_service/normal_navigation/request, uri:
I0826 23:43:19.143658 318601 publisher.cpp:27] [GDK]create publisher: /pnc/task_service/normal_navigation/request type: pnc_msgs.NormalNavigationRequest qos: 1 1 5 2
I0826 23:43:19.143683 318601 cosine_bus_manager.cpp:294] [cosine_internal][CosineBusManager] create publisher. topic name:/pnc/task_service/high_precision_navigation/request , middleware:aorta
I0826 23:43:19.144515 318601 tcp_publisher.cc:179] [aorta]topic /pnc/task_service/high_precision_navigation/request, pub_queue_size_ 5, latch_queue_size_ 0
I0826 23:43:19.144614 318656 tcp_socket_server.cc:200] [aorta]The ip info is0.0.0.0:36087
I0826 23:43:19.144688 318656 shm_socket_server.cc:101] [aorta][/pnc/task_service/high_precision_navigation/request] bind at pipe sock name d2379|python3.10|p318601|n0|..vice/high_precision_navigation/request|p3
I0826 23:43:19.144760 318601 node_impl.cc:198] [aorta]CreatePublisher, host:0.0.0.0, port:36087, sockname:d2379|python3.10|p318601|n0|..vice/high_precision_navigation/request|p3, topic:/pnc/task_service/high_precision_navigation/request, uid:37de34bb-f713-4c25-b457-c928177cdae9-13581583299462652003 topic_uid:-1
I0826 23:43:19.144783 318601 aorta_component.cpp:394] [cosine_internal][AortaComponent] aorta node create publisher. node: python3.10_S1, topic:/pnc/task_service/high_precision_navigation/request, type:pnc_msgs.HighPrecisionNavigationRequest, qos:(history:1, depth:5, reliability:1, durability:2), uri:http://10.42.0.101:2379
I0826 23:43:19.144821 318601 aorta_publisher.cpp:119] [cosine_internal][AortaPublisher] publisher initialize. topic:/pnc/task_service/high_precision_navigation/request, uri:
I0826 23:43:19.144830 318601 publisher.cpp:27] [GDK]create publisher: /pnc/task_service/high_precision_navigation/request type: pnc_msgs.HighPrecisionNavigationRequest qos: 1 1 5 2
I0826 23:43:19.144847 318601 cosine_bus_manager.cpp:294] [cosine_internal][CosineBusManager] create publisher. topic name:/pnc/task_service/relative_move/request , middleware:aorta
I0826 23:43:19.144871 318659 shm_subscriber.cc:120] [aorta]subscriber connect to publisher success, topic /pnc/task_service/relative_move/response, local d2379|python3.10|p318601|n0|s5|c0, peer d2379|quark_navigation|p9584|n0|/pnc/task_service/relative_move/response|p15
I0826 23:43:19.144934 318642 centralized_discovery.cc:733] [aorta]subscriber uid:78b549cb-705b-443a-9d0c-76bf46cbb91c-3654631836754090917 topic:/pnc/task_service/task_cancel/response
I0826 23:43:19.145285 318601 tcp_publisher.cc:179] [aorta]topic /pnc/task_service/relative_move/request, pub_queue_size_ 5, latch_queue_size_ 0
I0826 23:43:19.145361 318656 tcp_socket_server.cc:200] [aorta]The ip info is0.0.0.0:36063
I0826 23:43:19.145417 318656 shm_socket_server.cc:101] [aorta][/pnc/task_service/relative_move/request] bind at pipe sock name d2379|python3.10|p318601|n0|/pnc/task_service/relative_move/request|p4
I0826 23:43:19.145460 318601 node_impl.cc:198] [aorta]CreatePublisher, host:0.0.0.0, port:36063, sockname:d2379|python3.10|p318601|n0|/pnc/task_service/relative_move/request|p4, topic:/pnc/task_service/relative_move/request, uid:7a71bd58-d64e-4fd8-9dbf-54983cb8b6d4-1499998713038698463 topic_uid:-1
I0826 23:43:19.145478 318601 aorta_component.cpp:394] [cosine_internal][AortaComponent] aorta node create publisher. node: python3.10_S1, topic:/pnc/task_service/relative_move/request, type:pnc_msgs.RelativeMoveRequest, qos:(history:1, depth:5, reliability:1, durability:2), uri:http://10.42.0.101:2379
I0826 23:43:19.145507 318601 aorta_publisher.cpp:119] [cosine_internal][AortaPublisher] publisher initialize. topic:/pnc/task_service/relative_move/request, uri:
I0826 23:43:19.145514 318601 publisher.cpp:27] [GDK]create publisher: /pnc/task_service/relative_move/request type: pnc_msgs.RelativeMoveRequest qos: 1 1 5 2
I0826 23:43:19.145525 318601 cosine_bus_manager.cpp:294] [cosine_internal][CosineBusManager] create publisher. topic name:/pnc/task_service/task_cancel/request , middleware:aorta
I0826 23:43:19.145819 318659 shm_subscriber.cc:120] [aorta]subscriber connect to publisher success, topic /pnc/task_service/task_cancel/response, local d2379|python3.10|p318601|n0|s6|c0, peer d2379|quark_navigation|p9584|n0|/pnc/task_service/task_cancel/response|p17
I0826 23:43:19.145942 318601 tcp_publisher.cc:179] [aorta]topic /pnc/task_service/task_cancel/request, pub_queue_size_ 5, latch_queue_size_ 0
I0826 23:43:19.146000 318656 tcp_socket_server.cc:200] [aorta]The ip info is0.0.0.0:46271
I0826 23:43:19.146040 318642 centralized_discovery.cc:733] [aorta]subscriber uid:2d4ee24f-1602-4092-90d3-cb75432506ee-4995236092065324733 topic:/pnc/task_service/task_pause/response
I0826 23:43:19.146230 318656 shm_socket_server.cc:101] [aorta][/pnc/task_service/task_cancel/request] bind at pipe sock name d2379|python3.10|p318601|n0|/pnc/task_service/task_cancel/request|p5
I0826 23:43:19.146375 318601 node_impl.cc:198] [aorta]CreatePublisher, host:0.0.0.0, port:46271, sockname:d2379|python3.10|p318601|n0|/pnc/task_service/task_cancel/request|p5, topic:/pnc/task_service/task_cancel/request, uid:903da3d6-2a55-4503-9beb-55e837ca3967-10250913672907467700 topic_uid:-1
I0826 23:43:19.146402 318601 aorta_component.cpp:394] [cosine_internal][AortaComponent] aorta node create publisher. node: python3.10_S1, topic:/pnc/task_service/task_cancel/request, type:pnc_msgs.TaskCancelRequest, qos:(history:1, depth:5, reliability:1, durability:2), uri:http://10.42.0.101:2379
I0826 23:43:19.146435 318601 aorta_publisher.cpp:119] [cosine_internal][AortaPublisher] publisher initialize. topic:/pnc/task_service/task_cancel/request, uri:
I0826 23:43:19.146450 318601 publisher.cpp:27] [GDK]create publisher: /pnc/task_service/task_cancel/request type: pnc_msgs.TaskCancelRequest qos: 1 1 5 2
I0826 23:43:19.146466 318601 cosine_bus_manager.cpp:294] [cosine_internal][CosineBusManager] create publisher. topic name:/pnc/task_service/task_pause/request , middleware:aorta
I0826 23:43:19.146850 318659 shm_subscriber.cc:120] [aorta]subscriber connect to publisher success, topic /pnc/task_service/task_pause/response, local d2379|python3.10|p318601|n0|s7|c0, peer d2379|quark_navigation|p9584|n0|/pnc/task_service/task_pause/response|p18
I0826 23:43:19.146904 318642 centralized_discovery.cc:733] [aorta]subscriber uid:4a3a46a1-6540-4b3a-8c3d-827a225f8c90-16859347558940246081 topic:/pnc/task_service/task_resume/response
I0826 23:43:19.146916 318601 tcp_publisher.cc:179] [aorta]topic /pnc/task_service/task_pause/request, pub_queue_size_ 5, latch_queue_size_ 0
I0826 23:43:19.147014 318656 tcp_socket_server.cc:200] [aorta]The ip info is0.0.0.0:34935
I0826 23:43:19.147068 318656 shm_socket_server.cc:101] [aorta][/pnc/task_service/task_pause/request] bind at pipe sock name d2379|python3.10|p318601|n0|/pnc/task_service/task_pause/request|p6
I0826 23:43:19.147112 318601 node_impl.cc:198] [aorta]CreatePublisher, host:0.0.0.0, port:34935, sockname:d2379|python3.10|p318601|n0|/pnc/task_service/task_pause/request|p6, topic:/pnc/task_service/task_pause/request, uid:80e7fba1-7d82-4200-b189-3c6bc16f1c31-2366368184012060648 topic_uid:-1
I0826 23:43:19.147130 318601 aorta_component.cpp:394] [cosine_internal][AortaComponent] aorta node create publisher. node: python3.10_S1, topic:/pnc/task_service/task_pause/request, type:pnc_msgs.TaskPauseRequest, qos:(history:1, depth:5, reliability:1, durability:2), uri:http://10.42.0.101:2379
I0826 23:43:19.147157 318601 aorta_publisher.cpp:119] [cosine_internal][AortaPublisher] publisher initialize. topic:/pnc/task_service/task_pause/request, uri:
I0826 23:43:19.147163 318601 publisher.cpp:27] [GDK]create publisher: /pnc/task_service/task_pause/request type: pnc_msgs.TaskPauseRequest qos: 1 1 5 2
I0826 23:43:19.147181 318601 cosine_bus_manager.cpp:294] [cosine_internal][CosineBusManager] create publisher. topic name:/pnc/task_service/task_resume/request , middleware:aorta
I0826 23:43:19.147601 318601 tcp_publisher.cc:179] [aorta]topic /pnc/task_service/task_resume/request, pub_queue_size_ 5, latch_queue_size_ 0
I0826 23:43:19.147673 318656 tcp_socket_server.cc:200] [aorta]The ip info is0.0.0.0:38749
I0826 23:43:19.147696 318659 shm_subscriber.cc:120] [aorta]subscriber connect to publisher success, topic /pnc/task_service/task_resume/response, local d2379|python3.10|p318601|n0|s8|c0, peer d2379|quark_navigation|p9584|n0|/pnc/task_service/task_resume/response|p19
I0826 23:43:19.147725 318656 shm_socket_server.cc:101] [aorta][/pnc/task_service/task_resume/request] bind at pipe sock name d2379|python3.10|p318601|n0|/pnc/task_service/task_resume/request|p7
I0826 23:43:19.147742 318642 centralized_discovery.cc:733] [aorta]subscriber uid:6d61b16e-513b-4b97-bb22-834ff5b2c855-11583863028842959166 topic:/pnc/task_service/remote_control/response
I0826 23:43:19.147765 318601 node_impl.cc:198] [aorta]CreatePublisher, host:0.0.0.0, port:38749, sockname:d2379|python3.10|p318601|n0|/pnc/task_service/task_resume/request|p7, topic:/pnc/task_service/task_resume/request, uid:2d283473-1754-4fb3-8e08-7c57f5525380-18204958959141007063 topic_uid:-1
I0826 23:43:19.147786 318601 aorta_component.cpp:394] [cosine_internal][AortaComponent] aorta node create publisher. node: python3.10_S1, topic:/pnc/task_service/task_resume/request, type:pnc_msgs.TaskResumeRequest, qos:(history:1, depth:5, reliability:1, durability:2), uri:http://10.42.0.101:2379
I0826 23:43:19.147814 318601 aorta_publisher.cpp:119] [cosine_internal][AortaPublisher] publisher initialize. topic:/pnc/task_service/task_resume/request, uri:
I0826 23:43:19.147820 318601 publisher.cpp:27] [GDK]create publisher: /pnc/task_service/task_resume/request type: pnc_msgs.TaskResumeRequest qos: 1 1 5 2
I0826 23:43:19.147950 318601 cosine_bus_manager.cpp:294] [cosine_internal][CosineBusManager] create publisher. topic name:/pnc/remote_control_cmd , middleware:aorta
I0826 23:43:19.148368 318601 tcp_publisher.cc:179] [aorta]topic /pnc/remote_control_cmd, pub_queue_size_ 5, latch_queue_size_ 0
I0826 23:43:19.148447 318659 shm_subscriber.cc:120] [aorta]subscriber connect to publisher success, topic /pnc/task_service/remote_control/response, local d2379|python3.10|p318601|n0|s9|c0, peer d2379|quark_navigation|p9584|n0|..c/task_service/remote_control/response|p16
I0826 23:43:19.148450 318656 tcp_socket_server.cc:200] [aorta]The ip info is0.0.0.0:41255
I0826 23:43:19.148500 318642 centralized_discovery.cc:681] [aorta]publisher uid:f613ed51-9f85-450c-9b94-52e9722b0e62-11863888217293896894 topic:/pnc/task_service/normal_navigation/request
I0826 23:43:19.148514 318656 shm_socket_server.cc:101] [aorta][/pnc/remote_control_cmd] bind at pipe sock name d2379|python3.10|p318601|n0|/pnc/remote_control_cmd|p8
I0826 23:43:19.148557 318601 node_impl.cc:198] [aorta]CreatePublisher, host:0.0.0.0, port:41255, sockname:d2379|python3.10|p318601|n0|/pnc/remote_control_cmd|p8, topic:/pnc/remote_control_cmd, uid:abc160b0-ccc9-4d6c-819b-43a0be97972c-2921114360754287628 topic_uid:-1
I0826 23:43:19.148574 318601 aorta_component.cpp:394] [cosine_internal][AortaComponent] aorta node create publisher. node: python3.10_S1, topic:/pnc/remote_control_cmd, type:geometry_msgs.msg.pb.TwistStamped, qos:(history:1, depth:5, reliability:1, durability:2), uri:http://10.42.0.101:2379
I0826 23:43:19.148604 318601 aorta_publisher.cpp:119] [cosine_internal][AortaPublisher] publisher initialize. topic:/pnc/remote_control_cmd, uri:
I0826 23:43:19.148610 318601 publisher.cpp:27] [GDK]create publisher: /pnc/remote_control_cmd type: geometry_msgs.msg.pb.TwistStamped qos: 1 1 5 2
I0826 23:43:19.148622 318601 cosine_bus_manager.cpp:294] [cosine_internal][CosineBusManager] create publisher. topic name:/pnc/task_service/remote_control/request , middleware:aorta
I0826 23:43:19.149267 318601 tcp_publisher.cc:179] [aorta]topic /pnc/task_service/remote_control/request, pub_queue_size_ 5, latch_queue_size_ 0
I0826 23:43:19.149364 318656 tcp_socket_server.cc:200] [aorta]The ip info is0.0.0.0:34721
I0826 23:43:19.149431 318656 shm_socket_server.cc:101] [aorta][/pnc/task_service/remote_control/request] bind at pipe sock name d2379|python3.10|p318601|n0|/pnc/task_service/remote_control/request|p9
I0826 23:43:19.149573 318601 node_impl.cc:198] [aorta]CreatePublisher, host:0.0.0.0, port:34721, sockname:d2379|python3.10|p318601|n0|/pnc/task_service/remote_control/request|p9, topic:/pnc/task_service/remote_control/request, uid:29f0cc47-e523-4f0f-b54e-c9e278601ee3-10398465225129759782 topic_uid:-1
I0826 23:43:19.149600 318601 aorta_component.cpp:394] [cosine_internal][AortaComponent] aorta node create publisher. node: python3.10_S1, topic:/pnc/task_service/remote_control/request, type:pnc_msgs.RemoteControlRequest, qos:(history:1, depth:5, reliability:1, durability:2), uri:http://10.42.0.101:2379
I0826 23:43:19.149641 318601 aorta_publisher.cpp:119] [cosine_internal][AortaPublisher] publisher initialize. topic:/pnc/task_service/remote_control/request, uri:
I0826 23:43:19.149648 318601 publisher.cpp:27] [GDK]create publisher: /pnc/task_service/remote_control/request type: pnc_msgs.RemoteControlRequest qos: 1 1 5 2
I0826 23:43:19.149721 318601 cosine_bus_manager.cpp:400] [cosine_internal][CosineBusManager] create subscriber. topic name:/slam/odom , middleware:aorta , need async callback:0, frame_skip_rate:1
I0826 23:43:19.149724 318642 centralized_discovery.cc:681] [aorta]publisher uid:37de34bb-f713-4c25-b457-c928177cdae9-13581583299462652003 topic:/pnc/task_service/high_precision_navigation/request
I0826 23:43:19.149731 318601 aorta_component.cpp:174] [cosine_internal][AortaComponent] callback_name:/slam/odomhttp://10.42.0.101:2379
I0826 23:43:19.149955 318601 buffered_data_export.cpp:115] [cosine_internal]successfully create buffer [bus_buffer___slam__odom, type genie_msgs.msg.pb.OdomInfo, block num 5, valid_time 0, transfer_type 0, data_size 0, mem_type 0, lib_name , ext_data_size 0, is_protobuf 1, enable_event_sync_subscriber 0], buffer id = 11
I0826 23:43:19.149976 318601 cosine_bus_message_buffer.cpp:45] [cosine_internal][CosineBusMessageBuffer] create buffer success. name:bus_buffer___slam__odom, type:genie_msgs.msg.pb.OdomInfo, size:5
I0826 23:43:19.150060 318601 node_impl.cc:344] [aorta]CreateSubscriber topic:/slam/odom, uid:75fdb82e-037c-4d05-8cba-604fffb045e9-8164318257426434522 topic_uid:-1
I0826 23:43:19.150514 318601 aorta_component.cpp:326] [cosine_internal][AortaComponent] aorta node create subscriber. node: python3.10_S1, topic:/slam/odom, type:genie_msgs.msg.pb.OdomInfo, qos:(history:1, depth:5, reliability:1, durability:2), uri:http://10.42.0.101:2379
I0826 23:43:19.150527 318601 aorta_subscriber.hpp:96] [cosine_internal][AortaSubscriber] initial. topic:/slam/odom, uri:
I0826 23:43:19.150542 318601 cosine_bus_manager.cpp:400] [cosine_internal][CosineBusManager] create subscriber. topic name:/slam/state , middleware:aorta , need async callback:0, frame_skip_rate:1
I0826 23:43:19.150549 318601 aorta_component.cpp:174] [cosine_internal][AortaComponent] callback_name:/slam/statehttp://10.42.0.101:2379
I0826 23:43:19.150599 318601 buffered_data_export.cpp:115] [cosine_internal]successfully create buffer [bus_buffer___slam__state, type genie_msgs.msg.pb.CommonResponse, block num 5, valid_time 0, transfer_type 0, data_size 0, mem_type 0, lib_name , ext_data_size 0, is_protobuf 1, enable_event_sync_subscriber 0], buffer id = 12
I0826 23:43:19.150612 318601 cosine_bus_message_buffer.cpp:45] [cosine_internal][CosineBusMessageBuffer] create buffer success. name:bus_buffer___slam__state, type:genie_msgs.msg.pb.CommonResponse, size:5
I0826 23:43:19.150691 318601 node_impl.cc:344] [aorta]CreateSubscriber topic:/slam/state, uid:0cc5ae66-6179-44a0-b9a0-d64cdda1d67e-7791362299214773660 topic_uid:-1
I0826 23:43:19.151062 318642 centralized_discovery.cc:681] [aorta]publisher uid:7a71bd58-d64e-4fd8-9dbf-54983cb8b6d4-1499998713038698463 topic:/pnc/task_service/relative_move/request
I0826 23:43:19.151077 318601 aorta_component.cpp:326] [cosine_internal][AortaComponent] aorta node create subscriber. node: python3.10_S1, topic:/slam/state, type:genie_msgs.msg.pb.CommonResponse, qos:(history:1, depth:5, reliability:1, durability:2), uri:http://10.42.0.101:2379
I0826 23:43:19.151086 318601 aorta_subscriber.hpp:96] [cosine_internal][AortaSubscriber] initial. topic:/slam/state, uri:
I0826 23:43:19.151096 318601 cosine_bus_manager.cpp:400] [cosine_internal][CosineBusManager] create subscriber. topic name:/slam/mapping_response , middleware:aorta , need async callback:0, frame_skip_rate:1
I0826 23:43:19.151103 318601 aorta_component.cpp:174] [cosine_internal][AortaComponent] callback_name:/slam/mapping_responsehttp://10.42.0.101:2379
I0826 23:43:19.151132 318601 buffered_data_export.cpp:115] [cosine_internal]successfully create buffer [bus_buffer___slam__mapping_response, type genie_msgs.msg.pb.CommonResponse, block num 5, valid_time 0, transfer_type 0, data_size 0, mem_type 0, lib_name , ext_data_size 0, is_protobuf 1, enable_event_sync_subscriber 0], buffer id = 13
I0826 23:43:19.151145 318601 cosine_bus_message_buffer.cpp:45] [cosine_internal][CosineBusMessageBuffer] create buffer success. name:bus_buffer___slam__mapping_response, type:genie_msgs.msg.pb.CommonResponse, size:5
I0826 23:43:19.151214 318601 node_impl.cc:344] [aorta]CreateSubscriber topic:/slam/mapping_response, uid:b6fd6c77-81c7-4cb7-a77a-b3e571c5742b-3136143855590244141 topic_uid:-1
I0826 23:43:19.151669 318601 aorta_component.cpp:326] [cosine_internal][AortaComponent] aorta node create subscriber. node: python3.10_S1, topic:/slam/mapping_response, type:genie_msgs.msg.pb.CommonResponse, qos:(history:1, depth:5, reliability:1, durability:2), uri:http://10.42.0.101:2379
I0826 23:43:19.151680 318601 aorta_subscriber.hpp:96] [cosine_internal][AortaSubscriber] initial. topic:/slam/mapping_response, uri:
I0826 23:43:19.151691 318601 cosine_bus_manager.cpp:400] [cosine_internal][CosineBusManager] create subscriber. topic name:/slam/record_spec_loc_rsp , middleware:aorta , need async callback:0, frame_skip_rate:1
I0826 23:43:19.151697 318601 aorta_component.cpp:174] [cosine_internal][AortaComponent] callback_name:/slam/record_spec_loc_rsphttp://10.42.0.101:2379
I0826 23:43:19.151738 318601 buffered_data_export.cpp:115] [cosine_internal]successfully create buffer [bus_buffer___slam__record_spec_loc_rsp, type genie_msgs.msg.pb.CommonResponse, block num 5, valid_time 0, transfer_type 0, data_size 0, mem_type 0, lib_name , ext_data_size 0, is_protobuf 1, enable_event_sync_subscriber 0], buffer id = 14
I0826 23:43:19.151755 318601 cosine_bus_message_buffer.cpp:45] [cosine_internal][CosineBusMessageBuffer] create buffer success. name:bus_buffer___slam__record_spec_loc_rsp, type:genie_msgs.msg.pb.CommonResponse, size:5
I0826 23:43:19.151829 318601 node_impl.cc:344] [aorta]CreateSubscriber topic:/slam/record_spec_loc_rsp, uid:dacd8b2b-6936-4b18-92cc-6dd8e0412ae9-16786186340696970127 topic_uid:-1
I0826 23:43:19.152216 318601 aorta_component.cpp:326] [cosine_internal][AortaComponent] aorta node create subscriber. node: python3.10_S1, topic:/slam/record_spec_loc_rsp, type:genie_msgs.msg.pb.CommonResponse, qos:(history:1, depth:5, reliability:1, durability:2), uri:http://10.42.0.101:2379
I0826 23:43:19.152225 318601 aorta_subscriber.hpp:96] [cosine_internal][AortaSubscriber] initial. topic:/slam/record_spec_loc_rsp, uri:
I0826 23:43:19.152245 318601 cosine_bus_manager.cpp:294] [cosine_internal][CosineBusManager] create publisher. topic name:/slam/mapping_request , middleware:aorta
I0826 23:43:19.152647 318601 tcp_publisher.cc:179] [aorta]topic /slam/mapping_request, pub_queue_size_ 5, latch_queue_size_ 0
