Log file created at: 2025/08/27 04:37:51
Running on machine: G2
Log line format: [IWEF]mmdd hh:mm:ss.uuuuuu threadid file:line] msg
I0827 04:37:51.813113 837033 dylog_impl.cpp:641] [DYLOG] set dylog default level to INFO
I0827 04:37:51.813205 837033 dylog_impl.cpp:690] [DYLOG] soc num : R2
I0827 04:37:51.813218 837033 dylog_impl.cpp:695] [DYLOG] can't read scene_mode, use sud
W0827 04:37:51.813246 837033 dylog_impl.cpp:757] [DYLOG] can't find available json config file with path : /home/agi/app/conf/scene_server/dylog_sud_default.json, use default.
I0827 04:37:51.813355 837033 dylog_impl.cpp:293] [DYLOG] register dsd_name : dylog/python3.10/cosine_internal
I0827 04:37:51.816700 837033 cosine_bus_manager.cpp:88] [cosine_internal][CosineBusManager] cosine bus config path not set, use default config.
I0827 04:37:51.816773 837033 cosine_bus_manager.cpp:118] [cosine_internal][CosineBusManager] initial cosine_bus_config:
I0827 04:37:51.818328 837033 cosine_bus_global_sync.cpp:30] [cosine_internal][BusGlobalSync] set default middleware name:aorta
I0827 04:37:51.818370 837033 scheduler_classic.cpp:28] [cosine_internal]Proc number set to be: 1
I0827 04:37:51.820218 837033 dynamic_object.cpp:521] [cosine_internal][DynamicObject] open libdynamic_aorta.so success.
I0827 04:37:51.820417 837033 dynamic_object.cpp:581] [cosine_internal][DynamicObject] Successfully enumerated 57 symbols in libdynamic_aorta.so
I0827 04:37:51.820428 837033 resource_loader.cpp:13] [cosine_internal][ResourceLoader] Attempting to load function: aorta_get_object
I0827 04:37:51.820433 837033 resource_loader.cpp:17] [cosine_internal][ResourceLoader] Trying address() method for C++ symbol: aorta_get_object
I0827 04:37:51.820439 837033 resource_loader.cpp:20] [cosine_internal][ResourceLoader] Successfully loaded C++ symbol: aorta_get_object
I0827 04:37:51.820443 837033 resource_loader.cpp:13] [cosine_internal][ResourceLoader] Attempting to load function: aorta_call_object_func
I0827 04:37:51.820446 837033 resource_loader.cpp:17] [cosine_internal][ResourceLoader] Trying address() method for C++ symbol: aorta_call_object_func
I0827 04:37:51.820451 837033 resource_loader.cpp:20] [cosine_internal][ResourceLoader] Successfully loaded C++ symbol: aorta_call_object_func
I0827 04:37:51.820454 837033 resource_loader.cpp:13] [cosine_internal][ResourceLoader] Attempting to load function: aorta_clean_up
I0827 04:37:51.820457 837033 resource_loader.cpp:17] [cosine_internal][ResourceLoader] Trying address() method for C++ symbol: aorta_clean_up
I0827 04:37:51.820472 837033 resource_loader.cpp:25] [cosine_internal][ResourceLoader] C++ symbol failed, trying c_address() method for C symbol: aorta_clean_up
I0827 04:37:51.820477 837033 resource_loader.cpp:28] [cosine_internal][ResourceLoader] Successfully loaded C symbol: aorta_clean_up
W0827 04:37:51.820484 837033 aorta_component.cpp:90] [cosine_internal]Environment variable [LOCATOR_IP/DDS_IP] not set, fallback to 10.42.0.101
I0827 04:37:51.820489 837033 aorta_component.cpp:496] [cosine_internal][AortaComponent] locator_ip: 10.42.0.101; Check network before domain init 
I0827 04:37:51.820523 837033 clock.cpp:22] [cosine_internal]load ptp time source from: libptp_clock_time.so
I0827 04:37:51.820693 837033 dynamic_object.cpp:521] [cosine_internal][DynamicObject] open libptp_clock_time.so success.
I0827 04:37:51.821255 837033 aorta_component.cpp:515] [cosine_internal][AortaComponent] Network check start. locator_ip: 10.42.0.101, timeout: 60 seconds , check_start_time: 1756240671
I0827 04:37:51.821280 837033 aorta_component.cpp:526] [cosine_internal][AortaComponent] locator_ip: 10.42.0.101; network is ready.
I0827 04:37:51.821332 837033 dylog_impl.cpp:293] [DYLOG] register dsd_name : dylog/python3.10/aorta
I0827 04:37:51.821492 837033 pcie_config.cc:52] [aorta]Get one valid pcie channel. producer: soc-s3 app-map_loc_app endpoint-nvscic2c_pcie_s3_c7_11 consumer: soc-s1 app-worldmodel endpoint-nvscic2c_pcie_s1_c7_11
I0827 04:37:51.821602 837033 os.cc:88] [aorta]Got host_id from system files: Huixi R1ROBOR2
I0827 04:37:51.821641 837033 pcie_manager.cc:71] [aorta]There is no pcie config in current process.
I0827 04:37:51.822036 837033 message_monitor_config.cc:398] [aorta]run in  mode
I0827 04:37:51.823246 837033 domain_impl.cc:58] [aorta]aorta version:7b1b7ddc
I0827 04:37:51.823276 837033 json_comm.cc:35] [aorta]file path: /home/agi/app/conf/topology/topology_rule.json not exist.
I0827 04:37:51.823289 837033 message_monitor_config.cc:398] [aorta]run in  mode
I0827 04:37:51.824909 837033 message_monitor_config.cc:731] [aorta]message monitor is updated from /home/agi/app/conf/aorta/function/aorta_monitor_conf.json
I0827 04:37:51.825716 837033 discovery_factory.cc:14] [aorta]type:1, host:10.42.0.101, port:2379, ttl:15, minor_cycle:100, major_cycle:3
I0827 04:37:51.826434 837033 config.cc:53] [aorta]AORTA_IP_MASK not set.
I0827 04:37:51.826447 837033 discovery.cc:245] [aorta]get ip masks empty.
I0827 04:37:51.826455 837033 config.cc:200] [aorta]AORTA_EXTRA_LOCAL_IPS not set.
I0827 04:37:51.826460 837033 discovery.cc:266] [aorta]local_publisher_ips_ empty.
I0827 04:37:51.826480 837033 config.cc:124] [aorta]ip match, ip:127.0.0.1
I0827 04:37:51.826489 837033 discovery.cc:275] [aorta]default emplace ip:10.42.0.101
I0827 04:37:51.826493 837033 discovery.cc:275] [aorta]default emplace ip:10.42.12.101
I0827 04:37:51.826495 837033 discovery.cc:275] [aorta]default emplace ip:10.42.1.101
I0827 04:37:51.826498 837033 discovery.cc:275] [aorta]default emplace ip:10.42.6.101
I0827 04:37:51.826500 837033 discovery.cc:275] [aorta]default emplace ip:192.168.1.101
I0827 04:37:51.826503 837033 discovery.cc:275] [aorta]default emplace ip:10.42.30.101
I0827 04:37:51.826506 837033 discovery.cc:275] [aorta]default emplace ip:10.42.40.101
I0827 04:37:51.826508 837033 discovery.cc:275] [aorta]default emplace ip:10.20.15.199
I0827 04:37:51.826511 837033 discovery.cc:275] [aorta]default emplace ip:10.42.6.101
I0827 04:37:51.826515 837033 centralized_discovery.cc:55] [aorta]lease_ttl_:15
I0827 04:37:51.826910 837033 aorta_component.cpp:561] [cosine_internal][AortaComponent] aorta create domain success. uri:http://10.42.0.101:2379
I0827 04:37:51.827049 837033 aorta_component.cpp:447] [cosine_internal][AortaComponent] aorta domain created node: python3.10_S1 , domain_uri:http://10.42.0.101:2379
I0827 04:37:51.827059 837033 aorta_component.cpp:126] [cosine_internal][AortaComponent] aorta component init success. node:python3.10_S1, uri:http://10.42.0.101:2379, locator_kind(1:shm,2:tcp,3:udp):2, locator_ip:10.42.0.101, locator_port:0, aorta_dispatcher_thread_num:1
I0827 04:37:51.829488 837131 processor.cpp:40] [cosine_internal]processor_tid: 837131
I0827 04:37:51.830730 837134 executor_impl.cc:91] [aorta]aorta-dispatch0 start spinning
I0827 04:37:51.860509 837133 centralized_discovery.cc:1110] [aorta]poll thread: revision:3476
I0827 04:37:51.860654 837133 centralized_discovery.cc:1123] [aorta]inotify_fd_:15 inotify_watch_:1 inotify_watch_path:/home/agi/app/conf/aorta/function
I0827 04:37:51.862192 837133 centralized_discovery.cc:615] [aorta]grant lease for node python3.10_S1 lease_id = 7587889064995225465
I0827 04:37:51.863412 837133 watch_state.cc:54] [aorta]watch connect success.
I0827 04:37:51.864593 837133 centralized_discovery.cc:1615] [aorta]recv watch response created.
I0827 04:37:55.967700 837033 cosine_bus_manager.cpp:294] [cosine_internal][CosineBusManager] create publisher. topic name:/gdk/config_request , middleware:aorta
I0827 04:37:55.968585 837033 tcp_publisher.cc:179] [aorta]topic /gdk/config_request, pub_queue_size_ 5, latch_queue_size_ 0
I0827 04:37:55.968874 838204 tcp_socket_server.cc:200] [aorta]The ip info is0.0.0.0:34903
I0827 04:37:55.969000 838204 shm_socket_server.cc:101] [aorta][/gdk/config_request] bind at pipe sock name d2379|python3.10|p837033|n0|/gdk/config_request|p0
I0827 04:37:55.969100 837033 node_impl.cc:198] [aorta]CreatePublisher, host:0.0.0.0, port:34903, sockname:d2379|python3.10|p837033|n0|/gdk/config_request|p0, topic:/gdk/config_request, uid:84702851-f29e-4abe-a868-541270d09159-4991715019463590898 topic_uid:-1
I0827 04:37:55.969142 837033 aorta_component.cpp:394] [cosine_internal][AortaComponent] aorta node create publisher. node: python3.10_S1, topic:/gdk/config_request, type:genie_msgs.msg.pb.CommonRequest, qos:(history:1, depth:5, reliability:1, durability:2), uri:http://10.42.0.101:2379
I0827 04:37:55.969185 837033 aorta_publisher.cpp:119] [cosine_internal][AortaPublisher] publisher initialize. topic:/gdk/config_request, uri:
I0827 04:37:55.969203 837033 dylog_impl.cpp:293] [DYLOG] register dsd_name : dylog/python3.10/GDK
I0827 04:37:55.969204 837133 centralized_discovery.cc:681] [aorta]publisher uid:84702851-f29e-4abe-a868-541270d09159-4991715019463590898 topic:/gdk/config_request
I0827 04:37:55.969245 837033 publisher.cpp:27] [GDK]create publisher: /gdk/config_request type: genie_msgs.msg.pb.CommonRequest qos: 1 1 5 2
I0827 04:37:55.969271 837033 cosine_bus_manager.cpp:294] [cosine_internal][CosineBusManager] create publisher. topic name:/gdk/camera_conf_request , middleware:aorta
I0827 04:37:55.969753 837033 tcp_publisher.cc:179] [aorta]topic /gdk/camera_conf_request, pub_queue_size_ 5, latch_queue_size_ 0
I0827 04:37:55.969832 838204 tcp_socket_server.cc:200] [aorta]The ip info is0.0.0.0:39517
I0827 04:37:55.969903 838204 shm_socket_server.cc:101] [aorta][/gdk/camera_conf_request] bind at pipe sock name d2379|python3.10|p837033|n0|/gdk/camera_conf_request|p1
I0827 04:37:55.969959 837033 node_impl.cc:198] [aorta]CreatePublisher, host:0.0.0.0, port:39517, sockname:d2379|python3.10|p837033|n0|/gdk/camera_conf_request|p1, topic:/gdk/camera_conf_request, uid:96b009d0-7d50-405a-ba5c-2526deaf231b-9117180461459404870 topic_uid:-1
I0827 04:37:55.969977 837033 aorta_component.cpp:394] [cosine_internal][AortaComponent] aorta node create publisher. node: python3.10_S1, topic:/gdk/camera_conf_request, type:genie_msgs.msg.pb.CommonRequest, qos:(history:1, depth:5, reliability:1, durability:2), uri:http://10.42.0.101:2379
I0827 04:37:55.970009 837033 aorta_publisher.cpp:119] [cosine_internal][AortaPublisher] publisher initialize. topic:/gdk/camera_conf_request, uri:
I0827 04:37:55.970016 837033 publisher.cpp:27] [GDK]create publisher: /gdk/camera_conf_request type: genie_msgs.msg.pb.CommonRequest qos: 1 1 5 2
I0827 04:37:55.970033 837033 cosine_bus_manager.cpp:400] [cosine_internal][CosineBusManager] create subscriber. topic name:/gdk/config_response , middleware:aorta , need async callback:0, frame_skip_rate:1
I0827 04:37:55.970044 837033 aorta_component.cpp:174] [cosine_internal][AortaComponent] callback_name:/gdk/config_responsehttp://10.42.0.101:2379
I0827 04:37:55.970121 837033 dynamic_object.cpp:521] [cosine_internal][DynamicObject] open  success.
I0827 04:37:55.970306 837033 buffered_data_export.cpp:115] [cosine_internal]successfully create buffer [bus_buffer___gdk__config_response, type genie_msgs.msg.pb.CommonResponse, block num 5, valid_time 0, transfer_type 0, data_size 0, mem_type 0, lib_name , ext_data_size 0, is_protobuf 1, enable_event_sync_subscriber 0], buffer id = 1
I0827 04:37:55.970328 837033 cosine_bus_message_buffer.cpp:45] [cosine_internal][CosineBusMessageBuffer] create buffer success. name:bus_buffer___gdk__config_response, type:genie_msgs.msg.pb.CommonResponse, size:5
I0827 04:37:55.970419 837033 node_impl.cc:344] [aorta]CreateSubscriber topic:/gdk/config_response, uid:4f0f6e9d-fcdb-4baa-87b8-a1ce01471775-9533047780102618842 topic_uid:-1
I0827 04:37:55.971009 837033 aorta_component.cpp:326] [cosine_internal][AortaComponent] aorta node create subscriber. node: python3.10_S1, topic:/gdk/config_response, type:genie_msgs.msg.pb.CommonResponse, qos:(history:1, depth:5, reliability:1, durability:2), uri:http://10.42.0.101:2379
I0827 04:37:55.971027 837033 aorta_subscriber.hpp:96] [cosine_internal][AortaSubscriber] initial. topic:/gdk/config_response, uri:
I0827 04:37:55.971045 837033 cosine_bus_manager.cpp:400] [cosine_internal][CosineBusManager] create subscriber. topic name:/gdk/camera_conf_response , middleware:aorta , need async callback:0, frame_skip_rate:1
I0827 04:37:55.971053 837033 aorta_component.cpp:174] [cosine_internal][AortaComponent] callback_name:/gdk/camera_conf_responsehttp://10.42.0.101:2379
I0827 04:37:55.971101 837033 buffered_data_export.cpp:115] [cosine_internal]successfully create buffer [bus_buffer___gdk__camera_conf_response, type genie_msgs.msg.pb.CommonResponse, block num 5, valid_time 0, transfer_type 0, data_size 0, mem_type 0, lib_name , ext_data_size 0, is_protobuf 1, enable_event_sync_subscriber 0], buffer id = 2
I0827 04:37:55.971117 837033 cosine_bus_message_buffer.cpp:45] [cosine_internal][CosineBusMessageBuffer] create buffer success. name:bus_buffer___gdk__camera_conf_response, type:genie_msgs.msg.pb.CommonResponse, size:5
I0827 04:37:55.971189 837033 node_impl.cc:344] [aorta]CreateSubscriber topic:/gdk/camera_conf_response, uid:34accdf3-1b96-488e-9d64-cb932f75dd59-3551884323222435368 topic_uid:-1
I0827 04:37:55.971657 837033 aorta_component.cpp:326] [cosine_internal][AortaComponent] aorta node create subscriber. node: python3.10_S1, topic:/gdk/camera_conf_response, type:genie_msgs.msg.pb.CommonResponse, qos:(history:1, depth:5, reliability:1, durability:2), uri:http://10.42.0.101:2379
I0827 04:37:55.971668 837033 aorta_subscriber.hpp:96] [cosine_internal][AortaSubscriber] initial. topic:/gdk/camera_conf_response, uri:
I0827 04:37:55.971736 837033 cosine_bus_manager.cpp:400] [cosine_internal][CosineBusManager] create subscriber. topic name:/hal/joint_state , middleware:aorta , need async callback:0, frame_skip_rate:1
I0827 04:37:55.971746 837033 aorta_component.cpp:174] [cosine_internal][AortaComponent] callback_name:/hal/joint_statehttp://10.42.0.101:2379
I0827 04:37:55.971879 837033 buffered_data_export.cpp:115] [cosine_internal]successfully create buffer [bus_buffer___hal__joint_state, type genie_msgs.msg.pb.JointState, block num 5, valid_time 0, transfer_type 0, data_size 0, mem_type 0, lib_name , ext_data_size 0, is_protobuf 1, enable_event_sync_subscriber 0], buffer id = 3
I0827 04:37:55.971894 837033 cosine_bus_message_buffer.cpp:45] [cosine_internal][CosineBusMessageBuffer] create buffer success. name:bus_buffer___hal__joint_state, type:genie_msgs.msg.pb.JointState, size:5
I0827 04:37:55.971969 837033 node_impl.cc:344] [aorta]CreateSubscriber topic:/hal/joint_state, uid:493ae254-abc6-486c-9638-ca33301295bc-17784787521228097140 topic_uid:-1
I0827 04:37:55.972407 837033 aorta_component.cpp:326] [cosine_internal][AortaComponent] aorta node create subscriber. node: python3.10_S1, topic:/hal/joint_state, type:genie_msgs.msg.pb.JointState, qos:(history:1, depth:5, reliability:1, durability:2), uri:http://10.42.0.101:2379
I0827 04:37:55.972419 837033 aorta_subscriber.hpp:96] [cosine_internal][AortaSubscriber] initial. topic:/hal/joint_state, uri:
I0827 04:37:55.972437 837033 cosine_bus_manager.cpp:400] [cosine_internal][CosineBusManager] create subscriber. topic name:/hal/whole_body_status , middleware:aorta , need async callback:0, frame_skip_rate:1
I0827 04:37:55.972445 837033 aorta_component.cpp:174] [cosine_internal][AortaComponent] callback_name:/hal/whole_body_statushttp://10.42.0.101:2379
I0827 04:37:55.972590 837033 buffered_data_export.cpp:115] [cosine_internal]successfully create buffer [bus_buffer___hal__whole_body_status, type genie_msgs.msg.pb.WholeBodyStatus, block num 5, valid_time 0, transfer_type 0, data_size 0, mem_type 0, lib_name , ext_data_size 0, is_protobuf 1, enable_event_sync_subscriber 0], buffer id = 4
I0827 04:37:55.972606 837033 cosine_bus_message_buffer.cpp:45] [cosine_internal][CosineBusMessageBuffer] create buffer success. name:bus_buffer___hal__whole_body_status, type:genie_msgs.msg.pb.WholeBodyStatus, size:5
I0827 04:37:55.972678 837033 node_impl.cc:344] [aorta]CreateSubscriber topic:/hal/whole_body_status, uid:f6ccdbdf-21fe-442f-8495-03c9024535a9-4082625946824470290 topic_uid:-1
I0827 04:37:55.972915 837133 centralized_discovery.cc:681] [aorta]publisher uid:96b009d0-7d50-405a-ba5c-2526deaf231b-9117180461459404870 topic:/gdk/camera_conf_request
I0827 04:37:55.973124 837033 aorta_component.cpp:326] [cosine_internal][AortaComponent] aorta node create subscriber. node: python3.10_S1, topic:/hal/whole_body_status, type:genie_msgs.msg.pb.WholeBodyStatus, qos:(history:1, depth:5, reliability:1, durability:2), uri:http://10.42.0.101:2379
I0827 04:37:55.973137 837033 aorta_subscriber.hpp:96] [cosine_internal][AortaSubscriber] initial. topic:/hal/whole_body_status, uri:
I0827 04:37:55.973155 837033 cosine_bus_manager.cpp:400] [cosine_internal][CosineBusManager] create subscriber. topic name:/hal/left_ee_data , middleware:aorta , need async callback:0, frame_skip_rate:1
I0827 04:37:55.973162 837033 aorta_component.cpp:174] [cosine_internal][AortaComponent] callback_name:/hal/left_ee_datahttp://10.42.0.101:2379
I0827 04:37:55.973320 837033 buffered_data_export.cpp:115] [cosine_internal]successfully create buffer [bus_buffer___hal__left_ee_data, type genie_msgs.msg.pb.EndState, block num 5, valid_time 0, transfer_type 0, data_size 0, mem_type 0, lib_name , ext_data_size 0, is_protobuf 1, enable_event_sync_subscriber 0], buffer id = 5
I0827 04:37:55.973337 837033 cosine_bus_message_buffer.cpp:45] [cosine_internal][CosineBusMessageBuffer] create buffer success. name:bus_buffer___hal__left_ee_data, type:genie_msgs.msg.pb.EndState, size:5
I0827 04:37:55.973428 837033 node_impl.cc:344] [aorta]CreateSubscriber topic:/hal/left_ee_data, uid:22bad1f5-2afd-4616-977a-76c4c2ddfcee-6411614143165937964 topic_uid:-1
I0827 04:37:55.973891 837033 aorta_component.cpp:326] [cosine_internal][AortaComponent] aorta node create subscriber. node: python3.10_S1, topic:/hal/left_ee_data, type:genie_msgs.msg.pb.EndState, qos:(history:1, depth:5, reliability:1, durability:2), uri:http://10.42.0.101:2379
I0827 04:37:55.973903 837033 aorta_subscriber.hpp:96] [cosine_internal][AortaSubscriber] initial. topic:/hal/left_ee_data, uri:
I0827 04:37:55.973919 837033 cosine_bus_manager.cpp:400] [cosine_internal][CosineBusManager] create subscriber. topic name:/hal/right_ee_data , middleware:aorta , need async callback:0, frame_skip_rate:1
I0827 04:37:55.973927 837033 aorta_component.cpp:174] [cosine_internal][AortaComponent] callback_name:/hal/right_ee_datahttp://10.42.0.101:2379
I0827 04:37:55.973964 837033 buffered_data_export.cpp:115] [cosine_internal]successfully create buffer [bus_buffer___hal__right_ee_data, type genie_msgs.msg.pb.EndState, block num 5, valid_time 0, transfer_type 0, data_size 0, mem_type 0, lib_name , ext_data_size 0, is_protobuf 1, enable_event_sync_subscriber 0], buffer id = 6
I0827 04:37:55.973978 837033 cosine_bus_message_buffer.cpp:45] [cosine_internal][CosineBusMessageBuffer] create buffer success. name:bus_buffer___hal__right_ee_data, type:genie_msgs.msg.pb.EndState, size:5
I0827 04:37:55.974071 837033 node_impl.cc:344] [aorta]CreateSubscriber topic:/hal/right_ee_data, uid:de0fcd3f-4a63-4c7b-8325-121eb2fb0372-5071795120000351093 topic_uid:-1
I0827 04:37:55.974159 837133 centralized_discovery.cc:733] [aorta]subscriber uid:4f0f6e9d-fcdb-4baa-87b8-a1ce01471775-9533047780102618842 topic:/gdk/config_response
I0827 04:37:55.974506 837033 aorta_component.cpp:326] [cosine_internal][AortaComponent] aorta node create subscriber. node: python3.10_S1, topic:/hal/right_ee_data, type:genie_msgs.msg.pb.EndState, qos:(history:1, depth:5, reliability:1, durability:2), uri:http://10.42.0.101:2379
I0827 04:37:55.974516 837033 aorta_subscriber.hpp:96] [cosine_internal][AortaSubscriber] initial. topic:/hal/right_ee_data, uri:
I0827 04:37:55.974529 837033 cosine_bus_manager.cpp:400] [cosine_internal][CosineBusManager] create subscriber. topic name:/hal/chassis_power_state , middleware:aorta , need async callback:0, frame_skip_rate:1
I0827 04:37:55.974534 837033 aorta_component.cpp:174] [cosine_internal][AortaComponent] callback_name:/hal/chassis_power_statehttp://10.42.0.101:2379
I0827 04:37:55.974867 837033 buffered_data_export.cpp:115] [cosine_internal]successfully create buffer [bus_buffer___hal__chassis_power_state, type genie_msgs.msg.pb.ChassisPowerState, block num 5, valid_time 0, transfer_type 0, data_size 0, mem_type 0, lib_name , ext_data_size 0, is_protobuf 1, enable_event_sync_subscriber 0], buffer id = 7
I0827 04:37:55.974884 837033 cosine_bus_message_buffer.cpp:45] [cosine_internal][CosineBusMessageBuffer] create buffer success. name:bus_buffer___hal__chassis_power_state, type:genie_msgs.msg.pb.ChassisPowerState, size:5
I0827 04:37:55.974977 837033 node_impl.cc:344] [aorta]CreateSubscriber topic:/hal/chassis_power_state, uid:f7effb33-b4b7-446c-8691-14a95623ba3a-13624413023349153968 topic_uid:-1
I0827 04:37:55.975461 837033 aorta_component.cpp:326] [cosine_internal][AortaComponent] aorta node create subscriber. node: python3.10_S1, topic:/hal/chassis_power_state, type:genie_msgs.msg.pb.ChassisPowerState, qos:(history:1, depth:5, reliability:1, durability:2), uri:http://10.42.0.101:2379
I0827 04:37:55.975473 837033 aorta_subscriber.hpp:96] [cosine_internal][AortaSubscriber] initial. topic:/hal/chassis_power_state, uri:
I0827 04:37:55.975487 837033 cosine_bus_manager.cpp:400] [cosine_internal][CosineBusManager] create subscriber. topic name:/hal/chest_power_state , middleware:aorta , need async callback:0, frame_skip_rate:1
I0827 04:37:55.975495 837033 aorta_component.cpp:174] [cosine_internal][AortaComponent] callback_name:/hal/chest_power_statehttp://10.42.0.101:2379
I0827 04:37:55.975662 837033 buffered_data_export.cpp:115] [cosine_internal]successfully create buffer [bus_buffer___hal__chest_power_state, type genie_msgs.msg.pb.ChestPowerState, block num 5, valid_time 0, transfer_type 0, data_size 0, mem_type 0, lib_name , ext_data_size 0, is_protobuf 1, enable_event_sync_subscriber 0], buffer id = 8
I0827 04:37:55.975679 837033 cosine_bus_message_buffer.cpp:45] [cosine_internal][CosineBusMessageBuffer] create buffer success. name:bus_buffer___hal__chest_power_state, type:genie_msgs.msg.pb.ChestPowerState, size:5
I0827 04:37:55.975764 837033 node_impl.cc:344] [aorta]CreateSubscriber topic:/hal/chest_power_state, uid:83826f53-212b-4eeb-b6e4-7b5137b0462d-8918795574175434775 topic_uid:-1
I0827 04:37:55.976042 838205 shm_subscriber.cc:120] [aorta]subscriber connect to publisher success, topic /gdk/config_response, local d2379|python3.10|p837033|n0|s0|c0, peer d2379|gdk_service|p9001|n0|/gdk/config_response|p0
I0827 04:37:55.976198 837033 aorta_component.cpp:326] [cosine_internal][AortaComponent] aorta node create subscriber. node: python3.10_S1, topic:/hal/chest_power_state, type:genie_msgs.msg.pb.ChestPowerState, qos:(history:1, depth:5, reliability:1, durability:2), uri:http://10.42.0.101:2379
I0827 04:37:55.976209 837033 aorta_subscriber.hpp:96] [cosine_internal][AortaSubscriber] initial. topic:/hal/chest_power_state, uri:
I0827 04:37:55.976251 837133 centralized_discovery.cc:733] [aorta]subscriber uid:34accdf3-1b96-488e-9d64-cb932f75dd59-3551884323222435368 topic:/gdk/camera_conf_response
I0827 04:37:55.976286 837033 cosine_bus_manager.cpp:294] [cosine_internal][CosineBusManager] create publisher. topic name:/hal/joint_cmd , middleware:aorta
I0827 04:37:55.976737 837033 tcp_publisher.cc:179] [aorta]topic /hal/joint_cmd, pub_queue_size_ 5, latch_queue_size_ 0
I0827 04:37:55.976831 838204 tcp_socket_server.cc:200] [aorta]The ip info is0.0.0.0:41977
I0827 04:37:55.976935 838204 shm_socket_server.cc:101] [aorta][/hal/joint_cmd] bind at pipe sock name d2379|python3.10|p837033|n0|/hal/joint_cmd|p2
I0827 04:37:55.977007 837033 node_impl.cc:198] [aorta]CreatePublisher, host:0.0.0.0, port:41977, sockname:d2379|python3.10|p837033|n0|/hal/joint_cmd|p2, topic:/hal/joint_cmd, uid:afb21bc9-fcc9-4e4c-b0dc-2d95097c13b1-8113233340941315482 topic_uid:-1
I0827 04:37:55.977032 837033 aorta_component.cpp:394] [cosine_internal][AortaComponent] aorta node create publisher. node: python3.10_S1, topic:/hal/joint_cmd, type:genie_msgs.msg.pb.JointCommand, qos:(history:1, depth:5, reliability:1, durability:2), uri:http://10.42.0.101:2379
I0827 04:37:55.977072 837033 aorta_publisher.cpp:119] [cosine_internal][AortaPublisher] publisher initialize. topic:/hal/joint_cmd, uri:
I0827 04:37:55.977079 837033 publisher.cpp:27] [GDK]create publisher: /hal/joint_cmd type: genie_msgs.msg.pb.JointCommand qos: 1 1 5 2
I0827 04:37:55.977149 837033 cosine_bus_manager.cpp:294] [cosine_internal][CosineBusManager] create publisher. topic name:/wbc/left_ee_command , middleware:aorta
I0827 04:37:55.977488 838205 shm_subscriber.cc:120] [aorta]subscriber connect to publisher success, topic /gdk/camera_conf_response, local d2379|python3.10|p837033|n0|s1|c0, peer d2379|gdk_service|p9001|n0|/gdk/camera_conf_response|p1
I0827 04:37:55.977548 837133 centralized_discovery.cc:733] [aorta]subscriber uid:493ae254-abc6-486c-9638-ca33301295bc-17784787521228097140 topic:/hal/joint_state
I0827 04:37:55.977602 837033 tcp_publisher.cc:179] [aorta]topic /wbc/left_ee_command, pub_queue_size_ 5, latch_queue_size_ 0
I0827 04:37:55.977663 838204 tcp_socket_server.cc:200] [aorta]The ip info is0.0.0.0:45847
I0827 04:37:55.977730 838204 shm_socket_server.cc:101] [aorta][/wbc/left_ee_command] bind at pipe sock name d2379|python3.10|p837033|n0|/wbc/left_ee_command|p3
I0827 04:37:55.977787 837033 node_impl.cc:198] [aorta]CreatePublisher, host:0.0.0.0, port:45847, sockname:d2379|python3.10|p837033|n0|/wbc/left_ee_command|p3, topic:/wbc/left_ee_command, uid:62a297d1-edba-4abc-927f-c8bf6d44395d-15677759012602946526 topic_uid:-1
I0827 04:37:55.977804 837033 aorta_component.cpp:394] [cosine_internal][AortaComponent] aorta node create publisher. node: python3.10_S1, topic:/wbc/left_ee_command, type:sensor_msgs.msg.pb.JointState, qos:(history:1, depth:5, reliability:1, durability:2), uri:http://10.42.0.101:2379
I0827 04:37:55.977836 837033 aorta_publisher.cpp:119] [cosine_internal][AortaPublisher] publisher initialize. topic:/wbc/left_ee_command, uri:
I0827 04:37:55.977844 837033 publisher.cpp:27] [GDK]create publisher: /wbc/left_ee_command type: sensor_msgs.msg.pb.JointState qos: 1 1 5 2
I0827 04:37:55.977859 837033 cosine_bus_manager.cpp:294] [cosine_internal][CosineBusManager] create publisher. topic name:/wbc/right_ee_command , middleware:aorta
I0827 04:37:55.978303 837033 tcp_publisher.cc:179] [aorta]topic /wbc/right_ee_command, pub_queue_size_ 5, latch_queue_size_ 0
I0827 04:37:55.978405 838204 tcp_socket_server.cc:200] [aorta]The ip info is0.0.0.0:33547
I0827 04:37:55.978417 838205 shm_subscriber.cc:120] [aorta]subscriber connect to publisher success, topic /hal/joint_state, local d2379|python3.10|p837033|n0|s2|c0, peer d2379|hal|p9008|n0|/hal/joint_state|p0
I0827 04:37:55.978471 838204 shm_socket_server.cc:101] [aorta][/wbc/right_ee_command] bind at pipe sock name d2379|python3.10|p837033|n0|/wbc/right_ee_command|p4
I0827 04:37:55.978524 837033 node_impl.cc:198] [aorta]CreatePublisher, host:0.0.0.0, port:33547, sockname:d2379|python3.10|p837033|n0|/wbc/right_ee_command|p4, topic:/wbc/right_ee_command, uid:e34e7db2-8e79-4834-ab57-87fe544eed06-12160131399292109555 topic_uid:-1
I0827 04:37:55.978542 837033 aorta_component.cpp:394] [cosine_internal][AortaComponent] aorta node create publisher. node: python3.10_S1, topic:/wbc/right_ee_command, type:sensor_msgs.msg.pb.JointState, qos:(history:1, depth:5, reliability:1, durability:2), uri:http://10.42.0.101:2379
I0827 04:37:55.978574 837033 aorta_publisher.cpp:119] [cosine_internal][AortaPublisher] publisher initialize. topic:/wbc/right_ee_command, uri:
I0827 04:37:55.978581 837033 publisher.cpp:27] [GDK]create publisher: /wbc/right_ee_command type: sensor_msgs.msg.pb.JointState qos: 1 1 5 2
I0827 04:37:55.978585 837133 centralized_discovery.cc:733] [aorta]subscriber uid:f6ccdbdf-21fe-442f-8495-03c9024535a9-4082625946824470290 topic:/hal/whole_body_status
I0827 04:37:55.978614 837033 cosine_bus_manager.cpp:400] [cosine_internal][CosineBusManager] create subscriber. topic name:/wbc/motion_control_status , middleware:aorta , need async callback:0, frame_skip_rate:1
I0827 04:37:55.978624 837033 aorta_component.cpp:174] [cosine_internal][AortaComponent] callback_name:/wbc/motion_control_statushttp://10.42.0.101:2379
I0827 04:37:55.978881 837033 buffered_data_export.cpp:115] [cosine_internal]successfully create buffer [bus_buffer___wbc__motion_control_status, type genie_msgs.msg.pb.MotionControlStatus, block num 5, valid_time 0, transfer_type 0, data_size 0, mem_type 0, lib_name , ext_data_size 0, is_protobuf 1, enable_event_sync_subscriber 0], buffer id = 9
I0827 04:37:55.978904 837033 cosine_bus_message_buffer.cpp:45] [cosine_internal][CosineBusMessageBuffer] create buffer success. name:bus_buffer___wbc__motion_control_status, type:genie_msgs.msg.pb.MotionControlStatus, size:5
I0827 04:37:55.979140 837033 node_impl.cc:344] [aorta]CreateSubscriber topic:/wbc/motion_control_status, uid:6ff78af7-89b8-4e6a-8963-5d7bfcd0598b-3835708119707617413 topic_uid:-1
I0827 04:37:55.979614 837033 aorta_component.cpp:326] [cosine_internal][AortaComponent] aorta node create subscriber. node: python3.10_S1, topic:/wbc/motion_control_status, type:genie_msgs.msg.pb.MotionControlStatus, qos:(history:1, depth:5, reliability:1, durability:2), uri:http://10.42.0.101:2379
I0827 04:37:55.979627 837033 aorta_subscriber.hpp:96] [cosine_internal][AortaSubscriber] initial. topic:/wbc/motion_control_status, uri:
I0827 04:37:55.979646 837033 cosine_bus_manager.cpp:400] [cosine_internal][CosineBusManager] create subscriber. topic name:/MotionControlService/JointPosition/response , middleware:aorta , need async callback:0, frame_skip_rate:1
I0827 04:37:55.979655 837033 aorta_component.cpp:174] [cosine_internal][AortaComponent] callback_name:/MotionControlService/JointPosition/responsehttp://10.42.0.101:2379
I0827 04:37:55.979708 837033 buffered_data_export.cpp:115] [cosine_internal]successfully create buffer [bus_buffer___MotionControlService__JointPosition__response, type genie_msgs.msg.pb.CommonResponse, block num 5, valid_time 0, transfer_type 0, data_size 0, mem_type 0, lib_name , ext_data_size 0, is_protobuf 1, enable_event_sync_subscriber 0], buffer id = 10
I0827 04:37:55.979724 837033 cosine_bus_message_buffer.cpp:45] [cosine_internal][CosineBusMessageBuffer] create buffer success. name:bus_buffer___MotionControlService__JointPosition__response, type:genie_msgs.msg.pb.CommonResponse, size:5
I0827 04:37:55.979800 837033 node_impl.cc:344] [aorta]CreateSubscriber topic:/MotionControlService/JointPosition/response, uid:f7875edb-cae5-47a2-aa47-c558d3eba67a-11220515294652701264 topic_uid:-1
I0827 04:37:55.979887 838205 shm_subscriber.cc:120] [aorta]subscriber connect to publisher success, topic /hal/whole_body_status, local d2379|python3.10|p837033|n0|s3|c0, peer d2379|hal|p9008|n0|/hal/whole_body_status|p1
I0827 04:37:55.979951 837133 centralized_discovery.cc:733] [aorta]subscriber uid:22bad1f5-2afd-4616-977a-76c4c2ddfcee-6411614143165937964 topic:/hal/left_ee_data
I0827 04:37:55.980214 837033 aorta_component.cpp:326] [cosine_internal][AortaComponent] aorta node create subscriber. node: python3.10_S1, topic:/MotionControlService/JointPosition/response, type:genie_msgs.msg.pb.CommonResponse, qos:(history:1, depth:5, reliability:1, durability:2), uri:http://10.42.0.101:2379
I0827 04:37:55.980224 837033 aorta_subscriber.hpp:96] [cosine_internal][AortaSubscriber] initial. topic:/MotionControlService/JointPosition/response, uri:
I0827 04:37:55.980237 837033 cosine_bus_manager.cpp:400] [cosine_internal][CosineBusManager] create subscriber. topic name:/MotionControlService/ControlMode/response , middleware:aorta , need async callback:0, frame_skip_rate:1
I0827 04:37:55.980243 837033 aorta_component.cpp:174] [cosine_internal][AortaComponent] callback_name:/MotionControlService/ControlMode/responsehttp://10.42.0.101:2379
I0827 04:37:55.980275 837033 buffered_data_export.cpp:115] [cosine_internal]successfully create buffer [bus_buffer___MotionControlService__ControlMode__response, type genie_msgs.msg.pb.CommonResponse, block num 5, valid_time 0, transfer_type 0, data_size 0, mem_type 0, lib_name , ext_data_size 0, is_protobuf 1, enable_event_sync_subscriber 0], buffer id = 11
I0827 04:37:55.980286 837033 cosine_bus_message_buffer.cpp:45] [cosine_internal][CosineBusMessageBuffer] create buffer success. name:bus_buffer___MotionControlService__ControlMode__response, type:genie_msgs.msg.pb.CommonResponse, size:5
I0827 04:37:55.980345 837033 node_impl.cc:344] [aorta]CreateSubscriber topic:/MotionControlService/ControlMode/response, uid:505543e8-a4f6-4232-8782-049f9c4bccec-13500083580579056044 topic_uid:-1
I0827 04:37:55.980777 838205 shm_subscriber.cc:120] [aorta]subscriber connect to publisher success, topic /hal/left_ee_data, local d2379|python3.10|p837033|n0|s4|c0, peer d2379|hal|p9008|n0|/hal/left_ee_data|p2
I0827 04:37:55.980782 837033 aorta_component.cpp:326] [cosine_internal][AortaComponent] aorta node create subscriber. node: python3.10_S1, topic:/MotionControlService/ControlMode/response, type:genie_msgs.msg.pb.CommonResponse, qos:(history:1, depth:5, reliability:1, durability:2), uri:http://10.42.0.101:2379
I0827 04:37:55.980793 837033 aorta_subscriber.hpp:96] [cosine_internal][AortaSubscriber] initial. topic:/MotionControlService/ControlMode/response, uri:
I0827 04:37:55.980805 837033 cosine_bus_manager.cpp:400] [cosine_internal][CosineBusManager] create subscriber. topic name:/MotionControlService/SetLoad/response , middleware:aorta , need async callback:0, frame_skip_rate:1
I0827 04:37:55.980813 837033 aorta_component.cpp:174] [cosine_internal][AortaComponent] callback_name:/MotionControlService/SetLoad/responsehttp://10.42.0.101:2379
I0827 04:37:55.980957 837033 buffered_data_export.cpp:115] [cosine_internal]successfully create buffer [bus_buffer___MotionControlService__SetLoad__response, type genie_msgs.msg.pb.CommonResponse, block num 5, valid_time 0, transfer_type 0, data_size 0, mem_type 0, lib_name , ext_data_size 0, is_protobuf 1, enable_event_sync_subscriber 0], buffer id = 12
I0827 04:37:55.980973 837033 cosine_bus_message_buffer.cpp:45] [cosine_internal][CosineBusMessageBuffer] create buffer success. name:bus_buffer___MotionControlService__SetLoad__response, type:genie_msgs.msg.pb.CommonResponse, size:5
I0827 04:37:55.981081 837033 node_impl.cc:344] [aorta]CreateSubscriber topic:/MotionControlService/SetLoad/response, uid:d8894cbb-4d77-4bba-8f0c-497eb89b8293-11741066552301177038 topic_uid:-1
I0827 04:37:55.981155 837133 centralized_discovery.cc:733] [aorta]subscriber uid:de0fcd3f-4a63-4c7b-8325-121eb2fb0372-5071795120000351093 topic:/hal/right_ee_data
I0827 04:37:55.981505 837033 aorta_component.cpp:326] [cosine_internal][AortaComponent] aorta node create subscriber. node: python3.10_S1, topic:/MotionControlService/SetLoad/response, type:genie_msgs.msg.pb.CommonResponse, qos:(history:1, depth:5, reliability:1, durability:2), uri:http://10.42.0.101:2379
I0827 04:37:55.981516 837033 aorta_subscriber.hpp:96] [cosine_internal][AortaSubscriber] initial. topic:/MotionControlService/SetLoad/response, uri:
I0827 04:37:55.981534 837033 cosine_bus_manager.cpp:400] [cosine_internal][CosineBusManager] create subscriber. topic name:/MotionControlService/SetComplianceParams/response , middleware:aorta , need async callback:0, frame_skip_rate:1
I0827 04:37:55.981541 837033 aorta_component.cpp:174] [cosine_internal][AortaComponent] callback_name:/MotionControlService/SetComplianceParams/responsehttp://10.42.0.101:2379
I0827 04:37:55.981581 837033 buffered_data_export.cpp:115] [cosine_internal]successfully create buffer [bus_buffer___MotionControlService__SetComplianceParams__response, type genie_msgs.msg.pb.CommonResponse, block num 5, valid_time 0, transfer_type 0, data_size 0, mem_type 0, lib_name , ext_data_size 0, is_protobuf 1, enable_event_sync_subscriber 0], buffer id = 13
I0827 04:37:55.981593 837033 cosine_bus_message_buffer.cpp:45] [cosine_internal][CosineBusMessageBuffer] create buffer success. name:bus_buffer___MotionControlService__SetComplianceParams__response, type:genie_msgs.msg.pb.CommonResponse, size:5
I0827 04:37:55.981654 837033 node_impl.cc:344] [aorta]CreateSubscriber topic:/MotionControlService/SetComplianceParams/response, uid:5c477692-7e54-4a17-be64-8ea26c18fc38-16772690313444795879 topic_uid:-1
I0827 04:37:55.982110 838205 shm_subscriber.cc:120] [aorta]subscriber connect to publisher success, topic /hal/right_ee_data, local d2379|python3.10|p837033|n0|s5|c0, peer d2379|hal|p9008|n0|/hal/right_ee_data|p3
I0827 04:37:55.982118 837033 aorta_component.cpp:326] [cosine_internal][AortaComponent] aorta node create subscriber. node: python3.10_S1, topic:/MotionControlService/SetComplianceParams/response, type:genie_msgs.msg.pb.CommonResponse, qos:(history:1, depth:5, reliability:1, durability:2), uri:http://10.42.0.101:2379
I0827 04:37:55.982132 837033 aorta_subscriber.hpp:96] [cosine_internal][AortaSubscriber] initial. topic:/MotionControlService/SetComplianceParams/response, uri:
I0827 04:37:55.982147 837033 cosine_bus_manager.cpp:400] [cosine_internal][CosineBusManager] create subscriber. topic name:/MotionControlService/MotionPlan/response , middleware:aorta , need async callback:0, frame_skip_rate:1
I0827 04:37:55.982156 837033 aorta_component.cpp:174] [cosine_internal][AortaComponent] callback_name:/MotionControlService/MotionPlan/responsehttp://10.42.0.101:2379
I0827 04:37:55.982170 837133 centralized_discovery.cc:733] [aorta]subscriber uid:f7effb33-b4b7-446c-8691-14a95623ba3a-13624413023349153968 topic:/hal/chassis_power_state
I0827 04:37:55.982197 837033 buffered_data_export.cpp:115] [cosine_internal]successfully create buffer [bus_buffer___MotionControlService__MotionPlan__response, type genie_msgs.msg.pb.CommonResponse, block num 5, valid_time 0, transfer_type 0, data_size 0, mem_type 0, lib_name , ext_data_size 0, is_protobuf 1, enable_event_sync_subscriber 0], buffer id = 14
I0827 04:37:55.982213 837033 cosine_bus_message_buffer.cpp:45] [cosine_internal][CosineBusMessageBuffer] create buffer success. name:bus_buffer___MotionControlService__MotionPlan__response, type:genie_msgs.msg.pb.CommonResponse, size:5
I0827 04:37:55.982290 837033 node_impl.cc:344] [aorta]CreateSubscriber topic:/MotionControlService/MotionPlan/response, uid:b0bb3209-521f-4cbb-9925-24238d72498c-7265943930381113476 topic_uid:-1
I0827 04:37:55.982702 837033 aorta_component.cpp:326] [cosine_internal][AortaComponent] aorta node create subscriber. node: python3.10_S1, topic:/MotionControlService/MotionPlan/response, type:genie_msgs.msg.pb.CommonResponse, qos:(history:1, depth:5, reliability:1, durability:2), uri:http://10.42.0.101:2379
I0827 04:37:55.982710 837033 aorta_subscriber.hpp:96] [cosine_internal][AortaSubscriber] initial. topic:/MotionControlService/MotionPlan/response, uri:
I0827 04:37:55.982832 837033 cosine_bus_manager.cpp:294] [cosine_internal][CosineBusManager] create publisher. topic name:/wbc/motion_stop , middleware:aorta
I0827 04:37:55.983099 838205 shm_subscriber.cc:120] [aorta]subscriber connect to publisher success, topic /hal/chassis_power_state, local d2379|python3.10|p837033|n0|s6|c0, peer d2379|hal_lowerlimb|p9007|n0|/hal/chassis_power_state|p2
I0827 04:37:55.983163 837133 centralized_discovery.cc:733] [aorta]subscriber uid:83826f53-212b-4eeb-b6e4-7b5137b0462d-8918795574175434775 topic:/hal/chest_power_state
I0827 04:37:55.983286 837033 tcp_publisher.cc:179] [aorta]topic /wbc/motion_stop, pub_queue_size_ 5, latch_queue_size_ 0
I0827 04:37:55.983376 838204 tcp_socket_server.cc:200] [aorta]The ip info is0.0.0.0:40085
I0827 04:37:55.983435 838204 shm_socket_server.cc:101] [aorta][/wbc/motion_stop] bind at pipe sock name d2379|python3.10|p837033|n0|/wbc/motion_stop|p5
I0827 04:37:55.983495 837033 node_impl.cc:198] [aorta]CreatePublisher, host:0.0.0.0, port:40085, sockname:d2379|python3.10|p837033|n0|/wbc/motion_stop|p5, topic:/wbc/motion_stop, uid:e997f9ba-2924-44ce-897c-7c06811390e3-13748557535015507650 topic_uid:-1
I0827 04:37:55.983517 837033 aorta_component.cpp:394] [cosine_internal][AortaComponent] aorta node create publisher. node: python3.10_S1, topic:/wbc/motion_stop, type:genie_msgs.msg.pb.MotionStop, qos:(history:1, depth:5, reliability:1, durability:2), uri:http://10.42.0.101:2379
I0827 04:37:55.983553 837033 aorta_publisher.cpp:119] [cosine_internal][AortaPublisher] publisher initialize. topic:/wbc/motion_stop, uri:
I0827 04:37:55.983561 837033 publisher.cpp:27] [GDK]create publisher: /wbc/motion_stop type: genie_msgs.msg.pb.MotionStop qos: 1 1 5 2
I0827 04:37:55.983659 837033 cosine_bus_manager.cpp:294] [cosine_internal][CosineBusManager] create publisher. topic name:/wbc/set_control_mode , middleware:aorta
I0827 04:37:55.984091 837033 tcp_publisher.cc:179] [aorta]topic /wbc/set_control_mode, pub_queue_size_ 5, latch_queue_size_ 0
I0827 04:37:55.984164 838204 tcp_socket_server.cc:200] [aorta]The ip info is0.0.0.0:40703
I0827 04:37:55.984247 838204 shm_socket_server.cc:101] [aorta][/wbc/set_control_mode] bind at pipe sock name d2379|python3.10|p837033|n0|/wbc/set_control_mode|p6
I0827 04:37:55.984299 837033 node_impl.cc:198] [aorta]CreatePublisher, host:0.0.0.0, port:40703, sockname:d2379|python3.10|p837033|n0|/wbc/set_control_mode|p6, topic:/wbc/set_control_mode, uid:78e6cc4e-77d5-403b-9b28-a6fbf4c7c8dd-14916454457450496029 topic_uid:-1
I0827 04:37:55.984321 837033 aorta_component.cpp:394] [cosine_internal][AortaComponent] aorta node create publisher. node: python3.10_S1, topic:/wbc/set_control_mode, type:genie_msgs.msg.pb.SetControlMode, qos:(history:1, depth:5, reliability:1, durability:2), uri:http://10.42.0.101:2379
I0827 04:37:55.984325 838205 shm_subscriber.cc:120] [aorta]subscriber connect to publisher success, topic /hal/chest_power_state, local d2379|python3.10|p837033|n0|s7|c0, peer d2379|hal_lowerlimb|p9007|n0|/hal/chest_power_state|p4
I0827 04:37:55.984354 837033 aorta_publisher.cpp:119] [cosine_internal][AortaPublisher] publisher initialize. topic:/wbc/set_control_mode, uri:
I0827 04:37:55.984360 837033 publisher.cpp:27] [GDK]create publisher: /wbc/set_control_mode type: genie_msgs.msg.pb.SetControlMode qos: 1 1 5 2
I0827 04:37:55.984385 837133 centralized_discovery.cc:681] [aorta]publisher uid:afb21bc9-fcc9-4e4c-b0dc-2d95097c13b1-8113233340941315482 topic:/hal/joint_cmd
I0827 04:37:55.984448 837033 cosine_bus_manager.cpp:294] [cosine_internal][CosineBusManager] create publisher. topic name:/wbc/end_effector_pose_control , middleware:aorta
I0827 04:37:55.984877 837033 tcp_publisher.cc:179] [aorta]topic /wbc/end_effector_pose_control, pub_queue_size_ 5, latch_queue_size_ 0
I0827 04:37:55.984952 838204 tcp_socket_server.cc:200] [aorta]The ip info is0.0.0.0:33815
I0827 04:37:55.985019 838204 shm_socket_server.cc:101] [aorta][/wbc/end_effector_pose_control] bind at pipe sock name d2379|python3.10|p837033|n0|/wbc/end_effector_pose_control|p7
I0827 04:37:55.985064 837033 node_impl.cc:198] [aorta]CreatePublisher, host:0.0.0.0, port:33815, sockname:d2379|python3.10|p837033|n0|/wbc/end_effector_pose_control|p7, topic:/wbc/end_effector_pose_control, uid:e772c279-84a5-4939-9bae-ff84f89c1999-8961509146944305143 topic_uid:-1
I0827 04:37:55.985080 837033 aorta_component.cpp:394] [cosine_internal][AortaComponent] aorta node create publisher. node: python3.10_S1, topic:/wbc/end_effector_pose_control, type:genie_msgs.msg.pb.EndEffectorPoseControl, qos:(history:1, depth:5, reliability:1, durability:2), uri:http://10.42.0.101:2379
I0827 04:37:55.985108 837033 aorta_publisher.cpp:119] [cosine_internal][AortaPublisher] publisher initialize. topic:/wbc/end_effector_pose_control, uri:
I0827 04:37:55.985113 837033 publisher.cpp:27] [GDK]create publisher: /wbc/end_effector_pose_control type: genie_msgs.msg.pb.EndEffectorPoseControl qos: 1 1 5 2
I0827 04:37:55.985196 837033 cosine_bus_manager.cpp:294] [cosine_internal][CosineBusManager] create publisher. topic name:/wbc/joint_position_control , middleware:aorta
I0827 04:37:55.985621 837033 tcp_publisher.cc:179] [aorta]topic /wbc/joint_position_control, pub_queue_size_ 5, latch_queue_size_ 0
I0827 04:37:55.985693 838204 tcp_socket_server.cc:200] [aorta]The ip info is0.0.0.0:42931
I0827 04:37:55.985808 837133 centralized_discovery.cc:681] [aorta]publisher uid:62a297d1-edba-4abc-927f-c8bf6d44395d-15677759012602946526 topic:/wbc/left_ee_command
I0827 04:37:55.985945 838204 shm_socket_server.cc:101] [aorta][/wbc/joint_position_control] bind at pipe sock name d2379|python3.10|p837033|n0|/wbc/joint_position_control|p8
I0827 04:37:55.986018 837033 node_impl.cc:198] [aorta]CreatePublisher, host:0.0.0.0, port:42931, sockname:d2379|python3.10|p837033|n0|/wbc/joint_position_control|p8, topic:/wbc/joint_position_control, uid:4ce018a0-2315-4130-8657-e61bbc5feee8-17554954426434248758 topic_uid:-1
I0827 04:37:55.986042 837033 aorta_component.cpp:394] [cosine_internal][AortaComponent] aorta node create publisher. node: python3.10_S1, topic:/wbc/joint_position_control, type:genie_msgs.msg.pb.JointPositionControl, qos:(history:1, depth:5, reliability:1, durability:2), uri:http://10.42.0.101:2379
I0827 04:37:55.986076 837033 aorta_publisher.cpp:119] [cosine_internal][AortaPublisher] publisher initialize. topic:/wbc/joint_position_control, uri:
I0827 04:37:55.986084 837033 publisher.cpp:27] [GDK]create publisher: /wbc/joint_position_control type: genie_msgs.msg.pb.JointPositionControl qos: 1 1 5 2
I0827 04:37:55.986155 837033 cosine_bus_manager.cpp:294] [cosine_internal][CosineBusManager] create publisher. topic name:/MotionControlService/JointPosition/request , middleware:aorta
I0827 04:37:55.986575 837033 tcp_publisher.cc:179] [aorta]topic /MotionControlService/JointPosition/request, pub_queue_size_ 5, latch_queue_size_ 0
I0827 04:37:55.986653 838204 tcp_socket_server.cc:200] [aorta]The ip info is0.0.0.0:44861
I0827 04:37:55.986755 838204 shm_socket_server.cc:101] [aorta][/MotionControlService/JointPosition/request] bind at pipe sock name d2379|python3.10|p837033|n0|..onControlService/JointPosition/request|p9
I0827 04:37:55.986828 837033 node_impl.cc:198] [aorta]CreatePublisher, host:0.0.0.0, port:44861, sockname:d2379|python3.10|p837033|n0|..onControlService/JointPosition/request|p9, topic:/MotionControlService/JointPosition/request, uid:2462e8fb-8772-465c-93f6-4fe9ce5a16d7-13247891859042633557 topic_uid:-1
I0827 04:37:55.986851 837033 aorta_component.cpp:394] [cosine_internal][AortaComponent] aorta node create publisher. node: python3.10_S1, topic:/MotionControlService/JointPosition/request, type:genie_msgs.msg.pb.JointPositionRequst, qos:(history:1, depth:5, reliability:1, durability:2), uri:http://10.42.0.101:2379
I0827 04:37:55.986884 837033 aorta_publisher.cpp:119] [cosine_internal][AortaPublisher] publisher initialize. topic:/MotionControlService/JointPosition/request, uri:
I0827 04:37:55.986891 837033 publisher.cpp:27] [GDK]create publisher: /MotionControlService/JointPosition/request type: genie_msgs.msg.pb.JointPositionRequst qos: 1 1 5 2
I0827 04:37:55.986984 837033 cosine_bus_manager.cpp:294] [cosine_internal][CosineBusManager] create publisher. topic name:/MotionControlService/ControlMode/request , middleware:aorta
I0827 04:37:55.987465 837033 tcp_publisher.cc:179] [aorta]topic /MotionControlService/ControlMode/request, pub_queue_size_ 5, latch_queue_size_ 0
I0827 04:37:55.987533 838204 tcp_socket_server.cc:200] [aorta]The ip info is0.0.0.0:34871
I0827 04:37:55.987598 838204 shm_socket_server.cc:101] [aorta][/MotionControlService/ControlMode/request] bind at pipe sock name d2379|python3.10|p837033|n0|..tionControlService/ControlMode/request|p10
I0827 04:37:55.987607 837133 centralized_discovery.cc:681] [aorta]publisher uid:e34e7db2-8e79-4834-ab57-87fe544eed06-12160131399292109555 topic:/wbc/right_ee_command
I0827 04:37:55.987648 837033 node_impl.cc:198] [aorta]CreatePublisher, host:0.0.0.0, port:34871, sockname:d2379|python3.10|p837033|n0|..tionControlService/ControlMode/request|p10, topic:/MotionControlService/ControlMode/request, uid:1505bf98-3ac7-4fb4-ab84-85a412ff532a-7079047142913889307 topic_uid:-1
I0827 04:37:55.987668 837033 aorta_component.cpp:394] [cosine_internal][AortaComponent] aorta node create publisher. node: python3.10_S1, topic:/MotionControlService/ControlMode/request, type:genie_msgs.msg.pb.ControlModeRequest, qos:(history:1, depth:5, reliability:1, durability:2), uri:http://10.42.0.101:2379
I0827 04:37:55.987699 837033 aorta_publisher.cpp:119] [cosine_internal][AortaPublisher] publisher initialize. topic:/MotionControlService/ControlMode/request, uri:
I0827 04:37:55.987705 837033 publisher.cpp:27] [GDK]create publisher: /MotionControlService/ControlMode/request type: genie_msgs.msg.pb.ControlModeRequest qos: 1 1 5 2
I0827 04:37:55.987727 837033 cosine_bus_manager.cpp:294] [cosine_internal][CosineBusManager] create publisher. topic name:/MotionControlService/SetLoad/request , middleware:aorta
I0827 04:37:55.988245 837033 tcp_publisher.cc:179] [aorta]topic /MotionControlService/SetLoad/request, pub_queue_size_ 5, latch_queue_size_ 0
I0827 04:37:55.988469 838204 tcp_socket_server.cc:200] [aorta]The ip info is0.0.0.0:33131
I0827 04:37:55.988525 838204 shm_socket_server.cc:101] [aorta][/MotionControlService/SetLoad/request] bind at pipe sock name d2379|python3.10|p837033|n0|/MotionControlService/SetLoad/request|p11
I0827 04:37:55.988581 837033 node_impl.cc:198] [aorta]CreatePublisher, host:0.0.0.0, port:33131, sockname:d2379|python3.10|p837033|n0|/MotionControlService/SetLoad/request|p11, topic:/MotionControlService/SetLoad/request, uid:422299d8-cf5a-4040-95f6-1d1caf8a7ee6-13250693701014519938 topic_uid:-1
