Log file created at: 2025/08/26 23:37:25
Running on machine: G2
Log line format: [IWEF]mmdd hh:mm:ss.uuuuuu threadid file:line] msg
I0826 23:37:25.173378 224758 dylog_impl.cpp:641] [DYLOG] set dylog default level to INFO
I0826 23:37:25.173452 224758 dylog_impl.cpp:690] [DYLOG] soc num : R2
I0826 23:37:25.173466 224758 dylog_impl.cpp:695] [DYLOG] can't read scene_mode, use sud
W0826 23:37:25.173485 224758 dylog_impl.cpp:757] [DYLOG] can't find available json config file with path : /home/agi/app/conf/scene_server/dylog_sud_default.json, use default.
I0826 23:37:25.173606 224758 dylog_impl.cpp:293] [DYLOG] register dsd_name : dylog/python3.10/cosine_internal
I0826 23:37:25.176819 224758 cosine_bus_manager.cpp:88] [cosine_internal][CosineBusManager] cosine bus config path not set, use default config.
I0826 23:37:25.176865 224758 cosine_bus_manager.cpp:118] [cosine_internal][CosineBusManager] initial cosine_bus_config:
I0826 23:37:25.178333 224758 cosine_bus_global_sync.cpp:30] [cosine_internal][BusGlobalSync] set default middleware name:aorta
I0826 23:37:25.178370 224758 scheduler_classic.cpp:28] [cosine_internal]Proc number set to be: 1
I0826 23:37:25.179277 224758 dynamic_object.cpp:521] [cosine_internal][DynamicObject] open libdynamic_aorta.so success.
I0826 23:37:25.179484 224758 dynamic_object.cpp:581] [cosine_internal][DynamicObject] Successfully enumerated 57 symbols in libdynamic_aorta.so
I0826 23:37:25.179495 224758 resource_loader.cpp:13] [cosine_internal][ResourceLoader] Attempting to load function: aorta_get_object
I0826 23:37:25.179499 224758 resource_loader.cpp:17] [cosine_internal][ResourceLoader] Trying address() method for C++ symbol: aorta_get_object
I0826 23:37:25.179505 224758 resource_loader.cpp:20] [cosine_internal][ResourceLoader] Successfully loaded C++ symbol: aorta_get_object
I0826 23:37:25.179508 224758 resource_loader.cpp:13] [cosine_internal][ResourceLoader] Attempting to load function: aorta_call_object_func
I0826 23:37:25.179512 224758 resource_loader.cpp:17] [cosine_internal][ResourceLoader] Trying address() method for C++ symbol: aorta_call_object_func
I0826 23:37:25.179515 224758 resource_loader.cpp:20] [cosine_internal][ResourceLoader] Successfully loaded C++ symbol: aorta_call_object_func
I0826 23:37:25.179518 224758 resource_loader.cpp:13] [cosine_internal][ResourceLoader] Attempting to load function: aorta_clean_up
I0826 23:37:25.179522 224758 resource_loader.cpp:17] [cosine_internal][ResourceLoader] Trying address() method for C++ symbol: aorta_clean_up
I0826 23:37:25.179535 224758 resource_loader.cpp:25] [cosine_internal][ResourceLoader] C++ symbol failed, trying c_address() method for C symbol: aorta_clean_up
I0826 23:37:25.179540 224758 resource_loader.cpp:28] [cosine_internal][ResourceLoader] Successfully loaded C symbol: aorta_clean_up
W0826 23:37:25.179548 224758 aorta_component.cpp:90] [cosine_internal]Environment variable [LOCATOR_IP/DDS_IP] not set, fallback to 10.42.0.101
I0826 23:37:25.179553 224758 aorta_component.cpp:496] [cosine_internal][AortaComponent] locator_ip: 10.42.0.101; Check network before domain init 
I0826 23:37:25.179593 224758 clock.cpp:22] [cosine_internal]load ptp time source from: libptp_clock_time.so
I0826 23:37:25.179762 224758 dynamic_object.cpp:521] [cosine_internal][DynamicObject] open libptp_clock_time.so success.
I0826 23:37:25.180163 224758 aorta_component.cpp:515] [cosine_internal][AortaComponent] Network check start. locator_ip: 10.42.0.101, timeout: 60 seconds , check_start_time: 1756222645
I0826 23:37:25.180183 224758 aorta_component.cpp:526] [cosine_internal][AortaComponent] locator_ip: 10.42.0.101; network is ready.
I0826 23:37:25.180229 224758 dylog_impl.cpp:293] [DYLOG] register dsd_name : dylog/python3.10/aorta
I0826 23:37:25.180362 224758 pcie_config.cc:52] [aorta]Get one valid pcie channel. producer: soc-s3 app-map_loc_app endpoint-nvscic2c_pcie_s3_c7_11 consumer: soc-s1 app-worldmodel endpoint-nvscic2c_pcie_s1_c7_11
I0826 23:37:25.180449 224758 os.cc:88] [aorta]Got host_id from system files: Huixi R1ROBOR2
I0826 23:37:25.180485 224758 pcie_manager.cc:71] [aorta]There is no pcie config in current process.
I0826 23:37:25.180814 224758 message_monitor_config.cc:398] [aorta]run in  mode
I0826 23:37:25.182035 224758 domain_impl.cc:58] [aorta]aorta version:7b1b7ddc
I0826 23:37:25.182065 224758 json_comm.cc:35] [aorta]file path: /home/agi/app/conf/topology/topology_rule.json not exist.
I0826 23:37:25.182080 224758 message_monitor_config.cc:398] [aorta]run in  mode
I0826 23:37:25.182704 224758 message_monitor_config.cc:731] [aorta]message monitor is updated from /home/agi/app/conf/aorta/function/aorta_monitor_conf.json
I0826 23:37:25.183349 224758 discovery_factory.cc:14] [aorta]type:1, host:10.42.0.101, port:2379, ttl:15, minor_cycle:100, major_cycle:3
I0826 23:37:25.183887 224758 config.cc:53] [aorta]AORTA_IP_MASK not set.
I0826 23:37:25.183899 224758 discovery.cc:245] [aorta]get ip masks empty.
I0826 23:37:25.183908 224758 config.cc:200] [aorta]AORTA_EXTRA_LOCAL_IPS not set.
I0826 23:37:25.183912 224758 discovery.cc:266] [aorta]local_publisher_ips_ empty.
I0826 23:37:25.183931 224758 config.cc:124] [aorta]ip match, ip:127.0.0.1
I0826 23:37:25.183940 224758 discovery.cc:275] [aorta]default emplace ip:10.42.0.101
I0826 23:37:25.183943 224758 discovery.cc:275] [aorta]default emplace ip:10.42.12.101
I0826 23:37:25.183946 224758 discovery.cc:275] [aorta]default emplace ip:10.42.1.101
I0826 23:37:25.183949 224758 discovery.cc:275] [aorta]default emplace ip:10.42.6.101
I0826 23:37:25.183952 224758 discovery.cc:275] [aorta]default emplace ip:192.168.1.101
I0826 23:37:25.183955 224758 discovery.cc:275] [aorta]default emplace ip:10.42.30.101
I0826 23:37:25.183959 224758 discovery.cc:275] [aorta]default emplace ip:10.42.40.101
I0826 23:37:25.183961 224758 discovery.cc:275] [aorta]default emplace ip:10.20.15.199
I0826 23:37:25.183964 224758 discovery.cc:275] [aorta]default emplace ip:10.42.6.101
I0826 23:37:25.183969 224758 centralized_discovery.cc:55] [aorta]lease_ttl_:15
I0826 23:37:25.184391 224758 aorta_component.cpp:561] [cosine_internal][AortaComponent] aorta create domain success. uri:http://10.42.0.101:2379
I0826 23:37:25.184522 224758 aorta_component.cpp:447] [cosine_internal][AortaComponent] aorta domain created node: python3.10_S1 , domain_uri:http://10.42.0.101:2379
I0826 23:37:25.184531 224758 aorta_component.cpp:126] [cosine_internal][AortaComponent] aorta component init success. node:python3.10_S1, uri:http://10.42.0.101:2379, locator_kind(1:shm,2:tcp,3:udp):2, locator_ip:10.42.0.101, locator_port:0, aorta_dispatcher_thread_num:1
I0826 23:37:25.184679 224812 processor.cpp:40] [cosine_internal]processor_tid: 224812
I0826 23:37:25.185129 224818 executor_impl.cc:91] [aorta]aorta-dispatch0 start spinning
I0826 23:37:25.197243 224817 centralized_discovery.cc:1110] [aorta]poll thread: revision:863
I0826 23:37:25.197355 224817 centralized_discovery.cc:1123] [aorta]inotify_fd_:15 inotify_watch_:1 inotify_watch_path:/home/agi/app/conf/aorta/function
I0826 23:37:25.199333 224817 centralized_discovery.cc:615] [aorta]grant lease for node python3.10_S1 lease_id = 7587889064995165422
I0826 23:37:25.200930 224817 watch_state.cc:54] [aorta]watch connect success.
I0826 23:37:25.202267 224817 centralized_discovery.cc:1615] [aorta]recv watch response created.
I0826 23:37:25.246881 224758 cosine_bus_manager.cpp:294] [cosine_internal][CosineBusManager] create publisher. topic name:/gdk/config_request , middleware:aorta
I0826 23:37:25.247627 224758 tcp_publisher.cc:179] [aorta]topic /gdk/config_request, pub_queue_size_ 5, latch_queue_size_ 0
I0826 23:37:25.247836 224834 tcp_socket_server.cc:200] [aorta]The ip info is0.0.0.0:36579
I0826 23:37:25.248019 224834 shm_socket_server.cc:101] [aorta][/gdk/config_request] bind at pipe sock name d2379|python3.10|p224758|n0|/gdk/config_request|p0
I0826 23:37:25.248153 224758 node_impl.cc:198] [aorta]CreatePublisher, host:0.0.0.0, port:36579, sockname:d2379|python3.10|p224758|n0|/gdk/config_request|p0, topic:/gdk/config_request, uid:ca760077-713d-497b-b7c7-2ac1c6de92b7-4991715019463590898 topic_uid:-1
I0826 23:37:25.248194 224758 aorta_component.cpp:394] [cosine_internal][AortaComponent] aorta node create publisher. node: python3.10_S1, topic:/gdk/config_request, type:genie_msgs.msg.pb.CommonRequest, qos:(history:1, depth:5, reliability:1, durability:2), uri:http://10.42.0.101:2379
I0826 23:37:25.248235 224758 aorta_publisher.cpp:119] [cosine_internal][AortaPublisher] publisher initialize. topic:/gdk/config_request, uri:
I0826 23:37:25.248251 224758 dylog_impl.cpp:293] [DYLOG] register dsd_name : dylog/python3.10/GDK
I0826 23:37:25.248252 224817 centralized_discovery.cc:681] [aorta]publisher uid:ca760077-713d-497b-b7c7-2ac1c6de92b7-4991715019463590898 topic:/gdk/config_request
I0826 23:37:25.248332 224758 publisher.cpp:27] [GDK]create publisher: /gdk/config_request type: genie_msgs.msg.pb.CommonRequest qos: 1 1 5 2
I0826 23:37:25.248354 224758 cosine_bus_manager.cpp:294] [cosine_internal][CosineBusManager] create publisher. topic name:/gdk/camera_conf_request , middleware:aorta
I0826 23:37:25.248759 224758 tcp_publisher.cc:179] [aorta]topic /gdk/camera_conf_request, pub_queue_size_ 5, latch_queue_size_ 0
I0826 23:37:25.248842 224834 tcp_socket_server.cc:200] [aorta]The ip info is0.0.0.0:35741
I0826 23:37:25.248929 224834 shm_socket_server.cc:101] [aorta][/gdk/camera_conf_request] bind at pipe sock name d2379|python3.10|p224758|n0|/gdk/camera_conf_request|p1
I0826 23:37:25.249015 224758 node_impl.cc:198] [aorta]CreatePublisher, host:0.0.0.0, port:35741, sockname:d2379|python3.10|p224758|n0|/gdk/camera_conf_request|p1, topic:/gdk/camera_conf_request, uid:ac665fed-fb8e-4c4a-b34c-6be11047142b-9117180461459404870 topic_uid:-1
I0826 23:37:25.249038 224758 aorta_component.cpp:394] [cosine_internal][AortaComponent] aorta node create publisher. node: python3.10_S1, topic:/gdk/camera_conf_request, type:genie_msgs.msg.pb.CommonRequest, qos:(history:1, depth:5, reliability:1, durability:2), uri:http://10.42.0.101:2379
I0826 23:37:25.249073 224758 aorta_publisher.cpp:119] [cosine_internal][AortaPublisher] publisher initialize. topic:/gdk/camera_conf_request, uri:
I0826 23:37:25.249081 224758 publisher.cpp:27] [GDK]create publisher: /gdk/camera_conf_request type: genie_msgs.msg.pb.CommonRequest qos: 1 1 5 2
I0826 23:37:25.249099 224758 cosine_bus_manager.cpp:400] [cosine_internal][CosineBusManager] create subscriber. topic name:/gdk/config_response , middleware:aorta , need async callback:0, frame_skip_rate:1
I0826 23:37:25.249110 224758 aorta_component.cpp:174] [cosine_internal][AortaComponent] callback_name:/gdk/config_responsehttp://10.42.0.101:2379
I0826 23:37:25.249181 224758 dynamic_object.cpp:521] [cosine_internal][DynamicObject] open  success.
I0826 23:37:25.249346 224758 buffered_data_export.cpp:115] [cosine_internal]successfully create buffer [bus_buffer___gdk__config_response, type genie_msgs.msg.pb.CommonResponse, block num 5, valid_time 0, transfer_type 0, data_size 0, mem_type 0, lib_name , ext_data_size 0, is_protobuf 1, enable_event_sync_subscriber 0], buffer id = 1
I0826 23:37:25.249370 224758 cosine_bus_message_buffer.cpp:45] [cosine_internal][CosineBusMessageBuffer] create buffer success. name:bus_buffer___gdk__config_response, type:genie_msgs.msg.pb.CommonResponse, size:5
I0826 23:37:25.249459 224758 node_impl.cc:344] [aorta]CreateSubscriber topic:/gdk/config_response, uid:08ef2573-ebed-4227-b269-2f28145c68f2-9533047780102618842 topic_uid:-1
I0826 23:37:25.250005 224758 aorta_component.cpp:326] [cosine_internal][AortaComponent] aorta node create subscriber. node: python3.10_S1, topic:/gdk/config_response, type:genie_msgs.msg.pb.CommonResponse, qos:(history:1, depth:5, reliability:1, durability:2), uri:http://10.42.0.101:2379
I0826 23:37:25.250006 224817 centralized_discovery.cc:681] [aorta]publisher uid:ac665fed-fb8e-4c4a-b34c-6be11047142b-9117180461459404870 topic:/gdk/camera_conf_request
I0826 23:37:25.250026 224758 aorta_subscriber.hpp:96] [cosine_internal][AortaSubscriber] initial. topic:/gdk/config_response, uri:
I0826 23:37:25.250041 224758 cosine_bus_manager.cpp:400] [cosine_internal][CosineBusManager] create subscriber. topic name:/gdk/camera_conf_response , middleware:aorta , need async callback:0, frame_skip_rate:1
I0826 23:37:25.250048 224758 aorta_component.cpp:174] [cosine_internal][AortaComponent] callback_name:/gdk/camera_conf_responsehttp://10.42.0.101:2379
I0826 23:37:25.250093 224758 buffered_data_export.cpp:115] [cosine_internal]successfully create buffer [bus_buffer___gdk__camera_conf_response, type genie_msgs.msg.pb.CommonResponse, block num 5, valid_time 0, transfer_type 0, data_size 0, mem_type 0, lib_name , ext_data_size 0, is_protobuf 1, enable_event_sync_subscriber 0], buffer id = 2
I0826 23:37:25.250108 224758 cosine_bus_message_buffer.cpp:45] [cosine_internal][CosineBusMessageBuffer] create buffer success. name:bus_buffer___gdk__camera_conf_response, type:genie_msgs.msg.pb.CommonResponse, size:5
I0826 23:37:25.250183 224758 node_impl.cc:344] [aorta]CreateSubscriber topic:/gdk/camera_conf_response, uid:c57035bd-c271-4558-9439-00087ec82f91-3551884323222435368 topic_uid:-1
I0826 23:37:25.250566 224758 aorta_component.cpp:326] [cosine_internal][AortaComponent] aorta node create subscriber. node: python3.10_S1, topic:/gdk/camera_conf_response, type:genie_msgs.msg.pb.CommonResponse, qos:(history:1, depth:5, reliability:1, durability:2), uri:http://10.42.0.101:2379
I0826 23:37:25.250576 224758 aorta_subscriber.hpp:96] [cosine_internal][AortaSubscriber] initial. topic:/gdk/camera_conf_response, uri:
I0826 23:37:25.250655 224758 cosine_bus_manager.cpp:400] [cosine_internal][CosineBusManager] create subscriber. topic name:/pnc/task_state , middleware:aorta , need async callback:0, frame_skip_rate:1
I0826 23:37:25.250670 224758 aorta_component.cpp:174] [cosine_internal][AortaComponent] callback_name:/pnc/task_statehttp://10.42.0.101:2379
I0826 23:37:25.251206 224758 buffered_data_export.cpp:115] [cosine_internal]successfully create buffer [bus_buffer___pnc__task_state, type pnc_msgs.TaskState, block num 5, valid_time 0, transfer_type 0, data_size 0, mem_type 0, lib_name , ext_data_size 0, is_protobuf 1, enable_event_sync_subscriber 0], buffer id = 3
I0826 23:37:25.251227 224758 cosine_bus_message_buffer.cpp:45] [cosine_internal][CosineBusMessageBuffer] create buffer success. name:bus_buffer___pnc__task_state, type:pnc_msgs.TaskState, size:5
I0826 23:37:25.251307 224758 node_impl.cc:344] [aorta]CreateSubscriber topic:/pnc/task_state, uid:3711c87e-e03c-45b9-a87a-61b8c0d0bddb-9096530589114119892 topic_uid:-1
I0826 23:37:25.251308 224817 centralized_discovery.cc:733] [aorta]subscriber uid:08ef2573-ebed-4227-b269-2f28145c68f2-9533047780102618842 topic:/gdk/config_response
I0826 23:37:25.252141 224758 aorta_component.cpp:326] [cosine_internal][AortaComponent] aorta node create subscriber. node: python3.10_S1, topic:/pnc/task_state, type:pnc_msgs.TaskState, qos:(history:1, depth:5, reliability:1, durability:2), uri:http://10.42.0.101:2379
I0826 23:37:25.252159 224758 aorta_subscriber.hpp:96] [cosine_internal][AortaSubscriber] initial. topic:/pnc/task_state, uri:
I0826 23:37:25.252197 224758 cosine_bus_manager.cpp:400] [cosine_internal][CosineBusManager] create subscriber. topic name:/pnc/task_service/normal_navigation/response , middleware:aorta , need async callback:0, frame_skip_rate:1
I0826 23:37:25.252207 224758 aorta_component.cpp:174] [cosine_internal][AortaComponent] callback_name:/pnc/task_service/normal_navigation/responsehttp://10.42.0.101:2379
I0826 23:37:25.252270 224758 buffered_data_export.cpp:115] [cosine_internal]successfully create buffer [bus_buffer___pnc__task_service__normal_navigation__response, type pnc_msgs.NormalNavigationResponse, block num 5, valid_time 0, transfer_type 0, data_size 0, mem_type 0, lib_name , ext_data_size 0, is_protobuf 1, enable_event_sync_subscriber 0], buffer id = 4
I0826 23:37:25.252286 224758 cosine_bus_message_buffer.cpp:45] [cosine_internal][CosineBusMessageBuffer] create buffer success. name:bus_buffer___pnc__task_service__normal_navigation__response, type:pnc_msgs.NormalNavigationResponse, size:5
I0826 23:37:25.252382 224758 node_impl.cc:344] [aorta]CreateSubscriber topic:/pnc/task_service/normal_navigation/response, uid:5dd83430-181e-4e4c-87d1-039942bf9142-7227396448010854466 topic_uid:-1
I0826 23:37:25.252758 224758 aorta_component.cpp:326] [cosine_internal][AortaComponent] aorta node create subscriber. node: python3.10_S1, topic:/pnc/task_service/normal_navigation/response, type:pnc_msgs.NormalNavigationResponse, qos:(history:1, depth:5, reliability:1, durability:2), uri:http://10.42.0.101:2379
I0826 23:37:25.252768 224758 aorta_subscriber.hpp:96] [cosine_internal][AortaSubscriber] initial. topic:/pnc/task_service/normal_navigation/response, uri:
I0826 23:37:25.252779 224758 cosine_bus_manager.cpp:400] [cosine_internal][CosineBusManager] create subscriber. topic name:/pnc/task_service/high_precision_navigation/response , middleware:aorta , need async callback:0, frame_skip_rate:1
I0826 23:37:25.252786 224758 aorta_component.cpp:174] [cosine_internal][AortaComponent] callback_name:/pnc/task_service/high_precision_navigation/responsehttp://10.42.0.101:2379
I0826 23:37:25.252827 224758 buffered_data_export.cpp:115] [cosine_internal]successfully create buffer [bus_buffer___pnc__task_service__high_precision_navigation__response, type pnc_msgs.HighPrecisionNavigationResponse, block num 5, valid_time 0, transfer_type 0, data_size 0, mem_type 0, lib_name , ext_data_size 0, is_protobuf 1, enable_event_sync_subscriber 0], buffer id = 5
I0826 23:37:25.252839 224758 cosine_bus_message_buffer.cpp:45] [cosine_internal][CosineBusMessageBuffer] create buffer success. name:bus_buffer___pnc__task_service__high_precision_navigation__response, type:pnc_msgs.HighPrecisionNavigationResponse, size:5
I0826 23:37:25.252902 224758 node_impl.cc:344] [aorta]CreateSubscriber topic:/pnc/task_service/high_precision_navigation/response, uid:21c6c1eb-bf0e-43d2-a4c5-55083290c310-4701876173029784314 topic_uid:-1
I0826 23:37:25.253297 224758 aorta_component.cpp:326] [cosine_internal][AortaComponent] aorta node create subscriber. node: python3.10_S1, topic:/pnc/task_service/high_precision_navigation/response, type:pnc_msgs.HighPrecisionNavigationResponse, qos:(history:1, depth:5, reliability:1, durability:2), uri:http://10.42.0.101:2379
I0826 23:37:25.253307 224758 aorta_subscriber.hpp:96] [cosine_internal][AortaSubscriber] initial. topic:/pnc/task_service/high_precision_navigation/response, uri:
I0826 23:37:25.253319 224758 cosine_bus_manager.cpp:400] [cosine_internal][CosineBusManager] create subscriber. topic name:/pnc/task_service/relative_move/response , middleware:aorta , need async callback:0, frame_skip_rate:1
I0826 23:37:25.253325 224758 aorta_component.cpp:174] [cosine_internal][AortaComponent] callback_name:/pnc/task_service/relative_move/responsehttp://10.42.0.101:2379
I0826 23:37:25.253366 224758 buffered_data_export.cpp:115] [cosine_internal]successfully create buffer [bus_buffer___pnc__task_service__relative_move__response, type pnc_msgs.RelativeMoveResponse, block num 5, valid_time 0, transfer_type 0, data_size 0, mem_type 0, lib_name , ext_data_size 0, is_protobuf 1, enable_event_sync_subscriber 0], buffer id = 6
I0826 23:37:25.253378 224758 cosine_bus_message_buffer.cpp:45] [cosine_internal][CosineBusMessageBuffer] create buffer success. name:bus_buffer___pnc__task_service__relative_move__response, type:pnc_msgs.RelativeMoveResponse, size:5
I0826 23:37:25.253368 224835 shm_subscriber.cc:120] [aorta]subscriber connect to publisher success, topic /gdk/config_response, local d2379|python3.10|p224758|n0|s0|c0, peer d2379|gdk_service|p8997|n0|/gdk/config_response|p0
I0826 23:37:25.253436 224758 node_impl.cc:344] [aorta]CreateSubscriber topic:/pnc/task_service/relative_move/response, uid:83caa124-aa85-4b0a-a150-2bb7f2d31c30-4077207897147431090 topic_uid:-1
I0826 23:37:25.253453 224817 centralized_discovery.cc:733] [aorta]subscriber uid:c57035bd-c271-4558-9439-00087ec82f91-3551884323222435368 topic:/gdk/camera_conf_response
I0826 23:37:25.254626 224835 shm_subscriber.cc:120] [aorta]subscriber connect to publisher success, topic /gdk/camera_conf_response, local d2379|python3.10|p224758|n0|s1|c0, peer d2379|gdk_service|p8997|n0|/gdk/camera_conf_response|p1
I0826 23:37:25.254729 224817 centralized_discovery.cc:733] [aorta]subscriber uid:3711c87e-e03c-45b9-a87a-61b8c0d0bddb-9096530589114119892 topic:/pnc/task_state
I0826 23:37:25.255329 224758 aorta_component.cpp:326] [cosine_internal][AortaComponent] aorta node create subscriber. node: python3.10_S1, topic:/pnc/task_service/relative_move/response, type:pnc_msgs.RelativeMoveResponse, qos:(history:1, depth:5, reliability:1, durability:2), uri:http://10.42.0.101:2379
I0826 23:37:25.255349 224758 aorta_subscriber.hpp:96] [cosine_internal][AortaSubscriber] initial. topic:/pnc/task_service/relative_move/response, uri:
I0826 23:37:25.255376 224758 cosine_bus_manager.cpp:400] [cosine_internal][CosineBusManager] create subscriber. topic name:/pnc/task_service/task_cancel/response , middleware:aorta , need async callback:0, frame_skip_rate:1
I0826 23:37:25.255385 224758 aorta_component.cpp:174] [cosine_internal][AortaComponent] callback_name:/pnc/task_service/task_cancel/responsehttp://10.42.0.101:2379
I0826 23:37:25.255472 224758 buffered_data_export.cpp:115] [cosine_internal]successfully create buffer [bus_buffer___pnc__task_service__task_cancel__response, type pnc_msgs.TaskCancelResponse, block num 5, valid_time 0, transfer_type 0, data_size 0, mem_type 0, lib_name , ext_data_size 0, is_protobuf 1, enable_event_sync_subscriber 0], buffer id = 7
I0826 23:37:25.255491 224758 cosine_bus_message_buffer.cpp:45] [cosine_internal][CosineBusMessageBuffer] create buffer success. name:bus_buffer___pnc__task_service__task_cancel__response, type:pnc_msgs.TaskCancelResponse, size:5
I0826 23:37:25.255596 224758 node_impl.cc:344] [aorta]CreateSubscriber topic:/pnc/task_service/task_cancel/response, uid:50f72a47-9176-49e6-b8a5-b4be8fb0829b-3654631836754090917 topic_uid:-1
I0826 23:37:25.255743 224835 shm_subscriber.cc:120] [aorta]subscriber connect to publisher success, topic /pnc/task_state, local d2379|python3.10|p224758|n0|s2|c0, peer d2379|quark_navigation|p9584|n0|/pnc/task_state|p24
I0826 23:37:25.256258 224758 aorta_component.cpp:326] [cosine_internal][AortaComponent] aorta node create subscriber. node: python3.10_S1, topic:/pnc/task_service/task_cancel/response, type:pnc_msgs.TaskCancelResponse, qos:(history:1, depth:5, reliability:1, durability:2), uri:http://10.42.0.101:2379
I0826 23:37:25.256275 224758 aorta_subscriber.hpp:96] [cosine_internal][AortaSubscriber] initial. topic:/pnc/task_service/task_cancel/response, uri:
I0826 23:37:25.256294 224758 cosine_bus_manager.cpp:400] [cosine_internal][CosineBusManager] create subscriber. topic name:/pnc/task_service/task_pause/response , middleware:aorta , need async callback:0, frame_skip_rate:1
I0826 23:37:25.256301 224758 aorta_component.cpp:174] [cosine_internal][AortaComponent] callback_name:/pnc/task_service/task_pause/responsehttp://10.42.0.101:2379
I0826 23:37:25.256366 224758 buffered_data_export.cpp:115] [cosine_internal]successfully create buffer [bus_buffer___pnc__task_service__task_pause__response, type pnc_msgs.TaskPauseResponse, block num 5, valid_time 0, transfer_type 0, data_size 0, mem_type 0, lib_name , ext_data_size 0, is_protobuf 1, enable_event_sync_subscriber 0], buffer id = 8
I0826 23:37:25.256381 224758 cosine_bus_message_buffer.cpp:45] [cosine_internal][CosineBusMessageBuffer] create buffer success. name:bus_buffer___pnc__task_service__task_pause__response, type:pnc_msgs.TaskPauseResponse, size:5
I0826 23:37:25.256446 224817 centralized_discovery.cc:733] [aorta]subscriber uid:5dd83430-181e-4e4c-87d1-039942bf9142-7227396448010854466 topic:/pnc/task_service/normal_navigation/response
I0826 23:37:25.256464 224758 node_impl.cc:344] [aorta]CreateSubscriber topic:/pnc/task_service/task_pause/response, uid:1d40be95-c299-4bd0-a099-fe0feb3fa090-4995236092065324733 topic_uid:-1
I0826 23:37:25.256858 224758 aorta_component.cpp:326] [cosine_internal][AortaComponent] aorta node create subscriber. node: python3.10_S1, topic:/pnc/task_service/task_pause/response, type:pnc_msgs.TaskPauseResponse, qos:(history:1, depth:5, reliability:1, durability:2), uri:http://10.42.0.101:2379
I0826 23:37:25.256870 224758 aorta_subscriber.hpp:96] [cosine_internal][AortaSubscriber] initial. topic:/pnc/task_service/task_pause/response, uri:
I0826 23:37:25.256889 224758 cosine_bus_manager.cpp:400] [cosine_internal][CosineBusManager] create subscriber. topic name:/pnc/task_service/task_resume/response , middleware:aorta , need async callback:0, frame_skip_rate:1
I0826 23:37:25.256896 224758 aorta_component.cpp:174] [cosine_internal][AortaComponent] callback_name:/pnc/task_service/task_resume/responsehttp://10.42.0.101:2379
I0826 23:37:25.256934 224758 buffered_data_export.cpp:115] [cosine_internal]successfully create buffer [bus_buffer___pnc__task_service__task_resume__response, type pnc_msgs.TaskResumeResponse, block num 5, valid_time 0, transfer_type 0, data_size 0, mem_type 0, lib_name , ext_data_size 0, is_protobuf 1, enable_event_sync_subscriber 0], buffer id = 9
I0826 23:37:25.256948 224758 cosine_bus_message_buffer.cpp:45] [cosine_internal][CosineBusMessageBuffer] create buffer success. name:bus_buffer___pnc__task_service__task_resume__response, type:pnc_msgs.TaskResumeResponse, size:5
I0826 23:37:25.257015 224758 node_impl.cc:344] [aorta]CreateSubscriber topic:/pnc/task_service/task_resume/response, uid:bd0e39f0-742f-4fe5-bc26-40e54ae346ca-16859347558940246081 topic_uid:-1
I0826 23:37:25.257404 224758 aorta_component.cpp:326] [cosine_internal][AortaComponent] aorta node create subscriber. node: python3.10_S1, topic:/pnc/task_service/task_resume/response, type:pnc_msgs.TaskResumeResponse, qos:(history:1, depth:5, reliability:1, durability:2), uri:http://10.42.0.101:2379
I0826 23:37:25.257414 224758 aorta_subscriber.hpp:96] [cosine_internal][AortaSubscriber] initial. topic:/pnc/task_service/task_resume/response, uri:
I0826 23:37:25.257426 224758 cosine_bus_manager.cpp:400] [cosine_internal][CosineBusManager] create subscriber. topic name:/pnc/task_service/remote_control/response , middleware:aorta , need async callback:0, frame_skip_rate:1
I0826 23:37:25.257432 224758 aorta_component.cpp:174] [cosine_internal][AortaComponent] callback_name:/pnc/task_service/remote_control/responsehttp://10.42.0.101:2379
I0826 23:37:25.257474 224758 buffered_data_export.cpp:115] [cosine_internal]successfully create buffer [bus_buffer___pnc__task_service__remote_control__response, type pnc_msgs.RemoteControlResponse, block num 5, valid_time 0, transfer_type 0, data_size 0, mem_type 0, lib_name , ext_data_size 0, is_protobuf 1, enable_event_sync_subscriber 0], buffer id = 10
I0826 23:37:25.257486 224758 cosine_bus_message_buffer.cpp:45] [cosine_internal][CosineBusMessageBuffer] create buffer success. name:bus_buffer___pnc__task_service__remote_control__response, type:pnc_msgs.RemoteControlResponse, size:5
I0826 23:37:25.257524 224835 shm_subscriber.cc:120] [aorta]subscriber connect to publisher success, topic /pnc/task_service/normal_navigation/response, local d2379|python3.10|p224758|n0|s3|c0, peer d2379|quark_navigation|p9584|n0|..ask_service/normal_navigation/response|p11
I0826 23:37:25.257547 224758 node_impl.cc:344] [aorta]CreateSubscriber topic:/pnc/task_service/remote_control/response, uid:3193edb2-fbfb-43e6-a634-a44fd57f1a6c-11583863028842959166 topic_uid:-1
I0826 23:37:25.257772 224817 centralized_discovery.cc:733] [aorta]subscriber uid:21c6c1eb-bf0e-43d2-a4c5-55083290c310-4701876173029784314 topic:/pnc/task_service/high_precision_navigation/response
I0826 23:37:25.257973 224758 aorta_component.cpp:326] [cosine_internal][AortaComponent] aorta node create subscriber. node: python3.10_S1, topic:/pnc/task_service/remote_control/response, type:pnc_msgs.RemoteControlResponse, qos:(history:1, depth:5, reliability:1, durability:2), uri:http://10.42.0.101:2379
I0826 23:37:25.257983 224758 aorta_subscriber.hpp:96] [cosine_internal][AortaSubscriber] initial. topic:/pnc/task_service/remote_control/response, uri:
I0826 23:37:25.258008 224758 cosine_bus_manager.cpp:294] [cosine_internal][CosineBusManager] create publisher. topic name:/pnc/task_service/normal_navigation/request , middleware:aorta
I0826 23:37:25.258433 224758 tcp_publisher.cc:179] [aorta]topic /pnc/task_service/normal_navigation/request, pub_queue_size_ 5, latch_queue_size_ 0
I0826 23:37:25.258539 224834 tcp_socket_server.cc:200] [aorta]The ip info is0.0.0.0:44235
I0826 23:37:25.258622 224834 shm_socket_server.cc:101] [aorta][/pnc/task_service/normal_navigation/request] bind at pipe sock name d2379|python3.10|p224758|n0|..task_service/normal_navigation/request|p2
I0826 23:37:25.258680 224758 node_impl.cc:198] [aorta]CreatePublisher, host:0.0.0.0, port:44235, sockname:d2379|python3.10|p224758|n0|..task_service/normal_navigation/request|p2, topic:/pnc/task_service/normal_navigation/request, uid:ee6dbff0-d5ae-467d-a3a4-a0dbf3c254ed-11863888217293896894 topic_uid:-1
I0826 23:37:25.258700 224758 aorta_component.cpp:394] [cosine_internal][AortaComponent] aorta node create publisher. node: python3.10_S1, topic:/pnc/task_service/normal_navigation/request, type:pnc_msgs.NormalNavigationRequest, qos:(history:1, depth:5, reliability:1, durability:2), uri:http://10.42.0.101:2379
I0826 23:37:25.258736 224758 aorta_publisher.cpp:119] [cosine_internal][AortaPublisher] publisher initialize. topic:/pnc/task_service/normal_navigation/request, uri:
I0826 23:37:25.258744 224758 publisher.cpp:27] [GDK]create publisher: /pnc/task_service/normal_navigation/request type: pnc_msgs.NormalNavigationRequest qos: 1 1 5 2
I0826 23:37:25.258760 224758 cosine_bus_manager.cpp:294] [cosine_internal][CosineBusManager] create publisher. topic name:/pnc/task_service/high_precision_navigation/request , middleware:aorta
I0826 23:37:25.258826 224835 shm_subscriber.cc:120] [aorta]subscriber connect to publisher success, topic /pnc/task_service/high_precision_navigation/response, local d2379|python3.10|p224758|n0|s4|c0, peer d2379|quark_navigation|p9584|n0|..ice/high_precision_navigation/response|p12
I0826 23:37:25.258903 224817 centralized_discovery.cc:733] [aorta]subscriber uid:83caa124-aa85-4b0a-a150-2bb7f2d31c30-4077207897147431090 topic:/pnc/task_service/relative_move/response
I0826 23:37:25.259182 224758 tcp_publisher.cc:179] [aorta]topic /pnc/task_service/high_precision_navigation/request, pub_queue_size_ 5, latch_queue_size_ 0
I0826 23:37:25.259259 224834 tcp_socket_server.cc:200] [aorta]The ip info is0.0.0.0:41699
I0826 23:37:25.259342 224834 shm_socket_server.cc:101] [aorta][/pnc/task_service/high_precision_navigation/request] bind at pipe sock name d2379|python3.10|p224758|n0|..vice/high_precision_navigation/request|p3
I0826 23:37:25.259454 224758 node_impl.cc:198] [aorta]CreatePublisher, host:0.0.0.0, port:41699, sockname:d2379|python3.10|p224758|n0|..vice/high_precision_navigation/request|p3, topic:/pnc/task_service/high_precision_navigation/request, uid:86a0bb7b-045e-42d8-8d29-18218f88364d-13581583299462652003 topic_uid:-1
I0826 23:37:25.259481 224758 aorta_component.cpp:394] [cosine_internal][AortaComponent] aorta node create publisher. node: python3.10_S1, topic:/pnc/task_service/high_precision_navigation/request, type:pnc_msgs.HighPrecisionNavigationRequest, qos:(history:1, depth:5, reliability:1, durability:2), uri:http://10.42.0.101:2379
I0826 23:37:25.259514 224758 aorta_publisher.cpp:119] [cosine_internal][AortaPublisher] publisher initialize. topic:/pnc/task_service/high_precision_navigation/request, uri:
I0826 23:37:25.259522 224758 publisher.cpp:27] [GDK]create publisher: /pnc/task_service/high_precision_navigation/request type: pnc_msgs.HighPrecisionNavigationRequest qos: 1 1 5 2
I0826 23:37:25.259541 224758 cosine_bus_manager.cpp:294] [cosine_internal][CosineBusManager] create publisher. topic name:/pnc/task_service/relative_move/request , middleware:aorta
I0826 23:37:25.259975 224758 tcp_publisher.cc:179] [aorta]topic /pnc/task_service/relative_move/request, pub_queue_size_ 5, latch_queue_size_ 0
I0826 23:37:25.260053 224834 tcp_socket_server.cc:200] [aorta]The ip info is0.0.0.0:45265
I0826 23:37:25.260125 224834 shm_socket_server.cc:101] [aorta][/pnc/task_service/relative_move/request] bind at pipe sock name d2379|python3.10|p224758|n0|/pnc/task_service/relative_move/request|p4
I0826 23:37:25.260172 224758 node_impl.cc:198] [aorta]CreatePublisher, host:0.0.0.0, port:45265, sockname:d2379|python3.10|p224758|n0|/pnc/task_service/relative_move/request|p4, topic:/pnc/task_service/relative_move/request, uid:bc8c34be-0084-447f-bf51-945046b84fa5-1499998713038698463 topic_uid:-1
I0826 23:37:25.260188 224758 aorta_component.cpp:394] [cosine_internal][AortaComponent] aorta node create publisher. node: python3.10_S1, topic:/pnc/task_service/relative_move/request, type:pnc_msgs.RelativeMoveRequest, qos:(history:1, depth:5, reliability:1, durability:2), uri:http://10.42.0.101:2379
I0826 23:37:25.260233 224758 aorta_publisher.cpp:119] [cosine_internal][AortaPublisher] publisher initialize. topic:/pnc/task_service/relative_move/request, uri:
I0826 23:37:25.260241 224758 publisher.cpp:27] [GDK]create publisher: /pnc/task_service/relative_move/request type: pnc_msgs.RelativeMoveRequest qos: 1 1 5 2
I0826 23:37:25.260253 224758 cosine_bus_manager.cpp:294] [cosine_internal][CosineBusManager] create publisher. topic name:/pnc/task_service/task_cancel/request , middleware:aorta
I0826 23:37:25.260356 224835 shm_subscriber.cc:120] [aorta]subscriber connect to publisher success, topic /pnc/task_service/relative_move/response, local d2379|python3.10|p224758|n0|s5|c0, peer d2379|quark_navigation|p9584|n0|/pnc/task_service/relative_move/response|p15
I0826 23:37:25.260417 224817 centralized_discovery.cc:733] [aorta]subscriber uid:50f72a47-9176-49e6-b8a5-b4be8fb0829b-3654631836754090917 topic:/pnc/task_service/task_cancel/response
I0826 23:37:25.260718 224758 tcp_publisher.cc:179] [aorta]topic /pnc/task_service/task_cancel/request, pub_queue_size_ 5, latch_queue_size_ 0
I0826 23:37:25.260792 224834 tcp_socket_server.cc:200] [aorta]The ip info is0.0.0.0:39657
I0826 23:37:25.260856 224834 shm_socket_server.cc:101] [aorta][/pnc/task_service/task_cancel/request] bind at pipe sock name d2379|python3.10|p224758|n0|/pnc/task_service/task_cancel/request|p5
I0826 23:37:25.260912 224758 node_impl.cc:198] [aorta]CreatePublisher, host:0.0.0.0, port:39657, sockname:d2379|python3.10|p224758|n0|/pnc/task_service/task_cancel/request|p5, topic:/pnc/task_service/task_cancel/request, uid:6509bc80-5032-446e-8967-0ebbd62fe937-10250913672907467700 topic_uid:-1
I0826 23:37:25.260932 224758 aorta_component.cpp:394] [cosine_internal][AortaComponent] aorta node create publisher. node: python3.10_S1, topic:/pnc/task_service/task_cancel/request, type:pnc_msgs.TaskCancelRequest, qos:(history:1, depth:5, reliability:1, durability:2), uri:http://10.42.0.101:2379
I0826 23:37:25.260960 224758 aorta_publisher.cpp:119] [cosine_internal][AortaPublisher] publisher initialize. topic:/pnc/task_service/task_cancel/request, uri:
I0826 23:37:25.260967 224758 publisher.cpp:27] [GDK]create publisher: /pnc/task_service/task_cancel/request type: pnc_msgs.TaskCancelRequest qos: 1 1 5 2
I0826 23:37:25.260980 224758 cosine_bus_manager.cpp:294] [cosine_internal][CosineBusManager] create publisher. topic name:/pnc/task_service/task_pause/request , middleware:aorta
I0826 23:37:25.261200 224835 shm_subscriber.cc:120] [aorta]subscriber connect to publisher success, topic /pnc/task_service/task_cancel/response, local d2379|python3.10|p224758|n0|s6|c0, peer d2379|quark_navigation|p9584|n0|/pnc/task_service/task_cancel/response|p17
I0826 23:37:25.261307 224817 centralized_discovery.cc:733] [aorta]subscriber uid:1d40be95-c299-4bd0-a099-fe0feb3fa090-4995236092065324733 topic:/pnc/task_service/task_pause/response
I0826 23:37:25.261505 224758 tcp_publisher.cc:179] [aorta]topic /pnc/task_service/task_pause/request, pub_queue_size_ 5, latch_queue_size_ 0
I0826 23:37:25.261620 224834 tcp_socket_server.cc:200] [aorta]The ip info is0.0.0.0:41997
I0826 23:37:25.261687 224834 shm_socket_server.cc:101] [aorta][/pnc/task_service/task_pause/request] bind at pipe sock name d2379|python3.10|p224758|n0|/pnc/task_service/task_pause/request|p6
I0826 23:37:25.261744 224758 node_impl.cc:198] [aorta]CreatePublisher, host:0.0.0.0, port:41997, sockname:d2379|python3.10|p224758|n0|/pnc/task_service/task_pause/request|p6, topic:/pnc/task_service/task_pause/request, uid:dc965fc7-e7a8-41e7-a9ce-5dac8fb343b3-2366368184012060648 topic_uid:-1
I0826 23:37:25.261761 224758 aorta_component.cpp:394] [cosine_internal][AortaComponent] aorta node create publisher. node: python3.10_S1, topic:/pnc/task_service/task_pause/request, type:pnc_msgs.TaskPauseRequest, qos:(history:1, depth:5, reliability:1, durability:2), uri:http://10.42.0.101:2379
I0826 23:37:25.261792 224758 aorta_publisher.cpp:119] [cosine_internal][AortaPublisher] publisher initialize. topic:/pnc/task_service/task_pause/request, uri:
I0826 23:37:25.261799 224758 publisher.cpp:27] [GDK]create publisher: /pnc/task_service/task_pause/request type: pnc_msgs.TaskPauseRequest qos: 1 1 5 2
I0826 23:37:25.261816 224758 cosine_bus_manager.cpp:294] [cosine_internal][CosineBusManager] create publisher. topic name:/pnc/task_service/task_resume/request , middleware:aorta
I0826 23:37:25.262169 224835 shm_subscriber.cc:120] [aorta]subscriber connect to publisher success, topic /pnc/task_service/task_pause/response, local d2379|python3.10|p224758|n0|s7|c0, peer d2379|quark_navigation|p9584|n0|/pnc/task_service/task_pause/response|p18
I0826 23:37:25.262224 224758 tcp_publisher.cc:179] [aorta]topic /pnc/task_service/task_resume/request, pub_queue_size_ 5, latch_queue_size_ 0
I0826 23:37:25.262245 224817 centralized_discovery.cc:733] [aorta]subscriber uid:bd0e39f0-742f-4fe5-bc26-40e54ae346ca-16859347558940246081 topic:/pnc/task_service/task_resume/response
I0826 23:37:25.262272 224834 tcp_socket_server.cc:200] [aorta]The ip info is0.0.0.0:46421
I0826 23:37:25.262326 224834 shm_socket_server.cc:101] [aorta][/pnc/task_service/task_resume/request] bind at pipe sock name d2379|python3.10|p224758|n0|/pnc/task_service/task_resume/request|p7
I0826 23:37:25.262374 224758 node_impl.cc:198] [aorta]CreatePublisher, host:0.0.0.0, port:46421, sockname:d2379|python3.10|p224758|n0|/pnc/task_service/task_resume/request|p7, topic:/pnc/task_service/task_resume/request, uid:8d3daf04-3b0f-42ac-8eb7-c0c48343e4d9-18204958959141007063 topic_uid:-1
I0826 23:37:25.262392 224758 aorta_component.cpp:394] [cosine_internal][AortaComponent] aorta node create publisher. node: python3.10_S1, topic:/pnc/task_service/task_resume/request, type:pnc_msgs.TaskResumeRequest, qos:(history:1, depth:5, reliability:1, durability:2), uri:http://10.42.0.101:2379
I0826 23:37:25.262419 224758 aorta_publisher.cpp:119] [cosine_internal][AortaPublisher] publisher initialize. topic:/pnc/task_service/task_resume/request, uri:
I0826 23:37:25.262425 224758 publisher.cpp:27] [GDK]create publisher: /pnc/task_service/task_resume/request type: pnc_msgs.TaskResumeRequest qos: 1 1 5 2
I0826 23:37:25.262547 224758 cosine_bus_manager.cpp:294] [cosine_internal][CosineBusManager] create publisher. topic name:/pnc/remote_control_cmd , middleware:aorta
I0826 23:37:25.262969 224758 tcp_publisher.cc:179] [aorta]topic /pnc/remote_control_cmd, pub_queue_size_ 5, latch_queue_size_ 0
I0826 23:37:25.263020 224834 tcp_socket_server.cc:200] [aorta]The ip info is0.0.0.0:34751
I0826 23:37:25.263039 224835 shm_subscriber.cc:120] [aorta]subscriber connect to publisher success, topic /pnc/task_service/task_resume/response, local d2379|python3.10|p224758|n0|s8|c0, peer d2379|quark_navigation|p9584|n0|/pnc/task_service/task_resume/response|p19
I0826 23:37:25.263098 224817 centralized_discovery.cc:733] [aorta]subscriber uid:3193edb2-fbfb-43e6-a634-a44fd57f1a6c-11583863028842959166 topic:/pnc/task_service/remote_control/response
I0826 23:37:25.263105 224834 shm_socket_server.cc:101] [aorta][/pnc/remote_control_cmd] bind at pipe sock name d2379|python3.10|p224758|n0|/pnc/remote_control_cmd|p8
I0826 23:37:25.263176 224758 node_impl.cc:198] [aorta]CreatePublisher, host:0.0.0.0, port:34751, sockname:d2379|python3.10|p224758|n0|/pnc/remote_control_cmd|p8, topic:/pnc/remote_control_cmd, uid:0dcfb8af-0b5d-4deb-8f08-05f49277bf6f-2921114360754287628 topic_uid:-1
I0826 23:37:25.263200 224758 aorta_component.cpp:394] [cosine_internal][AortaComponent] aorta node create publisher. node: python3.10_S1, topic:/pnc/remote_control_cmd, type:geometry_msgs.msg.pb.TwistStamped, qos:(history:1, depth:5, reliability:1, durability:2), uri:http://10.42.0.101:2379
I0826 23:37:25.263232 224758 aorta_publisher.cpp:119] [cosine_internal][AortaPublisher] publisher initialize. topic:/pnc/remote_control_cmd, uri:
I0826 23:37:25.263242 224758 publisher.cpp:27] [GDK]create publisher: /pnc/remote_control_cmd type: geometry_msgs.msg.pb.TwistStamped qos: 1 1 5 2
I0826 23:37:25.263258 224758 cosine_bus_manager.cpp:294] [cosine_internal][CosineBusManager] create publisher. topic name:/pnc/task_service/remote_control/request , middleware:aorta
I0826 23:37:25.263794 224758 tcp_publisher.cc:179] [aorta]topic /pnc/task_service/remote_control/request, pub_queue_size_ 5, latch_queue_size_ 0
I0826 23:37:25.264014 224834 tcp_socket_server.cc:200] [aorta]The ip info is0.0.0.0:37097
I0826 23:37:25.264098 224834 shm_socket_server.cc:101] [aorta][/pnc/task_service/remote_control/request] bind at pipe sock name d2379|python3.10|p224758|n0|/pnc/task_service/remote_control/request|p9
I0826 23:37:25.264165 224758 node_impl.cc:198] [aorta]CreatePublisher, host:0.0.0.0, port:37097, sockname:d2379|python3.10|p224758|n0|/pnc/task_service/remote_control/request|p9, topic:/pnc/task_service/remote_control/request, uid:8ecbd0ec-8c76-484f-af0a-be57e38ca804-10398465225129759782 topic_uid:-1
I0826 23:37:25.264169 224835 shm_subscriber.cc:120] [aorta]subscriber connect to publisher success, topic /pnc/task_service/remote_control/response, local d2379|python3.10|p224758|n0|s9|c0, peer d2379|quark_navigation|p9584|n0|..c/task_service/remote_control/response|p16
I0826 23:37:25.264184 224758 aorta_component.cpp:394] [cosine_internal][AortaComponent] aorta node create publisher. node: python3.10_S1, topic:/pnc/task_service/remote_control/request, type:pnc_msgs.RemoteControlRequest, qos:(history:1, depth:5, reliability:1, durability:2), uri:http://10.42.0.101:2379
I0826 23:37:25.264218 224758 aorta_publisher.cpp:119] [cosine_internal][AortaPublisher] publisher initialize. topic:/pnc/task_service/remote_control/request, uri:
I0826 23:37:25.264226 224758 publisher.cpp:27] [GDK]create publisher: /pnc/task_service/remote_control/request type: pnc_msgs.RemoteControlRequest qos: 1 1 5 2
I0826 23:37:25.264240 224817 centralized_discovery.cc:681] [aorta]publisher uid:ee6dbff0-d5ae-467d-a3a4-a0dbf3c254ed-11863888217293896894 topic:/pnc/task_service/normal_navigation/request
I0826 23:37:25.264307 224758 cosine_bus_manager.cpp:400] [cosine_internal][CosineBusManager] create subscriber. topic name:/slam/odom , middleware:aorta , need async callback:0, frame_skip_rate:1
I0826 23:37:25.264318 224758 aorta_component.cpp:174] [cosine_internal][AortaComponent] callback_name:/slam/odomhttp://10.42.0.101:2379
I0826 23:37:25.264580 224758 buffered_data_export.cpp:115] [cosine_internal]successfully create buffer [bus_buffer___slam__odom, type genie_msgs.msg.pb.OdomInfo, block num 5, valid_time 0, transfer_type 0, data_size 0, mem_type 0, lib_name , ext_data_size 0, is_protobuf 1, enable_event_sync_subscriber 0], buffer id = 11
I0826 23:37:25.264604 224758 cosine_bus_message_buffer.cpp:45] [cosine_internal][CosineBusMessageBuffer] create buffer success. name:bus_buffer___slam__odom, type:genie_msgs.msg.pb.OdomInfo, size:5
I0826 23:37:25.264689 224758 node_impl.cc:344] [aorta]CreateSubscriber topic:/slam/odom, uid:bc38bd87-0d83-4f40-8f76-c2a09320a546-8164318257426434522 topic_uid:-1
I0826 23:37:25.265108 224758 aorta_component.cpp:326] [cosine_internal][AortaComponent] aorta node create subscriber. node: python3.10_S1, topic:/slam/odom, type:genie_msgs.msg.pb.OdomInfo, qos:(history:1, depth:5, reliability:1, durability:2), uri:http://10.42.0.101:2379
I0826 23:37:25.265121 224758 aorta_subscriber.hpp:96] [cosine_internal][AortaSubscriber] initial. topic:/slam/odom, uri:
I0826 23:37:25.265139 224758 cosine_bus_manager.cpp:400] [cosine_internal][CosineBusManager] create subscriber. topic name:/slam/state , middleware:aorta , need async callback:0, frame_skip_rate:1
I0826 23:37:25.265148 224758 aorta_component.cpp:174] [cosine_internal][AortaComponent] callback_name:/slam/statehttp://10.42.0.101:2379
I0826 23:37:25.265190 224758 buffered_data_export.cpp:115] [cosine_internal]successfully create buffer [bus_buffer___slam__state, type genie_msgs.msg.pb.CommonResponse, block num 5, valid_time 0, transfer_type 0, data_size 0, mem_type 0, lib_name , ext_data_size 0, is_protobuf 1, enable_event_sync_subscriber 0], buffer id = 12
I0826 23:37:25.265203 224758 cosine_bus_message_buffer.cpp:45] [cosine_internal][CosineBusMessageBuffer] create buffer success. name:bus_buffer___slam__state, type:genie_msgs.msg.pb.CommonResponse, size:5
I0826 23:37:25.265261 224758 node_impl.cc:344] [aorta]CreateSubscriber topic:/slam/state, uid:13e6fcbc-f92f-4948-bb07-d2078b807649-7791362299214773660 topic_uid:-1
I0826 23:37:25.265748 224758 aorta_component.cpp:326] [cosine_internal][AortaComponent] aorta node create subscriber. node: python3.10_S1, topic:/slam/state, type:genie_msgs.msg.pb.CommonResponse, qos:(history:1, depth:5, reliability:1, durability:2), uri:http://10.42.0.101:2379
I0826 23:37:25.265760 224758 aorta_subscriber.hpp:96] [cosine_internal][AortaSubscriber] initial. topic:/slam/state, uri:
I0826 23:37:25.265774 224758 cosine_bus_manager.cpp:400] [cosine_internal][CosineBusManager] create subscriber. topic name:/slam/mapping_response , middleware:aorta , need async callback:0, frame_skip_rate:1
I0826 23:37:25.265780 224758 aorta_component.cpp:174] [cosine_internal][AortaComponent] callback_name:/slam/mapping_responsehttp://10.42.0.101:2379
I0826 23:37:25.265815 224758 buffered_data_export.cpp:115] [cosine_internal]successfully create buffer [bus_buffer___slam__mapping_response, type genie_msgs.msg.pb.CommonResponse, block num 5, valid_time 0, transfer_type 0, data_size 0, mem_type 0, lib_name , ext_data_size 0, is_protobuf 1, enable_event_sync_subscriber 0], buffer id = 13
I0826 23:37:25.265827 224758 cosine_bus_message_buffer.cpp:45] [cosine_internal][CosineBusMessageBuffer] create buffer success. name:bus_buffer___slam__mapping_response, type:genie_msgs.msg.pb.CommonResponse, size:5
I0826 23:37:25.265899 224758 node_impl.cc:344] [aorta]CreateSubscriber topic:/slam/mapping_response, uid:1d935597-3305-4988-bef3-988b371d0e32-3136143855590244141 topic_uid:-1
I0826 23:37:25.265973 224817 centralized_discovery.cc:681] [aorta]publisher uid:86a0bb7b-045e-42d8-8d29-18218f88364d-13581583299462652003 topic:/pnc/task_service/high_precision_navigation/request
I0826 23:37:25.266451 224758 aorta_component.cpp:326] [cosine_internal][AortaComponent] aorta node create subscriber. node: python3.10_S1, topic:/slam/mapping_response, type:genie_msgs.msg.pb.CommonResponse, qos:(history:1, depth:5, reliability:1, durability:2), uri:http://10.42.0.101:2379
I0826 23:37:25.266464 224758 aorta_subscriber.hpp:96] [cosine_internal][AortaSubscriber] initial. topic:/slam/mapping_response, uri:
I0826 23:37:25.266477 224758 cosine_bus_manager.cpp:400] [cosine_internal][CosineBusManager] create subscriber. topic name:/slam/record_spec_loc_rsp , middleware:aorta , need async callback:0, frame_skip_rate:1
I0826 23:37:25.266484 224758 aorta_component.cpp:174] [cosine_internal][AortaComponent] callback_name:/slam/record_spec_loc_rsphttp://10.42.0.101:2379
I0826 23:37:25.266523 224758 buffered_data_export.cpp:115] [cosine_internal]successfully create buffer [bus_buffer___slam__record_spec_loc_rsp, type genie_msgs.msg.pb.CommonResponse, block num 5, valid_time 0, transfer_type 0, data_size 0, mem_type 0, lib_name , ext_data_size 0, is_protobuf 1, enable_event_sync_subscriber 0], buffer id = 14
I0826 23:37:25.266551 224758 cosine_bus_message_buffer.cpp:45] [cosine_internal][CosineBusMessageBuffer] create buffer success. name:bus_buffer___slam__record_spec_loc_rsp, type:genie_msgs.msg.pb.CommonResponse, size:5
I0826 23:37:25.266649 224758 node_impl.cc:344] [aorta]CreateSubscriber topic:/slam/record_spec_loc_rsp, uid:07208891-258b-4a9e-b67d-94e6605d9389-16786186340696970127 topic_uid:-1
I0826 23:37:25.266747 224818 pnc_impl.cpp:36] [GDK]Received pnc task state
I0826 23:37:25.267088 224758 aorta_component.cpp:326] [cosine_internal][AortaComponent] aorta node create subscriber. node: python3.10_S1, topic:/slam/record_spec_loc_rsp, type:genie_msgs.msg.pb.CommonResponse, qos:(history:1, depth:5, reliability:1, durability:2), uri:http://10.42.0.101:2379
I0826 23:37:25.267098 224758 aorta_subscriber.hpp:96] [cosine_internal][AortaSubscriber] initial. topic:/slam/record_spec_loc_rsp, uri:
I0826 23:37:25.267118 224758 cosine_bus_manager.cpp:294] [cosine_internal][CosineBusManager] create publisher. topic name:/slam/mapping_request , middleware:aorta
I0826 23:37:25.267215 224817 centralized_discovery.cc:681] [aorta]publisher uid:bc8c34be-0084-447f-bf51-945046b84fa5-1499998713038698463 topic:/pnc/task_service/relative_move/request
