I0827 00:31:42.331403 1115132 aorta_publisher.cpp:119] [cosine_internal][AortaPublisher] publisher initialize. topic:/MotionControlService/SetLoad/request, uri:
I0827 00:31:42.331411 1115132 publisher.cpp:27] [GDK]create publisher: /MotionControlService/SetLoad/request type: genie_msgs.msg.pb.SetLoadRequest qos: 1 1 5 2
I0827 00:31:42.331429 1115224 centralized_discovery.cc:681] [aorta]publisher uid:f5db2614-d924-4299-8027-e88dd936d1c3-8113233340941315482 topic:/hal/joint_cmd
I0827 00:31:42.331527 1115132 cosine_bus_manager.cpp:294] [cosine_internal][CosineBusManager] create publisher. topic name:/gdk/model_predict , middleware:aorta
I0827 00:31:42.331977 1115132 tcp_publisher.cc:179] [aorta]topic /gdk/model_predict, pub_queue_size_ 5, latch_queue_size_ 0
I0827 00:31:42.332098 1116379 tcp_socket_server.cc:200] [aorta]The ip info is0.0.0.0:33571
I0827 00:31:42.332247 1116379 shm_socket_server.cc:101] [aorta][/gdk/model_predict] bind at pipe sock name d2379|python3.10|p1115132|n0|/gdk/model_predict|p12
I0827 00:31:42.332345 1115132 node_impl.cc:198] [aorta]CreatePublisher, host:0.0.0.0, port:33571, sockname:d2379|python3.10|p1115132|n0|/gdk/model_predict|p12, topic:/gdk/model_predict, uid:dc6dc1c1-fe9d-426b-b619-8b484ea736eb-732077211275631522 topic_uid:-1
I0827 00:31:42.332370 1115132 aorta_component.cpp:394] [cosine_internal][AortaComponent] aorta node create publisher. node: python3.10_S1, topic:/gdk/model_predict, type:genie_msgs.msg.pb.TrajectoryTrackingControl, qos:(history:1, depth:5, reliability:1, durability:2), uri:http://10.42.0.101:2379
I0827 00:31:42.332404 1115132 aorta_publisher.cpp:119] [cosine_internal][AortaPublisher] publisher initialize. topic:/gdk/model_predict, uri:
I0827 00:31:42.332412 1115132 publisher.cpp:27] [GDK]create publisher: /gdk/model_predict type: genie_msgs.msg.pb.TrajectoryTrackingControl qos: 1 1 5 2
I0827 00:31:42.332506 1115132 cosine_bus_manager.cpp:294] [cosine_internal][CosineBusManager] create publisher. topic name:/wbc/force_position_cmd , middleware:aorta
I0827 00:31:42.332933 1115132 tcp_publisher.cc:179] [aorta]topic /wbc/force_position_cmd, pub_queue_size_ 5, latch_queue_size_ 0
I0827 00:31:42.333036 1116379 tcp_socket_server.cc:200] [aorta]The ip info is0.0.0.0:33913
I0827 00:31:42.333123 1116379 shm_socket_server.cc:101] [aorta][/wbc/force_position_cmd] bind at pipe sock name d2379|python3.10|p1115132|n0|/wbc/force_position_cmd|p13
I0827 00:31:42.333200 1115132 node_impl.cc:198] [aorta]CreatePublisher, host:0.0.0.0, port:33913, sockname:d2379|python3.10|p1115132|n0|/wbc/force_position_cmd|p13, topic:/wbc/force_position_cmd, uid:756920dc-8f0a-4729-9b79-c98361a9bb1a-7688843706006148097 topic_uid:-1
I0827 00:31:42.333225 1115132 aorta_component.cpp:394] [cosine_internal][AortaComponent] aorta node create publisher. node: python3.10_S1, topic:/wbc/force_position_cmd, type:genie_msgs.msg.pb.ForcePositionCmd, qos:(history:1, depth:5, reliability:1, durability:2), uri:http://10.42.0.101:2379
I0827 00:31:42.333274 1115132 aorta_publisher.cpp:119] [cosine_internal][AortaPublisher] publisher initialize. topic:/wbc/force_position_cmd, uri:
I0827 00:31:42.333283 1115132 publisher.cpp:27] [GDK]create publisher: /wbc/force_position_cmd type: genie_msgs.msg.pb.ForcePositionCmd qos: 1 1 5 2
I0827 00:31:42.333352 1115132 cosine_bus_manager.cpp:294] [cosine_internal][CosineBusManager] create publisher. topic name:/MotionControlService/SetComplianceParams/request , middleware:aorta
I0827 00:31:42.333503 1115224 centralized_discovery.cc:681] [aorta]publisher uid:2a2dcc21-10d9-41c3-b2f5-5c6f48b0ad40-15677759012602946526 topic:/wbc/left_ee_command
I0827 00:31:42.333771 1115132 tcp_publisher.cc:179] [aorta]topic /MotionControlService/SetComplianceParams/request, pub_queue_size_ 5, latch_queue_size_ 0
I0827 00:31:42.334069 1116379 tcp_socket_server.cc:200] [aorta]The ip info is0.0.0.0:45335
I0827 00:31:42.334179 1116379 shm_socket_server.cc:101] [aorta][/MotionControlService/SetComplianceParams/request] bind at pipe sock name d2379|python3.10|p1115132|n0|..rolService/SetComplianceParams/request|p14
I0827 00:31:42.334439 1115132 node_impl.cc:198] [aorta]CreatePublisher, host:0.0.0.0, port:45335, sockname:d2379|python3.10|p1115132|n0|..rolService/SetComplianceParams/request|p14, topic:/MotionControlService/SetComplianceParams/request, uid:a12f1c51-7f33-4d27-b4a6-ed9bf0795306-14162462508962048716 topic_uid:-1
I0827 00:31:42.334465 1115132 aorta_component.cpp:394] [cosine_internal][AortaComponent] aorta node create publisher. node: python3.10_S1, topic:/MotionControlService/SetComplianceParams/request, type:genie_msgs.msg.pb.SetComplianceParamsRequest, qos:(history:1, depth:5, reliability:1, durability:2), uri:http://10.42.0.101:2379
I0827 00:31:42.334501 1115132 aorta_publisher.cpp:119] [cosine_internal][AortaPublisher] publisher initialize. topic:/MotionControlService/SetComplianceParams/request, uri:
I0827 00:31:42.334510 1115132 publisher.cpp:27] [GDK]create publisher: /MotionControlService/SetComplianceParams/request type: genie_msgs.msg.pb.SetComplianceParamsRequest qos: 1 1 5 2
I0827 00:31:42.334668 1115132 cosine_bus_manager.cpp:294] [cosine_internal][CosineBusManager] create publisher. topic name:/MotionControlService/MotionPlan/request , middleware:aorta
I0827 00:31:42.334904 1115224 centralized_discovery.cc:681] [aorta]publisher uid:7f4b38ee-e85d-4547-9c10-e21ee4de8da7-12160131399292109555 topic:/wbc/right_ee_command
I0827 00:31:42.335165 1115132 tcp_publisher.cc:179] [aorta]topic /MotionControlService/MotionPlan/request, pub_queue_size_ 5, latch_queue_size_ 0
I0827 00:31:42.335325 1116379 tcp_socket_server.cc:200] [aorta]The ip info is0.0.0.0:39787
I0827 00:31:42.335454 1116379 shm_socket_server.cc:101] [aorta][/MotionControlService/MotionPlan/request] bind at pipe sock name d2379|python3.10|p1115132|n0|/MotionControlService/MotionPlan/request|p15
I0827 00:31:42.335741 1115132 node_impl.cc:198] [aorta]CreatePublisher, host:0.0.0.0, port:39787, sockname:d2379|python3.10|p1115132|n0|/MotionControlService/MotionPlan/request|p15, topic:/MotionControlService/MotionPlan/request, uid:34bdaa72-ed4c-427e-8206-9cda610ead4b-8174779158326670585 topic_uid:-1
I0827 00:31:42.335768 1115132 aorta_component.cpp:394] [cosine_internal][AortaComponent] aorta node create publisher. node: python3.10_S1, topic:/MotionControlService/MotionPlan/request, type:genie_msgs.msg.pb.MotionPlanRequest, qos:(history:1, depth:5, reliability:1, durability:2), uri:http://10.42.0.101:2379
I0827 00:31:42.335804 1115132 aorta_publisher.cpp:119] [cosine_internal][AortaPublisher] publisher initialize. topic:/MotionControlService/MotionPlan/request, uri:
I0827 00:31:42.335814 1115132 publisher.cpp:27] [GDK]create publisher: /MotionControlService/MotionPlan/request type: genie_msgs.msg.pb.MotionPlanRequest qos: 1 1 5 2
I0827 00:31:42.335916 1115132 cosine_bus_manager.cpp:294] [cosine_internal][CosineBusManager] create publisher. topic name:/wbc/retarget , middleware:aorta
I0827 00:31:42.336393 1115132 tcp_publisher.cc:179] [aorta]topic /wbc/retarget, pub_queue_size_ 5, latch_queue_size_ 0
I0827 00:31:42.336473 1116379 tcp_socket_server.cc:200] [aorta]The ip info is0.0.0.0:40537
I0827 00:31:42.336655 1115224 centralized_discovery.cc:733] [aorta]subscriber uid:56830a5b-b7d5-4470-b35a-274b7271147f-3835708119707617413 topic:/wbc/motion_control_status
I0827 00:31:42.336724 1116379 shm_socket_server.cc:101] [aorta][/wbc/retarget] bind at pipe sock name d2379|python3.10|p1115132|n0|/wbc/retarget|p16
I0827 00:31:42.336926 1115132 node_impl.cc:198] [aorta]CreatePublisher, host:0.0.0.0, port:40537, sockname:d2379|python3.10|p1115132|n0|/wbc/retarget|p16, topic:/wbc/retarget, uid:6c1b7c8e-4b4e-4e20-ae90-bf7e417e8ec4-10549331913175888813 topic_uid:-1
I0827 00:31:42.336952 1115132 aorta_component.cpp:394] [cosine_internal][AortaComponent] aorta node create publisher. node: python3.10_S1, topic:/wbc/retarget, type:genie_msgs.msg.pb.ReactiveControl, qos:(history:1, depth:5, reliability:1, durability:2), uri:http://10.42.0.101:2379
I0827 00:31:42.336988 1115132 aorta_publisher.cpp:119] [cosine_internal][AortaPublisher] publisher initialize. topic:/wbc/retarget, uri:
I0827 00:31:42.336997 1115132 publisher.cpp:27] [GDK]create publisher: /wbc/retarget type: genie_msgs.msg.pb.ReactiveControl qos: 1 1 5 2
I0827 00:31:42.337011 1115132 robot.cpp:28] [GDK]RobotBody constructor
I0827 00:31:42.337080 1115132 cosine_bus_manager.cpp:76] [cosine_internal][CosineBusManager] cosine bus already initialised
I0827 00:31:42.337100 1115132 cosine_bus_manager.cpp:351] [cosine_internal][CosineBusManager] create default subscriber. topic name:/camera/head_back_fisheye
I0827 00:31:42.337113 1115132 aorta_component.cpp:174] [cosine_internal][AortaComponent] callback_name:/camera/head_back_fisheyehttp://10.42.0.101:2379
I0827 00:31:42.337213 1115132 buffered_data_export.cpp:115] [cosine_internal]successfully create buffer [bus_buffer___camera__head_back_fisheye, type CosineDataPacket, block num 5, valid_time 0, transfer_type 0, data_size 0, mem_type 0, lib_name , ext_data_size 0, is_protobuf 0, enable_event_sync_subscriber 0], buffer id = 15
I0827 00:31:42.337236 1115132 cosine_bus_message_buffer.cpp:45] [cosine_internal][CosineBusMessageBuffer] create buffer success. name:bus_buffer___camera__head_back_fisheye, type:CosineDataPacket, size:5
I0827 00:31:42.337564 1115132 node_impl.cc:344] [aorta]CreateSubscriber topic:/camera/head_back_fisheye, uid:d70c81e7-de7c-4005-8323-6bad114e8ab0-10407449922038425096 topic_uid:-1
I0827 00:31:42.337802 1116380 shm_subscriber.cc:120] [aorta]subscriber connect to publisher success, topic /wbc/motion_control_status, local d2379|python3.10|p1115132|n0|s8|c0, peer d2379|genie_motion_control|p11269|n0|/wbc/motion_control_status|p4
I0827 00:31:42.337862 1115224 centralized_discovery.cc:733] [aorta]subscriber uid:22a4b7b3-f14e-477f-88be-0379e79ae2a0-11220515294652701264 topic:/MotionControlService/JointPosition/response
I0827 00:31:42.338155 1115132 aorta_component.cpp:326] [cosine_internal][AortaComponent] aorta node create subscriber. node: python3.10_S1, topic:/camera/head_back_fisheye, type:CosineDataPacket, qos:(history:1, depth:5, reliability:1, durability:2), uri:http://10.42.0.101:2379
I0827 00:31:42.338171 1115132 aorta_subscriber.hpp:96] [cosine_internal][AortaSubscriber] initial. topic:/camera/head_back_fisheye, uri:
I0827 00:31:42.338198 1115132 cosine_bus_manager.cpp:76] [cosine_internal][CosineBusManager] cosine bus already initialised
I0827 00:31:42.338213 1115132 cosine_bus_manager.cpp:351] [cosine_internal][CosineBusManager] create default subscriber. topic name:/camera/head_left_fisheye
I0827 00:31:42.338222 1115132 aorta_component.cpp:174] [cosine_internal][AortaComponent] callback_name:/camera/head_left_fisheyehttp://10.42.0.101:2379
I0827 00:31:42.338265 1115132 buffered_data_export.cpp:115] [cosine_internal]successfully create buffer [bus_buffer___camera__head_left_fisheye, type CosineDataPacket, block num 5, valid_time 0, transfer_type 0, data_size 0, mem_type 0, lib_name , ext_data_size 0, is_protobuf 0, enable_event_sync_subscriber 0], buffer id = 16
I0827 00:31:42.338279 1115132 cosine_bus_message_buffer.cpp:45] [cosine_internal][CosineBusMessageBuffer] create buffer success. name:bus_buffer___camera__head_left_fisheye, type:CosineDataPacket, size:5
I0827 00:31:42.338364 1115132 node_impl.cc:344] [aorta]CreateSubscriber topic:/camera/head_left_fisheye, uid:6dac6fb4-1d7e-48a3-b408-6bd4ed29b67f-14591831445956696588 topic_uid:-1
I0827 00:31:42.338686 1116380 shm_subscriber.cc:120] [aorta]subscriber connect to publisher success, topic /MotionControlService/JointPosition/response, local d2379|python3.10|p1115132|n0|s9|c0, peer d2379|genie_motion_control|p11269|n0|..nControlService/JointPosition/response|p20
I0827 00:31:42.338738 1115132 aorta_component.cpp:326] [cosine_internal][AortaComponent] aorta node create subscriber. node: python3.10_S1, topic:/camera/head_left_fisheye, type:CosineDataPacket, qos:(history:1, depth:5, reliability:1, durability:2), uri:http://10.42.0.101:2379
I0827 00:31:42.338748 1115132 aorta_subscriber.hpp:96] [cosine_internal][AortaSubscriber] initial. topic:/camera/head_left_fisheye, uri:
I0827 00:31:42.338750 1115224 centralized_discovery.cc:733] [aorta]subscriber uid:64b02f63-b7f0-417e-a30d-c3fc9cdd4f39-13500083580579056044 topic:/MotionControlService/ControlMode/response
I0827 00:31:42.338768 1115132 cosine_bus_manager.cpp:76] [cosine_internal][CosineBusManager] cosine bus already initialised
I0827 00:31:42.338778 1115132 cosine_bus_manager.cpp:351] [cosine_internal][CosineBusManager] create default subscriber. topic name:/camera/head_right_fisheye
I0827 00:31:42.338784 1115132 aorta_component.cpp:174] [cosine_internal][AortaComponent] callback_name:/camera/head_right_fisheyehttp://10.42.0.101:2379
I0827 00:31:42.338815 1115132 buffered_data_export.cpp:115] [cosine_internal]successfully create buffer [bus_buffer___camera__head_right_fisheye, type CosineDataPacket, block num 5, valid_time 0, transfer_type 0, data_size 0, mem_type 0, lib_name , ext_data_size 0, is_protobuf 0, enable_event_sync_subscriber 0], buffer id = 17
I0827 00:31:42.338826 1115132 cosine_bus_message_buffer.cpp:45] [cosine_internal][CosineBusMessageBuffer] create buffer success. name:bus_buffer___camera__head_right_fisheye, type:CosineDataPacket, size:5
I0827 00:31:42.338899 1115132 node_impl.cc:344] [aorta]CreateSubscriber topic:/camera/head_right_fisheye, uid:79546bd2-6b84-4cc4-8e85-2aff7281b185-11724137809755197201 topic_uid:-1
I0827 00:31:42.339272 1115132 aorta_component.cpp:326] [cosine_internal][AortaComponent] aorta node create subscriber. node: python3.10_S1, topic:/camera/head_right_fisheye, type:CosineDataPacket, qos:(history:1, depth:5, reliability:1, durability:2), uri:http://10.42.0.101:2379
I0827 00:31:42.339282 1115132 aorta_subscriber.hpp:96] [cosine_internal][AortaSubscriber] initial. topic:/camera/head_right_fisheye, uri:
I0827 00:31:42.339298 1115132 cosine_bus_manager.cpp:76] [cosine_internal][CosineBusManager] cosine bus already initialised
I0827 00:31:42.339309 1115132 cosine_bus_manager.cpp:351] [cosine_internal][CosineBusManager] create default subscriber. topic name:/camera/head_stereo_left
I0827 00:31:42.339315 1115132 aorta_component.cpp:174] [cosine_internal][AortaComponent] callback_name:/camera/head_stereo_lefthttp://10.42.0.101:2379
I0827 00:31:42.339344 1115132 buffered_data_export.cpp:115] [cosine_internal]successfully create buffer [bus_buffer___camera__head_stereo_left, type CosineDataPacket, block num 5, valid_time 0, transfer_type 0, data_size 0, mem_type 0, lib_name , ext_data_size 0, is_protobuf 0, enable_event_sync_subscriber 0], buffer id = 18
I0827 00:31:42.339356 1115132 cosine_bus_message_buffer.cpp:45] [cosine_internal][CosineBusMessageBuffer] create buffer success. name:bus_buffer___camera__head_stereo_left, type:CosineDataPacket, size:5
I0827 00:31:42.339428 1115132 node_impl.cc:344] [aorta]CreateSubscriber topic:/camera/head_stereo_left, uid:39d49839-804e-493c-9551-6961bf795d2a-2772564262404746643 topic_uid:-1
I0827 00:31:42.339636 1116380 shm_subscriber.cc:120] [aorta]subscriber connect to publisher success, topic /MotionControlService/ControlMode/response, local d2379|python3.10|p1115132|n0|s10|c0, peer d2379|genie_motion_control|p11269|n0|..ionControlService/ControlMode/response|p16
I0827 00:31:42.339718 1115224 centralized_discovery.cc:733] [aorta]subscriber uid:d9281119-eb19-4787-8c10-2ff4b2ed3fa3-11741066552301177038 topic:/MotionControlService/SetLoad/response
I0827 00:31:42.339926 1115132 aorta_component.cpp:326] [cosine_internal][AortaComponent] aorta node create subscriber. node: python3.10_S1, topic:/camera/head_stereo_left, type:CosineDataPacket, qos:(history:1, depth:5, reliability:1, durability:2), uri:http://10.42.0.101:2379
I0827 00:31:42.339937 1115132 aorta_subscriber.hpp:96] [cosine_internal][AortaSubscriber] initial. topic:/camera/head_stereo_left, uri:
I0827 00:31:42.339957 1115132 cosine_bus_manager.cpp:76] [cosine_internal][CosineBusManager] cosine bus already initialised
I0827 00:31:42.339969 1115132 cosine_bus_manager.cpp:351] [cosine_internal][CosineBusManager] create default subscriber. topic name:/camera/head_stereo_right
I0827 00:31:42.339975 1115132 aorta_component.cpp:174] [cosine_internal][AortaComponent] callback_name:/camera/head_stereo_righthttp://10.42.0.101:2379
I0827 00:31:42.340006 1115132 buffered_data_export.cpp:115] [cosine_internal]successfully create buffer [bus_buffer___camera__head_stereo_right, type CosineDataPacket, block num 5, valid_time 0, transfer_type 0, data_size 0, mem_type 0, lib_name , ext_data_size 0, is_protobuf 0, enable_event_sync_subscriber 0], buffer id = 19
I0827 00:31:42.340018 1115132 cosine_bus_message_buffer.cpp:45] [cosine_internal][CosineBusMessageBuffer] create buffer success. name:bus_buffer___camera__head_stereo_right, type:CosineDataPacket, size:5
I0827 00:31:42.340097 1115132 node_impl.cc:344] [aorta]CreateSubscriber topic:/camera/head_stereo_right, uid:9aa98dfe-55e4-4c62-aea2-9916666d37b9-8400981831882539399 topic_uid:-1
I0827 00:31:42.340559 1115132 aorta_component.cpp:326] [cosine_internal][AortaComponent] aorta node create subscriber. node: python3.10_S1, topic:/camera/head_stereo_right, type:CosineDataPacket, qos:(history:1, depth:5, reliability:1, durability:2), uri:http://10.42.0.101:2379
I0827 00:31:42.340570 1115132 aorta_subscriber.hpp:96] [cosine_internal][AortaSubscriber] initial. topic:/camera/head_stereo_right, uri:
I0827 00:31:42.340593 1115132 cosine_bus_manager.cpp:76] [cosine_internal][CosineBusManager] cosine bus already initialised
I0827 00:31:42.340605 1115132 cosine_bus_manager.cpp:351] [cosine_internal][CosineBusManager] create default subscriber. topic name:/camera/hand_left_color
I0827 00:31:42.340611 1115132 aorta_component.cpp:174] [cosine_internal][AortaComponent] callback_name:/camera/hand_left_colorhttp://10.42.0.101:2379
I0827 00:31:42.340642 1115132 buffered_data_export.cpp:115] [cosine_internal]successfully create buffer [bus_buffer___camera__hand_left_color, type CosineDataPacket, block num 5, valid_time 0, transfer_type 0, data_size 0, mem_type 0, lib_name , ext_data_size 0, is_protobuf 0, enable_event_sync_subscriber 0], buffer id = 20
I0827 00:31:42.340653 1115132 cosine_bus_message_buffer.cpp:45] [cosine_internal][CosineBusMessageBuffer] create buffer success. name:bus_buffer___camera__hand_left_color, type:CosineDataPacket, size:5
I0827 00:31:42.340720 1115132 node_impl.cc:344] [aorta]CreateSubscriber topic:/camera/hand_left_color, uid:3a2c06f4-fd03-42db-9b02-a1a00473ceda-16768487626907404343 topic_uid:-1
I0827 00:31:42.341091 1115132 aorta_component.cpp:326] [cosine_internal][AortaComponent] aorta node create subscriber. node: python3.10_S1, topic:/camera/hand_left_color, type:CosineDataPacket, qos:(history:1, depth:5, reliability:1, durability:2), uri:http://10.42.0.101:2379
I0827 00:31:42.341100 1115132 aorta_subscriber.hpp:96] [cosine_internal][AortaSubscriber] initial. topic:/camera/hand_left_color, uri:
I0827 00:31:42.341120 1115132 cosine_bus_manager.cpp:76] [cosine_internal][CosineBusManager] cosine bus already initialised
I0827 00:31:42.341158 1115132 cosine_bus_manager.cpp:351] [cosine_internal][CosineBusManager] create default subscriber. topic name:/camera/hand_right_color
I0827 00:31:42.341166 1115132 aorta_component.cpp:174] [cosine_internal][AortaComponent] callback_name:/camera/hand_right_colorhttp://10.42.0.101:2379
I0827 00:31:42.341171 1116380 shm_subscriber.cc:120] [aorta]subscriber connect to publisher success, topic /MotionControlService/SetLoad/response, local d2379|python3.10|p1115132|n0|s11|c0, peer d2379|genie_motion_control|p11269|n0|/MotionControlService/SetLoad/response|p15
I0827 00:31:42.341197 1115132 buffered_data_export.cpp:115] [cosine_internal]successfully create buffer [bus_buffer___camera__hand_right_color, type CosineDataPacket, block num 5, valid_time 0, transfer_type 0, data_size 0, mem_type 0, lib_name , ext_data_size 0, is_protobuf 0, enable_event_sync_subscriber 0], buffer id = 21
I0827 00:31:42.341212 1115132 cosine_bus_message_buffer.cpp:45] [cosine_internal][CosineBusMessageBuffer] create buffer success. name:bus_buffer___camera__hand_right_color, type:CosineDataPacket, size:5
I0827 00:31:42.341230 1115224 centralized_discovery.cc:733] [aorta]subscriber uid:414cbfc5-b164-4e9b-bf6b-44c82c9d8f7c-16772690313444795879 topic:/MotionControlService/SetComplianceParams/response
I0827 00:31:42.341280 1115132 node_impl.cc:344] [aorta]CreateSubscriber topic:/camera/hand_right_color, uid:fbb52236-3132-41d2-a053-d8fddd875bb9-8629761233962563373 topic_uid:-1
I0827 00:31:42.341687 1115132 aorta_component.cpp:326] [cosine_internal][AortaComponent] aorta node create subscriber. node: python3.10_S1, topic:/camera/hand_right_color, type:CosineDataPacket, qos:(history:1, depth:5, reliability:1, durability:2), uri:http://10.42.0.101:2379
I0827 00:31:42.341697 1115132 aorta_subscriber.hpp:96] [cosine_internal][AortaSubscriber] initial. topic:/camera/hand_right_color, uri:
I0827 00:31:42.341713 1115132 cosine_bus_manager.cpp:76] [cosine_internal][CosineBusManager] cosine bus already initialised
I0827 00:31:42.341737 1115132 cosine_bus_manager.cpp:351] [cosine_internal][CosineBusManager] create default subscriber. topic name:/camera/head_color
I0827 00:31:42.341743 1115132 aorta_component.cpp:174] [cosine_internal][AortaComponent] callback_name:/camera/head_colorhttp://10.42.0.101:2379
I0827 00:31:42.341769 1115132 buffered_data_export.cpp:115] [cosine_internal]successfully create buffer [bus_buffer___camera__head_color, type CosineDataPacket, block num 5, valid_time 0, transfer_type 0, data_size 0, mem_type 0, lib_name , ext_data_size 0, is_protobuf 0, enable_event_sync_subscriber 0], buffer id = 22
I0827 00:31:42.341780 1115132 cosine_bus_message_buffer.cpp:45] [cosine_internal][CosineBusMessageBuffer] create buffer success. name:bus_buffer___camera__head_color, type:CosineDataPacket, size:5
I0827 00:31:42.341841 1115132 node_impl.cc:344] [aorta]CreateSubscriber topic:/camera/head_color, uid:282004f7-890d-4e8a-a395-0b7e70ee5467-2515219504367417955 topic_uid:-1
I0827 00:31:42.342221 1115132 aorta_component.cpp:326] [cosine_internal][AortaComponent] aorta node create subscriber. node: python3.10_S1, topic:/camera/head_color, type:CosineDataPacket, qos:(history:1, depth:5, reliability:1, durability:2), uri:http://10.42.0.101:2379
I0827 00:31:42.342232 1115132 aorta_subscriber.hpp:96] [cosine_internal][AortaSubscriber] initial. topic:/camera/head_color, uri:
I0827 00:31:42.342249 1115132 cosine_bus_manager.cpp:76] [cosine_internal][CosineBusManager] cosine bus already initialised
I0827 00:31:42.342273 1115132 cosine_bus_manager.cpp:351] [cosine_internal][CosineBusManager] create default subscriber. topic name:/camera/head_depth
I0827 00:31:42.342280 1115132 aorta_component.cpp:174] [cosine_internal][AortaComponent] callback_name:/camera/head_depthhttp://10.42.0.101:2379
I0827 00:31:42.342307 1115132 buffered_data_export.cpp:115] [cosine_internal]successfully create buffer [bus_buffer___camera__head_depth, type CosineDataPacket, block num 5, valid_time 0, transfer_type 0, data_size 0, mem_type 0, lib_name , ext_data_size 0, is_protobuf 0, enable_event_sync_subscriber 0], buffer id = 23
I0827 00:31:42.342319 1115132 cosine_bus_message_buffer.cpp:45] [cosine_internal][CosineBusMessageBuffer] create buffer success. name:bus_buffer___camera__head_depth, type:CosineDataPacket, size:5
I0827 00:31:42.342314 1116380 shm_subscriber.cc:120] [aorta]subscriber connect to publisher success, topic /MotionControlService/SetComplianceParams/response, local d2379|python3.10|p1115132|n0|s12|c0, peer d2379|genie_motion_control|p11269|n0|..olService/SetComplianceParams/response|p21
I0827 00:31:42.342378 1115132 node_impl.cc:344] [aorta]CreateSubscriber topic:/camera/head_depth, uid:0bd75ce6-0db1-465a-8147-9e5c4db4af59-14849645885661810178 topic_uid:-1
I0827 00:31:42.342381 1115224 centralized_discovery.cc:733] [aorta]subscriber uid:4efc6b50-0e66-474c-896b-b84e0eac9566-7265943930381113476 topic:/MotionControlService/MotionPlan/response
I0827 00:31:42.342747 1115132 aorta_component.cpp:326] [cosine_internal][AortaComponent] aorta node create subscriber. node: python3.10_S1, topic:/camera/head_depth, type:CosineDataPacket, qos:(history:1, depth:5, reliability:1, durability:2), uri:http://10.42.0.101:2379
I0827 00:31:42.342756 1115132 aorta_subscriber.hpp:96] [cosine_internal][AortaSubscriber] initial. topic:/camera/head_depth, uri:
I0827 00:31:42.342772 1115132 cosine_bus_manager.cpp:76] [cosine_internal][CosineBusManager] cosine bus already initialised
I0827 00:31:42.342801 1115132 cosine_bus_manager.cpp:351] [cosine_internal][CosineBusManager] create default subscriber. topic name:/camera/hand_left_depth
I0827 00:31:42.342808 1115132 aorta_component.cpp:174] [cosine_internal][AortaComponent] callback_name:/camera/hand_left_depthhttp://10.42.0.101:2379
I0827 00:31:42.342837 1115132 buffered_data_export.cpp:115] [cosine_internal]successfully create buffer [bus_buffer___camera__hand_left_depth, type CosineDataPacket, block num 5, valid_time 0, transfer_type 0, data_size 0, mem_type 0, lib_name , ext_data_size 0, is_protobuf 0, enable_event_sync_subscriber 0], buffer id = 24
I0827 00:31:42.342849 1115132 cosine_bus_message_buffer.cpp:45] [cosine_internal][CosineBusMessageBuffer] create buffer success. name:bus_buffer___camera__hand_left_depth, type:CosineDataPacket, size:5
I0827 00:31:42.342912 1115132 node_impl.cc:344] [aorta]CreateSubscriber topic:/camera/hand_left_depth, uid:e661c376-9a8b-45f9-a810-11fba5bbb0ae-13237741933269507762 topic_uid:-1
I0827 00:31:42.343381 1116380 shm_subscriber.cc:120] [aorta]subscriber connect to publisher success, topic /MotionControlService/MotionPlan/response, local d2379|python3.10|p1115132|n0|s13|c0, peer d2379|genie_motion_control|p11269|n0|..tionControlService/MotionPlan/response|p26
I0827 00:31:42.343390 1115132 aorta_component.cpp:326] [cosine_internal][AortaComponent] aorta node create subscriber. node: python3.10_S1, topic:/camera/hand_left_depth, type:CosineDataPacket, qos:(history:1, depth:5, reliability:1, durability:2), uri:http://10.42.0.101:2379
I0827 00:31:42.343405 1115132 aorta_subscriber.hpp:96] [cosine_internal][AortaSubscriber] initial. topic:/camera/hand_left_depth, uri:
I0827 00:31:42.343425 1115132 cosine_bus_manager.cpp:76] [cosine_internal][CosineBusManager] cosine bus already initialised
I0827 00:31:42.343451 1115224 centralized_discovery.cc:681] [aorta]publisher uid:e5fc6165-8883-4388-bb24-52a2ce0296d2-13748557535015507650 topic:/wbc/motion_stop
I0827 00:31:42.343451 1115132 cosine_bus_manager.cpp:351] [cosine_internal][CosineBusManager] create default subscriber. topic name:/camera/hand_right_depth
I0827 00:31:42.343500 1115132 aorta_component.cpp:174] [cosine_internal][AortaComponent] callback_name:/camera/hand_right_depthhttp://10.42.0.101:2379
I0827 00:31:42.343537 1115132 buffered_data_export.cpp:115] [cosine_internal]successfully create buffer [bus_buffer___camera__hand_right_depth, type CosineDataPacket, block num 5, valid_time 0, transfer_type 0, data_size 0, mem_type 0, lib_name , ext_data_size 0, is_protobuf 0, enable_event_sync_subscriber 0], buffer id = 25
I0827 00:31:42.343550 1115132 cosine_bus_message_buffer.cpp:45] [cosine_internal][CosineBusMessageBuffer] create buffer success. name:bus_buffer___camera__hand_right_depth, type:CosineDataPacket, size:5
I0827 00:31:42.343627 1115132 node_impl.cc:344] [aorta]CreateSubscriber topic:/camera/hand_right_depth, uid:9c2e3b13-9dd1-4fb4-96db-53c4317170fc-17867573658284279546 topic_uid:-1
I0827 00:31:42.344017 1115132 aorta_component.cpp:326] [cosine_internal][AortaComponent] aorta node create subscriber. node: python3.10_S1, topic:/camera/hand_right_depth, type:CosineDataPacket, qos:(history:1, depth:5, reliability:1, durability:2), uri:http://10.42.0.101:2379
I0827 00:31:42.344028 1115132 aorta_subscriber.hpp:96] [cosine_internal][AortaSubscriber] initial. topic:/camera/hand_right_depth, uri:
I0827 00:31:42.344045 1115132 cosine_bus_manager.cpp:76] [cosine_internal][CosineBusManager] cosine bus already initialised
I0827 00:31:42.344069 1115132 cosine_bus_manager.cpp:351] [cosine_internal][CosineBusManager] create default subscriber. topic name:/camera/hand_left_upper_color
I0827 00:31:42.344075 1115132 aorta_component.cpp:174] [cosine_internal][AortaComponent] callback_name:/camera/hand_left_upper_colorhttp://10.42.0.101:2379
I0827 00:31:42.344106 1115132 buffered_data_export.cpp:115] [cosine_internal]successfully create buffer [bus_buffer___camera__hand_left_upper_color, type CosineDataPacket, block num 5, valid_time 0, transfer_type 0, data_size 0, mem_type 0, lib_name , ext_data_size 0, is_protobuf 0, enable_event_sync_subscriber 0], buffer id = 26
I0827 00:31:42.344117 1115132 cosine_bus_message_buffer.cpp:45] [cosine_internal][CosineBusMessageBuffer] create buffer success. name:bus_buffer___camera__hand_left_upper_color, type:CosineDataPacket, size:5
I0827 00:31:42.344178 1115132 node_impl.cc:344] [aorta]CreateSubscriber topic:/camera/hand_left_upper_color, uid:652fcfbc-49fe-455f-b260-e94c4413b747-10419009240684809358 topic_uid:-1
I0827 00:31:42.344544 1115132 aorta_component.cpp:326] [cosine_internal][AortaComponent] aorta node create subscriber. node: python3.10_S1, topic:/camera/hand_left_upper_color, type:CosineDataPacket, qos:(history:1, depth:5, reliability:1, durability:2), uri:http://10.42.0.101:2379
I0827 00:31:42.344553 1115132 aorta_subscriber.hpp:96] [cosine_internal][AortaSubscriber] initial. topic:/camera/hand_left_upper_color, uri:
I0827 00:31:42.344568 1115132 cosine_bus_manager.cpp:76] [cosine_internal][CosineBusManager] cosine bus already initialised
I0827 00:31:42.344590 1115132 cosine_bus_manager.cpp:351] [cosine_internal][CosineBusManager] create default subscriber. topic name:/camera/hand_right_upper_color
I0827 00:31:42.344596 1115132 aorta_component.cpp:174] [cosine_internal][AortaComponent] callback_name:/camera/hand_right_upper_colorhttp://10.42.0.101:2379
I0827 00:31:42.344622 1115132 buffered_data_export.cpp:115] [cosine_internal]successfully create buffer [bus_buffer___camera__hand_right_upper_color, type CosineDataPacket, block num 5, valid_time 0, transfer_type 0, data_size 0, mem_type 0, lib_name , ext_data_size 0, is_protobuf 0, enable_event_sync_subscriber 0], buffer id = 27
I0827 00:31:42.344632 1115132 cosine_bus_message_buffer.cpp:45] [cosine_internal][CosineBusMessageBuffer] create buffer success. name:bus_buffer___camera__hand_right_upper_color, type:CosineDataPacket, size:5
I0827 00:31:42.344696 1115132 node_impl.cc:344] [aorta]CreateSubscriber topic:/camera/hand_right_upper_color, uid:43ae1b4d-9cf5-4e04-8b3b-15ae35fbccf7-14436869942545931775 topic_uid:-1
I0827 00:31:42.345063 1115132 aorta_component.cpp:326] [cosine_internal][AortaComponent] aorta node create subscriber. node: python3.10_S1, topic:/camera/hand_right_upper_color, type:CosineDataPacket, qos:(history:1, depth:5, reliability:1, durability:2), uri:http://10.42.0.101:2379
I0827 00:31:42.345072 1115132 aorta_subscriber.hpp:96] [cosine_internal][AortaSubscriber] initial. topic:/camera/hand_right_upper_color, uri:
I0827 00:31:42.345094 1115224 centralized_discovery.cc:681] [aorta]publisher uid:b50ecb0d-9ced-4668-901a-28957e21edff-14916454457450496029 topic:/wbc/set_control_mode
I0827 00:31:42.345207 1115132 cosine_bus_manager.cpp:76] [cosine_internal][CosineBusManager] cosine bus already initialised
I0827 00:31:42.345249 1115132 cosine_bus_manager.cpp:351] [cosine_internal][CosineBusManager] create default subscriber. topic name:/camera/hand_left_lower_color
I0827 00:31:42.345260 1115132 aorta_component.cpp:174] [cosine_internal][AortaComponent] callback_name:/camera/hand_left_lower_colorhttp://10.42.0.101:2379
I0827 00:31:42.345407 1115132 buffered_data_export.cpp:115] [cosine_internal]successfully create buffer [bus_buffer___camera__hand_left_lower_color, type CosineDataPacket, block num 5, valid_time 0, transfer_type 0, data_size 0, mem_type 0, lib_name , ext_data_size 0, is_protobuf 0, enable_event_sync_subscriber 0], buffer id = 28
I0827 00:31:42.345423 1115132 cosine_bus_message_buffer.cpp:45] [cosine_internal][CosineBusMessageBuffer] create buffer success. name:bus_buffer___camera__hand_left_lower_color, type:CosineDataPacket, size:5
I0827 00:31:42.345492 1115132 node_impl.cc:344] [aorta]CreateSubscriber topic:/camera/hand_left_lower_color, uid:d51eebd2-5fa2-494a-85f9-9c49b0a659a4-4503626684902531612 topic_uid:-1
I0827 00:31:42.345867 1115132 aorta_component.cpp:326] [cosine_internal][AortaComponent] aorta node create subscriber. node: python3.10_S1, topic:/camera/hand_left_lower_color, type:CosineDataPacket, qos:(history:1, depth:5, reliability:1, durability:2), uri:http://10.42.0.101:2379
I0827 00:31:42.345878 1115132 aorta_subscriber.hpp:96] [cosine_internal][AortaSubscriber] initial. topic:/camera/hand_left_lower_color, uri:
I0827 00:31:42.345896 1115132 cosine_bus_manager.cpp:76] [cosine_internal][CosineBusManager] cosine bus already initialised
I0827 00:31:42.345921 1115132 cosine_bus_manager.cpp:351] [cosine_internal][CosineBusManager] create default subscriber. topic name:/camera/hand_right_lower_color
I0827 00:31:42.345927 1115132 aorta_component.cpp:174] [cosine_internal][AortaComponent] callback_name:/camera/hand_right_lower_colorhttp://10.42.0.101:2379
I0827 00:31:42.345955 1115132 buffered_data_export.cpp:115] [cosine_internal]successfully create buffer [bus_buffer___camera__hand_right_lower_color, type CosineDataPacket, block num 5, valid_time 0, transfer_type 0, data_size 0, mem_type 0, lib_name , ext_data_size 0, is_protobuf 0, enable_event_sync_subscriber 0], buffer id = 29
I0827 00:31:42.345966 1115132 cosine_bus_message_buffer.cpp:45] [cosine_internal][CosineBusMessageBuffer] create buffer success. name:bus_buffer___camera__hand_right_lower_color, type:CosineDataPacket, size:5
I0827 00:31:42.346022 1115132 node_impl.cc:344] [aorta]CreateSubscriber topic:/camera/hand_right_lower_color, uid:61dd10c7-4f70-4e9e-b1dc-46f98b939c56-8186110446424813557 topic_uid:-1
I0827 00:31:42.346391 1115132 aorta_component.cpp:326] [cosine_internal][AortaComponent] aorta node create subscriber. node: python3.10_S1, topic:/camera/hand_right_lower_color, type:CosineDataPacket, qos:(history:1, depth:5, reliability:1, durability:2), uri:http://10.42.0.101:2379
I0827 00:31:42.346400 1115132 aorta_subscriber.hpp:96] [cosine_internal][AortaSubscriber] initial. topic:/camera/hand_right_lower_color, uri:
I0827 00:31:42.346419 1115132 cosine_bus_manager.cpp:76] [cosine_internal][CosineBusManager] cosine bus already initialised
I0827 00:31:42.346428 1115224 centralized_discovery.cc:681] [aorta]publisher uid:dc338388-b7ec-4d86-84f4-bca77af9c922-8961509146944305143 topic:/wbc/end_effector_pose_control
I0827 00:31:42.346441 1115132 cosine_bus_manager.cpp:351] [cosine_internal][CosineBusManager] create default subscriber. topic name:/camera/hand_left_upper_depth
I0827 00:31:42.346447 1115132 aorta_component.cpp:174] [cosine_internal][AortaComponent] callback_name:/camera/hand_left_upper_depthhttp://10.42.0.101:2379
I0827 00:31:42.346549 1115132 buffered_data_export.cpp:115] [cosine_internal]successfully create buffer [bus_buffer___camera__hand_left_upper_depth, type CosineDataPacket, block num 5, valid_time 0, transfer_type 0, data_size 0, mem_type 0, lib_name , ext_data_size 0, is_protobuf 0, enable_event_sync_subscriber 0], buffer id = 30
I0827 00:31:42.346578 1115132 cosine_bus_message_buffer.cpp:45] [cosine_internal][CosineBusMessageBuffer] create buffer success. name:bus_buffer___camera__hand_left_upper_depth, type:CosineDataPacket, size:5
I0827 00:31:42.346747 1115132 node_impl.cc:344] [aorta]CreateSubscriber topic:/camera/hand_left_upper_depth, uid:be08af5b-bedb-42e2-8282-8164f52b0a66-12072037676595526463 topic_uid:-1
I0827 00:31:42.347186 1115132 aorta_component.cpp:326] [cosine_internal][AortaComponent] aorta node create subscriber. node: python3.10_S1, topic:/camera/hand_left_upper_depth, type:CosineDataPacket, qos:(history:1, depth:5, reliability:1, durability:2), uri:http://10.42.0.101:2379
I0827 00:31:42.347200 1115132 aorta_subscriber.hpp:96] [cosine_internal][AortaSubscriber] initial. topic:/camera/hand_left_upper_depth, uri:
I0827 00:31:42.347225 1115132 cosine_bus_manager.cpp:76] [cosine_internal][CosineBusManager] cosine bus already initialised
I0827 00:31:42.347256 1115132 cosine_bus_manager.cpp:351] [cosine_internal][CosineBusManager] create default subscriber. topic name:/camera/hand_right_upper_depth
I0827 00:31:42.347265 1115132 aorta_component.cpp:174] [cosine_internal][AortaComponent] callback_name:/camera/hand_right_upper_depthhttp://10.42.0.101:2379
I0827 00:31:42.347303 1115132 buffered_data_export.cpp:115] [cosine_internal]successfully create buffer [bus_buffer___camera__hand_right_upper_depth, type CosineDataPacket, block num 5, valid_time 0, transfer_type 0, data_size 0, mem_type 0, lib_name , ext_data_size 0, is_protobuf 0, enable_event_sync_subscriber 0], buffer id = 31
I0827 00:31:42.347318 1115132 cosine_bus_message_buffer.cpp:45] [cosine_internal][CosineBusMessageBuffer] create buffer success. name:bus_buffer___camera__hand_right_upper_depth, type:CosineDataPacket, size:5
I0827 00:31:42.347410 1115132 node_impl.cc:344] [aorta]CreateSubscriber topic:/camera/hand_right_upper_depth, uid:db39cb0c-a83a-4b6c-9d5b-c9cd7b971b18-15534589775061933553 topic_uid:-1
I0827 00:31:42.347559 1115224 centralized_discovery.cc:681] [aorta]publisher uid:8ce84549-16dd-4cad-9c20-9f4e7a549b3a-17554954426434248758 topic:/wbc/joint_position_control
I0827 00:31:42.347802 1115132 aorta_component.cpp:326] [cosine_internal][AortaComponent] aorta node create subscriber. node: python3.10_S1, topic:/camera/hand_right_upper_depth, type:CosineDataPacket, qos:(history:1, depth:5, reliability:1, durability:2), uri:http://10.42.0.101:2379
I0827 00:31:42.347812 1115132 aorta_subscriber.hpp:96] [cosine_internal][AortaSubscriber] initial. topic:/camera/hand_right_upper_depth, uri:
I0827 00:31:42.347829 1115132 cosine_bus_manager.cpp:76] [cosine_internal][CosineBusManager] cosine bus already initialised
I0827 00:31:42.347853 1115132 cosine_bus_manager.cpp:351] [cosine_internal][CosineBusManager] create default subscriber. topic name:/camera/hand_left_lower_depth
I0827 00:31:42.347859 1115132 aorta_component.cpp:174] [cosine_internal][AortaComponent] callback_name:/camera/hand_left_lower_depthhttp://10.42.0.101:2379
I0827 00:31:42.347888 1115132 buffered_data_export.cpp:115] [cosine_internal]successfully create buffer [bus_buffer___camera__hand_left_lower_depth, type CosineDataPacket, block num 5, valid_time 0, transfer_type 0, data_size 0, mem_type 0, lib_name , ext_data_size 0, is_protobuf 0, enable_event_sync_subscriber 0], buffer id = 32
I0827 00:31:42.347899 1115132 cosine_bus_message_buffer.cpp:45] [cosine_internal][CosineBusMessageBuffer] create buffer success. name:bus_buffer___camera__hand_left_lower_depth, type:CosineDataPacket, size:5
I0827 00:31:42.347970 1115132 node_impl.cc:344] [aorta]CreateSubscriber topic:/camera/hand_left_lower_depth, uid:43f2798f-2b9d-4050-a1dc-291599426b9f-14499789538593900557 topic_uid:-1
I0827 00:31:42.348349 1115132 aorta_component.cpp:326] [cosine_internal][AortaComponent] aorta node create subscriber. node: python3.10_S1, topic:/camera/hand_left_lower_depth, type:CosineDataPacket, qos:(history:1, depth:5, reliability:1, durability:2), uri:http://10.42.0.101:2379
I0827 00:31:42.348359 1115132 aorta_subscriber.hpp:96] [cosine_internal][AortaSubscriber] initial. topic:/camera/hand_left_lower_depth, uri:
I0827 00:31:42.348376 1115132 cosine_bus_manager.cpp:76] [cosine_internal][CosineBusManager] cosine bus already initialised
I0827 00:31:42.348403 1115132 cosine_bus_manager.cpp:351] [cosine_internal][CosineBusManager] create default subscriber. topic name:/camera/hand_right_lower_depth
I0827 00:31:42.348409 1115132 aorta_component.cpp:174] [cosine_internal][AortaComponent] callback_name:/camera/hand_right_lower_depthhttp://10.42.0.101:2379
I0827 00:31:42.348438 1115132 buffered_data_export.cpp:115] [cosine_internal]successfully create buffer [bus_buffer___camera__hand_right_lower_depth, type CosineDataPacket, block num 5, valid_time 0, transfer_type 0, data_size 0, mem_type 0, lib_name , ext_data_size 0, is_protobuf 0, enable_event_sync_subscriber 0], buffer id = 33
I0827 00:31:42.348450 1115132 cosine_bus_message_buffer.cpp:45] [cosine_internal][CosineBusMessageBuffer] create buffer success. name:bus_buffer___camera__hand_right_lower_depth, type:CosineDataPacket, size:5
I0827 00:31:42.348508 1115132 node_impl.cc:344] [aorta]CreateSubscriber topic:/camera/hand_right_lower_depth, uid:6232d543-9302-4df4-8e03-88e232c0a173-9839082178762803487 topic_uid:-1
I0827 00:31:42.348696 1115224 centralized_discovery.cc:681] [aorta]publisher uid:350d5ba9-844a-44e0-966b-dc7d6fbbfce4-13247891859042633557 topic:/MotionControlService/JointPosition/request
I0827 00:31:42.348888 1115132 aorta_component.cpp:326] [cosine_internal][AortaComponent] aorta node create subscriber. node: python3.10_S1, topic:/camera/hand_right_lower_depth, type:CosineDataPacket, qos:(history:1, depth:5, reliability:1, durability:2), uri:http://10.42.0.101:2379
I0827 00:31:42.348897 1115132 aorta_subscriber.hpp:96] [cosine_internal][AortaSubscriber] initial. topic:/camera/hand_right_lower_depth, uri:
I0827 00:31:42.349017 1115132 cosine_bus_manager.cpp:400] [cosine_internal][CosineBusManager] create subscriber. topic name:/pnc/task_state , middleware:aorta , need async callback:0, frame_skip_rate:1
I0827 00:31:42.349028 1115132 aorta_component.cpp:174] [cosine_internal][AortaComponent] callback_name:/pnc/task_statehttp://10.42.0.101:2379
I0827 00:31:42.349529 1115132 buffered_data_export.cpp:115] [cosine_internal]successfully create buffer [bus_buffer___pnc__task_state, type pnc_msgs.TaskState, block num 5, valid_time 0, transfer_type 0, data_size 0, mem_type 0, lib_name , ext_data_size 0, is_protobuf 1, enable_event_sync_subscriber 0], buffer id = 34
I0827 00:31:42.349551 1115132 cosine_bus_message_buffer.cpp:45] [cosine_internal][CosineBusMessageBuffer] create buffer success. name:bus_buffer___pnc__task_state, type:pnc_msgs.TaskState, size:5
I0827 00:31:42.349633 1115132 node_impl.cc:344] [aorta]CreateSubscriber topic:/pnc/task_state, uid:c62ad099-8383-4295-8ca3-a4daa5cfe847-9096530589114119892 topic_uid:-1
I0827 00:31:42.349934 1115224 centralized_discovery.cc:681] [aorta]publisher uid:28a000de-99d9-4603-a699-beb1ecb3753a-7079047142913889307 topic:/MotionControlService/ControlMode/request
I0827 00:31:42.350044 1115132 aorta_component.cpp:326] [cosine_internal][AortaComponent] aorta node create subscriber. node: python3.10_S1, topic:/pnc/task_state, type:pnc_msgs.TaskState, qos:(history:1, depth:5, reliability:1, durability:2), uri:http://10.42.0.101:2379
I0827 00:31:42.350055 1115132 aorta_subscriber.hpp:96] [cosine_internal][AortaSubscriber] initial. topic:/pnc/task_state, uri:
I0827 00:31:42.350073 1115132 cosine_bus_manager.cpp:400] [cosine_internal][CosineBusManager] create subscriber. topic name:/pnc/task_service/normal_navigation/response , middleware:aorta , need async callback:0, frame_skip_rate:1
I0827 00:31:42.350083 1115132 aorta_component.cpp:174] [cosine_internal][AortaComponent] callback_name:/pnc/task_service/normal_navigation/responsehttp://10.42.0.101:2379
I0827 00:31:42.350128 1115132 buffered_data_export.cpp:115] [cosine_internal]successfully create buffer [bus_buffer___pnc__task_service__normal_navigation__response, type pnc_msgs.NormalNavigationResponse, block num 5, valid_time 0, transfer_type 0, data_size 0, mem_type 0, lib_name , ext_data_size 0, is_protobuf 1, enable_event_sync_subscriber 0], buffer id = 35
I0827 00:31:42.350142 1115132 cosine_bus_message_buffer.cpp:45] [cosine_internal][CosineBusMessageBuffer] create buffer success. name:bus_buffer___pnc__task_service__normal_navigation__response, type:pnc_msgs.NormalNavigationResponse, size:5
I0827 00:31:42.350227 1115132 node_impl.cc:344] [aorta]CreateSubscriber topic:/pnc/task_service/normal_navigation/response, uid:a065c4e0-5af4-4910-8a3f-526aac6f66c7-7227396448010854466 topic_uid:-1
I0827 00:31:42.350611 1115132 aorta_component.cpp:326] [cosine_internal][AortaComponent] aorta node create subscriber. node: python3.10_S1, topic:/pnc/task_service/normal_navigation/response, type:pnc_msgs.NormalNavigationResponse, qos:(history:1, depth:5, reliability:1, durability:2), uri:http://10.42.0.101:2379
I0827 00:31:42.350621 1115132 aorta_subscriber.hpp:96] [cosine_internal][AortaSubscriber] initial. topic:/pnc/task_service/normal_navigation/response, uri:
I0827 00:31:42.350636 1115132 cosine_bus_manager.cpp:400] [cosine_internal][CosineBusManager] create subscriber. topic name:/pnc/task_service/high_precision_navigation/response , middleware:aorta , need async callback:0, frame_skip_rate:1
I0827 00:31:42.350642 1115132 aorta_component.cpp:174] [cosine_internal][AortaComponent] callback_name:/pnc/task_service/high_precision_navigation/responsehttp://10.42.0.101:2379
I0827 00:31:42.350684 1115132 buffered_data_export.cpp:115] [cosine_internal]successfully create buffer [bus_buffer___pnc__task_service__high_precision_navigation__response, type pnc_msgs.HighPrecisionNavigationResponse, block num 5, valid_time 0, transfer_type 0, data_size 0, mem_type 0, lib_name , ext_data_size 0, is_protobuf 1, enable_event_sync_subscriber 0], buffer id = 36
I0827 00:31:42.350697 1115132 cosine_bus_message_buffer.cpp:45] [cosine_internal][CosineBusMessageBuffer] create buffer success. name:bus_buffer___pnc__task_service__high_precision_navigation__response, type:pnc_msgs.HighPrecisionNavigationResponse, size:5
I0827 00:31:42.350771 1115132 node_impl.cc:344] [aorta]CreateSubscriber topic:/pnc/task_service/high_precision_navigation/response, uid:8cd2732f-4ca5-4507-91d0-136bb75875ce-4701876173029784314 topic_uid:-1
I0827 00:31:42.351168 1115132 aorta_component.cpp:326] [cosine_internal][AortaComponent] aorta node create subscriber. node: python3.10_S1, topic:/pnc/task_service/high_precision_navigation/response, type:pnc_msgs.HighPrecisionNavigationResponse, qos:(history:1, depth:5, reliability:1, durability:2), uri:http://10.42.0.101:2379
I0827 00:31:42.351179 1115132 aorta_subscriber.hpp:96] [cosine_internal][AortaSubscriber] initial. topic:/pnc/task_service/high_precision_navigation/response, uri:
I0827 00:31:42.351193 1115132 cosine_bus_manager.cpp:400] [cosine_internal][CosineBusManager] create subscriber. topic name:/pnc/task_service/relative_move/response , middleware:aorta , need async callback:0, frame_skip_rate:1
I0827 00:31:42.351200 1115132 aorta_component.cpp:174] [cosine_internal][AortaComponent] callback_name:/pnc/task_service/relative_move/responsehttp://10.42.0.101:2379
I0827 00:31:42.351244 1115132 buffered_data_export.cpp:115] [cosine_internal]successfully create buffer [bus_buffer___pnc__task_service__relative_move__response, type pnc_msgs.RelativeMoveResponse, block num 5, valid_time 0, transfer_type 0, data_size 0, mem_type 0, lib_name , ext_data_size 0, is_protobuf 1, enable_event_sync_subscriber 0], buffer id = 37
I0827 00:31:42.351258 1115132 cosine_bus_message_buffer.cpp:45] [cosine_internal][CosineBusMessageBuffer] create buffer success. name:bus_buffer___pnc__task_service__relative_move__response, type:pnc_msgs.RelativeMoveResponse, size:5
I0827 00:31:42.351327 1115132 node_impl.cc:344] [aorta]CreateSubscriber topic:/pnc/task_service/relative_move/response, uid:57b971e6-aa6e-499d-b2e5-652c865ecc6f-4077207897147431090 topic_uid:-1
I0827 00:31:42.351557 1115224 centralized_discovery.cc:681] [aorta]publisher uid:2cf75913-1937-4525-803d-b416ea3bde27-13250693701014519938 topic:/MotionControlService/SetLoad/request
I0827 00:31:42.351936 1115132 aorta_component.cpp:326] [cosine_internal][AortaComponent] aorta node create subscriber. node: python3.10_S1, topic:/pnc/task_service/relative_move/response, type:pnc_msgs.RelativeMoveResponse, qos:(history:1, depth:5, reliability:1, durability:2), uri:http://10.42.0.101:2379
I0827 00:31:42.351951 1115132 aorta_subscriber.hpp:96] [cosine_internal][AortaSubscriber] initial. topic:/pnc/task_service/relative_move/response, uri:
I0827 00:31:42.351971 1115132 cosine_bus_manager.cpp:400] [cosine_internal][CosineBusManager] create subscriber. topic name:/pnc/task_service/task_cancel/response , middleware:aorta , need async callback:0, frame_skip_rate:1
I0827 00:31:42.351981 1115132 aorta_component.cpp:174] [cosine_internal][AortaComponent] callback_name:/pnc/task_service/task_cancel/responsehttp://10.42.0.101:2379
I0827 00:31:42.352036 1115132 buffered_data_export.cpp:115] [cosine_internal]successfully create buffer [bus_buffer___pnc__task_service__task_cancel__response, type pnc_msgs.TaskCancelResponse, block num 5, valid_time 0, transfer_type 0, data_size 0, mem_type 0, lib_name , ext_data_size 0, is_protobuf 1, enable_event_sync_subscriber 0], buffer id = 38
I0827 00:31:42.352059 1115132 cosine_bus_message_buffer.cpp:45] [cosine_internal][CosineBusMessageBuffer] create buffer success. name:bus_buffer___pnc__task_service__task_cancel__response, type:pnc_msgs.TaskCancelResponse, size:5
I0827 00:31:42.352145 1115132 node_impl.cc:344] [aorta]CreateSubscriber topic:/pnc/task_service/task_cancel/response, uid:74cd5541-6491-44c6-9ee6-81eebfea0e27-3654631836754090917 topic_uid:-1
I0827 00:31:42.352579 1115132 aorta_component.cpp:326] [cosine_internal][AortaComponent] aorta node create subscriber. node: python3.10_S1, topic:/pnc/task_service/task_cancel/response, type:pnc_msgs.TaskCancelResponse, qos:(history:1, depth:5, reliability:1, durability:2), uri:http://10.42.0.101:2379
