Log file created at: 2025/08/27 01:11:49
Running on machine: G2
Log line format: [IWEF]mmdd hh:mm:ss.uuuuuu threadid file:line] msg
I0827 01:11:49.667348 1773648 dylog_impl.cpp:641] [DYLOG] set dylog default level to INFO
I0827 01:11:49.667419 1773648 dylog_impl.cpp:690] [DYLOG] soc num : R2
I0827 01:11:49.667434 1773648 dylog_impl.cpp:695] [DYLOG] can't read scene_mode, use sud
W0827 01:11:49.667457 1773648 dylog_impl.cpp:757] [DYLOG] can't find available json config file with path : /home/agi/app/conf/scene_server/dylog_sud_default.json, use default.
I0827 01:11:49.667583 1773648 dylog_impl.cpp:293] [DYLOG] register dsd_name : dylog/python3.10/cosine_internal
I0827 01:11:49.674789 1773648 cosine_bus_manager.cpp:88] [cosine_internal][CosineBusManager] cosine bus config path not set, use default config.
I0827 01:11:49.674853 1773648 cosine_bus_manager.cpp:118] [cosine_internal][CosineBusManager] initial cosine_bus_config:
I0827 01:11:49.676237 1773648 cosine_bus_global_sync.cpp:30] [cosine_internal][BusGlobalSync] set default middleware name:aorta
I0827 01:11:49.676344 1773648 scheduler_classic.cpp:28] [cosine_internal]Proc number set to be: 1
I0827 01:11:49.686057 1773648 dynamic_object.cpp:521] [cosine_internal][DynamicObject] open libdynamic_aorta.so success.
I0827 01:11:49.686257 1773648 dynamic_object.cpp:581] [cosine_internal][DynamicObject] Successfully enumerated 57 symbols in libdynamic_aorta.so
I0827 01:11:49.686269 1773648 resource_loader.cpp:13] [cosine_internal][ResourceLoader] Attempting to load function: aorta_get_object
I0827 01:11:49.686275 1773648 resource_loader.cpp:17] [cosine_internal][ResourceLoader] Trying address() method for C++ symbol: aorta_get_object
I0827 01:11:49.686280 1773648 resource_loader.cpp:20] [cosine_internal][ResourceLoader] Successfully loaded C++ symbol: aorta_get_object
I0827 01:11:49.686283 1773648 resource_loader.cpp:13] [cosine_internal][ResourceLoader] Attempting to load function: aorta_call_object_func
I0827 01:11:49.686286 1773648 resource_loader.cpp:17] [cosine_internal][ResourceLoader] Trying address() method for C++ symbol: aorta_call_object_func
I0827 01:11:49.686290 1773648 resource_loader.cpp:20] [cosine_internal][ResourceLoader] Successfully loaded C++ symbol: aorta_call_object_func
I0827 01:11:49.686295 1773648 resource_loader.cpp:13] [cosine_internal][ResourceLoader] Attempting to load function: aorta_clean_up
I0827 01:11:49.686297 1773648 resource_loader.cpp:17] [cosine_internal][ResourceLoader] Trying address() method for C++ symbol: aorta_clean_up
I0827 01:11:49.686312 1773648 resource_loader.cpp:25] [cosine_internal][ResourceLoader] C++ symbol failed, trying c_address() method for C symbol: aorta_clean_up
I0827 01:11:49.686317 1773648 resource_loader.cpp:28] [cosine_internal][ResourceLoader] Successfully loaded C symbol: aorta_clean_up
W0827 01:11:49.686326 1773648 aorta_component.cpp:90] [cosine_internal]Environment variable [LOCATOR_IP/DDS_IP] not set, fallback to 10.42.0.101
I0827 01:11:49.686332 1773648 aorta_component.cpp:496] [cosine_internal][AortaComponent] locator_ip: 10.42.0.101; Check network before domain init 
I0827 01:11:49.686373 1773648 clock.cpp:22] [cosine_internal]load ptp time source from: libptp_clock_time.so
I0827 01:11:49.686553 1773648 dynamic_object.cpp:521] [cosine_internal][DynamicObject] open libptp_clock_time.so success.
I0827 01:11:49.687918 1773648 aorta_component.cpp:515] [cosine_internal][AortaComponent] Network check start. locator_ip: 10.42.0.101, timeout: 60 seconds , check_start_time: 1756228309
I0827 01:11:49.687947 1773648 aorta_component.cpp:526] [cosine_internal][AortaComponent] locator_ip: 10.42.0.101; network is ready.
I0827 01:11:49.688009 1773648 dylog_impl.cpp:293] [DYLOG] register dsd_name : dylog/python3.10/aorta
I0827 01:11:49.688169 1773648 pcie_config.cc:52] [aorta]Get one valid pcie channel. producer: soc-s3 app-map_loc_app endpoint-nvscic2c_pcie_s3_c7_11 consumer: soc-s1 app-worldmodel endpoint-nvscic2c_pcie_s1_c7_11
I0827 01:11:49.688282 1773648 os.cc:88] [aorta]Got host_id from system files: Huixi R1ROBOR2
I0827 01:11:49.688326 1773648 pcie_manager.cc:71] [aorta]There is no pcie config in current process.
I0827 01:11:49.688690 1773648 message_monitor_config.cc:398] [aorta]run in  mode
I0827 01:11:49.689929 1773648 domain_impl.cc:58] [aorta]aorta version:7b1b7ddc
I0827 01:11:49.689960 1773648 json_comm.cc:35] [aorta]file path: /home/agi/app/conf/topology/topology_rule.json not exist.
I0827 01:11:49.689975 1773648 message_monitor_config.cc:398] [aorta]run in  mode
I0827 01:11:49.691694 1773648 message_monitor_config.cc:731] [aorta]message monitor is updated from /home/agi/app/conf/aorta/function/aorta_monitor_conf.json
I0827 01:11:49.694464 1773648 discovery_factory.cc:14] [aorta]type:1, host:10.42.0.101, port:2379, ttl:15, minor_cycle:100, major_cycle:3
I0827 01:11:49.694989 1773648 config.cc:53] [aorta]AORTA_IP_MASK not set.
I0827 01:11:49.695003 1773648 discovery.cc:245] [aorta]get ip masks empty.
I0827 01:11:49.695012 1773648 config.cc:200] [aorta]AORTA_EXTRA_LOCAL_IPS not set.
I0827 01:11:49.695016 1773648 discovery.cc:266] [aorta]local_publisher_ips_ empty.
I0827 01:11:49.695039 1773648 config.cc:124] [aorta]ip match, ip:127.0.0.1
I0827 01:11:49.695050 1773648 discovery.cc:275] [aorta]default emplace ip:10.42.0.101
I0827 01:11:49.695052 1773648 discovery.cc:275] [aorta]default emplace ip:10.42.12.101
I0827 01:11:49.695055 1773648 discovery.cc:275] [aorta]default emplace ip:10.42.1.101
I0827 01:11:49.695058 1773648 discovery.cc:275] [aorta]default emplace ip:192.168.1.101
I0827 01:11:49.695061 1773648 discovery.cc:275] [aorta]default emplace ip:10.42.30.101
I0827 01:11:49.695065 1773648 discovery.cc:275] [aorta]default emplace ip:10.42.40.101
I0827 01:11:49.695066 1773648 discovery.cc:275] [aorta]default emplace ip:10.20.15.199
I0827 01:11:49.695070 1773648 discovery.cc:275] [aorta]default emplace ip:10.42.6.101
I0827 01:11:49.695073 1773648 centralized_discovery.cc:55] [aorta]lease_ttl_:15
I0827 01:11:49.695552 1773648 aorta_component.cpp:561] [cosine_internal][AortaComponent] aorta create domain success. uri:http://10.42.0.101:2379
I0827 01:11:49.695710 1773648 aorta_component.cpp:447] [cosine_internal][AortaComponent] aorta domain created node: python3.10_S1 , domain_uri:http://10.42.0.101:2379
I0827 01:11:49.695719 1773648 aorta_component.cpp:126] [cosine_internal][AortaComponent] aorta component init success. node:python3.10_S1, uri:http://10.42.0.101:2379, locator_kind(1:shm,2:tcp,3:udp):2, locator_ip:10.42.0.101, locator_port:0, aorta_dispatcher_thread_num:1
I0827 01:11:49.699700 1773764 processor.cpp:40] [cosine_internal]processor_tid: 1773764
I0827 01:11:49.723848 1773773 executor_impl.cc:91] [aorta]aorta-dispatch0 start spinning
I0827 01:11:49.740382 1773772 centralized_discovery.cc:1110] [aorta]poll thread: revision:2321
I0827 01:11:49.740495 1773772 centralized_discovery.cc:1123] [aorta]inotify_fd_:15 inotify_watch_:1 inotify_watch_path:/home/agi/app/conf/aorta/function
I0827 01:11:49.747568 1773772 centralized_discovery.cc:615] [aorta]grant lease for node python3.10_S1 lease_id = 7587889064995111392
I0827 01:11:49.750234 1773772 watch_state.cc:54] [aorta]watch connect success.
I0827 01:11:49.751574 1773772 centralized_discovery.cc:1615] [aorta]recv watch response created.
I0827 01:11:49.846189 1773648 cosine_bus_manager.cpp:294] [cosine_internal][CosineBusManager] create publisher. topic name:/gdk/config_request , middleware:aorta
I0827 01:11:49.847256 1773648 tcp_publisher.cc:179] [aorta]topic /gdk/config_request, pub_queue_size_ 5, latch_queue_size_ 0
I0827 01:11:49.847450 1773825 tcp_socket_server.cc:200] [aorta]The ip info is0.0.0.0:36175
I0827 01:11:49.847652 1773825 shm_socket_server.cc:101] [aorta][/gdk/config_request] bind at pipe sock name d2379|python3.10|p1773648|n0|/gdk/config_request|p0
I0827 01:11:49.847766 1773648 node_impl.cc:198] [aorta]CreatePublisher, host:0.0.0.0, port:36175, sockname:d2379|python3.10|p1773648|n0|/gdk/config_request|p0, topic:/gdk/config_request, uid:4a84d7b9-f856-4c29-bc58-543c10df2c6c-4991715019463590898 topic_uid:-1
I0827 01:11:49.847810 1773648 aorta_component.cpp:394] [cosine_internal][AortaComponent] aorta node create publisher. node: python3.10_S1, topic:/gdk/config_request, type:genie_msgs.msg.pb.CommonRequest, qos:(history:1, depth:5, reliability:1, durability:2), uri:http://10.42.0.101:2379
I0827 01:11:49.847854 1773648 aorta_publisher.cpp:119] [cosine_internal][AortaPublisher] publisher initialize. topic:/gdk/config_request, uri:
I0827 01:11:49.847869 1773648 dylog_impl.cpp:293] [DYLOG] register dsd_name : dylog/python3.10/GDK
I0827 01:11:49.847906 1773648 publisher.cpp:27] [GDK]create publisher: /gdk/config_request type: genie_msgs.msg.pb.CommonRequest qos: 1 1 5 2
I0827 01:11:49.847930 1773648 cosine_bus_manager.cpp:294] [cosine_internal][CosineBusManager] create publisher. topic name:/gdk/camera_conf_request , middleware:aorta
I0827 01:11:49.848356 1773648 tcp_publisher.cc:179] [aorta]topic /gdk/camera_conf_request, pub_queue_size_ 5, latch_queue_size_ 0
I0827 01:11:49.848429 1773825 tcp_socket_server.cc:200] [aorta]The ip info is0.0.0.0:36357
I0827 01:11:49.848486 1773772 centralized_discovery.cc:681] [aorta]publisher uid:4a84d7b9-f856-4c29-bc58-543c10df2c6c-4991715019463590898 topic:/gdk/config_request
I0827 01:11:49.848496 1773825 shm_socket_server.cc:101] [aorta][/gdk/camera_conf_request] bind at pipe sock name d2379|python3.10|p1773648|n0|/gdk/camera_conf_request|p1
I0827 01:11:49.848568 1773648 node_impl.cc:198] [aorta]CreatePublisher, host:0.0.0.0, port:36357, sockname:d2379|python3.10|p1773648|n0|/gdk/camera_conf_request|p1, topic:/gdk/camera_conf_request, uid:08af5c11-2ad1-441c-9ca8-b552eaa2b2c3-9117180461459404870 topic_uid:-1
I0827 01:11:49.848588 1773648 aorta_component.cpp:394] [cosine_internal][AortaComponent] aorta node create publisher. node: python3.10_S1, topic:/gdk/camera_conf_request, type:genie_msgs.msg.pb.CommonRequest, qos:(history:1, depth:5, reliability:1, durability:2), uri:http://10.42.0.101:2379
I0827 01:11:49.848621 1773648 aorta_publisher.cpp:119] [cosine_internal][AortaPublisher] publisher initialize. topic:/gdk/camera_conf_request, uri:
I0827 01:11:49.848628 1773648 publisher.cpp:27] [GDK]create publisher: /gdk/camera_conf_request type: genie_msgs.msg.pb.CommonRequest qos: 1 1 5 2
I0827 01:11:49.848654 1773648 cosine_bus_manager.cpp:400] [cosine_internal][CosineBusManager] create subscriber. topic name:/gdk/config_response , middleware:aorta , need async callback:0, frame_skip_rate:1
I0827 01:11:49.848665 1773648 aorta_component.cpp:174] [cosine_internal][AortaComponent] callback_name:/gdk/config_responsehttp://10.42.0.101:2379
I0827 01:11:49.848737 1773648 dynamic_object.cpp:521] [cosine_internal][DynamicObject] open  success.
I0827 01:11:49.848897 1773648 buffered_data_export.cpp:115] [cosine_internal]successfully create buffer [bus_buffer___gdk__config_response, type genie_msgs.msg.pb.CommonResponse, block num 5, valid_time 0, transfer_type 0, data_size 0, mem_type 0, lib_name , ext_data_size 0, is_protobuf 1, enable_event_sync_subscriber 0], buffer id = 1
I0827 01:11:49.848924 1773648 cosine_bus_message_buffer.cpp:45] [cosine_internal][CosineBusMessageBuffer] create buffer success. name:bus_buffer___gdk__config_response, type:genie_msgs.msg.pb.CommonResponse, size:5
I0827 01:11:49.849082 1773648 node_impl.cc:344] [aorta]CreateSubscriber topic:/gdk/config_response, uid:c2ea04ed-533c-4a2d-b308-88563aeb56fa-9533047780102618842 topic_uid:-1
I0827 01:11:49.849654 1773648 aorta_component.cpp:326] [cosine_internal][AortaComponent] aorta node create subscriber. node: python3.10_S1, topic:/gdk/config_response, type:genie_msgs.msg.pb.CommonResponse, qos:(history:1, depth:5, reliability:1, durability:2), uri:http://10.42.0.101:2379
I0827 01:11:49.849673 1773648 aorta_subscriber.hpp:96] [cosine_internal][AortaSubscriber] initial. topic:/gdk/config_response, uri:
I0827 01:11:49.849691 1773648 cosine_bus_manager.cpp:400] [cosine_internal][CosineBusManager] create subscriber. topic name:/gdk/camera_conf_response , middleware:aorta , need async callback:0, frame_skip_rate:1
I0827 01:11:49.849700 1773648 aorta_component.cpp:174] [cosine_internal][AortaComponent] callback_name:/gdk/camera_conf_responsehttp://10.42.0.101:2379
I0827 01:11:49.849758 1773648 buffered_data_export.cpp:115] [cosine_internal]successfully create buffer [bus_buffer___gdk__camera_conf_response, type genie_msgs.msg.pb.CommonResponse, block num 5, valid_time 0, transfer_type 0, data_size 0, mem_type 0, lib_name , ext_data_size 0, is_protobuf 1, enable_event_sync_subscriber 0], buffer id = 2
I0827 01:11:49.849776 1773648 cosine_bus_message_buffer.cpp:45] [cosine_internal][CosineBusMessageBuffer] create buffer success. name:bus_buffer___gdk__camera_conf_response, type:genie_msgs.msg.pb.CommonResponse, size:5
I0827 01:11:49.849862 1773648 node_impl.cc:344] [aorta]CreateSubscriber topic:/gdk/camera_conf_response, uid:1f1757a5-6bab-4225-9705-db871de389cd-3551884323222435368 topic_uid:-1
I0827 01:11:49.850252 1773648 aorta_component.cpp:326] [cosine_internal][AortaComponent] aorta node create subscriber. node: python3.10_S1, topic:/gdk/camera_conf_response, type:genie_msgs.msg.pb.CommonResponse, qos:(history:1, depth:5, reliability:1, durability:2), uri:http://10.42.0.101:2379
I0827 01:11:49.850922 1773772 centralized_discovery.cc:681] [aorta]publisher uid:08af5c11-2ad1-441c-9ca8-b552eaa2b2c3-9117180461459404870 topic:/gdk/camera_conf_request
I0827 01:11:49.850265 1773648 aorta_subscriber.hpp:96] [cosine_internal][AortaSubscriber] initial. topic:/gdk/camera_conf_response, uri:
I0827 01:11:49.853345 1773772 centralized_discovery.cc:733] [aorta]subscriber uid:c2ea04ed-533c-4a2d-b308-88563aeb56fa-9533047780102618842 topic:/gdk/config_response
I0827 01:11:49.854060 1773648 cosine_bus_manager.cpp:400] [cosine_internal][CosineBusManager] create subscriber. topic name:/pnc/task_state , middleware:aorta , need async callback:0, frame_skip_rate:1
I0827 01:11:49.854087 1773648 aorta_component.cpp:174] [cosine_internal][AortaComponent] callback_name:/pnc/task_statehttp://10.42.0.101:2379
I0827 01:11:49.854717 1773648 buffered_data_export.cpp:115] [cosine_internal]successfully create buffer [bus_buffer___pnc__task_state, type pnc_msgs.TaskState, block num 5, valid_time 0, transfer_type 0, data_size 0, mem_type 0, lib_name , ext_data_size 0, is_protobuf 1, enable_event_sync_subscriber 0], buffer id = 3
I0827 01:11:49.854741 1773648 cosine_bus_message_buffer.cpp:45] [cosine_internal][CosineBusMessageBuffer] create buffer success. name:bus_buffer___pnc__task_state, type:pnc_msgs.TaskState, size:5
I0827 01:11:49.854866 1773648 node_impl.cc:344] [aorta]CreateSubscriber topic:/pnc/task_state, uid:81fe46b1-3b05-4096-b549-118345876764-9096530589114119892 topic_uid:-1
I0827 01:11:49.855293 1773648 aorta_component.cpp:326] [cosine_internal][AortaComponent] aorta node create subscriber. node: python3.10_S1, topic:/pnc/task_state, type:pnc_msgs.TaskState, qos:(history:1, depth:5, reliability:1, durability:2), uri:http://10.42.0.101:2379
I0827 01:11:49.855276 1773826 shm_subscriber.cc:120] [aorta]subscriber connect to publisher success, topic /gdk/config_response, local d2379|python3.10|p1773648|n0|s0|c0, peer d2379|gdk_service|p8963|n0|/gdk/config_response|p0
I0827 01:11:49.855307 1773648 aorta_subscriber.hpp:96] [cosine_internal][AortaSubscriber] initial. topic:/pnc/task_state, uri:
I0827 01:11:49.855340 1773648 cosine_bus_manager.cpp:400] [cosine_internal][CosineBusManager] create subscriber. topic name:/pnc/task_service/normal_navigation/response , middleware:aorta , need async callback:0, frame_skip_rate:1
I0827 01:11:49.855351 1773648 aorta_component.cpp:174] [cosine_internal][AortaComponent] callback_name:/pnc/task_service/normal_navigation/responsehttp://10.42.0.101:2379
I0827 01:11:49.855387 1773772 centralized_discovery.cc:733] [aorta]subscriber uid:1f1757a5-6bab-4225-9705-db871de389cd-3551884323222435368 topic:/gdk/camera_conf_response
I0827 01:11:49.855401 1773648 buffered_data_export.cpp:115] [cosine_internal]successfully create buffer [bus_buffer___pnc__task_service__normal_navigation__response, type pnc_msgs.NormalNavigationResponse, block num 5, valid_time 0, transfer_type 0, data_size 0, mem_type 0, lib_name , ext_data_size 0, is_protobuf 1, enable_event_sync_subscriber 0], buffer id = 4
I0827 01:11:49.855417 1773648 cosine_bus_message_buffer.cpp:45] [cosine_internal][CosineBusMessageBuffer] create buffer success. name:bus_buffer___pnc__task_service__normal_navigation__response, type:pnc_msgs.NormalNavigationResponse, size:5
I0827 01:11:49.855511 1773648 node_impl.cc:344] [aorta]CreateSubscriber topic:/pnc/task_service/normal_navigation/response, uid:ff571228-2e00-4c3a-8499-8c325a595b06-7227396448010854466 topic_uid:-1
I0827 01:11:49.855901 1773648 aorta_component.cpp:326] [cosine_internal][AortaComponent] aorta node create subscriber. node: python3.10_S1, topic:/pnc/task_service/normal_navigation/response, type:pnc_msgs.NormalNavigationResponse, qos:(history:1, depth:5, reliability:1, durability:2), uri:http://10.42.0.101:2379
I0827 01:11:49.855914 1773648 aorta_subscriber.hpp:96] [cosine_internal][AortaSubscriber] initial. topic:/pnc/task_service/normal_navigation/response, uri:
I0827 01:11:49.855930 1773648 cosine_bus_manager.cpp:400] [cosine_internal][CosineBusManager] create subscriber. topic name:/pnc/task_service/high_precision_navigation/response , middleware:aorta , need async callback:0, frame_skip_rate:1
I0827 01:11:49.855938 1773648 aorta_component.cpp:174] [cosine_internal][AortaComponent] callback_name:/pnc/task_service/high_precision_navigation/responsehttp://10.42.0.101:2379
I0827 01:11:49.855978 1773648 buffered_data_export.cpp:115] [cosine_internal]successfully create buffer [bus_buffer___pnc__task_service__high_precision_navigation__response, type pnc_msgs.HighPrecisionNavigationResponse, block num 5, valid_time 0, transfer_type 0, data_size 0, mem_type 0, lib_name , ext_data_size 0, is_protobuf 1, enable_event_sync_subscriber 0], buffer id = 5
I0827 01:11:49.855991 1773648 cosine_bus_message_buffer.cpp:45] [cosine_internal][CosineBusMessageBuffer] create buffer success. name:bus_buffer___pnc__task_service__high_precision_navigation__response, type:pnc_msgs.HighPrecisionNavigationResponse, size:5
I0827 01:11:49.856070 1773648 node_impl.cc:344] [aorta]CreateSubscriber topic:/pnc/task_service/high_precision_navigation/response, uid:3aec15da-5751-4173-aa06-f22c3418290e-4701876173029784314 topic_uid:-1
I0827 01:11:49.856422 1773826 shm_subscriber.cc:120] [aorta]subscriber connect to publisher success, topic /gdk/camera_conf_response, local d2379|python3.10|p1773648|n0|s1|c0, peer d2379|gdk_service|p8963|n0|/gdk/camera_conf_response|p1
I0827 01:11:49.856469 1773648 aorta_component.cpp:326] [cosine_internal][AortaComponent] aorta node create subscriber. node: python3.10_S1, topic:/pnc/task_service/high_precision_navigation/response, type:pnc_msgs.HighPrecisionNavigationResponse, qos:(history:1, depth:5, reliability:1, durability:2), uri:http://10.42.0.101:2379
I0827 01:11:49.856480 1773648 aorta_subscriber.hpp:96] [cosine_internal][AortaSubscriber] initial. topic:/pnc/task_service/high_precision_navigation/response, uri:
I0827 01:11:49.856494 1773648 cosine_bus_manager.cpp:400] [cosine_internal][CosineBusManager] create subscriber. topic name:/pnc/task_service/relative_move/response , middleware:aorta , need async callback:0, frame_skip_rate:1
I0827 01:11:49.856503 1773648 aorta_component.cpp:174] [cosine_internal][AortaComponent] callback_name:/pnc/task_service/relative_move/responsehttp://10.42.0.101:2379
I0827 01:11:49.856505 1773772 centralized_discovery.cc:733] [aorta]subscriber uid:81fe46b1-3b05-4096-b549-118345876764-9096530589114119892 topic:/pnc/task_state
I0827 01:11:49.856544 1773648 buffered_data_export.cpp:115] [cosine_internal]successfully create buffer [bus_buffer___pnc__task_service__relative_move__response, type pnc_msgs.RelativeMoveResponse, block num 5, valid_time 0, transfer_type 0, data_size 0, mem_type 0, lib_name , ext_data_size 0, is_protobuf 1, enable_event_sync_subscriber 0], buffer id = 6
I0827 01:11:49.856557 1773648 cosine_bus_message_buffer.cpp:45] [cosine_internal][CosineBusMessageBuffer] create buffer success. name:bus_buffer___pnc__task_service__relative_move__response, type:pnc_msgs.RelativeMoveResponse, size:5
I0827 01:11:49.856630 1773648 node_impl.cc:344] [aorta]CreateSubscriber topic:/pnc/task_service/relative_move/response, uid:e8d7f5a5-756c-472b-9731-236c15c876c8-4077207897147431090 topic_uid:-1
I0827 01:11:49.857033 1773648 aorta_component.cpp:326] [cosine_internal][AortaComponent] aorta node create subscriber. node: python3.10_S1, topic:/pnc/task_service/relative_move/response, type:pnc_msgs.RelativeMoveResponse, qos:(history:1, depth:5, reliability:1, durability:2), uri:http://10.42.0.101:2379
I0827 01:11:49.857044 1773648 aorta_subscriber.hpp:96] [cosine_internal][AortaSubscriber] initial. topic:/pnc/task_service/relative_move/response, uri:
I0827 01:11:49.857281 1773648 cosine_bus_manager.cpp:400] [cosine_internal][CosineBusManager] create subscriber. topic name:/pnc/task_service/task_cancel/response , middleware:aorta , need async callback:0, frame_skip_rate:1
I0827 01:11:49.857299 1773648 aorta_component.cpp:174] [cosine_internal][AortaComponent] callback_name:/pnc/task_service/task_cancel/responsehttp://10.42.0.101:2379
I0827 01:11:49.857347 1773648 buffered_data_export.cpp:115] [cosine_internal]successfully create buffer [bus_buffer___pnc__task_service__task_cancel__response, type pnc_msgs.TaskCancelResponse, block num 5, valid_time 0, transfer_type 0, data_size 0, mem_type 0, lib_name , ext_data_size 0, is_protobuf 1, enable_event_sync_subscriber 0], buffer id = 7
I0827 01:11:49.857370 1773648 cosine_bus_message_buffer.cpp:45] [cosine_internal][CosineBusMessageBuffer] create buffer success. name:bus_buffer___pnc__task_service__task_cancel__response, type:pnc_msgs.TaskCancelResponse, size:5
I0827 01:11:49.857455 1773648 node_impl.cc:344] [aorta]CreateSubscriber topic:/pnc/task_service/task_cancel/response, uid:0dc8c75a-50f3-4016-b13d-7508406b352c-3654631836754090917 topic_uid:-1
I0827 01:11:49.857457 1773826 shm_subscriber.cc:120] [aorta]subscriber connect to publisher success, topic /pnc/task_state, local d2379|python3.10|p1773648|n0|s2|c0, peer d2379|quark_navigation|p1404594|n0|/pnc/task_state|p24
I0827 01:11:49.857515 1773772 centralized_discovery.cc:733] [aorta]subscriber uid:ff571228-2e00-4c3a-8499-8c325a595b06-7227396448010854466 topic:/pnc/task_service/normal_navigation/response
I0827 01:11:49.857853 1773648 aorta_component.cpp:326] [cosine_internal][AortaComponent] aorta node create subscriber. node: python3.10_S1, topic:/pnc/task_service/task_cancel/response, type:pnc_msgs.TaskCancelResponse, qos:(history:1, depth:5, reliability:1, durability:2), uri:http://10.42.0.101:2379
I0827 01:11:49.857864 1773648 aorta_subscriber.hpp:96] [cosine_internal][AortaSubscriber] initial. topic:/pnc/task_service/task_cancel/response, uri:
I0827 01:11:49.857878 1773648 cosine_bus_manager.cpp:400] [cosine_internal][CosineBusManager] create subscriber. topic name:/pnc/task_service/task_pause/response , middleware:aorta , need async callback:0, frame_skip_rate:1
I0827 01:11:49.857885 1773648 aorta_component.cpp:174] [cosine_internal][AortaComponent] callback_name:/pnc/task_service/task_pause/responsehttp://10.42.0.101:2379
I0827 01:11:49.857923 1773648 buffered_data_export.cpp:115] [cosine_internal]successfully create buffer [bus_buffer___pnc__task_service__task_pause__response, type pnc_msgs.TaskPauseResponse, block num 5, valid_time 0, transfer_type 0, data_size 0, mem_type 0, lib_name , ext_data_size 0, is_protobuf 1, enable_event_sync_subscriber 0], buffer id = 8
I0827 01:11:49.857941 1773648 cosine_bus_message_buffer.cpp:45] [cosine_internal][CosineBusMessageBuffer] create buffer success. name:bus_buffer___pnc__task_service__task_pause__response, type:pnc_msgs.TaskPauseResponse, size:5
I0827 01:11:49.858009 1773648 node_impl.cc:344] [aorta]CreateSubscriber topic:/pnc/task_service/task_pause/response, uid:ff0e9f5c-302f-433b-b784-ab4508158513-4995236092065324733 topic_uid:-1
I0827 01:11:49.858325 1773826 shm_subscriber.cc:120] [aorta]subscriber connect to publisher success, topic /pnc/task_service/normal_navigation/response, local d2379|python3.10|p1773648|n0|s3|c0, peer d2379|quark_navigation|p1404594|n0|..ask_service/normal_navigation/response|p11
I0827 01:11:49.858389 1773772 centralized_discovery.cc:733] [aorta]subscriber uid:3aec15da-5751-4173-aa06-f22c3418290e-4701876173029784314 topic:/pnc/task_service/high_precision_navigation/response
I0827 01:11:49.858399 1773648 aorta_component.cpp:326] [cosine_internal][AortaComponent] aorta node create subscriber. node: python3.10_S1, topic:/pnc/task_service/task_pause/response, type:pnc_msgs.TaskPauseResponse, qos:(history:1, depth:5, reliability:1, durability:2), uri:http://10.42.0.101:2379
I0827 01:11:49.858409 1773648 aorta_subscriber.hpp:96] [cosine_internal][AortaSubscriber] initial. topic:/pnc/task_service/task_pause/response, uri:
I0827 01:11:49.858420 1773648 cosine_bus_manager.cpp:400] [cosine_internal][CosineBusManager] create subscriber. topic name:/pnc/task_service/task_resume/response , middleware:aorta , need async callback:0, frame_skip_rate:1
I0827 01:11:49.858426 1773648 aorta_component.cpp:174] [cosine_internal][AortaComponent] callback_name:/pnc/task_service/task_resume/responsehttp://10.42.0.101:2379
I0827 01:11:49.858777 1773648 buffered_data_export.cpp:115] [cosine_internal]successfully create buffer [bus_buffer___pnc__task_service__task_resume__response, type pnc_msgs.TaskResumeResponse, block num 5, valid_time 0, transfer_type 0, data_size 0, mem_type 0, lib_name , ext_data_size 0, is_protobuf 1, enable_event_sync_subscriber 0], buffer id = 9
I0827 01:11:49.858798 1773648 cosine_bus_message_buffer.cpp:45] [cosine_internal][CosineBusMessageBuffer] create buffer success. name:bus_buffer___pnc__task_service__task_resume__response, type:pnc_msgs.TaskResumeResponse, size:5
I0827 01:11:49.858883 1773648 node_impl.cc:344] [aorta]CreateSubscriber topic:/pnc/task_service/task_resume/response, uid:06db4546-8cab-47f9-bbcc-26e86c1af531-16859347558940246081 topic_uid:-1
I0827 01:11:49.859256 1773826 shm_subscriber.cc:120] [aorta]subscriber connect to publisher success, topic /pnc/task_service/high_precision_navigation/response, local d2379|python3.10|p1773648|n0|s4|c0, peer d2379|quark_navigation|p1404594|n0|..ice/high_precision_navigation/response|p12
I0827 01:11:49.859299 1773648 aorta_component.cpp:326] [cosine_internal][AortaComponent] aorta node create subscriber. node: python3.10_S1, topic:/pnc/task_service/task_resume/response, type:pnc_msgs.TaskResumeResponse, qos:(history:1, depth:5, reliability:1, durability:2), uri:http://10.42.0.101:2379
I0827 01:11:49.859310 1773648 aorta_subscriber.hpp:96] [cosine_internal][AortaSubscriber] initial. topic:/pnc/task_service/task_resume/response, uri:
I0827 01:11:49.859326 1773648 cosine_bus_manager.cpp:400] [cosine_internal][CosineBusManager] create subscriber. topic name:/pnc/task_service/remote_control/response , middleware:aorta , need async callback:0, frame_skip_rate:1
I0827 01:11:49.859333 1773648 aorta_component.cpp:174] [cosine_internal][AortaComponent] callback_name:/pnc/task_service/remote_control/responsehttp://10.42.0.101:2379
I0827 01:11:49.859371 1773648 buffered_data_export.cpp:115] [cosine_internal]successfully create buffer [bus_buffer___pnc__task_service__remote_control__response, type pnc_msgs.RemoteControlResponse, block num 5, valid_time 0, transfer_type 0, data_size 0, mem_type 0, lib_name , ext_data_size 0, is_protobuf 1, enable_event_sync_subscriber 0], buffer id = 10
I0827 01:11:49.859383 1773648 cosine_bus_message_buffer.cpp:45] [cosine_internal][CosineBusMessageBuffer] create buffer success. name:bus_buffer___pnc__task_service__remote_control__response, type:pnc_msgs.RemoteControlResponse, size:5
I0827 01:11:49.859406 1773772 centralized_discovery.cc:733] [aorta]subscriber uid:e8d7f5a5-756c-472b-9731-236c15c876c8-4077207897147431090 topic:/pnc/task_service/relative_move/response
I0827 01:11:49.859457 1773648 node_impl.cc:344] [aorta]CreateSubscriber topic:/pnc/task_service/remote_control/response, uid:a20bb52d-e330-4ddf-9759-a7a0e014530a-11583863028842959166 topic_uid:-1
I0827 01:11:49.860273 1773648 aorta_component.cpp:326] [cosine_internal][AortaComponent] aorta node create subscriber. node: python3.10_S1, topic:/pnc/task_service/remote_control/response, type:pnc_msgs.RemoteControlResponse, qos:(history:1, depth:5, reliability:1, durability:2), uri:http://10.42.0.101:2379
I0827 01:11:49.860292 1773648 aorta_subscriber.hpp:96] [cosine_internal][AortaSubscriber] initial. topic:/pnc/task_service/remote_control/response, uri:
I0827 01:11:49.860333 1773648 cosine_bus_manager.cpp:294] [cosine_internal][CosineBusManager] create publisher. topic name:/pnc/task_service/normal_navigation/request , middleware:aorta
I0827 01:11:49.860564 1773826 shm_subscriber.cc:120] [aorta]subscriber connect to publisher success, topic /pnc/task_service/relative_move/response, local d2379|python3.10|p1773648|n0|s5|c0, peer d2379|quark_navigation|p1404594|n0|/pnc/task_service/relative_move/response|p15
I0827 01:11:49.860620 1773772 centralized_discovery.cc:733] [aorta]subscriber uid:0dc8c75a-50f3-4016-b13d-7508406b352c-3654631836754090917 topic:/pnc/task_service/task_cancel/response
I0827 01:11:49.860754 1773648 tcp_publisher.cc:179] [aorta]topic /pnc/task_service/normal_navigation/request, pub_queue_size_ 5, latch_queue_size_ 0
I0827 01:11:49.860920 1773825 tcp_socket_server.cc:200] [aorta]The ip info is0.0.0.0:39533
I0827 01:11:49.861013 1773825 shm_socket_server.cc:101] [aorta][/pnc/task_service/normal_navigation/request] bind at pipe sock name d2379|python3.10|p1773648|n0|..task_service/normal_navigation/request|p2
I0827 01:11:49.861091 1773648 node_impl.cc:198] [aorta]CreatePublisher, host:0.0.0.0, port:39533, sockname:d2379|python3.10|p1773648|n0|..task_service/normal_navigation/request|p2, topic:/pnc/task_service/normal_navigation/request, uid:4ad2cf46-bf8b-4c54-9480-4c205976e5b3-11863888217293896894 topic_uid:-1
I0827 01:11:49.861112 1773648 aorta_component.cpp:394] [cosine_internal][AortaComponent] aorta node create publisher. node: python3.10_S1, topic:/pnc/task_service/normal_navigation/request, type:pnc_msgs.NormalNavigationRequest, qos:(history:1, depth:5, reliability:1, durability:2), uri:http://10.42.0.101:2379
I0827 01:11:49.861150 1773648 aorta_publisher.cpp:119] [cosine_internal][AortaPublisher] publisher initialize. topic:/pnc/task_service/normal_navigation/request, uri:
I0827 01:11:49.861158 1773648 publisher.cpp:27] [GDK]create publisher: /pnc/task_service/normal_navigation/request type: pnc_msgs.NormalNavigationRequest qos: 1 1 5 2
I0827 01:11:49.861179 1773648 cosine_bus_manager.cpp:294] [cosine_internal][CosineBusManager] create publisher. topic name:/pnc/task_service/high_precision_navigation/request , middleware:aorta
I0827 01:11:49.861464 1773826 shm_subscriber.cc:120] [aorta]subscriber connect to publisher success, topic /pnc/task_service/task_cancel/response, local d2379|python3.10|p1773648|n0|s6|c0, peer d2379|quark_navigation|p1404594|n0|/pnc/task_service/task_cancel/response|p17
I0827 01:11:49.861521 1773772 centralized_discovery.cc:733] [aorta]subscriber uid:ff0e9f5c-302f-433b-b784-ab4508158513-4995236092065324733 topic:/pnc/task_service/task_pause/response
I0827 01:11:49.861624 1773648 tcp_publisher.cc:179] [aorta]topic /pnc/task_service/high_precision_navigation/request, pub_queue_size_ 5, latch_queue_size_ 0
I0827 01:11:49.861678 1773825 tcp_socket_server.cc:200] [aorta]The ip info is0.0.0.0:45629
I0827 01:11:49.861752 1773825 shm_socket_server.cc:101] [aorta][/pnc/task_service/high_precision_navigation/request] bind at pipe sock name d2379|python3.10|p1773648|n0|..vice/high_precision_navigation/request|p3
I0827 01:11:49.861820 1773648 node_impl.cc:198] [aorta]CreatePublisher, host:0.0.0.0, port:45629, sockname:d2379|python3.10|p1773648|n0|..vice/high_precision_navigation/request|p3, topic:/pnc/task_service/high_precision_navigation/request, uid:ff4bcd9e-a94e-47c6-8ea7-bc7f54bf76c4-13581583299462652003 topic_uid:-1
I0827 01:11:49.861840 1773648 aorta_component.cpp:394] [cosine_internal][AortaComponent] aorta node create publisher. node: python3.10_S1, topic:/pnc/task_service/high_precision_navigation/request, type:pnc_msgs.HighPrecisionNavigationRequest, qos:(history:1, depth:5, reliability:1, durability:2), uri:http://10.42.0.101:2379
I0827 01:11:49.861871 1773648 aorta_publisher.cpp:119] [cosine_internal][AortaPublisher] publisher initialize. topic:/pnc/task_service/high_precision_navigation/request, uri:
I0827 01:11:49.861879 1773648 publisher.cpp:27] [GDK]create publisher: /pnc/task_service/high_precision_navigation/request type: pnc_msgs.HighPrecisionNavigationRequest qos: 1 1 5 2
I0827 01:11:49.861897 1773648 cosine_bus_manager.cpp:294] [cosine_internal][CosineBusManager] create publisher. topic name:/pnc/task_service/relative_move/request , middleware:aorta
I0827 01:11:49.862389 1773826 shm_subscriber.cc:120] [aorta]subscriber connect to publisher success, topic /pnc/task_service/task_pause/response, local d2379|python3.10|p1773648|n0|s7|c0, peer d2379|quark_navigation|p1404594|n0|/pnc/task_service/task_pause/response|p18
I0827 01:11:49.862453 1773772 centralized_discovery.cc:733] [aorta]subscriber uid:06db4546-8cab-47f9-bbcc-26e86c1af531-16859347558940246081 topic:/pnc/task_service/task_resume/response
I0827 01:11:49.862972 1773648 tcp_publisher.cc:179] [aorta]topic /pnc/task_service/relative_move/request, pub_queue_size_ 5, latch_queue_size_ 0
I0827 01:11:49.863063 1773825 tcp_socket_server.cc:200] [aorta]The ip info is0.0.0.0:39921
I0827 01:11:49.863150 1773825 shm_socket_server.cc:101] [aorta][/pnc/task_service/relative_move/request] bind at pipe sock name d2379|python3.10|p1773648|n0|/pnc/task_service/relative_move/request|p4
I0827 01:11:49.863237 1773648 node_impl.cc:198] [aorta]CreatePublisher, host:0.0.0.0, port:39921, sockname:d2379|python3.10|p1773648|n0|/pnc/task_service/relative_move/request|p4, topic:/pnc/task_service/relative_move/request, uid:f3b72ef2-ec8e-4b7c-a258-beffd52da8b6-1499998713038698463 topic_uid:-1
I0827 01:11:49.863268 1773648 aorta_component.cpp:394] [cosine_internal][AortaComponent] aorta node create publisher. node: python3.10_S1, topic:/pnc/task_service/relative_move/request, type:pnc_msgs.RelativeMoveRequest, qos:(history:1, depth:5, reliability:1, durability:2), uri:http://10.42.0.101:2379
I0827 01:11:49.863307 1773648 aorta_publisher.cpp:119] [cosine_internal][AortaPublisher] publisher initialize. topic:/pnc/task_service/relative_move/request, uri:
I0827 01:11:49.863318 1773648 publisher.cpp:27] [GDK]create publisher: /pnc/task_service/relative_move/request type: pnc_msgs.RelativeMoveRequest qos: 1 1 5 2
I0827 01:11:49.863350 1773648 cosine_bus_manager.cpp:294] [cosine_internal][CosineBusManager] create publisher. topic name:/pnc/task_service/task_cancel/request , middleware:aorta
I0827 01:11:49.863631 1773826 shm_subscriber.cc:120] [aorta]subscriber connect to publisher success, topic /pnc/task_service/task_resume/response, local d2379|python3.10|p1773648|n0|s8|c0, peer d2379|quark_navigation|p1404594|n0|/pnc/task_service/task_resume/response|p19
I0827 01:11:49.863806 1773648 tcp_publisher.cc:179] [aorta]topic /pnc/task_service/task_cancel/request, pub_queue_size_ 5, latch_queue_size_ 0
I0827 01:11:49.863859 1773825 tcp_socket_server.cc:200] [aorta]The ip info is0.0.0.0:33087
I0827 01:11:49.863921 1773825 shm_socket_server.cc:101] [aorta][/pnc/task_service/task_cancel/request] bind at pipe sock name d2379|python3.10|p1773648|n0|/pnc/task_service/task_cancel/request|p5
I0827 01:11:49.864027 1773772 centralized_discovery.cc:733] [aorta]subscriber uid:a20bb52d-e330-4ddf-9759-a7a0e014530a-11583863028842959166 topic:/pnc/task_service/remote_control/response
I0827 01:11:49.864184 1773648 node_impl.cc:198] [aorta]CreatePublisher, host:0.0.0.0, port:33087, sockname:d2379|python3.10|p1773648|n0|/pnc/task_service/task_cancel/request|p5, topic:/pnc/task_service/task_cancel/request, uid:26ed79d1-62d9-4eb8-8a6c-24cf56a9a5b0-10250913672907467700 topic_uid:-1
I0827 01:11:49.864207 1773648 aorta_component.cpp:394] [cosine_internal][AortaComponent] aorta node create publisher. node: python3.10_S1, topic:/pnc/task_service/task_cancel/request, type:pnc_msgs.TaskCancelRequest, qos:(history:1, depth:5, reliability:1, durability:2), uri:http://10.42.0.101:2379
I0827 01:11:49.864243 1773648 aorta_publisher.cpp:119] [cosine_internal][AortaPublisher] publisher initialize. topic:/pnc/task_service/task_cancel/request, uri:
I0827 01:11:49.864252 1773648 publisher.cpp:27] [GDK]create publisher: /pnc/task_service/task_cancel/request type: pnc_msgs.TaskCancelRequest qos: 1 1 5 2
I0827 01:11:49.864271 1773648 cosine_bus_manager.cpp:294] [cosine_internal][CosineBusManager] create publisher. topic name:/pnc/task_service/task_pause/request , middleware:aorta
I0827 01:11:49.864699 1773648 tcp_publisher.cc:179] [aorta]topic /pnc/task_service/task_pause/request, pub_queue_size_ 5, latch_queue_size_ 0
I0827 01:11:49.864782 1773825 tcp_socket_server.cc:200] [aorta]The ip info is0.0.0.0:41767
I0827 01:11:49.864848 1773825 shm_socket_server.cc:101] [aorta][/pnc/task_service/task_pause/request] bind at pipe sock name d2379|python3.10|p1773648|n0|/pnc/task_service/task_pause/request|p6
I0827 01:11:49.864899 1773648 node_impl.cc:198] [aorta]CreatePublisher, host:0.0.0.0, port:41767, sockname:d2379|python3.10|p1773648|n0|/pnc/task_service/task_pause/request|p6, topic:/pnc/task_service/task_pause/request, uid:ca85a1ce-f839-4765-8d2c-07bb3ee3e204-2366368184012060648 topic_uid:-1
I0827 01:11:49.864916 1773648 aorta_component.cpp:394] [cosine_internal][AortaComponent] aorta node create publisher. node: python3.10_S1, topic:/pnc/task_service/task_pause/request, type:pnc_msgs.TaskPauseRequest, qos:(history:1, depth:5, reliability:1, durability:2), uri:http://10.42.0.101:2379
I0827 01:11:49.864945 1773648 aorta_publisher.cpp:119] [cosine_internal][AortaPublisher] publisher initialize. topic:/pnc/task_service/task_pause/request, uri:
I0827 01:11:49.864951 1773648 publisher.cpp:27] [GDK]create publisher: /pnc/task_service/task_pause/request type: pnc_msgs.TaskPauseRequest qos: 1 1 5 2
I0827 01:11:49.864966 1773648 cosine_bus_manager.cpp:294] [cosine_internal][CosineBusManager] create publisher. topic name:/pnc/task_service/task_resume/request , middleware:aorta
I0827 01:11:49.865324 1773826 shm_subscriber.cc:120] [aorta]subscriber connect to publisher success, topic /pnc/task_service/remote_control/response, local d2379|python3.10|p1773648|n0|s9|c0, peer d2379|quark_navigation|p1404594|n0|..c/task_service/remote_control/response|p16
I0827 01:11:49.865373 1773648 tcp_publisher.cc:179] [aorta]topic /pnc/task_service/task_resume/request, pub_queue_size_ 5, latch_queue_size_ 0
I0827 01:11:49.865387 1773772 centralized_discovery.cc:681] [aorta]publisher uid:4ad2cf46-bf8b-4c54-9480-4c205976e5b3-11863888217293896894 topic:/pnc/task_service/normal_navigation/request
I0827 01:11:49.865422 1773825 tcp_socket_server.cc:200] [aorta]The ip info is0.0.0.0:45957
I0827 01:11:49.865479 1773825 shm_socket_server.cc:101] [aorta][/pnc/task_service/task_resume/request] bind at pipe sock name d2379|python3.10|p1773648|n0|/pnc/task_service/task_resume/request|p7
I0827 01:11:49.865545 1773648 node_impl.cc:198] [aorta]CreatePublisher, host:0.0.0.0, port:45957, sockname:d2379|python3.10|p1773648|n0|/pnc/task_service/task_resume/request|p7, topic:/pnc/task_service/task_resume/request, uid:d018282d-3772-4626-a807-22caec4ec502-18204958959141007063 topic_uid:-1
I0827 01:11:49.865561 1773648 aorta_component.cpp:394] [cosine_internal][AortaComponent] aorta node create publisher. node: python3.10_S1, topic:/pnc/task_service/task_resume/request, type:pnc_msgs.TaskResumeRequest, qos:(history:1, depth:5, reliability:1, durability:2), uri:http://10.42.0.101:2379
I0827 01:11:49.865590 1773648 aorta_publisher.cpp:119] [cosine_internal][AortaPublisher] publisher initialize. topic:/pnc/task_service/task_resume/request, uri:
I0827 01:11:49.865597 1773648 publisher.cpp:27] [GDK]create publisher: /pnc/task_service/task_resume/request type: pnc_msgs.TaskResumeRequest qos: 1 1 5 2
I0827 01:11:49.865726 1773648 cosine_bus_manager.cpp:294] [cosine_internal][CosineBusManager] create publisher. topic name:/pnc/remote_control_cmd , middleware:aorta
I0827 01:11:49.866158 1773648 tcp_publisher.cc:179] [aorta]topic /pnc/remote_control_cmd, pub_queue_size_ 5, latch_queue_size_ 0
I0827 01:11:49.866230 1773825 tcp_socket_server.cc:200] [aorta]The ip info is0.0.0.0:38341
I0827 01:11:49.866300 1773825 shm_socket_server.cc:101] [aorta][/pnc/remote_control_cmd] bind at pipe sock name d2379|python3.10|p1773648|n0|/pnc/remote_control_cmd|p8
I0827 01:11:49.866370 1773648 node_impl.cc:198] [aorta]CreatePublisher, host:0.0.0.0, port:38341, sockname:d2379|python3.10|p1773648|n0|/pnc/remote_control_cmd|p8, topic:/pnc/remote_control_cmd, uid:f9b90312-860b-4b5d-b281-876964b46258-2921114360754287628 topic_uid:-1
I0827 01:11:49.866389 1773648 aorta_component.cpp:394] [cosine_internal][AortaComponent] aorta node create publisher. node: python3.10_S1, topic:/pnc/remote_control_cmd, type:geometry_msgs.msg.pb.TwistStamped, qos:(history:1, depth:5, reliability:1, durability:2), uri:http://10.42.0.101:2379
I0827 01:11:49.867329 1773772 centralized_discovery.cc:681] [aorta]publisher uid:ff4bcd9e-a94e-47c6-8ea7-bc7f54bf76c4-13581583299462652003 topic:/pnc/task_service/high_precision_navigation/request
I0827 01:11:49.867635 1773648 aorta_publisher.cpp:119] [cosine_internal][AortaPublisher] publisher initialize. topic:/pnc/remote_control_cmd, uri:
I0827 01:11:49.867660 1773648 publisher.cpp:27] [GDK]create publisher: /pnc/remote_control_cmd type: geometry_msgs.msg.pb.TwistStamped qos: 1 1 5 2
I0827 01:11:49.867697 1773648 cosine_bus_manager.cpp:294] [cosine_internal][CosineBusManager] create publisher. topic name:/pnc/task_service/remote_control/request , middleware:aorta
I0827 01:11:49.868383 1773648 tcp_publisher.cc:179] [aorta]topic /pnc/task_service/remote_control/request, pub_queue_size_ 5, latch_queue_size_ 0
I0827 01:11:49.868449 1773825 tcp_socket_server.cc:200] [aorta]The ip info is0.0.0.0:46785
I0827 01:11:49.868557 1773825 shm_socket_server.cc:101] [aorta][/pnc/task_service/remote_control/request] bind at pipe sock name d2379|python3.10|p1773648|n0|/pnc/task_service/remote_control/request|p9
I0827 01:11:49.868649 1773648 node_impl.cc:198] [aorta]CreatePublisher, host:0.0.0.0, port:46785, sockname:d2379|python3.10|p1773648|n0|/pnc/task_service/remote_control/request|p9, topic:/pnc/task_service/remote_control/request, uid:af55728b-3242-4199-862d-7edfff632faf-10398465225129759782 topic_uid:-1
I0827 01:11:49.868673 1773648 aorta_component.cpp:394] [cosine_internal][AortaComponent] aorta node create publisher. node: python3.10_S1, topic:/pnc/task_service/remote_control/request, type:pnc_msgs.RemoteControlRequest, qos:(history:1, depth:5, reliability:1, durability:2), uri:http://10.42.0.101:2379
I0827 01:11:49.869040 1773772 centralized_discovery.cc:681] [aorta]publisher uid:f3b72ef2-ec8e-4b7c-a258-beffd52da8b6-1499998713038698463 topic:/pnc/task_service/relative_move/request
I0827 01:11:49.870029 1773648 aorta_publisher.cpp:119] [cosine_internal][AortaPublisher] publisher initialize. topic:/pnc/task_service/remote_control/request, uri:
I0827 01:11:49.870052 1773648 publisher.cpp:27] [GDK]create publisher: /pnc/task_service/remote_control/request type: pnc_msgs.RemoteControlRequest qos: 1 1 5 2
I0827 01:11:49.870152 1773648 cosine_bus_manager.cpp:400] [cosine_internal][CosineBusManager] create subscriber. topic name:/slam/odom , middleware:aorta , need async callback:0, frame_skip_rate:1
I0827 01:11:49.870167 1773648 aorta_component.cpp:174] [cosine_internal][AortaComponent] callback_name:/slam/odomhttp://10.42.0.101:2379
I0827 01:11:49.870476 1773648 buffered_data_export.cpp:115] [cosine_internal]successfully create buffer [bus_buffer___slam__odom, type genie_msgs.msg.pb.OdomInfo, block num 5, valid_time 0, transfer_type 0, data_size 0, mem_type 0, lib_name , ext_data_size 0, is_protobuf 1, enable_event_sync_subscriber 0], buffer id = 11
I0827 01:11:49.870503 1773648 cosine_bus_message_buffer.cpp:45] [cosine_internal][CosineBusMessageBuffer] create buffer success. name:bus_buffer___slam__odom, type:genie_msgs.msg.pb.OdomInfo, size:5
I0827 01:11:49.870610 1773648 node_impl.cc:344] [aorta]CreateSubscriber topic:/slam/odom, uid:cfcc3887-7775-48e8-9fb3-101de52cc6be-8164318257426434522 topic_uid:-1
I0827 01:11:49.871307 1773772 centralized_discovery.cc:681] [aorta]publisher uid:26ed79d1-62d9-4eb8-8a6c-24cf56a9a5b0-10250913672907467700 topic:/pnc/task_service/task_cancel/request
I0827 01:11:49.872146 1773648 aorta_component.cpp:326] [cosine_internal][AortaComponent] aorta node create subscriber. node: python3.10_S1, topic:/slam/odom, type:genie_msgs.msg.pb.OdomInfo, qos:(history:1, depth:5, reliability:1, durability:2), uri:http://10.42.0.101:2379
I0827 01:11:49.872171 1773648 aorta_subscriber.hpp:96] [cosine_internal][AortaSubscriber] initial. topic:/slam/odom, uri:
I0827 01:11:49.872196 1773648 cosine_bus_manager.cpp:400] [cosine_internal][CosineBusManager] create subscriber. topic name:/slam/state , middleware:aorta , need async callback:0, frame_skip_rate:1
I0827 01:11:49.872205 1773648 aorta_component.cpp:174] [cosine_internal][AortaComponent] callback_name:/slam/statehttp://10.42.0.101:2379
I0827 01:11:49.872282 1773648 buffered_data_export.cpp:115] [cosine_internal]successfully create buffer [bus_buffer___slam__state, type genie_msgs.msg.pb.CommonResponse, block num 5, valid_time 0, transfer_type 0, data_size 0, mem_type 0, lib_name , ext_data_size 0, is_protobuf 1, enable_event_sync_subscriber 0], buffer id = 12
I0827 01:11:49.872298 1773648 cosine_bus_message_buffer.cpp:45] [cosine_internal][CosineBusMessageBuffer] create buffer success. name:bus_buffer___slam__state, type:genie_msgs.msg.pb.CommonResponse, size:5
I0827 01:11:49.872398 1773648 node_impl.cc:344] [aorta]CreateSubscriber topic:/slam/state, uid:722ae406-612c-41ea-98a6-c5ba141a5e24-7791362299214773660 topic_uid:-1
I0827 01:11:49.873370 1773772 centralized_discovery.cc:681] [aorta]publisher uid:ca85a1ce-f839-4765-8d2c-07bb3ee3e204-2366368184012060648 topic:/pnc/task_service/task_pause/request
I0827 01:11:49.874162 1773648 aorta_component.cpp:326] [cosine_internal][AortaComponent] aorta node create subscriber. node: python3.10_S1, topic:/slam/state, type:genie_msgs.msg.pb.CommonResponse, qos:(history:1, depth:5, reliability:1, durability:2), uri:http://10.42.0.101:2379
I0827 01:11:49.874182 1773648 aorta_subscriber.hpp:96] [cosine_internal][AortaSubscriber] initial. topic:/slam/state, uri:
I0827 01:11:49.874207 1773648 cosine_bus_manager.cpp:400] [cosine_internal][CosineBusManager] create subscriber. topic name:/slam/mapping_response , middleware:aorta , need async callback:0, frame_skip_rate:1
I0827 01:11:49.874217 1773648 aorta_component.cpp:174] [cosine_internal][AortaComponent] callback_name:/slam/mapping_responsehttp://10.42.0.101:2379
I0827 01:11:49.874287 1773648 buffered_data_export.cpp:115] [cosine_internal]successfully create buffer [bus_buffer___slam__mapping_response, type genie_msgs.msg.pb.CommonResponse, block num 5, valid_time 0, transfer_type 0, data_size 0, mem_type 0, lib_name , ext_data_size 0, is_protobuf 1, enable_event_sync_subscriber 0], buffer id = 13
I0827 01:11:49.874321 1773648 cosine_bus_message_buffer.cpp:45] [cosine_internal][CosineBusMessageBuffer] create buffer success. name:bus_buffer___slam__mapping_response, type:genie_msgs.msg.pb.CommonResponse, size:5
I0827 01:11:49.874423 1773648 node_impl.cc:344] [aorta]CreateSubscriber topic:/slam/mapping_response, uid:5d87f299-9dc7-4597-a9d1-5d8f9b9d2aca-3136143855590244141 topic_uid:-1
I0827 01:11:49.874851 1773648 aorta_component.cpp:326] [cosine_internal][AortaComponent] aorta node create subscriber. node: python3.10_S1, topic:/slam/mapping_response, type:genie_msgs.msg.pb.CommonResponse, qos:(history:1, depth:5, reliability:1, durability:2), uri:http://10.42.0.101:2379
I0827 01:11:49.874863 1773648 aorta_subscriber.hpp:96] [cosine_internal][AortaSubscriber] initial. topic:/slam/mapping_response, uri:
I0827 01:11:49.874876 1773648 cosine_bus_manager.cpp:400] [cosine_internal][CosineBusManager] create subscriber. topic name:/slam/record_spec_loc_rsp , middleware:aorta , need async callback:0, frame_skip_rate:1
I0827 01:11:49.874882 1773648 aorta_component.cpp:174] [cosine_internal][AortaComponent] callback_name:/slam/record_spec_loc_rsphttp://10.42.0.101:2379
I0827 01:11:49.874923 1773648 buffered_data_export.cpp:115] [cosine_internal]successfully create buffer [bus_buffer___slam__record_spec_loc_rsp, type genie_msgs.msg.pb.CommonResponse, block num 5, valid_time 0, transfer_type 0, data_size 0, mem_type 0, lib_name , ext_data_size 0, is_protobuf 1, enable_event_sync_subscriber 0], buffer id = 14
I0827 01:11:49.874945 1773648 cosine_bus_message_buffer.cpp:45] [cosine_internal][CosineBusMessageBuffer] create buffer success. name:bus_buffer___slam__record_spec_loc_rsp, type:genie_msgs.msg.pb.CommonResponse, size:5
I0827 01:11:49.874962 1773772 centralized_discovery.cc:681] [aorta]publisher uid:d018282d-3772-4626-a807-22caec4ec502-18204958959141007063 topic:/pnc/task_service/task_resume/request
