Log file created at: 2025/08/27 00:27:36
Running on machine: G2
Log line format: [IWEF]mmdd hh:mm:ss.uuuuuu threadid file:line] msg
I0827 00:27:36.165575 1049470 dylog_impl.cpp:641] [DYLOG] set dylog default level to INFO
I0827 00:27:36.165652 1049470 dylog_impl.cpp:690] [DYLOG] soc num : R2
I0827 00:27:36.165664 1049470 dylog_impl.cpp:695] [DYLOG] can't read scene_mode, use sud
W0827 00:27:36.165690 1049470 dylog_impl.cpp:757] [DYLOG] can't find available json config file with path : /home/agi/app/conf/scene_server/dylog_sud_default.json, use default.
I0827 00:27:36.165802 1049470 dylog_impl.cpp:293] [DYLOG] register dsd_name : dylog/python3.10/cosine_internal
I0827 00:27:36.169021 1049470 cosine_bus_manager.cpp:88] [cosine_internal][CosineBusManager] cosine bus config path not set, use default config.
I0827 00:27:36.169059 1049470 cosine_bus_manager.cpp:118] [cosine_internal][CosineBusManager] initial cosine_bus_config:
I0827 00:27:36.170508 1049470 cosine_bus_global_sync.cpp:30] [cosine_internal][BusGlobalSync] set default middleware name:aorta
I0827 00:27:36.170545 1049470 scheduler_classic.cpp:28] [cosine_internal]Proc number set to be: 1
I0827 00:27:36.171542 1049470 dynamic_object.cpp:521] [cosine_internal][DynamicObject] open libdynamic_aorta.so success.
I0827 00:27:36.171726 1049470 dynamic_object.cpp:581] [cosine_internal][DynamicObject] Successfully enumerated 57 symbols in libdynamic_aorta.so
I0827 00:27:36.171737 1049470 resource_loader.cpp:13] [cosine_internal][ResourceLoader] Attempting to load function: aorta_get_object
I0827 00:27:36.171741 1049470 resource_loader.cpp:17] [cosine_internal][ResourceLoader] Trying address() method for C++ symbol: aorta_get_object
I0827 00:27:36.171749 1049470 resource_loader.cpp:20] [cosine_internal][ResourceLoader] Successfully loaded C++ symbol: aorta_get_object
I0827 00:27:36.171753 1049470 resource_loader.cpp:13] [cosine_internal][ResourceLoader] Attempting to load function: aorta_call_object_func
I0827 00:27:36.171757 1049470 resource_loader.cpp:17] [cosine_internal][ResourceLoader] Trying address() method for C++ symbol: aorta_call_object_func
I0827 00:27:36.171762 1049470 resource_loader.cpp:20] [cosine_internal][ResourceLoader] Successfully loaded C++ symbol: aorta_call_object_func
I0827 00:27:36.171765 1049470 resource_loader.cpp:13] [cosine_internal][ResourceLoader] Attempting to load function: aorta_clean_up
I0827 00:27:36.171769 1049470 resource_loader.cpp:17] [cosine_internal][ResourceLoader] Trying address() method for C++ symbol: aorta_clean_up
I0827 00:27:36.171784 1049470 resource_loader.cpp:25] [cosine_internal][ResourceLoader] C++ symbol failed, trying c_address() method for C symbol: aorta_clean_up
I0827 00:27:36.171790 1049470 resource_loader.cpp:28] [cosine_internal][ResourceLoader] Successfully loaded C symbol: aorta_clean_up
W0827 00:27:36.171798 1049470 aorta_component.cpp:90] [cosine_internal]Environment variable [LOCATOR_IP/DDS_IP] not set, fallback to 10.42.0.101
I0827 00:27:36.171804 1049470 aorta_component.cpp:496] [cosine_internal][AortaComponent] locator_ip: 10.42.0.101; Check network before domain init 
I0827 00:27:36.171840 1049470 clock.cpp:22] [cosine_internal]load ptp time source from: libptp_clock_time.so
I0827 00:27:36.172019 1049470 dynamic_object.cpp:521] [cosine_internal][DynamicObject] open libptp_clock_time.so success.
I0827 00:27:36.172437 1049470 aorta_component.cpp:515] [cosine_internal][AortaComponent] Network check start. locator_ip: 10.42.0.101, timeout: 60 seconds , check_start_time: 1756225656
I0827 00:27:36.172456 1049470 aorta_component.cpp:526] [cosine_internal][AortaComponent] locator_ip: 10.42.0.101; network is ready.
I0827 00:27:36.172502 1049470 dylog_impl.cpp:293] [DYLOG] register dsd_name : dylog/python3.10/aorta
I0827 00:27:36.172627 1049470 pcie_config.cc:52] [aorta]Get one valid pcie channel. producer: soc-s3 app-map_loc_app endpoint-nvscic2c_pcie_s3_c7_11 consumer: soc-s1 app-worldmodel endpoint-nvscic2c_pcie_s1_c7_11
I0827 00:27:36.172712 1049470 os.cc:88] [aorta]Got host_id from system files: Huixi R1ROBOR2
I0827 00:27:36.172749 1049470 pcie_manager.cc:71] [aorta]There is no pcie config in current process.
I0827 00:27:36.173074 1049470 message_monitor_config.cc:398] [aorta]run in  mode
I0827 00:27:36.174293 1049470 domain_impl.cc:58] [aorta]aorta version:7b1b7ddc
I0827 00:27:36.174319 1049470 json_comm.cc:35] [aorta]file path: /home/agi/app/conf/topology/topology_rule.json not exist.
I0827 00:27:36.174333 1049470 message_monitor_config.cc:398] [aorta]run in  mode
I0827 00:27:36.175042 1049470 message_monitor_config.cc:731] [aorta]message monitor is updated from /home/agi/app/conf/aorta/function/aorta_monitor_conf.json
I0827 00:27:36.175942 1049470 discovery_factory.cc:14] [aorta]type:1, host:10.42.0.101, port:2379, ttl:15, minor_cycle:100, major_cycle:3
I0827 00:27:36.176406 1049470 config.cc:53] [aorta]AORTA_IP_MASK not set.
I0827 00:27:36.176414 1049470 discovery.cc:245] [aorta]get ip masks empty.
I0827 00:27:36.176421 1049470 config.cc:200] [aorta]AORTA_EXTRA_LOCAL_IPS not set.
I0827 00:27:36.176425 1049470 discovery.cc:266] [aorta]local_publisher_ips_ empty.
I0827 00:27:36.176443 1049470 config.cc:124] [aorta]ip match, ip:127.0.0.1
I0827 00:27:36.176451 1049470 discovery.cc:275] [aorta]default emplace ip:10.42.0.101
I0827 00:27:36.176455 1049470 discovery.cc:275] [aorta]default emplace ip:10.42.12.101
I0827 00:27:36.176457 1049470 discovery.cc:275] [aorta]default emplace ip:10.42.1.101
I0827 00:27:36.176460 1049470 discovery.cc:275] [aorta]default emplace ip:192.168.1.101
I0827 00:27:36.176462 1049470 discovery.cc:275] [aorta]default emplace ip:10.42.30.101
I0827 00:27:36.176465 1049470 discovery.cc:275] [aorta]default emplace ip:10.42.40.101
I0827 00:27:36.176468 1049470 discovery.cc:275] [aorta]default emplace ip:10.20.15.199
I0827 00:27:36.176471 1049470 discovery.cc:275] [aorta]default emplace ip:10.42.6.101
I0827 00:27:36.176476 1049470 centralized_discovery.cc:55] [aorta]lease_ttl_:15
I0827 00:27:36.176848 1049470 aorta_component.cpp:561] [cosine_internal][AortaComponent] aorta create domain success. uri:http://10.42.0.101:2379
I0827 00:27:36.176992 1049470 aorta_component.cpp:447] [cosine_internal][AortaComponent] aorta domain created node: python3.10_S1 , domain_uri:http://10.42.0.101:2379
I0827 00:27:36.177002 1049470 aorta_component.cpp:126] [cosine_internal][AortaComponent] aorta component init success. node:python3.10_S1, uri:http://10.42.0.101:2379, locator_kind(1:shm,2:tcp,3:udp):2, locator_ip:10.42.0.101, locator_port:0, aorta_dispatcher_thread_num:1
I0827 00:27:36.177192 1049566 processor.cpp:40] [cosine_internal]processor_tid: 1049566
I0827 00:27:36.187608 1049572 executor_impl.cc:91] [aorta]aorta-dispatch0 start spinning
I0827 00:27:36.202905 1049571 centralized_discovery.cc:1110] [aorta]poll thread: revision:994
I0827 00:27:36.203018 1049571 centralized_discovery.cc:1123] [aorta]inotify_fd_:15 inotify_watch_:1 inotify_watch_path:/home/agi/app/conf/aorta/function
I0827 00:27:36.204908 1049571 centralized_discovery.cc:615] [aorta]grant lease for node python3.10_S1 lease_id = 7587889064995109976
I0827 00:27:36.205976 1049571 watch_state.cc:54] [aorta]watch connect success.
I0827 00:27:36.207036 1049571 centralized_discovery.cc:1615] [aorta]recv watch response created.
I0827 00:27:40.325307 1049470 cosine_bus_manager.cpp:294] [cosine_internal][CosineBusManager] create publisher. topic name:/gdk/config_request , middleware:aorta
I0827 00:27:40.326211 1049470 tcp_publisher.cc:179] [aorta]topic /gdk/config_request, pub_queue_size_ 5, latch_queue_size_ 0
I0827 00:27:40.326448 1050707 tcp_socket_server.cc:200] [aorta]The ip info is0.0.0.0:46573
I0827 00:27:40.326756 1050707 shm_socket_server.cc:101] [aorta][/gdk/config_request] bind at pipe sock name d2379|python3.10|p1049470|n0|/gdk/config_request|p0
I0827 00:27:40.326872 1049470 node_impl.cc:198] [aorta]CreatePublisher, host:0.0.0.0, port:46573, sockname:d2379|python3.10|p1049470|n0|/gdk/config_request|p0, topic:/gdk/config_request, uid:1c0bd77a-e4b3-45ba-831a-00a802072987-4991715019463590898 topic_uid:-1
I0827 00:27:40.326911 1049470 aorta_component.cpp:394] [cosine_internal][AortaComponent] aorta node create publisher. node: python3.10_S1, topic:/gdk/config_request, type:genie_msgs.msg.pb.CommonRequest, qos:(history:1, depth:5, reliability:1, durability:2), uri:http://10.42.0.101:2379
I0827 00:27:40.326956 1049470 aorta_publisher.cpp:119] [cosine_internal][AortaPublisher] publisher initialize. topic:/gdk/config_request, uri:
I0827 00:27:40.326972 1049470 dylog_impl.cpp:293] [DYLOG] register dsd_name : dylog/python3.10/GDK
I0827 00:27:40.327020 1049470 publisher.cpp:27] [GDK]create publisher: /gdk/config_request type: genie_msgs.msg.pb.CommonRequest qos: 1 1 5 2
I0827 00:27:40.327049 1049470 cosine_bus_manager.cpp:294] [cosine_internal][CosineBusManager] create publisher. topic name:/gdk/camera_conf_request , middleware:aorta
I0827 00:27:40.327052 1049571 centralized_discovery.cc:681] [aorta]publisher uid:1c0bd77a-e4b3-45ba-831a-00a802072987-4991715019463590898 topic:/gdk/config_request
I0827 00:27:40.327591 1049470 tcp_publisher.cc:179] [aorta]topic /gdk/camera_conf_request, pub_queue_size_ 5, latch_queue_size_ 0
I0827 00:27:40.327656 1050707 tcp_socket_server.cc:200] [aorta]The ip info is0.0.0.0:39289
I0827 00:27:40.327764 1050707 shm_socket_server.cc:101] [aorta][/gdk/camera_conf_request] bind at pipe sock name d2379|python3.10|p1049470|n0|/gdk/camera_conf_request|p1
I0827 00:27:40.327842 1049470 node_impl.cc:198] [aorta]CreatePublisher, host:0.0.0.0, port:39289, sockname:d2379|python3.10|p1049470|n0|/gdk/camera_conf_request|p1, topic:/gdk/camera_conf_request, uid:a2b9fe2f-46ee-42a4-8e58-eb93c854f83c-9117180461459404870 topic_uid:-1
I0827 00:27:40.327870 1049470 aorta_component.cpp:394] [cosine_internal][AortaComponent] aorta node create publisher. node: python3.10_S1, topic:/gdk/camera_conf_request, type:genie_msgs.msg.pb.CommonRequest, qos:(history:1, depth:5, reliability:1, durability:2), uri:http://10.42.0.101:2379
I0827 00:27:40.327906 1049470 aorta_publisher.cpp:119] [cosine_internal][AortaPublisher] publisher initialize. topic:/gdk/camera_conf_request, uri:
I0827 00:27:40.327916 1049470 publisher.cpp:27] [GDK]create publisher: /gdk/camera_conf_request type: genie_msgs.msg.pb.CommonRequest qos: 1 1 5 2
I0827 00:27:40.327937 1049470 cosine_bus_manager.cpp:400] [cosine_internal][CosineBusManager] create subscriber. topic name:/gdk/config_response , middleware:aorta , need async callback:0, frame_skip_rate:1
I0827 00:27:40.327950 1049470 aorta_component.cpp:174] [cosine_internal][AortaComponent] callback_name:/gdk/config_responsehttp://10.42.0.101:2379
I0827 00:27:40.328033 1049470 dynamic_object.cpp:521] [cosine_internal][DynamicObject] open  success.
I0827 00:27:40.328240 1049470 buffered_data_export.cpp:115] [cosine_internal]successfully create buffer [bus_buffer___gdk__config_response, type genie_msgs.msg.pb.CommonResponse, block num 5, valid_time 0, transfer_type 0, data_size 0, mem_type 0, lib_name , ext_data_size 0, is_protobuf 1, enable_event_sync_subscriber 0], buffer id = 1
I0827 00:27:40.328265 1049470 cosine_bus_message_buffer.cpp:45] [cosine_internal][CosineBusMessageBuffer] create buffer success. name:bus_buffer___gdk__config_response, type:genie_msgs.msg.pb.CommonResponse, size:5
I0827 00:27:40.328363 1049470 node_impl.cc:344] [aorta]CreateSubscriber topic:/gdk/config_response, uid:9a2a6a8b-3d0f-4cfa-9b75-5d6b0f8a1103-9533047780102618842 topic_uid:-1
I0827 00:27:40.329044 1049470 aorta_component.cpp:326] [cosine_internal][AortaComponent] aorta node create subscriber. node: python3.10_S1, topic:/gdk/config_response, type:genie_msgs.msg.pb.CommonResponse, qos:(history:1, depth:5, reliability:1, durability:2), uri:http://10.42.0.101:2379
I0827 00:27:40.329061 1049470 aorta_subscriber.hpp:96] [cosine_internal][AortaSubscriber] initial. topic:/gdk/config_response, uri:
I0827 00:27:40.329079 1049470 cosine_bus_manager.cpp:400] [cosine_internal][CosineBusManager] create subscriber. topic name:/gdk/camera_conf_response , middleware:aorta , need async callback:0, frame_skip_rate:1
I0827 00:27:40.329087 1049470 aorta_component.cpp:174] [cosine_internal][AortaComponent] callback_name:/gdk/camera_conf_responsehttp://10.42.0.101:2379
I0827 00:27:40.329142 1049470 buffered_data_export.cpp:115] [cosine_internal]successfully create buffer [bus_buffer___gdk__camera_conf_response, type genie_msgs.msg.pb.CommonResponse, block num 5, valid_time 0, transfer_type 0, data_size 0, mem_type 0, lib_name , ext_data_size 0, is_protobuf 1, enable_event_sync_subscriber 0], buffer id = 2
I0827 00:27:40.329159 1049470 cosine_bus_message_buffer.cpp:45] [cosine_internal][CosineBusMessageBuffer] create buffer success. name:bus_buffer___gdk__camera_conf_response, type:genie_msgs.msg.pb.CommonResponse, size:5
I0827 00:27:40.329249 1049470 node_impl.cc:344] [aorta]CreateSubscriber topic:/gdk/camera_conf_response, uid:5bc83d74-8619-427c-b23c-a8221896b9f5-3551884323222435368 topic_uid:-1
I0827 00:27:40.329706 1049470 aorta_component.cpp:326] [cosine_internal][AortaComponent] aorta node create subscriber. node: python3.10_S1, topic:/gdk/camera_conf_response, type:genie_msgs.msg.pb.CommonResponse, qos:(history:1, depth:5, reliability:1, durability:2), uri:http://10.42.0.101:2379
I0827 00:27:40.329720 1049470 aorta_subscriber.hpp:96] [cosine_internal][AortaSubscriber] initial. topic:/gdk/camera_conf_response, uri:
I0827 00:27:40.329811 1049470 cosine_bus_manager.cpp:400] [cosine_internal][CosineBusManager] create subscriber. topic name:/hal/joint_state , middleware:aorta , need async callback:0, frame_skip_rate:1
I0827 00:27:40.329823 1049470 aorta_component.cpp:174] [cosine_internal][AortaComponent] callback_name:/hal/joint_statehttp://10.42.0.101:2379
I0827 00:27:40.329986 1049470 buffered_data_export.cpp:115] [cosine_internal]successfully create buffer [bus_buffer___hal__joint_state, type genie_msgs.msg.pb.JointState, block num 5, valid_time 0, transfer_type 0, data_size 0, mem_type 0, lib_name , ext_data_size 0, is_protobuf 1, enable_event_sync_subscriber 0], buffer id = 3
I0827 00:27:40.330005 1049470 cosine_bus_message_buffer.cpp:45] [cosine_internal][CosineBusMessageBuffer] create buffer success. name:bus_buffer___hal__joint_state, type:genie_msgs.msg.pb.JointState, size:5
I0827 00:27:40.330090 1049571 centralized_discovery.cc:681] [aorta]publisher uid:a2b9fe2f-46ee-42a4-8e58-eb93c854f83c-9117180461459404870 topic:/gdk/camera_conf_request
I0827 00:27:40.330255 1049470 node_impl.cc:344] [aorta]CreateSubscriber topic:/hal/joint_state, uid:0d604210-708e-46b1-b096-8f092b675d11-17784787521228097140 topic_uid:-1
I0827 00:27:40.330886 1049470 aorta_component.cpp:326] [cosine_internal][AortaComponent] aorta node create subscriber. node: python3.10_S1, topic:/hal/joint_state, type:genie_msgs.msg.pb.JointState, qos:(history:1, depth:5, reliability:1, durability:2), uri:http://10.42.0.101:2379
I0827 00:27:40.330901 1049470 aorta_subscriber.hpp:96] [cosine_internal][AortaSubscriber] initial. topic:/hal/joint_state, uri:
I0827 00:27:40.330921 1049470 cosine_bus_manager.cpp:400] [cosine_internal][CosineBusManager] create subscriber. topic name:/hal/whole_body_status , middleware:aorta , need async callback:0, frame_skip_rate:1
I0827 00:27:40.330929 1049470 aorta_component.cpp:174] [cosine_internal][AortaComponent] callback_name:/hal/whole_body_statushttp://10.42.0.101:2379
I0827 00:27:40.331081 1049470 buffered_data_export.cpp:115] [cosine_internal]successfully create buffer [bus_buffer___hal__whole_body_status, type genie_msgs.msg.pb.WholeBodyStatus, block num 5, valid_time 0, transfer_type 0, data_size 0, mem_type 0, lib_name , ext_data_size 0, is_protobuf 1, enable_event_sync_subscriber 0], buffer id = 4
I0827 00:27:40.331100 1049470 cosine_bus_message_buffer.cpp:45] [cosine_internal][CosineBusMessageBuffer] create buffer success. name:bus_buffer___hal__whole_body_status, type:genie_msgs.msg.pb.WholeBodyStatus, size:5
I0827 00:27:40.331209 1049470 node_impl.cc:344] [aorta]CreateSubscriber topic:/hal/whole_body_status, uid:50969d4a-d0b6-458a-9c58-388b05bb4792-4082625946824470290 topic_uid:-1
I0827 00:27:40.332150 1049470 aorta_component.cpp:326] [cosine_internal][AortaComponent] aorta node create subscriber. node: python3.10_S1, topic:/hal/whole_body_status, type:genie_msgs.msg.pb.WholeBodyStatus, qos:(history:1, depth:5, reliability:1, durability:2), uri:http://10.42.0.101:2379
I0827 00:27:40.332170 1049470 aorta_subscriber.hpp:96] [cosine_internal][AortaSubscriber] initial. topic:/hal/whole_body_status, uri:
I0827 00:27:40.332190 1049470 cosine_bus_manager.cpp:400] [cosine_internal][CosineBusManager] create subscriber. topic name:/hal/left_ee_data , middleware:aorta , need async callback:0, frame_skip_rate:1
I0827 00:27:40.332198 1049470 aorta_component.cpp:174] [cosine_internal][AortaComponent] callback_name:/hal/left_ee_datahttp://10.42.0.101:2379
I0827 00:27:40.332557 1049470 buffered_data_export.cpp:115] [cosine_internal]successfully create buffer [bus_buffer___hal__left_ee_data, type genie_msgs.msg.pb.EndState, block num 5, valid_time 0, transfer_type 0, data_size 0, mem_type 0, lib_name , ext_data_size 0, is_protobuf 1, enable_event_sync_subscriber 0], buffer id = 5
I0827 00:27:40.332629 1049470 cosine_bus_message_buffer.cpp:45] [cosine_internal][CosineBusMessageBuffer] create buffer success. name:bus_buffer___hal__left_ee_data, type:genie_msgs.msg.pb.EndState, size:5
I0827 00:27:40.332746 1049470 node_impl.cc:344] [aorta]CreateSubscriber topic:/hal/left_ee_data, uid:904d2824-d8fe-4855-b8c6-141ced529feb-6411614143165937964 topic_uid:-1
I0827 00:27:40.333211 1049470 aorta_component.cpp:326] [cosine_internal][AortaComponent] aorta node create subscriber. node: python3.10_S1, topic:/hal/left_ee_data, type:genie_msgs.msg.pb.EndState, qos:(history:1, depth:5, reliability:1, durability:2), uri:http://10.42.0.101:2379
I0827 00:27:40.333223 1049470 aorta_subscriber.hpp:96] [cosine_internal][AortaSubscriber] initial. topic:/hal/left_ee_data, uri:
I0827 00:27:40.333241 1049470 cosine_bus_manager.cpp:400] [cosine_internal][CosineBusManager] create subscriber. topic name:/hal/right_ee_data , middleware:aorta , need async callback:0, frame_skip_rate:1
I0827 00:27:40.333249 1049470 aorta_component.cpp:174] [cosine_internal][AortaComponent] callback_name:/hal/right_ee_datahttp://10.42.0.101:2379
I0827 00:27:40.333309 1049470 buffered_data_export.cpp:115] [cosine_internal]successfully create buffer [bus_buffer___hal__right_ee_data, type genie_msgs.msg.pb.EndState, block num 5, valid_time 0, transfer_type 0, data_size 0, mem_type 0, lib_name , ext_data_size 0, is_protobuf 1, enable_event_sync_subscriber 0], buffer id = 6
I0827 00:27:40.333323 1049470 cosine_bus_message_buffer.cpp:45] [cosine_internal][CosineBusMessageBuffer] create buffer success. name:bus_buffer___hal__right_ee_data, type:genie_msgs.msg.pb.EndState, size:5
I0827 00:27:40.333415 1049470 node_impl.cc:344] [aorta]CreateSubscriber topic:/hal/right_ee_data, uid:bf428bd7-d0aa-4ffa-96e4-859b9db18e14-5071795120000351093 topic_uid:-1
I0827 00:27:40.334141 1049470 aorta_component.cpp:326] [cosine_internal][AortaComponent] aorta node create subscriber. node: python3.10_S1, topic:/hal/right_ee_data, type:genie_msgs.msg.pb.EndState, qos:(history:1, depth:5, reliability:1, durability:2), uri:http://10.42.0.101:2379
I0827 00:27:40.334167 1049470 aorta_subscriber.hpp:96] [cosine_internal][AortaSubscriber] initial. topic:/hal/right_ee_data, uri:
I0827 00:27:40.334185 1049470 cosine_bus_manager.cpp:400] [cosine_internal][CosineBusManager] create subscriber. topic name:/hal/chassis_power_state , middleware:aorta , need async callback:0, frame_skip_rate:1
I0827 00:27:40.334193 1049470 aorta_component.cpp:174] [cosine_internal][AortaComponent] callback_name:/hal/chassis_power_statehttp://10.42.0.101:2379
I0827 00:27:40.334590 1049470 buffered_data_export.cpp:115] [cosine_internal]successfully create buffer [bus_buffer___hal__chassis_power_state, type genie_msgs.msg.pb.ChassisPowerState, block num 5, valid_time 0, transfer_type 0, data_size 0, mem_type 0, lib_name , ext_data_size 0, is_protobuf 1, enable_event_sync_subscriber 0], buffer id = 7
I0827 00:27:40.334611 1049470 cosine_bus_message_buffer.cpp:45] [cosine_internal][CosineBusMessageBuffer] create buffer success. name:bus_buffer___hal__chassis_power_state, type:genie_msgs.msg.pb.ChassisPowerState, size:5
I0827 00:27:40.334721 1049470 node_impl.cc:344] [aorta]CreateSubscriber topic:/hal/chassis_power_state, uid:dab3914d-00bc-4305-ad88-ad3eb1b584a2-13624413023349153968 topic_uid:-1
I0827 00:27:40.335388 1049470 aorta_component.cpp:326] [cosine_internal][AortaComponent] aorta node create subscriber. node: python3.10_S1, topic:/hal/chassis_power_state, type:genie_msgs.msg.pb.ChassisPowerState, qos:(history:1, depth:5, reliability:1, durability:2), uri:http://10.42.0.101:2379
I0827 00:27:40.335403 1049470 aorta_subscriber.hpp:96] [cosine_internal][AortaSubscriber] initial. topic:/hal/chassis_power_state, uri:
I0827 00:27:40.335423 1049470 cosine_bus_manager.cpp:400] [cosine_internal][CosineBusManager] create subscriber. topic name:/hal/chest_power_state , middleware:aorta , need async callback:0, frame_skip_rate:1
I0827 00:27:40.335431 1049470 aorta_component.cpp:174] [cosine_internal][AortaComponent] callback_name:/hal/chest_power_statehttp://10.42.0.101:2379
I0827 00:27:40.335716 1049470 buffered_data_export.cpp:115] [cosine_internal]successfully create buffer [bus_buffer___hal__chest_power_state, type genie_msgs.msg.pb.ChestPowerState, block num 5, valid_time 0, transfer_type 0, data_size 0, mem_type 0, lib_name , ext_data_size 0, is_protobuf 1, enable_event_sync_subscriber 0], buffer id = 8
I0827 00:27:40.335734 1049470 cosine_bus_message_buffer.cpp:45] [cosine_internal][CosineBusMessageBuffer] create buffer success. name:bus_buffer___hal__chest_power_state, type:genie_msgs.msg.pb.ChestPowerState, size:5
I0827 00:27:40.335824 1049470 node_impl.cc:344] [aorta]CreateSubscriber topic:/hal/chest_power_state, uid:31a770c9-c2de-4163-8272-18c3fbf7a08e-8918795574175434775 topic_uid:-1
I0827 00:27:40.336325 1049470 aorta_component.cpp:326] [cosine_internal][AortaComponent] aorta node create subscriber. node: python3.10_S1, topic:/hal/chest_power_state, type:genie_msgs.msg.pb.ChestPowerState, qos:(history:1, depth:5, reliability:1, durability:2), uri:http://10.42.0.101:2379
I0827 00:27:40.336340 1049470 aorta_subscriber.hpp:96] [cosine_internal][AortaSubscriber] initial. topic:/hal/chest_power_state, uri:
I0827 00:27:40.336416 1049470 cosine_bus_manager.cpp:294] [cosine_internal][CosineBusManager] create publisher. topic name:/hal/joint_cmd , middleware:aorta
I0827 00:27:40.337105 1049470 tcp_publisher.cc:179] [aorta]topic /hal/joint_cmd, pub_queue_size_ 5, latch_queue_size_ 0
I0827 00:27:40.337226 1050707 tcp_socket_server.cc:200] [aorta]The ip info is0.0.0.0:41589
I0827 00:27:40.337299 1050707 shm_socket_server.cc:101] [aorta][/hal/joint_cmd] bind at pipe sock name d2379|python3.10|p1049470|n0|/hal/joint_cmd|p2
I0827 00:27:40.337369 1049470 node_impl.cc:198] [aorta]CreatePublisher, host:0.0.0.0, port:41589, sockname:d2379|python3.10|p1049470|n0|/hal/joint_cmd|p2, topic:/hal/joint_cmd, uid:b94bf6d2-0cc5-4518-bbf6-e9c0632c68cd-8113233340941315482 topic_uid:-1
I0827 00:27:40.337391 1049470 aorta_component.cpp:394] [cosine_internal][AortaComponent] aorta node create publisher. node: python3.10_S1, topic:/hal/joint_cmd, type:genie_msgs.msg.pb.JointCommand, qos:(history:1, depth:5, reliability:1, durability:2), uri:http://10.42.0.101:2379
I0827 00:27:40.337433 1049470 aorta_publisher.cpp:119] [cosine_internal][AortaPublisher] publisher initialize. topic:/hal/joint_cmd, uri:
I0827 00:27:40.337442 1049470 publisher.cpp:27] [GDK]create publisher: /hal/joint_cmd type: genie_msgs.msg.pb.JointCommand qos: 1 1 5 2
I0827 00:27:40.337517 1049470 cosine_bus_manager.cpp:294] [cosine_internal][CosineBusManager] create publisher. topic name:/wbc/left_ee_command , middleware:aorta
I0827 00:27:40.338012 1049470 tcp_publisher.cc:179] [aorta]topic /wbc/left_ee_command, pub_queue_size_ 5, latch_queue_size_ 0
I0827 00:27:40.338086 1050707 tcp_socket_server.cc:200] [aorta]The ip info is0.0.0.0:37765
I0827 00:27:40.338117 1049571 centralized_discovery.cc:733] [aorta]subscriber uid:9a2a6a8b-3d0f-4cfa-9b75-5d6b0f8a1103-9533047780102618842 topic:/gdk/config_response
I0827 00:27:40.338158 1050707 shm_socket_server.cc:101] [aorta][/wbc/left_ee_command] bind at pipe sock name d2379|python3.10|p1049470|n0|/wbc/left_ee_command|p3
I0827 00:27:40.338222 1049470 node_impl.cc:198] [aorta]CreatePublisher, host:0.0.0.0, port:37765, sockname:d2379|python3.10|p1049470|n0|/wbc/left_ee_command|p3, topic:/wbc/left_ee_command, uid:5e71b984-d981-46f1-ae2a-c4b4d7d79ae4-15677759012602946526 topic_uid:-1
I0827 00:27:40.338245 1049470 aorta_component.cpp:394] [cosine_internal][AortaComponent] aorta node create publisher. node: python3.10_S1, topic:/wbc/left_ee_command, type:sensor_msgs.msg.pb.JointState, qos:(history:1, depth:5, reliability:1, durability:2), uri:http://10.42.0.101:2379
I0827 00:27:40.338280 1049470 aorta_publisher.cpp:119] [cosine_internal][AortaPublisher] publisher initialize. topic:/wbc/left_ee_command, uri:
I0827 00:27:40.338289 1049470 publisher.cpp:27] [GDK]create publisher: /wbc/left_ee_command type: sensor_msgs.msg.pb.JointState qos: 1 1 5 2
I0827 00:27:40.338302 1049470 cosine_bus_manager.cpp:294] [cosine_internal][CosineBusManager] create publisher. topic name:/wbc/right_ee_command , middleware:aorta
I0827 00:27:40.338781 1049470 tcp_publisher.cc:179] [aorta]topic /wbc/right_ee_command, pub_queue_size_ 5, latch_queue_size_ 0
I0827 00:27:40.338860 1050707 tcp_socket_server.cc:200] [aorta]The ip info is0.0.0.0:34365
I0827 00:27:40.338917 1050707 shm_socket_server.cc:101] [aorta][/wbc/right_ee_command] bind at pipe sock name d2379|python3.10|p1049470|n0|/wbc/right_ee_command|p4
I0827 00:27:40.338963 1049470 node_impl.cc:198] [aorta]CreatePublisher, host:0.0.0.0, port:34365, sockname:d2379|python3.10|p1049470|n0|/wbc/right_ee_command|p4, topic:/wbc/right_ee_command, uid:39fd7e18-e4d8-4d6e-9220-a3223cdc5210-12160131399292109555 topic_uid:-1
I0827 00:27:40.338981 1049470 aorta_component.cpp:394] [cosine_internal][AortaComponent] aorta node create publisher. node: python3.10_S1, topic:/wbc/right_ee_command, type:sensor_msgs.msg.pb.JointState, qos:(history:1, depth:5, reliability:1, durability:2), uri:http://10.42.0.101:2379
I0827 00:27:40.339011 1049470 aorta_publisher.cpp:119] [cosine_internal][AortaPublisher] publisher initialize. topic:/wbc/right_ee_command, uri:
I0827 00:27:40.339018 1049470 publisher.cpp:27] [GDK]create publisher: /wbc/right_ee_command type: sensor_msgs.msg.pb.JointState qos: 1 1 5 2
I0827 00:27:40.339064 1049470 cosine_bus_manager.cpp:400] [cosine_internal][CosineBusManager] create subscriber. topic name:/wbc/motion_control_status , middleware:aorta , need async callback:0, frame_skip_rate:1
I0827 00:27:40.339076 1049470 aorta_component.cpp:174] [cosine_internal][AortaComponent] callback_name:/wbc/motion_control_statushttp://10.42.0.101:2379
I0827 00:27:40.339184 1050708 shm_subscriber.cc:120] [aorta]subscriber connect to publisher success, topic /gdk/config_response, local d2379|python3.10|p1049470|n0|s0|c0, peer d2379|gdk_service|p8963|n0|/gdk/config_response|p0
I0827 00:27:40.339342 1049470 buffered_data_export.cpp:115] [cosine_internal]successfully create buffer [bus_buffer___wbc__motion_control_status, type genie_msgs.msg.pb.MotionControlStatus, block num 5, valid_time 0, transfer_type 0, data_size 0, mem_type 0, lib_name , ext_data_size 0, is_protobuf 1, enable_event_sync_subscriber 0], buffer id = 9
I0827 00:27:40.339365 1049470 cosine_bus_message_buffer.cpp:45] [cosine_internal][CosineBusMessageBuffer] create buffer success. name:bus_buffer___wbc__motion_control_status, type:genie_msgs.msg.pb.MotionControlStatus, size:5
I0827 00:27:40.339435 1049571 centralized_discovery.cc:733] [aorta]subscriber uid:5bc83d74-8619-427c-b23c-a8221896b9f5-3551884323222435368 topic:/gdk/camera_conf_response
I0827 00:27:40.339445 1049470 node_impl.cc:344] [aorta]CreateSubscriber topic:/wbc/motion_control_status, uid:41a436ae-fd89-457c-8ccd-da617e99e357-3835708119707617413 topic_uid:-1
I0827 00:27:40.340044 1049470 aorta_component.cpp:326] [cosine_internal][AortaComponent] aorta node create subscriber. node: python3.10_S1, topic:/wbc/motion_control_status, type:genie_msgs.msg.pb.MotionControlStatus, qos:(history:1, depth:5, reliability:1, durability:2), uri:http://10.42.0.101:2379
I0827 00:27:40.340058 1049470 aorta_subscriber.hpp:96] [cosine_internal][AortaSubscriber] initial. topic:/wbc/motion_control_status, uri:
I0827 00:27:40.340078 1049470 cosine_bus_manager.cpp:400] [cosine_internal][CosineBusManager] create subscriber. topic name:/MotionControlService/JointPosition/response , middleware:aorta , need async callback:0, frame_skip_rate:1
I0827 00:27:40.340086 1049470 aorta_component.cpp:174] [cosine_internal][AortaComponent] callback_name:/MotionControlService/JointPosition/responsehttp://10.42.0.101:2379
I0827 00:27:40.340137 1049470 buffered_data_export.cpp:115] [cosine_internal]successfully create buffer [bus_buffer___MotionControlService__JointPosition__response, type genie_msgs.msg.pb.CommonResponse, block num 5, valid_time 0, transfer_type 0, data_size 0, mem_type 0, lib_name , ext_data_size 0, is_protobuf 1, enable_event_sync_subscriber 0], buffer id = 10
I0827 00:27:40.340152 1049470 cosine_bus_message_buffer.cpp:45] [cosine_internal][CosineBusMessageBuffer] create buffer success. name:bus_buffer___MotionControlService__JointPosition__response, type:genie_msgs.msg.pb.CommonResponse, size:5
I0827 00:27:40.340222 1049470 node_impl.cc:344] [aorta]CreateSubscriber topic:/MotionControlService/JointPosition/response, uid:bb906869-9c0d-404c-a105-fa76400bbda2-11220515294652701264 topic_uid:-1
I0827 00:27:40.340664 1049470 aorta_component.cpp:326] [cosine_internal][AortaComponent] aorta node create subscriber. node: python3.10_S1, topic:/MotionControlService/JointPosition/response, type:genie_msgs.msg.pb.CommonResponse, qos:(history:1, depth:5, reliability:1, durability:2), uri:http://10.42.0.101:2379
I0827 00:27:40.340674 1049470 aorta_subscriber.hpp:96] [cosine_internal][AortaSubscriber] initial. topic:/MotionControlService/JointPosition/response, uri:
I0827 00:27:40.340687 1049470 cosine_bus_manager.cpp:400] [cosine_internal][CosineBusManager] create subscriber. topic name:/MotionControlService/ControlMode/response , middleware:aorta , need async callback:0, frame_skip_rate:1
I0827 00:27:40.340694 1049470 aorta_component.cpp:174] [cosine_internal][AortaComponent] callback_name:/MotionControlService/ControlMode/responsehttp://10.42.0.101:2379
I0827 00:27:40.340730 1049470 buffered_data_export.cpp:115] [cosine_internal]successfully create buffer [bus_buffer___MotionControlService__ControlMode__response, type genie_msgs.msg.pb.CommonResponse, block num 5, valid_time 0, transfer_type 0, data_size 0, mem_type 0, lib_name , ext_data_size 0, is_protobuf 1, enable_event_sync_subscriber 0], buffer id = 11
I0827 00:27:40.340741 1049470 cosine_bus_message_buffer.cpp:45] [cosine_internal][CosineBusMessageBuffer] create buffer success. name:bus_buffer___MotionControlService__ControlMode__response, type:genie_msgs.msg.pb.CommonResponse, size:5
I0827 00:27:40.340802 1049470 node_impl.cc:344] [aorta]CreateSubscriber topic:/MotionControlService/ControlMode/response, uid:fd2c208f-eccb-40c6-a33f-a503e62de7df-13500083580579056044 topic_uid:-1
I0827 00:27:40.341068 1050708 shm_subscriber.cc:120] [aorta]subscriber connect to publisher success, topic /gdk/camera_conf_response, local d2379|python3.10|p1049470|n0|s1|c0, peer d2379|gdk_service|p8963|n0|/gdk/camera_conf_response|p1
I0827 00:27:40.341215 1049470 aorta_component.cpp:326] [cosine_internal][AortaComponent] aorta node create subscriber. node: python3.10_S1, topic:/MotionControlService/ControlMode/response, type:genie_msgs.msg.pb.CommonResponse, qos:(history:1, depth:5, reliability:1, durability:2), uri:http://10.42.0.101:2379
I0827 00:27:40.341224 1049470 aorta_subscriber.hpp:96] [cosine_internal][AortaSubscriber] initial. topic:/MotionControlService/ControlMode/response, uri:
I0827 00:27:40.341236 1049470 cosine_bus_manager.cpp:400] [cosine_internal][CosineBusManager] create subscriber. topic name:/MotionControlService/SetLoad/response , middleware:aorta , need async callback:0, frame_skip_rate:1
I0827 00:27:40.341243 1049470 aorta_component.cpp:174] [cosine_internal][AortaComponent] callback_name:/MotionControlService/SetLoad/responsehttp://10.42.0.101:2379
I0827 00:27:40.341256 1049571 centralized_discovery.cc:733] [aorta]subscriber uid:0d604210-708e-46b1-b096-8f092b675d11-17784787521228097140 topic:/hal/joint_state
I0827 00:27:40.341277 1049470 buffered_data_export.cpp:115] [cosine_internal]successfully create buffer [bus_buffer___MotionControlService__SetLoad__response, type genie_msgs.msg.pb.CommonResponse, block num 5, valid_time 0, transfer_type 0, data_size 0, mem_type 0, lib_name , ext_data_size 0, is_protobuf 1, enable_event_sync_subscriber 0], buffer id = 12
I0827 00:27:40.341290 1049470 cosine_bus_message_buffer.cpp:45] [cosine_internal][CosineBusMessageBuffer] create buffer success. name:bus_buffer___MotionControlService__SetLoad__response, type:genie_msgs.msg.pb.CommonResponse, size:5
I0827 00:27:40.341364 1049470 node_impl.cc:344] [aorta]CreateSubscriber topic:/MotionControlService/SetLoad/response, uid:9fe384b1-395a-4bb7-9fea-970c6999c48c-11741066552301177038 topic_uid:-1
I0827 00:27:40.341969 1049470 aorta_component.cpp:326] [cosine_internal][AortaComponent] aorta node create subscriber. node: python3.10_S1, topic:/MotionControlService/SetLoad/response, type:genie_msgs.msg.pb.CommonResponse, qos:(history:1, depth:5, reliability:1, durability:2), uri:http://10.42.0.101:2379
I0827 00:27:40.341984 1049470 aorta_subscriber.hpp:96] [cosine_internal][AortaSubscriber] initial. topic:/MotionControlService/SetLoad/response, uri:
I0827 00:27:40.342001 1049470 cosine_bus_manager.cpp:400] [cosine_internal][CosineBusManager] create subscriber. topic name:/MotionControlService/SetComplianceParams/response , middleware:aorta , need async callback:0, frame_skip_rate:1
I0827 00:27:40.342010 1049470 aorta_component.cpp:174] [cosine_internal][AortaComponent] callback_name:/MotionControlService/SetComplianceParams/responsehttp://10.42.0.101:2379
I0827 00:27:40.342057 1049470 buffered_data_export.cpp:115] [cosine_internal]successfully create buffer [bus_buffer___MotionControlService__SetComplianceParams__response, type genie_msgs.msg.pb.CommonResponse, block num 5, valid_time 0, transfer_type 0, data_size 0, mem_type 0, lib_name , ext_data_size 0, is_protobuf 1, enable_event_sync_subscriber 0], buffer id = 13
I0827 00:27:40.342070 1049470 cosine_bus_message_buffer.cpp:45] [cosine_internal][CosineBusMessageBuffer] create buffer success. name:bus_buffer___MotionControlService__SetComplianceParams__response, type:genie_msgs.msg.pb.CommonResponse, size:5
I0827 00:27:40.342156 1049470 node_impl.cc:344] [aorta]CreateSubscriber topic:/MotionControlService/SetComplianceParams/response, uid:49a40e30-44f9-433e-bd6a-04c1feb2cf13-16772690313444795879 topic_uid:-1
I0827 00:27:40.342190 1050708 shm_subscriber.cc:120] [aorta]subscriber connect to publisher success, topic /hal/joint_state, local d2379|python3.10|p1049470|n0|s2|c0, peer d2379|hal|p8969|n0|/hal/joint_state|p0
I0827 00:27:40.342286 1049571 centralized_discovery.cc:733] [aorta]subscriber uid:50969d4a-d0b6-458a-9c58-388b05bb4792-4082625946824470290 topic:/hal/whole_body_status
I0827 00:27:40.342602 1049470 aorta_component.cpp:326] [cosine_internal][AortaComponent] aorta node create subscriber. node: python3.10_S1, topic:/MotionControlService/SetComplianceParams/response, type:genie_msgs.msg.pb.CommonResponse, qos:(history:1, depth:5, reliability:1, durability:2), uri:http://10.42.0.101:2379
I0827 00:27:40.342612 1049470 aorta_subscriber.hpp:96] [cosine_internal][AortaSubscriber] initial. topic:/MotionControlService/SetComplianceParams/response, uri:
I0827 00:27:40.342626 1049470 cosine_bus_manager.cpp:400] [cosine_internal][CosineBusManager] create subscriber. topic name:/MotionControlService/MotionPlan/response , middleware:aorta , need async callback:0, frame_skip_rate:1
I0827 00:27:40.342633 1049470 aorta_component.cpp:174] [cosine_internal][AortaComponent] callback_name:/MotionControlService/MotionPlan/responsehttp://10.42.0.101:2379
I0827 00:27:40.342676 1049470 buffered_data_export.cpp:115] [cosine_internal]successfully create buffer [bus_buffer___MotionControlService__MotionPlan__response, type genie_msgs.msg.pb.CommonResponse, block num 5, valid_time 0, transfer_type 0, data_size 0, mem_type 0, lib_name , ext_data_size 0, is_protobuf 1, enable_event_sync_subscriber 0], buffer id = 14
I0827 00:27:40.342692 1049470 cosine_bus_message_buffer.cpp:45] [cosine_internal][CosineBusMessageBuffer] create buffer success. name:bus_buffer___MotionControlService__MotionPlan__response, type:genie_msgs.msg.pb.CommonResponse, size:5
I0827 00:27:40.342768 1049470 node_impl.cc:344] [aorta]CreateSubscriber topic:/MotionControlService/MotionPlan/response, uid:85788212-3053-4272-a467-529545895846-7265943930381113476 topic_uid:-1
I0827 00:27:40.343098 1050708 shm_subscriber.cc:120] [aorta]subscriber connect to publisher success, topic /hal/whole_body_status, local d2379|python3.10|p1049470|n0|s3|c0, peer d2379|hal|p8969|n0|/hal/whole_body_status|p1
I0827 00:27:40.343151 1049571 centralized_discovery.cc:733] [aorta]subscriber uid:904d2824-d8fe-4855-b8c6-141ced529feb-6411614143165937964 topic:/hal/left_ee_data
I0827 00:27:40.343715 1049470 aorta_component.cpp:326] [cosine_internal][AortaComponent] aorta node create subscriber. node: python3.10_S1, topic:/MotionControlService/MotionPlan/response, type:genie_msgs.msg.pb.CommonResponse, qos:(history:1, depth:5, reliability:1, durability:2), uri:http://10.42.0.101:2379
I0827 00:27:40.343731 1049470 aorta_subscriber.hpp:96] [cosine_internal][AortaSubscriber] initial. topic:/MotionControlService/MotionPlan/response, uri:
I0827 00:27:40.343859 1049470 cosine_bus_manager.cpp:294] [cosine_internal][CosineBusManager] create publisher. topic name:/wbc/motion_stop , middleware:aorta
I0827 00:27:40.344264 1050708 shm_subscriber.cc:120] [aorta]subscriber connect to publisher success, topic /hal/left_ee_data, local d2379|python3.10|p1049470|n0|s4|c0, peer d2379|hal|p8969|n0|/hal/left_ee_data|p2
I0827 00:27:40.344316 1049470 tcp_publisher.cc:179] [aorta]topic /wbc/motion_stop, pub_queue_size_ 5, latch_queue_size_ 0
I0827 00:27:40.344319 1049571 centralized_discovery.cc:733] [aorta]subscriber uid:bf428bd7-d0aa-4ffa-96e4-859b9db18e14-5071795120000351093 topic:/hal/right_ee_data
I0827 00:27:40.344380 1050707 tcp_socket_server.cc:200] [aorta]The ip info is0.0.0.0:46745
I0827 00:27:40.344449 1050707 shm_socket_server.cc:101] [aorta][/wbc/motion_stop] bind at pipe sock name d2379|python3.10|p1049470|n0|/wbc/motion_stop|p5
I0827 00:27:40.344525 1049470 node_impl.cc:198] [aorta]CreatePublisher, host:0.0.0.0, port:46745, sockname:d2379|python3.10|p1049470|n0|/wbc/motion_stop|p5, topic:/wbc/motion_stop, uid:e6967fae-9590-4373-ae03-8e1c45ab1385-13748557535015507650 topic_uid:-1
I0827 00:27:40.344547 1049470 aorta_component.cpp:394] [cosine_internal][AortaComponent] aorta node create publisher. node: python3.10_S1, topic:/wbc/motion_stop, type:genie_msgs.msg.pb.MotionStop, qos:(history:1, depth:5, reliability:1, durability:2), uri:http://10.42.0.101:2379
I0827 00:27:40.344580 1049470 aorta_publisher.cpp:119] [cosine_internal][AortaPublisher] publisher initialize. topic:/wbc/motion_stop, uri:
I0827 00:27:40.344588 1049470 publisher.cpp:27] [GDK]create publisher: /wbc/motion_stop type: genie_msgs.msg.pb.MotionStop qos: 1 1 5 2
I0827 00:27:40.344666 1049470 cosine_bus_manager.cpp:294] [cosine_internal][CosineBusManager] create publisher. topic name:/wbc/set_control_mode , middleware:aorta
I0827 00:27:40.345134 1049470 tcp_publisher.cc:179] [aorta]topic /wbc/set_control_mode, pub_queue_size_ 5, latch_queue_size_ 0
I0827 00:27:40.345208 1050707 tcp_socket_server.cc:200] [aorta]The ip info is0.0.0.0:39445
I0827 00:27:40.345270 1050707 shm_socket_server.cc:101] [aorta][/wbc/set_control_mode] bind at pipe sock name d2379|python3.10|p1049470|n0|/wbc/set_control_mode|p6
I0827 00:27:40.345320 1049470 node_impl.cc:198] [aorta]CreatePublisher, host:0.0.0.0, port:39445, sockname:d2379|python3.10|p1049470|n0|/wbc/set_control_mode|p6, topic:/wbc/set_control_mode, uid:414c5fb6-0eb3-4791-a95c-82fe2edecbb8-14916454457450496029 topic_uid:-1
I0827 00:27:40.345338 1049470 aorta_component.cpp:394] [cosine_internal][AortaComponent] aorta node create publisher. node: python3.10_S1, topic:/wbc/set_control_mode, type:genie_msgs.msg.pb.SetControlMode, qos:(history:1, depth:5, reliability:1, durability:2), uri:http://10.42.0.101:2379
I0827 00:27:40.345345 1050708 shm_subscriber.cc:120] [aorta]subscriber connect to publisher success, topic /hal/right_ee_data, local d2379|python3.10|p1049470|n0|s5|c0, peer d2379|hal|p8969|n0|/hal/right_ee_data|p3
I0827 00:27:40.345369 1049470 aorta_publisher.cpp:119] [cosine_internal][AortaPublisher] publisher initialize. topic:/wbc/set_control_mode, uri:
I0827 00:27:40.345376 1049470 publisher.cpp:27] [GDK]create publisher: /wbc/set_control_mode type: genie_msgs.msg.pb.SetControlMode qos: 1 1 5 2
I0827 00:27:40.345399 1049571 centralized_discovery.cc:733] [aorta]subscriber uid:dab3914d-00bc-4305-ad88-ad3eb1b584a2-13624413023349153968 topic:/hal/chassis_power_state
I0827 00:27:40.345466 1049470 cosine_bus_manager.cpp:294] [cosine_internal][CosineBusManager] create publisher. topic name:/wbc/end_effector_pose_control , middleware:aorta
I0827 00:27:40.345899 1049470 tcp_publisher.cc:179] [aorta]topic /wbc/end_effector_pose_control, pub_queue_size_ 5, latch_queue_size_ 0
I0827 00:27:40.345991 1050707 tcp_socket_server.cc:200] [aorta]The ip info is0.0.0.0:34137
I0827 00:27:40.346058 1050707 shm_socket_server.cc:101] [aorta][/wbc/end_effector_pose_control] bind at pipe sock name d2379|python3.10|p1049470|n0|/wbc/end_effector_pose_control|p7
I0827 00:27:40.346119 1049470 node_impl.cc:198] [aorta]CreatePublisher, host:0.0.0.0, port:34137, sockname:d2379|python3.10|p1049470|n0|/wbc/end_effector_pose_control|p7, topic:/wbc/end_effector_pose_control, uid:73b02fc5-943b-4ac5-93d2-d688a8661e16-8961509146944305143 topic_uid:-1
I0827 00:27:40.346143 1049470 aorta_component.cpp:394] [cosine_internal][AortaComponent] aorta node create publisher. node: python3.10_S1, topic:/wbc/end_effector_pose_control, type:genie_msgs.msg.pb.EndEffectorPoseControl, qos:(history:1, depth:5, reliability:1, durability:2), uri:http://10.42.0.101:2379
I0827 00:27:40.346166 1050708 shm_subscriber.cc:120] [aorta]subscriber connect to publisher success, topic /hal/chassis_power_state, local d2379|python3.10|p1049470|n0|s6|c0, peer d2379|hal_lowerlimb|p8968|n0|/hal/chassis_power_state|p2
I0827 00:27:40.346174 1049470 aorta_publisher.cpp:119] [cosine_internal][AortaPublisher] publisher initialize. topic:/wbc/end_effector_pose_control, uri:
I0827 00:27:40.346181 1049470 publisher.cpp:27] [GDK]create publisher: /wbc/end_effector_pose_control type: genie_msgs.msg.pb.EndEffectorPoseControl qos: 1 1 5 2
I0827 00:27:40.346215 1049571 centralized_discovery.cc:733] [aorta]subscriber uid:31a770c9-c2de-4163-8272-18c3fbf7a08e-8918795574175434775 topic:/hal/chest_power_state
I0827 00:27:40.346275 1049470 cosine_bus_manager.cpp:294] [cosine_internal][CosineBusManager] create publisher. topic name:/wbc/joint_position_control , middleware:aorta
I0827 00:27:40.346694 1049470 tcp_publisher.cc:179] [aorta]topic /wbc/joint_position_control, pub_queue_size_ 5, latch_queue_size_ 0
I0827 00:27:40.346751 1050707 tcp_socket_server.cc:200] [aorta]The ip info is0.0.0.0:42921
I0827 00:27:40.346832 1050707 shm_socket_server.cc:101] [aorta][/wbc/joint_position_control] bind at pipe sock name d2379|python3.10|p1049470|n0|/wbc/joint_position_control|p8
I0827 00:27:40.346899 1049470 node_impl.cc:198] [aorta]CreatePublisher, host:0.0.0.0, port:42921, sockname:d2379|python3.10|p1049470|n0|/wbc/joint_position_control|p8, topic:/wbc/joint_position_control, uid:abe69a0e-5af7-482d-8516-4c8e4f9b4166-17554954426434248758 topic_uid:-1
I0827 00:27:40.346920 1049470 aorta_component.cpp:394] [cosine_internal][AortaComponent] aorta node create publisher. node: python3.10_S1, topic:/wbc/joint_position_control, type:genie_msgs.msg.pb.JointPositionControl, qos:(history:1, depth:5, reliability:1, durability:2), uri:http://10.42.0.101:2379
I0827 00:27:40.346951 1049470 aorta_publisher.cpp:119] [cosine_internal][AortaPublisher] publisher initialize. topic:/wbc/joint_position_control, uri:
I0827 00:27:40.346959 1049470 publisher.cpp:27] [GDK]create publisher: /wbc/joint_position_control type: genie_msgs.msg.pb.JointPositionControl qos: 1 1 5 2
I0827 00:27:40.347033 1049470 cosine_bus_manager.cpp:294] [cosine_internal][CosineBusManager] create publisher. topic name:/MotionControlService/JointPosition/request , middleware:aorta
I0827 00:27:40.347175 1050708 shm_subscriber.cc:120] [aorta]subscriber connect to publisher success, topic /hal/chest_power_state, local d2379|python3.10|p1049470|n0|s7|c0, peer d2379|hal_lowerlimb|p8968|n0|/hal/chest_power_state|p4
I0827 00:27:40.347244 1049571 centralized_discovery.cc:681] [aorta]publisher uid:b94bf6d2-0cc5-4518-bbf6-e9c0632c68cd-8113233340941315482 topic:/hal/joint_cmd
I0827 00:27:40.347491 1049470 tcp_publisher.cc:179] [aorta]topic /MotionControlService/JointPosition/request, pub_queue_size_ 5, latch_queue_size_ 0
I0827 00:27:40.347549 1050707 tcp_socket_server.cc:200] [aorta]The ip info is0.0.0.0:34441
I0827 00:27:40.347645 1050707 shm_socket_server.cc:101] [aorta][/MotionControlService/JointPosition/request] bind at pipe sock name d2379|python3.10|p1049470|n0|..onControlService/JointPosition/request|p9
I0827 00:27:40.347705 1049470 node_impl.cc:198] [aorta]CreatePublisher, host:0.0.0.0, port:34441, sockname:d2379|python3.10|p1049470|n0|..onControlService/JointPosition/request|p9, topic:/MotionControlService/JointPosition/request, uid:860efc8e-67ee-442f-b694-85379fac580f-13247891859042633557 topic_uid:-1
I0827 00:27:40.347726 1049470 aorta_component.cpp:394] [cosine_internal][AortaComponent] aorta node create publisher. node: python3.10_S1, topic:/MotionControlService/JointPosition/request, type:genie_msgs.msg.pb.JointPositionRequst, qos:(history:1, depth:5, reliability:1, durability:2), uri:http://10.42.0.101:2379
I0827 00:27:40.347797 1049470 aorta_publisher.cpp:119] [cosine_internal][AortaPublisher] publisher initialize. topic:/MotionControlService/JointPosition/request, uri:
I0827 00:27:40.347808 1049470 publisher.cpp:27] [GDK]create publisher: /MotionControlService/JointPosition/request type: genie_msgs.msg.pb.JointPositionRequst qos: 1 1 5 2
I0827 00:27:40.347955 1049470 cosine_bus_manager.cpp:294] [cosine_internal][CosineBusManager] create publisher. topic name:/MotionControlService/ControlMode/request , middleware:aorta
I0827 00:27:40.348371 1049470 tcp_publisher.cc:179] [aorta]topic /MotionControlService/ControlMode/request, pub_queue_size_ 5, latch_queue_size_ 0
I0827 00:27:40.348448 1050707 tcp_socket_server.cc:200] [aorta]The ip info is0.0.0.0:41685
I0827 00:27:40.348515 1050707 shm_socket_server.cc:101] [aorta][/MotionControlService/ControlMode/request] bind at pipe sock name d2379|python3.10|p1049470|n0|..tionControlService/ControlMode/request|p10
I0827 00:27:40.348795 1049470 node_impl.cc:198] [aorta]CreatePublisher, host:0.0.0.0, port:41685, sockname:d2379|python3.10|p1049470|n0|..tionControlService/ControlMode/request|p10, topic:/MotionControlService/ControlMode/request, uid:f4534305-7099-43ec-a58d-afee55f4e207-7079047142913889307 topic_uid:-1
I0827 00:27:40.348821 1049470 aorta_component.cpp:394] [cosine_internal][AortaComponent] aorta node create publisher. node: python3.10_S1, topic:/MotionControlService/ControlMode/request, type:genie_msgs.msg.pb.ControlModeRequest, qos:(history:1, depth:5, reliability:1, durability:2), uri:http://10.42.0.101:2379
I0827 00:27:40.348856 1049470 aorta_publisher.cpp:119] [cosine_internal][AortaPublisher] publisher initialize. topic:/MotionControlService/ControlMode/request, uri:
I0827 00:27:40.348866 1049470 publisher.cpp:27] [GDK]create publisher: /MotionControlService/ControlMode/request type: genie_msgs.msg.pb.ControlModeRequest qos: 1 1 5 2
I0827 00:27:40.348898 1049470 cosine_bus_manager.cpp:294] [cosine_internal][CosineBusManager] create publisher. topic name:/MotionControlService/SetLoad/request , middleware:aorta
I0827 00:27:40.348905 1049571 centralized_discovery.cc:681] [aorta]publisher uid:5e71b984-d981-46f1-ae2a-c4b4d7d79ae4-15677759012602946526 topic:/wbc/left_ee_command
I0827 00:27:40.349330 1049470 tcp_publisher.cc:179] [aorta]topic /MotionControlService/SetLoad/request, pub_queue_size_ 5, latch_queue_size_ 0
I0827 00:27:40.349414 1050707 tcp_socket_server.cc:200] [aorta]The ip info is0.0.0.0:34233
I0827 00:27:40.349643 1050707 shm_socket_server.cc:101] [aorta][/MotionControlService/SetLoad/request] bind at pipe sock name d2379|python3.10|p1049470|n0|/MotionControlService/SetLoad/request|p11
I0827 00:27:40.349737 1049470 node_impl.cc:198] [aorta]CreatePublisher, host:0.0.0.0, port:34233, sockname:d2379|python3.10|p1049470|n0|/MotionControlService/SetLoad/request|p11, topic:/MotionControlService/SetLoad/request, uid:c1c19b2d-8ecd-49ca-96c0-832b2a085cd5-13250693701014519938 topic_uid:-1
