Log file created at: 2025/08/26 23:42:17
Running on machine: G2
Log line format: [IWEF]mmdd hh:mm:ss.uuuuuu threadid file:line] msg
I0826 23:42:17.874466 302311 dylog_impl.cpp:641] [DYLOG] set dylog default level to INFO
I0826 23:42:17.874550 302311 dylog_impl.cpp:690] [DYLOG] soc num : R2
I0826 23:42:17.874564 302311 dylog_impl.cpp:695] [DYLOG] can't read scene_mode, use sud
W0826 23:42:17.874591 302311 dylog_impl.cpp:757] [DYLOG] can't find available json config file with path : /home/agi/app/conf/scene_server/dylog_sud_default.json, use default.
I0826 23:42:17.874698 302311 dylog_impl.cpp:293] [DYLOG] register dsd_name : dylog/python3.10/cosine_internal
I0826 23:42:17.878024 302311 cosine_bus_manager.cpp:88] [cosine_internal][CosineBusManager] cosine bus config path not set, use default config.
I0826 23:42:17.878065 302311 cosine_bus_manager.cpp:118] [cosine_internal][CosineBusManager] initial cosine_bus_config:
I0826 23:42:17.879657 302311 cosine_bus_global_sync.cpp:30] [cosine_internal][BusGlobalSync] set default middleware name:aorta
I0826 23:42:17.879694 302311 scheduler_classic.cpp:28] [cosine_internal]Proc number set to be: 1
I0826 23:42:17.880653 302311 dynamic_object.cpp:521] [cosine_internal][DynamicObject] open libdynamic_aorta.so success.
I0826 23:42:17.880959 302311 dynamic_object.cpp:581] [cosine_internal][DynamicObject] Successfully enumerated 57 symbols in libdynamic_aorta.so
I0826 23:42:17.880971 302311 resource_loader.cpp:13] [cosine_internal][ResourceLoader] Attempting to load function: aorta_get_object
I0826 23:42:17.880977 302311 resource_loader.cpp:17] [cosine_internal][ResourceLoader] Trying address() method for C++ symbol: aorta_get_object
I0826 23:42:17.880983 302311 resource_loader.cpp:20] [cosine_internal][ResourceLoader] Successfully loaded C++ symbol: aorta_get_object
I0826 23:42:17.880987 302311 resource_loader.cpp:13] [cosine_internal][ResourceLoader] Attempting to load function: aorta_call_object_func
I0826 23:42:17.880990 302311 resource_loader.cpp:17] [cosine_internal][ResourceLoader] Trying address() method for C++ symbol: aorta_call_object_func
I0826 23:42:17.880995 302311 resource_loader.cpp:20] [cosine_internal][ResourceLoader] Successfully loaded C++ symbol: aorta_call_object_func
I0826 23:42:17.880997 302311 resource_loader.cpp:13] [cosine_internal][ResourceLoader] Attempting to load function: aorta_clean_up
I0826 23:42:17.881000 302311 resource_loader.cpp:17] [cosine_internal][ResourceLoader] Trying address() method for C++ symbol: aorta_clean_up
I0826 23:42:17.881014 302311 resource_loader.cpp:25] [cosine_internal][ResourceLoader] C++ symbol failed, trying c_address() method for C symbol: aorta_clean_up
I0826 23:42:17.881019 302311 resource_loader.cpp:28] [cosine_internal][ResourceLoader] Successfully loaded C symbol: aorta_clean_up
W0826 23:42:17.881026 302311 aorta_component.cpp:90] [cosine_internal]Environment variable [LOCATOR_IP/DDS_IP] not set, fallback to 10.42.0.101
I0826 23:42:17.881031 302311 aorta_component.cpp:496] [cosine_internal][AortaComponent] locator_ip: 10.42.0.101; Check network before domain init 
I0826 23:42:17.881065 302311 clock.cpp:22] [cosine_internal]load ptp time source from: libptp_clock_time.so
I0826 23:42:17.881227 302311 dynamic_object.cpp:521] [cosine_internal][DynamicObject] open libptp_clock_time.so success.
I0826 23:42:17.881640 302311 aorta_component.cpp:515] [cosine_internal][AortaComponent] Network check start. locator_ip: 10.42.0.101, timeout: 60 seconds , check_start_time: 1756222937
I0826 23:42:17.881659 302311 aorta_component.cpp:526] [cosine_internal][AortaComponent] locator_ip: 10.42.0.101; network is ready.
I0826 23:42:17.881726 302311 dylog_impl.cpp:293] [DYLOG] register dsd_name : dylog/python3.10/aorta
I0826 23:42:17.881867 302311 pcie_config.cc:52] [aorta]Get one valid pcie channel. producer: soc-s3 app-map_loc_app endpoint-nvscic2c_pcie_s3_c7_11 consumer: soc-s1 app-worldmodel endpoint-nvscic2c_pcie_s1_c7_11
I0826 23:42:17.881950 302311 os.cc:88] [aorta]Got host_id from system files: Huixi R1ROBOR2
I0826 23:42:17.881987 302311 pcie_manager.cc:71] [aorta]There is no pcie config in current process.
I0826 23:42:17.882313 302311 message_monitor_config.cc:398] [aorta]run in  mode
I0826 23:42:17.883698 302311 domain_impl.cc:58] [aorta]aorta version:7b1b7ddc
I0826 23:42:17.883736 302311 json_comm.cc:35] [aorta]file path: /home/agi/app/conf/topology/topology_rule.json not exist.
I0826 23:42:17.883754 302311 message_monitor_config.cc:398] [aorta]run in  mode
I0826 23:42:17.884716 302311 message_monitor_config.cc:731] [aorta]message monitor is updated from /home/agi/app/conf/aorta/function/aorta_monitor_conf.json
I0826 23:42:17.885713 302311 discovery_factory.cc:14] [aorta]type:1, host:10.42.0.101, port:2379, ttl:15, minor_cycle:100, major_cycle:3
I0826 23:42:17.886201 302311 config.cc:53] [aorta]AORTA_IP_MASK not set.
I0826 23:42:17.886209 302311 discovery.cc:245] [aorta]get ip masks empty.
I0826 23:42:17.886216 302311 config.cc:200] [aorta]AORTA_EXTRA_LOCAL_IPS not set.
I0826 23:42:17.886220 302311 discovery.cc:266] [aorta]local_publisher_ips_ empty.
I0826 23:42:17.886240 302311 config.cc:124] [aorta]ip match, ip:127.0.0.1
I0826 23:42:17.886247 302311 discovery.cc:275] [aorta]default emplace ip:10.42.0.101
I0826 23:42:17.886250 302311 discovery.cc:275] [aorta]default emplace ip:10.42.12.101
I0826 23:42:17.886253 302311 discovery.cc:275] [aorta]default emplace ip:10.42.1.101
I0826 23:42:17.886256 302311 discovery.cc:275] [aorta]default emplace ip:10.42.6.101
I0826 23:42:17.886260 302311 discovery.cc:275] [aorta]default emplace ip:192.168.1.101
I0826 23:42:17.886261 302311 discovery.cc:275] [aorta]default emplace ip:10.42.30.101
I0826 23:42:17.886265 302311 discovery.cc:275] [aorta]default emplace ip:10.42.40.101
I0826 23:42:17.886267 302311 discovery.cc:275] [aorta]default emplace ip:10.20.15.199
I0826 23:42:17.886270 302311 discovery.cc:275] [aorta]default emplace ip:10.42.6.101
I0826 23:42:17.886274 302311 centralized_discovery.cc:55] [aorta]lease_ttl_:15
I0826 23:42:17.886673 302311 aorta_component.cpp:561] [cosine_internal][AortaComponent] aorta create domain success. uri:http://10.42.0.101:2379
I0826 23:42:17.886812 302311 aorta_component.cpp:447] [cosine_internal][AortaComponent] aorta domain created node: python3.10_S1 , domain_uri:http://10.42.0.101:2379
I0826 23:42:17.886821 302311 aorta_component.cpp:126] [cosine_internal][AortaComponent] aorta component init success. node:python3.10_S1, uri:http://10.42.0.101:2379, locator_kind(1:shm,2:tcp,3:udp):2, locator_ip:10.42.0.101, locator_port:0, aorta_dispatcher_thread_num:1
I0826 23:42:17.886962 302347 processor.cpp:40] [cosine_internal]processor_tid: 302347
I0826 23:42:17.886970 302350 executor_impl.cc:91] [aorta]aorta-dispatch0 start spinning
I0826 23:42:17.915737 302349 centralized_discovery.cc:1110] [aorta]poll thread: revision:1092
I0826 23:42:17.915851 302349 centralized_discovery.cc:1123] [aorta]inotify_fd_:15 inotify_watch_:1 inotify_watch_path:/home/agi/app/conf/aorta/function
I0826 23:42:17.917395 302349 centralized_discovery.cc:615] [aorta]grant lease for node python3.10_S1 lease_id = 7587889064995165663
I0826 23:42:17.918453 302349 watch_state.cc:54] [aorta]watch connect success.
I0826 23:42:17.919580 302349 centralized_discovery.cc:1615] [aorta]recv watch response created.
I0826 23:42:17.956854 302311 cosine_bus_manager.cpp:294] [cosine_internal][CosineBusManager] create publisher. topic name:/gdk/config_request , middleware:aorta
I0826 23:42:17.957561 302311 tcp_publisher.cc:179] [aorta]topic /gdk/config_request, pub_queue_size_ 5, latch_queue_size_ 0
I0826 23:42:17.957798 302368 tcp_socket_server.cc:200] [aorta]The ip info is0.0.0.0:32799
I0826 23:42:17.957922 302368 shm_socket_server.cc:101] [aorta][/gdk/config_request] bind at pipe sock name d2379|python3.10|p302311|n0|/gdk/config_request|p0
I0826 23:42:17.958025 302311 node_impl.cc:198] [aorta]CreatePublisher, host:0.0.0.0, port:32799, sockname:d2379|python3.10|p302311|n0|/gdk/config_request|p0, topic:/gdk/config_request, uid:32f53301-aaec-4ae5-8e8d-f18692be45c9-4991715019463590898 topic_uid:-1
I0826 23:42:17.958070 302311 aorta_component.cpp:394] [cosine_internal][AortaComponent] aorta node create publisher. node: python3.10_S1, topic:/gdk/config_request, type:genie_msgs.msg.pb.CommonRequest, qos:(history:1, depth:5, reliability:1, durability:2), uri:http://10.42.0.101:2379
I0826 23:42:17.958114 302311 aorta_publisher.cpp:119] [cosine_internal][AortaPublisher] publisher initialize. topic:/gdk/config_request, uri:
I0826 23:42:17.958128 302311 dylog_impl.cpp:293] [DYLOG] register dsd_name : dylog/python3.10/GDK
I0826 23:42:17.958130 302349 centralized_discovery.cc:681] [aorta]publisher uid:32f53301-aaec-4ae5-8e8d-f18692be45c9-4991715019463590898 topic:/gdk/config_request
I0826 23:42:17.958166 302311 publisher.cpp:27] [GDK]create publisher: /gdk/config_request type: genie_msgs.msg.pb.CommonRequest qos: 1 1 5 2
I0826 23:42:17.958189 302311 cosine_bus_manager.cpp:294] [cosine_internal][CosineBusManager] create publisher. topic name:/gdk/camera_conf_request , middleware:aorta
I0826 23:42:17.958601 302311 tcp_publisher.cc:179] [aorta]topic /gdk/camera_conf_request, pub_queue_size_ 5, latch_queue_size_ 0
I0826 23:42:17.958679 302368 tcp_socket_server.cc:200] [aorta]The ip info is0.0.0.0:42801
I0826 23:42:17.958793 302368 shm_socket_server.cc:101] [aorta][/gdk/camera_conf_request] bind at pipe sock name d2379|python3.10|p302311|n0|/gdk/camera_conf_request|p1
I0826 23:42:17.958866 302311 node_impl.cc:198] [aorta]CreatePublisher, host:0.0.0.0, port:42801, sockname:d2379|python3.10|p302311|n0|/gdk/camera_conf_request|p1, topic:/gdk/camera_conf_request, uid:63c8ea71-6d1d-4b0a-9189-c5d066dd15d0-9117180461459404870 topic_uid:-1
I0826 23:42:17.958891 302311 aorta_component.cpp:394] [cosine_internal][AortaComponent] aorta node create publisher. node: python3.10_S1, topic:/gdk/camera_conf_request, type:genie_msgs.msg.pb.CommonRequest, qos:(history:1, depth:5, reliability:1, durability:2), uri:http://10.42.0.101:2379
I0826 23:42:17.958927 302311 aorta_publisher.cpp:119] [cosine_internal][AortaPublisher] publisher initialize. topic:/gdk/camera_conf_request, uri:
I0826 23:42:17.958936 302311 publisher.cpp:27] [GDK]create publisher: /gdk/camera_conf_request type: genie_msgs.msg.pb.CommonRequest qos: 1 1 5 2
I0826 23:42:17.958967 302311 cosine_bus_manager.cpp:400] [cosine_internal][CosineBusManager] create subscriber. topic name:/gdk/config_response , middleware:aorta , need async callback:0, frame_skip_rate:1
I0826 23:42:17.958978 302311 aorta_component.cpp:174] [cosine_internal][AortaComponent] callback_name:/gdk/config_responsehttp://10.42.0.101:2379
I0826 23:42:17.959048 302311 dynamic_object.cpp:521] [cosine_internal][DynamicObject] open  success.
I0826 23:42:17.959226 302311 buffered_data_export.cpp:115] [cosine_internal]successfully create buffer [bus_buffer___gdk__config_response, type genie_msgs.msg.pb.CommonResponse, block num 5, valid_time 0, transfer_type 0, data_size 0, mem_type 0, lib_name , ext_data_size 0, is_protobuf 1, enable_event_sync_subscriber 0], buffer id = 1
I0826 23:42:17.959250 302311 cosine_bus_message_buffer.cpp:45] [cosine_internal][CosineBusMessageBuffer] create buffer success. name:bus_buffer___gdk__config_response, type:genie_msgs.msg.pb.CommonResponse, size:5
I0826 23:42:17.959338 302311 node_impl.cc:344] [aorta]CreateSubscriber topic:/gdk/config_response, uid:2c254d61-900f-47ea-b694-e323ba4bf4d4-9533047780102618842 topic_uid:-1
I0826 23:42:17.959992 302311 aorta_component.cpp:326] [cosine_internal][AortaComponent] aorta node create subscriber. node: python3.10_S1, topic:/gdk/config_response, type:genie_msgs.msg.pb.CommonResponse, qos:(history:1, depth:5, reliability:1, durability:2), uri:http://10.42.0.101:2379
I0826 23:42:17.960008 302311 aorta_subscriber.hpp:96] [cosine_internal][AortaSubscriber] initial. topic:/gdk/config_response, uri:
I0826 23:42:17.960023 302311 cosine_bus_manager.cpp:400] [cosine_internal][CosineBusManager] create subscriber. topic name:/gdk/camera_conf_response , middleware:aorta , need async callback:0, frame_skip_rate:1
I0826 23:42:17.960031 302311 aorta_component.cpp:174] [cosine_internal][AortaComponent] callback_name:/gdk/camera_conf_responsehttp://10.42.0.101:2379
I0826 23:42:17.960074 302311 buffered_data_export.cpp:115] [cosine_internal]successfully create buffer [bus_buffer___gdk__camera_conf_response, type genie_msgs.msg.pb.CommonResponse, block num 5, valid_time 0, transfer_type 0, data_size 0, mem_type 0, lib_name , ext_data_size 0, is_protobuf 1, enable_event_sync_subscriber 0], buffer id = 2
I0826 23:42:17.960088 302311 cosine_bus_message_buffer.cpp:45] [cosine_internal][CosineBusMessageBuffer] create buffer success. name:bus_buffer___gdk__camera_conf_response, type:genie_msgs.msg.pb.CommonResponse, size:5
I0826 23:42:17.960165 302311 node_impl.cc:344] [aorta]CreateSubscriber topic:/gdk/camera_conf_response, uid:c6438dd2-685c-4893-94a9-b5df19526e8c-3551884323222435368 topic_uid:-1
I0826 23:42:17.960548 302311 aorta_component.cpp:326] [cosine_internal][AortaComponent] aorta node create subscriber. node: python3.10_S1, topic:/gdk/camera_conf_response, type:genie_msgs.msg.pb.CommonResponse, qos:(history:1, depth:5, reliability:1, durability:2), uri:http://10.42.0.101:2379
I0826 23:42:17.960558 302311 aorta_subscriber.hpp:96] [cosine_internal][AortaSubscriber] initial. topic:/gdk/camera_conf_response, uri:
I0826 23:42:17.960636 302311 cosine_bus_manager.cpp:400] [cosine_internal][CosineBusManager] create subscriber. topic name:/pnc/task_state , middleware:aorta , need async callback:0, frame_skip_rate:1
I0826 23:42:17.960644 302311 aorta_component.cpp:174] [cosine_internal][AortaComponent] callback_name:/pnc/task_statehttp://10.42.0.101:2379
I0826 23:42:17.961323 302311 buffered_data_export.cpp:115] [cosine_internal]successfully create buffer [bus_buffer___pnc__task_state, type pnc_msgs.TaskState, block num 5, valid_time 0, transfer_type 0, data_size 0, mem_type 0, lib_name , ext_data_size 0, is_protobuf 1, enable_event_sync_subscriber 0], buffer id = 3
I0826 23:42:17.961345 302311 cosine_bus_message_buffer.cpp:45] [cosine_internal][CosineBusMessageBuffer] create buffer success. name:bus_buffer___pnc__task_state, type:pnc_msgs.TaskState, size:5
I0826 23:42:17.961440 302311 node_impl.cc:344] [aorta]CreateSubscriber topic:/pnc/task_state, uid:55a3a3bf-1af1-4d42-ba72-420e29a9df08-9096530589114119892 topic_uid:-1
I0826 23:42:17.961510 302349 centralized_discovery.cc:681] [aorta]publisher uid:63c8ea71-6d1d-4b0a-9189-c5d066dd15d0-9117180461459404870 topic:/gdk/camera_conf_request
I0826 23:42:17.962054 302311 aorta_component.cpp:326] [cosine_internal][AortaComponent] aorta node create subscriber. node: python3.10_S1, topic:/pnc/task_state, type:pnc_msgs.TaskState, qos:(history:1, depth:5, reliability:1, durability:2), uri:http://10.42.0.101:2379
I0826 23:42:17.962071 302311 aorta_subscriber.hpp:96] [cosine_internal][AortaSubscriber] initial. topic:/pnc/task_state, uri:
I0826 23:42:17.962108 302311 cosine_bus_manager.cpp:400] [cosine_internal][CosineBusManager] create subscriber. topic name:/pnc/task_service/normal_navigation/response , middleware:aorta , need async callback:0, frame_skip_rate:1
I0826 23:42:17.962117 302311 aorta_component.cpp:174] [cosine_internal][AortaComponent] callback_name:/pnc/task_service/normal_navigation/responsehttp://10.42.0.101:2379
I0826 23:42:17.962169 302311 buffered_data_export.cpp:115] [cosine_internal]successfully create buffer [bus_buffer___pnc__task_service__normal_navigation__response, type pnc_msgs.NormalNavigationResponse, block num 5, valid_time 0, transfer_type 0, data_size 0, mem_type 0, lib_name , ext_data_size 0, is_protobuf 1, enable_event_sync_subscriber 0], buffer id = 4
I0826 23:42:17.962185 302311 cosine_bus_message_buffer.cpp:45] [cosine_internal][CosineBusMessageBuffer] create buffer success. name:bus_buffer___pnc__task_service__normal_navigation__response, type:pnc_msgs.NormalNavigationResponse, size:5
I0826 23:42:17.962277 302311 node_impl.cc:344] [aorta]CreateSubscriber topic:/pnc/task_service/normal_navigation/response, uid:84c69237-fdca-47fd-9048-4963b415fdbf-7227396448010854466 topic_uid:-1
I0826 23:42:17.962656 302311 aorta_component.cpp:326] [cosine_internal][AortaComponent] aorta node create subscriber. node: python3.10_S1, topic:/pnc/task_service/normal_navigation/response, type:pnc_msgs.NormalNavigationResponse, qos:(history:1, depth:5, reliability:1, durability:2), uri:http://10.42.0.101:2379
I0826 23:42:17.962664 302311 aorta_subscriber.hpp:96] [cosine_internal][AortaSubscriber] initial. topic:/pnc/task_service/normal_navigation/response, uri:
I0826 23:42:17.962675 302311 cosine_bus_manager.cpp:400] [cosine_internal][CosineBusManager] create subscriber. topic name:/pnc/task_service/high_precision_navigation/response , middleware:aorta , need async callback:0, frame_skip_rate:1
I0826 23:42:17.962682 302311 aorta_component.cpp:174] [cosine_internal][AortaComponent] callback_name:/pnc/task_service/high_precision_navigation/responsehttp://10.42.0.101:2379
I0826 23:42:17.962720 302311 buffered_data_export.cpp:115] [cosine_internal]successfully create buffer [bus_buffer___pnc__task_service__high_precision_navigation__response, type pnc_msgs.HighPrecisionNavigationResponse, block num 5, valid_time 0, transfer_type 0, data_size 0, mem_type 0, lib_name , ext_data_size 0, is_protobuf 1, enable_event_sync_subscriber 0], buffer id = 5
I0826 23:42:17.962733 302311 cosine_bus_message_buffer.cpp:45] [cosine_internal][CosineBusMessageBuffer] create buffer success. name:bus_buffer___pnc__task_service__high_precision_navigation__response, type:pnc_msgs.HighPrecisionNavigationResponse, size:5
I0826 23:42:17.962801 302311 node_impl.cc:344] [aorta]CreateSubscriber topic:/pnc/task_service/high_precision_navigation/response, uid:934d68b9-daf0-40fb-b2c1-46e2bc8fa59f-4701876173029784314 topic_uid:-1
I0826 23:42:17.962869 302349 centralized_discovery.cc:733] [aorta]subscriber uid:2c254d61-900f-47ea-b694-e323ba4bf4d4-9533047780102618842 topic:/gdk/config_response
I0826 23:42:17.963196 302311 aorta_component.cpp:326] [cosine_internal][AortaComponent] aorta node create subscriber. node: python3.10_S1, topic:/pnc/task_service/high_precision_navigation/response, type:pnc_msgs.HighPrecisionNavigationResponse, qos:(history:1, depth:5, reliability:1, durability:2), uri:http://10.42.0.101:2379
I0826 23:42:17.963212 302311 aorta_subscriber.hpp:96] [cosine_internal][AortaSubscriber] initial. topic:/pnc/task_service/high_precision_navigation/response, uri:
I0826 23:42:17.963227 302311 cosine_bus_manager.cpp:400] [cosine_internal][CosineBusManager] create subscriber. topic name:/pnc/task_service/relative_move/response , middleware:aorta , need async callback:0, frame_skip_rate:1
I0826 23:42:17.963233 302311 aorta_component.cpp:174] [cosine_internal][AortaComponent] callback_name:/pnc/task_service/relative_move/responsehttp://10.42.0.101:2379
I0826 23:42:17.963270 302311 buffered_data_export.cpp:115] [cosine_internal]successfully create buffer [bus_buffer___pnc__task_service__relative_move__response, type pnc_msgs.RelativeMoveResponse, block num 5, valid_time 0, transfer_type 0, data_size 0, mem_type 0, lib_name , ext_data_size 0, is_protobuf 1, enable_event_sync_subscriber 0], buffer id = 6
I0826 23:42:17.963282 302311 cosine_bus_message_buffer.cpp:45] [cosine_internal][CosineBusMessageBuffer] create buffer success. name:bus_buffer___pnc__task_service__relative_move__response, type:pnc_msgs.RelativeMoveResponse, size:5
I0826 23:42:17.963357 302311 node_impl.cc:344] [aorta]CreateSubscriber topic:/pnc/task_service/relative_move/response, uid:5e2b93f0-411f-4b01-91f0-5c5f2d6b6d2f-4077207897147431090 topic_uid:-1
I0826 23:42:17.963757 302311 aorta_component.cpp:326] [cosine_internal][AortaComponent] aorta node create subscriber. node: python3.10_S1, topic:/pnc/task_service/relative_move/response, type:pnc_msgs.RelativeMoveResponse, qos:(history:1, depth:5, reliability:1, durability:2), uri:http://10.42.0.101:2379
I0826 23:42:17.963768 302311 aorta_subscriber.hpp:96] [cosine_internal][AortaSubscriber] initial. topic:/pnc/task_service/relative_move/response, uri:
I0826 23:42:17.963786 302311 cosine_bus_manager.cpp:400] [cosine_internal][CosineBusManager] create subscriber. topic name:/pnc/task_service/task_cancel/response , middleware:aorta , need async callback:0, frame_skip_rate:1
I0826 23:42:17.963793 302311 aorta_component.cpp:174] [cosine_internal][AortaComponent] callback_name:/pnc/task_service/task_cancel/responsehttp://10.42.0.101:2379
I0826 23:42:17.963830 302311 buffered_data_export.cpp:115] [cosine_internal]successfully create buffer [bus_buffer___pnc__task_service__task_cancel__response, type pnc_msgs.TaskCancelResponse, block num 5, valid_time 0, transfer_type 0, data_size 0, mem_type 0, lib_name , ext_data_size 0, is_protobuf 1, enable_event_sync_subscriber 0], buffer id = 7
I0826 23:42:17.963843 302311 cosine_bus_message_buffer.cpp:45] [cosine_internal][CosineBusMessageBuffer] create buffer success. name:bus_buffer___pnc__task_service__task_cancel__response, type:pnc_msgs.TaskCancelResponse, size:5
I0826 23:42:17.963917 302311 node_impl.cc:344] [aorta]CreateSubscriber topic:/pnc/task_service/task_cancel/response, uid:95f1ead6-f9a4-4772-83be-ae635a164949-3654631836754090917 topic_uid:-1
I0826 23:42:17.964298 302311 aorta_component.cpp:326] [cosine_internal][AortaComponent] aorta node create subscriber. node: python3.10_S1, topic:/pnc/task_service/task_cancel/response, type:pnc_msgs.TaskCancelResponse, qos:(history:1, depth:5, reliability:1, durability:2), uri:http://10.42.0.101:2379
I0826 23:42:17.964308 302311 aorta_subscriber.hpp:96] [cosine_internal][AortaSubscriber] initial. topic:/pnc/task_service/task_cancel/response, uri:
I0826 23:42:17.964324 302311 cosine_bus_manager.cpp:400] [cosine_internal][CosineBusManager] create subscriber. topic name:/pnc/task_service/task_pause/response , middleware:aorta , need async callback:0, frame_skip_rate:1
I0826 23:42:17.964331 302311 aorta_component.cpp:174] [cosine_internal][AortaComponent] callback_name:/pnc/task_service/task_pause/responsehttp://10.42.0.101:2379
I0826 23:42:17.964362 302311 buffered_data_export.cpp:115] [cosine_internal]successfully create buffer [bus_buffer___pnc__task_service__task_pause__response, type pnc_msgs.TaskPauseResponse, block num 5, valid_time 0, transfer_type 0, data_size 0, mem_type 0, lib_name , ext_data_size 0, is_protobuf 1, enable_event_sync_subscriber 0], buffer id = 8
I0826 23:42:17.964373 302311 cosine_bus_message_buffer.cpp:45] [cosine_internal][CosineBusMessageBuffer] create buffer success. name:bus_buffer___pnc__task_service__task_pause__response, type:pnc_msgs.TaskPauseResponse, size:5
I0826 23:42:17.964438 302311 node_impl.cc:344] [aorta]CreateSubscriber topic:/pnc/task_service/task_pause/response, uid:4b2a2887-56c0-4e88-9e7b-6d781828c326-4995236092065324733 topic_uid:-1
I0826 23:42:17.964730 302369 shm_subscriber.cc:120] [aorta]subscriber connect to publisher success, topic /gdk/config_response, local d2379|python3.10|p302311|n0|s0|c0, peer d2379|gdk_service|p8997|n0|/gdk/config_response|p0
I0826 23:42:17.964831 302311 aorta_component.cpp:326] [cosine_internal][AortaComponent] aorta node create subscriber. node: python3.10_S1, topic:/pnc/task_service/task_pause/response, type:pnc_msgs.TaskPauseResponse, qos:(history:1, depth:5, reliability:1, durability:2), uri:http://10.42.0.101:2379
I0826 23:42:17.964846 302311 aorta_subscriber.hpp:96] [cosine_internal][AortaSubscriber] initial. topic:/pnc/task_service/task_pause/response, uri:
I0826 23:42:17.964825 302349 centralized_discovery.cc:733] [aorta]subscriber uid:c6438dd2-685c-4893-94a9-b5df19526e8c-3551884323222435368 topic:/gdk/camera_conf_response
I0826 23:42:17.964860 302311 cosine_bus_manager.cpp:400] [cosine_internal][CosineBusManager] create subscriber. topic name:/pnc/task_service/task_resume/response , middleware:aorta , need async callback:0, frame_skip_rate:1
I0826 23:42:17.964867 302311 aorta_component.cpp:174] [cosine_internal][AortaComponent] callback_name:/pnc/task_service/task_resume/responsehttp://10.42.0.101:2379
I0826 23:42:17.964898 302311 buffered_data_export.cpp:115] [cosine_internal]successfully create buffer [bus_buffer___pnc__task_service__task_resume__response, type pnc_msgs.TaskResumeResponse, block num 5, valid_time 0, transfer_type 0, data_size 0, mem_type 0, lib_name , ext_data_size 0, is_protobuf 1, enable_event_sync_subscriber 0], buffer id = 9
I0826 23:42:17.964910 302311 cosine_bus_message_buffer.cpp:45] [cosine_internal][CosineBusMessageBuffer] create buffer success. name:bus_buffer___pnc__task_service__task_resume__response, type:pnc_msgs.TaskResumeResponse, size:5
I0826 23:42:17.964968 302311 node_impl.cc:344] [aorta]CreateSubscriber topic:/pnc/task_service/task_resume/response, uid:f606b029-f384-443c-a0a2-ffc774809fa3-16859347558940246081 topic_uid:-1
I0826 23:42:17.965356 302311 aorta_component.cpp:326] [cosine_internal][AortaComponent] aorta node create subscriber. node: python3.10_S1, topic:/pnc/task_service/task_resume/response, type:pnc_msgs.TaskResumeResponse, qos:(history:1, depth:5, reliability:1, durability:2), uri:http://10.42.0.101:2379
I0826 23:42:17.965369 302311 aorta_subscriber.hpp:96] [cosine_internal][AortaSubscriber] initial. topic:/pnc/task_service/task_resume/response, uri:
I0826 23:42:17.965380 302311 cosine_bus_manager.cpp:400] [cosine_internal][CosineBusManager] create subscriber. topic name:/pnc/task_service/remote_control/response , middleware:aorta , need async callback:0, frame_skip_rate:1
I0826 23:42:17.965386 302311 aorta_component.cpp:174] [cosine_internal][AortaComponent] callback_name:/pnc/task_service/remote_control/responsehttp://10.42.0.101:2379
I0826 23:42:17.965416 302311 buffered_data_export.cpp:115] [cosine_internal]successfully create buffer [bus_buffer___pnc__task_service__remote_control__response, type pnc_msgs.RemoteControlResponse, block num 5, valid_time 0, transfer_type 0, data_size 0, mem_type 0, lib_name , ext_data_size 0, is_protobuf 1, enable_event_sync_subscriber 0], buffer id = 10
I0826 23:42:17.965427 302311 cosine_bus_message_buffer.cpp:45] [cosine_internal][CosineBusMessageBuffer] create buffer success. name:bus_buffer___pnc__task_service__remote_control__response, type:pnc_msgs.RemoteControlResponse, size:5
I0826 23:42:17.965481 302311 node_impl.cc:344] [aorta]CreateSubscriber topic:/pnc/task_service/remote_control/response, uid:acc8133a-ca1a-4b72-b434-b0b05335e8ff-11583863028842959166 topic_uid:-1
I0826 23:42:17.965873 302311 aorta_component.cpp:326] [cosine_internal][AortaComponent] aorta node create subscriber. node: python3.10_S1, topic:/pnc/task_service/remote_control/response, type:pnc_msgs.RemoteControlResponse, qos:(history:1, depth:5, reliability:1, durability:2), uri:http://10.42.0.101:2379
I0826 23:42:17.965883 302311 aorta_subscriber.hpp:96] [cosine_internal][AortaSubscriber] initial. topic:/pnc/task_service/remote_control/response, uri:
I0826 23:42:17.965903 302311 cosine_bus_manager.cpp:294] [cosine_internal][CosineBusManager] create publisher. topic name:/pnc/task_service/normal_navigation/request , middleware:aorta
I0826 23:42:17.966102 302369 shm_subscriber.cc:120] [aorta]subscriber connect to publisher success, topic /gdk/camera_conf_response, local d2379|python3.10|p302311|n0|s1|c0, peer d2379|gdk_service|p8997|n0|/gdk/camera_conf_response|p1
I0826 23:42:17.966199 302349 centralized_discovery.cc:733] [aorta]subscriber uid:55a3a3bf-1af1-4d42-ba72-420e29a9df08-9096530589114119892 topic:/pnc/task_state
I0826 23:42:17.966306 302311 tcp_publisher.cc:179] [aorta]topic /pnc/task_service/normal_navigation/request, pub_queue_size_ 5, latch_queue_size_ 0
I0826 23:42:17.966368 302368 tcp_socket_server.cc:200] [aorta]The ip info is0.0.0.0:40489
I0826 23:42:17.966446 302368 shm_socket_server.cc:101] [aorta][/pnc/task_service/normal_navigation/request] bind at pipe sock name d2379|python3.10|p302311|n0|..task_service/normal_navigation/request|p2
I0826 23:42:17.966513 302311 node_impl.cc:198] [aorta]CreatePublisher, host:0.0.0.0, port:40489, sockname:d2379|python3.10|p302311|n0|..task_service/normal_navigation/request|p2, topic:/pnc/task_service/normal_navigation/request, uid:9a57520d-4a9a-4b72-97c2-ec86aecd1419-11863888217293896894 topic_uid:-1
I0826 23:42:17.966538 302311 aorta_component.cpp:394] [cosine_internal][AortaComponent] aorta node create publisher. node: python3.10_S1, topic:/pnc/task_service/normal_navigation/request, type:pnc_msgs.NormalNavigationRequest, qos:(history:1, depth:5, reliability:1, durability:2), uri:http://10.42.0.101:2379
I0826 23:42:17.966585 302311 aorta_publisher.cpp:119] [cosine_internal][AortaPublisher] publisher initialize. topic:/pnc/task_service/normal_navigation/request, uri:
I0826 23:42:17.966595 302311 publisher.cpp:27] [GDK]create publisher: /pnc/task_service/normal_navigation/request type: pnc_msgs.NormalNavigationRequest qos: 1 1 5 2
I0826 23:42:17.966614 302311 cosine_bus_manager.cpp:294] [cosine_internal][CosineBusManager] create publisher. topic name:/pnc/task_service/high_precision_navigation/request , middleware:aorta
I0826 23:42:17.966980 302369 shm_subscriber.cc:120] [aorta]subscriber connect to publisher success, topic /pnc/task_state, local d2379|python3.10|p302311|n0|s2|c0, peer d2379|quark_navigation|p9584|n0|/pnc/task_state|p24
I0826 23:42:17.967047 302349 centralized_discovery.cc:733] [aorta]subscriber uid:84c69237-fdca-47fd-9048-4963b415fdbf-7227396448010854466 topic:/pnc/task_service/normal_navigation/response
I0826 23:42:17.967072 302311 tcp_publisher.cc:179] [aorta]topic /pnc/task_service/high_precision_navigation/request, pub_queue_size_ 5, latch_queue_size_ 0
I0826 23:42:17.967171 302368 tcp_socket_server.cc:200] [aorta]The ip info is0.0.0.0:46375
I0826 23:42:17.967293 302368 shm_socket_server.cc:101] [aorta][/pnc/task_service/high_precision_navigation/request] bind at pipe sock name d2379|python3.10|p302311|n0|..vice/high_precision_navigation/request|p3
I0826 23:42:17.967376 302311 node_impl.cc:198] [aorta]CreatePublisher, host:0.0.0.0, port:46375, sockname:d2379|python3.10|p302311|n0|..vice/high_precision_navigation/request|p3, topic:/pnc/task_service/high_precision_navigation/request, uid:ff5c2d7c-c574-4ae0-aaa2-5628cbe9f2fe-13581583299462652003 topic_uid:-1
I0826 23:42:17.967397 302311 aorta_component.cpp:394] [cosine_internal][AortaComponent] aorta node create publisher. node: python3.10_S1, topic:/pnc/task_service/high_precision_navigation/request, type:pnc_msgs.HighPrecisionNavigationRequest, qos:(history:1, depth:5, reliability:1, durability:2), uri:http://10.42.0.101:2379
I0826 23:42:17.967448 302311 aorta_publisher.cpp:119] [cosine_internal][AortaPublisher] publisher initialize. topic:/pnc/task_service/high_precision_navigation/request, uri:
I0826 23:42:17.967458 302311 publisher.cpp:27] [GDK]create publisher: /pnc/task_service/high_precision_navigation/request type: pnc_msgs.HighPrecisionNavigationRequest qos: 1 1 5 2
I0826 23:42:17.967474 302311 cosine_bus_manager.cpp:294] [cosine_internal][CosineBusManager] create publisher. topic name:/pnc/task_service/relative_move/request , middleware:aorta
I0826 23:42:17.967911 302311 tcp_publisher.cc:179] [aorta]topic /pnc/task_service/relative_move/request, pub_queue_size_ 5, latch_queue_size_ 0
I0826 23:42:17.967986 302368 tcp_socket_server.cc:200] [aorta]The ip info is0.0.0.0:46457
I0826 23:42:17.968065 302368 shm_socket_server.cc:101] [aorta][/pnc/task_service/relative_move/request] bind at pipe sock name d2379|python3.10|p302311|n0|/pnc/task_service/relative_move/request|p4
I0826 23:42:17.968115 302311 node_impl.cc:198] [aorta]CreatePublisher, host:0.0.0.0, port:46457, sockname:d2379|python3.10|p302311|n0|/pnc/task_service/relative_move/request|p4, topic:/pnc/task_service/relative_move/request, uid:54be0809-a3ee-48fc-97f4-740a4807b496-1499998713038698463 topic_uid:-1
I0826 23:42:17.968133 302311 aorta_component.cpp:394] [cosine_internal][AortaComponent] aorta node create publisher. node: python3.10_S1, topic:/pnc/task_service/relative_move/request, type:pnc_msgs.RelativeMoveRequest, qos:(history:1, depth:5, reliability:1, durability:2), uri:http://10.42.0.101:2379
I0826 23:42:17.968143 302369 shm_subscriber.cc:120] [aorta]subscriber connect to publisher success, topic /pnc/task_service/normal_navigation/response, local d2379|python3.10|p302311|n0|s3|c0, peer d2379|quark_navigation|p9584|n0|..ask_service/normal_navigation/response|p11
I0826 23:42:17.968164 302311 aorta_publisher.cpp:119] [cosine_internal][AortaPublisher] publisher initialize. topic:/pnc/task_service/relative_move/request, uri:
I0826 23:42:17.968170 302311 publisher.cpp:27] [GDK]create publisher: /pnc/task_service/relative_move/request type: pnc_msgs.RelativeMoveRequest qos: 1 1 5 2
I0826 23:42:17.968183 302311 cosine_bus_manager.cpp:294] [cosine_internal][CosineBusManager] create publisher. topic name:/pnc/task_service/task_cancel/request , middleware:aorta
I0826 23:42:17.968196 302349 centralized_discovery.cc:733] [aorta]subscriber uid:934d68b9-daf0-40fb-b2c1-46e2bc8fa59f-4701876173029784314 topic:/pnc/task_service/high_precision_navigation/response
I0826 23:42:17.968585 302311 tcp_publisher.cc:179] [aorta]topic /pnc/task_service/task_cancel/request, pub_queue_size_ 5, latch_queue_size_ 0
I0826 23:42:17.968658 302368 tcp_socket_server.cc:200] [aorta]The ip info is0.0.0.0:33085
I0826 23:42:17.968731 302368 shm_socket_server.cc:101] [aorta][/pnc/task_service/task_cancel/request] bind at pipe sock name d2379|python3.10|p302311|n0|/pnc/task_service/task_cancel/request|p5
I0826 23:42:17.968887 302311 node_impl.cc:198] [aorta]CreatePublisher, host:0.0.0.0, port:33085, sockname:d2379|python3.10|p302311|n0|/pnc/task_service/task_cancel/request|p5, topic:/pnc/task_service/task_cancel/request, uid:10d34205-1b4c-4f9f-99fe-e4989c1401d7-10250913672907467700 topic_uid:-1
I0826 23:42:17.968914 302311 aorta_component.cpp:394] [cosine_internal][AortaComponent] aorta node create publisher. node: python3.10_S1, topic:/pnc/task_service/task_cancel/request, type:pnc_msgs.TaskCancelRequest, qos:(history:1, depth:5, reliability:1, durability:2), uri:http://10.42.0.101:2379
I0826 23:42:17.968948 302311 aorta_publisher.cpp:119] [cosine_internal][AortaPublisher] publisher initialize. topic:/pnc/task_service/task_cancel/request, uri:
I0826 23:42:17.968958 302311 publisher.cpp:27] [GDK]create publisher: /pnc/task_service/task_cancel/request type: pnc_msgs.TaskCancelRequest qos: 1 1 5 2
I0826 23:42:17.968974 302311 cosine_bus_manager.cpp:294] [cosine_internal][CosineBusManager] create publisher. topic name:/pnc/task_service/task_pause/request , middleware:aorta
I0826 23:42:17.969410 302311 tcp_publisher.cc:179] [aorta]topic /pnc/task_service/task_pause/request, pub_queue_size_ 5, latch_queue_size_ 0
I0826 23:42:17.969485 302368 tcp_socket_server.cc:200] [aorta]The ip info is0.0.0.0:46643
I0826 23:42:17.969578 302368 shm_socket_server.cc:101] [aorta][/pnc/task_service/task_pause/request] bind at pipe sock name d2379|python3.10|p302311|n0|/pnc/task_service/task_pause/request|p6
I0826 23:42:17.969645 302311 node_impl.cc:198] [aorta]CreatePublisher, host:0.0.0.0, port:46643, sockname:d2379|python3.10|p302311|n0|/pnc/task_service/task_pause/request|p6, topic:/pnc/task_service/task_pause/request, uid:19275107-f701-4e87-b6f1-e2fb78a3a568-2366368184012060648 topic_uid:-1
I0826 23:42:17.969666 302311 aorta_component.cpp:394] [cosine_internal][AortaComponent] aorta node create publisher. node: python3.10_S1, topic:/pnc/task_service/task_pause/request, type:pnc_msgs.TaskPauseRequest, qos:(history:1, depth:5, reliability:1, durability:2), uri:http://10.42.0.101:2379
I0826 23:42:17.969696 302311 aorta_publisher.cpp:119] [cosine_internal][AortaPublisher] publisher initialize. topic:/pnc/task_service/task_pause/request, uri:
I0826 23:42:17.969704 302311 publisher.cpp:27] [GDK]create publisher: /pnc/task_service/task_pause/request type: pnc_msgs.TaskPauseRequest qos: 1 1 5 2
I0826 23:42:17.969723 302311 cosine_bus_manager.cpp:294] [cosine_internal][CosineBusManager] create publisher. topic name:/pnc/task_service/task_resume/request , middleware:aorta
I0826 23:42:17.969982 302369 shm_subscriber.cc:120] [aorta]subscriber connect to publisher success, topic /pnc/task_service/high_precision_navigation/response, local d2379|python3.10|p302311|n0|s4|c0, peer d2379|quark_navigation|p9584|n0|..ice/high_precision_navigation/response|p12
I0826 23:42:17.970180 302311 tcp_publisher.cc:179] [aorta]topic /pnc/task_service/task_resume/request, pub_queue_size_ 5, latch_queue_size_ 0
I0826 23:42:17.970181 302349 centralized_discovery.cc:733] [aorta]subscriber uid:5e2b93f0-411f-4b01-91f0-5c5f2d6b6d2f-4077207897147431090 topic:/pnc/task_service/relative_move/response
I0826 23:42:17.970278 302368 tcp_socket_server.cc:200] [aorta]The ip info is0.0.0.0:46241
I0826 23:42:17.970351 302368 shm_socket_server.cc:101] [aorta][/pnc/task_service/task_resume/request] bind at pipe sock name d2379|python3.10|p302311|n0|/pnc/task_service/task_resume/request|p7
I0826 23:42:17.970417 302311 node_impl.cc:198] [aorta]CreatePublisher, host:0.0.0.0, port:46241, sockname:d2379|python3.10|p302311|n0|/pnc/task_service/task_resume/request|p7, topic:/pnc/task_service/task_resume/request, uid:53bd8f90-a069-46ce-8642-692a52b93fa0-18204958959141007063 topic_uid:-1
I0826 23:42:17.970439 302311 aorta_component.cpp:394] [cosine_internal][AortaComponent] aorta node create publisher. node: python3.10_S1, topic:/pnc/task_service/task_resume/request, type:pnc_msgs.TaskResumeRequest, qos:(history:1, depth:5, reliability:1, durability:2), uri:http://10.42.0.101:2379
I0826 23:42:17.970472 302311 aorta_publisher.cpp:119] [cosine_internal][AortaPublisher] publisher initialize. topic:/pnc/task_service/task_resume/request, uri:
I0826 23:42:17.970481 302311 publisher.cpp:27] [GDK]create publisher: /pnc/task_service/task_resume/request type: pnc_msgs.TaskResumeRequest qos: 1 1 5 2
I0826 23:42:17.970610 302311 cosine_bus_manager.cpp:294] [cosine_internal][CosineBusManager] create publisher. topic name:/pnc/remote_control_cmd , middleware:aorta
I0826 23:42:17.971043 302311 tcp_publisher.cc:179] [aorta]topic /pnc/remote_control_cmd, pub_queue_size_ 5, latch_queue_size_ 0
I0826 23:42:17.971108 302368 tcp_socket_server.cc:200] [aorta]The ip info is0.0.0.0:45779
I0826 23:42:17.971165 302368 shm_socket_server.cc:101] [aorta][/pnc/remote_control_cmd] bind at pipe sock name d2379|python3.10|p302311|n0|/pnc/remote_control_cmd|p8
I0826 23:42:17.971243 302311 node_impl.cc:198] [aorta]CreatePublisher, host:0.0.0.0, port:45779, sockname:d2379|python3.10|p302311|n0|/pnc/remote_control_cmd|p8, topic:/pnc/remote_control_cmd, uid:d987509b-6340-4a25-8491-4641b77f0e04-2921114360754287628 topic_uid:-1
I0826 23:42:17.971267 302311 aorta_component.cpp:394] [cosine_internal][AortaComponent] aorta node create publisher. node: python3.10_S1, topic:/pnc/remote_control_cmd, type:geometry_msgs.msg.pb.TwistStamped, qos:(history:1, depth:5, reliability:1, durability:2), uri:http://10.42.0.101:2379
I0826 23:42:17.971278 302369 shm_subscriber.cc:120] [aorta]subscriber connect to publisher success, topic /pnc/task_service/relative_move/response, local d2379|python3.10|p302311|n0|s5|c0, peer d2379|quark_navigation|p9584|n0|/pnc/task_service/relative_move/response|p15
I0826 23:42:17.971298 302311 aorta_publisher.cpp:119] [cosine_internal][AortaPublisher] publisher initialize. topic:/pnc/remote_control_cmd, uri:
I0826 23:42:17.971313 302311 publisher.cpp:27] [GDK]create publisher: /pnc/remote_control_cmd type: geometry_msgs.msg.pb.TwistStamped qos: 1 1 5 2
I0826 23:42:17.971328 302311 cosine_bus_manager.cpp:294] [cosine_internal][CosineBusManager] create publisher. topic name:/pnc/task_service/remote_control/request , middleware:aorta
I0826 23:42:17.971465 302349 centralized_discovery.cc:733] [aorta]subscriber uid:95f1ead6-f9a4-4772-83be-ae635a164949-3654631836754090917 topic:/pnc/task_service/task_cancel/response
I0826 23:42:17.971818 302311 tcp_publisher.cc:179] [aorta]topic /pnc/task_service/remote_control/request, pub_queue_size_ 5, latch_queue_size_ 0
I0826 23:42:17.971900 302368 tcp_socket_server.cc:200] [aorta]The ip info is0.0.0.0:38893
I0826 23:42:17.971983 302368 shm_socket_server.cc:101] [aorta][/pnc/task_service/remote_control/request] bind at pipe sock name d2379|python3.10|p302311|n0|/pnc/task_service/remote_control/request|p9
I0826 23:42:17.972052 302311 node_impl.cc:198] [aorta]CreatePublisher, host:0.0.0.0, port:38893, sockname:d2379|python3.10|p302311|n0|/pnc/task_service/remote_control/request|p9, topic:/pnc/task_service/remote_control/request, uid:84da8aab-013b-45b5-887d-1c8918f18443-10398465225129759782 topic_uid:-1
I0826 23:42:17.972081 302311 aorta_component.cpp:394] [cosine_internal][AortaComponent] aorta node create publisher. node: python3.10_S1, topic:/pnc/task_service/remote_control/request, type:pnc_msgs.RemoteControlRequest, qos:(history:1, depth:5, reliability:1, durability:2), uri:http://10.42.0.101:2379
I0826 23:42:17.972118 302311 aorta_publisher.cpp:119] [cosine_internal][AortaPublisher] publisher initialize. topic:/pnc/task_service/remote_control/request, uri:
I0826 23:42:17.972127 302311 publisher.cpp:27] [GDK]create publisher: /pnc/task_service/remote_control/request type: pnc_msgs.RemoteControlRequest qos: 1 1 5 2
I0826 23:42:17.972223 302311 cosine_bus_manager.cpp:400] [cosine_internal][CosineBusManager] create subscriber. topic name:/slam/odom , middleware:aorta , need async callback:0, frame_skip_rate:1
I0826 23:42:17.972236 302311 aorta_component.cpp:174] [cosine_internal][AortaComponent] callback_name:/slam/odomhttp://10.42.0.101:2379
I0826 23:42:17.972489 302311 buffered_data_export.cpp:115] [cosine_internal]successfully create buffer [bus_buffer___slam__odom, type genie_msgs.msg.pb.OdomInfo, block num 5, valid_time 0, transfer_type 0, data_size 0, mem_type 0, lib_name , ext_data_size 0, is_protobuf 1, enable_event_sync_subscriber 0], buffer id = 11
I0826 23:42:17.972515 302311 cosine_bus_message_buffer.cpp:45] [cosine_internal][CosineBusMessageBuffer] create buffer success. name:bus_buffer___slam__odom, type:genie_msgs.msg.pb.OdomInfo, size:5
I0826 23:42:17.972600 302311 node_impl.cc:344] [aorta]CreateSubscriber topic:/slam/odom, uid:13bcace8-052d-4675-af8c-75119f96cb9e-8164318257426434522 topic_uid:-1
I0826 23:42:17.972604 302369 shm_subscriber.cc:120] [aorta]subscriber connect to publisher success, topic /pnc/task_service/task_cancel/response, local d2379|python3.10|p302311|n0|s6|c0, peer d2379|quark_navigation|p9584|n0|/pnc/task_service/task_cancel/response|p17
I0826 23:42:17.972668 302349 centralized_discovery.cc:733] [aorta]subscriber uid:4b2a2887-56c0-4e88-9e7b-6d781828c326-4995236092065324733 topic:/pnc/task_service/task_pause/response
I0826 23:42:17.973013 302311 aorta_component.cpp:326] [cosine_internal][AortaComponent] aorta node create subscriber. node: python3.10_S1, topic:/slam/odom, type:genie_msgs.msg.pb.OdomInfo, qos:(history:1, depth:5, reliability:1, durability:2), uri:http://10.42.0.101:2379
I0826 23:42:17.973027 302311 aorta_subscriber.hpp:96] [cosine_internal][AortaSubscriber] initial. topic:/slam/odom, uri:
I0826 23:42:17.973045 302311 cosine_bus_manager.cpp:400] [cosine_internal][CosineBusManager] create subscriber. topic name:/slam/state , middleware:aorta , need async callback:0, frame_skip_rate:1
I0826 23:42:17.973053 302311 aorta_component.cpp:174] [cosine_internal][AortaComponent] callback_name:/slam/statehttp://10.42.0.101:2379
I0826 23:42:17.973101 302311 buffered_data_export.cpp:115] [cosine_internal]successfully create buffer [bus_buffer___slam__state, type genie_msgs.msg.pb.CommonResponse, block num 5, valid_time 0, transfer_type 0, data_size 0, mem_type 0, lib_name , ext_data_size 0, is_protobuf 1, enable_event_sync_subscriber 0], buffer id = 12
I0826 23:42:17.973115 302311 cosine_bus_message_buffer.cpp:45] [cosine_internal][CosineBusMessageBuffer] create buffer success. name:bus_buffer___slam__state, type:genie_msgs.msg.pb.CommonResponse, size:5
I0826 23:42:17.973210 302311 node_impl.cc:344] [aorta]CreateSubscriber topic:/slam/state, uid:e32198d0-8e15-44cd-9ad3-dd4b289c0abb-7791362299214773660 topic_uid:-1
I0826 23:42:17.973598 302311 aorta_component.cpp:326] [cosine_internal][AortaComponent] aorta node create subscriber. node: python3.10_S1, topic:/slam/state, type:genie_msgs.msg.pb.CommonResponse, qos:(history:1, depth:5, reliability:1, durability:2), uri:http://10.42.0.101:2379
I0826 23:42:17.973608 302311 aorta_subscriber.hpp:96] [cosine_internal][AortaSubscriber] initial. topic:/slam/state, uri:
I0826 23:42:17.973619 302311 cosine_bus_manager.cpp:400] [cosine_internal][CosineBusManager] create subscriber. topic name:/slam/mapping_response , middleware:aorta , need async callback:0, frame_skip_rate:1
I0826 23:42:17.973626 302311 aorta_component.cpp:174] [cosine_internal][AortaComponent] callback_name:/slam/mapping_responsehttp://10.42.0.101:2379
I0826 23:42:17.973657 302311 buffered_data_export.cpp:115] [cosine_internal]successfully create buffer [bus_buffer___slam__mapping_response, type genie_msgs.msg.pb.CommonResponse, block num 5, valid_time 0, transfer_type 0, data_size 0, mem_type 0, lib_name , ext_data_size 0, is_protobuf 1, enable_event_sync_subscriber 0], buffer id = 13
I0826 23:42:17.973678 302311 cosine_bus_message_buffer.cpp:45] [cosine_internal][CosineBusMessageBuffer] create buffer success. name:bus_buffer___slam__mapping_response, type:genie_msgs.msg.pb.CommonResponse, size:5
I0826 23:42:17.973673 302369 shm_subscriber.cc:120] [aorta]subscriber connect to publisher success, topic /pnc/task_service/task_pause/response, local d2379|python3.10|p302311|n0|s7|c0, peer d2379|quark_navigation|p9584|n0|/pnc/task_service/task_pause/response|p18
I0826 23:42:17.973738 302349 centralized_discovery.cc:733] [aorta]subscriber uid:f606b029-f384-443c-a0a2-ffc774809fa3-16859347558940246081 topic:/pnc/task_service/task_resume/response
I0826 23:42:17.973739 302311 node_impl.cc:344] [aorta]CreateSubscriber topic:/slam/mapping_response, uid:ac3f993e-afa2-40e2-8413-46e222869810-3136143855590244141 topic_uid:-1
I0826 23:42:17.974124 302311 aorta_component.cpp:326] [cosine_internal][AortaComponent] aorta node create subscriber. node: python3.10_S1, topic:/slam/mapping_response, type:genie_msgs.msg.pb.CommonResponse, qos:(history:1, depth:5, reliability:1, durability:2), uri:http://10.42.0.101:2379
I0826 23:42:17.974135 302311 aorta_subscriber.hpp:96] [cosine_internal][AortaSubscriber] initial. topic:/slam/mapping_response, uri:
I0826 23:42:17.974148 302311 cosine_bus_manager.cpp:400] [cosine_internal][CosineBusManager] create subscriber. topic name:/slam/record_spec_loc_rsp , middleware:aorta , need async callback:0, frame_skip_rate:1
I0826 23:42:17.974153 302311 aorta_component.cpp:174] [cosine_internal][AortaComponent] callback_name:/slam/record_spec_loc_rsphttp://10.42.0.101:2379
I0826 23:42:17.974187 302311 buffered_data_export.cpp:115] [cosine_internal]successfully create buffer [bus_buffer___slam__record_spec_loc_rsp, type genie_msgs.msg.pb.CommonResponse, block num 5, valid_time 0, transfer_type 0, data_size 0, mem_type 0, lib_name , ext_data_size 0, is_protobuf 1, enable_event_sync_subscriber 0], buffer id = 14
I0826 23:42:17.974212 302311 cosine_bus_message_buffer.cpp:45] [cosine_internal][CosineBusMessageBuffer] create buffer success. name:bus_buffer___slam__record_spec_loc_rsp, type:genie_msgs.msg.pb.CommonResponse, size:5
I0826 23:42:17.974282 302311 node_impl.cc:344] [aorta]CreateSubscriber topic:/slam/record_spec_loc_rsp, uid:d6c37524-43c3-4ffc-9512-a56bf588c7f5-16786186340696970127 topic_uid:-1
I0826 23:42:17.974669 302311 aorta_component.cpp:326] [cosine_internal][AortaComponent] aorta node create subscriber. node: python3.10_S1, topic:/slam/record_spec_loc_rsp, type:genie_msgs.msg.pb.CommonResponse, qos:(history:1, depth:5, reliability:1, durability:2), uri:http://10.42.0.101:2379
I0826 23:42:17.974680 302311 aorta_subscriber.hpp:96] [cosine_internal][AortaSubscriber] initial. topic:/slam/record_spec_loc_rsp, uri:
I0826 23:42:17.974699 302311 cosine_bus_manager.cpp:294] [cosine_internal][CosineBusManager] create publisher. topic name:/slam/mapping_request , middleware:aorta
I0826 23:42:17.974743 302369 shm_subscriber.cc:120] [aorta]subscriber connect to publisher success, topic /pnc/task_service/task_resume/response, local d2379|python3.10|p302311|n0|s8|c0, peer d2379|quark_navigation|p9584|n0|/pnc/task_service/task_resume/response|p19
I0826 23:42:17.974802 302349 centralized_discovery.cc:733] [aorta]subscriber uid:acc8133a-ca1a-4b72-b434-b0b05335e8ff-11583863028842959166 topic:/pnc/task_service/remote_control/response
I0826 23:42:17.975127 302311 tcp_publisher.cc:179] [aorta]topic /slam/mapping_request, pub_queue_size_ 5, latch_queue_size_ 0
I0826 23:42:17.975188 302368 tcp_socket_server.cc:200] [aorta]The ip info is0.0.0.0:33217
I0826 23:42:17.975389 302368 shm_socket_server.cc:101] [aorta][/slam/mapping_request] bind at pipe sock name d2379|python3.10|p302311|n0|/slam/mapping_request|p10
I0826 23:42:17.975546 302311 node_impl.cc:198] [aorta]CreatePublisher, host:0.0.0.0, port:33217, sockname:d2379|python3.10|p302311|n0|/slam/mapping_request|p10, topic:/slam/mapping_request, uid:19837693-dfa0-4f23-a51c-004c008ff3cd-13788692708863539056 topic_uid:-1
I0826 23:42:17.975572 302311 aorta_component.cpp:394] [cosine_internal][AortaComponent] aorta node create publisher. node: python3.10_S1, topic:/slam/mapping_request, type:genie_msgs.msg.pb.CommonRequest, qos:(history:1, depth:5, reliability:1, durability:2), uri:http://10.42.0.101:2379
