Log file created at: 2025/08/27 00:06:39
Running on machine: G2
Log line format: [IWEF]mmdd hh:mm:ss.uuuuuu threadid file:line] msg
I0827 00:06:39.265110 707199 dylog_impl.cpp:641] [DYLOG] set dylog default level to INFO
I0827 00:06:39.265183 707199 dylog_impl.cpp:690] [DYLOG] soc num : R2
I0827 00:06:39.265197 707199 dylog_impl.cpp:695] [DYLOG] can't read scene_mode, use sud
W0827 00:06:39.265220 707199 dylog_impl.cpp:757] [DYLOG] can't find available json config file with path : /home/agi/app/conf/scene_server/dylog_sud_default.json, use default.
I0827 00:06:39.265319 707199 dylog_impl.cpp:293] [DYLOG] register dsd_name : dylog/python3.10/cosine_internal
I0827 00:06:39.268461 707199 cosine_bus_manager.cpp:88] [cosine_internal][CosineBusManager] cosine bus config path not set, use default config.
I0827 00:06:39.268504 707199 cosine_bus_manager.cpp:118] [cosine_internal][CosineBusManager] initial cosine_bus_config:
I0827 00:06:39.270051 707199 cosine_bus_global_sync.cpp:30] [cosine_internal][BusGlobalSync] set default middleware name:aorta
I0827 00:06:39.270095 707199 scheduler_classic.cpp:28] [cosine_internal]Proc number set to be: 1
I0827 00:06:39.271067 707199 dynamic_object.cpp:521] [cosine_internal][DynamicObject] open libdynamic_aorta.so success.
I0827 00:06:39.271247 707199 dynamic_object.cpp:581] [cosine_internal][DynamicObject] Successfully enumerated 57 symbols in libdynamic_aorta.so
I0827 00:06:39.271257 707199 resource_loader.cpp:13] [cosine_internal][ResourceLoader] Attempting to load function: aorta_get_object
I0827 00:06:39.271262 707199 resource_loader.cpp:17] [cosine_internal][ResourceLoader] Trying address() method for C++ symbol: aorta_get_object
I0827 00:06:39.271268 707199 resource_loader.cpp:20] [cosine_internal][ResourceLoader] Successfully loaded C++ symbol: aorta_get_object
I0827 00:06:39.271271 707199 resource_loader.cpp:13] [cosine_internal][ResourceLoader] Attempting to load function: aorta_call_object_func
I0827 00:06:39.271274 707199 resource_loader.cpp:17] [cosine_internal][ResourceLoader] Trying address() method for C++ symbol: aorta_call_object_func
I0827 00:06:39.271278 707199 resource_loader.cpp:20] [cosine_internal][ResourceLoader] Successfully loaded C++ symbol: aorta_call_object_func
I0827 00:06:39.271281 707199 resource_loader.cpp:13] [cosine_internal][ResourceLoader] Attempting to load function: aorta_clean_up
I0827 00:06:39.271286 707199 resource_loader.cpp:17] [cosine_internal][ResourceLoader] Trying address() method for C++ symbol: aorta_clean_up
I0827 00:06:39.271299 707199 resource_loader.cpp:25] [cosine_internal][ResourceLoader] C++ symbol failed, trying c_address() method for C symbol: aorta_clean_up
I0827 00:06:39.271304 707199 resource_loader.cpp:28] [cosine_internal][ResourceLoader] Successfully loaded C symbol: aorta_clean_up
W0827 00:06:39.271311 707199 aorta_component.cpp:90] [cosine_internal]Environment variable [LOCATOR_IP/DDS_IP] not set, fallback to 10.42.0.101
I0827 00:06:39.271317 707199 aorta_component.cpp:496] [cosine_internal][AortaComponent] locator_ip: 10.42.0.101; Check network before domain init 
I0827 00:06:39.271354 707199 clock.cpp:22] [cosine_internal]load ptp time source from: libptp_clock_time.so
I0827 00:06:39.271543 707199 dynamic_object.cpp:521] [cosine_internal][DynamicObject] open libptp_clock_time.so success.
I0827 00:06:39.271960 707199 aorta_component.cpp:515] [cosine_internal][AortaComponent] Network check start. locator_ip: 10.42.0.101, timeout: 60 seconds , check_start_time: 1756224399
I0827 00:06:39.271981 707199 aorta_component.cpp:526] [cosine_internal][AortaComponent] locator_ip: 10.42.0.101; network is ready.
I0827 00:06:39.272254 707199 dylog_impl.cpp:293] [DYLOG] register dsd_name : dylog/python3.10/aorta
I0827 00:06:39.272413 707199 pcie_config.cc:52] [aorta]Get one valid pcie channel. producer: soc-s3 app-map_loc_app endpoint-nvscic2c_pcie_s3_c7_11 consumer: soc-s1 app-worldmodel endpoint-nvscic2c_pcie_s1_c7_11
I0827 00:06:39.272503 707199 os.cc:88] [aorta]Got host_id from system files: Huixi R1ROBOR2
I0827 00:06:39.272542 707199 pcie_manager.cc:71] [aorta]There is no pcie config in current process.
I0827 00:06:39.272854 707199 message_monitor_config.cc:398] [aorta]run in  mode
I0827 00:06:39.274216 707199 domain_impl.cc:58] [aorta]aorta version:7b1b7ddc
I0827 00:06:39.274257 707199 json_comm.cc:35] [aorta]file path: /home/agi/app/conf/topology/topology_rule.json not exist.
I0827 00:06:39.274273 707199 message_monitor_config.cc:398] [aorta]run in  mode
I0827 00:06:39.274950 707199 message_monitor_config.cc:731] [aorta]message monitor is updated from /home/agi/app/conf/aorta/function/aorta_monitor_conf.json
I0827 00:06:39.275799 707199 discovery_factory.cc:14] [aorta]type:1, host:10.42.0.101, port:2379, ttl:15, minor_cycle:100, major_cycle:3
I0827 00:06:39.276322 707199 config.cc:53] [aorta]AORTA_IP_MASK not set.
I0827 00:06:39.276331 707199 discovery.cc:245] [aorta]get ip masks empty.
I0827 00:06:39.276338 707199 config.cc:200] [aorta]AORTA_EXTRA_LOCAL_IPS not set.
I0827 00:06:39.276342 707199 discovery.cc:266] [aorta]local_publisher_ips_ empty.
I0827 00:06:39.276362 707199 config.cc:124] [aorta]ip match, ip:127.0.0.1
I0827 00:06:39.276371 707199 discovery.cc:275] [aorta]default emplace ip:10.42.0.101
I0827 00:06:39.276373 707199 discovery.cc:275] [aorta]default emplace ip:10.42.12.101
I0827 00:06:39.276376 707199 discovery.cc:275] [aorta]default emplace ip:10.42.1.101
I0827 00:06:39.276379 707199 discovery.cc:275] [aorta]default emplace ip:192.168.1.101
I0827 00:06:39.276382 707199 discovery.cc:275] [aorta]default emplace ip:10.42.30.101
I0827 00:06:39.276386 707199 discovery.cc:275] [aorta]default emplace ip:10.42.40.101
I0827 00:06:39.276387 707199 discovery.cc:275] [aorta]default emplace ip:10.20.15.199
I0827 00:06:39.276391 707199 discovery.cc:275] [aorta]default emplace ip:10.42.6.101
I0827 00:06:39.276393 707199 discovery.cc:275] [aorta]default emplace ip:10.42.5.105
I0827 00:06:39.276397 707199 centralized_discovery.cc:55] [aorta]lease_ttl_:15
I0827 00:06:39.276814 707199 aorta_component.cpp:561] [cosine_internal][AortaComponent] aorta create domain success. uri:http://10.42.0.101:2379
I0827 00:06:39.277036 707199 aorta_component.cpp:447] [cosine_internal][AortaComponent] aorta domain created node: python3.10_S1 , domain_uri:http://10.42.0.101:2379
I0827 00:06:39.277045 707199 aorta_component.cpp:126] [cosine_internal][AortaComponent] aorta component init success. node:python3.10_S1, uri:http://10.42.0.101:2379, locator_kind(1:shm,2:tcp,3:udp):2, locator_ip:10.42.0.101, locator_port:0, aorta_dispatcher_thread_num:1
I0827 00:06:39.277200 707295 processor.cpp:40] [cosine_internal]processor_tid: 707295
I0827 00:06:39.285087 707298 executor_impl.cc:91] [aorta]aorta-dispatch0 start spinning
I0827 00:06:39.289785 707297 centralized_discovery.cc:1110] [aorta]poll thread: revision:928
I0827 00:06:39.289888 707297 centralized_discovery.cc:1123] [aorta]inotify_fd_:15 inotify_watch_:1 inotify_watch_path:/home/agi/app/conf/aorta/function
I0827 00:06:39.291810 707297 centralized_discovery.cc:615] [aorta]grant lease for node python3.10_S1 lease_id = 7587889064995191818
I0827 00:06:39.293049 707297 watch_state.cc:54] [aorta]watch connect success.
I0827 00:06:39.294112 707297 centralized_discovery.cc:1615] [aorta]recv watch response created.
I0827 00:06:43.380395 707199 cosine_bus_manager.cpp:294] [cosine_internal][CosineBusManager] create publisher. topic name:/gdk/config_request , middleware:aorta
I0827 00:06:43.381301 707199 tcp_publisher.cc:179] [aorta]topic /gdk/config_request, pub_queue_size_ 5, latch_queue_size_ 0
I0827 00:06:43.381554 708311 tcp_socket_server.cc:200] [aorta]The ip info is0.0.0.0:39029
I0827 00:06:43.381683 708311 shm_socket_server.cc:101] [aorta][/gdk/config_request] bind at pipe sock name d2379|python3.10|p707199|n0|/gdk/config_request|p0
I0827 00:06:43.381778 707199 node_impl.cc:198] [aorta]CreatePublisher, host:0.0.0.0, port:39029, sockname:d2379|python3.10|p707199|n0|/gdk/config_request|p0, topic:/gdk/config_request, uid:15e184dc-b637-491e-b19f-dec6892bc47c-4991715019463590898 topic_uid:-1
I0827 00:06:43.381812 707199 aorta_component.cpp:394] [cosine_internal][AortaComponent] aorta node create publisher. node: python3.10_S1, topic:/gdk/config_request, type:genie_msgs.msg.pb.CommonRequest, qos:(history:1, depth:5, reliability:1, durability:2), uri:http://10.42.0.101:2379
I0827 00:06:43.381855 707199 aorta_publisher.cpp:119] [cosine_internal][AortaPublisher] publisher initialize. topic:/gdk/config_request, uri:
I0827 00:06:43.381870 707199 dylog_impl.cpp:293] [DYLOG] register dsd_name : dylog/python3.10/GDK
I0827 00:06:43.381875 707297 centralized_discovery.cc:681] [aorta]publisher uid:15e184dc-b637-491e-b19f-dec6892bc47c-4991715019463590898 topic:/gdk/config_request
I0827 00:06:43.381914 707199 publisher.cpp:27] [GDK]create publisher: /gdk/config_request type: genie_msgs.msg.pb.CommonRequest qos: 1 1 5 2
I0827 00:06:43.381937 707199 cosine_bus_manager.cpp:294] [cosine_internal][CosineBusManager] create publisher. topic name:/gdk/camera_conf_request , middleware:aorta
I0827 00:06:43.382412 707199 tcp_publisher.cc:179] [aorta]topic /gdk/camera_conf_request, pub_queue_size_ 5, latch_queue_size_ 0
I0827 00:06:43.382496 708311 tcp_socket_server.cc:200] [aorta]The ip info is0.0.0.0:44583
I0827 00:06:43.382565 708311 shm_socket_server.cc:101] [aorta][/gdk/camera_conf_request] bind at pipe sock name d2379|python3.10|p707199|n0|/gdk/camera_conf_request|p1
I0827 00:06:43.382615 707199 node_impl.cc:198] [aorta]CreatePublisher, host:0.0.0.0, port:44583, sockname:d2379|python3.10|p707199|n0|/gdk/camera_conf_request|p1, topic:/gdk/camera_conf_request, uid:d2892969-f2fc-4111-9901-f203bde3ec52-9117180461459404870 topic_uid:-1
I0827 00:06:43.382635 707199 aorta_component.cpp:394] [cosine_internal][AortaComponent] aorta node create publisher. node: python3.10_S1, topic:/gdk/camera_conf_request, type:genie_msgs.msg.pb.CommonRequest, qos:(history:1, depth:5, reliability:1, durability:2), uri:http://10.42.0.101:2379
I0827 00:06:43.382668 707199 aorta_publisher.cpp:119] [cosine_internal][AortaPublisher] publisher initialize. topic:/gdk/camera_conf_request, uri:
I0827 00:06:43.382674 707199 publisher.cpp:27] [GDK]create publisher: /gdk/camera_conf_request type: genie_msgs.msg.pb.CommonRequest qos: 1 1 5 2
I0827 00:06:43.382692 707199 cosine_bus_manager.cpp:400] [cosine_internal][CosineBusManager] create subscriber. topic name:/gdk/config_response , middleware:aorta , need async callback:0, frame_skip_rate:1
I0827 00:06:43.382702 707199 aorta_component.cpp:174] [cosine_internal][AortaComponent] callback_name:/gdk/config_responsehttp://10.42.0.101:2379
I0827 00:06:43.382782 707199 dynamic_object.cpp:521] [cosine_internal][DynamicObject] open  success.
I0827 00:06:43.382959 707199 buffered_data_export.cpp:115] [cosine_internal]successfully create buffer [bus_buffer___gdk__config_response, type genie_msgs.msg.pb.CommonResponse, block num 5, valid_time 0, transfer_type 0, data_size 0, mem_type 0, lib_name , ext_data_size 0, is_protobuf 1, enable_event_sync_subscriber 0], buffer id = 1
I0827 00:06:43.382987 707199 cosine_bus_message_buffer.cpp:45] [cosine_internal][CosineBusMessageBuffer] create buffer success. name:bus_buffer___gdk__config_response, type:genie_msgs.msg.pb.CommonResponse, size:5
I0827 00:06:43.383074 707199 node_impl.cc:344] [aorta]CreateSubscriber topic:/gdk/config_response, uid:dcd3c175-ef13-4f8d-bcde-fb16cca5f052-9533047780102618842 topic_uid:-1
I0827 00:06:43.383705 707199 aorta_component.cpp:326] [cosine_internal][AortaComponent] aorta node create subscriber. node: python3.10_S1, topic:/gdk/config_response, type:genie_msgs.msg.pb.CommonResponse, qos:(history:1, depth:5, reliability:1, durability:2), uri:http://10.42.0.101:2379
I0827 00:06:43.383721 707199 aorta_subscriber.hpp:96] [cosine_internal][AortaSubscriber] initial. topic:/gdk/config_response, uri:
I0827 00:06:43.383736 707199 cosine_bus_manager.cpp:400] [cosine_internal][CosineBusManager] create subscriber. topic name:/gdk/camera_conf_response , middleware:aorta , need async callback:0, frame_skip_rate:1
I0827 00:06:43.383744 707199 aorta_component.cpp:174] [cosine_internal][AortaComponent] callback_name:/gdk/camera_conf_responsehttp://10.42.0.101:2379
I0827 00:06:43.383790 707199 buffered_data_export.cpp:115] [cosine_internal]successfully create buffer [bus_buffer___gdk__camera_conf_response, type genie_msgs.msg.pb.CommonResponse, block num 5, valid_time 0, transfer_type 0, data_size 0, mem_type 0, lib_name , ext_data_size 0, is_protobuf 1, enable_event_sync_subscriber 0], buffer id = 2
I0827 00:06:43.383805 707199 cosine_bus_message_buffer.cpp:45] [cosine_internal][CosineBusMessageBuffer] create buffer success. name:bus_buffer___gdk__camera_conf_response, type:genie_msgs.msg.pb.CommonResponse, size:5
I0827 00:06:43.383886 707199 node_impl.cc:344] [aorta]CreateSubscriber topic:/gdk/camera_conf_response, uid:f7f652e1-d3eb-4fe6-ad65-5795184152b3-3551884323222435368 topic_uid:-1
I0827 00:06:43.384341 707199 aorta_component.cpp:326] [cosine_internal][AortaComponent] aorta node create subscriber. node: python3.10_S1, topic:/gdk/camera_conf_response, type:genie_msgs.msg.pb.CommonResponse, qos:(history:1, depth:5, reliability:1, durability:2), uri:http://10.42.0.101:2379
I0827 00:06:43.384352 707199 aorta_subscriber.hpp:96] [cosine_internal][AortaSubscriber] initial. topic:/gdk/camera_conf_response, uri:
I0827 00:06:43.384424 707199 cosine_bus_manager.cpp:400] [cosine_internal][CosineBusManager] create subscriber. topic name:/hal/joint_state , middleware:aorta , need async callback:0, frame_skip_rate:1
I0827 00:06:43.384435 707199 aorta_component.cpp:174] [cosine_internal][AortaComponent] callback_name:/hal/joint_statehttp://10.42.0.101:2379
I0827 00:06:43.384492 707297 centralized_discovery.cc:681] [aorta]publisher uid:d2892969-f2fc-4111-9901-f203bde3ec52-9117180461459404870 topic:/gdk/camera_conf_request
I0827 00:06:43.384567 707199 buffered_data_export.cpp:115] [cosine_internal]successfully create buffer [bus_buffer___hal__joint_state, type genie_msgs.msg.pb.JointState, block num 5, valid_time 0, transfer_type 0, data_size 0, mem_type 0, lib_name , ext_data_size 0, is_protobuf 1, enable_event_sync_subscriber 0], buffer id = 3
I0827 00:06:43.384583 707199 cosine_bus_message_buffer.cpp:45] [cosine_internal][CosineBusMessageBuffer] create buffer success. name:bus_buffer___hal__joint_state, type:genie_msgs.msg.pb.JointState, size:5
I0827 00:06:43.384668 707199 node_impl.cc:344] [aorta]CreateSubscriber topic:/hal/joint_state, uid:cc6168a8-34df-4b3a-a771-8e5bb840b946-17784787521228097140 topic_uid:-1
I0827 00:06:43.385128 707199 aorta_component.cpp:326] [cosine_internal][AortaComponent] aorta node create subscriber. node: python3.10_S1, topic:/hal/joint_state, type:genie_msgs.msg.pb.JointState, qos:(history:1, depth:5, reliability:1, durability:2), uri:http://10.42.0.101:2379
I0827 00:06:43.385140 707199 aorta_subscriber.hpp:96] [cosine_internal][AortaSubscriber] initial. topic:/hal/joint_state, uri:
I0827 00:06:43.385157 707199 cosine_bus_manager.cpp:400] [cosine_internal][CosineBusManager] create subscriber. topic name:/hal/whole_body_status , middleware:aorta , need async callback:0, frame_skip_rate:1
I0827 00:06:43.385165 707199 aorta_component.cpp:174] [cosine_internal][AortaComponent] callback_name:/hal/whole_body_statushttp://10.42.0.101:2379
I0827 00:06:43.385311 707199 buffered_data_export.cpp:115] [cosine_internal]successfully create buffer [bus_buffer___hal__whole_body_status, type genie_msgs.msg.pb.WholeBodyStatus, block num 5, valid_time 0, transfer_type 0, data_size 0, mem_type 0, lib_name , ext_data_size 0, is_protobuf 1, enable_event_sync_subscriber 0], buffer id = 4
I0827 00:06:43.385329 707199 cosine_bus_message_buffer.cpp:45] [cosine_internal][CosineBusMessageBuffer] create buffer success. name:bus_buffer___hal__whole_body_status, type:genie_msgs.msg.pb.WholeBodyStatus, size:5
I0827 00:06:43.385407 707199 node_impl.cc:344] [aorta]CreateSubscriber topic:/hal/whole_body_status, uid:353fb80b-a331-413f-be7f-bbc828c9d8a0-4082625946824470290 topic_uid:-1
I0827 00:06:43.385764 707297 centralized_discovery.cc:733] [aorta]subscriber uid:dcd3c175-ef13-4f8d-bcde-fb16cca5f052-9533047780102618842 topic:/gdk/config_response
I0827 00:06:43.385861 707199 aorta_component.cpp:326] [cosine_internal][AortaComponent] aorta node create subscriber. node: python3.10_S1, topic:/hal/whole_body_status, type:genie_msgs.msg.pb.WholeBodyStatus, qos:(history:1, depth:5, reliability:1, durability:2), uri:http://10.42.0.101:2379
I0827 00:06:43.385874 707199 aorta_subscriber.hpp:96] [cosine_internal][AortaSubscriber] initial. topic:/hal/whole_body_status, uri:
I0827 00:06:43.385887 707199 cosine_bus_manager.cpp:400] [cosine_internal][CosineBusManager] create subscriber. topic name:/hal/left_ee_data , middleware:aorta , need async callback:0, frame_skip_rate:1
I0827 00:06:43.385895 707199 aorta_component.cpp:174] [cosine_internal][AortaComponent] callback_name:/hal/left_ee_datahttp://10.42.0.101:2379
I0827 00:06:43.386042 707199 buffered_data_export.cpp:115] [cosine_internal]successfully create buffer [bus_buffer___hal__left_ee_data, type genie_msgs.msg.pb.EndState, block num 5, valid_time 0, transfer_type 0, data_size 0, mem_type 0, lib_name , ext_data_size 0, is_protobuf 1, enable_event_sync_subscriber 0], buffer id = 5
I0827 00:06:43.386059 707199 cosine_bus_message_buffer.cpp:45] [cosine_internal][CosineBusMessageBuffer] create buffer success. name:bus_buffer___hal__left_ee_data, type:genie_msgs.msg.pb.EndState, size:5
I0827 00:06:43.386142 707199 node_impl.cc:344] [aorta]CreateSubscriber topic:/hal/left_ee_data, uid:c83cc147-b449-4e5f-8190-5b6b4c9c7c99-6411614143165937964 topic_uid:-1
I0827 00:06:43.386593 707199 aorta_component.cpp:326] [cosine_internal][AortaComponent] aorta node create subscriber. node: python3.10_S1, topic:/hal/left_ee_data, type:genie_msgs.msg.pb.EndState, qos:(history:1, depth:5, reliability:1, durability:2), uri:http://10.42.0.101:2379
I0827 00:06:43.386605 707199 aorta_subscriber.hpp:96] [cosine_internal][AortaSubscriber] initial. topic:/hal/left_ee_data, uri:
I0827 00:06:43.386619 707199 cosine_bus_manager.cpp:400] [cosine_internal][CosineBusManager] create subscriber. topic name:/hal/right_ee_data , middleware:aorta , need async callback:0, frame_skip_rate:1
I0827 00:06:43.386628 707199 aorta_component.cpp:174] [cosine_internal][AortaComponent] callback_name:/hal/right_ee_datahttp://10.42.0.101:2379
I0827 00:06:43.386667 707199 buffered_data_export.cpp:115] [cosine_internal]successfully create buffer [bus_buffer___hal__right_ee_data, type genie_msgs.msg.pb.EndState, block num 5, valid_time 0, transfer_type 0, data_size 0, mem_type 0, lib_name , ext_data_size 0, is_protobuf 1, enable_event_sync_subscriber 0], buffer id = 6
I0827 00:06:43.386682 707199 cosine_bus_message_buffer.cpp:45] [cosine_internal][CosineBusMessageBuffer] create buffer success. name:bus_buffer___hal__right_ee_data, type:genie_msgs.msg.pb.EndState, size:5
I0827 00:06:43.386758 707199 node_impl.cc:344] [aorta]CreateSubscriber topic:/hal/right_ee_data, uid:81b8fa45-9802-436c-b933-2305db6f871e-5071795120000351093 topic_uid:-1
I0827 00:06:43.387197 707199 aorta_component.cpp:326] [cosine_internal][AortaComponent] aorta node create subscriber. node: python3.10_S1, topic:/hal/right_ee_data, type:genie_msgs.msg.pb.EndState, qos:(history:1, depth:5, reliability:1, durability:2), uri:http://10.42.0.101:2379
I0827 00:06:43.387207 707199 aorta_subscriber.hpp:96] [cosine_internal][AortaSubscriber] initial. topic:/hal/right_ee_data, uri:
I0827 00:06:43.387219 707199 cosine_bus_manager.cpp:400] [cosine_internal][CosineBusManager] create subscriber. topic name:/hal/chassis_power_state , middleware:aorta , need async callback:0, frame_skip_rate:1
I0827 00:06:43.387228 707199 aorta_component.cpp:174] [cosine_internal][AortaComponent] callback_name:/hal/chassis_power_statehttp://10.42.0.101:2379
I0827 00:06:43.387338 708313 shm_subscriber.cc:120] [aorta]subscriber connect to publisher success, topic /gdk/config_response, local d2379|python3.10|p707199|n0|s0|c0, peer d2379|gdk_service|p9088|n0|/gdk/config_response|p0
I0827 00:06:43.387446 707297 centralized_discovery.cc:733] [aorta]subscriber uid:f7f652e1-d3eb-4fe6-ad65-5795184152b3-3551884323222435368 topic:/gdk/camera_conf_response
I0827 00:06:43.387583 707199 buffered_data_export.cpp:115] [cosine_internal]successfully create buffer [bus_buffer___hal__chassis_power_state, type genie_msgs.msg.pb.ChassisPowerState, block num 5, valid_time 0, transfer_type 0, data_size 0, mem_type 0, lib_name , ext_data_size 0, is_protobuf 1, enable_event_sync_subscriber 0], buffer id = 7
I0827 00:06:43.387599 707199 cosine_bus_message_buffer.cpp:45] [cosine_internal][CosineBusMessageBuffer] create buffer success. name:bus_buffer___hal__chassis_power_state, type:genie_msgs.msg.pb.ChassisPowerState, size:5
I0827 00:06:43.387678 707199 node_impl.cc:344] [aorta]CreateSubscriber topic:/hal/chassis_power_state, uid:dff5cb7c-f4c5-45dd-a695-b7a4272f033c-13624413023349153968 topic_uid:-1
I0827 00:06:43.388123 707199 aorta_component.cpp:326] [cosine_internal][AortaComponent] aorta node create subscriber. node: python3.10_S1, topic:/hal/chassis_power_state, type:genie_msgs.msg.pb.ChassisPowerState, qos:(history:1, depth:5, reliability:1, durability:2), uri:http://10.42.0.101:2379
I0827 00:06:43.388132 707199 aorta_subscriber.hpp:96] [cosine_internal][AortaSubscriber] initial. topic:/hal/chassis_power_state, uri:
I0827 00:06:43.388146 707199 cosine_bus_manager.cpp:400] [cosine_internal][CosineBusManager] create subscriber. topic name:/hal/chest_power_state , middleware:aorta , need async callback:0, frame_skip_rate:1
I0827 00:06:43.388154 707199 aorta_component.cpp:174] [cosine_internal][AortaComponent] callback_name:/hal/chest_power_statehttp://10.42.0.101:2379
I0827 00:06:43.388309 708313 shm_subscriber.cc:120] [aorta]subscriber connect to publisher success, topic /gdk/camera_conf_response, local d2379|python3.10|p707199|n0|s1|c0, peer d2379|gdk_service|p9088|n0|/gdk/camera_conf_response|p1
I0827 00:06:43.388321 707199 buffered_data_export.cpp:115] [cosine_internal]successfully create buffer [bus_buffer___hal__chest_power_state, type genie_msgs.msg.pb.ChestPowerState, block num 5, valid_time 0, transfer_type 0, data_size 0, mem_type 0, lib_name , ext_data_size 0, is_protobuf 1, enable_event_sync_subscriber 0], buffer id = 8
I0827 00:06:43.388338 707199 cosine_bus_message_buffer.cpp:45] [cosine_internal][CosineBusMessageBuffer] create buffer success. name:bus_buffer___hal__chest_power_state, type:genie_msgs.msg.pb.ChestPowerState, size:5
I0827 00:06:43.388418 707199 node_impl.cc:344] [aorta]CreateSubscriber topic:/hal/chest_power_state, uid:543c7efc-32e9-4a49-9997-b8aa3ace6ead-8918795574175434775 topic_uid:-1
I0827 00:06:43.388458 707297 centralized_discovery.cc:733] [aorta]subscriber uid:cc6168a8-34df-4b3a-a771-8e5bb840b946-17784787521228097140 topic:/hal/joint_state
I0827 00:06:43.388885 707199 aorta_component.cpp:326] [cosine_internal][AortaComponent] aorta node create subscriber. node: python3.10_S1, topic:/hal/chest_power_state, type:genie_msgs.msg.pb.ChestPowerState, qos:(history:1, depth:5, reliability:1, durability:2), uri:http://10.42.0.101:2379
I0827 00:06:43.388896 707199 aorta_subscriber.hpp:96] [cosine_internal][AortaSubscriber] initial. topic:/hal/chest_power_state, uri:
I0827 00:06:43.388975 707199 cosine_bus_manager.cpp:294] [cosine_internal][CosineBusManager] create publisher. topic name:/hal/joint_cmd , middleware:aorta
I0827 00:06:43.389328 708313 shm_subscriber.cc:120] [aorta]subscriber connect to publisher success, topic /hal/joint_state, local d2379|python3.10|p707199|n0|s2|c0, peer d2379|hal|p9094|n0|/hal/joint_state|p0
I0827 00:06:43.389410 707297 centralized_discovery.cc:733] [aorta]subscriber uid:353fb80b-a331-413f-be7f-bbc828c9d8a0-4082625946824470290 topic:/hal/whole_body_status
I0827 00:06:43.389431 707199 tcp_publisher.cc:179] [aorta]topic /hal/joint_cmd, pub_queue_size_ 5, latch_queue_size_ 0
I0827 00:06:43.389526 708311 tcp_socket_server.cc:200] [aorta]The ip info is0.0.0.0:40193
I0827 00:06:43.389724 708311 shm_socket_server.cc:101] [aorta][/hal/joint_cmd] bind at pipe sock name d2379|python3.10|p707199|n0|/hal/joint_cmd|p2
I0827 00:06:43.389811 707199 node_impl.cc:198] [aorta]CreatePublisher, host:0.0.0.0, port:40193, sockname:d2379|python3.10|p707199|n0|/hal/joint_cmd|p2, topic:/hal/joint_cmd, uid:bac3a881-cdda-4540-80bc-cc645d0e918e-8113233340941315482 topic_uid:-1
I0827 00:06:43.389837 707199 aorta_component.cpp:394] [cosine_internal][AortaComponent] aorta node create publisher. node: python3.10_S1, topic:/hal/joint_cmd, type:genie_msgs.msg.pb.JointCommand, qos:(history:1, depth:5, reliability:1, durability:2), uri:http://10.42.0.101:2379
I0827 00:06:43.389873 707199 aorta_publisher.cpp:119] [cosine_internal][AortaPublisher] publisher initialize. topic:/hal/joint_cmd, uri:
I0827 00:06:43.389880 707199 publisher.cpp:27] [GDK]create publisher: /hal/joint_cmd type: genie_msgs.msg.pb.JointCommand qos: 1 1 5 2
I0827 00:06:43.389961 707199 cosine_bus_manager.cpp:294] [cosine_internal][CosineBusManager] create publisher. topic name:/wbc/left_ee_command , middleware:aorta
I0827 00:06:43.390246 708313 shm_subscriber.cc:120] [aorta]subscriber connect to publisher success, topic /hal/whole_body_status, local d2379|python3.10|p707199|n0|s3|c0, peer d2379|hal|p9094|n0|/hal/whole_body_status|p1
I0827 00:06:43.390303 707297 centralized_discovery.cc:733] [aorta]subscriber uid:c83cc147-b449-4e5f-8190-5b6b4c9c7c99-6411614143165937964 topic:/hal/left_ee_data
I0827 00:06:43.390484 707199 tcp_publisher.cc:179] [aorta]topic /wbc/left_ee_command, pub_queue_size_ 5, latch_queue_size_ 0
I0827 00:06:43.390565 708311 tcp_socket_server.cc:200] [aorta]The ip info is0.0.0.0:34275
I0827 00:06:43.390650 708311 shm_socket_server.cc:101] [aorta][/wbc/left_ee_command] bind at pipe sock name d2379|python3.10|p707199|n0|/wbc/left_ee_command|p3
I0827 00:06:43.390704 707199 node_impl.cc:198] [aorta]CreatePublisher, host:0.0.0.0, port:34275, sockname:d2379|python3.10|p707199|n0|/wbc/left_ee_command|p3, topic:/wbc/left_ee_command, uid:67d7c899-dcb4-48c2-b371-8a2cd4749549-15677759012602946526 topic_uid:-1
I0827 00:06:43.390724 707199 aorta_component.cpp:394] [cosine_internal][AortaComponent] aorta node create publisher. node: python3.10_S1, topic:/wbc/left_ee_command, type:sensor_msgs.msg.pb.JointState, qos:(history:1, depth:5, reliability:1, durability:2), uri:http://10.42.0.101:2379
I0827 00:06:43.390775 707199 aorta_publisher.cpp:119] [cosine_internal][AortaPublisher] publisher initialize. topic:/wbc/left_ee_command, uri:
I0827 00:06:43.390784 707199 publisher.cpp:27] [GDK]create publisher: /wbc/left_ee_command type: sensor_msgs.msg.pb.JointState qos: 1 1 5 2
I0827 00:06:43.390796 707199 cosine_bus_manager.cpp:294] [cosine_internal][CosineBusManager] create publisher. topic name:/wbc/right_ee_command , middleware:aorta
I0827 00:06:43.391168 708313 shm_subscriber.cc:120] [aorta]subscriber connect to publisher success, topic /hal/left_ee_data, local d2379|python3.10|p707199|n0|s4|c0, peer d2379|hal|p9094|n0|/hal/left_ee_data|p2
I0827 00:06:43.391225 707297 centralized_discovery.cc:733] [aorta]subscriber uid:81b8fa45-9802-436c-b933-2305db6f871e-5071795120000351093 topic:/hal/right_ee_data
I0827 00:06:43.391264 707199 tcp_publisher.cc:179] [aorta]topic /wbc/right_ee_command, pub_queue_size_ 5, latch_queue_size_ 0
I0827 00:06:43.391359 708311 tcp_socket_server.cc:200] [aorta]The ip info is0.0.0.0:46749
I0827 00:06:43.391434 708311 shm_socket_server.cc:101] [aorta][/wbc/right_ee_command] bind at pipe sock name d2379|python3.10|p707199|n0|/wbc/right_ee_command|p4
I0827 00:06:43.391491 707199 node_impl.cc:198] [aorta]CreatePublisher, host:0.0.0.0, port:46749, sockname:d2379|python3.10|p707199|n0|/wbc/right_ee_command|p4, topic:/wbc/right_ee_command, uid:0f05d264-3265-44ea-975e-efbfba0e5b39-12160131399292109555 topic_uid:-1
I0827 00:06:43.391511 707199 aorta_component.cpp:394] [cosine_internal][AortaComponent] aorta node create publisher. node: python3.10_S1, topic:/wbc/right_ee_command, type:sensor_msgs.msg.pb.JointState, qos:(history:1, depth:5, reliability:1, durability:2), uri:http://10.42.0.101:2379
I0827 00:06:43.391543 707199 aorta_publisher.cpp:119] [cosine_internal][AortaPublisher] publisher initialize. topic:/wbc/right_ee_command, uri:
I0827 00:06:43.391551 707199 publisher.cpp:27] [GDK]create publisher: /wbc/right_ee_command type: sensor_msgs.msg.pb.JointState qos: 1 1 5 2
I0827 00:06:43.391582 707199 cosine_bus_manager.cpp:400] [cosine_internal][CosineBusManager] create subscriber. topic name:/wbc/motion_control_status , middleware:aorta , need async callback:0, frame_skip_rate:1
I0827 00:06:43.391592 707199 aorta_component.cpp:174] [cosine_internal][AortaComponent] callback_name:/wbc/motion_control_statushttp://10.42.0.101:2379
I0827 00:06:43.391806 707199 buffered_data_export.cpp:115] [cosine_internal]successfully create buffer [bus_buffer___wbc__motion_control_status, type genie_msgs.msg.pb.MotionControlStatus, block num 5, valid_time 0, transfer_type 0, data_size 0, mem_type 0, lib_name , ext_data_size 0, is_protobuf 1, enable_event_sync_subscriber 0], buffer id = 9
I0827 00:06:43.391825 707199 cosine_bus_message_buffer.cpp:45] [cosine_internal][CosineBusMessageBuffer] create buffer success. name:bus_buffer___wbc__motion_control_status, type:genie_msgs.msg.pb.MotionControlStatus, size:5
I0827 00:06:43.391906 707199 node_impl.cc:344] [aorta]CreateSubscriber topic:/wbc/motion_control_status, uid:df93a120-9701-424c-b5f2-f9a5b1ef077c-3835708119707617413 topic_uid:-1
I0827 00:06:43.392112 708313 shm_subscriber.cc:120] [aorta]subscriber connect to publisher success, topic /hal/right_ee_data, local d2379|python3.10|p707199|n0|s5|c0, peer d2379|hal|p9094|n0|/hal/right_ee_data|p3
I0827 00:06:43.392168 707297 centralized_discovery.cc:733] [aorta]subscriber uid:dff5cb7c-f4c5-45dd-a695-b7a4272f033c-13624413023349153968 topic:/hal/chassis_power_state
I0827 00:06:43.392364 707199 aorta_component.cpp:326] [cosine_internal][AortaComponent] aorta node create subscriber. node: python3.10_S1, topic:/wbc/motion_control_status, type:genie_msgs.msg.pb.MotionControlStatus, qos:(history:1, depth:5, reliability:1, durability:2), uri:http://10.42.0.101:2379
I0827 00:06:43.392375 707199 aorta_subscriber.hpp:96] [cosine_internal][AortaSubscriber] initial. topic:/wbc/motion_control_status, uri:
I0827 00:06:43.392390 707199 cosine_bus_manager.cpp:400] [cosine_internal][CosineBusManager] create subscriber. topic name:/MotionControlService/JointPosition/response , middleware:aorta , need async callback:0, frame_skip_rate:1
I0827 00:06:43.392397 707199 aorta_component.cpp:174] [cosine_internal][AortaComponent] callback_name:/MotionControlService/JointPosition/responsehttp://10.42.0.101:2379
I0827 00:06:43.392438 707199 buffered_data_export.cpp:115] [cosine_internal]successfully create buffer [bus_buffer___MotionControlService__JointPosition__response, type genie_msgs.msg.pb.CommonResponse, block num 5, valid_time 0, transfer_type 0, data_size 0, mem_type 0, lib_name , ext_data_size 0, is_protobuf 1, enable_event_sync_subscriber 0], buffer id = 10
I0827 00:06:43.392452 707199 cosine_bus_message_buffer.cpp:45] [cosine_internal][CosineBusMessageBuffer] create buffer success. name:bus_buffer___MotionControlService__JointPosition__response, type:genie_msgs.msg.pb.CommonResponse, size:5
I0827 00:06:43.392522 707199 node_impl.cc:344] [aorta]CreateSubscriber topic:/MotionControlService/JointPosition/response, uid:5eea657a-905f-4297-af4a-eeaa72d5705b-11220515294652701264 topic_uid:-1
I0827 00:06:43.392939 707199 aorta_component.cpp:326] [cosine_internal][AortaComponent] aorta node create subscriber. node: python3.10_S1, topic:/MotionControlService/JointPosition/response, type:genie_msgs.msg.pb.CommonResponse, qos:(history:1, depth:5, reliability:1, durability:2), uri:http://10.42.0.101:2379
I0827 00:06:43.392951 707199 aorta_subscriber.hpp:96] [cosine_internal][AortaSubscriber] initial. topic:/MotionControlService/JointPosition/response, uri:
I0827 00:06:43.392962 707199 cosine_bus_manager.cpp:400] [cosine_internal][CosineBusManager] create subscriber. topic name:/MotionControlService/ControlMode/response , middleware:aorta , need async callback:0, frame_skip_rate:1
I0827 00:06:43.392968 707199 aorta_component.cpp:174] [cosine_internal][AortaComponent] callback_name:/MotionControlService/ControlMode/responsehttp://10.42.0.101:2379
I0827 00:06:43.392974 708313 shm_subscriber.cc:120] [aorta]subscriber connect to publisher success, topic /hal/chassis_power_state, local d2379|python3.10|p707199|n0|s6|c0, peer d2379|hal_lowerlimb|p9093|n0|/hal/chassis_power_state|p2
I0827 00:06:43.393002 707199 buffered_data_export.cpp:115] [cosine_internal]successfully create buffer [bus_buffer___MotionControlService__ControlMode__response, type genie_msgs.msg.pb.CommonResponse, block num 5, valid_time 0, transfer_type 0, data_size 0, mem_type 0, lib_name , ext_data_size 0, is_protobuf 1, enable_event_sync_subscriber 0], buffer id = 11
I0827 00:06:43.393013 707199 cosine_bus_message_buffer.cpp:45] [cosine_internal][CosineBusMessageBuffer] create buffer success. name:bus_buffer___MotionControlService__ControlMode__response, type:genie_msgs.msg.pb.CommonResponse, size:5
I0827 00:06:43.393034 707297 centralized_discovery.cc:733] [aorta]subscriber uid:543c7efc-32e9-4a49-9997-b8aa3ace6ead-8918795574175434775 topic:/hal/chest_power_state
I0827 00:06:43.393072 707199 node_impl.cc:344] [aorta]CreateSubscriber topic:/MotionControlService/ControlMode/response, uid:2c846026-45f4-46a2-bed7-b4481f6b42fa-13500083580579056044 topic_uid:-1
I0827 00:06:43.393481 707199 aorta_component.cpp:326] [cosine_internal][AortaComponent] aorta node create subscriber. node: python3.10_S1, topic:/MotionControlService/ControlMode/response, type:genie_msgs.msg.pb.CommonResponse, qos:(history:1, depth:5, reliability:1, durability:2), uri:http://10.42.0.101:2379
I0827 00:06:43.393491 707199 aorta_subscriber.hpp:96] [cosine_internal][AortaSubscriber] initial. topic:/MotionControlService/ControlMode/response, uri:
I0827 00:06:43.393502 707199 cosine_bus_manager.cpp:400] [cosine_internal][CosineBusManager] create subscriber. topic name:/MotionControlService/SetLoad/response , middleware:aorta , need async callback:0, frame_skip_rate:1
I0827 00:06:43.393508 707199 aorta_component.cpp:174] [cosine_internal][AortaComponent] callback_name:/MotionControlService/SetLoad/responsehttp://10.42.0.101:2379
I0827 00:06:43.393540 707199 buffered_data_export.cpp:115] [cosine_internal]successfully create buffer [bus_buffer___MotionControlService__SetLoad__response, type genie_msgs.msg.pb.CommonResponse, block num 5, valid_time 0, transfer_type 0, data_size 0, mem_type 0, lib_name , ext_data_size 0, is_protobuf 1, enable_event_sync_subscriber 0], buffer id = 12
I0827 00:06:43.393571 707199 cosine_bus_message_buffer.cpp:45] [cosine_internal][CosineBusMessageBuffer] create buffer success. name:bus_buffer___MotionControlService__SetLoad__response, type:genie_msgs.msg.pb.CommonResponse, size:5
I0827 00:06:43.393653 707199 node_impl.cc:344] [aorta]CreateSubscriber topic:/MotionControlService/SetLoad/response, uid:b8e0fab9-2ee0-4d53-aa55-e3759869407d-11741066552301177038 topic_uid:-1
I0827 00:06:43.393857 708313 shm_subscriber.cc:120] [aorta]subscriber connect to publisher success, topic /hal/chest_power_state, local d2379|python3.10|p707199|n0|s7|c0, peer d2379|hal_lowerlimb|p9093|n0|/hal/chest_power_state|p4
I0827 00:06:43.393906 707297 centralized_discovery.cc:681] [aorta]publisher uid:bac3a881-cdda-4540-80bc-cc645d0e918e-8113233340941315482 topic:/hal/joint_cmd
I0827 00:06:43.394107 707199 aorta_component.cpp:326] [cosine_internal][AortaComponent] aorta node create subscriber. node: python3.10_S1, topic:/MotionControlService/SetLoad/response, type:genie_msgs.msg.pb.CommonResponse, qos:(history:1, depth:5, reliability:1, durability:2), uri:http://10.42.0.101:2379
I0827 00:06:43.394119 707199 aorta_subscriber.hpp:96] [cosine_internal][AortaSubscriber] initial. topic:/MotionControlService/SetLoad/response, uri:
I0827 00:06:43.394130 707199 cosine_bus_manager.cpp:400] [cosine_internal][CosineBusManager] create subscriber. topic name:/MotionControlService/SetComplianceParams/response , middleware:aorta , need async callback:0, frame_skip_rate:1
I0827 00:06:43.394137 707199 aorta_component.cpp:174] [cosine_internal][AortaComponent] callback_name:/MotionControlService/SetComplianceParams/responsehttp://10.42.0.101:2379
I0827 00:06:43.394173 707199 buffered_data_export.cpp:115] [cosine_internal]successfully create buffer [bus_buffer___MotionControlService__SetComplianceParams__response, type genie_msgs.msg.pb.CommonResponse, block num 5, valid_time 0, transfer_type 0, data_size 0, mem_type 0, lib_name , ext_data_size 0, is_protobuf 1, enable_event_sync_subscriber 0], buffer id = 13
I0827 00:06:43.394186 707199 cosine_bus_message_buffer.cpp:45] [cosine_internal][CosineBusMessageBuffer] create buffer success. name:bus_buffer___MotionControlService__SetComplianceParams__response, type:genie_msgs.msg.pb.CommonResponse, size:5
I0827 00:06:43.394260 707199 node_impl.cc:344] [aorta]CreateSubscriber topic:/MotionControlService/SetComplianceParams/response, uid:e2bf618e-285c-4f1c-9893-a077d56b5dc9-16772690313444795879 topic_uid:-1
I0827 00:06:43.394686 707199 aorta_component.cpp:326] [cosine_internal][AortaComponent] aorta node create subscriber. node: python3.10_S1, topic:/MotionControlService/SetComplianceParams/response, type:genie_msgs.msg.pb.CommonResponse, qos:(history:1, depth:5, reliability:1, durability:2), uri:http://10.42.0.101:2379
I0827 00:06:43.394696 707199 aorta_subscriber.hpp:96] [cosine_internal][AortaSubscriber] initial. topic:/MotionControlService/SetComplianceParams/response, uri:
I0827 00:06:43.394707 707199 cosine_bus_manager.cpp:400] [cosine_internal][CosineBusManager] create subscriber. topic name:/MotionControlService/MotionPlan/response , middleware:aorta , need async callback:0, frame_skip_rate:1
I0827 00:06:43.394713 707199 aorta_component.cpp:174] [cosine_internal][AortaComponent] callback_name:/MotionControlService/MotionPlan/responsehttp://10.42.0.101:2379
I0827 00:06:43.394747 707199 buffered_data_export.cpp:115] [cosine_internal]successfully create buffer [bus_buffer___MotionControlService__MotionPlan__response, type genie_msgs.msg.pb.CommonResponse, block num 5, valid_time 0, transfer_type 0, data_size 0, mem_type 0, lib_name , ext_data_size 0, is_protobuf 1, enable_event_sync_subscriber 0], buffer id = 14
I0827 00:06:43.394762 707199 cosine_bus_message_buffer.cpp:45] [cosine_internal][CosineBusMessageBuffer] create buffer success. name:bus_buffer___MotionControlService__MotionPlan__response, type:genie_msgs.msg.pb.CommonResponse, size:5
I0827 00:06:43.394819 707199 node_impl.cc:344] [aorta]CreateSubscriber topic:/MotionControlService/MotionPlan/response, uid:460cd0a4-2eef-4279-bad6-4177422f5548-7265943930381113476 topic_uid:-1
I0827 00:06:43.394868 707297 centralized_discovery.cc:681] [aorta]publisher uid:67d7c899-dcb4-48c2-b371-8a2cd4749549-15677759012602946526 topic:/wbc/left_ee_command
I0827 00:06:43.395748 707199 aorta_component.cpp:326] [cosine_internal][AortaComponent] aorta node create subscriber. node: python3.10_S1, topic:/MotionControlService/MotionPlan/response, type:genie_msgs.msg.pb.CommonResponse, qos:(history:1, depth:5, reliability:1, durability:2), uri:http://10.42.0.101:2379
I0827 00:06:43.395763 707199 aorta_subscriber.hpp:96] [cosine_internal][AortaSubscriber] initial. topic:/MotionControlService/MotionPlan/response, uri:
I0827 00:06:43.396593 707199 cosine_bus_manager.cpp:294] [cosine_internal][CosineBusManager] create publisher. topic name:/wbc/motion_stop , middleware:aorta
I0827 00:06:43.396806 707297 centralized_discovery.cc:681] [aorta]publisher uid:0f05d264-3265-44ea-975e-efbfba0e5b39-12160131399292109555 topic:/wbc/right_ee_command
I0827 00:06:43.397060 707199 tcp_publisher.cc:179] [aorta]topic /wbc/motion_stop, pub_queue_size_ 5, latch_queue_size_ 0
I0827 00:06:43.397162 708311 tcp_socket_server.cc:200] [aorta]The ip info is0.0.0.0:46211
I0827 00:06:43.397431 708311 shm_socket_server.cc:101] [aorta][/wbc/motion_stop] bind at pipe sock name d2379|python3.10|p707199|n0|/wbc/motion_stop|p5
I0827 00:06:43.397529 707199 node_impl.cc:198] [aorta]CreatePublisher, host:0.0.0.0, port:46211, sockname:d2379|python3.10|p707199|n0|/wbc/motion_stop|p5, topic:/wbc/motion_stop, uid:30186f0e-8347-4ef9-94f6-702255ab53db-13748557535015507650 topic_uid:-1
I0827 00:06:43.397560 707199 aorta_component.cpp:394] [cosine_internal][AortaComponent] aorta node create publisher. node: python3.10_S1, topic:/wbc/motion_stop, type:genie_msgs.msg.pb.MotionStop, qos:(history:1, depth:5, reliability:1, durability:2), uri:http://10.42.0.101:2379
I0827 00:06:43.397604 707199 aorta_publisher.cpp:119] [cosine_internal][AortaPublisher] publisher initialize. topic:/wbc/motion_stop, uri:
I0827 00:06:43.397617 707199 publisher.cpp:27] [GDK]create publisher: /wbc/motion_stop type: genie_msgs.msg.pb.MotionStop qos: 1 1 5 2
I0827 00:06:43.397732 707199 cosine_bus_manager.cpp:294] [cosine_internal][CosineBusManager] create publisher. topic name:/wbc/set_control_mode , middleware:aorta
I0827 00:06:43.398169 707199 tcp_publisher.cc:179] [aorta]topic /wbc/set_control_mode, pub_queue_size_ 5, latch_queue_size_ 0
I0827 00:06:43.398250 708311 tcp_socket_server.cc:200] [aorta]The ip info is0.0.0.0:39003
I0827 00:06:43.398380 708311 shm_socket_server.cc:101] [aorta][/wbc/set_control_mode] bind at pipe sock name d2379|python3.10|p707199|n0|/wbc/set_control_mode|p6
I0827 00:06:43.398458 707199 node_impl.cc:198] [aorta]CreatePublisher, host:0.0.0.0, port:39003, sockname:d2379|python3.10|p707199|n0|/wbc/set_control_mode|p6, topic:/wbc/set_control_mode, uid:c4507d1f-dcd5-4c41-b425-40226ca558cd-14916454457450496029 topic_uid:-1
I0827 00:06:43.398483 707199 aorta_component.cpp:394] [cosine_internal][AortaComponent] aorta node create publisher. node: python3.10_S1, topic:/wbc/set_control_mode, type:genie_msgs.msg.pb.SetControlMode, qos:(history:1, depth:5, reliability:1, durability:2), uri:http://10.42.0.101:2379
I0827 00:06:43.398490 707297 centralized_discovery.cc:733] [aorta]subscriber uid:df93a120-9701-424c-b5f2-f9a5b1ef077c-3835708119707617413 topic:/wbc/motion_control_status
I0827 00:06:43.398519 707199 aorta_publisher.cpp:119] [cosine_internal][AortaPublisher] publisher initialize. topic:/wbc/set_control_mode, uri:
I0827 00:06:43.398526 707199 publisher.cpp:27] [GDK]create publisher: /wbc/set_control_mode type: genie_msgs.msg.pb.SetControlMode qos: 1 1 5 2
I0827 00:06:43.398643 707199 cosine_bus_manager.cpp:294] [cosine_internal][CosineBusManager] create publisher. topic name:/wbc/end_effector_pose_control , middleware:aorta
I0827 00:06:43.399757 708313 shm_subscriber.cc:120] [aorta]subscriber connect to publisher success, topic /wbc/motion_control_status, local d2379|python3.10|p707199|n0|s8|c0, peer d2379|genie_motion_control|p11432|n0|/wbc/motion_control_status|p4
I0827 00:06:43.399824 707297 centralized_discovery.cc:733] [aorta]subscriber uid:5eea657a-905f-4297-af4a-eeaa72d5705b-11220515294652701264 topic:/MotionControlService/JointPosition/response
I0827 00:06:43.399844 707199 tcp_publisher.cc:179] [aorta]topic /wbc/end_effector_pose_control, pub_queue_size_ 5, latch_queue_size_ 0
I0827 00:06:43.399952 708311 tcp_socket_server.cc:200] [aorta]The ip info is0.0.0.0:42599
I0827 00:06:43.400039 708311 shm_socket_server.cc:101] [aorta][/wbc/end_effector_pose_control] bind at pipe sock name d2379|python3.10|p707199|n0|/wbc/end_effector_pose_control|p7
I0827 00:06:43.400111 707199 node_impl.cc:198] [aorta]CreatePublisher, host:0.0.0.0, port:42599, sockname:d2379|python3.10|p707199|n0|/wbc/end_effector_pose_control|p7, topic:/wbc/end_effector_pose_control, uid:eeb71e35-84df-4494-b603-0312d7d3298f-8961509146944305143 topic_uid:-1
I0827 00:06:43.400133 707199 aorta_component.cpp:394] [cosine_internal][AortaComponent] aorta node create publisher. node: python3.10_S1, topic:/wbc/end_effector_pose_control, type:genie_msgs.msg.pb.EndEffectorPoseControl, qos:(history:1, depth:5, reliability:1, durability:2), uri:http://10.42.0.101:2379
I0827 00:06:43.400169 707199 aorta_publisher.cpp:119] [cosine_internal][AortaPublisher] publisher initialize. topic:/wbc/end_effector_pose_control, uri:
I0827 00:06:43.400179 707199 publisher.cpp:27] [GDK]create publisher: /wbc/end_effector_pose_control type: genie_msgs.msg.pb.EndEffectorPoseControl qos: 1 1 5 2
I0827 00:06:43.400313 707199 cosine_bus_manager.cpp:294] [cosine_internal][CosineBusManager] create publisher. topic name:/wbc/joint_position_control , middleware:aorta
I0827 00:06:43.400789 707199 tcp_publisher.cc:179] [aorta]topic /wbc/joint_position_control, pub_queue_size_ 5, latch_queue_size_ 0
I0827 00:06:43.400861 708311 tcp_socket_server.cc:200] [aorta]The ip info is0.0.0.0:43079
I0827 00:06:43.400933 708311 shm_socket_server.cc:101] [aorta][/wbc/joint_position_control] bind at pipe sock name d2379|python3.10|p707199|n0|/wbc/joint_position_control|p8
I0827 00:06:43.400993 707199 node_impl.cc:198] [aorta]CreatePublisher, host:0.0.0.0, port:43079, sockname:d2379|python3.10|p707199|n0|/wbc/joint_position_control|p8, topic:/wbc/joint_position_control, uid:bec75a38-f61a-4b18-8ba4-eaa67f28d84f-17554954426434248758 topic_uid:-1
I0827 00:06:43.401014 707199 aorta_component.cpp:394] [cosine_internal][AortaComponent] aorta node create publisher. node: python3.10_S1, topic:/wbc/joint_position_control, type:genie_msgs.msg.pb.JointPositionControl, qos:(history:1, depth:5, reliability:1, durability:2), uri:http://10.42.0.101:2379
I0827 00:06:43.401029 708313 shm_subscriber.cc:120] [aorta]subscriber connect to publisher success, topic /MotionControlService/JointPosition/response, local d2379|python3.10|p707199|n0|s9|c0, peer d2379|genie_motion_control|p11432|n0|..nControlService/JointPosition/response|p20
I0827 00:06:43.401046 707199 aorta_publisher.cpp:119] [cosine_internal][AortaPublisher] publisher initialize. topic:/wbc/joint_position_control, uri:
I0827 00:06:43.401053 707199 publisher.cpp:27] [GDK]create publisher: /wbc/joint_position_control type: genie_msgs.msg.pb.JointPositionControl qos: 1 1 5 2
I0827 00:06:43.401120 707199 cosine_bus_manager.cpp:294] [cosine_internal][CosineBusManager] create publisher. topic name:/MotionControlService/JointPosition/request , middleware:aorta
I0827 00:06:43.401139 707297 centralized_discovery.cc:733] [aorta]subscriber uid:2c846026-45f4-46a2-bed7-b4481f6b42fa-13500083580579056044 topic:/MotionControlService/ControlMode/response
I0827 00:06:43.401590 707199 tcp_publisher.cc:179] [aorta]topic /MotionControlService/JointPosition/request, pub_queue_size_ 5, latch_queue_size_ 0
I0827 00:06:43.401664 708311 tcp_socket_server.cc:200] [aorta]The ip info is0.0.0.0:44387
I0827 00:06:43.401732 708311 shm_socket_server.cc:101] [aorta][/MotionControlService/JointPosition/request] bind at pipe sock name d2379|python3.10|p707199|n0|..onControlService/JointPosition/request|p9
I0827 00:06:43.401786 707199 node_impl.cc:198] [aorta]CreatePublisher, host:0.0.0.0, port:44387, sockname:d2379|python3.10|p707199|n0|..onControlService/JointPosition/request|p9, topic:/MotionControlService/JointPosition/request, uid:dfa486ed-0208-410c-a5bc-3e3df3a8e0f1-13247891859042633557 topic_uid:-1
I0827 00:06:43.401803 707199 aorta_component.cpp:394] [cosine_internal][AortaComponent] aorta node create publisher. node: python3.10_S1, topic:/MotionControlService/JointPosition/request, type:genie_msgs.msg.pb.JointPositionRequst, qos:(history:1, depth:5, reliability:1, durability:2), uri:http://10.42.0.101:2379
I0827 00:06:43.401835 707199 aorta_publisher.cpp:119] [cosine_internal][AortaPublisher] publisher initialize. topic:/MotionControlService/JointPosition/request, uri:
I0827 00:06:43.401844 707199 publisher.cpp:27] [GDK]create publisher: /MotionControlService/JointPosition/request type: genie_msgs.msg.pb.JointPositionRequst qos: 1 1 5 2
I0827 00:06:43.401939 707199 cosine_bus_manager.cpp:294] [cosine_internal][CosineBusManager] create publisher. topic name:/MotionControlService/ControlMode/request , middleware:aorta
I0827 00:06:43.402307 708313 shm_subscriber.cc:120] [aorta]subscriber connect to publisher success, topic /MotionControlService/ControlMode/response, local d2379|python3.10|p707199|n0|s10|c0, peer d2379|genie_motion_control|p11432|n0|..ionControlService/ControlMode/response|p16
I0827 00:06:43.402371 707199 tcp_publisher.cc:179] [aorta]topic /MotionControlService/ControlMode/request, pub_queue_size_ 5, latch_queue_size_ 0
I0827 00:06:43.402372 707297 centralized_discovery.cc:733] [aorta]subscriber uid:b8e0fab9-2ee0-4d53-aa55-e3759869407d-11741066552301177038 topic:/MotionControlService/SetLoad/response
I0827 00:06:43.402495 708311 tcp_socket_server.cc:200] [aorta]The ip info is0.0.0.0:33891
I0827 00:06:43.403577 708313 shm_subscriber.cc:120] [aorta]subscriber connect to publisher success, topic /MotionControlService/SetLoad/response, local d2379|python3.10|p707199|n0|s11|c0, peer d2379|genie_motion_control|p11432|n0|/MotionControlService/SetLoad/response|p15
I0827 00:06:43.403740 707297 centralized_discovery.cc:733] [aorta]subscriber uid:e2bf618e-285c-4f1c-9893-a077d56b5dc9-16772690313444795879 topic:/MotionControlService/SetComplianceParams/response
I0827 00:06:43.403743 708311 shm_socket_server.cc:101] [aorta][/MotionControlService/ControlMode/request] bind at pipe sock name d2379|python3.10|p707199|n0|..tionControlService/ControlMode/request|p10
