I0827 05:14:37.586105 1422460 node_impl.cc:344] [aorta]CreateSubscriber topic:/pnc/task_service/normal_navigation/response, uid:ef2c911b-97de-4cef-a06e-3c3017082f89-7227396448010854466 topic_uid:-1
I0827 05:14:37.586470 1422460 aorta_component.cpp:326] [cosine_internal][AortaComponent] aorta node create subscriber. node: python3.10_S1, topic:/pnc/task_service/normal_navigation/response, type:pnc_msgs.NormalNavigationResponse, qos:(history:1, depth:5, reliability:1, durability:2), uri:http://10.42.0.101:2379
I0827 05:14:37.586480 1422460 aorta_subscriber.hpp:96] [cosine_internal][AortaSubscriber] initial. topic:/pnc/task_service/normal_navigation/response, uri:
I0827 05:14:37.586491 1422460 cosine_bus_manager.cpp:400] [cosine_internal][CosineBusManager] create subscriber. topic name:/pnc/task_service/high_precision_navigation/response , middleware:aorta , need async callback:0, frame_skip_rate:1
I0827 05:14:37.586498 1422460 aorta_component.cpp:174] [cosine_internal][AortaComponent] callback_name:/pnc/task_service/high_precision_navigation/responsehttp://10.42.0.101:2379
I0827 05:14:37.586529 1422460 buffered_data_export.cpp:115] [cosine_internal]successfully create buffer [bus_buffer___pnc__task_service__high_precision_navigation__response, type pnc_msgs.HighPrecisionNavigationResponse, block num 5, valid_time 0, transfer_type 0, data_size 0, mem_type 0, lib_name , ext_data_size 0, is_protobuf 1, enable_event_sync_subscriber 0], buffer id = 24
I0827 05:14:37.586539 1422460 cosine_bus_message_buffer.cpp:45] [cosine_internal][CosineBusMessageBuffer] create buffer success. name:bus_buffer___pnc__task_service__high_precision_navigation__response, type:pnc_msgs.HighPrecisionNavigationResponse, size:5
I0827 05:14:37.586568 1422554 centralized_discovery.cc:733] [aorta]subscriber uid:56ef0fc4-e709-4701-9fe9-6a2cdfc1afbc-17867573658284279546 topic:/camera/hand_right_depth
I0827 05:14:37.586609 1422460 node_impl.cc:344] [aorta]CreateSubscriber topic:/pnc/task_service/high_precision_navigation/response, uid:ba2dec28-7f34-4d7b-9a1f-ad09ff7c5502-4701876173029784314 topic_uid:-1
I0827 05:14:37.586979 1422460 aorta_component.cpp:326] [cosine_internal][AortaComponent] aorta node create subscriber. node: python3.10_S1, topic:/pnc/task_service/high_precision_navigation/response, type:pnc_msgs.HighPrecisionNavigationResponse, qos:(history:1, depth:5, reliability:1, durability:2), uri:http://10.42.0.101:2379
I0827 05:14:37.586988 1422460 aorta_subscriber.hpp:96] [cosine_internal][AortaSubscriber] initial. topic:/pnc/task_service/high_precision_navigation/response, uri:
I0827 05:14:37.586999 1422460 cosine_bus_manager.cpp:400] [cosine_internal][CosineBusManager] create subscriber. topic name:/pnc/task_service/relative_move/response , middleware:aorta , need async callback:0, frame_skip_rate:1
I0827 05:14:37.587006 1422460 aorta_component.cpp:174] [cosine_internal][AortaComponent] callback_name:/pnc/task_service/relative_move/responsehttp://10.42.0.101:2379
I0827 05:14:37.587039 1422460 buffered_data_export.cpp:115] [cosine_internal]successfully create buffer [bus_buffer___pnc__task_service__relative_move__response, type pnc_msgs.RelativeMoveResponse, block num 5, valid_time 0, transfer_type 0, data_size 0, mem_type 0, lib_name , ext_data_size 0, is_protobuf 1, enable_event_sync_subscriber 0], buffer id = 25
I0827 05:14:37.587050 1422460 cosine_bus_message_buffer.cpp:45] [cosine_internal][CosineBusMessageBuffer] create buffer success. name:bus_buffer___pnc__task_service__relative_move__response, type:pnc_msgs.RelativeMoveResponse, size:5
I0827 05:14:37.587121 1422460 node_impl.cc:344] [aorta]CreateSubscriber topic:/pnc/task_service/relative_move/response, uid:8b8cb2f5-ef42-479a-8137-079fde645b10-4077207897147431090 topic_uid:-1
I0827 05:14:37.587399 1422554 centralized_discovery.cc:733] [aorta]subscriber uid:bf2ffa63-2daa-4a1a-907b-cc2ad64d69fe-10419009240684809358 topic:/camera/hand_left_upper_color
I0827 05:14:37.587529 1422460 aorta_component.cpp:326] [cosine_internal][AortaComponent] aorta node create subscriber. node: python3.10_S1, topic:/pnc/task_service/relative_move/response, type:pnc_msgs.RelativeMoveResponse, qos:(history:1, depth:5, reliability:1, durability:2), uri:http://10.42.0.101:2379
I0827 05:14:37.587540 1422460 aorta_subscriber.hpp:96] [cosine_internal][AortaSubscriber] initial. topic:/pnc/task_service/relative_move/response, uri:
I0827 05:14:37.587551 1422460 cosine_bus_manager.cpp:400] [cosine_internal][CosineBusManager] create subscriber. topic name:/pnc/task_service/task_cancel/response , middleware:aorta , need async callback:0, frame_skip_rate:1
I0827 05:14:37.587560 1422460 aorta_component.cpp:174] [cosine_internal][AortaComponent] callback_name:/pnc/task_service/task_cancel/responsehttp://10.42.0.101:2379
I0827 05:14:37.587612 1422460 buffered_data_export.cpp:115] [cosine_internal]successfully create buffer [bus_buffer___pnc__task_service__task_cancel__response, type pnc_msgs.TaskCancelResponse, block num 5, valid_time 0, transfer_type 0, data_size 0, mem_type 0, lib_name , ext_data_size 0, is_protobuf 1, enable_event_sync_subscriber 0], buffer id = 26
I0827 05:14:37.587625 1422460 cosine_bus_message_buffer.cpp:45] [cosine_internal][CosineBusMessageBuffer] create buffer success. name:bus_buffer___pnc__task_service__task_cancel__response, type:pnc_msgs.TaskCancelResponse, size:5
I0827 05:14:37.587693 1422460 node_impl.cc:344] [aorta]CreateSubscriber topic:/pnc/task_service/task_cancel/response, uid:13873f23-876d-44ae-b58a-f8ff867bf037-3654631836754090917 topic_uid:-1
I0827 05:14:37.588074 1422460 aorta_component.cpp:326] [cosine_internal][AortaComponent] aorta node create subscriber. node: python3.10_S1, topic:/pnc/task_service/task_cancel/response, type:pnc_msgs.TaskCancelResponse, qos:(history:1, depth:5, reliability:1, durability:2), uri:http://10.42.0.101:2379
I0827 05:14:37.588084 1422460 aorta_subscriber.hpp:96] [cosine_internal][AortaSubscriber] initial. topic:/pnc/task_service/task_cancel/response, uri:
I0827 05:14:37.588096 1422460 cosine_bus_manager.cpp:400] [cosine_internal][CosineBusManager] create subscriber. topic name:/pnc/task_service/task_pause/response , middleware:aorta , need async callback:0, frame_skip_rate:1
I0827 05:14:37.588104 1422460 aorta_component.cpp:174] [cosine_internal][AortaComponent] callback_name:/pnc/task_service/task_pause/responsehttp://10.42.0.101:2379
I0827 05:14:37.588137 1422460 buffered_data_export.cpp:115] [cosine_internal]successfully create buffer [bus_buffer___pnc__task_service__task_pause__response, type pnc_msgs.TaskPauseResponse, block num 5, valid_time 0, transfer_type 0, data_size 0, mem_type 0, lib_name , ext_data_size 0, is_protobuf 1, enable_event_sync_subscriber 0], buffer id = 27
I0827 05:14:37.588150 1422460 cosine_bus_message_buffer.cpp:45] [cosine_internal][CosineBusMessageBuffer] create buffer success. name:bus_buffer___pnc__task_service__task_pause__response, type:pnc_msgs.TaskPauseResponse, size:5
I0827 05:14:37.588196 1422554 centralized_discovery.cc:733] [aorta]subscriber uid:c5e8bd02-9e71-43b9-a709-bb1b7b6f252d-14436869942545931775 topic:/camera/hand_right_upper_color
I0827 05:14:37.588222 1422460 node_impl.cc:344] [aorta]CreateSubscriber topic:/pnc/task_service/task_pause/response, uid:7c009c76-ece0-449d-91d7-2269287a5f10-4995236092065324733 topic_uid:-1
I0827 05:14:37.588608 1422460 aorta_component.cpp:326] [cosine_internal][AortaComponent] aorta node create subscriber. node: python3.10_S1, topic:/pnc/task_service/task_pause/response, type:pnc_msgs.TaskPauseResponse, qos:(history:1, depth:5, reliability:1, durability:2), uri:http://10.42.0.101:2379
I0827 05:14:37.588621 1422460 aorta_subscriber.hpp:96] [cosine_internal][AortaSubscriber] initial. topic:/pnc/task_service/task_pause/response, uri:
I0827 05:14:37.588634 1422460 cosine_bus_manager.cpp:400] [cosine_internal][CosineBusManager] create subscriber. topic name:/pnc/task_service/task_resume/response , middleware:aorta , need async callback:0, frame_skip_rate:1
I0827 05:14:37.588639 1422460 aorta_component.cpp:174] [cosine_internal][AortaComponent] callback_name:/pnc/task_service/task_resume/responsehttp://10.42.0.101:2379
I0827 05:14:37.588670 1422460 buffered_data_export.cpp:115] [cosine_internal]successfully create buffer [bus_buffer___pnc__task_service__task_resume__response, type pnc_msgs.TaskResumeResponse, block num 5, valid_time 0, transfer_type 0, data_size 0, mem_type 0, lib_name , ext_data_size 0, is_protobuf 1, enable_event_sync_subscriber 0], buffer id = 28
I0827 05:14:37.588681 1422460 cosine_bus_message_buffer.cpp:45] [cosine_internal][CosineBusMessageBuffer] create buffer success. name:bus_buffer___pnc__task_service__task_resume__response, type:pnc_msgs.TaskResumeResponse, size:5
I0827 05:14:37.588749 1422460 node_impl.cc:344] [aorta]CreateSubscriber topic:/pnc/task_service/task_resume/response, uid:bc0d29d3-0aa0-4bad-9a78-0e183e9203ad-16859347558940246081 topic_uid:-1
I0827 05:14:37.588883 1422554 centralized_discovery.cc:733] [aorta]subscriber uid:027782d4-a111-4258-acd6-f0961f2a25d7-4503626684902531612 topic:/camera/hand_left_lower_color
I0827 05:14:37.589128 1422460 aorta_component.cpp:326] [cosine_internal][AortaComponent] aorta node create subscriber. node: python3.10_S1, topic:/pnc/task_service/task_resume/response, type:pnc_msgs.TaskResumeResponse, qos:(history:1, depth:5, reliability:1, durability:2), uri:http://10.42.0.101:2379
I0827 05:14:37.589138 1422460 aorta_subscriber.hpp:96] [cosine_internal][AortaSubscriber] initial. topic:/pnc/task_service/task_resume/response, uri:
I0827 05:14:37.589147 1422460 cosine_bus_manager.cpp:400] [cosine_internal][CosineBusManager] create subscriber. topic name:/pnc/task_service/remote_control/response , middleware:aorta , need async callback:0, frame_skip_rate:1
I0827 05:14:37.589154 1422460 aorta_component.cpp:174] [cosine_internal][AortaComponent] callback_name:/pnc/task_service/remote_control/responsehttp://10.42.0.101:2379
I0827 05:14:37.589185 1422460 buffered_data_export.cpp:115] [cosine_internal]successfully create buffer [bus_buffer___pnc__task_service__remote_control__response, type pnc_msgs.RemoteControlResponse, block num 5, valid_time 0, transfer_type 0, data_size 0, mem_type 0, lib_name , ext_data_size 0, is_protobuf 1, enable_event_sync_subscriber 0], buffer id = 29
I0827 05:14:37.589195 1422460 cosine_bus_message_buffer.cpp:45] [cosine_internal][CosineBusMessageBuffer] create buffer success. name:bus_buffer___pnc__task_service__remote_control__response, type:pnc_msgs.RemoteControlResponse, size:5
I0827 05:14:37.589262 1422460 node_impl.cc:344] [aorta]CreateSubscriber topic:/pnc/task_service/remote_control/response, uid:e5658a1d-8af7-4408-8844-f62c7969cc64-11583863028842959166 topic_uid:-1
I0827 05:14:37.589641 1422554 centralized_discovery.cc:733] [aorta]subscriber uid:d8e914e1-34c7-40d2-a2f2-89b02569f1ca-8186110446424813557 topic:/camera/hand_right_lower_color
I0827 05:14:37.589687 1422460 aorta_component.cpp:326] [cosine_internal][AortaComponent] aorta node create subscriber. node: python3.10_S1, topic:/pnc/task_service/remote_control/response, type:pnc_msgs.RemoteControlResponse, qos:(history:1, depth:5, reliability:1, durability:2), uri:http://10.42.0.101:2379
I0827 05:14:37.589697 1422460 aorta_subscriber.hpp:96] [cosine_internal][AortaSubscriber] initial. topic:/pnc/task_service/remote_control/response, uri:
I0827 05:14:37.589717 1422460 cosine_bus_manager.cpp:294] [cosine_internal][CosineBusManager] create publisher. topic name:/pnc/task_service/normal_navigation/request , middleware:aorta
I0827 05:14:37.590113 1422460 tcp_publisher.cc:179] [aorta]topic /pnc/task_service/normal_navigation/request, pub_queue_size_ 5, latch_queue_size_ 0
I0827 05:14:37.590202 1423638 tcp_socket_server.cc:200] [aorta]The ip info is0.0.0.0:39735
I0827 05:14:37.590281 1423638 shm_socket_server.cc:101] [aorta][/pnc/task_service/normal_navigation/request] bind at pipe sock name d2379|python3.10|p1422460|n0|..task_service/normal_navigation/request|p2
I0827 05:14:37.590338 1422460 node_impl.cc:198] [aorta]CreatePublisher, host:0.0.0.0, port:39735, sockname:d2379|python3.10|p1422460|n0|..task_service/normal_navigation/request|p2, topic:/pnc/task_service/normal_navigation/request, uid:65bd2e02-99e1-4b51-a7f5-27d9b7fb0a7c-11863888217293896894 topic_uid:-1
I0827 05:14:37.590358 1422460 aorta_component.cpp:394] [cosine_internal][AortaComponent] aorta node create publisher. node: python3.10_S1, topic:/pnc/task_service/normal_navigation/request, type:pnc_msgs.NormalNavigationRequest, qos:(history:1, depth:5, reliability:1, durability:2), uri:http://10.42.0.101:2379
I0827 05:14:37.590394 1422460 aorta_publisher.cpp:119] [cosine_internal][AortaPublisher] publisher initialize. topic:/pnc/task_service/normal_navigation/request, uri:
I0827 05:14:37.590401 1422460 publisher.cpp:27] [GDK]create publisher: /pnc/task_service/normal_navigation/request type: pnc_msgs.NormalNavigationRequest qos: 1 1 5 2
I0827 05:14:37.590415 1422460 cosine_bus_manager.cpp:294] [cosine_internal][CosineBusManager] create publisher. topic name:/pnc/task_service/high_precision_navigation/request , middleware:aorta
I0827 05:14:37.590553 1422554 centralized_discovery.cc:733] [aorta]subscriber uid:c8fc2332-a6c1-45e0-b341-676459b0297e-12072037676595526463 topic:/camera/hand_left_upper_depth
I0827 05:14:37.590817 1422460 tcp_publisher.cc:179] [aorta]topic /pnc/task_service/high_precision_navigation/request, pub_queue_size_ 5, latch_queue_size_ 0
I0827 05:14:37.591076 1423638 tcp_socket_server.cc:200] [aorta]The ip info is0.0.0.0:41859
I0827 05:14:37.591156 1423638 shm_socket_server.cc:101] [aorta][/pnc/task_service/high_precision_navigation/request] bind at pipe sock name d2379|python3.10|p1422460|n0|..vice/high_precision_navigation/request|p3
I0827 05:14:37.591213 1422460 node_impl.cc:198] [aorta]CreatePublisher, host:0.0.0.0, port:41859, sockname:d2379|python3.10|p1422460|n0|..vice/high_precision_navigation/request|p3, topic:/pnc/task_service/high_precision_navigation/request, uid:44d8a38b-08bd-4035-9337-9e2c6fafe05e-13581583299462652003 topic_uid:-1
I0827 05:14:37.591230 1422554 centralized_discovery.cc:733] [aorta]subscriber uid:a25432da-c04f-4ce1-bdf8-49b04ba8dcf0-15534589775061933553 topic:/camera/hand_right_upper_depth
I0827 05:14:37.591256 1422460 aorta_component.cpp:394] [cosine_internal][AortaComponent] aorta node create publisher. node: python3.10_S1, topic:/pnc/task_service/high_precision_navigation/request, type:pnc_msgs.HighPrecisionNavigationRequest, qos:(history:1, depth:5, reliability:1, durability:2), uri:http://10.42.0.101:2379
I0827 05:14:37.591292 1422460 aorta_publisher.cpp:119] [cosine_internal][AortaPublisher] publisher initialize. topic:/pnc/task_service/high_precision_navigation/request, uri:
I0827 05:14:37.591301 1422460 publisher.cpp:27] [GDK]create publisher: /pnc/task_service/high_precision_navigation/request type: pnc_msgs.HighPrecisionNavigationRequest qos: 1 1 5 2
I0827 05:14:37.591316 1422460 cosine_bus_manager.cpp:294] [cosine_internal][CosineBusManager] create publisher. topic name:/pnc/task_service/relative_move/request , middleware:aorta
I0827 05:14:37.591749 1422460 tcp_publisher.cc:179] [aorta]topic /pnc/task_service/relative_move/request, pub_queue_size_ 5, latch_queue_size_ 0
I0827 05:14:37.591830 1423638 tcp_socket_server.cc:200] [aorta]The ip info is0.0.0.0:45247
I0827 05:14:37.591897 1423638 shm_socket_server.cc:101] [aorta][/pnc/task_service/relative_move/request] bind at pipe sock name d2379|python3.10|p1422460|n0|/pnc/task_service/relative_move/request|p4
I0827 05:14:37.591955 1422554 centralized_discovery.cc:733] [aorta]subscriber uid:755eaa4d-0a43-4767-a45b-48f0969a5147-14499789538593900557 topic:/camera/hand_left_lower_depth
I0827 05:14:37.592075 1422460 node_impl.cc:198] [aorta]CreatePublisher, host:0.0.0.0, port:45247, sockname:d2379|python3.10|p1422460|n0|/pnc/task_service/relative_move/request|p4, topic:/pnc/task_service/relative_move/request, uid:8a25a345-51bf-4643-afc5-0b2454df5087-1499998713038698463 topic_uid:-1
I0827 05:14:37.592100 1422460 aorta_component.cpp:394] [cosine_internal][AortaComponent] aorta node create publisher. node: python3.10_S1, topic:/pnc/task_service/relative_move/request, type:pnc_msgs.RelativeMoveRequest, qos:(history:1, depth:5, reliability:1, durability:2), uri:http://10.42.0.101:2379
I0827 05:14:37.592145 1422460 aorta_publisher.cpp:119] [cosine_internal][AortaPublisher] publisher initialize. topic:/pnc/task_service/relative_move/request, uri:
I0827 05:14:37.592152 1422460 publisher.cpp:27] [GDK]create publisher: /pnc/task_service/relative_move/request type: pnc_msgs.RelativeMoveRequest qos: 1 1 5 2
I0827 05:14:37.592166 1422460 cosine_bus_manager.cpp:294] [cosine_internal][CosineBusManager] create publisher. topic name:/pnc/task_service/task_cancel/request , middleware:aorta
I0827 05:14:37.592574 1422460 tcp_publisher.cc:179] [aorta]topic /pnc/task_service/task_cancel/request, pub_queue_size_ 5, latch_queue_size_ 0
I0827 05:14:37.592635 1422554 centralized_discovery.cc:733] [aorta]subscriber uid:9924faaf-79f5-4311-aecd-b19b1a570f08-9839082178762803487 topic:/camera/hand_right_lower_depth
I0827 05:14:37.592752 1423638 tcp_socket_server.cc:200] [aorta]The ip info is0.0.0.0:46821
I0827 05:14:37.593001 1423638 shm_socket_server.cc:101] [aorta][/pnc/task_service/task_cancel/request] bind at pipe sock name d2379|python3.10|p1422460|n0|/pnc/task_service/task_cancel/request|p5
I0827 05:14:37.593081 1422460 node_impl.cc:198] [aorta]CreatePublisher, host:0.0.0.0, port:46821, sockname:d2379|python3.10|p1422460|n0|/pnc/task_service/task_cancel/request|p5, topic:/pnc/task_service/task_cancel/request, uid:3f736abc-2ea5-4112-8d87-53c701d5e159-10250913672907467700 topic_uid:-1
I0827 05:14:37.593116 1422460 aorta_component.cpp:394] [cosine_internal][AortaComponent] aorta node create publisher. node: python3.10_S1, topic:/pnc/task_service/task_cancel/request, type:pnc_msgs.TaskCancelRequest, qos:(history:1, depth:5, reliability:1, durability:2), uri:http://10.42.0.101:2379
I0827 05:14:37.593153 1422460 aorta_publisher.cpp:119] [cosine_internal][AortaPublisher] publisher initialize. topic:/pnc/task_service/task_cancel/request, uri:
I0827 05:14:37.593163 1422460 publisher.cpp:27] [GDK]create publisher: /pnc/task_service/task_cancel/request type: pnc_msgs.TaskCancelRequest qos: 1 1 5 2
I0827 05:14:37.593178 1422460 cosine_bus_manager.cpp:294] [cosine_internal][CosineBusManager] create publisher. topic name:/pnc/task_service/task_pause/request , middleware:aorta
I0827 05:14:37.593485 1422554 centralized_discovery.cc:733] [aorta]subscriber uid:45029556-10e6-4e0f-ae9e-f788d601fac0-9096530589114119892 topic:/pnc/task_state
I0827 05:14:37.593590 1422460 tcp_publisher.cc:179] [aorta]topic /pnc/task_service/task_pause/request, pub_queue_size_ 5, latch_queue_size_ 0
I0827 05:14:37.593642 1423638 tcp_socket_server.cc:200] [aorta]The ip info is0.0.0.0:43103
I0827 05:14:37.593699 1423638 shm_socket_server.cc:101] [aorta][/pnc/task_service/task_pause/request] bind at pipe sock name d2379|python3.10|p1422460|n0|/pnc/task_service/task_pause/request|p6
I0827 05:14:37.593741 1422460 node_impl.cc:198] [aorta]CreatePublisher, host:0.0.0.0, port:43103, sockname:d2379|python3.10|p1422460|n0|/pnc/task_service/task_pause/request|p6, topic:/pnc/task_service/task_pause/request, uid:67e19e70-a105-41bf-9844-93a473fd74fb-2366368184012060648 topic_uid:-1
I0827 05:14:37.593757 1422460 aorta_component.cpp:394] [cosine_internal][AortaComponent] aorta node create publisher. node: python3.10_S1, topic:/pnc/task_service/task_pause/request, type:pnc_msgs.TaskPauseRequest, qos:(history:1, depth:5, reliability:1, durability:2), uri:http://10.42.0.101:2379
I0827 05:14:37.593787 1422460 aorta_publisher.cpp:119] [cosine_internal][AortaPublisher] publisher initialize. topic:/pnc/task_service/task_pause/request, uri:
I0827 05:14:37.593793 1422460 publisher.cpp:27] [GDK]create publisher: /pnc/task_service/task_pause/request type: pnc_msgs.TaskPauseRequest qos: 1 1 5 2
I0827 05:14:37.593811 1422460 cosine_bus_manager.cpp:294] [cosine_internal][CosineBusManager] create publisher. topic name:/pnc/task_service/task_resume/request , middleware:aorta
I0827 05:14:37.594214 1422460 tcp_publisher.cc:179] [aorta]topic /pnc/task_service/task_resume/request, pub_queue_size_ 5, latch_queue_size_ 0
I0827 05:14:37.594262 1423638 tcp_socket_server.cc:200] [aorta]The ip info is0.0.0.0:36679
I0827 05:14:37.594301 1423642 shm_subscriber.cc:120] [aorta]subscriber connect to publisher success, topic /pnc/task_state, local d2379|python3.10|p1422460|n0|s21|c0, peer d2379|quark_navigation|p9625|n0|/pnc/task_state|p24
I0827 05:14:37.594355 1422554 centralized_discovery.cc:733] [aorta]subscriber uid:ef2c911b-97de-4cef-a06e-3c3017082f89-7227396448010854466 topic:/pnc/task_service/normal_navigation/response
I0827 05:14:37.594449 1423638 shm_socket_server.cc:101] [aorta][/pnc/task_service/task_resume/request] bind at pipe sock name d2379|python3.10|p1422460|n0|/pnc/task_service/task_resume/request|p7
I0827 05:14:37.594498 1422460 node_impl.cc:198] [aorta]CreatePublisher, host:0.0.0.0, port:36679, sockname:d2379|python3.10|p1422460|n0|/pnc/task_service/task_resume/request|p7, topic:/pnc/task_service/task_resume/request, uid:e7c401ac-d479-4fb1-8bde-bc553312bbb9-18204958959141007063 topic_uid:-1
I0827 05:14:37.594514 1422460 aorta_component.cpp:394] [cosine_internal][AortaComponent] aorta node create publisher. node: python3.10_S1, topic:/pnc/task_service/task_resume/request, type:pnc_msgs.TaskResumeRequest, qos:(history:1, depth:5, reliability:1, durability:2), uri:http://10.42.0.101:2379
I0827 05:14:37.594548 1422460 aorta_publisher.cpp:119] [cosine_internal][AortaPublisher] publisher initialize. topic:/pnc/task_service/task_resume/request, uri:
I0827 05:14:37.594554 1422460 publisher.cpp:27] [GDK]create publisher: /pnc/task_service/task_resume/request type: pnc_msgs.TaskResumeRequest qos: 1 1 5 2
I0827 05:14:37.594656 1422460 cosine_bus_manager.cpp:294] [cosine_internal][CosineBusManager] create publisher. topic name:/pnc/remote_control_cmd , middleware:aorta
I0827 05:14:37.595072 1422460 tcp_publisher.cc:179] [aorta]topic /pnc/remote_control_cmd, pub_queue_size_ 5, latch_queue_size_ 0
I0827 05:14:37.595118 1423638 tcp_socket_server.cc:200] [aorta]The ip info is0.0.0.0:41049
I0827 05:14:37.595178 1423638 shm_socket_server.cc:101] [aorta][/pnc/remote_control_cmd] bind at pipe sock name d2379|python3.10|p1422460|n0|/pnc/remote_control_cmd|p8
I0827 05:14:37.595225 1422460 node_impl.cc:198] [aorta]CreatePublisher, host:0.0.0.0, port:41049, sockname:d2379|python3.10|p1422460|n0|/pnc/remote_control_cmd|p8, topic:/pnc/remote_control_cmd, uid:76a9fcdf-417a-4039-8c90-5577a228c109-2921114360754287628 topic_uid:-1
I0827 05:14:37.595242 1422460 aorta_component.cpp:394] [cosine_internal][AortaComponent] aorta node create publisher. node: python3.10_S1, topic:/pnc/remote_control_cmd, type:geometry_msgs.msg.pb.TwistStamped, qos:(history:1, depth:5, reliability:1, durability:2), uri:http://10.42.0.101:2379
I0827 05:14:37.595243 1423642 shm_subscriber.cc:120] [aorta]subscriber connect to publisher success, topic /pnc/task_service/normal_navigation/response, local d2379|python3.10|p1422460|n0|s22|c0, peer d2379|quark_navigation|p9625|n0|..ask_service/normal_navigation/response|p11
I0827 05:14:37.595273 1422460 aorta_publisher.cpp:119] [cosine_internal][AortaPublisher] publisher initialize. topic:/pnc/remote_control_cmd, uri:
I0827 05:14:37.595279 1422460 publisher.cpp:27] [GDK]create publisher: /pnc/remote_control_cmd type: geometry_msgs.msg.pb.TwistStamped qos: 1 1 5 2
I0827 05:14:37.595291 1422460 cosine_bus_manager.cpp:294] [cosine_internal][CosineBusManager] create publisher. topic name:/pnc/task_service/remote_control/request , middleware:aorta
I0827 05:14:37.595293 1422554 centralized_discovery.cc:733] [aorta]subscriber uid:ba2dec28-7f34-4d7b-9a1f-ad09ff7c5502-4701876173029784314 topic:/pnc/task_service/high_precision_navigation/response
I0827 05:14:37.595770 1422460 tcp_publisher.cc:179] [aorta]topic /pnc/task_service/remote_control/request, pub_queue_size_ 5, latch_queue_size_ 0
I0827 05:14:37.595829 1423638 tcp_socket_server.cc:200] [aorta]The ip info is0.0.0.0:33949
I0827 05:14:37.596052 1423638 shm_socket_server.cc:101] [aorta][/pnc/task_service/remote_control/request] bind at pipe sock name d2379|python3.10|p1422460|n0|/pnc/task_service/remote_control/request|p9
I0827 05:14:37.596123 1422460 node_impl.cc:198] [aorta]CreatePublisher, host:0.0.0.0, port:33949, sockname:d2379|python3.10|p1422460|n0|/pnc/task_service/remote_control/request|p9, topic:/pnc/task_service/remote_control/request, uid:6a586aa6-f195-4c45-a2ef-05885afffb14-10398465225129759782 topic_uid:-1
I0827 05:14:37.596143 1422460 aorta_component.cpp:394] [cosine_internal][AortaComponent] aorta node create publisher. node: python3.10_S1, topic:/pnc/task_service/remote_control/request, type:pnc_msgs.RemoteControlRequest, qos:(history:1, depth:5, reliability:1, durability:2), uri:http://10.42.0.101:2379
I0827 05:14:37.596175 1422460 aorta_publisher.cpp:119] [cosine_internal][AortaPublisher] publisher initialize. topic:/pnc/task_service/remote_control/request, uri:
I0827 05:14:37.596181 1422460 publisher.cpp:27] [GDK]create publisher: /pnc/task_service/remote_control/request type: pnc_msgs.RemoteControlRequest qos: 1 1 5 2
I0827 05:14:37.596287 1423642 shm_subscriber.cc:120] [aorta]subscriber connect to publisher success, topic /pnc/task_service/high_precision_navigation/response, local d2379|python3.10|p1422460|n0|s23|c0, peer d2379|quark_navigation|p9625|n0|..ice/high_precision_navigation/response|p12
I0827 05:14:37.596338 1422554 centralized_discovery.cc:733] [aorta]subscriber uid:8b8cb2f5-ef42-479a-8137-079fde645b10-4077207897147431090 topic:/pnc/task_service/relative_move/response
I0827 05:14:37.597079 1423642 shm_subscriber.cc:120] [aorta]subscriber connect to publisher success, topic /pnc/task_service/relative_move/response, local d2379|python3.10|p1422460|n0|s24|c0, peer d2379|quark_navigation|p9625|n0|/pnc/task_service/relative_move/response|p15
I0827 05:14:37.597134 1422554 centralized_discovery.cc:733] [aorta]subscriber uid:13873f23-876d-44ae-b58a-f8ff867bf037-3654631836754090917 topic:/pnc/task_service/task_cancel/response
I0827 05:14:37.598001 1423642 shm_subscriber.cc:120] [aorta]subscriber connect to publisher success, topic /pnc/task_service/task_cancel/response, local d2379|python3.10|p1422460|n0|s25|c0, peer d2379|quark_navigation|p9625|n0|/pnc/task_service/task_cancel/response|p17
I0827 05:14:37.598060 1422554 centralized_discovery.cc:733] [aorta]subscriber uid:7c009c76-ece0-449d-91d7-2269287a5f10-4995236092065324733 topic:/pnc/task_service/task_pause/response
I0827 05:14:37.598946 1423642 shm_subscriber.cc:120] [aorta]subscriber connect to publisher success, topic /pnc/task_service/task_pause/response, local d2379|python3.10|p1422460|n0|s26|c0, peer d2379|quark_navigation|p9625|n0|/pnc/task_service/task_pause/response|p18
I0827 05:14:37.599004 1422554 centralized_discovery.cc:733] [aorta]subscriber uid:bc0d29d3-0aa0-4bad-9a78-0e183e9203ad-16859347558940246081 topic:/pnc/task_service/task_resume/response
I0827 05:14:37.600121 1423642 shm_subscriber.cc:120] [aorta]subscriber connect to publisher success, topic /pnc/task_service/task_resume/response, local d2379|python3.10|p1422460|n0|s27|c0, peer d2379|quark_navigation|p9625|n0|/pnc/task_service/task_resume/response|p19
I0827 05:14:37.600200 1422554 centralized_discovery.cc:733] [aorta]subscriber uid:e5658a1d-8af7-4408-8844-f62c7969cc64-11583863028842959166 topic:/pnc/task_service/remote_control/response
I0827 05:14:37.602182 1423642 shm_subscriber.cc:120] [aorta]subscriber connect to publisher success, topic /pnc/task_service/remote_control/response, local d2379|python3.10|p1422460|n0|s28|c0, peer d2379|quark_navigation|p9625|n0|..c/task_service/remote_control/response|p16
I0827 05:14:37.602285 1422554 centralized_discovery.cc:681] [aorta]publisher uid:65bd2e02-99e1-4b51-a7f5-27d9b7fb0a7c-11863888217293896894 topic:/pnc/task_service/normal_navigation/request
I0827 05:14:37.603299 1422554 centralized_discovery.cc:681] [aorta]publisher uid:44d8a38b-08bd-4035-9337-9e2c6fafe05e-13581583299462652003 topic:/pnc/task_service/high_precision_navigation/request
I0827 05:14:37.605142 1422554 centralized_discovery.cc:681] [aorta]publisher uid:8a25a345-51bf-4643-afc5-0b2454df5087-1499998713038698463 topic:/pnc/task_service/relative_move/request
I0827 05:14:37.606788 1422554 centralized_discovery.cc:681] [aorta]publisher uid:3f736abc-2ea5-4112-8d87-53c701d5e159-10250913672907467700 topic:/pnc/task_service/task_cancel/request
I0827 05:14:37.609598 1422554 centralized_discovery.cc:681] [aorta]publisher uid:67e19e70-a105-41bf-9844-93a473fd74fb-2366368184012060648 topic:/pnc/task_service/task_pause/request
I0827 05:14:37.614006 1422554 centralized_discovery.cc:681] [aorta]publisher uid:e7c401ac-d479-4fb1-8bde-bc553312bbb9-18204958959141007063 topic:/pnc/task_service/task_resume/request
I0827 05:14:37.616163 1422554 centralized_discovery.cc:681] [aorta]publisher uid:76a9fcdf-417a-4039-8c90-5577a228c109-2921114360754287628 topic:/pnc/remote_control_cmd
I0827 05:14:37.623274 1422554 centralized_discovery.cc:681] [aorta]publisher uid:6a586aa6-f195-4c45-a2ef-05885afffb14-10398465225129759782 topic:/pnc/task_service/remote_control/request
I0827 05:14:37.668082 1422555 pnc_impl.cpp:36] [GDK]Received pnc task state
I0827 05:14:37.768075 1422555 pnc_impl.cpp:36] [GDK]Received pnc task state
I0827 05:14:37.868113 1422555 pnc_impl.cpp:36] [GDK]Received pnc task state
I0827 05:14:37.968073 1422555 pnc_impl.cpp:36] [GDK]Received pnc task state
I0827 05:14:38.068028 1422555 pnc_impl.cpp:36] [GDK]Received pnc task state
I0827 05:14:38.168103 1422555 buffered_data_export.cpp:320] [cosine_internal]successfully expanded buffer [bus_buffer___pnc__task_state, type pnc_msgs.TaskState, block num 6, valid_time 0, transfer_type 0, data_size 56, mem_type 0, lib_name , ext_data_size 0, is_protobuf 1, enable_event_sync_subscriber 0] to size: 6
I0827 05:14:38.168164 1422555 pnc_impl.cpp:36] [GDK]Received pnc task state
I0827 05:14:38.268129 1422555 pnc_impl.cpp:36] [GDK]Received pnc task state
I0827 05:14:38.368149 1422555 pnc_impl.cpp:36] [GDK]Received pnc task state
I0827 05:14:38.468079 1422555 pnc_impl.cpp:36] [GDK]Received pnc task state
I0827 05:14:38.568070 1422555 pnc_impl.cpp:36] [GDK]Received pnc task state
I0827 05:14:38.668054 1422555 pnc_impl.cpp:36] [GDK]Received pnc task state
I0827 05:14:38.768038 1422555 pnc_impl.cpp:36] [GDK]Received pnc task state
I0827 05:14:38.868043 1422555 pnc_impl.cpp:36] [GDK]Received pnc task state
I0827 05:14:38.968065 1422555 pnc_impl.cpp:36] [GDK]Received pnc task state
I0827 05:14:39.068051 1422555 pnc_impl.cpp:36] [GDK]Received pnc task state
I0827 05:14:39.168155 1422555 pnc_impl.cpp:36] [GDK]Received pnc task state
I0827 05:14:39.268069 1422555 pnc_impl.cpp:36] [GDK]Received pnc task state
I0827 05:14:39.368069 1422555 pnc_impl.cpp:36] [GDK]Received pnc task state
I0827 05:14:39.468068 1422555 pnc_impl.cpp:36] [GDK]Received pnc task state
I0827 05:14:39.568060 1422555 pnc_impl.cpp:36] [GDK]Received pnc task state
I0827 05:14:39.597440 1423638 shm_channel.cc:107] [aorta]send shared memory pool fd 12, uuid 10280, topic /pnc/task_service/remote_control/request
I0827 05:14:39.598575 1422555 pnc_impl.cpp:192] [GDK]Received pnc remote control rsp
I0827 05:14:39.668090 1422555 pnc_impl.cpp:36] [GDK]Received pnc task state
I0827 05:14:39.768025 1422555 pnc_impl.cpp:36] [GDK]Received pnc task state
I0827 05:14:39.867997 1422555 pnc_impl.cpp:36] [GDK]Received pnc task state
I0827 05:14:39.968035 1422555 pnc_impl.cpp:36] [GDK]Received pnc task state
I0827 05:14:40.068008 1422555 pnc_impl.cpp:36] [GDK]Received pnc task state
I0827 05:14:40.168005 1422555 pnc_impl.cpp:36] [GDK]Received pnc task state
I0827 05:14:40.268085 1422555 pnc_impl.cpp:36] [GDK]Received pnc task state
I0827 05:14:40.368012 1422555 pnc_impl.cpp:36] [GDK]Received pnc task state
I0827 05:14:40.468034 1422555 pnc_impl.cpp:36] [GDK]Received pnc task state
I0827 05:14:40.568373 1422555 pnc_impl.cpp:36] [GDK]Received pnc task state
I0827 05:14:40.668164 1422555 pnc_impl.cpp:36] [GDK]Received pnc task state
I0827 05:14:40.721297 1422460 sensors.cpp:97] [GDK]Camera destructor
I0827 05:14:40.721385 1422460 cosine_bus_message_buffer.cpp:147] [cosine_internal][CosineBusMessageBuffer] buffer:bus_buffer___camera__head_stereo_right release.
I0827 05:14:40.721428 1422460 subscriber_impl.cc:40] [aorta]Subscriber destory, UnRegisterSubscriber uid:06ef97ff-9c61-4f28-8cbf-ca195945207a-8400981831882539399
I0827 05:14:40.721988 1422460 aorta_component.cpp:410] [cosine_internal][AortaComponent] aorta subscriber:/camera/head_stereo_righthttp://10.42.0.101:2379 release.
I0827 05:14:40.722004 1422460 subscriber_strategy.cpp:86] [cosine_internal][Subscriber] Bus subscriber destruct: /camera/head_stereo_right
I0827 05:14:40.722009 1422460 subscriber_strategy.cpp:90] [cosine_internal][Subscriber] Bus subscriber destruct ...
I0827 05:14:40.722013 1422460 subscriber_strategy.cpp:96] [cosine_internal][Subscriber] Bus subscriber destruct finish.
I0827 05:14:40.722044 1422460 cosine_bus_message_buffer.cpp:147] [cosine_internal][CosineBusMessageBuffer] buffer:bus_buffer___camera__head_stereo_left release.
I0827 05:14:40.722069 1422460 subscriber_impl.cc:40] [aorta]Subscriber destory, UnRegisterSubscriber uid:6d553bc3-3736-4976-a362-dad13ef72d92-2772564262404746643
I0827 05:14:40.722301 1422460 aorta_component.cpp:410] [cosine_internal][AortaComponent] aorta subscriber:/camera/head_stereo_lefthttp://10.42.0.101:2379 release.
I0827 05:14:40.722311 1422460 subscriber_strategy.cpp:86] [cosine_internal][Subscriber] Bus subscriber destruct: /camera/head_stereo_left
I0827 05:14:40.722314 1422460 subscriber_strategy.cpp:90] [cosine_internal][Subscriber] Bus subscriber destruct ...
I0827 05:14:40.722317 1422460 subscriber_strategy.cpp:96] [cosine_internal][Subscriber] Bus subscriber destruct finish.
I0827 05:14:40.722343 1422460 cosine_bus_message_buffer.cpp:147] [cosine_internal][CosineBusMessageBuffer] buffer:bus_buffer___camera__head_right_fisheye release.
I0827 05:14:40.722361 1422460 subscriber_impl.cc:40] [aorta]Subscriber destory, UnRegisterSubscriber uid:f081dc05-2fb4-4ebc-96d6-8b5c5ed84d4a-11724137809755197201
I0827 05:14:40.722970 1422460 aorta_component.cpp:410] [cosine_internal][AortaComponent] aorta subscriber:/camera/head_right_fisheyehttp://10.42.0.101:2379 release.
I0827 05:14:40.722985 1422460 subscriber_strategy.cpp:86] [cosine_internal][Subscriber] Bus subscriber destruct: /camera/head_right_fisheye
I0827 05:14:40.722990 1422460 subscriber_strategy.cpp:90] [cosine_internal][Subscriber] Bus subscriber destruct ...
I0827 05:14:40.722993 1422460 subscriber_strategy.cpp:96] [cosine_internal][Subscriber] Bus subscriber destruct finish.
I0827 05:14:40.723022 1422460 cosine_bus_message_buffer.cpp:147] [cosine_internal][CosineBusMessageBuffer] buffer:bus_buffer___camera__head_left_fisheye release.
I0827 05:14:40.723042 1422460 subscriber_impl.cc:40] [aorta]Subscriber destory, UnRegisterSubscriber uid:490b6005-a7ad-4147-ac02-93f6affdda6e-14591831445956696588
I0827 05:14:40.723152 1422460 aorta_component.cpp:410] [cosine_internal][AortaComponent] aorta subscriber:/camera/head_left_fisheyehttp://10.42.0.101:2379 release.
I0827 05:14:40.723158 1422460 subscriber_strategy.cpp:86] [cosine_internal][Subscriber] Bus subscriber destruct: /camera/head_left_fisheye
I0827 05:14:40.723162 1422460 subscriber_strategy.cpp:90] [cosine_internal][Subscriber] Bus subscriber destruct ...
I0827 05:14:40.723165 1422460 subscriber_strategy.cpp:96] [cosine_internal][Subscriber] Bus subscriber destruct finish.
I0827 05:14:40.723191 1422460 cosine_bus_message_buffer.cpp:147] [cosine_internal][CosineBusMessageBuffer] buffer:bus_buffer___camera__head_depth release.
I0827 05:14:40.723217 1422460 subscriber_impl.cc:40] [aorta]Subscriber destory, UnRegisterSubscriber uid:c2fa0447-b387-4a75-8daa-f62e4ded608a-14849645885661810178
I0827 05:14:40.723676 1422460 aorta_component.cpp:410] [cosine_internal][AortaComponent] aorta subscriber:/camera/head_depthhttp://10.42.0.101:2379 release.
I0827 05:14:40.723724 1422460 subscriber_strategy.cpp:86] [cosine_internal][Subscriber] Bus subscriber destruct: /camera/head_depth
I0827 05:14:40.723730 1422460 subscriber_strategy.cpp:90] [cosine_internal][Subscriber] Bus subscriber destruct ...
I0827 05:14:40.723734 1422460 subscriber_strategy.cpp:96] [cosine_internal][Subscriber] Bus subscriber destruct finish.
I0827 05:14:40.723759 1422460 cosine_bus_message_buffer.cpp:147] [cosine_internal][CosineBusMessageBuffer] buffer:bus_buffer___camera__head_color release.
I0827 05:14:40.723780 1422460 subscriber_impl.cc:40] [aorta]Subscriber destory, UnRegisterSubscriber uid:859a9a2e-51d9-4450-bcec-4b11799953df-2515219504367417955
I0827 05:14:40.723959 1422460 aorta_component.cpp:410] [cosine_internal][AortaComponent] aorta subscriber:/camera/head_colorhttp://10.42.0.101:2379 release.
I0827 05:14:40.723976 1422460 subscriber_strategy.cpp:86] [cosine_internal][Subscriber] Bus subscriber destruct: /camera/head_color
I0827 05:14:40.723981 1422460 subscriber_strategy.cpp:90] [cosine_internal][Subscriber] Bus subscriber destruct ...
I0827 05:14:40.723984 1422460 subscriber_strategy.cpp:96] [cosine_internal][Subscriber] Bus subscriber destruct finish.
I0827 05:14:40.724017 1422460 cosine_bus_message_buffer.cpp:147] [cosine_internal][CosineBusMessageBuffer] buffer:bus_buffer___camera__head_back_fisheye release.
I0827 05:14:40.724036 1422460 subscriber_impl.cc:40] [aorta]Subscriber destory, UnRegisterSubscriber uid:5d78b542-722c-4bf4-b069-bf848380b322-10407449922038425096
I0827 05:14:40.724129 1422460 aorta_component.cpp:410] [cosine_internal][AortaComponent] aorta subscriber:/camera/head_back_fisheyehttp://10.42.0.101:2379 release.
I0827 05:14:40.724138 1422460 subscriber_strategy.cpp:86] [cosine_internal][Subscriber] Bus subscriber destruct: /camera/head_back_fisheye
I0827 05:14:40.724143 1422460 subscriber_strategy.cpp:90] [cosine_internal][Subscriber] Bus subscriber destruct ...
I0827 05:14:40.724145 1422460 subscriber_strategy.cpp:96] [cosine_internal][Subscriber] Bus subscriber destruct finish.
I0827 05:14:40.724177 1422460 cosine_bus_message_buffer.cpp:147] [cosine_internal][CosineBusMessageBuffer] buffer:bus_buffer___camera__hand_right_upper_depth release.
I0827 05:14:40.724197 1422460 subscriber_impl.cc:40] [aorta]Subscriber destory, UnRegisterSubscriber uid:a25432da-c04f-4ce1-bdf8-49b04ba8dcf0-15534589775061933553
I0827 05:14:40.724526 1422460 aorta_component.cpp:410] [cosine_internal][AortaComponent] aorta subscriber:/camera/hand_right_upper_depthhttp://10.42.0.101:2379 release.
I0827 05:14:40.724539 1422460 subscriber_strategy.cpp:86] [cosine_internal][Subscriber] Bus subscriber destruct: /camera/hand_right_upper_depth
I0827 05:14:40.724545 1422460 subscriber_strategy.cpp:90] [cosine_internal][Subscriber] Bus subscriber destruct ...
I0827 05:14:40.724550 1422460 subscriber_strategy.cpp:96] [cosine_internal][Subscriber] Bus subscriber destruct finish.
I0827 05:14:40.724576 1422460 cosine_bus_message_buffer.cpp:147] [cosine_internal][CosineBusMessageBuffer] buffer:bus_buffer___camera__hand_right_upper_color release.
I0827 05:14:40.724593 1422460 subscriber_impl.cc:40] [aorta]Subscriber destory, UnRegisterSubscriber uid:c5e8bd02-9e71-43b9-a709-bb1b7b6f252d-14436869942545931775
I0827 05:14:40.724689 1422460 aorta_component.cpp:410] [cosine_internal][AortaComponent] aorta subscriber:/camera/hand_right_upper_colorhttp://10.42.0.101:2379 release.
I0827 05:14:40.724695 1422460 subscriber_strategy.cpp:86] [cosine_internal][Subscriber] Bus subscriber destruct: /camera/hand_right_upper_color
I0827 05:14:40.724699 1422460 subscriber_strategy.cpp:90] [cosine_internal][Subscriber] Bus subscriber destruct ...
I0827 05:14:40.724701 1422460 subscriber_strategy.cpp:96] [cosine_internal][Subscriber] Bus subscriber destruct finish.
I0827 05:14:40.724722 1422460 cosine_bus_message_buffer.cpp:147] [cosine_internal][CosineBusMessageBuffer] buffer:bus_buffer___camera__hand_right_lower_depth release.
I0827 05:14:40.724735 1422460 subscriber_impl.cc:40] [aorta]Subscriber destory, UnRegisterSubscriber uid:9924faaf-79f5-4311-aecd-b19b1a570f08-9839082178762803487
I0827 05:14:40.724946 1422460 aorta_component.cpp:410] [cosine_internal][AortaComponent] aorta subscriber:/camera/hand_right_lower_depthhttp://10.42.0.101:2379 release.
I0827 05:14:40.724957 1422460 subscriber_strategy.cpp:86] [cosine_internal][Subscriber] Bus subscriber destruct: /camera/hand_right_lower_depth
I0827 05:14:40.724961 1422460 subscriber_strategy.cpp:90] [cosine_internal][Subscriber] Bus subscriber destruct ...
I0827 05:14:40.724965 1422460 subscriber_strategy.cpp:96] [cosine_internal][Subscriber] Bus subscriber destruct finish.
I0827 05:14:40.724990 1422460 cosine_bus_message_buffer.cpp:147] [cosine_internal][CosineBusMessageBuffer] buffer:bus_buffer___camera__hand_right_lower_color release.
I0827 05:14:40.725008 1422460 subscriber_impl.cc:40] [aorta]Subscriber destory, UnRegisterSubscriber uid:d8e914e1-34c7-40d2-a2f2-89b02569f1ca-8186110446424813557
I0827 05:14:40.725589 1422460 aorta_component.cpp:410] [cosine_internal][AortaComponent] aorta subscriber:/camera/hand_right_lower_colorhttp://10.42.0.101:2379 release.
I0827 05:14:40.725602 1422460 subscriber_strategy.cpp:86] [cosine_internal][Subscriber] Bus subscriber destruct: /camera/hand_right_lower_color
I0827 05:14:40.725607 1422460 subscriber_strategy.cpp:90] [cosine_internal][Subscriber] Bus subscriber destruct ...
I0827 05:14:40.725611 1422460 subscriber_strategy.cpp:96] [cosine_internal][Subscriber] Bus subscriber destruct finish.
I0827 05:14:40.725641 1422460 cosine_bus_message_buffer.cpp:147] [cosine_internal][CosineBusMessageBuffer] buffer:bus_buffer___camera__hand_right_depth release.
I0827 05:14:40.725661 1422460 subscriber_impl.cc:40] [aorta]Subscriber destory, UnRegisterSubscriber uid:56ef0fc4-e709-4701-9fe9-6a2cdfc1afbc-17867573658284279546
I0827 05:14:40.725749 1422460 aorta_component.cpp:410] [cosine_internal][AortaComponent] aorta subscriber:/camera/hand_right_depthhttp://10.42.0.101:2379 release.
I0827 05:14:40.725755 1422460 subscriber_strategy.cpp:86] [cosine_internal][Subscriber] Bus subscriber destruct: /camera/hand_right_depth
I0827 05:14:40.725759 1422460 subscriber_strategy.cpp:90] [cosine_internal][Subscriber] Bus subscriber destruct ...
I0827 05:14:40.725761 1422460 subscriber_strategy.cpp:96] [cosine_internal][Subscriber] Bus subscriber destruct finish.
I0827 05:14:40.725783 1422460 cosine_bus_message_buffer.cpp:147] [cosine_internal][CosineBusMessageBuffer] buffer:bus_buffer___camera__hand_right_color release.
I0827 05:14:40.725800 1422460 subscriber_impl.cc:40] [aorta]Subscriber destory, UnRegisterSubscriber uid:51b62000-703c-4381-a8dc-7ead77959c7f-8629761233962563373
I0827 05:14:40.726312 1422460 aorta_component.cpp:410] [cosine_internal][AortaComponent] aorta subscriber:/camera/hand_right_colorhttp://10.42.0.101:2379 release.
I0827 05:14:40.726326 1422460 subscriber_strategy.cpp:86] [cosine_internal][Subscriber] Bus subscriber destruct: /camera/hand_right_color
I0827 05:14:40.726330 1422460 subscriber_strategy.cpp:90] [cosine_internal][Subscriber] Bus subscriber destruct ...
I0827 05:14:40.726333 1422460 subscriber_strategy.cpp:96] [cosine_internal][Subscriber] Bus subscriber destruct finish.
I0827 05:14:40.726357 1422460 cosine_bus_message_buffer.cpp:147] [cosine_internal][CosineBusMessageBuffer] buffer:bus_buffer___camera__hand_left_upper_depth release.
I0827 05:14:40.726375 1422460 subscriber_impl.cc:40] [aorta]Subscriber destory, UnRegisterSubscriber uid:c8fc2332-a6c1-45e0-b341-676459b0297e-12072037676595526463
I0827 05:14:40.726564 1422460 aorta_component.cpp:410] [cosine_internal][AortaComponent] aorta subscriber:/camera/hand_left_upper_depthhttp://10.42.0.101:2379 release.
I0827 05:14:40.726575 1422460 subscriber_strategy.cpp:86] [cosine_internal][Subscriber] Bus subscriber destruct: /camera/hand_left_upper_depth
I0827 05:14:40.726579 1422460 subscriber_strategy.cpp:90] [cosine_internal][Subscriber] Bus subscriber destruct ...
I0827 05:14:40.726583 1422460 subscriber_strategy.cpp:96] [cosine_internal][Subscriber] Bus subscriber destruct finish.
I0827 05:14:40.726605 1422460 cosine_bus_message_buffer.cpp:147] [cosine_internal][CosineBusMessageBuffer] buffer:bus_buffer___camera__hand_left_upper_color release.
I0827 05:14:40.726616 1422460 subscriber_impl.cc:40] [aorta]Subscriber destory, UnRegisterSubscriber uid:bf2ffa63-2daa-4a1a-907b-cc2ad64d69fe-10419009240684809358
I0827 05:14:40.726743 1422460 aorta_component.cpp:410] [cosine_internal][AortaComponent] aorta subscriber:/camera/hand_left_upper_colorhttp://10.42.0.101:2379 release.
I0827 05:14:40.726752 1422460 subscriber_strategy.cpp:86] [cosine_internal][Subscriber] Bus subscriber destruct: /camera/hand_left_upper_color
I0827 05:14:40.726758 1422460 subscriber_strategy.cpp:90] [cosine_internal][Subscriber] Bus subscriber destruct ...
I0827 05:14:40.726763 1422460 subscriber_strategy.cpp:96] [cosine_internal][Subscriber] Bus subscriber destruct finish.
I0827 05:14:40.726788 1422460 cosine_bus_message_buffer.cpp:147] [cosine_internal][CosineBusMessageBuffer] buffer:bus_buffer___camera__hand_left_lower_depth release.
I0827 05:14:40.726802 1422460 subscriber_impl.cc:40] [aorta]Subscriber destory, UnRegisterSubscriber uid:755eaa4d-0a43-4767-a45b-48f0969a5147-14499789538593900557
I0827 05:14:40.726976 1422460 aorta_component.cpp:410] [cosine_internal][AortaComponent] aorta subscriber:/camera/hand_left_lower_depthhttp://10.42.0.101:2379 release.
I0827 05:14:40.726984 1422460 subscriber_strategy.cpp:86] [cosine_internal][Subscriber] Bus subscriber destruct: /camera/hand_left_lower_depth
I0827 05:14:40.726986 1422460 subscriber_strategy.cpp:90] [cosine_internal][Subscriber] Bus subscriber destruct ...
I0827 05:14:40.726989 1422460 subscriber_strategy.cpp:96] [cosine_internal][Subscriber] Bus subscriber destruct finish.
I0827 05:14:40.727005 1422460 cosine_bus_message_buffer.cpp:147] [cosine_internal][CosineBusMessageBuffer] buffer:bus_buffer___camera__hand_left_lower_color release.
I0827 05:14:40.727017 1422460 subscriber_impl.cc:40] [aorta]Subscriber destory, UnRegisterSubscriber uid:027782d4-a111-4258-acd6-f0961f2a25d7-4503626684902531612
I0827 05:14:40.727173 1422460 aorta_component.cpp:410] [cosine_internal][AortaComponent] aorta subscriber:/camera/hand_left_lower_colorhttp://10.42.0.101:2379 release.
I0827 05:14:40.727180 1422460 subscriber_strategy.cpp:86] [cosine_internal][Subscriber] Bus subscriber destruct: /camera/hand_left_lower_color
I0827 05:14:40.727183 1422460 subscriber_strategy.cpp:90] [cosine_internal][Subscriber] Bus subscriber destruct ...
I0827 05:14:40.727185 1422460 subscriber_strategy.cpp:96] [cosine_internal][Subscriber] Bus subscriber destruct finish.
I0827 05:14:40.727200 1422460 cosine_bus_message_buffer.cpp:147] [cosine_internal][CosineBusMessageBuffer] buffer:bus_buffer___camera__hand_left_depth release.
I0827 05:14:40.727211 1422460 subscriber_impl.cc:40] [aorta]Subscriber destory, UnRegisterSubscriber uid:4f3f8c43-4aac-4e0b-8d98-a24620db1824-13237741933269507762
I0827 05:14:40.727507 1422460 aorta_component.cpp:410] [cosine_internal][AortaComponent] aorta subscriber:/camera/hand_left_depthhttp://10.42.0.101:2379 release.
I0827 05:14:40.727521 1422460 subscriber_strategy.cpp:86] [cosine_internal][Subscriber] Bus subscriber destruct: /camera/hand_left_depth
I0827 05:14:40.727527 1422460 subscriber_strategy.cpp:90] [cosine_internal][Subscriber] Bus subscriber destruct ...
I0827 05:14:40.727531 1422460 subscriber_strategy.cpp:96] [cosine_internal][Subscriber] Bus subscriber destruct finish.
I0827 05:14:40.727553 1422460 cosine_bus_message_buffer.cpp:147] [cosine_internal][CosineBusMessageBuffer] buffer:bus_buffer___camera__hand_left_color release.
I0827 05:14:40.728097 1422460 subscriber_impl.cc:40] [aorta]Subscriber destory, UnRegisterSubscriber uid:9981369b-fe92-43b3-8e67-7f672a1bbf82-16768487626907404343
I0827 05:14:40.728365 1422460 aorta_component.cpp:410] [cosine_internal][AortaComponent] aorta subscriber:/camera/hand_left_colorhttp://10.42.0.101:2379 release.
I0827 05:14:40.728377 1422460 subscriber_strategy.cpp:86] [cosine_internal][Subscriber] Bus subscriber destruct: /camera/hand_left_color
I0827 05:14:40.728382 1422460 subscriber_strategy.cpp:90] [cosine_internal][Subscriber] Bus subscriber destruct ...
I0827 05:14:40.728384 1422460 subscriber_strategy.cpp:96] [cosine_internal][Subscriber] Bus subscriber destruct finish.
I0827 05:14:40.728404 1422460 pnc.cpp:15] [GDK]Pnc destructor
I0827 05:14:40.728427 1422460 cosine_bus_message_buffer.cpp:147] [cosine_internal][CosineBusMessageBuffer] buffer:bus_buffer___pnc__task_service__high_precision_navigation__response release.
I0827 05:14:40.728451 1422460 subscriber_impl.cc:40] [aorta]Subscriber destory, UnRegisterSubscriber uid:ba2dec28-7f34-4d7b-9a1f-ad09ff7c5502-4701876173029784314
I0827 05:14:40.728761 1422460 aorta_component.cpp:410] [cosine_internal][AortaComponent] aorta subscriber:/pnc/task_service/high_precision_navigation/responsehttp://10.42.0.101:2379 release.
I0827 05:14:40.728775 1422460 subscriber_strategy.cpp:86] [cosine_internal][Subscriber] Bus subscriber destruct: /pnc/task_service/high_precision_navigation/response
I0827 05:14:40.728780 1422460 subscriber_strategy.cpp:90] [cosine_internal][Subscriber] Bus subscriber destruct ...
I0827 05:14:40.728782 1422460 subscriber_strategy.cpp:96] [cosine_internal][Subscriber] Bus subscriber destruct finish.
