Log file created at: 2025/08/27 04:36:47
Running on machine: G2
Log line format: [IWEF]mmdd hh:mm:ss.uuuuuu threadid file:line] msg
I0827 04:36:47.261163 819971 dylog_impl.cpp:641] [DYLOG] set dylog default level to INFO
I0827 04:36:47.261242 819971 dylog_impl.cpp:690] [DYLOG] soc num : R2
I0827 04:36:47.261256 819971 dylog_impl.cpp:695] [DYLOG] can't read scene_mode, use sud
W0827 04:36:47.261284 819971 dylog_impl.cpp:757] [DYLOG] can't find available json config file with path : /home/agi/app/conf/scene_server/dylog_sud_default.json, use default.
I0827 04:36:47.261399 819971 dylog_impl.cpp:293] [DYLOG] register dsd_name : dylog/python3.10/cosine_internal
I0827 04:36:47.264631 819971 cosine_bus_manager.cpp:88] [cosine_internal][CosineBusManager] cosine bus config path not set, use default config.
I0827 04:36:47.264672 819971 cosine_bus_manager.cpp:118] [cosine_internal][CosineBusManager] initial cosine_bus_config:
I0827 04:36:47.266137 819971 cosine_bus_global_sync.cpp:30] [cosine_internal][BusGlobalSync] set default middleware name:aorta
I0827 04:36:47.266176 819971 scheduler_classic.cpp:28] [cosine_internal]Proc number set to be: 1
I0827 04:36:47.276360 819971 dynamic_object.cpp:521] [cosine_internal][DynamicObject] open libdynamic_aorta.so success.
I0827 04:36:47.276564 819971 dynamic_object.cpp:581] [cosine_internal][DynamicObject] Successfully enumerated 57 symbols in libdynamic_aorta.so
I0827 04:36:47.276574 819971 resource_loader.cpp:13] [cosine_internal][ResourceLoader] Attempting to load function: aorta_get_object
I0827 04:36:47.276579 819971 resource_loader.cpp:17] [cosine_internal][ResourceLoader] Trying address() method for C++ symbol: aorta_get_object
I0827 04:36:47.276585 819971 resource_loader.cpp:20] [cosine_internal][ResourceLoader] Successfully loaded C++ symbol: aorta_get_object
I0827 04:36:47.276589 819971 resource_loader.cpp:13] [cosine_internal][ResourceLoader] Attempting to load function: aorta_call_object_func
I0827 04:36:47.276592 819971 resource_loader.cpp:17] [cosine_internal][ResourceLoader] Trying address() method for C++ symbol: aorta_call_object_func
I0827 04:36:47.276598 819971 resource_loader.cpp:20] [cosine_internal][ResourceLoader] Successfully loaded C++ symbol: aorta_call_object_func
I0827 04:36:47.276602 819971 resource_loader.cpp:13] [cosine_internal][ResourceLoader] Attempting to load function: aorta_clean_up
I0827 04:36:47.276604 819971 resource_loader.cpp:17] [cosine_internal][ResourceLoader] Trying address() method for C++ symbol: aorta_clean_up
I0827 04:36:47.276618 819971 resource_loader.cpp:25] [cosine_internal][ResourceLoader] C++ symbol failed, trying c_address() method for C symbol: aorta_clean_up
I0827 04:36:47.276623 819971 resource_loader.cpp:28] [cosine_internal][ResourceLoader] Successfully loaded C symbol: aorta_clean_up
W0827 04:36:47.276633 819971 aorta_component.cpp:90] [cosine_internal]Environment variable [LOCATOR_IP/DDS_IP] not set, fallback to 10.42.0.101
I0827 04:36:47.276638 819971 aorta_component.cpp:496] [cosine_internal][AortaComponent] locator_ip: 10.42.0.101; Check network before domain init 
I0827 04:36:47.276681 819971 clock.cpp:22] [cosine_internal]load ptp time source from: libptp_clock_time.so
I0827 04:36:47.276857 819971 dynamic_object.cpp:521] [cosine_internal][DynamicObject] open libptp_clock_time.so success.
I0827 04:36:47.277312 819971 aorta_component.cpp:515] [cosine_internal][AortaComponent] Network check start. locator_ip: 10.42.0.101, timeout: 60 seconds , check_start_time: 1756240607
I0827 04:36:47.277331 819971 aorta_component.cpp:526] [cosine_internal][AortaComponent] locator_ip: 10.42.0.101; network is ready.
I0827 04:36:47.277382 819971 dylog_impl.cpp:293] [DYLOG] register dsd_name : dylog/python3.10/aorta
I0827 04:36:47.277523 819971 pcie_config.cc:52] [aorta]Get one valid pcie channel. producer: soc-s3 app-map_loc_app endpoint-nvscic2c_pcie_s3_c7_11 consumer: soc-s1 app-worldmodel endpoint-nvscic2c_pcie_s1_c7_11
I0827 04:36:47.277612 819971 os.cc:88] [aorta]Got host_id from system files: Huixi R1ROBOR2
I0827 04:36:47.277768 819971 pcie_manager.cc:71] [aorta]There is no pcie config in current process.
I0827 04:36:47.278169 819971 message_monitor_config.cc:398] [aorta]run in  mode
I0827 04:36:47.279415 819971 domain_impl.cc:58] [aorta]aorta version:7b1b7ddc
I0827 04:36:47.279448 819971 json_comm.cc:35] [aorta]file path: /home/agi/app/conf/topology/topology_rule.json not exist.
I0827 04:36:47.279464 819971 message_monitor_config.cc:398] [aorta]run in  mode
I0827 04:36:47.280244 819971 message_monitor_config.cc:731] [aorta]message monitor is updated from /home/agi/app/conf/aorta/function/aorta_monitor_conf.json
I0827 04:36:47.281239 819971 discovery_factory.cc:14] [aorta]type:1, host:10.42.0.101, port:2379, ttl:15, minor_cycle:100, major_cycle:3
I0827 04:36:47.281773 819971 config.cc:53] [aorta]AORTA_IP_MASK not set.
I0827 04:36:47.281781 819971 discovery.cc:245] [aorta]get ip masks empty.
I0827 04:36:47.281790 819971 config.cc:200] [aorta]AORTA_EXTRA_LOCAL_IPS not set.
I0827 04:36:47.281793 819971 discovery.cc:266] [aorta]local_publisher_ips_ empty.
I0827 04:36:47.281814 819971 config.cc:124] [aorta]ip match, ip:127.0.0.1
I0827 04:36:47.281822 819971 discovery.cc:275] [aorta]default emplace ip:10.42.0.101
I0827 04:36:47.281826 819971 discovery.cc:275] [aorta]default emplace ip:10.42.12.101
I0827 04:36:47.281828 819971 discovery.cc:275] [aorta]default emplace ip:10.42.1.101
I0827 04:36:47.281831 819971 discovery.cc:275] [aorta]default emplace ip:10.42.6.101
I0827 04:36:47.281834 819971 discovery.cc:275] [aorta]default emplace ip:192.168.1.101
I0827 04:36:47.281836 819971 discovery.cc:275] [aorta]default emplace ip:10.42.30.101
I0827 04:36:47.281839 819971 discovery.cc:275] [aorta]default emplace ip:10.42.40.101
I0827 04:36:47.281842 819971 discovery.cc:275] [aorta]default emplace ip:10.20.15.199
I0827 04:36:47.281845 819971 discovery.cc:275] [aorta]default emplace ip:10.42.6.101
I0827 04:36:47.281849 819971 centralized_discovery.cc:55] [aorta]lease_ttl_:15
I0827 04:36:47.282279 819971 aorta_component.cpp:561] [cosine_internal][AortaComponent] aorta create domain success. uri:http://10.42.0.101:2379
I0827 04:36:47.282420 819971 aorta_component.cpp:447] [cosine_internal][AortaComponent] aorta domain created node: python3.10_S1 , domain_uri:http://10.42.0.101:2379
I0827 04:36:47.282430 819971 aorta_component.cpp:126] [cosine_internal][AortaComponent] aorta component init success. node:python3.10_S1, uri:http://10.42.0.101:2379, locator_kind(1:shm,2:tcp,3:udp):2, locator_ip:10.42.0.101, locator_port:0, aorta_dispatcher_thread_num:1
I0827 04:36:47.282595 820058 processor.cpp:40] [cosine_internal]processor_tid: 820058
I0827 04:36:47.282604 820066 executor_impl.cc:91] [aorta]aorta-dispatch0 start spinning
I0827 04:36:47.298303 820065 centralized_discovery.cc:1110] [aorta]poll thread: revision:3346
I0827 04:36:47.298403 820065 centralized_discovery.cc:1123] [aorta]inotify_fd_:15 inotify_watch_:1 inotify_watch_path:/home/agi/app/conf/aorta/function
I0827 04:36:47.301295 820065 centralized_discovery.cc:615] [aorta]grant lease for node python3.10_S1 lease_id = 7587889064995225332
I0827 04:36:47.307709 820065 watch_state.cc:54] [aorta]watch connect success.
I0827 04:36:47.309012 820065 centralized_discovery.cc:1615] [aorta]recv watch response created.
I0827 04:36:51.438314 819971 cosine_bus_manager.cpp:294] [cosine_internal][CosineBusManager] create publisher. topic name:/gdk/config_request , middleware:aorta
I0827 04:36:51.439177 819971 tcp_publisher.cc:179] [aorta]topic /gdk/config_request, pub_queue_size_ 5, latch_queue_size_ 0
I0827 04:36:51.439440 821167 tcp_socket_server.cc:200] [aorta]The ip info is0.0.0.0:43237
I0827 04:36:51.439596 821167 shm_socket_server.cc:101] [aorta][/gdk/config_request] bind at pipe sock name d2379|python3.10|p819971|n0|/gdk/config_request|p0
I0827 04:36:51.439700 819971 node_impl.cc:198] [aorta]CreatePublisher, host:0.0.0.0, port:43237, sockname:d2379|python3.10|p819971|n0|/gdk/config_request|p0, topic:/gdk/config_request, uid:9eeda0d9-b383-4903-a2ec-4aa7f6d2e12f-4991715019463590898 topic_uid:-1
I0827 04:36:51.439739 819971 aorta_component.cpp:394] [cosine_internal][AortaComponent] aorta node create publisher. node: python3.10_S1, topic:/gdk/config_request, type:genie_msgs.msg.pb.CommonRequest, qos:(history:1, depth:5, reliability:1, durability:2), uri:http://10.42.0.101:2379
I0827 04:36:51.439785 819971 aorta_publisher.cpp:119] [cosine_internal][AortaPublisher] publisher initialize. topic:/gdk/config_request, uri:
I0827 04:36:51.439800 819971 dylog_impl.cpp:293] [DYLOG] register dsd_name : dylog/python3.10/GDK
I0827 04:36:51.439841 819971 publisher.cpp:27] [GDK]create publisher: /gdk/config_request type: genie_msgs.msg.pb.CommonRequest qos: 1 1 5 2
I0827 04:36:51.439821 820065 centralized_discovery.cc:681] [aorta]publisher uid:9eeda0d9-b383-4903-a2ec-4aa7f6d2e12f-4991715019463590898 topic:/gdk/config_request
I0827 04:36:51.439864 819971 cosine_bus_manager.cpp:294] [cosine_internal][CosineBusManager] create publisher. topic name:/gdk/camera_conf_request , middleware:aorta
I0827 04:36:51.440336 819971 tcp_publisher.cc:179] [aorta]topic /gdk/camera_conf_request, pub_queue_size_ 5, latch_queue_size_ 0
I0827 04:36:51.440560 821167 tcp_socket_server.cc:200] [aorta]The ip info is0.0.0.0:37553
I0827 04:36:51.440647 821167 shm_socket_server.cc:101] [aorta][/gdk/camera_conf_request] bind at pipe sock name d2379|python3.10|p819971|n0|/gdk/camera_conf_request|p1
I0827 04:36:51.440716 819971 node_impl.cc:198] [aorta]CreatePublisher, host:0.0.0.0, port:37553, sockname:d2379|python3.10|p819971|n0|/gdk/camera_conf_request|p1, topic:/gdk/camera_conf_request, uid:e932a6bd-e86a-4fa0-9405-792c4f063905-9117180461459404870 topic_uid:-1
I0827 04:36:51.440739 819971 aorta_component.cpp:394] [cosine_internal][AortaComponent] aorta node create publisher. node: python3.10_S1, topic:/gdk/camera_conf_request, type:genie_msgs.msg.pb.CommonRequest, qos:(history:1, depth:5, reliability:1, durability:2), uri:http://10.42.0.101:2379
I0827 04:36:51.440774 819971 aorta_publisher.cpp:119] [cosine_internal][AortaPublisher] publisher initialize. topic:/gdk/camera_conf_request, uri:
I0827 04:36:51.440783 819971 publisher.cpp:27] [GDK]create publisher: /gdk/camera_conf_request type: genie_msgs.msg.pb.CommonRequest qos: 1 1 5 2
I0827 04:36:51.440802 819971 cosine_bus_manager.cpp:400] [cosine_internal][CosineBusManager] create subscriber. topic name:/gdk/config_response , middleware:aorta , need async callback:0, frame_skip_rate:1
I0827 04:36:51.440814 819971 aorta_component.cpp:174] [cosine_internal][AortaComponent] callback_name:/gdk/config_responsehttp://10.42.0.101:2379
I0827 04:36:51.440889 819971 dynamic_object.cpp:521] [cosine_internal][DynamicObject] open  success.
I0827 04:36:51.441074 819971 buffered_data_export.cpp:115] [cosine_internal]successfully create buffer [bus_buffer___gdk__config_response, type genie_msgs.msg.pb.CommonResponse, block num 5, valid_time 0, transfer_type 0, data_size 0, mem_type 0, lib_name , ext_data_size 0, is_protobuf 1, enable_event_sync_subscriber 0], buffer id = 1
I0827 04:36:51.441102 819971 cosine_bus_message_buffer.cpp:45] [cosine_internal][CosineBusMessageBuffer] create buffer success. name:bus_buffer___gdk__config_response, type:genie_msgs.msg.pb.CommonResponse, size:5
I0827 04:36:51.441196 819971 node_impl.cc:344] [aorta]CreateSubscriber topic:/gdk/config_response, uid:90937dc7-3efc-4a79-a08a-23f6e556b899-9533047780102618842 topic_uid:-1
I0827 04:36:51.441828 819971 aorta_component.cpp:326] [cosine_internal][AortaComponent] aorta node create subscriber. node: python3.10_S1, topic:/gdk/config_response, type:genie_msgs.msg.pb.CommonResponse, qos:(history:1, depth:5, reliability:1, durability:2), uri:http://10.42.0.101:2379
I0827 04:36:51.441846 819971 aorta_subscriber.hpp:96] [cosine_internal][AortaSubscriber] initial. topic:/gdk/config_response, uri:
I0827 04:36:51.441864 819971 cosine_bus_manager.cpp:400] [cosine_internal][CosineBusManager] create subscriber. topic name:/gdk/camera_conf_response , middleware:aorta , need async callback:0, frame_skip_rate:1
I0827 04:36:51.441874 819971 aorta_component.cpp:174] [cosine_internal][AortaComponent] callback_name:/gdk/camera_conf_responsehttp://10.42.0.101:2379
I0827 04:36:51.441922 819971 buffered_data_export.cpp:115] [cosine_internal]successfully create buffer [bus_buffer___gdk__camera_conf_response, type genie_msgs.msg.pb.CommonResponse, block num 5, valid_time 0, transfer_type 0, data_size 0, mem_type 0, lib_name , ext_data_size 0, is_protobuf 1, enable_event_sync_subscriber 0], buffer id = 2
I0827 04:36:51.441937 819971 cosine_bus_message_buffer.cpp:45] [cosine_internal][CosineBusMessageBuffer] create buffer success. name:bus_buffer___gdk__camera_conf_response, type:genie_msgs.msg.pb.CommonResponse, size:5
I0827 04:36:51.442011 819971 node_impl.cc:344] [aorta]CreateSubscriber topic:/gdk/camera_conf_response, uid:8b74ffb4-549c-4398-9afd-a3039d309aca-3551884323222435368 topic_uid:-1
I0827 04:36:51.442456 819971 aorta_component.cpp:326] [cosine_internal][AortaComponent] aorta node create subscriber. node: python3.10_S1, topic:/gdk/camera_conf_response, type:genie_msgs.msg.pb.CommonResponse, qos:(history:1, depth:5, reliability:1, durability:2), uri:http://10.42.0.101:2379
I0827 04:36:51.442468 819971 aorta_subscriber.hpp:96] [cosine_internal][AortaSubscriber] initial. topic:/gdk/camera_conf_response, uri:
I0827 04:36:51.442551 819971 cosine_bus_manager.cpp:400] [cosine_internal][CosineBusManager] create subscriber. topic name:/hal/joint_state , middleware:aorta , need async callback:0, frame_skip_rate:1
I0827 04:36:51.442562 819971 aorta_component.cpp:174] [cosine_internal][AortaComponent] callback_name:/hal/joint_statehttp://10.42.0.101:2379
I0827 04:36:51.442720 819971 buffered_data_export.cpp:115] [cosine_internal]successfully create buffer [bus_buffer___hal__joint_state, type genie_msgs.msg.pb.JointState, block num 5, valid_time 0, transfer_type 0, data_size 0, mem_type 0, lib_name , ext_data_size 0, is_protobuf 1, enable_event_sync_subscriber 0], buffer id = 3
I0827 04:36:51.442737 819971 cosine_bus_message_buffer.cpp:45] [cosine_internal][CosineBusMessageBuffer] create buffer success. name:bus_buffer___hal__joint_state, type:genie_msgs.msg.pb.JointState, size:5
I0827 04:36:51.442739 820065 centralized_discovery.cc:681] [aorta]publisher uid:e932a6bd-e86a-4fa0-9405-792c4f063905-9117180461459404870 topic:/gdk/camera_conf_request
I0827 04:36:51.442831 819971 node_impl.cc:344] [aorta]CreateSubscriber topic:/hal/joint_state, uid:3f2e36ed-7815-43a7-86f4-7b2d48dec476-17784787521228097140 topic_uid:-1
I0827 04:36:51.443287 819971 aorta_component.cpp:326] [cosine_internal][AortaComponent] aorta node create subscriber. node: python3.10_S1, topic:/hal/joint_state, type:genie_msgs.msg.pb.JointState, qos:(history:1, depth:5, reliability:1, durability:2), uri:http://10.42.0.101:2379
I0827 04:36:51.443302 819971 aorta_subscriber.hpp:96] [cosine_internal][AortaSubscriber] initial. topic:/hal/joint_state, uri:
I0827 04:36:51.443320 819971 cosine_bus_manager.cpp:400] [cosine_internal][CosineBusManager] create subscriber. topic name:/hal/whole_body_status , middleware:aorta , need async callback:0, frame_skip_rate:1
I0827 04:36:51.443327 819971 aorta_component.cpp:174] [cosine_internal][AortaComponent] callback_name:/hal/whole_body_statushttp://10.42.0.101:2379
I0827 04:36:51.443531 819971 buffered_data_export.cpp:115] [cosine_internal]successfully create buffer [bus_buffer___hal__whole_body_status, type genie_msgs.msg.pb.WholeBodyStatus, block num 5, valid_time 0, transfer_type 0, data_size 0, mem_type 0, lib_name , ext_data_size 0, is_protobuf 1, enable_event_sync_subscriber 0], buffer id = 4
I0827 04:36:51.443553 819971 cosine_bus_message_buffer.cpp:45] [cosine_internal][CosineBusMessageBuffer] create buffer success. name:bus_buffer___hal__whole_body_status, type:genie_msgs.msg.pb.WholeBodyStatus, size:5
I0827 04:36:51.443631 819971 node_impl.cc:344] [aorta]CreateSubscriber topic:/hal/whole_body_status, uid:8d31bfae-267f-4c8e-8cbb-e0e3d24a2dd8-4082625946824470290 topic_uid:-1
I0827 04:36:51.444074 819971 aorta_component.cpp:326] [cosine_internal][AortaComponent] aorta node create subscriber. node: python3.10_S1, topic:/hal/whole_body_status, type:genie_msgs.msg.pb.WholeBodyStatus, qos:(history:1, depth:5, reliability:1, durability:2), uri:http://10.42.0.101:2379
I0827 04:36:51.444087 819971 aorta_subscriber.hpp:96] [cosine_internal][AortaSubscriber] initial. topic:/hal/whole_body_status, uri:
I0827 04:36:51.444103 819971 cosine_bus_manager.cpp:400] [cosine_internal][CosineBusManager] create subscriber. topic name:/hal/left_ee_data , middleware:aorta , need async callback:0, frame_skip_rate:1
I0827 04:36:51.444110 819971 aorta_component.cpp:174] [cosine_internal][AortaComponent] callback_name:/hal/left_ee_datahttp://10.42.0.101:2379
I0827 04:36:51.444257 819971 buffered_data_export.cpp:115] [cosine_internal]successfully create buffer [bus_buffer___hal__left_ee_data, type genie_msgs.msg.pb.EndState, block num 5, valid_time 0, transfer_type 0, data_size 0, mem_type 0, lib_name , ext_data_size 0, is_protobuf 1, enable_event_sync_subscriber 0], buffer id = 5
I0827 04:36:51.444274 819971 cosine_bus_message_buffer.cpp:45] [cosine_internal][CosineBusMessageBuffer] create buffer success. name:bus_buffer___hal__left_ee_data, type:genie_msgs.msg.pb.EndState, size:5
I0827 04:36:51.444299 820065 centralized_discovery.cc:733] [aorta]subscriber uid:90937dc7-3efc-4a79-a08a-23f6e556b899-9533047780102618842 topic:/gdk/config_response
I0827 04:36:51.444360 819971 node_impl.cc:344] [aorta]CreateSubscriber topic:/hal/left_ee_data, uid:e4db51bd-6631-4989-8f51-d80119bfc7b0-6411614143165937964 topic_uid:-1
I0827 04:36:51.444809 819971 aorta_component.cpp:326] [cosine_internal][AortaComponent] aorta node create subscriber. node: python3.10_S1, topic:/hal/left_ee_data, type:genie_msgs.msg.pb.EndState, qos:(history:1, depth:5, reliability:1, durability:2), uri:http://10.42.0.101:2379
I0827 04:36:51.444821 819971 aorta_subscriber.hpp:96] [cosine_internal][AortaSubscriber] initial. topic:/hal/left_ee_data, uri:
I0827 04:36:51.444836 819971 cosine_bus_manager.cpp:400] [cosine_internal][CosineBusManager] create subscriber. topic name:/hal/right_ee_data , middleware:aorta , need async callback:0, frame_skip_rate:1
I0827 04:36:51.444844 819971 aorta_component.cpp:174] [cosine_internal][AortaComponent] callback_name:/hal/right_ee_datahttp://10.42.0.101:2379
I0827 04:36:51.444886 819971 buffered_data_export.cpp:115] [cosine_internal]successfully create buffer [bus_buffer___hal__right_ee_data, type genie_msgs.msg.pb.EndState, block num 5, valid_time 0, transfer_type 0, data_size 0, mem_type 0, lib_name , ext_data_size 0, is_protobuf 1, enable_event_sync_subscriber 0], buffer id = 6
I0827 04:36:51.444900 819971 cosine_bus_message_buffer.cpp:45] [cosine_internal][CosineBusMessageBuffer] create buffer success. name:bus_buffer___hal__right_ee_data, type:genie_msgs.msg.pb.EndState, size:5
I0827 04:36:51.444969 819971 node_impl.cc:344] [aorta]CreateSubscriber topic:/hal/right_ee_data, uid:d2af6606-ee11-400d-840b-b94c7e98b803-5071795120000351093 topic_uid:-1
I0827 04:36:51.445441 819971 aorta_component.cpp:326] [cosine_internal][AortaComponent] aorta node create subscriber. node: python3.10_S1, topic:/hal/right_ee_data, type:genie_msgs.msg.pb.EndState, qos:(history:1, depth:5, reliability:1, durability:2), uri:http://10.42.0.101:2379
I0827 04:36:51.445452 819971 aorta_subscriber.hpp:96] [cosine_internal][AortaSubscriber] initial. topic:/hal/right_ee_data, uri:
I0827 04:36:51.445465 819971 cosine_bus_manager.cpp:400] [cosine_internal][CosineBusManager] create subscriber. topic name:/hal/chassis_power_state , middleware:aorta , need async callback:0, frame_skip_rate:1
I0827 04:36:51.445473 819971 aorta_component.cpp:174] [cosine_internal][AortaComponent] callback_name:/hal/chassis_power_statehttp://10.42.0.101:2379
I0827 04:36:51.445679 821168 shm_subscriber.cc:120] [aorta]subscriber connect to publisher success, topic /gdk/config_response, local d2379|python3.10|p819971|n0|s0|c0, peer d2379|gdk_service|p9001|n0|/gdk/config_response|p0
I0827 04:36:51.445755 820065 centralized_discovery.cc:733] [aorta]subscriber uid:8b74ffb4-549c-4398-9afd-a3039d309aca-3551884323222435368 topic:/gdk/camera_conf_response
I0827 04:36:51.445813 819971 buffered_data_export.cpp:115] [cosine_internal]successfully create buffer [bus_buffer___hal__chassis_power_state, type genie_msgs.msg.pb.ChassisPowerState, block num 5, valid_time 0, transfer_type 0, data_size 0, mem_type 0, lib_name , ext_data_size 0, is_protobuf 1, enable_event_sync_subscriber 0], buffer id = 7
I0827 04:36:51.445829 819971 cosine_bus_message_buffer.cpp:45] [cosine_internal][CosineBusMessageBuffer] create buffer success. name:bus_buffer___hal__chassis_power_state, type:genie_msgs.msg.pb.ChassisPowerState, size:5
I0827 04:36:51.445910 819971 node_impl.cc:344] [aorta]CreateSubscriber topic:/hal/chassis_power_state, uid:5377e27a-79ed-4776-b378-bb59445b1217-13624413023349153968 topic_uid:-1
I0827 04:36:51.446345 819971 aorta_component.cpp:326] [cosine_internal][AortaComponent] aorta node create subscriber. node: python3.10_S1, topic:/hal/chassis_power_state, type:genie_msgs.msg.pb.ChassisPowerState, qos:(history:1, depth:5, reliability:1, durability:2), uri:http://10.42.0.101:2379
I0827 04:36:51.446357 819971 aorta_subscriber.hpp:96] [cosine_internal][AortaSubscriber] initial. topic:/hal/chassis_power_state, uri:
I0827 04:36:51.446372 819971 cosine_bus_manager.cpp:400] [cosine_internal][CosineBusManager] create subscriber. topic name:/hal/chest_power_state , middleware:aorta , need async callback:0, frame_skip_rate:1
I0827 04:36:51.446378 819971 aorta_component.cpp:174] [cosine_internal][AortaComponent] callback_name:/hal/chest_power_statehttp://10.42.0.101:2379
I0827 04:36:51.446550 819971 buffered_data_export.cpp:115] [cosine_internal]successfully create buffer [bus_buffer___hal__chest_power_state, type genie_msgs.msg.pb.ChestPowerState, block num 5, valid_time 0, transfer_type 0, data_size 0, mem_type 0, lib_name , ext_data_size 0, is_protobuf 1, enable_event_sync_subscriber 0], buffer id = 8
I0827 04:36:51.446566 819971 cosine_bus_message_buffer.cpp:45] [cosine_internal][CosineBusMessageBuffer] create buffer success. name:bus_buffer___hal__chest_power_state, type:genie_msgs.msg.pb.ChestPowerState, size:5
I0827 04:36:51.446619 821168 shm_subscriber.cc:120] [aorta]subscriber connect to publisher success, topic /gdk/camera_conf_response, local d2379|python3.10|p819971|n0|s1|c0, peer d2379|gdk_service|p9001|n0|/gdk/camera_conf_response|p1
I0827 04:36:51.446641 819971 node_impl.cc:344] [aorta]CreateSubscriber topic:/hal/chest_power_state, uid:924e4108-bf37-475e-bb28-d9c699645dd9-8918795574175434775 topic_uid:-1
I0827 04:36:51.446679 820065 centralized_discovery.cc:733] [aorta]subscriber uid:3f2e36ed-7815-43a7-86f4-7b2d48dec476-17784787521228097140 topic:/hal/joint_state
I0827 04:36:51.447081 819971 aorta_component.cpp:326] [cosine_internal][AortaComponent] aorta node create subscriber. node: python3.10_S1, topic:/hal/chest_power_state, type:genie_msgs.msg.pb.ChestPowerState, qos:(history:1, depth:5, reliability:1, durability:2), uri:http://10.42.0.101:2379
I0827 04:36:51.447093 819971 aorta_subscriber.hpp:96] [cosine_internal][AortaSubscriber] initial. topic:/hal/chest_power_state, uri:
I0827 04:36:51.447161 819971 cosine_bus_manager.cpp:294] [cosine_internal][CosineBusManager] create publisher. topic name:/hal/joint_cmd , middleware:aorta
I0827 04:36:51.447553 821168 shm_subscriber.cc:120] [aorta]subscriber connect to publisher success, topic /hal/joint_state, local d2379|python3.10|p819971|n0|s2|c0, peer d2379|hal|p9008|n0|/hal/joint_state|p0
I0827 04:36:51.447603 820065 centralized_discovery.cc:733] [aorta]subscriber uid:8d31bfae-267f-4c8e-8cbb-e0e3d24a2dd8-4082625946824470290 topic:/hal/whole_body_status
I0827 04:36:51.447640 819971 tcp_publisher.cc:179] [aorta]topic /hal/joint_cmd, pub_queue_size_ 5, latch_queue_size_ 0
I0827 04:36:51.447746 821167 tcp_socket_server.cc:200] [aorta]The ip info is0.0.0.0:38941
I0827 04:36:51.448046 821167 shm_socket_server.cc:101] [aorta][/hal/joint_cmd] bind at pipe sock name d2379|python3.10|p819971|n0|/hal/joint_cmd|p2
I0827 04:36:51.448134 819971 node_impl.cc:198] [aorta]CreatePublisher, host:0.0.0.0, port:38941, sockname:d2379|python3.10|p819971|n0|/hal/joint_cmd|p2, topic:/hal/joint_cmd, uid:203f1e84-76fa-4ad1-9b98-b1a451f86622-8113233340941315482 topic_uid:-1
I0827 04:36:51.448163 819971 aorta_component.cpp:394] [cosine_internal][AortaComponent] aorta node create publisher. node: python3.10_S1, topic:/hal/joint_cmd, type:genie_msgs.msg.pb.JointCommand, qos:(history:1, depth:5, reliability:1, durability:2), uri:http://10.42.0.101:2379
I0827 04:36:51.448204 819971 aorta_publisher.cpp:119] [cosine_internal][AortaPublisher] publisher initialize. topic:/hal/joint_cmd, uri:
I0827 04:36:51.448215 819971 publisher.cpp:27] [GDK]create publisher: /hal/joint_cmd type: genie_msgs.msg.pb.JointCommand qos: 1 1 5 2
I0827 04:36:51.448307 819971 cosine_bus_manager.cpp:294] [cosine_internal][CosineBusManager] create publisher. topic name:/wbc/left_ee_command , middleware:aorta
I0827 04:36:51.448607 821168 shm_subscriber.cc:120] [aorta]subscriber connect to publisher success, topic /hal/whole_body_status, local d2379|python3.10|p819971|n0|s3|c0, peer d2379|hal|p9008|n0|/hal/whole_body_status|p1
I0827 04:36:51.448662 820065 centralized_discovery.cc:733] [aorta]subscriber uid:e4db51bd-6631-4989-8f51-d80119bfc7b0-6411614143165937964 topic:/hal/left_ee_data
I0827 04:36:51.448794 819971 tcp_publisher.cc:179] [aorta]topic /wbc/left_ee_command, pub_queue_size_ 5, latch_queue_size_ 0
I0827 04:36:51.448872 821167 tcp_socket_server.cc:200] [aorta]The ip info is0.0.0.0:39711
I0827 04:36:51.448951 821167 shm_socket_server.cc:101] [aorta][/wbc/left_ee_command] bind at pipe sock name d2379|python3.10|p819971|n0|/wbc/left_ee_command|p3
I0827 04:36:51.449018 819971 node_impl.cc:198] [aorta]CreatePublisher, host:0.0.0.0, port:39711, sockname:d2379|python3.10|p819971|n0|/wbc/left_ee_command|p3, topic:/wbc/left_ee_command, uid:de87144e-1231-4a76-a203-1a3046c43747-15677759012602946526 topic_uid:-1
I0827 04:36:51.449035 819971 aorta_component.cpp:394] [cosine_internal][AortaComponent] aorta node create publisher. node: python3.10_S1, topic:/wbc/left_ee_command, type:sensor_msgs.msg.pb.JointState, qos:(history:1, depth:5, reliability:1, durability:2), uri:http://10.42.0.101:2379
I0827 04:36:51.449069 819971 aorta_publisher.cpp:119] [cosine_internal][AortaPublisher] publisher initialize. topic:/wbc/left_ee_command, uri:
I0827 04:36:51.449077 819971 publisher.cpp:27] [GDK]create publisher: /wbc/left_ee_command type: sensor_msgs.msg.pb.JointState qos: 1 1 5 2
I0827 04:36:51.449092 819971 cosine_bus_manager.cpp:294] [cosine_internal][CosineBusManager] create publisher. topic name:/wbc/right_ee_command , middleware:aorta
I0827 04:36:51.449559 819971 tcp_publisher.cc:179] [aorta]topic /wbc/right_ee_command, pub_queue_size_ 5, latch_queue_size_ 0
I0827 04:36:51.449642 821167 tcp_socket_server.cc:200] [aorta]The ip info is0.0.0.0:46445
I0827 04:36:51.449713 821167 shm_socket_server.cc:101] [aorta][/wbc/right_ee_command] bind at pipe sock name d2379|python3.10|p819971|n0|/wbc/right_ee_command|p4
I0827 04:36:51.449775 819971 node_impl.cc:198] [aorta]CreatePublisher, host:0.0.0.0, port:46445, sockname:d2379|python3.10|p819971|n0|/wbc/right_ee_command|p4, topic:/wbc/right_ee_command, uid:b43ba8b9-24bc-4193-99d5-a53115088db1-12160131399292109555 topic_uid:-1
I0827 04:36:51.449795 819971 aorta_component.cpp:394] [cosine_internal][AortaComponent] aorta node create publisher. node: python3.10_S1, topic:/wbc/right_ee_command, type:sensor_msgs.msg.pb.JointState, qos:(history:1, depth:5, reliability:1, durability:2), uri:http://10.42.0.101:2379
I0827 04:36:51.449826 819971 aorta_publisher.cpp:119] [cosine_internal][AortaPublisher] publisher initialize. topic:/wbc/right_ee_command, uri:
I0827 04:36:51.449822 821168 shm_subscriber.cc:120] [aorta]subscriber connect to publisher success, topic /hal/left_ee_data, local d2379|python3.10|p819971|n0|s4|c0, peer d2379|hal|p9008|n0|/hal/left_ee_data|p2
I0827 04:36:51.449832 819971 publisher.cpp:27] [GDK]create publisher: /wbc/right_ee_command type: sensor_msgs.msg.pb.JointState qos: 1 1 5 2
I0827 04:36:51.449869 819971 cosine_bus_manager.cpp:400] [cosine_internal][CosineBusManager] create subscriber. topic name:/wbc/motion_control_status , middleware:aorta , need async callback:0, frame_skip_rate:1
I0827 04:36:51.449874 820065 centralized_discovery.cc:733] [aorta]subscriber uid:d2af6606-ee11-400d-840b-b94c7e98b803-5071795120000351093 topic:/hal/right_ee_data
I0827 04:36:51.449880 819971 aorta_component.cpp:174] [cosine_internal][AortaComponent] callback_name:/wbc/motion_control_statushttp://10.42.0.101:2379
I0827 04:36:51.450176 819971 buffered_data_export.cpp:115] [cosine_internal]successfully create buffer [bus_buffer___wbc__motion_control_status, type genie_msgs.msg.pb.MotionControlStatus, block num 5, valid_time 0, transfer_type 0, data_size 0, mem_type 0, lib_name , ext_data_size 0, is_protobuf 1, enable_event_sync_subscriber 0], buffer id = 9
I0827 04:36:51.450203 819971 cosine_bus_message_buffer.cpp:45] [cosine_internal][CosineBusMessageBuffer] create buffer success. name:bus_buffer___wbc__motion_control_status, type:genie_msgs.msg.pb.MotionControlStatus, size:5
I0827 04:36:51.450299 819971 node_impl.cc:344] [aorta]CreateSubscriber topic:/wbc/motion_control_status, uid:baf62d55-74dd-4f17-82f9-670eb5d48977-3835708119707617413 topic_uid:-1
I0827 04:36:51.450773 819971 aorta_component.cpp:326] [cosine_internal][AortaComponent] aorta node create subscriber. node: python3.10_S1, topic:/wbc/motion_control_status, type:genie_msgs.msg.pb.MotionControlStatus, qos:(history:1, depth:5, reliability:1, durability:2), uri:http://10.42.0.101:2379
I0827 04:36:51.450786 819971 aorta_subscriber.hpp:96] [cosine_internal][AortaSubscriber] initial. topic:/wbc/motion_control_status, uri:
I0827 04:36:51.450802 819971 cosine_bus_manager.cpp:400] [cosine_internal][CosineBusManager] create subscriber. topic name:/MotionControlService/JointPosition/response , middleware:aorta , need async callback:0, frame_skip_rate:1
I0827 04:36:51.450809 819971 aorta_component.cpp:174] [cosine_internal][AortaComponent] callback_name:/MotionControlService/JointPosition/responsehttp://10.42.0.101:2379
I0827 04:36:51.450860 819971 buffered_data_export.cpp:115] [cosine_internal]successfully create buffer [bus_buffer___MotionControlService__JointPosition__response, type genie_msgs.msg.pb.CommonResponse, block num 5, valid_time 0, transfer_type 0, data_size 0, mem_type 0, lib_name , ext_data_size 0, is_protobuf 1, enable_event_sync_subscriber 0], buffer id = 10
I0827 04:36:51.450873 819971 cosine_bus_message_buffer.cpp:45] [cosine_internal][CosineBusMessageBuffer] create buffer success. name:bus_buffer___MotionControlService__JointPosition__response, type:genie_msgs.msg.pb.CommonResponse, size:5
I0827 04:36:51.451089 819971 node_impl.cc:344] [aorta]CreateSubscriber topic:/MotionControlService/JointPosition/response, uid:4cfb2605-7b81-4e69-83b4-9aeeb63f92cd-11220515294652701264 topic_uid:-1
I0827 04:36:51.451136 821168 shm_subscriber.cc:120] [aorta]subscriber connect to publisher success, topic /hal/right_ee_data, local d2379|python3.10|p819971|n0|s5|c0, peer d2379|hal|p9008|n0|/hal/right_ee_data|p3
I0827 04:36:51.451191 820065 centralized_discovery.cc:733] [aorta]subscriber uid:5377e27a-79ed-4776-b378-bb59445b1217-13624413023349153968 topic:/hal/chassis_power_state
I0827 04:36:51.451547 819971 aorta_component.cpp:326] [cosine_internal][AortaComponent] aorta node create subscriber. node: python3.10_S1, topic:/MotionControlService/JointPosition/response, type:genie_msgs.msg.pb.CommonResponse, qos:(history:1, depth:5, reliability:1, durability:2), uri:http://10.42.0.101:2379
I0827 04:36:51.451560 819971 aorta_subscriber.hpp:96] [cosine_internal][AortaSubscriber] initial. topic:/MotionControlService/JointPosition/response, uri:
I0827 04:36:51.451574 819971 cosine_bus_manager.cpp:400] [cosine_internal][CosineBusManager] create subscriber. topic name:/MotionControlService/ControlMode/response , middleware:aorta , need async callback:0, frame_skip_rate:1
I0827 04:36:51.451582 819971 aorta_component.cpp:174] [cosine_internal][AortaComponent] callback_name:/MotionControlService/ControlMode/responsehttp://10.42.0.101:2379
I0827 04:36:51.451623 819971 buffered_data_export.cpp:115] [cosine_internal]successfully create buffer [bus_buffer___MotionControlService__ControlMode__response, type genie_msgs.msg.pb.CommonResponse, block num 5, valid_time 0, transfer_type 0, data_size 0, mem_type 0, lib_name , ext_data_size 0, is_protobuf 1, enable_event_sync_subscriber 0], buffer id = 11
I0827 04:36:51.451637 819971 cosine_bus_message_buffer.cpp:45] [cosine_internal][CosineBusMessageBuffer] create buffer success. name:bus_buffer___MotionControlService__ControlMode__response, type:genie_msgs.msg.pb.CommonResponse, size:5
I0827 04:36:51.451712 819971 node_impl.cc:344] [aorta]CreateSubscriber topic:/MotionControlService/ControlMode/response, uid:40b2d029-6462-486f-8dd8-442cc6c9c6a6-13500083580579056044 topic_uid:-1
I0827 04:36:51.452026 821168 shm_subscriber.cc:120] [aorta]subscriber connect to publisher success, topic /hal/chassis_power_state, local d2379|python3.10|p819971|n0|s6|c0, peer d2379|hal_lowerlimb|p9007|n0|/hal/chassis_power_state|p2
I0827 04:36:51.452128 819971 aorta_component.cpp:326] [cosine_internal][AortaComponent] aorta node create subscriber. node: python3.10_S1, topic:/MotionControlService/ControlMode/response, type:genie_msgs.msg.pb.CommonResponse, qos:(history:1, depth:5, reliability:1, durability:2), uri:http://10.42.0.101:2379
I0827 04:36:51.452138 819971 aorta_subscriber.hpp:96] [cosine_internal][AortaSubscriber] initial. topic:/MotionControlService/ControlMode/response, uri:
I0827 04:36:51.452152 819971 cosine_bus_manager.cpp:400] [cosine_internal][CosineBusManager] create subscriber. topic name:/MotionControlService/SetLoad/response , middleware:aorta , need async callback:0, frame_skip_rate:1
I0827 04:36:51.452157 819971 aorta_component.cpp:174] [cosine_internal][AortaComponent] callback_name:/MotionControlService/SetLoad/responsehttp://10.42.0.101:2379
I0827 04:36:51.452188 820065 centralized_discovery.cc:733] [aorta]subscriber uid:924e4108-bf37-475e-bb28-d9c699645dd9-8918795574175434775 topic:/hal/chest_power_state
I0827 04:36:51.452191 819971 buffered_data_export.cpp:115] [cosine_internal]successfully create buffer [bus_buffer___MotionControlService__SetLoad__response, type genie_msgs.msg.pb.CommonResponse, block num 5, valid_time 0, transfer_type 0, data_size 0, mem_type 0, lib_name , ext_data_size 0, is_protobuf 1, enable_event_sync_subscriber 0], buffer id = 12
I0827 04:36:51.452203 819971 cosine_bus_message_buffer.cpp:45] [cosine_internal][CosineBusMessageBuffer] create buffer success. name:bus_buffer___MotionControlService__SetLoad__response, type:genie_msgs.msg.pb.CommonResponse, size:5
I0827 04:36:51.452263 819971 node_impl.cc:344] [aorta]CreateSubscriber topic:/MotionControlService/SetLoad/response, uid:e44a3b19-07ea-4193-b734-380a01c15b89-11741066552301177038 topic_uid:-1
I0827 04:36:51.452666 819971 aorta_component.cpp:326] [cosine_internal][AortaComponent] aorta node create subscriber. node: python3.10_S1, topic:/MotionControlService/SetLoad/response, type:genie_msgs.msg.pb.CommonResponse, qos:(history:1, depth:5, reliability:1, durability:2), uri:http://10.42.0.101:2379
I0827 04:36:51.452677 819971 aorta_subscriber.hpp:96] [cosine_internal][AortaSubscriber] initial. topic:/MotionControlService/SetLoad/response, uri:
I0827 04:36:51.452689 819971 cosine_bus_manager.cpp:400] [cosine_internal][CosineBusManager] create subscriber. topic name:/MotionControlService/SetComplianceParams/response , middleware:aorta , need async callback:0, frame_skip_rate:1
I0827 04:36:51.452697 819971 aorta_component.cpp:174] [cosine_internal][AortaComponent] callback_name:/MotionControlService/SetComplianceParams/responsehttp://10.42.0.101:2379
I0827 04:36:51.452729 819971 buffered_data_export.cpp:115] [cosine_internal]successfully create buffer [bus_buffer___MotionControlService__SetComplianceParams__response, type genie_msgs.msg.pb.CommonResponse, block num 5, valid_time 0, transfer_type 0, data_size 0, mem_type 0, lib_name , ext_data_size 0, is_protobuf 1, enable_event_sync_subscriber 0], buffer id = 13
I0827 04:36:51.452741 819971 cosine_bus_message_buffer.cpp:45] [cosine_internal][CosineBusMessageBuffer] create buffer success. name:bus_buffer___MotionControlService__SetComplianceParams__response, type:genie_msgs.msg.pb.CommonResponse, size:5
I0827 04:36:51.452800 819971 node_impl.cc:344] [aorta]CreateSubscriber topic:/MotionControlService/SetComplianceParams/response, uid:9608781c-69f3-4d18-aa2a-2ff14cfb0c8a-16772690313444795879 topic_uid:-1
I0827 04:36:51.452952 821168 shm_subscriber.cc:120] [aorta]subscriber connect to publisher success, topic /hal/chest_power_state, local d2379|python3.10|p819971|n0|s7|c0, peer d2379|hal_lowerlimb|p9007|n0|/hal/chest_power_state|p4
I0827 04:36:51.453004 820065 centralized_discovery.cc:681] [aorta]publisher uid:203f1e84-76fa-4ad1-9b98-b1a451f86622-8113233340941315482 topic:/hal/joint_cmd
I0827 04:36:51.453265 819971 aorta_component.cpp:326] [cosine_internal][AortaComponent] aorta node create subscriber. node: python3.10_S1, topic:/MotionControlService/SetComplianceParams/response, type:genie_msgs.msg.pb.CommonResponse, qos:(history:1, depth:5, reliability:1, durability:2), uri:http://10.42.0.101:2379
I0827 04:36:51.453276 819971 aorta_subscriber.hpp:96] [cosine_internal][AortaSubscriber] initial. topic:/MotionControlService/SetComplianceParams/response, uri:
I0827 04:36:51.453289 819971 cosine_bus_manager.cpp:400] [cosine_internal][CosineBusManager] create subscriber. topic name:/MotionControlService/MotionPlan/response , middleware:aorta , need async callback:0, frame_skip_rate:1
I0827 04:36:51.453295 819971 aorta_component.cpp:174] [cosine_internal][AortaComponent] callback_name:/MotionControlService/MotionPlan/responsehttp://10.42.0.101:2379
I0827 04:36:51.453336 819971 buffered_data_export.cpp:115] [cosine_internal]successfully create buffer [bus_buffer___MotionControlService__MotionPlan__response, type genie_msgs.msg.pb.CommonResponse, block num 5, valid_time 0, transfer_type 0, data_size 0, mem_type 0, lib_name , ext_data_size 0, is_protobuf 1, enable_event_sync_subscriber 0], buffer id = 14
I0827 04:36:51.453353 819971 cosine_bus_message_buffer.cpp:45] [cosine_internal][CosineBusMessageBuffer] create buffer success. name:bus_buffer___MotionControlService__MotionPlan__response, type:genie_msgs.msg.pb.CommonResponse, size:5
I0827 04:36:51.453418 819971 node_impl.cc:344] [aorta]CreateSubscriber topic:/MotionControlService/MotionPlan/response, uid:d9ae658f-8b18-49fe-a479-2eed7e46c1e3-7265943930381113476 topic_uid:-1
I0827 04:36:51.453821 819971 aorta_component.cpp:326] [cosine_internal][AortaComponent] aorta node create subscriber. node: python3.10_S1, topic:/MotionControlService/MotionPlan/response, type:genie_msgs.msg.pb.CommonResponse, qos:(history:1, depth:5, reliability:1, durability:2), uri:http://10.42.0.101:2379
I0827 04:36:51.453830 819971 aorta_subscriber.hpp:96] [cosine_internal][AortaSubscriber] initial. topic:/MotionControlService/MotionPlan/response, uri:
I0827 04:36:51.453925 819971 cosine_bus_manager.cpp:294] [cosine_internal][CosineBusManager] create publisher. topic name:/wbc/motion_stop , middleware:aorta
I0827 04:36:51.454370 819971 tcp_publisher.cc:179] [aorta]topic /wbc/motion_stop, pub_queue_size_ 5, latch_queue_size_ 0
I0827 04:36:51.454425 821167 tcp_socket_server.cc:200] [aorta]The ip info is0.0.0.0:38065
I0827 04:36:51.454528 820065 centralized_discovery.cc:681] [aorta]publisher uid:de87144e-1231-4a76-a203-1a3046c43747-15677759012602946526 topic:/wbc/left_ee_command
I0827 04:36:51.454579 821167 shm_socket_server.cc:101] [aorta][/wbc/motion_stop] bind at pipe sock name d2379|python3.10|p819971|n0|/wbc/motion_stop|p5
I0827 04:36:51.454661 819971 node_impl.cc:198] [aorta]CreatePublisher, host:0.0.0.0, port:38065, sockname:d2379|python3.10|p819971|n0|/wbc/motion_stop|p5, topic:/wbc/motion_stop, uid:6a7b4d00-45f4-409c-8f8c-23dd3a96e533-13748557535015507650 topic_uid:-1
I0827 04:36:51.454681 819971 aorta_component.cpp:394] [cosine_internal][AortaComponent] aorta node create publisher. node: python3.10_S1, topic:/wbc/motion_stop, type:genie_msgs.msg.pb.MotionStop, qos:(history:1, depth:5, reliability:1, durability:2), uri:http://10.42.0.101:2379
I0827 04:36:51.454715 819971 aorta_publisher.cpp:119] [cosine_internal][AortaPublisher] publisher initialize. topic:/wbc/motion_stop, uri:
I0827 04:36:51.454722 819971 publisher.cpp:27] [GDK]create publisher: /wbc/motion_stop type: genie_msgs.msg.pb.MotionStop qos: 1 1 5 2
I0827 04:36:51.454864 819971 cosine_bus_manager.cpp:294] [cosine_internal][CosineBusManager] create publisher. topic name:/wbc/set_control_mode , middleware:aorta
I0827 04:36:51.455318 819971 tcp_publisher.cc:179] [aorta]topic /wbc/set_control_mode, pub_queue_size_ 5, latch_queue_size_ 0
I0827 04:36:51.455410 821167 tcp_socket_server.cc:200] [aorta]The ip info is0.0.0.0:46367
I0827 04:36:51.455475 821167 shm_socket_server.cc:101] [aorta][/wbc/set_control_mode] bind at pipe sock name d2379|python3.10|p819971|n0|/wbc/set_control_mode|p6
I0827 04:36:51.455529 819971 node_impl.cc:198] [aorta]CreatePublisher, host:0.0.0.0, port:46367, sockname:d2379|python3.10|p819971|n0|/wbc/set_control_mode|p6, topic:/wbc/set_control_mode, uid:faa4b2b0-7ecf-4e8f-8f93-9166cea154db-14916454457450496029 topic_uid:-1
I0827 04:36:51.455549 819971 aorta_component.cpp:394] [cosine_internal][AortaComponent] aorta node create publisher. node: python3.10_S1, topic:/wbc/set_control_mode, type:genie_msgs.msg.pb.SetControlMode, qos:(history:1, depth:5, reliability:1, durability:2), uri:http://10.42.0.101:2379
I0827 04:36:51.455579 819971 aorta_publisher.cpp:119] [cosine_internal][AortaPublisher] publisher initialize. topic:/wbc/set_control_mode, uri:
I0827 04:36:51.455585 819971 publisher.cpp:27] [GDK]create publisher: /wbc/set_control_mode type: genie_msgs.msg.pb.SetControlMode qos: 1 1 5 2
I0827 04:36:51.455677 819971 cosine_bus_manager.cpp:294] [cosine_internal][CosineBusManager] create publisher. topic name:/wbc/end_effector_pose_control , middleware:aorta
I0827 04:36:51.456117 819971 tcp_publisher.cc:179] [aorta]topic /wbc/end_effector_pose_control, pub_queue_size_ 5, latch_queue_size_ 0
I0827 04:36:51.456174 821167 tcp_socket_server.cc:200] [aorta]The ip info is0.0.0.0:38601
I0827 04:36:51.456241 821167 shm_socket_server.cc:101] [aorta][/wbc/end_effector_pose_control] bind at pipe sock name d2379|python3.10|p819971|n0|/wbc/end_effector_pose_control|p7
I0827 04:36:51.456298 819971 node_impl.cc:198] [aorta]CreatePublisher, host:0.0.0.0, port:38601, sockname:d2379|python3.10|p819971|n0|/wbc/end_effector_pose_control|p7, topic:/wbc/end_effector_pose_control, uid:f5d19116-f89c-4e8a-b806-08efd4c6e8fb-8961509146944305143 topic_uid:-1
I0827 04:36:51.456317 819971 aorta_component.cpp:394] [cosine_internal][AortaComponent] aorta node create publisher. node: python3.10_S1, topic:/wbc/end_effector_pose_control, type:genie_msgs.msg.pb.EndEffectorPoseControl, qos:(history:1, depth:5, reliability:1, durability:2), uri:http://10.42.0.101:2379
I0827 04:36:51.456321 820065 centralized_discovery.cc:681] [aorta]publisher uid:b43ba8b9-24bc-4193-99d5-a53115088db1-12160131399292109555 topic:/wbc/right_ee_command
I0827 04:36:51.456347 819971 aorta_publisher.cpp:119] [cosine_internal][AortaPublisher] publisher initialize. topic:/wbc/end_effector_pose_control, uri:
I0827 04:36:51.456354 819971 publisher.cpp:27] [GDK]create publisher: /wbc/end_effector_pose_control type: genie_msgs.msg.pb.EndEffectorPoseControl qos: 1 1 5 2
I0827 04:36:51.456452 819971 cosine_bus_manager.cpp:294] [cosine_internal][CosineBusManager] create publisher. topic name:/wbc/joint_position_control , middleware:aorta
I0827 04:36:51.456867 819971 tcp_publisher.cc:179] [aorta]topic /wbc/joint_position_control, pub_queue_size_ 5, latch_queue_size_ 0
I0827 04:36:51.456979 821167 tcp_socket_server.cc:200] [aorta]The ip info is0.0.0.0:42977
I0827 04:36:51.457084 821167 shm_socket_server.cc:101] [aorta][/wbc/joint_position_control] bind at pipe sock name d2379|python3.10|p819971|n0|/wbc/joint_position_control|p8
I0827 04:36:51.457149 819971 node_impl.cc:198] [aorta]CreatePublisher, host:0.0.0.0, port:42977, sockname:d2379|python3.10|p819971|n0|/wbc/joint_position_control|p8, topic:/wbc/joint_position_control, uid:35c97c83-44d5-4177-a301-11d081873b19-17554954426434248758 topic_uid:-1
I0827 04:36:51.457170 819971 aorta_component.cpp:394] [cosine_internal][AortaComponent] aorta node create publisher. node: python3.10_S1, topic:/wbc/joint_position_control, type:genie_msgs.msg.pb.JointPositionControl, qos:(history:1, depth:5, reliability:1, durability:2), uri:http://10.42.0.101:2379
I0827 04:36:51.457201 819971 aorta_publisher.cpp:119] [cosine_internal][AortaPublisher] publisher initialize. topic:/wbc/joint_position_control, uri:
I0827 04:36:51.457207 819971 publisher.cpp:27] [GDK]create publisher: /wbc/joint_position_control type: genie_msgs.msg.pb.JointPositionControl qos: 1 1 5 2
I0827 04:36:51.457278 819971 cosine_bus_manager.cpp:294] [cosine_internal][CosineBusManager] create publisher. topic name:/MotionControlService/JointPosition/request , middleware:aorta
I0827 04:36:51.457639 820065 centralized_discovery.cc:733] [aorta]subscriber uid:baf62d55-74dd-4f17-82f9-670eb5d48977-3835708119707617413 topic:/wbc/motion_control_status
I0827 04:36:51.457697 819971 tcp_publisher.cc:179] [aorta]topic /MotionControlService/JointPosition/request, pub_queue_size_ 5, latch_queue_size_ 0
I0827 04:36:51.457758 821167 tcp_socket_server.cc:200] [aorta]The ip info is0.0.0.0:42241
I0827 04:36:51.457829 821167 shm_socket_server.cc:101] [aorta][/MotionControlService/JointPosition/request] bind at pipe sock name d2379|python3.10|p819971|n0|..onControlService/JointPosition/request|p9
I0827 04:36:51.457891 819971 node_impl.cc:198] [aorta]CreatePublisher, host:0.0.0.0, port:42241, sockname:d2379|python3.10|p819971|n0|..onControlService/JointPosition/request|p9, topic:/MotionControlService/JointPosition/request, uid:b83ceaf7-8dd4-4700-88f7-5bf5854ddde2-13247891859042633557 topic_uid:-1
I0827 04:36:51.457908 819971 aorta_component.cpp:394] [cosine_internal][AortaComponent] aorta node create publisher. node: python3.10_S1, topic:/MotionControlService/JointPosition/request, type:genie_msgs.msg.pb.JointPositionRequst, qos:(history:1, depth:5, reliability:1, durability:2), uri:http://10.42.0.101:2379
I0827 04:36:51.457938 819971 aorta_publisher.cpp:119] [cosine_internal][AortaPublisher] publisher initialize. topic:/MotionControlService/JointPosition/request, uri:
I0827 04:36:51.457945 819971 publisher.cpp:27] [GDK]create publisher: /MotionControlService/JointPosition/request type: genie_msgs.msg.pb.JointPositionRequst qos: 1 1 5 2
I0827 04:36:51.458045 819971 cosine_bus_manager.cpp:294] [cosine_internal][CosineBusManager] create publisher. topic name:/MotionControlService/ControlMode/request , middleware:aorta
I0827 04:36:51.458461 819971 tcp_publisher.cc:179] [aorta]topic /MotionControlService/ControlMode/request, pub_queue_size_ 5, latch_queue_size_ 0
I0827 04:36:51.458572 821167 tcp_socket_server.cc:200] [aorta]The ip info is0.0.0.0:41051
I0827 04:36:51.458678 821167 shm_socket_server.cc:101] [aorta][/MotionControlService/ControlMode/request] bind at pipe sock name d2379|python3.10|p819971|n0|..tionControlService/ControlMode/request|p10
I0827 04:36:51.458789 819971 node_impl.cc:198] [aorta]CreatePublisher, host:0.0.0.0, port:41051, sockname:d2379|python3.10|p819971|n0|..tionControlService/ControlMode/request|p10, topic:/MotionControlService/ControlMode/request, uid:0c9d3884-15a0-45b8-bd10-79980c622888-7079047142913889307 topic_uid:-1
I0827 04:36:51.458812 819971 aorta_component.cpp:394] [cosine_internal][AortaComponent] aorta node create publisher. node: python3.10_S1, topic:/MotionControlService/ControlMode/request, type:genie_msgs.msg.pb.ControlModeRequest, qos:(history:1, depth:5, reliability:1, durability:2), uri:http://10.42.0.101:2379
I0827 04:36:51.458844 819971 aorta_publisher.cpp:119] [cosine_internal][AortaPublisher] publisher initialize. topic:/MotionControlService/ControlMode/request, uri:
I0827 04:36:51.458853 819971 publisher.cpp:27] [GDK]create publisher: /MotionControlService/ControlMode/request type: genie_msgs.msg.pb.ControlModeRequest qos: 1 1 5 2
I0827 04:36:51.458878 819971 cosine_bus_manager.cpp:294] [cosine_internal][CosineBusManager] create publisher. topic name:/MotionControlService/SetLoad/request , middleware:aorta
I0827 04:36:51.459211 821168 shm_subscriber.cc:120] [aorta]subscriber connect to publisher success, topic /wbc/motion_control_status, local d2379|python3.10|p819971|n0|s8|c0, peer d2379|genie_motion_control|p11068|n0|/wbc/motion_control_status|p4
I0827 04:36:51.459299 820065 centralized_discovery.cc:733] [aorta]subscriber uid:4cfb2605-7b81-4e69-83b4-9aeeb63f92cd-11220515294652701264 topic:/MotionControlService/JointPosition/response
I0827 04:36:51.459471 819971 tcp_publisher.cc:179] [aorta]topic /MotionControlService/SetLoad/request, pub_queue_size_ 5, latch_queue_size_ 0
I0827 04:36:51.459543 821167 tcp_socket_server.cc:200] [aorta]The ip info is0.0.0.0:43871
