Log file created at: 2025/08/27 00:31:30
Running on machine: G2
Log line format: [IWEF]mmdd hh:mm:ss.uuuuuu threadid file:line] msg
I0827 00:31:30.213994 1087922 dylog_impl.cpp:641] [DYLOG] set dylog default level to INFO
I0827 00:31:30.214075 1087922 dylog_impl.cpp:690] [DYLOG] soc num : R2
I0827 00:31:30.214090 1087922 dylog_impl.cpp:695] [DYLOG] can't read scene_mode, use sud
W0827 00:31:30.214112 1087922 dylog_impl.cpp:757] [DYLOG] can't find available json config file with path : /home/agi/app/conf/scene_server/dylog_sud_default.json, use default.
I0827 00:31:30.214231 1087922 dylog_impl.cpp:293] [DYLOG] register dsd_name : dylog/python3.10/cosine_internal
I0827 00:31:30.218307 1087922 cosine_bus_manager.cpp:88] [cosine_internal][CosineBusManager] cosine bus config path not set, use default config.
I0827 00:31:30.218357 1087922 cosine_bus_manager.cpp:118] [cosine_internal][CosineBusManager] initial cosine_bus_config:
I0827 00:31:30.219892 1087922 cosine_bus_global_sync.cpp:30] [cosine_internal][BusGlobalSync] set default middleware name:aorta
I0827 00:31:30.219935 1087922 scheduler_classic.cpp:28] [cosine_internal]Proc number set to be: 1
I0827 00:31:30.221661 1087922 dynamic_object.cpp:521] [cosine_internal][DynamicObject] open libdynamic_aorta.so success.
I0827 00:31:30.221861 1087922 dynamic_object.cpp:581] [cosine_internal][DynamicObject] Successfully enumerated 57 symbols in libdynamic_aorta.so
I0827 00:31:30.221872 1087922 resource_loader.cpp:13] [cosine_internal][ResourceLoader] Attempting to load function: aorta_get_object
I0827 00:31:30.221877 1087922 resource_loader.cpp:17] [cosine_internal][ResourceLoader] Trying address() method for C++ symbol: aorta_get_object
I0827 00:31:30.221884 1087922 resource_loader.cpp:20] [cosine_internal][ResourceLoader] Successfully loaded C++ symbol: aorta_get_object
I0827 00:31:30.221887 1087922 resource_loader.cpp:13] [cosine_internal][ResourceLoader] Attempting to load function: aorta_call_object_func
I0827 00:31:30.221890 1087922 resource_loader.cpp:17] [cosine_internal][ResourceLoader] Trying address() method for C++ symbol: aorta_call_object_func
I0827 00:31:30.221894 1087922 resource_loader.cpp:20] [cosine_internal][ResourceLoader] Successfully loaded C++ symbol: aorta_call_object_func
I0827 00:31:30.221899 1087922 resource_loader.cpp:13] [cosine_internal][ResourceLoader] Attempting to load function: aorta_clean_up
I0827 00:31:30.221901 1087922 resource_loader.cpp:17] [cosine_internal][ResourceLoader] Trying address() method for C++ symbol: aorta_clean_up
I0827 00:31:30.221916 1087922 resource_loader.cpp:25] [cosine_internal][ResourceLoader] C++ symbol failed, trying c_address() method for C symbol: aorta_clean_up
I0827 00:31:30.221922 1087922 resource_loader.cpp:28] [cosine_internal][ResourceLoader] Successfully loaded C symbol: aorta_clean_up
W0827 00:31:30.221932 1087922 aorta_component.cpp:90] [cosine_internal]Environment variable [LOCATOR_IP/DDS_IP] not set, fallback to 10.42.0.101
I0827 00:31:30.221939 1087922 aorta_component.cpp:496] [cosine_internal][AortaComponent] locator_ip: 10.42.0.101; Check network before domain init 
I0827 00:31:30.221987 1087922 clock.cpp:22] [cosine_internal]load ptp time source from: libptp_clock_time.so
I0827 00:31:30.222219 1087922 dynamic_object.cpp:521] [cosine_internal][DynamicObject] open libptp_clock_time.so success.
I0827 00:31:30.223779 1087922 aorta_component.cpp:515] [cosine_internal][AortaComponent] Network check start. locator_ip: 10.42.0.101, timeout: 60 seconds , check_start_time: 1756225890
I0827 00:31:30.223820 1087922 aorta_component.cpp:526] [cosine_internal][AortaComponent] locator_ip: 10.42.0.101; network is ready.
I0827 00:31:30.223902 1087922 dylog_impl.cpp:293] [DYLOG] register dsd_name : dylog/python3.10/aorta
I0827 00:31:30.224100 1087922 pcie_config.cc:52] [aorta]Get one valid pcie channel. producer: soc-s3 app-map_loc_app endpoint-nvscic2c_pcie_s3_c7_11 consumer: soc-s1 app-worldmodel endpoint-nvscic2c_pcie_s1_c7_11
I0827 00:31:30.224231 1087922 os.cc:88] [aorta]Got host_id from system files: Huixi R1ROBOR2
I0827 00:31:30.224285 1087922 pcie_manager.cc:71] [aorta]There is no pcie config in current process.
I0827 00:31:30.224663 1087922 message_monitor_config.cc:398] [aorta]run in  mode
I0827 00:31:30.225920 1087922 domain_impl.cc:58] [aorta]aorta version:7b1b7ddc
I0827 00:31:30.225957 1087922 json_comm.cc:35] [aorta]file path: /home/agi/app/conf/topology/topology_rule.json not exist.
I0827 00:31:30.225975 1087922 message_monitor_config.cc:398] [aorta]run in  mode
I0827 00:31:30.233459 1087922 message_monitor_config.cc:731] [aorta]message monitor is updated from /home/agi/app/conf/aorta/function/aorta_monitor_conf.json
I0827 00:31:30.234300 1087922 discovery_factory.cc:14] [aorta]type:1, host:10.42.0.101, port:2379, ttl:15, minor_cycle:100, major_cycle:3
I0827 00:31:30.234937 1087922 config.cc:53] [aorta]AORTA_IP_MASK not set.
I0827 00:31:30.234948 1087922 discovery.cc:245] [aorta]get ip masks empty.
I0827 00:31:30.234959 1087922 config.cc:200] [aorta]AORTA_EXTRA_LOCAL_IPS not set.
I0827 00:31:30.234966 1087922 discovery.cc:266] [aorta]local_publisher_ips_ empty.
I0827 00:31:30.234990 1087922 config.cc:124] [aorta]ip match, ip:127.0.0.1
I0827 00:31:30.235000 1087922 discovery.cc:275] [aorta]default emplace ip:10.42.0.101
I0827 00:31:30.235003 1087922 discovery.cc:275] [aorta]default emplace ip:10.42.12.101
I0827 00:31:30.235006 1087922 discovery.cc:275] [aorta]default emplace ip:10.42.1.101
I0827 00:31:30.235008 1087922 discovery.cc:275] [aorta]default emplace ip:10.42.6.101
I0827 00:31:30.235011 1087922 discovery.cc:275] [aorta]default emplace ip:192.168.1.101
I0827 00:31:30.235014 1087922 discovery.cc:275] [aorta]default emplace ip:10.42.30.101
I0827 00:31:30.235018 1087922 discovery.cc:275] [aorta]default emplace ip:10.42.40.101
I0827 00:31:30.235020 1087922 discovery.cc:275] [aorta]default emplace ip:10.20.15.199
I0827 00:31:30.235023 1087922 discovery.cc:275] [aorta]default emplace ip:10.42.6.101
I0827 00:31:30.235028 1087922 centralized_discovery.cc:55] [aorta]lease_ttl_:15
I0827 00:31:30.235518 1087922 aorta_component.cpp:561] [cosine_internal][AortaComponent] aorta create domain success. uri:http://10.42.0.101:2379
I0827 00:31:30.235677 1087922 aorta_component.cpp:447] [cosine_internal][AortaComponent] aorta domain created node: python3.10_S1 , domain_uri:http://10.42.0.101:2379
I0827 00:31:30.235687 1087922 aorta_component.cpp:126] [cosine_internal][AortaComponent] aorta component init success. node:python3.10_S1, uri:http://10.42.0.101:2379, locator_kind(1:shm,2:tcp,3:udp):2, locator_ip:10.42.0.101, locator_port:0, aorta_dispatcher_thread_num:1
I0827 00:31:30.235845 1087985 processor.cpp:40] [cosine_internal]processor_tid: 1087985
I0827 00:31:30.235962 1087990 executor_impl.cc:91] [aorta]aorta-dispatch0 start spinning
I0827 00:31:30.249683 1087989 centralized_discovery.cc:1110] [aorta]poll thread: revision:1778
I0827 00:31:30.249817 1087989 centralized_discovery.cc:1123] [aorta]inotify_fd_:15 inotify_watch_:1 inotify_watch_path:/home/agi/app/conf/aorta/function
I0827 00:31:30.251847 1087989 centralized_discovery.cc:615] [aorta]grant lease for node python3.10_S1 lease_id = 7587889064995181326
I0827 00:31:30.253260 1087989 watch_state.cc:54] [aorta]watch connect success.
I0827 00:31:30.254084 1087989 centralized_discovery.cc:1615] [aorta]recv watch response created.
I0827 00:31:30.302511 1087922 cosine_bus_manager.cpp:294] [cosine_internal][CosineBusManager] create publisher. topic name:/gdk/config_request , middleware:aorta
I0827 00:31:30.303257 1087922 tcp_publisher.cc:179] [aorta]topic /gdk/config_request, pub_queue_size_ 5, latch_queue_size_ 0
I0827 00:31:30.303463 1088009 tcp_socket_server.cc:200] [aorta]The ip info is0.0.0.0:39825
I0827 00:31:30.303578 1088009 shm_socket_server.cc:101] [aorta][/gdk/config_request] bind at pipe sock name d2379|python3.10|p1087922|n0|/gdk/config_request|p0
I0827 00:31:30.303669 1087922 node_impl.cc:198] [aorta]CreatePublisher, host:0.0.0.0, port:39825, sockname:d2379|python3.10|p1087922|n0|/gdk/config_request|p0, topic:/gdk/config_request, uid:a39ecc4e-2d3c-4ef7-ac24-4afb3cf3e4e2-4991715019463590898 topic_uid:-1
I0827 00:31:30.303704 1087922 aorta_component.cpp:394] [cosine_internal][AortaComponent] aorta node create publisher. node: python3.10_S1, topic:/gdk/config_request, type:genie_msgs.msg.pb.CommonRequest, qos:(history:1, depth:5, reliability:1, durability:2), uri:http://10.42.0.101:2379
I0827 00:31:30.303747 1087922 aorta_publisher.cpp:119] [cosine_internal][AortaPublisher] publisher initialize. topic:/gdk/config_request, uri:
I0827 00:31:30.303762 1087922 dylog_impl.cpp:293] [DYLOG] register dsd_name : dylog/python3.10/GDK
I0827 00:31:30.303774 1087989 centralized_discovery.cc:681] [aorta]publisher uid:a39ecc4e-2d3c-4ef7-ac24-4afb3cf3e4e2-4991715019463590898 topic:/gdk/config_request
I0827 00:31:30.303802 1087922 publisher.cpp:27] [GDK]create publisher: /gdk/config_request type: genie_msgs.msg.pb.CommonRequest qos: 1 1 5 2
I0827 00:31:30.303822 1087922 cosine_bus_manager.cpp:294] [cosine_internal][CosineBusManager] create publisher. topic name:/gdk/camera_conf_request , middleware:aorta
I0827 00:31:30.304229 1087922 tcp_publisher.cc:179] [aorta]topic /gdk/camera_conf_request, pub_queue_size_ 5, latch_queue_size_ 0
I0827 00:31:30.304466 1088009 tcp_socket_server.cc:200] [aorta]The ip info is0.0.0.0:43103
I0827 00:31:30.304543 1088009 shm_socket_server.cc:101] [aorta][/gdk/camera_conf_request] bind at pipe sock name d2379|python3.10|p1087922|n0|/gdk/camera_conf_request|p1
I0827 00:31:30.304615 1087922 node_impl.cc:198] [aorta]CreatePublisher, host:0.0.0.0, port:43103, sockname:d2379|python3.10|p1087922|n0|/gdk/camera_conf_request|p1, topic:/gdk/camera_conf_request, uid:37a8bddd-2da5-45e3-9863-e9fdc035d0c7-9117180461459404870 topic_uid:-1
I0827 00:31:30.304637 1087922 aorta_component.cpp:394] [cosine_internal][AortaComponent] aorta node create publisher. node: python3.10_S1, topic:/gdk/camera_conf_request, type:genie_msgs.msg.pb.CommonRequest, qos:(history:1, depth:5, reliability:1, durability:2), uri:http://10.42.0.101:2379
I0827 00:31:30.304672 1087922 aorta_publisher.cpp:119] [cosine_internal][AortaPublisher] publisher initialize. topic:/gdk/camera_conf_request, uri:
I0827 00:31:30.304679 1087922 publisher.cpp:27] [GDK]create publisher: /gdk/camera_conf_request type: genie_msgs.msg.pb.CommonRequest qos: 1 1 5 2
I0827 00:31:30.304698 1087922 cosine_bus_manager.cpp:400] [cosine_internal][CosineBusManager] create subscriber. topic name:/gdk/config_response , middleware:aorta , need async callback:0, frame_skip_rate:1
I0827 00:31:30.304708 1087922 aorta_component.cpp:174] [cosine_internal][AortaComponent] callback_name:/gdk/config_responsehttp://10.42.0.101:2379
I0827 00:31:30.304778 1087922 dynamic_object.cpp:521] [cosine_internal][DynamicObject] open  success.
I0827 00:31:30.304935 1087922 buffered_data_export.cpp:115] [cosine_internal]successfully create buffer [bus_buffer___gdk__config_response, type genie_msgs.msg.pb.CommonResponse, block num 5, valid_time 0, transfer_type 0, data_size 0, mem_type 0, lib_name , ext_data_size 0, is_protobuf 1, enable_event_sync_subscriber 0], buffer id = 1
I0827 00:31:30.304960 1087922 cosine_bus_message_buffer.cpp:45] [cosine_internal][CosineBusMessageBuffer] create buffer success. name:bus_buffer___gdk__config_response, type:genie_msgs.msg.pb.CommonResponse, size:5
I0827 00:31:30.305045 1087922 node_impl.cc:344] [aorta]CreateSubscriber topic:/gdk/config_response, uid:b7468dea-de37-4bd4-a7b7-1e720bb0a513-9533047780102618842 topic_uid:-1
I0827 00:31:30.305590 1087922 aorta_component.cpp:326] [cosine_internal][AortaComponent] aorta node create subscriber. node: python3.10_S1, topic:/gdk/config_response, type:genie_msgs.msg.pb.CommonResponse, qos:(history:1, depth:5, reliability:1, durability:2), uri:http://10.42.0.101:2379
I0827 00:31:30.305606 1087922 aorta_subscriber.hpp:96] [cosine_internal][AortaSubscriber] initial. topic:/gdk/config_response, uri:
I0827 00:31:30.305620 1087922 cosine_bus_manager.cpp:400] [cosine_internal][CosineBusManager] create subscriber. topic name:/gdk/camera_conf_response , middleware:aorta , need async callback:0, frame_skip_rate:1
I0827 00:31:30.305629 1087922 aorta_component.cpp:174] [cosine_internal][AortaComponent] callback_name:/gdk/camera_conf_responsehttp://10.42.0.101:2379
I0827 00:31:30.305671 1087922 buffered_data_export.cpp:115] [cosine_internal]successfully create buffer [bus_buffer___gdk__camera_conf_response, type genie_msgs.msg.pb.CommonResponse, block num 5, valid_time 0, transfer_type 0, data_size 0, mem_type 0, lib_name , ext_data_size 0, is_protobuf 1, enable_event_sync_subscriber 0], buffer id = 2
I0827 00:31:30.305686 1087922 cosine_bus_message_buffer.cpp:45] [cosine_internal][CosineBusMessageBuffer] create buffer success. name:bus_buffer___gdk__camera_conf_response, type:genie_msgs.msg.pb.CommonResponse, size:5
I0827 00:31:30.305766 1087922 node_impl.cc:344] [aorta]CreateSubscriber topic:/gdk/camera_conf_response, uid:46e35f62-6401-43e9-a255-8f39de52d2f4-3551884323222435368 topic_uid:-1
I0827 00:31:30.306473 1087989 centralized_discovery.cc:681] [aorta]publisher uid:37a8bddd-2da5-45e3-9863-e9fdc035d0c7-9117180461459404870 topic:/gdk/camera_conf_request
I0827 00:31:30.306751 1087922 aorta_component.cpp:326] [cosine_internal][AortaComponent] aorta node create subscriber. node: python3.10_S1, topic:/gdk/camera_conf_response, type:genie_msgs.msg.pb.CommonResponse, qos:(history:1, depth:5, reliability:1, durability:2), uri:http://10.42.0.101:2379
I0827 00:31:30.306767 1087922 aorta_subscriber.hpp:96] [cosine_internal][AortaSubscriber] initial. topic:/gdk/camera_conf_response, uri:
I0827 00:31:30.306854 1087922 cosine_bus_manager.cpp:400] [cosine_internal][CosineBusManager] create subscriber. topic name:/pnc/task_state , middleware:aorta , need async callback:0, frame_skip_rate:1
I0827 00:31:30.306865 1087922 aorta_component.cpp:174] [cosine_internal][AortaComponent] callback_name:/pnc/task_statehttp://10.42.0.101:2379
I0827 00:31:30.307423 1087922 buffered_data_export.cpp:115] [cosine_internal]successfully create buffer [bus_buffer___pnc__task_state, type pnc_msgs.TaskState, block num 5, valid_time 0, transfer_type 0, data_size 0, mem_type 0, lib_name , ext_data_size 0, is_protobuf 1, enable_event_sync_subscriber 0], buffer id = 3
I0827 00:31:30.307447 1087922 cosine_bus_message_buffer.cpp:45] [cosine_internal][CosineBusMessageBuffer] create buffer success. name:bus_buffer___pnc__task_state, type:pnc_msgs.TaskState, size:5
I0827 00:31:30.307556 1087922 node_impl.cc:344] [aorta]CreateSubscriber topic:/pnc/task_state, uid:d85b21fc-d121-4aa2-9f41-b62c37afa2b7-9096530589114119892 topic_uid:-1
I0827 00:31:30.307950 1087922 aorta_component.cpp:326] [cosine_internal][AortaComponent] aorta node create subscriber. node: python3.10_S1, topic:/pnc/task_state, type:pnc_msgs.TaskState, qos:(history:1, depth:5, reliability:1, durability:2), uri:http://10.42.0.101:2379
I0827 00:31:30.307960 1087922 aorta_subscriber.hpp:96] [cosine_internal][AortaSubscriber] initial. topic:/pnc/task_state, uri:
I0827 00:31:30.307987 1087922 cosine_bus_manager.cpp:400] [cosine_internal][CosineBusManager] create subscriber. topic name:/pnc/task_service/normal_navigation/response , middleware:aorta , need async callback:0, frame_skip_rate:1
I0827 00:31:30.307996 1087922 aorta_component.cpp:174] [cosine_internal][AortaComponent] callback_name:/pnc/task_service/normal_navigation/responsehttp://10.42.0.101:2379
I0827 00:31:30.308044 1087922 buffered_data_export.cpp:115] [cosine_internal]successfully create buffer [bus_buffer___pnc__task_service__normal_navigation__response, type pnc_msgs.NormalNavigationResponse, block num 5, valid_time 0, transfer_type 0, data_size 0, mem_type 0, lib_name , ext_data_size 0, is_protobuf 1, enable_event_sync_subscriber 0], buffer id = 4
I0827 00:31:30.308058 1087922 cosine_bus_message_buffer.cpp:45] [cosine_internal][CosineBusMessageBuffer] create buffer success. name:bus_buffer___pnc__task_service__normal_navigation__response, type:pnc_msgs.NormalNavigationResponse, size:5
I0827 00:31:30.308130 1087922 node_impl.cc:344] [aorta]CreateSubscriber topic:/pnc/task_service/normal_navigation/response, uid:c64967c1-5ae6-4247-9667-90993ad2676e-7227396448010854466 topic_uid:-1
I0827 00:31:30.308135 1087989 centralized_discovery.cc:733] [aorta]subscriber uid:b7468dea-de37-4bd4-a7b7-1e720bb0a513-9533047780102618842 topic:/gdk/config_response
I0827 00:31:30.308521 1087922 aorta_component.cpp:326] [cosine_internal][AortaComponent] aorta node create subscriber. node: python3.10_S1, topic:/pnc/task_service/normal_navigation/response, type:pnc_msgs.NormalNavigationResponse, qos:(history:1, depth:5, reliability:1, durability:2), uri:http://10.42.0.101:2379
I0827 00:31:30.308531 1087922 aorta_subscriber.hpp:96] [cosine_internal][AortaSubscriber] initial. topic:/pnc/task_service/normal_navigation/response, uri:
I0827 00:31:30.308545 1087922 cosine_bus_manager.cpp:400] [cosine_internal][CosineBusManager] create subscriber. topic name:/pnc/task_service/high_precision_navigation/response , middleware:aorta , need async callback:0, frame_skip_rate:1
I0827 00:31:30.308552 1087922 aorta_component.cpp:174] [cosine_internal][AortaComponent] callback_name:/pnc/task_service/high_precision_navigation/responsehttp://10.42.0.101:2379
I0827 00:31:30.308593 1087922 buffered_data_export.cpp:115] [cosine_internal]successfully create buffer [bus_buffer___pnc__task_service__high_precision_navigation__response, type pnc_msgs.HighPrecisionNavigationResponse, block num 5, valid_time 0, transfer_type 0, data_size 0, mem_type 0, lib_name , ext_data_size 0, is_protobuf 1, enable_event_sync_subscriber 0], buffer id = 5
I0827 00:31:30.308606 1087922 cosine_bus_message_buffer.cpp:45] [cosine_internal][CosineBusMessageBuffer] create buffer success. name:bus_buffer___pnc__task_service__high_precision_navigation__response, type:pnc_msgs.HighPrecisionNavigationResponse, size:5
I0827 00:31:30.309098 1087922 node_impl.cc:344] [aorta]CreateSubscriber topic:/pnc/task_service/high_precision_navigation/response, uid:97de551b-f1ad-4c1e-b4d5-66a61d97486b-4701876173029784314 topic_uid:-1
I0827 00:31:30.309535 1087922 aorta_component.cpp:326] [cosine_internal][AortaComponent] aorta node create subscriber. node: python3.10_S1, topic:/pnc/task_service/high_precision_navigation/response, type:pnc_msgs.HighPrecisionNavigationResponse, qos:(history:1, depth:5, reliability:1, durability:2), uri:http://10.42.0.101:2379
I0827 00:31:30.309546 1087922 aorta_subscriber.hpp:96] [cosine_internal][AortaSubscriber] initial. topic:/pnc/task_service/high_precision_navigation/response, uri:
I0827 00:31:30.309561 1087922 cosine_bus_manager.cpp:400] [cosine_internal][CosineBusManager] create subscriber. topic name:/pnc/task_service/relative_move/response , middleware:aorta , need async callback:0, frame_skip_rate:1
I0827 00:31:30.309571 1087922 aorta_component.cpp:174] [cosine_internal][AortaComponent] callback_name:/pnc/task_service/relative_move/responsehttp://10.42.0.101:2379
I0827 00:31:30.309620 1087922 buffered_data_export.cpp:115] [cosine_internal]successfully create buffer [bus_buffer___pnc__task_service__relative_move__response, type pnc_msgs.RelativeMoveResponse, block num 5, valid_time 0, transfer_type 0, data_size 0, mem_type 0, lib_name , ext_data_size 0, is_protobuf 1, enable_event_sync_subscriber 0], buffer id = 6
I0827 00:31:30.309633 1087922 cosine_bus_message_buffer.cpp:45] [cosine_internal][CosineBusMessageBuffer] create buffer success. name:bus_buffer___pnc__task_service__relative_move__response, type:pnc_msgs.RelativeMoveResponse, size:5
I0827 00:31:30.309711 1087922 node_impl.cc:344] [aorta]CreateSubscriber topic:/pnc/task_service/relative_move/response, uid:d39093b1-1e48-48d1-b009-4ebebb511fa5-4077207897147431090 topic_uid:-1
I0827 00:31:30.309765 1088010 shm_subscriber.cc:120] [aorta]subscriber connect to publisher success, topic /gdk/config_response, local d2379|python3.10|p1087922|n0|s0|c0, peer d2379|gdk_service|p9011|n0|/gdk/config_response|p0
I0827 00:31:30.309845 1087989 centralized_discovery.cc:733] [aorta]subscriber uid:46e35f62-6401-43e9-a255-8f39de52d2f4-3551884323222435368 topic:/gdk/camera_conf_response
I0827 00:31:30.310096 1087922 aorta_component.cpp:326] [cosine_internal][AortaComponent] aorta node create subscriber. node: python3.10_S1, topic:/pnc/task_service/relative_move/response, type:pnc_msgs.RelativeMoveResponse, qos:(history:1, depth:5, reliability:1, durability:2), uri:http://10.42.0.101:2379
I0827 00:31:30.310106 1087922 aorta_subscriber.hpp:96] [cosine_internal][AortaSubscriber] initial. topic:/pnc/task_service/relative_move/response, uri:
I0827 00:31:30.310123 1087922 cosine_bus_manager.cpp:400] [cosine_internal][CosineBusManager] create subscriber. topic name:/pnc/task_service/task_cancel/response , middleware:aorta , need async callback:0, frame_skip_rate:1
I0827 00:31:30.310130 1087922 aorta_component.cpp:174] [cosine_internal][AortaComponent] callback_name:/pnc/task_service/task_cancel/responsehttp://10.42.0.101:2379
I0827 00:31:30.310163 1087922 buffered_data_export.cpp:115] [cosine_internal]successfully create buffer [bus_buffer___pnc__task_service__task_cancel__response, type pnc_msgs.TaskCancelResponse, block num 5, valid_time 0, transfer_type 0, data_size 0, mem_type 0, lib_name , ext_data_size 0, is_protobuf 1, enable_event_sync_subscriber 0], buffer id = 7
I0827 00:31:30.310173 1087922 cosine_bus_message_buffer.cpp:45] [cosine_internal][CosineBusMessageBuffer] create buffer success. name:bus_buffer___pnc__task_service__task_cancel__response, type:pnc_msgs.TaskCancelResponse, size:5
I0827 00:31:30.310237 1087922 node_impl.cc:344] [aorta]CreateSubscriber topic:/pnc/task_service/task_cancel/response, uid:53ba33e2-5e51-458b-bb0a-dd3a16b55c14-3654631836754090917 topic_uid:-1
I0827 00:31:30.310621 1087922 aorta_component.cpp:326] [cosine_internal][AortaComponent] aorta node create subscriber. node: python3.10_S1, topic:/pnc/task_service/task_cancel/response, type:pnc_msgs.TaskCancelResponse, qos:(history:1, depth:5, reliability:1, durability:2), uri:http://10.42.0.101:2379
I0827 00:31:30.310631 1087922 aorta_subscriber.hpp:96] [cosine_internal][AortaSubscriber] initial. topic:/pnc/task_service/task_cancel/response, uri:
I0827 00:31:30.310642 1087922 cosine_bus_manager.cpp:400] [cosine_internal][CosineBusManager] create subscriber. topic name:/pnc/task_service/task_pause/response , middleware:aorta , need async callback:0, frame_skip_rate:1
I0827 00:31:30.310667 1087922 aorta_component.cpp:174] [cosine_internal][AortaComponent] callback_name:/pnc/task_service/task_pause/responsehttp://10.42.0.101:2379
I0827 00:31:30.310700 1087922 buffered_data_export.cpp:115] [cosine_internal]successfully create buffer [bus_buffer___pnc__task_service__task_pause__response, type pnc_msgs.TaskPauseResponse, block num 5, valid_time 0, transfer_type 0, data_size 0, mem_type 0, lib_name , ext_data_size 0, is_protobuf 1, enable_event_sync_subscriber 0], buffer id = 8
I0827 00:31:30.310712 1087922 cosine_bus_message_buffer.cpp:45] [cosine_internal][CosineBusMessageBuffer] create buffer success. name:bus_buffer___pnc__task_service__task_pause__response, type:pnc_msgs.TaskPauseResponse, size:5
I0827 00:31:30.310732 1088010 shm_subscriber.cc:120] [aorta]subscriber connect to publisher success, topic /gdk/camera_conf_response, local d2379|python3.10|p1087922|n0|s1|c0, peer d2379|gdk_service|p9011|n0|/gdk/camera_conf_response|p1
I0827 00:31:30.310782 1087922 node_impl.cc:344] [aorta]CreateSubscriber topic:/pnc/task_service/task_pause/response, uid:0ae6d0f2-654a-47f7-b293-db2490aa69b5-4995236092065324733 topic_uid:-1
I0827 00:31:30.310784 1087989 centralized_discovery.cc:733] [aorta]subscriber uid:d85b21fc-d121-4aa2-9f41-b62c37afa2b7-9096530589114119892 topic:/pnc/task_state
I0827 00:31:30.311169 1087922 aorta_component.cpp:326] [cosine_internal][AortaComponent] aorta node create subscriber. node: python3.10_S1, topic:/pnc/task_service/task_pause/response, type:pnc_msgs.TaskPauseResponse, qos:(history:1, depth:5, reliability:1, durability:2), uri:http://10.42.0.101:2379
I0827 00:31:30.311179 1087922 aorta_subscriber.hpp:96] [cosine_internal][AortaSubscriber] initial. topic:/pnc/task_service/task_pause/response, uri:
I0827 00:31:30.311196 1087922 cosine_bus_manager.cpp:400] [cosine_internal][CosineBusManager] create subscriber. topic name:/pnc/task_service/task_resume/response , middleware:aorta , need async callback:0, frame_skip_rate:1
I0827 00:31:30.311204 1087922 aorta_component.cpp:174] [cosine_internal][AortaComponent] callback_name:/pnc/task_service/task_resume/responsehttp://10.42.0.101:2379
I0827 00:31:30.311237 1087922 buffered_data_export.cpp:115] [cosine_internal]successfully create buffer [bus_buffer___pnc__task_service__task_resume__response, type pnc_msgs.TaskResumeResponse, block num 5, valid_time 0, transfer_type 0, data_size 0, mem_type 0, lib_name , ext_data_size 0, is_protobuf 1, enable_event_sync_subscriber 0], buffer id = 9
I0827 00:31:30.311249 1087922 cosine_bus_message_buffer.cpp:45] [cosine_internal][CosineBusMessageBuffer] create buffer success. name:bus_buffer___pnc__task_service__task_resume__response, type:pnc_msgs.TaskResumeResponse, size:5
I0827 00:31:30.311321 1087922 node_impl.cc:344] [aorta]CreateSubscriber topic:/pnc/task_service/task_resume/response, uid:12407ae3-7b89-483f-aba2-d3cc2d3dd5c3-16859347558940246081 topic_uid:-1
I0827 00:31:30.311704 1087922 aorta_component.cpp:326] [cosine_internal][AortaComponent] aorta node create subscriber. node: python3.10_S1, topic:/pnc/task_service/task_resume/response, type:pnc_msgs.TaskResumeResponse, qos:(history:1, depth:5, reliability:1, durability:2), uri:http://10.42.0.101:2379
I0827 00:31:30.311713 1087922 aorta_subscriber.hpp:96] [cosine_internal][AortaSubscriber] initial. topic:/pnc/task_service/task_resume/response, uri:
I0827 00:31:30.311728 1087922 cosine_bus_manager.cpp:400] [cosine_internal][CosineBusManager] create subscriber. topic name:/pnc/task_service/remote_control/response , middleware:aorta , need async callback:0, frame_skip_rate:1
I0827 00:31:30.311734 1087922 aorta_component.cpp:174] [cosine_internal][AortaComponent] callback_name:/pnc/task_service/remote_control/responsehttp://10.42.0.101:2379
I0827 00:31:30.311764 1087922 buffered_data_export.cpp:115] [cosine_internal]successfully create buffer [bus_buffer___pnc__task_service__remote_control__response, type pnc_msgs.RemoteControlResponse, block num 5, valid_time 0, transfer_type 0, data_size 0, mem_type 0, lib_name , ext_data_size 0, is_protobuf 1, enable_event_sync_subscriber 0], buffer id = 10
I0827 00:31:30.311775 1087922 cosine_bus_message_buffer.cpp:45] [cosine_internal][CosineBusMessageBuffer] create buffer success. name:bus_buffer___pnc__task_service__remote_control__response, type:pnc_msgs.RemoteControlResponse, size:5
I0827 00:31:30.311841 1087922 node_impl.cc:344] [aorta]CreateSubscriber topic:/pnc/task_service/remote_control/response, uid:380da09a-7073-4d11-9aa0-cce33e733872-11583863028842959166 topic_uid:-1
I0827 00:31:30.311868 1088010 shm_subscriber.cc:120] [aorta]subscriber connect to publisher success, topic /pnc/task_state, local d2379|python3.10|p1087922|n0|s2|c0, peer d2379|quark_navigation|p329956|n0|/pnc/task_state|p24
I0827 00:31:30.311932 1087989 centralized_discovery.cc:733] [aorta]subscriber uid:c64967c1-5ae6-4247-9667-90993ad2676e-7227396448010854466 topic:/pnc/task_service/normal_navigation/response
I0827 00:31:30.312239 1087922 aorta_component.cpp:326] [cosine_internal][AortaComponent] aorta node create subscriber. node: python3.10_S1, topic:/pnc/task_service/remote_control/response, type:pnc_msgs.RemoteControlResponse, qos:(history:1, depth:5, reliability:1, durability:2), uri:http://10.42.0.101:2379
I0827 00:31:30.312249 1087922 aorta_subscriber.hpp:96] [cosine_internal][AortaSubscriber] initial. topic:/pnc/task_service/remote_control/response, uri:
I0827 00:31:30.312268 1087922 cosine_bus_manager.cpp:294] [cosine_internal][CosineBusManager] create publisher. topic name:/pnc/task_service/normal_navigation/request , middleware:aorta
I0827 00:31:30.312676 1087922 tcp_publisher.cc:179] [aorta]topic /pnc/task_service/normal_navigation/request, pub_queue_size_ 5, latch_queue_size_ 0
I0827 00:31:30.312918 1088009 tcp_socket_server.cc:200] [aorta]The ip info is0.0.0.0:44621
I0827 00:31:30.313007 1088009 shm_socket_server.cc:101] [aorta][/pnc/task_service/normal_navigation/request] bind at pipe sock name d2379|python3.10|p1087922|n0|..task_service/normal_navigation/request|p2
I0827 00:31:30.313072 1087922 node_impl.cc:198] [aorta]CreatePublisher, host:0.0.0.0, port:44621, sockname:d2379|python3.10|p1087922|n0|..task_service/normal_navigation/request|p2, topic:/pnc/task_service/normal_navigation/request, uid:69e16662-fa5b-4250-b5d9-dd536ae0dd05-11863888217293896894 topic_uid:-1
I0827 00:31:30.313086 1088010 shm_subscriber.cc:120] [aorta]subscriber connect to publisher success, topic /pnc/task_service/normal_navigation/response, local d2379|python3.10|p1087922|n0|s3|c0, peer d2379|quark_navigation|p329956|n0|..ask_service/normal_navigation/response|p11
I0827 00:31:30.313094 1087922 aorta_component.cpp:394] [cosine_internal][AortaComponent] aorta node create publisher. node: python3.10_S1, topic:/pnc/task_service/normal_navigation/request, type:pnc_msgs.NormalNavigationRequest, qos:(history:1, depth:5, reliability:1, durability:2), uri:http://10.42.0.101:2379
I0827 00:31:30.313129 1087922 aorta_publisher.cpp:119] [cosine_internal][AortaPublisher] publisher initialize. topic:/pnc/task_service/normal_navigation/request, uri:
I0827 00:31:30.313138 1087922 publisher.cpp:27] [GDK]create publisher: /pnc/task_service/normal_navigation/request type: pnc_msgs.NormalNavigationRequest qos: 1 1 5 2
I0827 00:31:30.313154 1087989 centralized_discovery.cc:733] [aorta]subscriber uid:97de551b-f1ad-4c1e-b4d5-66a61d97486b-4701876173029784314 topic:/pnc/task_service/high_precision_navigation/response
I0827 00:31:30.313160 1087922 cosine_bus_manager.cpp:294] [cosine_internal][CosineBusManager] create publisher. topic name:/pnc/task_service/high_precision_navigation/request , middleware:aorta
I0827 00:31:30.313602 1087922 tcp_publisher.cc:179] [aorta]topic /pnc/task_service/high_precision_navigation/request, pub_queue_size_ 5, latch_queue_size_ 0
I0827 00:31:30.313678 1088009 tcp_socket_server.cc:200] [aorta]The ip info is0.0.0.0:43715
I0827 00:31:30.313743 1088009 shm_socket_server.cc:101] [aorta][/pnc/task_service/high_precision_navigation/request] bind at pipe sock name d2379|python3.10|p1087922|n0|..vice/high_precision_navigation/request|p3
I0827 00:31:30.313794 1087922 node_impl.cc:198] [aorta]CreatePublisher, host:0.0.0.0, port:43715, sockname:d2379|python3.10|p1087922|n0|..vice/high_precision_navigation/request|p3, topic:/pnc/task_service/high_precision_navigation/request, uid:34070a6b-f5be-4930-8c7d-c69cd0dff81b-13581583299462652003 topic_uid:-1
I0827 00:31:30.313812 1087922 aorta_component.cpp:394] [cosine_internal][AortaComponent] aorta node create publisher. node: python3.10_S1, topic:/pnc/task_service/high_precision_navigation/request, type:pnc_msgs.HighPrecisionNavigationRequest, qos:(history:1, depth:5, reliability:1, durability:2), uri:http://10.42.0.101:2379
I0827 00:31:30.313840 1087922 aorta_publisher.cpp:119] [cosine_internal][AortaPublisher] publisher initialize. topic:/pnc/task_service/high_precision_navigation/request, uri:
I0827 00:31:30.313846 1087922 publisher.cpp:27] [GDK]create publisher: /pnc/task_service/high_precision_navigation/request type: pnc_msgs.HighPrecisionNavigationRequest qos: 1 1 5 2
I0827 00:31:30.313860 1087922 cosine_bus_manager.cpp:294] [cosine_internal][CosineBusManager] create publisher. topic name:/pnc/task_service/relative_move/request , middleware:aorta
I0827 00:31:30.313992 1088010 shm_subscriber.cc:120] [aorta]subscriber connect to publisher success, topic /pnc/task_service/high_precision_navigation/response, local d2379|python3.10|p1087922|n0|s4|c0, peer d2379|quark_navigation|p329956|n0|..ice/high_precision_navigation/response|p12
I0827 00:31:30.314043 1087989 centralized_discovery.cc:733] [aorta]subscriber uid:d39093b1-1e48-48d1-b009-4ebebb511fa5-4077207897147431090 topic:/pnc/task_service/relative_move/response
I0827 00:31:30.314284 1087922 tcp_publisher.cc:179] [aorta]topic /pnc/task_service/relative_move/request, pub_queue_size_ 5, latch_queue_size_ 0
I0827 00:31:30.314333 1088009 tcp_socket_server.cc:200] [aorta]The ip info is0.0.0.0:42417
I0827 00:31:30.314397 1088009 shm_socket_server.cc:101] [aorta][/pnc/task_service/relative_move/request] bind at pipe sock name d2379|python3.10|p1087922|n0|/pnc/task_service/relative_move/request|p4
I0827 00:31:30.314518 1087922 node_impl.cc:198] [aorta]CreatePublisher, host:0.0.0.0, port:42417, sockname:d2379|python3.10|p1087922|n0|/pnc/task_service/relative_move/request|p4, topic:/pnc/task_service/relative_move/request, uid:23303062-8865-498c-b938-f74c358862ff-1499998713038698463 topic_uid:-1
I0827 00:31:30.314543 1087922 aorta_component.cpp:394] [cosine_internal][AortaComponent] aorta node create publisher. node: python3.10_S1, topic:/pnc/task_service/relative_move/request, type:pnc_msgs.RelativeMoveRequest, qos:(history:1, depth:5, reliability:1, durability:2), uri:http://10.42.0.101:2379
I0827 00:31:30.314576 1087922 aorta_publisher.cpp:119] [cosine_internal][AortaPublisher] publisher initialize. topic:/pnc/task_service/relative_move/request, uri:
I0827 00:31:30.314585 1087922 publisher.cpp:27] [GDK]create publisher: /pnc/task_service/relative_move/request type: pnc_msgs.RelativeMoveRequest qos: 1 1 5 2
I0827 00:31:30.314603 1087922 cosine_bus_manager.cpp:294] [cosine_internal][CosineBusManager] create publisher. topic name:/pnc/task_service/task_cancel/request , middleware:aorta
I0827 00:31:30.314927 1088010 shm_subscriber.cc:120] [aorta]subscriber connect to publisher success, topic /pnc/task_service/relative_move/response, local d2379|python3.10|p1087922|n0|s5|c0, peer d2379|quark_navigation|p329956|n0|/pnc/task_service/relative_move/response|p15
I0827 00:31:30.314981 1087989 centralized_discovery.cc:733] [aorta]subscriber uid:53ba33e2-5e51-458b-bb0a-dd3a16b55c14-3654631836754090917 topic:/pnc/task_service/task_cancel/response
I0827 00:31:30.315078 1087922 tcp_publisher.cc:179] [aorta]topic /pnc/task_service/task_cancel/request, pub_queue_size_ 5, latch_queue_size_ 0
I0827 00:31:30.315152 1088009 tcp_socket_server.cc:200] [aorta]The ip info is0.0.0.0:32833
I0827 00:31:30.315227 1088009 shm_socket_server.cc:101] [aorta][/pnc/task_service/task_cancel/request] bind at pipe sock name d2379|python3.10|p1087922|n0|/pnc/task_service/task_cancel/request|p5
I0827 00:31:30.315289 1087922 node_impl.cc:198] [aorta]CreatePublisher, host:0.0.0.0, port:32833, sockname:d2379|python3.10|p1087922|n0|/pnc/task_service/task_cancel/request|p5, topic:/pnc/task_service/task_cancel/request, uid:37056552-d383-435b-a94e-b46dfdff45d7-10250913672907467700 topic_uid:-1
I0827 00:31:30.315310 1087922 aorta_component.cpp:394] [cosine_internal][AortaComponent] aorta node create publisher. node: python3.10_S1, topic:/pnc/task_service/task_cancel/request, type:pnc_msgs.TaskCancelRequest, qos:(history:1, depth:5, reliability:1, durability:2), uri:http://10.42.0.101:2379
I0827 00:31:30.315342 1087922 aorta_publisher.cpp:119] [cosine_internal][AortaPublisher] publisher initialize. topic:/pnc/task_service/task_cancel/request, uri:
I0827 00:31:30.315351 1087922 publisher.cpp:27] [GDK]create publisher: /pnc/task_service/task_cancel/request type: pnc_msgs.TaskCancelRequest qos: 1 1 5 2
I0827 00:31:30.315372 1087922 cosine_bus_manager.cpp:294] [cosine_internal][CosineBusManager] create publisher. topic name:/pnc/task_service/task_pause/request , middleware:aorta
I0827 00:31:30.315786 1087922 tcp_publisher.cc:179] [aorta]topic /pnc/task_service/task_pause/request, pub_queue_size_ 5, latch_queue_size_ 0
I0827 00:31:30.315864 1088009 tcp_socket_server.cc:200] [aorta]The ip info is0.0.0.0:34853
I0827 00:31:30.315922 1088009 shm_socket_server.cc:101] [aorta][/pnc/task_service/task_pause/request] bind at pipe sock name d2379|python3.10|p1087922|n0|/pnc/task_service/task_pause/request|p6
I0827 00:31:30.315977 1088010 shm_subscriber.cc:120] [aorta]subscriber connect to publisher success, topic /pnc/task_service/task_cancel/response, local d2379|python3.10|p1087922|n0|s6|c0, peer d2379|quark_navigation|p329956|n0|/pnc/task_service/task_cancel/response|p17
I0827 00:31:30.315987 1087922 node_impl.cc:198] [aorta]CreatePublisher, host:0.0.0.0, port:34853, sockname:d2379|python3.10|p1087922|n0|/pnc/task_service/task_pause/request|p6, topic:/pnc/task_service/task_pause/request, uid:d9956c2b-1d5d-4663-bdd0-c83e8e27e32f-2366368184012060648 topic_uid:-1
I0827 00:31:30.316010 1087922 aorta_component.cpp:394] [cosine_internal][AortaComponent] aorta node create publisher. node: python3.10_S1, topic:/pnc/task_service/task_pause/request, type:pnc_msgs.TaskPauseRequest, qos:(history:1, depth:5, reliability:1, durability:2), uri:http://10.42.0.101:2379
I0827 00:31:30.316030 1087989 centralized_discovery.cc:733] [aorta]subscriber uid:0ae6d0f2-654a-47f7-b293-db2490aa69b5-4995236092065324733 topic:/pnc/task_service/task_pause/response
I0827 00:31:30.316042 1087922 aorta_publisher.cpp:119] [cosine_internal][AortaPublisher] publisher initialize. topic:/pnc/task_service/task_pause/request, uri:
I0827 00:31:30.316051 1087922 publisher.cpp:27] [GDK]create publisher: /pnc/task_service/task_pause/request type: pnc_msgs.TaskPauseRequest qos: 1 1 5 2
I0827 00:31:30.316066 1087922 cosine_bus_manager.cpp:294] [cosine_internal][CosineBusManager] create publisher. topic name:/pnc/task_service/task_resume/request , middleware:aorta
I0827 00:31:30.316517 1087922 tcp_publisher.cc:179] [aorta]topic /pnc/task_service/task_resume/request, pub_queue_size_ 5, latch_queue_size_ 0
I0827 00:31:30.316596 1088009 tcp_socket_server.cc:200] [aorta]The ip info is0.0.0.0:43645
I0827 00:31:30.316660 1088009 shm_socket_server.cc:101] [aorta][/pnc/task_service/task_resume/request] bind at pipe sock name d2379|python3.10|p1087922|n0|/pnc/task_service/task_resume/request|p7
I0827 00:31:30.316712 1087922 node_impl.cc:198] [aorta]CreatePublisher, host:0.0.0.0, port:43645, sockname:d2379|python3.10|p1087922|n0|/pnc/task_service/task_resume/request|p7, topic:/pnc/task_service/task_resume/request, uid:303dcda2-924c-49dd-ad0a-10b7972ef7b6-18204958959141007063 topic_uid:-1
I0827 00:31:30.316730 1087922 aorta_component.cpp:394] [cosine_internal][AortaComponent] aorta node create publisher. node: python3.10_S1, topic:/pnc/task_service/task_resume/request, type:pnc_msgs.TaskResumeRequest, qos:(history:1, depth:5, reliability:1, durability:2), uri:http://10.42.0.101:2379
I0827 00:31:30.316761 1087922 aorta_publisher.cpp:119] [cosine_internal][AortaPublisher] publisher initialize. topic:/pnc/task_service/task_resume/request, uri:
I0827 00:31:30.316773 1087922 publisher.cpp:27] [GDK]create publisher: /pnc/task_service/task_resume/request type: pnc_msgs.TaskResumeRequest qos: 1 1 5 2
I0827 00:31:30.316880 1088010 shm_subscriber.cc:120] [aorta]subscriber connect to publisher success, topic /pnc/task_service/task_pause/response, local d2379|python3.10|p1087922|n0|s7|c0, peer d2379|quark_navigation|p329956|n0|/pnc/task_service/task_pause/response|p18
I0827 00:31:30.316912 1087922 cosine_bus_manager.cpp:294] [cosine_internal][CosineBusManager] create publisher. topic name:/pnc/remote_control_cmd , middleware:aorta
I0827 00:31:30.316952 1087989 centralized_discovery.cc:733] [aorta]subscriber uid:12407ae3-7b89-483f-aba2-d3cc2d3dd5c3-16859347558940246081 topic:/pnc/task_service/task_resume/response
I0827 00:31:30.317411 1087922 tcp_publisher.cc:179] [aorta]topic /pnc/remote_control_cmd, pub_queue_size_ 5, latch_queue_size_ 0
I0827 00:31:30.317502 1088009 tcp_socket_server.cc:200] [aorta]The ip info is0.0.0.0:45219
I0827 00:31:30.317767 1088009 shm_socket_server.cc:101] [aorta][/pnc/remote_control_cmd] bind at pipe sock name d2379|python3.10|p1087922|n0|/pnc/remote_control_cmd|p8
I0827 00:31:30.317870 1087922 node_impl.cc:198] [aorta]CreatePublisher, host:0.0.0.0, port:45219, sockname:d2379|python3.10|p1087922|n0|/pnc/remote_control_cmd|p8, topic:/pnc/remote_control_cmd, uid:720bdd41-9055-4c15-bf7b-48f3ce4e6e2e-2921114360754287628 topic_uid:-1
I0827 00:31:30.317898 1087922 aorta_component.cpp:394] [cosine_internal][AortaComponent] aorta node create publisher. node: python3.10_S1, topic:/pnc/remote_control_cmd, type:geometry_msgs.msg.pb.TwistStamped, qos:(history:1, depth:5, reliability:1, durability:2), uri:http://10.42.0.101:2379
I0827 00:31:30.317934 1087922 aorta_publisher.cpp:119] [cosine_internal][AortaPublisher] publisher initialize. topic:/pnc/remote_control_cmd, uri:
I0827 00:31:30.317943 1087922 publisher.cpp:27] [GDK]create publisher: /pnc/remote_control_cmd type: geometry_msgs.msg.pb.TwistStamped qos: 1 1 5 2
I0827 00:31:30.317966 1087922 cosine_bus_manager.cpp:294] [cosine_internal][CosineBusManager] create publisher. topic name:/pnc/task_service/remote_control/request , middleware:aorta
I0827 00:31:30.318120 1088010 shm_subscriber.cc:120] [aorta]subscriber connect to publisher success, topic /pnc/task_service/task_resume/response, local d2379|python3.10|p1087922|n0|s8|c0, peer d2379|quark_navigation|p329956|n0|/pnc/task_service/task_resume/response|p19
I0827 00:31:30.318395 1087989 centralized_discovery.cc:733] [aorta]subscriber uid:380da09a-7073-4d11-9aa0-cce33e733872-11583863028842959166 topic:/pnc/task_service/remote_control/response
I0827 00:31:30.318452 1087922 tcp_publisher.cc:179] [aorta]topic /pnc/task_service/remote_control/request, pub_queue_size_ 5, latch_queue_size_ 0
I0827 00:31:30.318535 1088009 tcp_socket_server.cc:200] [aorta]The ip info is0.0.0.0:46113
I0827 00:31:30.318609 1088009 shm_socket_server.cc:101] [aorta][/pnc/task_service/remote_control/request] bind at pipe sock name d2379|python3.10|p1087922|n0|/pnc/task_service/remote_control/request|p9
I0827 00:31:30.318707 1087922 node_impl.cc:198] [aorta]CreatePublisher, host:0.0.0.0, port:46113, sockname:d2379|python3.10|p1087922|n0|/pnc/task_service/remote_control/request|p9, topic:/pnc/task_service/remote_control/request, uid:8e417298-a3e4-4497-8f27-99c742e01ae5-10398465225129759782 topic_uid:-1
I0827 00:31:30.318730 1087922 aorta_component.cpp:394] [cosine_internal][AortaComponent] aorta node create publisher. node: python3.10_S1, topic:/pnc/task_service/remote_control/request, type:pnc_msgs.RemoteControlRequest, qos:(history:1, depth:5, reliability:1, durability:2), uri:http://10.42.0.101:2379
I0827 00:31:30.318763 1087922 aorta_publisher.cpp:119] [cosine_internal][AortaPublisher] publisher initialize. topic:/pnc/task_service/remote_control/request, uri:
I0827 00:31:30.318770 1087922 publisher.cpp:27] [GDK]create publisher: /pnc/task_service/remote_control/request type: pnc_msgs.RemoteControlRequest qos: 1 1 5 2
I0827 00:31:30.318885 1087922 cosine_bus_manager.cpp:400] [cosine_internal][CosineBusManager] create subscriber. topic name:/slam/odom , middleware:aorta , need async callback:0, frame_skip_rate:1
I0827 00:31:30.318898 1087922 aorta_component.cpp:174] [cosine_internal][AortaComponent] callback_name:/slam/odomhttp://10.42.0.101:2379
I0827 00:31:30.319130 1087922 buffered_data_export.cpp:115] [cosine_internal]successfully create buffer [bus_buffer___slam__odom, type genie_msgs.msg.pb.OdomInfo, block num 5, valid_time 0, transfer_type 0, data_size 0, mem_type 0, lib_name , ext_data_size 0, is_protobuf 1, enable_event_sync_subscriber 0], buffer id = 11
I0827 00:31:30.319156 1087922 cosine_bus_message_buffer.cpp:45] [cosine_internal][CosineBusMessageBuffer] create buffer success. name:bus_buffer___slam__odom, type:genie_msgs.msg.pb.OdomInfo, size:5
I0827 00:31:30.319242 1087922 node_impl.cc:344] [aorta]CreateSubscriber topic:/slam/odom, uid:79a7e419-f81c-4023-8e10-9adf8825d7b9-8164318257426434522 topic_uid:-1
I0827 00:31:30.319666 1087922 aorta_component.cpp:326] [cosine_internal][AortaComponent] aorta node create subscriber. node: python3.10_S1, topic:/slam/odom, type:genie_msgs.msg.pb.OdomInfo, qos:(history:1, depth:5, reliability:1, durability:2), uri:http://10.42.0.101:2379
I0827 00:31:30.319679 1087922 aorta_subscriber.hpp:96] [cosine_internal][AortaSubscriber] initial. topic:/slam/odom, uri:
I0827 00:31:30.319695 1087922 cosine_bus_manager.cpp:400] [cosine_internal][CosineBusManager] create subscriber. topic name:/slam/state , middleware:aorta , need async callback:0, frame_skip_rate:1
I0827 00:31:30.319701 1087922 aorta_component.cpp:174] [cosine_internal][AortaComponent] callback_name:/slam/statehttp://10.42.0.101:2379
I0827 00:31:30.319746 1087922 buffered_data_export.cpp:115] [cosine_internal]successfully create buffer [bus_buffer___slam__state, type genie_msgs.msg.pb.CommonResponse, block num 5, valid_time 0, transfer_type 0, data_size 0, mem_type 0, lib_name , ext_data_size 0, is_protobuf 1, enable_event_sync_subscriber 0], buffer id = 12
I0827 00:31:30.319759 1088010 shm_subscriber.cc:120] [aorta]subscriber connect to publisher success, topic /pnc/task_service/remote_control/response, local d2379|python3.10|p1087922|n0|s9|c0, peer d2379|quark_navigation|p329956|n0|..c/task_service/remote_control/response|p16
I0827 00:31:30.319761 1087922 cosine_bus_message_buffer.cpp:45] [cosine_internal][CosineBusMessageBuffer] create buffer success. name:bus_buffer___slam__state, type:genie_msgs.msg.pb.CommonResponse, size:5
I0827 00:31:30.319825 1087989 centralized_discovery.cc:681] [aorta]publisher uid:69e16662-fa5b-4250-b5d9-dd536ae0dd05-11863888217293896894 topic:/pnc/task_service/normal_navigation/request
I0827 00:31:30.319851 1087922 node_impl.cc:344] [aorta]CreateSubscriber topic:/slam/state, uid:0eee1a8f-ca29-4b05-982c-aa40bdbdf674-7791362299214773660 topic_uid:-1
I0827 00:31:30.320243 1087922 aorta_component.cpp:326] [cosine_internal][AortaComponent] aorta node create subscriber. node: python3.10_S1, topic:/slam/state, type:genie_msgs.msg.pb.CommonResponse, qos:(history:1, depth:5, reliability:1, durability:2), uri:http://10.42.0.101:2379
I0827 00:31:30.320253 1087922 aorta_subscriber.hpp:96] [cosine_internal][AortaSubscriber] initial. topic:/slam/state, uri:
I0827 00:31:30.320266 1087922 cosine_bus_manager.cpp:400] [cosine_internal][CosineBusManager] create subscriber. topic name:/slam/mapping_response , middleware:aorta , need async callback:0, frame_skip_rate:1
I0827 00:31:30.320272 1087922 aorta_component.cpp:174] [cosine_internal][AortaComponent] callback_name:/slam/mapping_responsehttp://10.42.0.101:2379
I0827 00:31:30.320308 1087922 buffered_data_export.cpp:115] [cosine_internal]successfully create buffer [bus_buffer___slam__mapping_response, type genie_msgs.msg.pb.CommonResponse, block num 5, valid_time 0, transfer_type 0, data_size 0, mem_type 0, lib_name , ext_data_size 0, is_protobuf 1, enable_event_sync_subscriber 0], buffer id = 13
I0827 00:31:30.320324 1087922 cosine_bus_message_buffer.cpp:45] [cosine_internal][CosineBusMessageBuffer] create buffer success. name:bus_buffer___slam__mapping_response, type:genie_msgs.msg.pb.CommonResponse, size:5
I0827 00:31:30.320415 1087922 node_impl.cc:344] [aorta]CreateSubscriber topic:/slam/mapping_response, uid:b90d652b-06ad-466e-b113-449de1e41c6d-3136143855590244141 topic_uid:-1
I0827 00:31:30.320842 1087922 aorta_component.cpp:326] [cosine_internal][AortaComponent] aorta node create subscriber. node: python3.10_S1, topic:/slam/mapping_response, type:genie_msgs.msg.pb.CommonResponse, qos:(history:1, depth:5, reliability:1, durability:2), uri:http://10.42.0.101:2379
I0827 00:31:30.320861 1087922 aorta_subscriber.hpp:96] [cosine_internal][AortaSubscriber] initial. topic:/slam/mapping_response, uri:
I0827 00:31:30.320880 1087922 cosine_bus_manager.cpp:400] [cosine_internal][CosineBusManager] create subscriber. topic name:/slam/record_spec_loc_rsp , middleware:aorta , need async callback:0, frame_skip_rate:1
I0827 00:31:30.320892 1087922 aorta_component.cpp:174] [cosine_internal][AortaComponent] callback_name:/slam/record_spec_loc_rsphttp://10.42.0.101:2379
I0827 00:31:30.320955 1087922 buffered_data_export.cpp:115] [cosine_internal]successfully create buffer [bus_buffer___slam__record_spec_loc_rsp, type genie_msgs.msg.pb.CommonResponse, block num 5, valid_time 0, transfer_type 0, data_size 0, mem_type 0, lib_name , ext_data_size 0, is_protobuf 1, enable_event_sync_subscriber 0], buffer id = 14
I0827 00:31:30.321002 1087922 cosine_bus_message_buffer.cpp:45] [cosine_internal][CosineBusMessageBuffer] create buffer success. name:bus_buffer___slam__record_spec_loc_rsp, type:genie_msgs.msg.pb.CommonResponse, size:5
I0827 00:31:30.321094 1087922 node_impl.cc:344] [aorta]CreateSubscriber topic:/slam/record_spec_loc_rsp, uid:c969c12b-9ad5-4811-8bd3-3b4781c16cee-16786186340696970127 topic_uid:-1
I0827 00:31:30.321523 1087922 aorta_component.cpp:326] [cosine_internal][AortaComponent] aorta node create subscriber. node: python3.10_S1, topic:/slam/record_spec_loc_rsp, type:genie_msgs.msg.pb.CommonResponse, qos:(history:1, depth:5, reliability:1, durability:2), uri:http://10.42.0.101:2379
I0827 00:31:30.321539 1087922 aorta_subscriber.hpp:96] [cosine_internal][AortaSubscriber] initial. topic:/slam/record_spec_loc_rsp, uri:
I0827 00:31:30.322016 1087989 centralized_discovery.cc:681] [aorta]publisher uid:34070a6b-f5be-4930-8c7d-c69cd0dff81b-13581583299462652003 topic:/pnc/task_service/high_precision_navigation/request
I0827 00:31:30.322181 1087922 cosine_bus_manager.cpp:294] [cosine_internal][CosineBusManager] create publisher. topic name:/slam/mapping_request , middleware:aorta
