Log file created at: 2025/08/27 00:29:59
Running on machine: G2
Log line format: [IWEF]mmdd hh:mm:ss.uuuuuu threadid file:line] msg
I0827 00:29:59.315755 1088358 dylog_impl.cpp:641] [DYLOG] set dylog default level to INFO
I0827 00:29:59.315837 1088358 dylog_impl.cpp:690] [DYLOG] soc num : R2
I0827 00:29:59.315852 1088358 dylog_impl.cpp:695] [DYLOG] can't read scene_mode, use sud
W0827 00:29:59.315879 1088358 dylog_impl.cpp:757] [DYLOG] can't find available json config file with path : /home/agi/app/conf/scene_server/dylog_sud_default.json, use default.
I0827 00:29:59.316001 1088358 dylog_impl.cpp:293] [DYLOG] register dsd_name : dylog/python3.10/cosine_internal
I0827 00:29:59.319295 1088358 cosine_bus_manager.cpp:88] [cosine_internal][CosineBusManager] cosine bus config path not set, use default config.
I0827 00:29:59.319352 1088358 cosine_bus_manager.cpp:118] [cosine_internal][CosineBusManager] initial cosine_bus_config:
I0827 00:29:59.321242 1088358 cosine_bus_global_sync.cpp:30] [cosine_internal][BusGlobalSync] set default middleware name:aorta
I0827 00:29:59.321285 1088358 scheduler_classic.cpp:28] [cosine_internal]Proc number set to be: 1
I0827 00:29:59.322458 1088358 dynamic_object.cpp:521] [cosine_internal][DynamicObject] open libdynamic_aorta.so success.
I0827 00:29:59.322657 1088358 dynamic_object.cpp:581] [cosine_internal][DynamicObject] Successfully enumerated 57 symbols in libdynamic_aorta.so
I0827 00:29:59.322669 1088358 resource_loader.cpp:13] [cosine_internal][ResourceLoader] Attempting to load function: aorta_get_object
I0827 00:29:59.322672 1088358 resource_loader.cpp:17] [cosine_internal][ResourceLoader] Trying address() method for C++ symbol: aorta_get_object
I0827 00:29:59.322678 1088358 resource_loader.cpp:20] [cosine_internal][ResourceLoader] Successfully loaded C++ symbol: aorta_get_object
I0827 00:29:59.322682 1088358 resource_loader.cpp:13] [cosine_internal][ResourceLoader] Attempting to load function: aorta_call_object_func
I0827 00:29:59.322685 1088358 resource_loader.cpp:17] [cosine_internal][ResourceLoader] Trying address() method for C++ symbol: aorta_call_object_func
I0827 00:29:59.322690 1088358 resource_loader.cpp:20] [cosine_internal][ResourceLoader] Successfully loaded C++ symbol: aorta_call_object_func
I0827 00:29:59.322693 1088358 resource_loader.cpp:13] [cosine_internal][ResourceLoader] Attempting to load function: aorta_clean_up
I0827 00:29:59.322696 1088358 resource_loader.cpp:17] [cosine_internal][ResourceLoader] Trying address() method for C++ symbol: aorta_clean_up
I0827 00:29:59.322711 1088358 resource_loader.cpp:25] [cosine_internal][ResourceLoader] C++ symbol failed, trying c_address() method for C symbol: aorta_clean_up
I0827 00:29:59.322716 1088358 resource_loader.cpp:28] [cosine_internal][ResourceLoader] Successfully loaded C symbol: aorta_clean_up
W0827 00:29:59.322724 1088358 aorta_component.cpp:90] [cosine_internal]Environment variable [LOCATOR_IP/DDS_IP] not set, fallback to 10.42.0.101
I0827 00:29:59.322731 1088358 aorta_component.cpp:496] [cosine_internal][AortaComponent] locator_ip: 10.42.0.101; Check network before domain init 
I0827 00:29:59.322768 1088358 clock.cpp:22] [cosine_internal]load ptp time source from: libptp_clock_time.so
I0827 00:29:59.322939 1088358 dynamic_object.cpp:521] [cosine_internal][DynamicObject] open libptp_clock_time.so success.
I0827 00:29:59.323410 1088358 aorta_component.cpp:515] [cosine_internal][AortaComponent] Network check start. locator_ip: 10.42.0.101, timeout: 60 seconds , check_start_time: 1756225799
I0827 00:29:59.323431 1088358 aorta_component.cpp:526] [cosine_internal][AortaComponent] locator_ip: 10.42.0.101; network is ready.
I0827 00:29:59.323521 1088358 dylog_impl.cpp:293] [DYLOG] register dsd_name : dylog/python3.10/aorta
I0827 00:29:59.323679 1088358 pcie_config.cc:52] [aorta]Get one valid pcie channel. producer: soc-s3 app-map_loc_app endpoint-nvscic2c_pcie_s3_c7_11 consumer: soc-s1 app-worldmodel endpoint-nvscic2c_pcie_s1_c7_11
I0827 00:29:59.323777 1088358 os.cc:88] [aorta]Got host_id from system files: Huixi R1ROBOR2
I0827 00:29:59.323819 1088358 pcie_manager.cc:71] [aorta]There is no pcie config in current process.
I0827 00:29:59.324206 1088358 message_monitor_config.cc:398] [aorta]run in  mode
I0827 00:29:59.325441 1088358 domain_impl.cc:58] [aorta]aorta version:7b1b7ddc
I0827 00:29:59.325465 1088358 json_comm.cc:35] [aorta]file path: /home/agi/app/conf/topology/topology_rule.json not exist.
I0827 00:29:59.325479 1088358 message_monitor_config.cc:398] [aorta]run in  mode
I0827 00:29:59.326614 1088358 message_monitor_config.cc:731] [aorta]message monitor is updated from /home/agi/app/conf/aorta/function/aorta_monitor_conf.json
I0827 00:29:59.328115 1088358 discovery_factory.cc:14] [aorta]type:1, host:10.42.0.101, port:2379, ttl:15, minor_cycle:100, major_cycle:3
I0827 00:29:59.328619 1088358 config.cc:53] [aorta]AORTA_IP_MASK not set.
I0827 00:29:59.328629 1088358 discovery.cc:245] [aorta]get ip masks empty.
I0827 00:29:59.328640 1088358 config.cc:200] [aorta]AORTA_EXTRA_LOCAL_IPS not set.
I0827 00:29:59.328644 1088358 discovery.cc:266] [aorta]local_publisher_ips_ empty.
I0827 00:29:59.328667 1088358 config.cc:124] [aorta]ip match, ip:127.0.0.1
I0827 00:29:59.328676 1088358 discovery.cc:275] [aorta]default emplace ip:10.42.0.101
I0827 00:29:59.328680 1088358 discovery.cc:275] [aorta]default emplace ip:10.42.12.101
I0827 00:29:59.328682 1088358 discovery.cc:275] [aorta]default emplace ip:10.42.1.101
I0827 00:29:59.328685 1088358 discovery.cc:275] [aorta]default emplace ip:192.168.1.101
I0827 00:29:59.328688 1088358 discovery.cc:275] [aorta]default emplace ip:10.42.30.101
I0827 00:29:59.328691 1088358 discovery.cc:275] [aorta]default emplace ip:10.42.40.101
I0827 00:29:59.328694 1088358 discovery.cc:275] [aorta]default emplace ip:10.20.15.199
I0827 00:29:59.328696 1088358 discovery.cc:275] [aorta]default emplace ip:10.42.6.101
I0827 00:29:59.328701 1088358 centralized_discovery.cc:55] [aorta]lease_ttl_:15
I0827 00:29:59.329332 1088358 aorta_component.cpp:561] [cosine_internal][AortaComponent] aorta create domain success. uri:http://10.42.0.101:2379
I0827 00:29:59.329488 1088358 aorta_component.cpp:447] [cosine_internal][AortaComponent] aorta domain created node: python3.10_S1 , domain_uri:http://10.42.0.101:2379
I0827 00:29:59.329497 1088358 aorta_component.cpp:126] [cosine_internal][AortaComponent] aorta component init success. node:python3.10_S1, uri:http://10.42.0.101:2379, locator_kind(1:shm,2:tcp,3:udp):2, locator_ip:10.42.0.101, locator_port:0, aorta_dispatcher_thread_num:1
I0827 00:29:59.329680 1088443 processor.cpp:40] [cosine_internal]processor_tid: 1088443
I0827 00:29:59.331552 1088446 executor_impl.cc:91] [aorta]aorta-dispatch0 start spinning
I0827 00:29:59.346323 1088445 centralized_discovery.cc:1110] [aorta]poll thread: revision:1262
I0827 00:29:59.346433 1088445 centralized_discovery.cc:1123] [aorta]inotify_fd_:13 inotify_watch_:1 inotify_watch_path:/home/agi/app/conf/aorta/function
I0827 00:29:59.348328 1088445 centralized_discovery.cc:615] [aorta]grant lease for node python3.10_S1 lease_id = 7587889064995110252
I0827 00:29:59.349478 1088445 watch_state.cc:54] [aorta]watch connect success.
I0827 00:29:59.350287 1088445 centralized_discovery.cc:1615] [aorta]recv watch response created.
I0827 00:30:03.488584 1088358 cosine_bus_manager.cpp:294] [cosine_internal][CosineBusManager] create publisher. topic name:/gdk/config_request , middleware:aorta
I0827 00:30:03.489447 1088358 tcp_publisher.cc:179] [aorta]topic /gdk/config_request, pub_queue_size_ 5, latch_queue_size_ 0
I0827 00:30:03.489655 1089567 tcp_socket_server.cc:200] [aorta]The ip info is0.0.0.0:43407
I0827 00:30:03.489773 1089567 shm_socket_server.cc:101] [aorta][/gdk/config_request] bind at pipe sock name d2379|python3.10|p1088358|n0|/gdk/config_request|p0
I0827 00:30:03.489856 1088358 node_impl.cc:198] [aorta]CreatePublisher, host:0.0.0.0, port:43407, sockname:d2379|python3.10|p1088358|n0|/gdk/config_request|p0, topic:/gdk/config_request, uid:239994c0-66f3-41b0-ba2c-4f72345694bf-4991715019463590898 topic_uid:-1
I0827 00:30:03.489890 1088358 aorta_component.cpp:394] [cosine_internal][AortaComponent] aorta node create publisher. node: python3.10_S1, topic:/gdk/config_request, type:genie_msgs.msg.pb.CommonRequest, qos:(history:1, depth:5, reliability:1, durability:2), uri:http://10.42.0.101:2379
I0827 00:30:03.489936 1088358 aorta_publisher.cpp:119] [cosine_internal][AortaPublisher] publisher initialize. topic:/gdk/config_request, uri:
I0827 00:30:03.489954 1088358 dylog_impl.cpp:293] [DYLOG] register dsd_name : dylog/python3.10/GDK
I0827 00:30:03.489992 1088445 centralized_discovery.cc:681] [aorta]publisher uid:239994c0-66f3-41b0-ba2c-4f72345694bf-4991715019463590898 topic:/gdk/config_request
I0827 00:30:03.490000 1088358 publisher.cpp:27] [GDK]create publisher: /gdk/config_request type: genie_msgs.msg.pb.CommonRequest qos: 1 1 5 2
I0827 00:30:03.490026 1088358 cosine_bus_manager.cpp:294] [cosine_internal][CosineBusManager] create publisher. topic name:/gdk/camera_conf_request , middleware:aorta
I0827 00:30:03.490514 1088358 tcp_publisher.cc:179] [aorta]topic /gdk/camera_conf_request, pub_queue_size_ 5, latch_queue_size_ 0
I0827 00:30:03.490574 1089567 tcp_socket_server.cc:200] [aorta]The ip info is0.0.0.0:35667
I0827 00:30:03.490641 1089567 shm_socket_server.cc:101] [aorta][/gdk/camera_conf_request] bind at pipe sock name d2379|python3.10|p1088358|n0|/gdk/camera_conf_request|p1
I0827 00:30:03.490697 1088358 node_impl.cc:198] [aorta]CreatePublisher, host:0.0.0.0, port:35667, sockname:d2379|python3.10|p1088358|n0|/gdk/camera_conf_request|p1, topic:/gdk/camera_conf_request, uid:a1d7dba2-06ca-481f-b86a-75a93f8adc78-9117180461459404870 topic_uid:-1
I0827 00:30:03.490717 1088358 aorta_component.cpp:394] [cosine_internal][AortaComponent] aorta node create publisher. node: python3.10_S1, topic:/gdk/camera_conf_request, type:genie_msgs.msg.pb.CommonRequest, qos:(history:1, depth:5, reliability:1, durability:2), uri:http://10.42.0.101:2379
I0827 00:30:03.490751 1088358 aorta_publisher.cpp:119] [cosine_internal][AortaPublisher] publisher initialize. topic:/gdk/camera_conf_request, uri:
I0827 00:30:03.490758 1088358 publisher.cpp:27] [GDK]create publisher: /gdk/camera_conf_request type: genie_msgs.msg.pb.CommonRequest qos: 1 1 5 2
I0827 00:30:03.490777 1088358 cosine_bus_manager.cpp:400] [cosine_internal][CosineBusManager] create subscriber. topic name:/gdk/config_response , middleware:aorta , need async callback:0, frame_skip_rate:1
I0827 00:30:03.490788 1088358 aorta_component.cpp:174] [cosine_internal][AortaComponent] callback_name:/gdk/config_responsehttp://10.42.0.101:2379
I0827 00:30:03.490867 1088358 dynamic_object.cpp:521] [cosine_internal][DynamicObject] open  success.
I0827 00:30:03.491080 1088358 buffered_data_export.cpp:115] [cosine_internal]successfully create buffer [bus_buffer___gdk__config_response, type genie_msgs.msg.pb.CommonResponse, block num 5, valid_time 0, transfer_type 0, data_size 0, mem_type 0, lib_name , ext_data_size 0, is_protobuf 1, enable_event_sync_subscriber 0], buffer id = 1
I0827 00:30:03.491107 1088358 cosine_bus_message_buffer.cpp:45] [cosine_internal][CosineBusMessageBuffer] create buffer success. name:bus_buffer___gdk__config_response, type:genie_msgs.msg.pb.CommonResponse, size:5
I0827 00:30:03.491194 1088358 node_impl.cc:344] [aorta]CreateSubscriber topic:/gdk/config_response, uid:405cdfe6-6375-484a-8dee-f58affd12992-9533047780102618842 topic_uid:-1
I0827 00:30:03.491832 1088358 aorta_component.cpp:326] [cosine_internal][AortaComponent] aorta node create subscriber. node: python3.10_S1, topic:/gdk/config_response, type:genie_msgs.msg.pb.CommonResponse, qos:(history:1, depth:5, reliability:1, durability:2), uri:http://10.42.0.101:2379
I0827 00:30:03.491850 1088358 aorta_subscriber.hpp:96] [cosine_internal][AortaSubscriber] initial. topic:/gdk/config_response, uri:
I0827 00:30:03.491870 1088358 cosine_bus_manager.cpp:400] [cosine_internal][CosineBusManager] create subscriber. topic name:/gdk/camera_conf_response , middleware:aorta , need async callback:0, frame_skip_rate:1
I0827 00:30:03.491879 1088358 aorta_component.cpp:174] [cosine_internal][AortaComponent] callback_name:/gdk/camera_conf_responsehttp://10.42.0.101:2379
I0827 00:30:03.491936 1088358 buffered_data_export.cpp:115] [cosine_internal]successfully create buffer [bus_buffer___gdk__camera_conf_response, type genie_msgs.msg.pb.CommonResponse, block num 5, valid_time 0, transfer_type 0, data_size 0, mem_type 0, lib_name , ext_data_size 0, is_protobuf 1, enable_event_sync_subscriber 0], buffer id = 2
I0827 00:30:03.491952 1088358 cosine_bus_message_buffer.cpp:45] [cosine_internal][CosineBusMessageBuffer] create buffer success. name:bus_buffer___gdk__camera_conf_response, type:genie_msgs.msg.pb.CommonResponse, size:5
I0827 00:30:03.492034 1088358 node_impl.cc:344] [aorta]CreateSubscriber topic:/gdk/camera_conf_response, uid:6f2074b9-59a0-4a73-b1bd-18926741bdce-3551884323222435368 topic_uid:-1
I0827 00:30:03.492481 1088358 aorta_component.cpp:326] [cosine_internal][AortaComponent] aorta node create subscriber. node: python3.10_S1, topic:/gdk/camera_conf_response, type:genie_msgs.msg.pb.CommonResponse, qos:(history:1, depth:5, reliability:1, durability:2), uri:http://10.42.0.101:2379
I0827 00:30:03.492492 1088358 aorta_subscriber.hpp:96] [cosine_internal][AortaSubscriber] initial. topic:/gdk/camera_conf_response, uri:
I0827 00:30:03.492583 1088358 cosine_bus_manager.cpp:400] [cosine_internal][CosineBusManager] create subscriber. topic name:/hal/joint_state , middleware:aorta , need async callback:0, frame_skip_rate:1
I0827 00:30:03.492595 1088358 aorta_component.cpp:174] [cosine_internal][AortaComponent] callback_name:/hal/joint_statehttp://10.42.0.101:2379
I0827 00:30:03.492748 1088358 buffered_data_export.cpp:115] [cosine_internal]successfully create buffer [bus_buffer___hal__joint_state, type genie_msgs.msg.pb.JointState, block num 5, valid_time 0, transfer_type 0, data_size 0, mem_type 0, lib_name , ext_data_size 0, is_protobuf 1, enable_event_sync_subscriber 0], buffer id = 3
I0827 00:30:03.492765 1088358 cosine_bus_message_buffer.cpp:45] [cosine_internal][CosineBusMessageBuffer] create buffer success. name:bus_buffer___hal__joint_state, type:genie_msgs.msg.pb.JointState, size:5
I0827 00:30:03.492847 1088358 node_impl.cc:344] [aorta]CreateSubscriber topic:/hal/joint_state, uid:35ea15ab-ae7c-4d04-82d3-71f365fa1e2a-17784787521228097140 topic_uid:-1
I0827 00:30:03.493011 1088445 centralized_discovery.cc:681] [aorta]publisher uid:a1d7dba2-06ca-481f-b86a-75a93f8adc78-9117180461459404870 topic:/gdk/camera_conf_request
I0827 00:30:03.493311 1088358 aorta_component.cpp:326] [cosine_internal][AortaComponent] aorta node create subscriber. node: python3.10_S1, topic:/hal/joint_state, type:genie_msgs.msg.pb.JointState, qos:(history:1, depth:5, reliability:1, durability:2), uri:http://10.42.0.101:2379
I0827 00:30:03.493324 1088358 aorta_subscriber.hpp:96] [cosine_internal][AortaSubscriber] initial. topic:/hal/joint_state, uri:
I0827 00:30:03.493343 1088358 cosine_bus_manager.cpp:400] [cosine_internal][CosineBusManager] create subscriber. topic name:/hal/whole_body_status , middleware:aorta , need async callback:0, frame_skip_rate:1
I0827 00:30:03.493350 1088358 aorta_component.cpp:174] [cosine_internal][AortaComponent] callback_name:/hal/whole_body_statushttp://10.42.0.101:2379
I0827 00:30:03.493510 1088358 buffered_data_export.cpp:115] [cosine_internal]successfully create buffer [bus_buffer___hal__whole_body_status, type genie_msgs.msg.pb.WholeBodyStatus, block num 5, valid_time 0, transfer_type 0, data_size 0, mem_type 0, lib_name , ext_data_size 0, is_protobuf 1, enable_event_sync_subscriber 0], buffer id = 4
I0827 00:30:03.493528 1088358 cosine_bus_message_buffer.cpp:45] [cosine_internal][CosineBusMessageBuffer] create buffer success. name:bus_buffer___hal__whole_body_status, type:genie_msgs.msg.pb.WholeBodyStatus, size:5
I0827 00:30:03.493613 1088358 node_impl.cc:344] [aorta]CreateSubscriber topic:/hal/whole_body_status, uid:6ea919e8-cbdb-4b39-884b-cea8da5a7b95-4082625946824470290 topic_uid:-1
I0827 00:30:03.494066 1088358 aorta_component.cpp:326] [cosine_internal][AortaComponent] aorta node create subscriber. node: python3.10_S1, topic:/hal/whole_body_status, type:genie_msgs.msg.pb.WholeBodyStatus, qos:(history:1, depth:5, reliability:1, durability:2), uri:http://10.42.0.101:2379
I0827 00:30:03.494081 1088358 aorta_subscriber.hpp:96] [cosine_internal][AortaSubscriber] initial. topic:/hal/whole_body_status, uri:
I0827 00:30:03.494097 1088358 cosine_bus_manager.cpp:400] [cosine_internal][CosineBusManager] create subscriber. topic name:/hal/left_ee_data , middleware:aorta , need async callback:0, frame_skip_rate:1
I0827 00:30:03.494105 1088358 aorta_component.cpp:174] [cosine_internal][AortaComponent] callback_name:/hal/left_ee_datahttp://10.42.0.101:2379
I0827 00:30:03.494253 1088358 buffered_data_export.cpp:115] [cosine_internal]successfully create buffer [bus_buffer___hal__left_ee_data, type genie_msgs.msg.pb.EndState, block num 5, valid_time 0, transfer_type 0, data_size 0, mem_type 0, lib_name , ext_data_size 0, is_protobuf 1, enable_event_sync_subscriber 0], buffer id = 5
I0827 00:30:03.494271 1088358 cosine_bus_message_buffer.cpp:45] [cosine_internal][CosineBusMessageBuffer] create buffer success. name:bus_buffer___hal__left_ee_data, type:genie_msgs.msg.pb.EndState, size:5
I0827 00:30:03.494351 1088358 node_impl.cc:344] [aorta]CreateSubscriber topic:/hal/left_ee_data, uid:c936c2ed-47d2-452a-9f59-5a1c926306d7-6411614143165937964 topic_uid:-1
I0827 00:30:03.494797 1088358 aorta_component.cpp:326] [cosine_internal][AortaComponent] aorta node create subscriber. node: python3.10_S1, topic:/hal/left_ee_data, type:genie_msgs.msg.pb.EndState, qos:(history:1, depth:5, reliability:1, durability:2), uri:http://10.42.0.101:2379
I0827 00:30:03.494809 1088358 aorta_subscriber.hpp:96] [cosine_internal][AortaSubscriber] initial. topic:/hal/left_ee_data, uri:
I0827 00:30:03.494824 1088358 cosine_bus_manager.cpp:400] [cosine_internal][CosineBusManager] create subscriber. topic name:/hal/right_ee_data , middleware:aorta , need async callback:0, frame_skip_rate:1
I0827 00:30:03.494833 1088358 aorta_component.cpp:174] [cosine_internal][AortaComponent] callback_name:/hal/right_ee_datahttp://10.42.0.101:2379
I0827 00:30:03.494880 1088358 buffered_data_export.cpp:115] [cosine_internal]successfully create buffer [bus_buffer___hal__right_ee_data, type genie_msgs.msg.pb.EndState, block num 5, valid_time 0, transfer_type 0, data_size 0, mem_type 0, lib_name , ext_data_size 0, is_protobuf 1, enable_event_sync_subscriber 0], buffer id = 6
I0827 00:30:03.494895 1088358 cosine_bus_message_buffer.cpp:45] [cosine_internal][CosineBusMessageBuffer] create buffer success. name:bus_buffer___hal__right_ee_data, type:genie_msgs.msg.pb.EndState, size:5
I0827 00:30:03.494962 1088445 centralized_discovery.cc:733] [aorta]subscriber uid:405cdfe6-6375-484a-8dee-f58affd12992-9533047780102618842 topic:/gdk/config_response
I0827 00:30:03.494982 1088358 node_impl.cc:344] [aorta]CreateSubscriber topic:/hal/right_ee_data, uid:a27385b3-9ce3-474c-b05c-7b81e3c055e5-5071795120000351093 topic_uid:-1
I0827 00:30:03.495460 1088358 aorta_component.cpp:326] [cosine_internal][AortaComponent] aorta node create subscriber. node: python3.10_S1, topic:/hal/right_ee_data, type:genie_msgs.msg.pb.EndState, qos:(history:1, depth:5, reliability:1, durability:2), uri:http://10.42.0.101:2379
I0827 00:30:03.495486 1088358 aorta_subscriber.hpp:96] [cosine_internal][AortaSubscriber] initial. topic:/hal/right_ee_data, uri:
I0827 00:30:03.495499 1088358 cosine_bus_manager.cpp:400] [cosine_internal][CosineBusManager] create subscriber. topic name:/hal/chassis_power_state , middleware:aorta , need async callback:0, frame_skip_rate:1
I0827 00:30:03.495508 1088358 aorta_component.cpp:174] [cosine_internal][AortaComponent] callback_name:/hal/chassis_power_statehttp://10.42.0.101:2379
I0827 00:30:03.495862 1088358 buffered_data_export.cpp:115] [cosine_internal]successfully create buffer [bus_buffer___hal__chassis_power_state, type genie_msgs.msg.pb.ChassisPowerState, block num 5, valid_time 0, transfer_type 0, data_size 0, mem_type 0, lib_name , ext_data_size 0, is_protobuf 1, enable_event_sync_subscriber 0], buffer id = 7
I0827 00:30:03.495882 1088358 cosine_bus_message_buffer.cpp:45] [cosine_internal][CosineBusMessageBuffer] create buffer success. name:bus_buffer___hal__chassis_power_state, type:genie_msgs.msg.pb.ChassisPowerState, size:5
I0827 00:30:03.495970 1088358 node_impl.cc:344] [aorta]CreateSubscriber topic:/hal/chassis_power_state, uid:eb2c6150-a8ed-4691-9860-1cfef5463c95-13624413023349153968 topic_uid:-1
I0827 00:30:03.496308 1089568 shm_subscriber.cc:120] [aorta]subscriber connect to publisher success, topic /gdk/config_response, local d2379|python3.10|p1088358|n0|s0|c0, peer d2379|gdk_service|p8963|n0|/gdk/config_response|p0
I0827 00:30:03.496407 1088358 aorta_component.cpp:326] [cosine_internal][AortaComponent] aorta node create subscriber. node: python3.10_S1, topic:/hal/chassis_power_state, type:genie_msgs.msg.pb.ChassisPowerState, qos:(history:1, depth:5, reliability:1, durability:2), uri:http://10.42.0.101:2379
I0827 00:30:03.496418 1088358 aorta_subscriber.hpp:96] [cosine_internal][AortaSubscriber] initial. topic:/hal/chassis_power_state, uri:
I0827 00:30:03.496433 1088358 cosine_bus_manager.cpp:400] [cosine_internal][CosineBusManager] create subscriber. topic name:/hal/chest_power_state , middleware:aorta , need async callback:0, frame_skip_rate:1
I0827 00:30:03.496439 1088358 aorta_component.cpp:174] [cosine_internal][AortaComponent] callback_name:/hal/chest_power_statehttp://10.42.0.101:2379
I0827 00:30:03.496711 1088358 buffered_data_export.cpp:115] [cosine_internal]successfully create buffer [bus_buffer___hal__chest_power_state, type genie_msgs.msg.pb.ChestPowerState, block num 5, valid_time 0, transfer_type 0, data_size 0, mem_type 0, lib_name , ext_data_size 0, is_protobuf 1, enable_event_sync_subscriber 0], buffer id = 8
I0827 00:30:03.496732 1088358 cosine_bus_message_buffer.cpp:45] [cosine_internal][CosineBusMessageBuffer] create buffer success. name:bus_buffer___hal__chest_power_state, type:genie_msgs.msg.pb.ChestPowerState, size:5
I0827 00:30:03.496819 1088358 node_impl.cc:344] [aorta]CreateSubscriber topic:/hal/chest_power_state, uid:edbfb3a9-b59d-46e8-ae02-ad4b5af6c8bf-8918795574175434775 topic_uid:-1
I0827 00:30:03.497010 1088445 centralized_discovery.cc:733] [aorta]subscriber uid:6f2074b9-59a0-4a73-b1bd-18926741bdce-3551884323222435368 topic:/gdk/camera_conf_response
I0827 00:30:03.497260 1088358 aorta_component.cpp:326] [cosine_internal][AortaComponent] aorta node create subscriber. node: python3.10_S1, topic:/hal/chest_power_state, type:genie_msgs.msg.pb.ChestPowerState, qos:(history:1, depth:5, reliability:1, durability:2), uri:http://10.42.0.101:2379
I0827 00:30:03.497272 1088358 aorta_subscriber.hpp:96] [cosine_internal][AortaSubscriber] initial. topic:/hal/chest_power_state, uri:
I0827 00:30:03.497345 1088358 cosine_bus_manager.cpp:294] [cosine_internal][CosineBusManager] create publisher. topic name:/hal/joint_cmd , middleware:aorta
I0827 00:30:03.497790 1088358 tcp_publisher.cc:179] [aorta]topic /hal/joint_cmd, pub_queue_size_ 5, latch_queue_size_ 0
I0827 00:30:03.497870 1089567 tcp_socket_server.cc:200] [aorta]The ip info is0.0.0.0:39299
I0827 00:30:03.497895 1089568 shm_subscriber.cc:120] [aorta]subscriber connect to publisher success, topic /gdk/camera_conf_response, local d2379|python3.10|p1088358|n0|s1|c0, peer d2379|gdk_service|p8963|n0|/gdk/camera_conf_response|p1
I0827 00:30:03.498024 1089567 shm_socket_server.cc:101] [aorta][/hal/joint_cmd] bind at pipe sock name d2379|python3.10|p1088358|n0|/hal/joint_cmd|p2
I0827 00:30:03.498044 1088445 centralized_discovery.cc:733] [aorta]subscriber uid:35ea15ab-ae7c-4d04-82d3-71f365fa1e2a-17784787521228097140 topic:/hal/joint_state
I0827 00:30:03.498076 1088358 node_impl.cc:198] [aorta]CreatePublisher, host:0.0.0.0, port:39299, sockname:d2379|python3.10|p1088358|n0|/hal/joint_cmd|p2, topic:/hal/joint_cmd, uid:0c0fa290-df32-4df8-9aaa-2c88e691b5c5-8113233340941315482 topic_uid:-1
I0827 00:30:03.498097 1088358 aorta_component.cpp:394] [cosine_internal][AortaComponent] aorta node create publisher. node: python3.10_S1, topic:/hal/joint_cmd, type:genie_msgs.msg.pb.JointCommand, qos:(history:1, depth:5, reliability:1, durability:2), uri:http://10.42.0.101:2379
I0827 00:30:03.498134 1088358 aorta_publisher.cpp:119] [cosine_internal][AortaPublisher] publisher initialize. topic:/hal/joint_cmd, uri:
I0827 00:30:03.498142 1088358 publisher.cpp:27] [GDK]create publisher: /hal/joint_cmd type: genie_msgs.msg.pb.JointCommand qos: 1 1 5 2
I0827 00:30:03.498216 1088358 cosine_bus_manager.cpp:294] [cosine_internal][CosineBusManager] create publisher. topic name:/wbc/left_ee_command , middleware:aorta
I0827 00:30:03.498680 1088358 tcp_publisher.cc:179] [aorta]topic /wbc/left_ee_command, pub_queue_size_ 5, latch_queue_size_ 0
I0827 00:30:03.498739 1089567 tcp_socket_server.cc:200] [aorta]The ip info is0.0.0.0:34485
I0827 00:30:03.498802 1089567 shm_socket_server.cc:101] [aorta][/wbc/left_ee_command] bind at pipe sock name d2379|python3.10|p1088358|n0|/wbc/left_ee_command|p3
I0827 00:30:03.498858 1088358 node_impl.cc:198] [aorta]CreatePublisher, host:0.0.0.0, port:34485, sockname:d2379|python3.10|p1088358|n0|/wbc/left_ee_command|p3, topic:/wbc/left_ee_command, uid:299b4d9e-1cf6-4dfc-a417-bdbcdeed46d8-15677759012602946526 topic_uid:-1
I0827 00:30:03.498876 1088358 aorta_component.cpp:394] [cosine_internal][AortaComponent] aorta node create publisher. node: python3.10_S1, topic:/wbc/left_ee_command, type:sensor_msgs.msg.pb.JointState, qos:(history:1, depth:5, reliability:1, durability:2), uri:http://10.42.0.101:2379
I0827 00:30:03.498911 1088358 aorta_publisher.cpp:119] [cosine_internal][AortaPublisher] publisher initialize. topic:/wbc/left_ee_command, uri:
I0827 00:30:03.498919 1088358 publisher.cpp:27] [GDK]create publisher: /wbc/left_ee_command type: sensor_msgs.msg.pb.JointState qos: 1 1 5 2
I0827 00:30:03.498931 1088358 cosine_bus_manager.cpp:294] [cosine_internal][CosineBusManager] create publisher. topic name:/wbc/right_ee_command , middleware:aorta
I0827 00:30:03.499024 1089568 shm_subscriber.cc:120] [aorta]subscriber connect to publisher success, topic /hal/joint_state, local d2379|python3.10|p1088358|n0|s2|c0, peer d2379|hal|p8969|n0|/hal/joint_state|p0
I0827 00:30:03.499078 1088445 centralized_discovery.cc:733] [aorta]subscriber uid:6ea919e8-cbdb-4b39-884b-cea8da5a7b95-4082625946824470290 topic:/hal/whole_body_status
I0827 00:30:03.499368 1088358 tcp_publisher.cc:179] [aorta]topic /wbc/right_ee_command, pub_queue_size_ 5, latch_queue_size_ 0
I0827 00:30:03.499424 1089567 tcp_socket_server.cc:200] [aorta]The ip info is0.0.0.0:45179
I0827 00:30:03.499502 1089567 shm_socket_server.cc:101] [aorta][/wbc/right_ee_command] bind at pipe sock name d2379|python3.10|p1088358|n0|/wbc/right_ee_command|p4
I0827 00:30:03.499600 1088358 node_impl.cc:198] [aorta]CreatePublisher, host:0.0.0.0, port:45179, sockname:d2379|python3.10|p1088358|n0|/wbc/right_ee_command|p4, topic:/wbc/right_ee_command, uid:1fb80bf5-5dfe-4151-b5e5-836ddabbc509-12160131399292109555 topic_uid:-1
I0827 00:30:03.499619 1088358 aorta_component.cpp:394] [cosine_internal][AortaComponent] aorta node create publisher. node: python3.10_S1, topic:/wbc/right_ee_command, type:sensor_msgs.msg.pb.JointState, qos:(history:1, depth:5, reliability:1, durability:2), uri:http://10.42.0.101:2379
I0827 00:30:03.499650 1088358 aorta_publisher.cpp:119] [cosine_internal][AortaPublisher] publisher initialize. topic:/wbc/right_ee_command, uri:
I0827 00:30:03.499657 1088358 publisher.cpp:27] [GDK]create publisher: /wbc/right_ee_command type: sensor_msgs.msg.pb.JointState qos: 1 1 5 2
I0827 00:30:03.499689 1088358 cosine_bus_manager.cpp:400] [cosine_internal][CosineBusManager] create subscriber. topic name:/wbc/motion_control_status , middleware:aorta , need async callback:0, frame_skip_rate:1
I0827 00:30:03.499701 1088358 aorta_component.cpp:174] [cosine_internal][AortaComponent] callback_name:/wbc/motion_control_statushttp://10.42.0.101:2379
I0827 00:30:03.499951 1088358 buffered_data_export.cpp:115] [cosine_internal]successfully create buffer [bus_buffer___wbc__motion_control_status, type genie_msgs.msg.pb.MotionControlStatus, block num 5, valid_time 0, transfer_type 0, data_size 0, mem_type 0, lib_name , ext_data_size 0, is_protobuf 1, enable_event_sync_subscriber 0], buffer id = 9
I0827 00:30:03.499975 1088358 cosine_bus_message_buffer.cpp:45] [cosine_internal][CosineBusMessageBuffer] create buffer success. name:bus_buffer___wbc__motion_control_status, type:genie_msgs.msg.pb.MotionControlStatus, size:5
I0827 00:30:03.500062 1088358 node_impl.cc:344] [aorta]CreateSubscriber topic:/wbc/motion_control_status, uid:7c1aa5b2-10c7-405c-bbab-3ef3887b954a-3835708119707617413 topic_uid:-1
I0827 00:30:03.500336 1089568 shm_subscriber.cc:120] [aorta]subscriber connect to publisher success, topic /hal/whole_body_status, local d2379|python3.10|p1088358|n0|s3|c0, peer d2379|hal|p8969|n0|/hal/whole_body_status|p1
I0827 00:30:03.500392 1088445 centralized_discovery.cc:733] [aorta]subscriber uid:c936c2ed-47d2-452a-9f59-5a1c926306d7-6411614143165937964 topic:/hal/left_ee_data
I0827 00:30:03.500524 1088358 aorta_component.cpp:326] [cosine_internal][AortaComponent] aorta node create subscriber. node: python3.10_S1, topic:/wbc/motion_control_status, type:genie_msgs.msg.pb.MotionControlStatus, qos:(history:1, depth:5, reliability:1, durability:2), uri:http://10.42.0.101:2379
I0827 00:30:03.500536 1088358 aorta_subscriber.hpp:96] [cosine_internal][AortaSubscriber] initial. topic:/wbc/motion_control_status, uri:
I0827 00:30:03.500551 1088358 cosine_bus_manager.cpp:400] [cosine_internal][CosineBusManager] create subscriber. topic name:/MotionControlService/JointPosition/response , middleware:aorta , need async callback:0, frame_skip_rate:1
I0827 00:30:03.500558 1088358 aorta_component.cpp:174] [cosine_internal][AortaComponent] callback_name:/MotionControlService/JointPosition/responsehttp://10.42.0.101:2379
I0827 00:30:03.500602 1088358 buffered_data_export.cpp:115] [cosine_internal]successfully create buffer [bus_buffer___MotionControlService__JointPosition__response, type genie_msgs.msg.pb.CommonResponse, block num 5, valid_time 0, transfer_type 0, data_size 0, mem_type 0, lib_name , ext_data_size 0, is_protobuf 1, enable_event_sync_subscriber 0], buffer id = 10
I0827 00:30:03.500614 1088358 cosine_bus_message_buffer.cpp:45] [cosine_internal][CosineBusMessageBuffer] create buffer success. name:bus_buffer___MotionControlService__JointPosition__response, type:genie_msgs.msg.pb.CommonResponse, size:5
I0827 00:30:03.500686 1088358 node_impl.cc:344] [aorta]CreateSubscriber topic:/MotionControlService/JointPosition/response, uid:8953ed3b-1f45-4a0b-b070-52f27aedf237-11220515294652701264 topic_uid:-1
I0827 00:30:03.501101 1088358 aorta_component.cpp:326] [cosine_internal][AortaComponent] aorta node create subscriber. node: python3.10_S1, topic:/MotionControlService/JointPosition/response, type:genie_msgs.msg.pb.CommonResponse, qos:(history:1, depth:5, reliability:1, durability:2), uri:http://10.42.0.101:2379
I0827 00:30:03.501111 1088358 aorta_subscriber.hpp:96] [cosine_internal][AortaSubscriber] initial. topic:/MotionControlService/JointPosition/response, uri:
I0827 00:30:03.501124 1088358 cosine_bus_manager.cpp:400] [cosine_internal][CosineBusManager] create subscriber. topic name:/MotionControlService/ControlMode/response , middleware:aorta , need async callback:0, frame_skip_rate:1
I0827 00:30:03.501130 1088358 aorta_component.cpp:174] [cosine_internal][AortaComponent] callback_name:/MotionControlService/ControlMode/responsehttp://10.42.0.101:2379
I0827 00:30:03.501165 1088358 buffered_data_export.cpp:115] [cosine_internal]successfully create buffer [bus_buffer___MotionControlService__ControlMode__response, type genie_msgs.msg.pb.CommonResponse, block num 5, valid_time 0, transfer_type 0, data_size 0, mem_type 0, lib_name , ext_data_size 0, is_protobuf 1, enable_event_sync_subscriber 0], buffer id = 11
I0827 00:30:03.501178 1088358 cosine_bus_message_buffer.cpp:45] [cosine_internal][CosineBusMessageBuffer] create buffer success. name:bus_buffer___MotionControlService__ControlMode__response, type:genie_msgs.msg.pb.CommonResponse, size:5
I0827 00:30:03.501245 1088358 node_impl.cc:344] [aorta]CreateSubscriber topic:/MotionControlService/ControlMode/response, uid:4741e76c-e8e5-4a53-b2f1-6998bb596206-13500083580579056044 topic_uid:-1
I0827 00:30:03.501266 1089568 shm_subscriber.cc:120] [aorta]subscriber connect to publisher success, topic /hal/left_ee_data, local d2379|python3.10|p1088358|n0|s4|c0, peer d2379|hal|p8969|n0|/hal/left_ee_data|p2
I0827 00:30:03.501314 1088445 centralized_discovery.cc:733] [aorta]subscriber uid:a27385b3-9ce3-474c-b05c-7b81e3c055e5-5071795120000351093 topic:/hal/right_ee_data
I0827 00:30:03.501657 1088358 aorta_component.cpp:326] [cosine_internal][AortaComponent] aorta node create subscriber. node: python3.10_S1, topic:/MotionControlService/ControlMode/response, type:genie_msgs.msg.pb.CommonResponse, qos:(history:1, depth:5, reliability:1, durability:2), uri:http://10.42.0.101:2379
I0827 00:30:03.501667 1088358 aorta_subscriber.hpp:96] [cosine_internal][AortaSubscriber] initial. topic:/MotionControlService/ControlMode/response, uri:
I0827 00:30:03.501680 1088358 cosine_bus_manager.cpp:400] [cosine_internal][CosineBusManager] create subscriber. topic name:/MotionControlService/SetLoad/response , middleware:aorta , need async callback:0, frame_skip_rate:1
I0827 00:30:03.501688 1088358 aorta_component.cpp:174] [cosine_internal][AortaComponent] callback_name:/MotionControlService/SetLoad/responsehttp://10.42.0.101:2379
I0827 00:30:03.501725 1088358 buffered_data_export.cpp:115] [cosine_internal]successfully create buffer [bus_buffer___MotionControlService__SetLoad__response, type genie_msgs.msg.pb.CommonResponse, block num 5, valid_time 0, transfer_type 0, data_size 0, mem_type 0, lib_name , ext_data_size 0, is_protobuf 1, enable_event_sync_subscriber 0], buffer id = 12
I0827 00:30:03.501739 1088358 cosine_bus_message_buffer.cpp:45] [cosine_internal][CosineBusMessageBuffer] create buffer success. name:bus_buffer___MotionControlService__SetLoad__response, type:genie_msgs.msg.pb.CommonResponse, size:5
I0827 00:30:03.501816 1088358 node_impl.cc:344] [aorta]CreateSubscriber topic:/MotionControlService/SetLoad/response, uid:61762e2f-57cd-4fda-ac2c-cf0772a47ad4-11741066552301177038 topic_uid:-1
I0827 00:30:03.502230 1088358 aorta_component.cpp:326] [cosine_internal][AortaComponent] aorta node create subscriber. node: python3.10_S1, topic:/MotionControlService/SetLoad/response, type:genie_msgs.msg.pb.CommonResponse, qos:(history:1, depth:5, reliability:1, durability:2), uri:http://10.42.0.101:2379
I0827 00:30:03.502240 1088358 aorta_subscriber.hpp:96] [cosine_internal][AortaSubscriber] initial. topic:/MotionControlService/SetLoad/response, uri:
I0827 00:30:03.502252 1088358 cosine_bus_manager.cpp:400] [cosine_internal][CosineBusManager] create subscriber. topic name:/MotionControlService/SetComplianceParams/response , middleware:aorta , need async callback:0, frame_skip_rate:1
I0827 00:30:03.502259 1088358 aorta_component.cpp:174] [cosine_internal][AortaComponent] callback_name:/MotionControlService/SetComplianceParams/responsehttp://10.42.0.101:2379
I0827 00:30:03.502293 1088358 buffered_data_export.cpp:115] [cosine_internal]successfully create buffer [bus_buffer___MotionControlService__SetComplianceParams__response, type genie_msgs.msg.pb.CommonResponse, block num 5, valid_time 0, transfer_type 0, data_size 0, mem_type 0, lib_name , ext_data_size 0, is_protobuf 1, enable_event_sync_subscriber 0], buffer id = 13
I0827 00:30:03.502300 1089568 shm_subscriber.cc:120] [aorta]subscriber connect to publisher success, topic /hal/right_ee_data, local d2379|python3.10|p1088358|n0|s5|c0, peer d2379|hal|p8969|n0|/hal/right_ee_data|p3
I0827 00:30:03.502306 1088358 cosine_bus_message_buffer.cpp:45] [cosine_internal][CosineBusMessageBuffer] create buffer success. name:bus_buffer___MotionControlService__SetComplianceParams__response, type:genie_msgs.msg.pb.CommonResponse, size:5
I0827 00:30:03.502350 1088445 centralized_discovery.cc:733] [aorta]subscriber uid:eb2c6150-a8ed-4691-9860-1cfef5463c95-13624413023349153968 topic:/hal/chassis_power_state
I0827 00:30:03.502368 1088358 node_impl.cc:344] [aorta]CreateSubscriber topic:/MotionControlService/SetComplianceParams/response, uid:66168691-018f-4aad-b1f8-e5043d6ef807-16772690313444795879 topic_uid:-1
I0827 00:30:03.502782 1088358 aorta_component.cpp:326] [cosine_internal][AortaComponent] aorta node create subscriber. node: python3.10_S1, topic:/MotionControlService/SetComplianceParams/response, type:genie_msgs.msg.pb.CommonResponse, qos:(history:1, depth:5, reliability:1, durability:2), uri:http://10.42.0.101:2379
I0827 00:30:03.502794 1088358 aorta_subscriber.hpp:96] [cosine_internal][AortaSubscriber] initial. topic:/MotionControlService/SetComplianceParams/response, uri:
I0827 00:30:03.502806 1088358 cosine_bus_manager.cpp:400] [cosine_internal][CosineBusManager] create subscriber. topic name:/MotionControlService/MotionPlan/response , middleware:aorta , need async callback:0, frame_skip_rate:1
I0827 00:30:03.502813 1088358 aorta_component.cpp:174] [cosine_internal][AortaComponent] callback_name:/MotionControlService/MotionPlan/responsehttp://10.42.0.101:2379
I0827 00:30:03.502852 1088358 buffered_data_export.cpp:115] [cosine_internal]successfully create buffer [bus_buffer___MotionControlService__MotionPlan__response, type genie_msgs.msg.pb.CommonResponse, block num 5, valid_time 0, transfer_type 0, data_size 0, mem_type 0, lib_name , ext_data_size 0, is_protobuf 1, enable_event_sync_subscriber 0], buffer id = 14
I0827 00:30:03.502868 1088358 cosine_bus_message_buffer.cpp:45] [cosine_internal][CosineBusMessageBuffer] create buffer success. name:bus_buffer___MotionControlService__MotionPlan__response, type:genie_msgs.msg.pb.CommonResponse, size:5
I0827 00:30:03.502939 1088358 node_impl.cc:344] [aorta]CreateSubscriber topic:/MotionControlService/MotionPlan/response, uid:797e346f-bacc-4cd5-8e38-1eff4801d771-7265943930381113476 topic_uid:-1
I0827 00:30:03.503122 1089568 shm_subscriber.cc:120] [aorta]subscriber connect to publisher success, topic /hal/chassis_power_state, local d2379|python3.10|p1088358|n0|s6|c0, peer d2379|hal_lowerlimb|p8968|n0|/hal/chassis_power_state|p2
I0827 00:30:03.503172 1088445 centralized_discovery.cc:733] [aorta]subscriber uid:edbfb3a9-b59d-46e8-ae02-ad4b5af6c8bf-8918795574175434775 topic:/hal/chest_power_state
I0827 00:30:03.503345 1088358 aorta_component.cpp:326] [cosine_internal][AortaComponent] aorta node create subscriber. node: python3.10_S1, topic:/MotionControlService/MotionPlan/response, type:genie_msgs.msg.pb.CommonResponse, qos:(history:1, depth:5, reliability:1, durability:2), uri:http://10.42.0.101:2379
I0827 00:30:03.503355 1088358 aorta_subscriber.hpp:96] [cosine_internal][AortaSubscriber] initial. topic:/MotionControlService/MotionPlan/response, uri:
I0827 00:30:03.503448 1088358 cosine_bus_manager.cpp:294] [cosine_internal][CosineBusManager] create publisher. topic name:/wbc/motion_stop , middleware:aorta
I0827 00:30:03.503949 1088358 tcp_publisher.cc:179] [aorta]topic /wbc/motion_stop, pub_queue_size_ 5, latch_queue_size_ 0
I0827 00:30:03.504019 1089567 tcp_socket_server.cc:200] [aorta]The ip info is0.0.0.0:45221
I0827 00:30:03.504088 1089567 shm_socket_server.cc:101] [aorta][/wbc/motion_stop] bind at pipe sock name d2379|python3.10|p1088358|n0|/wbc/motion_stop|p5
I0827 00:30:03.504145 1088358 node_impl.cc:198] [aorta]CreatePublisher, host:0.0.0.0, port:45221, sockname:d2379|python3.10|p1088358|n0|/wbc/motion_stop|p5, topic:/wbc/motion_stop, uid:cadb2626-1726-4296-b873-627b48512cf7-13748557535015507650 topic_uid:-1
I0827 00:30:03.504166 1088358 aorta_component.cpp:394] [cosine_internal][AortaComponent] aorta node create publisher. node: python3.10_S1, topic:/wbc/motion_stop, type:genie_msgs.msg.pb.MotionStop, qos:(history:1, depth:5, reliability:1, durability:2), uri:http://10.42.0.101:2379
I0827 00:30:03.504177 1089568 shm_subscriber.cc:120] [aorta]subscriber connect to publisher success, topic /hal/chest_power_state, local d2379|python3.10|p1088358|n0|s7|c0, peer d2379|hal_lowerlimb|p8968|n0|/hal/chest_power_state|p4
I0827 00:30:03.504199 1088358 aorta_publisher.cpp:119] [cosine_internal][AortaPublisher] publisher initialize. topic:/wbc/motion_stop, uri:
I0827 00:30:03.504208 1088358 publisher.cpp:27] [GDK]create publisher: /wbc/motion_stop type: genie_msgs.msg.pb.MotionStop qos: 1 1 5 2
I0827 00:30:03.504240 1088445 centralized_discovery.cc:681] [aorta]publisher uid:0c0fa290-df32-4df8-9aaa-2c88e691b5c5-8113233340941315482 topic:/hal/joint_cmd
I0827 00:30:03.504290 1088358 cosine_bus_manager.cpp:294] [cosine_internal][CosineBusManager] create publisher. topic name:/wbc/set_control_mode , middleware:aorta
I0827 00:30:03.504720 1088358 tcp_publisher.cc:179] [aorta]topic /wbc/set_control_mode, pub_queue_size_ 5, latch_queue_size_ 0
I0827 00:30:03.504770 1089567 tcp_socket_server.cc:200] [aorta]The ip info is0.0.0.0:43345
I0827 00:30:03.504829 1089567 shm_socket_server.cc:101] [aorta][/wbc/set_control_mode] bind at pipe sock name d2379|python3.10|p1088358|n0|/wbc/set_control_mode|p6
I0827 00:30:03.504880 1088358 node_impl.cc:198] [aorta]CreatePublisher, host:0.0.0.0, port:43345, sockname:d2379|python3.10|p1088358|n0|/wbc/set_control_mode|p6, topic:/wbc/set_control_mode, uid:aab607a4-47ca-4c8f-bb91-b3b0715225c1-14916454457450496029 topic_uid:-1
I0827 00:30:03.504899 1088358 aorta_component.cpp:394] [cosine_internal][AortaComponent] aorta node create publisher. node: python3.10_S1, topic:/wbc/set_control_mode, type:genie_msgs.msg.pb.SetControlMode, qos:(history:1, depth:5, reliability:1, durability:2), uri:http://10.42.0.101:2379
I0827 00:30:03.504930 1088358 aorta_publisher.cpp:119] [cosine_internal][AortaPublisher] publisher initialize. topic:/wbc/set_control_mode, uri:
I0827 00:30:03.504937 1088358 publisher.cpp:27] [GDK]create publisher: /wbc/set_control_mode type: genie_msgs.msg.pb.SetControlMode qos: 1 1 5 2
I0827 00:30:03.505025 1088358 cosine_bus_manager.cpp:294] [cosine_internal][CosineBusManager] create publisher. topic name:/wbc/end_effector_pose_control , middleware:aorta
I0827 00:30:03.505151 1088445 centralized_discovery.cc:681] [aorta]publisher uid:299b4d9e-1cf6-4dfc-a417-bdbcdeed46d8-15677759012602946526 topic:/wbc/left_ee_command
I0827 00:30:03.505437 1088358 tcp_publisher.cc:179] [aorta]topic /wbc/end_effector_pose_control, pub_queue_size_ 5, latch_queue_size_ 0
I0827 00:30:03.505486 1089567 tcp_socket_server.cc:200] [aorta]The ip info is0.0.0.0:42969
I0827 00:30:03.505548 1089567 shm_socket_server.cc:101] [aorta][/wbc/end_effector_pose_control] bind at pipe sock name d2379|python3.10|p1088358|n0|/wbc/end_effector_pose_control|p7
I0827 00:30:03.505599 1088358 node_impl.cc:198] [aorta]CreatePublisher, host:0.0.0.0, port:42969, sockname:d2379|python3.10|p1088358|n0|/wbc/end_effector_pose_control|p7, topic:/wbc/end_effector_pose_control, uid:8c981fa7-04a5-4097-aec0-ac1b537a5ff8-8961509146944305143 topic_uid:-1
I0827 00:30:03.505617 1088358 aorta_component.cpp:394] [cosine_internal][AortaComponent] aorta node create publisher. node: python3.10_S1, topic:/wbc/end_effector_pose_control, type:genie_msgs.msg.pb.EndEffectorPoseControl, qos:(history:1, depth:5, reliability:1, durability:2), uri:http://10.42.0.101:2379
I0827 00:30:03.505648 1088358 aorta_publisher.cpp:119] [cosine_internal][AortaPublisher] publisher initialize. topic:/wbc/end_effector_pose_control, uri:
I0827 00:30:03.505656 1088358 publisher.cpp:27] [GDK]create publisher: /wbc/end_effector_pose_control type: genie_msgs.msg.pb.EndEffectorPoseControl qos: 1 1 5 2
I0827 00:30:03.505756 1088358 cosine_bus_manager.cpp:294] [cosine_internal][CosineBusManager] create publisher. topic name:/wbc/joint_position_control , middleware:aorta
I0827 00:30:03.506191 1088358 tcp_publisher.cc:179] [aorta]topic /wbc/joint_position_control, pub_queue_size_ 5, latch_queue_size_ 0
I0827 00:30:03.506282 1089567 tcp_socket_server.cc:200] [aorta]The ip info is0.0.0.0:43033
I0827 00:30:03.506353 1089567 shm_socket_server.cc:101] [aorta][/wbc/joint_position_control] bind at pipe sock name d2379|python3.10|p1088358|n0|/wbc/joint_position_control|p8
I0827 00:30:03.506412 1088358 node_impl.cc:198] [aorta]CreatePublisher, host:0.0.0.0, port:43033, sockname:d2379|python3.10|p1088358|n0|/wbc/joint_position_control|p8, topic:/wbc/joint_position_control, uid:47d7ebda-9969-4e42-afcb-5bfcb1dace2a-17554954426434248758 topic_uid:-1
I0827 00:30:03.506430 1088358 aorta_component.cpp:394] [cosine_internal][AortaComponent] aorta node create publisher. node: python3.10_S1, topic:/wbc/joint_position_control, type:genie_msgs.msg.pb.JointPositionControl, qos:(history:1, depth:5, reliability:1, durability:2), uri:http://10.42.0.101:2379
I0827 00:30:03.506461 1088358 aorta_publisher.cpp:119] [cosine_internal][AortaPublisher] publisher initialize. topic:/wbc/joint_position_control, uri:
I0827 00:30:03.506469 1088358 publisher.cpp:27] [GDK]create publisher: /wbc/joint_position_control type: genie_msgs.msg.pb.JointPositionControl qos: 1 1 5 2
I0827 00:30:03.506538 1088358 cosine_bus_manager.cpp:294] [cosine_internal][CosineBusManager] create publisher. topic name:/MotionControlService/JointPosition/request , middleware:aorta
I0827 00:30:03.506963 1088358 tcp_publisher.cc:179] [aorta]topic /MotionControlService/JointPosition/request, pub_queue_size_ 5, latch_queue_size_ 0
I0827 00:30:03.507050 1088445 centralized_discovery.cc:681] [aorta]publisher uid:1fb80bf5-5dfe-4151-b5e5-836ddabbc509-12160131399292109555 topic:/wbc/right_ee_command
I0827 00:30:03.507190 1089567 tcp_socket_server.cc:200] [aorta]The ip info is0.0.0.0:44505
I0827 00:30:03.507324 1089567 shm_socket_server.cc:101] [aorta][/MotionControlService/JointPosition/request] bind at pipe sock name d2379|python3.10|p1088358|n0|..onControlService/JointPosition/request|p9
I0827 00:30:03.507453 1088358 node_impl.cc:198] [aorta]CreatePublisher, host:0.0.0.0, port:44505, sockname:d2379|python3.10|p1088358|n0|..onControlService/JointPosition/request|p9, topic:/MotionControlService/JointPosition/request, uid:84acb2b8-4530-4ca0-bc3f-294280dce569-13247891859042633557 topic_uid:-1
I0827 00:30:03.507501 1088358 aorta_component.cpp:394] [cosine_internal][AortaComponent] aorta node create publisher. node: python3.10_S1, topic:/MotionControlService/JointPosition/request, type:genie_msgs.msg.pb.JointPositionRequst, qos:(history:1, depth:5, reliability:1, durability:2), uri:http://10.42.0.101:2379
I0827 00:30:03.507536 1088358 aorta_publisher.cpp:119] [cosine_internal][AortaPublisher] publisher initialize. topic:/MotionControlService/JointPosition/request, uri:
I0827 00:30:03.507544 1088358 publisher.cpp:27] [GDK]create publisher: /MotionControlService/JointPosition/request type: genie_msgs.msg.pb.JointPositionRequst qos: 1 1 5 2
I0827 00:30:03.507658 1088358 cosine_bus_manager.cpp:294] [cosine_internal][CosineBusManager] create publisher. topic name:/MotionControlService/ControlMode/request , middleware:aorta
I0827 00:30:03.508085 1088358 tcp_publisher.cc:179] [aorta]topic /MotionControlService/ControlMode/request, pub_queue_size_ 5, latch_queue_size_ 0
I0827 00:30:03.508147 1089567 tcp_socket_server.cc:200] [aorta]The ip info is0.0.0.0:45567
I0827 00:30:03.508210 1089567 shm_socket_server.cc:101] [aorta][/MotionControlService/ControlMode/request] bind at pipe sock name d2379|python3.10|p1088358|n0|..tionControlService/ControlMode/request|p10
I0827 00:30:03.508270 1088358 node_impl.cc:198] [aorta]CreatePublisher, host:0.0.0.0, port:45567, sockname:d2379|python3.10|p1088358|n0|..tionControlService/ControlMode/request|p10, topic:/MotionControlService/ControlMode/request, uid:480a5396-eeb0-4efc-b72c-82d703f063fb-7079047142913889307 topic_uid:-1
I0827 00:30:03.508288 1088358 aorta_component.cpp:394] [cosine_internal][AortaComponent] aorta node create publisher. node: python3.10_S1, topic:/MotionControlService/ControlMode/request, type:genie_msgs.msg.pb.ControlModeRequest, qos:(history:1, depth:5, reliability:1, durability:2), uri:http://10.42.0.101:2379
I0827 00:30:03.508320 1088358 aorta_publisher.cpp:119] [cosine_internal][AortaPublisher] publisher initialize. topic:/MotionControlService/ControlMode/request, uri:
I0827 00:30:03.508327 1088358 publisher.cpp:27] [GDK]create publisher: /MotionControlService/ControlMode/request type: genie_msgs.msg.pb.ControlModeRequest qos: 1 1 5 2
I0827 00:30:03.508350 1088358 cosine_bus_manager.cpp:294] [cosine_internal][CosineBusManager] create publisher. topic name:/MotionControlService/SetLoad/request , middleware:aorta
I0827 00:30:03.508752 1088358 tcp_publisher.cc:179] [aorta]topic /MotionControlService/SetLoad/request, pub_queue_size_ 5, latch_queue_size_ 0
I0827 00:30:03.508797 1089567 tcp_socket_server.cc:200] [aorta]The ip info is0.0.0.0:33913
I0827 00:30:03.508857 1089567 shm_socket_server.cc:101] [aorta][/MotionControlService/SetLoad/request] bind at pipe sock name d2379|python3.10|p1088358|n0|/MotionControlService/SetLoad/request|p11
