Log file created at: 2025/08/27 00:11:54
Running on machine: G2
Log line format: [IWEF]mmdd hh:mm:ss.uuuuuu threadid file:line] msg
I0827 00:11:54.803383 775566 dylog_impl.cpp:641] [DYLOG] set dylog default level to INFO
I0827 00:11:54.803452 775566 dylog_impl.cpp:690] [DYLOG] soc num : R2
I0827 00:11:54.803465 775566 dylog_impl.cpp:695] [DYLOG] can't read scene_mode, use sud
W0827 00:11:54.803490 775566 dylog_impl.cpp:757] [DYLOG] can't find available json config file with path : /home/agi/app/conf/scene_server/dylog_sud_default.json, use default.
I0827 00:11:54.803596 775566 dylog_impl.cpp:293] [DYLOG] register dsd_name : dylog/python3.10/cosine_internal
I0827 00:11:54.806737 775566 cosine_bus_manager.cpp:88] [cosine_internal][CosineBusManager] cosine bus config path not set, use default config.
I0827 00:11:54.806811 775566 cosine_bus_manager.cpp:118] [cosine_internal][CosineBusManager] initial cosine_bus_config:
I0827 00:11:54.808233 775566 cosine_bus_global_sync.cpp:30] [cosine_internal][BusGlobalSync] set default middleware name:aorta
I0827 00:11:54.808274 775566 scheduler_classic.cpp:28] [cosine_internal]Proc number set to be: 1
I0827 00:11:54.809357 775566 dynamic_object.cpp:521] [cosine_internal][DynamicObject] open libdynamic_aorta.so success.
I0827 00:11:54.809542 775566 dynamic_object.cpp:581] [cosine_internal][DynamicObject] Successfully enumerated 57 symbols in libdynamic_aorta.so
I0827 00:11:54.809552 775566 resource_loader.cpp:13] [cosine_internal][ResourceLoader] Attempting to load function: aorta_get_object
I0827 00:11:54.809557 775566 resource_loader.cpp:17] [cosine_internal][ResourceLoader] Trying address() method for C++ symbol: aorta_get_object
I0827 00:11:54.809563 775566 resource_loader.cpp:20] [cosine_internal][ResourceLoader] Successfully loaded C++ symbol: aorta_get_object
I0827 00:11:54.809566 775566 resource_loader.cpp:13] [cosine_internal][ResourceLoader] Attempting to load function: aorta_call_object_func
I0827 00:11:54.809571 775566 resource_loader.cpp:17] [cosine_internal][ResourceLoader] Trying address() method for C++ symbol: aorta_call_object_func
I0827 00:11:54.809573 775566 resource_loader.cpp:20] [cosine_internal][ResourceLoader] Successfully loaded C++ symbol: aorta_call_object_func
I0827 00:11:54.809577 775566 resource_loader.cpp:13] [cosine_internal][ResourceLoader] Attempting to load function: aorta_clean_up
I0827 00:11:54.809580 775566 resource_loader.cpp:17] [cosine_internal][ResourceLoader] Trying address() method for C++ symbol: aorta_clean_up
I0827 00:11:54.809594 775566 resource_loader.cpp:25] [cosine_internal][ResourceLoader] C++ symbol failed, trying c_address() method for C symbol: aorta_clean_up
I0827 00:11:54.809599 775566 resource_loader.cpp:28] [cosine_internal][ResourceLoader] Successfully loaded C symbol: aorta_clean_up
W0827 00:11:54.809607 775566 aorta_component.cpp:90] [cosine_internal]Environment variable [LOCATOR_IP/DDS_IP] not set, fallback to 10.42.0.101
I0827 00:11:54.809613 775566 aorta_component.cpp:496] [cosine_internal][AortaComponent] locator_ip: 10.42.0.101; Check network before domain init 
I0827 00:11:54.809650 775566 clock.cpp:22] [cosine_internal]load ptp time source from: libptp_clock_time.so
I0827 00:11:54.809823 775566 dynamic_object.cpp:521] [cosine_internal][DynamicObject] open libptp_clock_time.so success.
I0827 00:11:54.810295 775566 aorta_component.cpp:515] [cosine_internal][AortaComponent] Network check start. locator_ip: 10.42.0.101, timeout: 60 seconds , check_start_time: 1756224714
I0827 00:11:54.810314 775566 aorta_component.cpp:526] [cosine_internal][AortaComponent] locator_ip: 10.42.0.101; network is ready.
I0827 00:11:54.810362 775566 dylog_impl.cpp:293] [DYLOG] register dsd_name : dylog/python3.10/aorta
I0827 00:11:54.810499 775566 pcie_config.cc:52] [aorta]Get one valid pcie channel. producer: soc-s3 app-map_loc_app endpoint-nvscic2c_pcie_s3_c7_11 consumer: soc-s1 app-worldmodel endpoint-nvscic2c_pcie_s1_c7_11
I0827 00:11:54.810592 775566 os.cc:88] [aorta]Got host_id from system files: Huixi R1ROBOR2
I0827 00:11:54.810631 775566 pcie_manager.cc:71] [aorta]There is no pcie config in current process.
I0827 00:11:54.811017 775566 message_monitor_config.cc:398] [aorta]run in  mode
I0827 00:11:54.812283 775566 domain_impl.cc:58] [aorta]aorta version:7b1b7ddc
I0827 00:11:54.812314 775566 json_comm.cc:35] [aorta]file path: /home/agi/app/conf/topology/topology_rule.json not exist.
I0827 00:11:54.812330 775566 message_monitor_config.cc:398] [aorta]run in  mode
I0827 00:11:54.813680 775566 message_monitor_config.cc:731] [aorta]message monitor is updated from /home/agi/app/conf/aorta/function/aorta_monitor_conf.json
I0827 00:11:54.814872 775566 discovery_factory.cc:14] [aorta]type:1, host:10.42.0.101, port:2379, ttl:15, minor_cycle:100, major_cycle:3
I0827 00:11:54.815371 775566 config.cc:53] [aorta]AORTA_IP_MASK not set.
I0827 00:11:54.815382 775566 discovery.cc:245] [aorta]get ip masks empty.
I0827 00:11:54.815388 775566 config.cc:200] [aorta]AORTA_EXTRA_LOCAL_IPS not set.
I0827 00:11:54.815392 775566 discovery.cc:266] [aorta]local_publisher_ips_ empty.
I0827 00:11:54.815412 775566 config.cc:124] [aorta]ip match, ip:127.0.0.1
I0827 00:11:54.815419 775566 discovery.cc:275] [aorta]default emplace ip:10.42.0.101
I0827 00:11:54.815424 775566 discovery.cc:275] [aorta]default emplace ip:10.42.12.101
I0827 00:11:54.815426 775566 discovery.cc:275] [aorta]default emplace ip:10.42.1.101
I0827 00:11:54.815429 775566 discovery.cc:275] [aorta]default emplace ip:10.42.6.101
I0827 00:11:54.815433 775566 discovery.cc:275] [aorta]default emplace ip:192.168.1.101
I0827 00:11:54.815435 775566 discovery.cc:275] [aorta]default emplace ip:10.42.30.101
I0827 00:11:54.815438 775566 discovery.cc:275] [aorta]default emplace ip:10.42.40.101
I0827 00:11:54.815440 775566 discovery.cc:275] [aorta]default emplace ip:10.20.15.199
I0827 00:11:54.815443 775566 discovery.cc:275] [aorta]default emplace ip:10.42.6.101
I0827 00:11:54.815447 775566 centralized_discovery.cc:55] [aorta]lease_ttl_:15
I0827 00:11:54.815888 775566 aorta_component.cpp:561] [cosine_internal][AortaComponent] aorta create domain success. uri:http://10.42.0.101:2379
I0827 00:11:54.816036 775566 aorta_component.cpp:447] [cosine_internal][AortaComponent] aorta domain created node: python3.10_S1 , domain_uri:http://10.42.0.101:2379
I0827 00:11:54.816045 775566 aorta_component.cpp:126] [cosine_internal][AortaComponent] aorta component init success. node:python3.10_S1, uri:http://10.42.0.101:2379, locator_kind(1:shm,2:tcp,3:udp):2, locator_ip:10.42.0.101, locator_port:0, aorta_dispatcher_thread_num:1
I0827 00:11:54.816206 775624 processor.cpp:40] [cosine_internal]processor_tid: 775624
I0827 00:11:54.816448 775630 executor_impl.cc:91] [aorta]aorta-dispatch0 start spinning
I0827 00:11:54.846459 775629 centralized_discovery.cc:1110] [aorta]poll thread: revision:1537
I0827 00:11:54.846575 775629 centralized_discovery.cc:1123] [aorta]inotify_fd_:15 inotify_watch_:1 inotify_watch_path:/home/agi/app/conf/aorta/function
I0827 00:11:54.848090 775629 centralized_discovery.cc:615] [aorta]grant lease for node python3.10_S1 lease_id = 7587889064995181053
I0827 00:11:54.849390 775629 watch_state.cc:54] [aorta]watch connect success.
I0827 00:11:54.850201 775629 centralized_discovery.cc:1615] [aorta]recv watch response created.
I0827 00:11:54.882877 775566 cosine_bus_manager.cpp:294] [cosine_internal][CosineBusManager] create publisher. topic name:/gdk/config_request , middleware:aorta
I0827 00:11:54.883597 775566 tcp_publisher.cc:179] [aorta]topic /gdk/config_request, pub_queue_size_ 5, latch_queue_size_ 0
I0827 00:11:54.883806 775649 tcp_socket_server.cc:200] [aorta]The ip info is0.0.0.0:41261
I0827 00:11:54.883977 775649 shm_socket_server.cc:101] [aorta][/gdk/config_request] bind at pipe sock name d2379|python3.10|p775566|n0|/gdk/config_request|p0
I0827 00:11:54.884075 775566 node_impl.cc:198] [aorta]CreatePublisher, host:0.0.0.0, port:41261, sockname:d2379|python3.10|p775566|n0|/gdk/config_request|p0, topic:/gdk/config_request, uid:05cccf5f-8619-45a3-9e02-abcf9a138ef2-4991715019463590898 topic_uid:-1
I0827 00:11:54.884110 775566 aorta_component.cpp:394] [cosine_internal][AortaComponent] aorta node create publisher. node: python3.10_S1, topic:/gdk/config_request, type:genie_msgs.msg.pb.CommonRequest, qos:(history:1, depth:5, reliability:1, durability:2), uri:http://10.42.0.101:2379
I0827 00:11:54.884150 775566 aorta_publisher.cpp:119] [cosine_internal][AortaPublisher] publisher initialize. topic:/gdk/config_request, uri:
I0827 00:11:54.884166 775566 dylog_impl.cpp:293] [DYLOG] register dsd_name : dylog/python3.10/GDK
I0827 00:11:54.884243 775566 publisher.cpp:27] [GDK]create publisher: /gdk/config_request type: genie_msgs.msg.pb.CommonRequest qos: 1 1 5 2
I0827 00:11:54.884271 775566 cosine_bus_manager.cpp:294] [cosine_internal][CosineBusManager] create publisher. topic name:/gdk/camera_conf_request , middleware:aorta
I0827 00:11:54.884712 775566 tcp_publisher.cc:179] [aorta]topic /gdk/camera_conf_request, pub_queue_size_ 5, latch_queue_size_ 0
I0827 00:11:54.884771 775649 tcp_socket_server.cc:200] [aorta]The ip info is0.0.0.0:38861
I0827 00:11:54.884842 775649 shm_socket_server.cc:101] [aorta][/gdk/camera_conf_request] bind at pipe sock name d2379|python3.10|p775566|n0|/gdk/camera_conf_request|p1
I0827 00:11:54.884838 775629 centralized_discovery.cc:681] [aorta]publisher uid:05cccf5f-8619-45a3-9e02-abcf9a138ef2-4991715019463590898 topic:/gdk/config_request
I0827 00:11:54.884907 775566 node_impl.cc:198] [aorta]CreatePublisher, host:0.0.0.0, port:38861, sockname:d2379|python3.10|p775566|n0|/gdk/camera_conf_request|p1, topic:/gdk/camera_conf_request, uid:e308dcdb-2099-4c15-8c64-19da0bd90015-9117180461459404870 topic_uid:-1
I0827 00:11:54.884927 775566 aorta_component.cpp:394] [cosine_internal][AortaComponent] aorta node create publisher. node: python3.10_S1, topic:/gdk/camera_conf_request, type:genie_msgs.msg.pb.CommonRequest, qos:(history:1, depth:5, reliability:1, durability:2), uri:http://10.42.0.101:2379
I0827 00:11:54.884955 775566 aorta_publisher.cpp:119] [cosine_internal][AortaPublisher] publisher initialize. topic:/gdk/camera_conf_request, uri:
I0827 00:11:54.884964 775566 publisher.cpp:27] [GDK]create publisher: /gdk/camera_conf_request type: genie_msgs.msg.pb.CommonRequest qos: 1 1 5 2
I0827 00:11:54.884982 775566 cosine_bus_manager.cpp:400] [cosine_internal][CosineBusManager] create subscriber. topic name:/gdk/config_response , middleware:aorta , need async callback:0, frame_skip_rate:1
I0827 00:11:54.884992 775566 aorta_component.cpp:174] [cosine_internal][AortaComponent] callback_name:/gdk/config_responsehttp://10.42.0.101:2379
I0827 00:11:54.885071 775566 dynamic_object.cpp:521] [cosine_internal][DynamicObject] open  success.
I0827 00:11:54.885246 775566 buffered_data_export.cpp:115] [cosine_internal]successfully create buffer [bus_buffer___gdk__config_response, type genie_msgs.msg.pb.CommonResponse, block num 5, valid_time 0, transfer_type 0, data_size 0, mem_type 0, lib_name , ext_data_size 0, is_protobuf 1, enable_event_sync_subscriber 0], buffer id = 1
I0827 00:11:54.885275 775566 cosine_bus_message_buffer.cpp:45] [cosine_internal][CosineBusMessageBuffer] create buffer success. name:bus_buffer___gdk__config_response, type:genie_msgs.msg.pb.CommonResponse, size:5
I0827 00:11:54.885361 775566 node_impl.cc:344] [aorta]CreateSubscriber topic:/gdk/config_response, uid:e186d2ca-2053-4b1a-a29d-eef029f93f7a-9533047780102618842 topic_uid:-1
I0827 00:11:54.885923 775566 aorta_component.cpp:326] [cosine_internal][AortaComponent] aorta node create subscriber. node: python3.10_S1, topic:/gdk/config_response, type:genie_msgs.msg.pb.CommonResponse, qos:(history:1, depth:5, reliability:1, durability:2), uri:http://10.42.0.101:2379
I0827 00:11:54.885941 775566 aorta_subscriber.hpp:96] [cosine_internal][AortaSubscriber] initial. topic:/gdk/config_response, uri:
I0827 00:11:54.885958 775566 cosine_bus_manager.cpp:400] [cosine_internal][CosineBusManager] create subscriber. topic name:/gdk/camera_conf_response , middleware:aorta , need async callback:0, frame_skip_rate:1
I0827 00:11:54.885967 775566 aorta_component.cpp:174] [cosine_internal][AortaComponent] callback_name:/gdk/camera_conf_responsehttp://10.42.0.101:2379
I0827 00:11:54.886020 775566 buffered_data_export.cpp:115] [cosine_internal]successfully create buffer [bus_buffer___gdk__camera_conf_response, type genie_msgs.msg.pb.CommonResponse, block num 5, valid_time 0, transfer_type 0, data_size 0, mem_type 0, lib_name , ext_data_size 0, is_protobuf 1, enable_event_sync_subscriber 0], buffer id = 2
I0827 00:11:54.886036 775566 cosine_bus_message_buffer.cpp:45] [cosine_internal][CosineBusMessageBuffer] create buffer success. name:bus_buffer___gdk__camera_conf_response, type:genie_msgs.msg.pb.CommonResponse, size:5
I0827 00:11:54.886117 775566 node_impl.cc:344] [aorta]CreateSubscriber topic:/gdk/camera_conf_response, uid:3d9d2ea3-eef2-4144-aaca-b288c6798a74-3551884323222435368 topic_uid:-1
I0827 00:11:54.886514 775566 aorta_component.cpp:326] [cosine_internal][AortaComponent] aorta node create subscriber. node: python3.10_S1, topic:/gdk/camera_conf_response, type:genie_msgs.msg.pb.CommonResponse, qos:(history:1, depth:5, reliability:1, durability:2), uri:http://10.42.0.101:2379
I0827 00:11:54.886526 775566 aorta_subscriber.hpp:96] [cosine_internal][AortaSubscriber] initial. topic:/gdk/camera_conf_response, uri:
I0827 00:11:54.886605 775566 cosine_bus_manager.cpp:400] [cosine_internal][CosineBusManager] create subscriber. topic name:/pnc/task_state , middleware:aorta , need async callback:0, frame_skip_rate:1
I0827 00:11:54.886615 775566 aorta_component.cpp:174] [cosine_internal][AortaComponent] callback_name:/pnc/task_statehttp://10.42.0.101:2379
I0827 00:11:54.887995 775629 centralized_discovery.cc:681] [aorta]publisher uid:e308dcdb-2099-4c15-8c64-19da0bd90015-9117180461459404870 topic:/gdk/camera_conf_request
I0827 00:11:54.888557 775566 buffered_data_export.cpp:115] [cosine_internal]successfully create buffer [bus_buffer___pnc__task_state, type pnc_msgs.TaskState, block num 5, valid_time 0, transfer_type 0, data_size 0, mem_type 0, lib_name , ext_data_size 0, is_protobuf 1, enable_event_sync_subscriber 0], buffer id = 3
I0827 00:11:54.888581 775566 cosine_bus_message_buffer.cpp:45] [cosine_internal][CosineBusMessageBuffer] create buffer success. name:bus_buffer___pnc__task_state, type:pnc_msgs.TaskState, size:5
I0827 00:11:54.888695 775566 node_impl.cc:344] [aorta]CreateSubscriber topic:/pnc/task_state, uid:0c0d7713-0230-450d-83b1-d50692af641d-9096530589114119892 topic_uid:-1
I0827 00:11:54.889103 775566 aorta_component.cpp:326] [cosine_internal][AortaComponent] aorta node create subscriber. node: python3.10_S1, topic:/pnc/task_state, type:pnc_msgs.TaskState, qos:(history:1, depth:5, reliability:1, durability:2), uri:http://10.42.0.101:2379
I0827 00:11:54.889117 775566 aorta_subscriber.hpp:96] [cosine_internal][AortaSubscriber] initial. topic:/pnc/task_state, uri:
I0827 00:11:54.889158 775566 cosine_bus_manager.cpp:400] [cosine_internal][CosineBusManager] create subscriber. topic name:/pnc/task_service/normal_navigation/response , middleware:aorta , need async callback:0, frame_skip_rate:1
I0827 00:11:54.889168 775566 aorta_component.cpp:174] [cosine_internal][AortaComponent] callback_name:/pnc/task_service/normal_navigation/responsehttp://10.42.0.101:2379
I0827 00:11:54.889225 775566 buffered_data_export.cpp:115] [cosine_internal]successfully create buffer [bus_buffer___pnc__task_service__normal_navigation__response, type pnc_msgs.NormalNavigationResponse, block num 5, valid_time 0, transfer_type 0, data_size 0, mem_type 0, lib_name , ext_data_size 0, is_protobuf 1, enable_event_sync_subscriber 0], buffer id = 4
I0827 00:11:54.889237 775566 cosine_bus_message_buffer.cpp:45] [cosine_internal][CosineBusMessageBuffer] create buffer success. name:bus_buffer___pnc__task_service__normal_navigation__response, type:pnc_msgs.NormalNavigationResponse, size:5
I0827 00:11:54.889312 775566 node_impl.cc:344] [aorta]CreateSubscriber topic:/pnc/task_service/normal_navigation/response, uid:52ac0e33-a43f-442d-895b-51696407b403-7227396448010854466 topic_uid:-1
I0827 00:11:54.889690 775566 aorta_component.cpp:326] [cosine_internal][AortaComponent] aorta node create subscriber. node: python3.10_S1, topic:/pnc/task_service/normal_navigation/response, type:pnc_msgs.NormalNavigationResponse, qos:(history:1, depth:5, reliability:1, durability:2), uri:http://10.42.0.101:2379
I0827 00:11:54.889700 775566 aorta_subscriber.hpp:96] [cosine_internal][AortaSubscriber] initial. topic:/pnc/task_service/normal_navigation/response, uri:
I0827 00:11:54.889716 775566 cosine_bus_manager.cpp:400] [cosine_internal][CosineBusManager] create subscriber. topic name:/pnc/task_service/high_precision_navigation/response , middleware:aorta , need async callback:0, frame_skip_rate:1
I0827 00:11:54.889724 775566 aorta_component.cpp:174] [cosine_internal][AortaComponent] callback_name:/pnc/task_service/high_precision_navigation/responsehttp://10.42.0.101:2379
I0827 00:11:54.889758 775566 buffered_data_export.cpp:115] [cosine_internal]successfully create buffer [bus_buffer___pnc__task_service__high_precision_navigation__response, type pnc_msgs.HighPrecisionNavigationResponse, block num 5, valid_time 0, transfer_type 0, data_size 0, mem_type 0, lib_name , ext_data_size 0, is_protobuf 1, enable_event_sync_subscriber 0], buffer id = 5
I0827 00:11:54.889770 775566 cosine_bus_message_buffer.cpp:45] [cosine_internal][CosineBusMessageBuffer] create buffer success. name:bus_buffer___pnc__task_service__high_precision_navigation__response, type:pnc_msgs.HighPrecisionNavigationResponse, size:5
I0827 00:11:54.889829 775566 node_impl.cc:344] [aorta]CreateSubscriber topic:/pnc/task_service/high_precision_navigation/response, uid:7df90230-4adf-4a77-a1ff-27f7d497f090-4701876173029784314 topic_uid:-1
I0827 00:11:54.889861 775629 centralized_discovery.cc:733] [aorta]subscriber uid:e186d2ca-2053-4b1a-a29d-eef029f93f7a-9533047780102618842 topic:/gdk/config_response
I0827 00:11:54.890558 775566 aorta_component.cpp:326] [cosine_internal][AortaComponent] aorta node create subscriber. node: python3.10_S1, topic:/pnc/task_service/high_precision_navigation/response, type:pnc_msgs.HighPrecisionNavigationResponse, qos:(history:1, depth:5, reliability:1, durability:2), uri:http://10.42.0.101:2379
I0827 00:11:54.890578 775566 aorta_subscriber.hpp:96] [cosine_internal][AortaSubscriber] initial. topic:/pnc/task_service/high_precision_navigation/response, uri:
I0827 00:11:54.890594 775566 cosine_bus_manager.cpp:400] [cosine_internal][CosineBusManager] create subscriber. topic name:/pnc/task_service/relative_move/response , middleware:aorta , need async callback:0, frame_skip_rate:1
I0827 00:11:54.890601 775566 aorta_component.cpp:174] [cosine_internal][AortaComponent] callback_name:/pnc/task_service/relative_move/responsehttp://10.42.0.101:2379
I0827 00:11:54.890789 775566 buffered_data_export.cpp:115] [cosine_internal]successfully create buffer [bus_buffer___pnc__task_service__relative_move__response, type pnc_msgs.RelativeMoveResponse, block num 5, valid_time 0, transfer_type 0, data_size 0, mem_type 0, lib_name , ext_data_size 0, is_protobuf 1, enable_event_sync_subscriber 0], buffer id = 6
I0827 00:11:54.890815 775566 cosine_bus_message_buffer.cpp:45] [cosine_internal][CosineBusMessageBuffer] create buffer success. name:bus_buffer___pnc__task_service__relative_move__response, type:pnc_msgs.RelativeMoveResponse, size:5
I0827 00:11:54.890908 775566 node_impl.cc:344] [aorta]CreateSubscriber topic:/pnc/task_service/relative_move/response, uid:bdc697a0-7eda-497a-a799-1876e5147498-4077207897147431090 topic_uid:-1
I0827 00:11:54.891235 775650 shm_subscriber.cc:120] [aorta]subscriber connect to publisher success, topic /gdk/config_response, local d2379|python3.10|p775566|n0|s0|c0, peer d2379|gdk_service|p9011|n0|/gdk/config_response|p0
I0827 00:11:54.891301 775566 aorta_component.cpp:326] [cosine_internal][AortaComponent] aorta node create subscriber. node: python3.10_S1, topic:/pnc/task_service/relative_move/response, type:pnc_msgs.RelativeMoveResponse, qos:(history:1, depth:5, reliability:1, durability:2), uri:http://10.42.0.101:2379
I0827 00:11:54.891311 775566 aorta_subscriber.hpp:96] [cosine_internal][AortaSubscriber] initial. topic:/pnc/task_service/relative_move/response, uri:
I0827 00:11:54.891324 775566 cosine_bus_manager.cpp:400] [cosine_internal][CosineBusManager] create subscriber. topic name:/pnc/task_service/task_cancel/response , middleware:aorta , need async callback:0, frame_skip_rate:1
I0827 00:11:54.891331 775566 aorta_component.cpp:174] [cosine_internal][AortaComponent] callback_name:/pnc/task_service/task_cancel/responsehttp://10.42.0.101:2379
I0827 00:11:54.891331 775629 centralized_discovery.cc:733] [aorta]subscriber uid:3d9d2ea3-eef2-4144-aaca-b288c6798a74-3551884323222435368 topic:/gdk/camera_conf_response
I0827 00:11:54.891383 775566 buffered_data_export.cpp:115] [cosine_internal]successfully create buffer [bus_buffer___pnc__task_service__task_cancel__response, type pnc_msgs.TaskCancelResponse, block num 5, valid_time 0, transfer_type 0, data_size 0, mem_type 0, lib_name , ext_data_size 0, is_protobuf 1, enable_event_sync_subscriber 0], buffer id = 7
I0827 00:11:54.891396 775566 cosine_bus_message_buffer.cpp:45] [cosine_internal][CosineBusMessageBuffer] create buffer success. name:bus_buffer___pnc__task_service__task_cancel__response, type:pnc_msgs.TaskCancelResponse, size:5
I0827 00:11:54.891469 775566 node_impl.cc:344] [aorta]CreateSubscriber topic:/pnc/task_service/task_cancel/response, uid:0ada78dc-9452-4102-9cee-f9f3ef529340-3654631836754090917 topic_uid:-1
I0827 00:11:54.891865 775566 aorta_component.cpp:326] [cosine_internal][AortaComponent] aorta node create subscriber. node: python3.10_S1, topic:/pnc/task_service/task_cancel/response, type:pnc_msgs.TaskCancelResponse, qos:(history:1, depth:5, reliability:1, durability:2), uri:http://10.42.0.101:2379
I0827 00:11:54.891873 775566 aorta_subscriber.hpp:96] [cosine_internal][AortaSubscriber] initial. topic:/pnc/task_service/task_cancel/response, uri:
I0827 00:11:54.891884 775566 cosine_bus_manager.cpp:400] [cosine_internal][CosineBusManager] create subscriber. topic name:/pnc/task_service/task_pause/response , middleware:aorta , need async callback:0, frame_skip_rate:1
I0827 00:11:54.891891 775566 aorta_component.cpp:174] [cosine_internal][AortaComponent] callback_name:/pnc/task_service/task_pause/responsehttp://10.42.0.101:2379
I0827 00:11:54.891923 775566 buffered_data_export.cpp:115] [cosine_internal]successfully create buffer [bus_buffer___pnc__task_service__task_pause__response, type pnc_msgs.TaskPauseResponse, block num 5, valid_time 0, transfer_type 0, data_size 0, mem_type 0, lib_name , ext_data_size 0, is_protobuf 1, enable_event_sync_subscriber 0], buffer id = 8
I0827 00:11:54.891933 775566 cosine_bus_message_buffer.cpp:45] [cosine_internal][CosineBusMessageBuffer] create buffer success. name:bus_buffer___pnc__task_service__task_pause__response, type:pnc_msgs.TaskPauseResponse, size:5
I0827 00:11:54.892004 775566 node_impl.cc:344] [aorta]CreateSubscriber topic:/pnc/task_service/task_pause/response, uid:3b90ad1d-2e6a-4115-91b9-74f65d985f0a-4995236092065324733 topic_uid:-1
I0827 00:11:54.892334 775650 shm_subscriber.cc:120] [aorta]subscriber connect to publisher success, topic /gdk/camera_conf_response, local d2379|python3.10|p775566|n0|s1|c0, peer d2379|gdk_service|p9011|n0|/gdk/camera_conf_response|p1
I0827 00:11:54.892383 775566 aorta_component.cpp:326] [cosine_internal][AortaComponent] aorta node create subscriber. node: python3.10_S1, topic:/pnc/task_service/task_pause/response, type:pnc_msgs.TaskPauseResponse, qos:(history:1, depth:5, reliability:1, durability:2), uri:http://10.42.0.101:2379
I0827 00:11:54.892393 775566 aorta_subscriber.hpp:96] [cosine_internal][AortaSubscriber] initial. topic:/pnc/task_service/task_pause/response, uri:
I0827 00:11:54.892397 775629 centralized_discovery.cc:733] [aorta]subscriber uid:0c0d7713-0230-450d-83b1-d50692af641d-9096530589114119892 topic:/pnc/task_state
I0827 00:11:54.892409 775566 cosine_bus_manager.cpp:400] [cosine_internal][CosineBusManager] create subscriber. topic name:/pnc/task_service/task_resume/response , middleware:aorta , need async callback:0, frame_skip_rate:1
I0827 00:11:54.892416 775566 aorta_component.cpp:174] [cosine_internal][AortaComponent] callback_name:/pnc/task_service/task_resume/responsehttp://10.42.0.101:2379
I0827 00:11:54.892448 775566 buffered_data_export.cpp:115] [cosine_internal]successfully create buffer [bus_buffer___pnc__task_service__task_resume__response, type pnc_msgs.TaskResumeResponse, block num 5, valid_time 0, transfer_type 0, data_size 0, mem_type 0, lib_name , ext_data_size 0, is_protobuf 1, enable_event_sync_subscriber 0], buffer id = 9
I0827 00:11:54.892459 775566 cosine_bus_message_buffer.cpp:45] [cosine_internal][CosineBusMessageBuffer] create buffer success. name:bus_buffer___pnc__task_service__task_resume__response, type:pnc_msgs.TaskResumeResponse, size:5
I0827 00:11:54.892524 775566 node_impl.cc:344] [aorta]CreateSubscriber topic:/pnc/task_service/task_resume/response, uid:33b03d6f-c87c-4ff0-8992-ed8c58f5ff57-16859347558940246081 topic_uid:-1
I0827 00:11:54.892911 775566 aorta_component.cpp:326] [cosine_internal][AortaComponent] aorta node create subscriber. node: python3.10_S1, topic:/pnc/task_service/task_resume/response, type:pnc_msgs.TaskResumeResponse, qos:(history:1, depth:5, reliability:1, durability:2), uri:http://10.42.0.101:2379
I0827 00:11:54.892922 775566 aorta_subscriber.hpp:96] [cosine_internal][AortaSubscriber] initial. topic:/pnc/task_service/task_resume/response, uri:
I0827 00:11:54.892938 775566 cosine_bus_manager.cpp:400] [cosine_internal][CosineBusManager] create subscriber. topic name:/pnc/task_service/remote_control/response , middleware:aorta , need async callback:0, frame_skip_rate:1
I0827 00:11:54.892946 775566 aorta_component.cpp:174] [cosine_internal][AortaComponent] callback_name:/pnc/task_service/remote_control/responsehttp://10.42.0.101:2379
I0827 00:11:54.892982 775566 buffered_data_export.cpp:115] [cosine_internal]successfully create buffer [bus_buffer___pnc__task_service__remote_control__response, type pnc_msgs.RemoteControlResponse, block num 5, valid_time 0, transfer_type 0, data_size 0, mem_type 0, lib_name , ext_data_size 0, is_protobuf 1, enable_event_sync_subscriber 0], buffer id = 10
I0827 00:11:54.892992 775566 cosine_bus_message_buffer.cpp:45] [cosine_internal][CosineBusMessageBuffer] create buffer success. name:bus_buffer___pnc__task_service__remote_control__response, type:pnc_msgs.RemoteControlResponse, size:5
I0827 00:11:54.893066 775566 node_impl.cc:344] [aorta]CreateSubscriber topic:/pnc/task_service/remote_control/response, uid:3487c6a4-6b36-41f7-9eb8-570ad4cefe0d-11583863028842959166 topic_uid:-1
I0827 00:11:54.893309 775650 shm_subscriber.cc:120] [aorta]subscriber connect to publisher success, topic /pnc/task_state, local d2379|python3.10|p775566|n0|s2|c0, peer d2379|quark_navigation|p329956|n0|/pnc/task_state|p24
I0827 00:11:54.893374 775629 centralized_discovery.cc:733] [aorta]subscriber uid:52ac0e33-a43f-442d-895b-51696407b403-7227396448010854466 topic:/pnc/task_service/normal_navigation/response
I0827 00:11:54.893471 775566 aorta_component.cpp:326] [cosine_internal][AortaComponent] aorta node create subscriber. node: python3.10_S1, topic:/pnc/task_service/remote_control/response, type:pnc_msgs.RemoteControlResponse, qos:(history:1, depth:5, reliability:1, durability:2), uri:http://10.42.0.101:2379
I0827 00:11:54.893479 775566 aorta_subscriber.hpp:96] [cosine_internal][AortaSubscriber] initial. topic:/pnc/task_service/remote_control/response, uri:
I0827 00:11:54.893498 775566 cosine_bus_manager.cpp:294] [cosine_internal][CosineBusManager] create publisher. topic name:/pnc/task_service/normal_navigation/request , middleware:aorta
I0827 00:11:54.893900 775566 tcp_publisher.cc:179] [aorta]topic /pnc/task_service/normal_navigation/request, pub_queue_size_ 5, latch_queue_size_ 0
I0827 00:11:54.893981 775649 tcp_socket_server.cc:200] [aorta]The ip info is0.0.0.0:34407
I0827 00:11:54.894102 775630 pnc_impl.cpp:36] [GDK]Received pnc task state
I0827 00:11:54.894117 775649 shm_socket_server.cc:101] [aorta][/pnc/task_service/normal_navigation/request] bind at pipe sock name d2379|python3.10|p775566|n0|..task_service/normal_navigation/request|p2
I0827 00:11:54.894384 775566 node_impl.cc:198] [aorta]CreatePublisher, host:0.0.0.0, port:34407, sockname:d2379|python3.10|p775566|n0|..task_service/normal_navigation/request|p2, topic:/pnc/task_service/normal_navigation/request, uid:f3cbe4b7-2f8c-437e-9944-fb1dcd21d709-11863888217293896894 topic_uid:-1
I0827 00:11:54.894411 775566 aorta_component.cpp:394] [cosine_internal][AortaComponent] aorta node create publisher. node: python3.10_S1, topic:/pnc/task_service/normal_navigation/request, type:pnc_msgs.NormalNavigationRequest, qos:(history:1, depth:5, reliability:1, durability:2), uri:http://10.42.0.101:2379
I0827 00:11:54.894447 775566 aorta_publisher.cpp:119] [cosine_internal][AortaPublisher] publisher initialize. topic:/pnc/task_service/normal_navigation/request, uri:
I0827 00:11:54.894454 775566 publisher.cpp:27] [GDK]create publisher: /pnc/task_service/normal_navigation/request type: pnc_msgs.NormalNavigationRequest qos: 1 1 5 2
I0827 00:11:54.894471 775566 cosine_bus_manager.cpp:294] [cosine_internal][CosineBusManager] create publisher. topic name:/pnc/task_service/high_precision_navigation/request , middleware:aorta
I0827 00:11:54.894706 775650 shm_subscriber.cc:120] [aorta]subscriber connect to publisher success, topic /pnc/task_service/normal_navigation/response, local d2379|python3.10|p775566|n0|s3|c0, peer d2379|quark_navigation|p329956|n0|..ask_service/normal_navigation/response|p11
I0827 00:11:54.894758 775629 centralized_discovery.cc:733] [aorta]subscriber uid:7df90230-4adf-4a77-a1ff-27f7d497f090-4701876173029784314 topic:/pnc/task_service/high_precision_navigation/response
I0827 00:11:54.894917 775566 tcp_publisher.cc:179] [aorta]topic /pnc/task_service/high_precision_navigation/request, pub_queue_size_ 5, latch_queue_size_ 0
I0827 00:11:54.894969 775649 tcp_socket_server.cc:200] [aorta]The ip info is0.0.0.0:34079
I0827 00:11:54.895038 775649 shm_socket_server.cc:101] [aorta][/pnc/task_service/high_precision_navigation/request] bind at pipe sock name d2379|python3.10|p775566|n0|..vice/high_precision_navigation/request|p3
I0827 00:11:54.895102 775566 node_impl.cc:198] [aorta]CreatePublisher, host:0.0.0.0, port:34079, sockname:d2379|python3.10|p775566|n0|..vice/high_precision_navigation/request|p3, topic:/pnc/task_service/high_precision_navigation/request, uid:db83dda3-12d1-4bb6-9b84-1f2b85854730-13581583299462652003 topic_uid:-1
I0827 00:11:54.895119 775566 aorta_component.cpp:394] [cosine_internal][AortaComponent] aorta node create publisher. node: python3.10_S1, topic:/pnc/task_service/high_precision_navigation/request, type:pnc_msgs.HighPrecisionNavigationRequest, qos:(history:1, depth:5, reliability:1, durability:2), uri:http://10.42.0.101:2379
I0827 00:11:54.895148 775566 aorta_publisher.cpp:119] [cosine_internal][AortaPublisher] publisher initialize. topic:/pnc/task_service/high_precision_navigation/request, uri:
I0827 00:11:54.895155 775566 publisher.cpp:27] [GDK]create publisher: /pnc/task_service/high_precision_navigation/request type: pnc_msgs.HighPrecisionNavigationRequest qos: 1 1 5 2
I0827 00:11:54.895174 775566 cosine_bus_manager.cpp:294] [cosine_internal][CosineBusManager] create publisher. topic name:/pnc/task_service/relative_move/request , middleware:aorta
I0827 00:11:54.895578 775566 tcp_publisher.cc:179] [aorta]topic /pnc/task_service/relative_move/request, pub_queue_size_ 5, latch_queue_size_ 0
I0827 00:11:54.895639 775649 tcp_socket_server.cc:200] [aorta]The ip info is0.0.0.0:42635
I0827 00:11:54.895648 775650 shm_subscriber.cc:120] [aorta]subscriber connect to publisher success, topic /pnc/task_service/high_precision_navigation/response, local d2379|python3.10|p775566|n0|s4|c0, peer d2379|quark_navigation|p329956|n0|..ice/high_precision_navigation/response|p12
I0827 00:11:54.895713 775629 centralized_discovery.cc:733] [aorta]subscriber uid:bdc697a0-7eda-497a-a799-1876e5147498-4077207897147431090 topic:/pnc/task_service/relative_move/response
I0827 00:11:54.895717 775649 shm_socket_server.cc:101] [aorta][/pnc/task_service/relative_move/request] bind at pipe sock name d2379|python3.10|p775566|n0|/pnc/task_service/relative_move/request|p4
I0827 00:11:54.895766 775566 node_impl.cc:198] [aorta]CreatePublisher, host:0.0.0.0, port:42635, sockname:d2379|python3.10|p775566|n0|/pnc/task_service/relative_move/request|p4, topic:/pnc/task_service/relative_move/request, uid:4764e3f3-8c11-4e0d-9433-2669d9d48351-1499998713038698463 topic_uid:-1
I0827 00:11:54.895784 775566 aorta_component.cpp:394] [cosine_internal][AortaComponent] aorta node create publisher. node: python3.10_S1, topic:/pnc/task_service/relative_move/request, type:pnc_msgs.RelativeMoveRequest, qos:(history:1, depth:5, reliability:1, durability:2), uri:http://10.42.0.101:2379
I0827 00:11:54.895814 775566 aorta_publisher.cpp:119] [cosine_internal][AortaPublisher] publisher initialize. topic:/pnc/task_service/relative_move/request, uri:
I0827 00:11:54.895820 775566 publisher.cpp:27] [GDK]create publisher: /pnc/task_service/relative_move/request type: pnc_msgs.RelativeMoveRequest qos: 1 1 5 2
I0827 00:11:54.895833 775566 cosine_bus_manager.cpp:294] [cosine_internal][CosineBusManager] create publisher. topic name:/pnc/task_service/task_cancel/request , middleware:aorta
I0827 00:11:54.896248 775566 tcp_publisher.cc:179] [aorta]topic /pnc/task_service/task_cancel/request, pub_queue_size_ 5, latch_queue_size_ 0
I0827 00:11:54.896330 775649 tcp_socket_server.cc:200] [aorta]The ip info is0.0.0.0:37637
I0827 00:11:54.896435 775649 shm_socket_server.cc:101] [aorta][/pnc/task_service/task_cancel/request] bind at pipe sock name d2379|python3.10|p775566|n0|/pnc/task_service/task_cancel/request|p5
I0827 00:11:54.896505 775566 node_impl.cc:198] [aorta]CreatePublisher, host:0.0.0.0, port:37637, sockname:d2379|python3.10|p775566|n0|/pnc/task_service/task_cancel/request|p5, topic:/pnc/task_service/task_cancel/request, uid:5bf6a325-e403-404c-bf07-f21bb40ac420-10250913672907467700 topic_uid:-1
I0827 00:11:54.896530 775566 aorta_component.cpp:394] [cosine_internal][AortaComponent] aorta node create publisher. node: python3.10_S1, topic:/pnc/task_service/task_cancel/request, type:pnc_msgs.TaskCancelRequest, qos:(history:1, depth:5, reliability:1, durability:2), uri:http://10.42.0.101:2379
I0827 00:11:54.896564 775566 aorta_publisher.cpp:119] [cosine_internal][AortaPublisher] publisher initialize. topic:/pnc/task_service/task_cancel/request, uri:
I0827 00:11:54.896572 775566 publisher.cpp:27] [GDK]create publisher: /pnc/task_service/task_cancel/request type: pnc_msgs.TaskCancelRequest qos: 1 1 5 2
I0827 00:11:54.896586 775566 cosine_bus_manager.cpp:294] [cosine_internal][CosineBusManager] create publisher. topic name:/pnc/task_service/task_pause/request , middleware:aorta
I0827 00:11:54.896593 775650 shm_subscriber.cc:120] [aorta]subscriber connect to publisher success, topic /pnc/task_service/relative_move/response, local d2379|python3.10|p775566|n0|s5|c0, peer d2379|quark_navigation|p329956|n0|/pnc/task_service/relative_move/response|p15
I0827 00:11:54.896811 775629 centralized_discovery.cc:733] [aorta]subscriber uid:0ada78dc-9452-4102-9cee-f9f3ef529340-3654631836754090917 topic:/pnc/task_service/task_cancel/response
I0827 00:11:54.897159 775566 tcp_publisher.cc:179] [aorta]topic /pnc/task_service/task_pause/request, pub_queue_size_ 5, latch_queue_size_ 0
I0827 00:11:54.897224 775649 tcp_socket_server.cc:200] [aorta]The ip info is0.0.0.0:35871
I0827 00:11:54.897277 775649 shm_socket_server.cc:101] [aorta][/pnc/task_service/task_pause/request] bind at pipe sock name d2379|python3.10|p775566|n0|/pnc/task_service/task_pause/request|p6
I0827 00:11:54.897327 775566 node_impl.cc:198] [aorta]CreatePublisher, host:0.0.0.0, port:35871, sockname:d2379|python3.10|p775566|n0|/pnc/task_service/task_pause/request|p6, topic:/pnc/task_service/task_pause/request, uid:dd135882-7a9b-4d35-96d8-e84e942efb9e-2366368184012060648 topic_uid:-1
I0827 00:11:54.897351 775566 aorta_component.cpp:394] [cosine_internal][AortaComponent] aorta node create publisher. node: python3.10_S1, topic:/pnc/task_service/task_pause/request, type:pnc_msgs.TaskPauseRequest, qos:(history:1, depth:5, reliability:1, durability:2), uri:http://10.42.0.101:2379
I0827 00:11:54.897382 775566 aorta_publisher.cpp:119] [cosine_internal][AortaPublisher] publisher initialize. topic:/pnc/task_service/task_pause/request, uri:
I0827 00:11:54.897389 775566 publisher.cpp:27] [GDK]create publisher: /pnc/task_service/task_pause/request type: pnc_msgs.TaskPauseRequest qos: 1 1 5 2
I0827 00:11:54.897403 775566 cosine_bus_manager.cpp:294] [cosine_internal][CosineBusManager] create publisher. topic name:/pnc/task_service/task_resume/request , middleware:aorta
I0827 00:11:54.897624 775650 shm_subscriber.cc:120] [aorta]subscriber connect to publisher success, topic /pnc/task_service/task_cancel/response, local d2379|python3.10|p775566|n0|s6|c0, peer d2379|quark_navigation|p329956|n0|/pnc/task_service/task_cancel/response|p17
I0827 00:11:54.897683 775629 centralized_discovery.cc:733] [aorta]subscriber uid:3b90ad1d-2e6a-4115-91b9-74f65d985f0a-4995236092065324733 topic:/pnc/task_service/task_pause/response
I0827 00:11:54.898013 775566 tcp_publisher.cc:179] [aorta]topic /pnc/task_service/task_resume/request, pub_queue_size_ 5, latch_queue_size_ 0
I0827 00:11:54.898100 775649 tcp_socket_server.cc:200] [aorta]The ip info is0.0.0.0:39201
I0827 00:11:54.898185 775649 shm_socket_server.cc:101] [aorta][/pnc/task_service/task_resume/request] bind at pipe sock name d2379|python3.10|p775566|n0|/pnc/task_service/task_resume/request|p7
I0827 00:11:54.898247 775566 node_impl.cc:198] [aorta]CreatePublisher, host:0.0.0.0, port:39201, sockname:d2379|python3.10|p775566|n0|/pnc/task_service/task_resume/request|p7, topic:/pnc/task_service/task_resume/request, uid:bfbf0717-73b0-49c0-a68f-fc2e027656d8-18204958959141007063 topic_uid:-1
I0827 00:11:54.898269 775566 aorta_component.cpp:394] [cosine_internal][AortaComponent] aorta node create publisher. node: python3.10_S1, topic:/pnc/task_service/task_resume/request, type:pnc_msgs.TaskResumeRequest, qos:(history:1, depth:5, reliability:1, durability:2), uri:http://10.42.0.101:2379
I0827 00:11:54.898303 775566 aorta_publisher.cpp:119] [cosine_internal][AortaPublisher] publisher initialize. topic:/pnc/task_service/task_resume/request, uri:
I0827 00:11:54.898310 775566 publisher.cpp:27] [GDK]create publisher: /pnc/task_service/task_resume/request type: pnc_msgs.TaskResumeRequest qos: 1 1 5 2
I0827 00:11:54.898427 775566 cosine_bus_manager.cpp:294] [cosine_internal][CosineBusManager] create publisher. topic name:/pnc/remote_control_cmd , middleware:aorta
I0827 00:11:54.898496 775650 shm_subscriber.cc:120] [aorta]subscriber connect to publisher success, topic /pnc/task_service/task_pause/response, local d2379|python3.10|p775566|n0|s7|c0, peer d2379|quark_navigation|p329956|n0|/pnc/task_service/task_pause/response|p18
I0827 00:11:54.898550 775629 centralized_discovery.cc:733] [aorta]subscriber uid:33b03d6f-c87c-4ff0-8992-ed8c58f5ff57-16859347558940246081 topic:/pnc/task_service/task_resume/response
I0827 00:11:54.898871 775566 tcp_publisher.cc:179] [aorta]topic /pnc/remote_control_cmd, pub_queue_size_ 5, latch_queue_size_ 0
I0827 00:11:54.898944 775649 tcp_socket_server.cc:200] [aorta]The ip info is0.0.0.0:37523
I0827 00:11:54.899011 775649 shm_socket_server.cc:101] [aorta][/pnc/remote_control_cmd] bind at pipe sock name d2379|python3.10|p775566|n0|/pnc/remote_control_cmd|p8
I0827 00:11:54.899058 775566 node_impl.cc:198] [aorta]CreatePublisher, host:0.0.0.0, port:37523, sockname:d2379|python3.10|p775566|n0|/pnc/remote_control_cmd|p8, topic:/pnc/remote_control_cmd, uid:d7a14cec-79b3-4175-b908-faafcabaf892-2921114360754287628 topic_uid:-1
I0827 00:11:54.899076 775566 aorta_component.cpp:394] [cosine_internal][AortaComponent] aorta node create publisher. node: python3.10_S1, topic:/pnc/remote_control_cmd, type:geometry_msgs.msg.pb.TwistStamped, qos:(history:1, depth:5, reliability:1, durability:2), uri:http://10.42.0.101:2379
I0827 00:11:54.899106 775566 aorta_publisher.cpp:119] [cosine_internal][AortaPublisher] publisher initialize. topic:/pnc/remote_control_cmd, uri:
I0827 00:11:54.899112 775566 publisher.cpp:27] [GDK]create publisher: /pnc/remote_control_cmd type: geometry_msgs.msg.pb.TwistStamped qos: 1 1 5 2
I0827 00:11:54.899132 775566 cosine_bus_manager.cpp:294] [cosine_internal][CosineBusManager] create publisher. topic name:/pnc/task_service/remote_control/request , middleware:aorta
I0827 00:11:54.899425 775650 shm_subscriber.cc:120] [aorta]subscriber connect to publisher success, topic /pnc/task_service/task_resume/response, local d2379|python3.10|p775566|n0|s8|c0, peer d2379|quark_navigation|p329956|n0|/pnc/task_service/task_resume/response|p19
I0827 00:11:54.899494 775629 centralized_discovery.cc:733] [aorta]subscriber uid:3487c6a4-6b36-41f7-9eb8-570ad4cefe0d-11583863028842959166 topic:/pnc/task_service/remote_control/response
I0827 00:11:54.899545 775566 tcp_publisher.cc:179] [aorta]topic /pnc/task_service/remote_control/request, pub_queue_size_ 5, latch_queue_size_ 0
I0827 00:11:54.899600 775649 tcp_socket_server.cc:200] [aorta]The ip info is0.0.0.0:42477
I0827 00:11:54.899653 775649 shm_socket_server.cc:101] [aorta][/pnc/task_service/remote_control/request] bind at pipe sock name d2379|python3.10|p775566|n0|/pnc/task_service/remote_control/request|p9
I0827 00:11:54.899698 775566 node_impl.cc:198] [aorta]CreatePublisher, host:0.0.0.0, port:42477, sockname:d2379|python3.10|p775566|n0|/pnc/task_service/remote_control/request|p9, topic:/pnc/task_service/remote_control/request, uid:e3f48033-62e2-43b7-af56-11afa51ee565-10398465225129759782 topic_uid:-1
I0827 00:11:54.899716 775566 aorta_component.cpp:394] [cosine_internal][AortaComponent] aorta node create publisher. node: python3.10_S1, topic:/pnc/task_service/remote_control/request, type:pnc_msgs.RemoteControlRequest, qos:(history:1, depth:5, reliability:1, durability:2), uri:http://10.42.0.101:2379
I0827 00:11:54.899744 775566 aorta_publisher.cpp:119] [cosine_internal][AortaPublisher] publisher initialize. topic:/pnc/task_service/remote_control/request, uri:
I0827 00:11:54.899753 775566 publisher.cpp:27] [GDK]create publisher: /pnc/task_service/remote_control/request type: pnc_msgs.RemoteControlRequest qos: 1 1 5 2
I0827 00:11:54.899827 775566 cosine_bus_manager.cpp:400] [cosine_internal][CosineBusManager] create subscriber. topic name:/slam/odom , middleware:aorta , need async callback:0, frame_skip_rate:1
I0827 00:11:54.899837 775566 aorta_component.cpp:174] [cosine_internal][AortaComponent] callback_name:/slam/odomhttp://10.42.0.101:2379
I0827 00:11:54.900017 775566 buffered_data_export.cpp:115] [cosine_internal]successfully create buffer [bus_buffer___slam__odom, type genie_msgs.msg.pb.OdomInfo, block num 5, valid_time 0, transfer_type 0, data_size 0, mem_type 0, lib_name , ext_data_size 0, is_protobuf 1, enable_event_sync_subscriber 0], buffer id = 11
I0827 00:11:54.900040 775566 cosine_bus_message_buffer.cpp:45] [cosine_internal][CosineBusMessageBuffer] create buffer success. name:bus_buffer___slam__odom, type:genie_msgs.msg.pb.OdomInfo, size:5
I0827 00:11:54.900118 775566 node_impl.cc:344] [aorta]CreateSubscriber topic:/slam/odom, uid:94e31fdf-3a61-48a3-aa93-4b6e86277826-8164318257426434522 topic_uid:-1
I0827 00:11:54.900229 775650 shm_subscriber.cc:120] [aorta]subscriber connect to publisher success, topic /pnc/task_service/remote_control/response, local d2379|python3.10|p775566|n0|s9|c0, peer d2379|quark_navigation|p329956|n0|..c/task_service/remote_control/response|p16
I0827 00:11:54.900278 775629 centralized_discovery.cc:681] [aorta]publisher uid:f3cbe4b7-2f8c-437e-9944-fb1dcd21d709-11863888217293896894 topic:/pnc/task_service/normal_navigation/request
I0827 00:11:54.900540 775566 aorta_component.cpp:326] [cosine_internal][AortaComponent] aorta node create subscriber. node: python3.10_S1, topic:/slam/odom, type:genie_msgs.msg.pb.OdomInfo, qos:(history:1, depth:5, reliability:1, durability:2), uri:http://10.42.0.101:2379
I0827 00:11:54.900553 775566 aorta_subscriber.hpp:96] [cosine_internal][AortaSubscriber] initial. topic:/slam/odom, uri:
I0827 00:11:54.900568 775566 cosine_bus_manager.cpp:400] [cosine_internal][CosineBusManager] create subscriber. topic name:/slam/state , middleware:aorta , need async callback:0, frame_skip_rate:1
I0827 00:11:54.900573 775566 aorta_component.cpp:174] [cosine_internal][AortaComponent] callback_name:/slam/statehttp://10.42.0.101:2379
I0827 00:11:54.900619 775566 buffered_data_export.cpp:115] [cosine_internal]successfully create buffer [bus_buffer___slam__state, type genie_msgs.msg.pb.CommonResponse, block num 5, valid_time 0, transfer_type 0, data_size 0, mem_type 0, lib_name , ext_data_size 0, is_protobuf 1, enable_event_sync_subscriber 0], buffer id = 12
I0827 00:11:54.900633 775566 cosine_bus_message_buffer.cpp:45] [cosine_internal][CosineBusMessageBuffer] create buffer success. name:bus_buffer___slam__state, type:genie_msgs.msg.pb.CommonResponse, size:5
I0827 00:11:54.900705 775566 node_impl.cc:344] [aorta]CreateSubscriber topic:/slam/state, uid:8965dd69-8fa6-48f7-871b-224fd2479503-7791362299214773660 topic_uid:-1
I0827 00:11:54.901100 775566 aorta_component.cpp:326] [cosine_internal][AortaComponent] aorta node create subscriber. node: python3.10_S1, topic:/slam/state, type:genie_msgs.msg.pb.CommonResponse, qos:(history:1, depth:5, reliability:1, durability:2), uri:http://10.42.0.101:2379
I0827 00:11:54.901110 775566 aorta_subscriber.hpp:96] [cosine_internal][AortaSubscriber] initial. topic:/slam/state, uri:
I0827 00:11:54.901121 775566 cosine_bus_manager.cpp:400] [cosine_internal][CosineBusManager] create subscriber. topic name:/slam/mapping_response , middleware:aorta , need async callback:0, frame_skip_rate:1
I0827 00:11:54.901134 775566 aorta_component.cpp:174] [cosine_internal][AortaComponent] callback_name:/slam/mapping_responsehttp://10.42.0.101:2379
I0827 00:11:54.901165 775566 buffered_data_export.cpp:115] [cosine_internal]successfully create buffer [bus_buffer___slam__mapping_response, type genie_msgs.msg.pb.CommonResponse, block num 5, valid_time 0, transfer_type 0, data_size 0, mem_type 0, lib_name , ext_data_size 0, is_protobuf 1, enable_event_sync_subscriber 0], buffer id = 13
I0827 00:11:54.901177 775566 cosine_bus_message_buffer.cpp:45] [cosine_internal][CosineBusMessageBuffer] create buffer success. name:bus_buffer___slam__mapping_response, type:genie_msgs.msg.pb.CommonResponse, size:5
I0827 00:11:54.901253 775566 node_impl.cc:344] [aorta]CreateSubscriber topic:/slam/mapping_response, uid:1ee55581-955b-4b62-aeba-3700ff71425f-3136143855590244141 topic_uid:-1
I0827 00:11:54.901402 775629 centralized_discovery.cc:681] [aorta]publisher uid:db83dda3-12d1-4bb6-9b84-1f2b85854730-13581583299462652003 topic:/pnc/task_service/high_precision_navigation/request
I0827 00:11:54.901993 775566 aorta_component.cpp:326] [cosine_internal][AortaComponent] aorta node create subscriber. node: python3.10_S1, topic:/slam/mapping_response, type:genie_msgs.msg.pb.CommonResponse, qos:(history:1, depth:5, reliability:1, durability:2), uri:http://10.42.0.101:2379
I0827 00:11:54.902010 775566 aorta_subscriber.hpp:96] [cosine_internal][AortaSubscriber] initial. topic:/slam/mapping_response, uri:
I0827 00:11:54.902025 775566 cosine_bus_manager.cpp:400] [cosine_internal][CosineBusManager] create subscriber. topic name:/slam/record_spec_loc_rsp , middleware:aorta , need async callback:0, frame_skip_rate:1
I0827 00:11:54.902033 775566 aorta_component.cpp:174] [cosine_internal][AortaComponent] callback_name:/slam/record_spec_loc_rsphttp://10.42.0.101:2379
I0827 00:11:54.902084 775566 buffered_data_export.cpp:115] [cosine_internal]successfully create buffer [bus_buffer___slam__record_spec_loc_rsp, type genie_msgs.msg.pb.CommonResponse, block num 5, valid_time 0, transfer_type 0, data_size 0, mem_type 0, lib_name , ext_data_size 0, is_protobuf 1, enable_event_sync_subscriber 0], buffer id = 14
I0827 00:11:54.902102 775566 cosine_bus_message_buffer.cpp:45] [cosine_internal][CosineBusMessageBuffer] create buffer success. name:bus_buffer___slam__record_spec_loc_rsp, type:genie_msgs.msg.pb.CommonResponse, size:5
I0827 00:11:54.902184 775566 node_impl.cc:344] [aorta]CreateSubscriber topic:/slam/record_spec_loc_rsp, uid:40d10c9f-b331-43e4-9c90-96c023fe5087-16786186340696970127 topic_uid:-1
I0827 00:11:54.902974 775629 centralized_discovery.cc:681] [aorta]publisher uid:4764e3f3-8c11-4e0d-9433-2669d9d48351-1499998713038698463 topic:/pnc/task_service/relative_move/request
I0827 00:11:54.903149 775566 aorta_component.cpp:326] [cosine_internal][AortaComponent] aorta node create subscriber. node: python3.10_S1, topic:/slam/record_spec_loc_rsp, type:genie_msgs.msg.pb.CommonResponse, qos:(history:1, depth:5, reliability:1, durability:2), uri:http://10.42.0.101:2379
I0827 00:11:54.903164 775566 aorta_subscriber.hpp:96] [cosine_internal][AortaSubscriber] initial. topic:/slam/record_spec_loc_rsp, uri:
I0827 00:11:54.903193 775566 cosine_bus_manager.cpp:294] [cosine_internal][CosineBusManager] create publisher. topic name:/slam/mapping_request , middleware:aorta
