Log file created at: 2025/08/27 00:47:14
Running on machine: G2
Log line format: [IWEF]mmdd hh:mm:ss.uuuuuu threadid file:line] msg
I0827 00:47:14.636806 1339039 dylog_impl.cpp:641] [DYLOG] set dylog default level to INFO
I0827 00:47:14.636888 1339039 dylog_impl.cpp:690] [DYLOG] soc num : R2
I0827 00:47:14.636904 1339039 dylog_impl.cpp:695] [DYLOG] can't read scene_mode, use sud
W0827 00:47:14.636950 1339039 dylog_impl.cpp:757] [DYLOG] can't find available json config file with path : /home/agi/app/conf/scene_server/dylog_sud_default.json, use default.
I0827 00:47:14.637106 1339039 dylog_impl.cpp:293] [DYLOG] register dsd_name : dylog/python3.10/cosine_internal
I0827 00:47:14.640429 1339039 cosine_bus_manager.cpp:88] [cosine_internal][CosineBusManager] cosine bus config path not set, use default config.
I0827 00:47:14.640479 1339039 cosine_bus_manager.cpp:118] [cosine_internal][CosineBusManager] initial cosine_bus_config:
I0827 00:47:14.642302 1339039 cosine_bus_global_sync.cpp:30] [cosine_internal][BusGlobalSync] set default middleware name:aorta
I0827 00:47:14.642340 1339039 scheduler_classic.cpp:28] [cosine_internal]Proc number set to be: 1
I0827 00:47:14.644397 1339039 dynamic_object.cpp:521] [cosine_internal][DynamicObject] open libdynamic_aorta.so success.
I0827 00:47:14.644585 1339039 dynamic_object.cpp:581] [cosine_internal][DynamicObject] Successfully enumerated 57 symbols in libdynamic_aorta.so
I0827 00:47:14.644596 1339039 resource_loader.cpp:13] [cosine_internal][ResourceLoader] Attempting to load function: aorta_get_object
I0827 00:47:14.644601 1339039 resource_loader.cpp:17] [cosine_internal][ResourceLoader] Trying address() method for C++ symbol: aorta_get_object
I0827 00:47:14.644606 1339039 resource_loader.cpp:20] [cosine_internal][ResourceLoader] Successfully loaded C++ symbol: aorta_get_object
I0827 00:47:14.644610 1339039 resource_loader.cpp:13] [cosine_internal][ResourceLoader] Attempting to load function: aorta_call_object_func
I0827 00:47:14.644613 1339039 resource_loader.cpp:17] [cosine_internal][ResourceLoader] Trying address() method for C++ symbol: aorta_call_object_func
I0827 00:47:14.644618 1339039 resource_loader.cpp:20] [cosine_internal][ResourceLoader] Successfully loaded C++ symbol: aorta_call_object_func
I0827 00:47:14.644620 1339039 resource_loader.cpp:13] [cosine_internal][ResourceLoader] Attempting to load function: aorta_clean_up
I0827 00:47:14.644624 1339039 resource_loader.cpp:17] [cosine_internal][ResourceLoader] Trying address() method for C++ symbol: aorta_clean_up
I0827 00:47:14.644639 1339039 resource_loader.cpp:25] [cosine_internal][ResourceLoader] C++ symbol failed, trying c_address() method for C symbol: aorta_clean_up
I0827 00:47:14.644644 1339039 resource_loader.cpp:28] [cosine_internal][ResourceLoader] Successfully loaded C symbol: aorta_clean_up
W0827 00:47:14.644650 1339039 aorta_component.cpp:90] [cosine_internal]Environment variable [LOCATOR_IP/DDS_IP] not set, fallback to 10.42.0.101
I0827 00:47:14.644656 1339039 aorta_component.cpp:496] [cosine_internal][AortaComponent] locator_ip: 10.42.0.101; Check network before domain init 
I0827 00:47:14.644694 1339039 clock.cpp:22] [cosine_internal]load ptp time source from: libptp_clock_time.so
I0827 00:47:14.644867 1339039 dynamic_object.cpp:521] [cosine_internal][DynamicObject] open libptp_clock_time.so success.
I0827 00:47:14.645645 1339039 aorta_component.cpp:515] [cosine_internal][AortaComponent] Network check start. locator_ip: 10.42.0.101, timeout: 60 seconds , check_start_time: 1756226834
I0827 00:47:14.645673 1339039 aorta_component.cpp:526] [cosine_internal][AortaComponent] locator_ip: 10.42.0.101; network is ready.
I0827 00:47:14.645731 1339039 dylog_impl.cpp:293] [DYLOG] register dsd_name : dylog/python3.10/aorta
I0827 00:47:14.645871 1339039 pcie_config.cc:52] [aorta]Get one valid pcie channel. producer: soc-s3 app-map_loc_app endpoint-nvscic2c_pcie_s3_c7_11 consumer: soc-s1 app-worldmodel endpoint-nvscic2c_pcie_s1_c7_11
I0827 00:47:14.645961 1339039 os.cc:88] [aorta]Got host_id from system files: Huixi R1ROBOR2
I0827 00:47:14.646004 1339039 pcie_manager.cc:71] [aorta]There is no pcie config in current process.
I0827 00:47:14.646354 1339039 message_monitor_config.cc:398] [aorta]run in  mode
I0827 00:47:14.649241 1339039 domain_impl.cc:58] [aorta]aorta version:7b1b7ddc
I0827 00:47:14.649288 1339039 json_comm.cc:35] [aorta]file path: /home/agi/app/conf/topology/topology_rule.json not exist.
I0827 00:47:14.649307 1339039 message_monitor_config.cc:398] [aorta]run in  mode
I0827 00:47:14.649742 1339039 message_monitor_config.cc:731] [aorta]message monitor is updated from /home/agi/app/conf/aorta/function/aorta_monitor_conf.json
I0827 00:47:14.650247 1339039 discovery_factory.cc:14] [aorta]type:1, host:10.42.0.101, port:2379, ttl:15, minor_cycle:100, major_cycle:3
I0827 00:47:14.651202 1339039 config.cc:53] [aorta]AORTA_IP_MASK not set.
I0827 00:47:14.651214 1339039 discovery.cc:245] [aorta]get ip masks empty.
I0827 00:47:14.651223 1339039 config.cc:200] [aorta]AORTA_EXTRA_LOCAL_IPS not set.
I0827 00:47:14.651228 1339039 discovery.cc:266] [aorta]local_publisher_ips_ empty.
I0827 00:47:14.651249 1339039 config.cc:124] [aorta]ip match, ip:127.0.0.1
I0827 00:47:14.651257 1339039 discovery.cc:275] [aorta]default emplace ip:10.42.0.101
I0827 00:47:14.651260 1339039 discovery.cc:275] [aorta]default emplace ip:10.42.12.101
I0827 00:47:14.651263 1339039 discovery.cc:275] [aorta]default emplace ip:10.42.1.101
I0827 00:47:14.651266 1339039 discovery.cc:275] [aorta]default emplace ip:10.42.6.101
I0827 00:47:14.651269 1339039 discovery.cc:275] [aorta]default emplace ip:192.168.1.101
I0827 00:47:14.651273 1339039 discovery.cc:275] [aorta]default emplace ip:10.42.30.101
I0827 00:47:14.651275 1339039 discovery.cc:275] [aorta]default emplace ip:10.42.40.101
I0827 00:47:14.651278 1339039 discovery.cc:275] [aorta]default emplace ip:10.20.15.199
I0827 00:47:14.651280 1339039 discovery.cc:275] [aorta]default emplace ip:10.42.6.101
I0827 00:47:14.651284 1339039 centralized_discovery.cc:55] [aorta]lease_ttl_:15
I0827 00:47:14.651693 1339039 aorta_component.cpp:561] [cosine_internal][AortaComponent] aorta create domain success. uri:http://10.42.0.101:2379
I0827 00:47:14.651825 1339039 aorta_component.cpp:447] [cosine_internal][AortaComponent] aorta domain created node: python3.10_S1 , domain_uri:http://10.42.0.101:2379
I0827 00:47:14.651834 1339039 aorta_component.cpp:126] [cosine_internal][AortaComponent] aorta component init success. node:python3.10_S1, uri:http://10.42.0.101:2379, locator_kind(1:shm,2:tcp,3:udp):2, locator_ip:10.42.0.101, locator_port:0, aorta_dispatcher_thread_num:1
I0827 00:47:14.652345 1339111 executor_impl.cc:91] [aorta]aorta-dispatch0 start spinning
I0827 00:47:14.652940 1339103 processor.cpp:40] [cosine_internal]processor_tid: 1339103
I0827 00:47:14.675717 1339110 centralized_discovery.cc:1110] [aorta]poll thread: revision:2788
I0827 00:47:14.675836 1339110 centralized_discovery.cc:1123] [aorta]inotify_fd_:15 inotify_watch_:1 inotify_watch_path:/home/agi/app/conf/aorta/function
I0827 00:47:14.677678 1339110 centralized_discovery.cc:615] [aorta]grant lease for node python3.10_S1 lease_id = 7587889064995182399
I0827 00:47:14.678787 1339110 watch_state.cc:54] [aorta]watch connect success.
I0827 00:47:14.679646 1339110 centralized_discovery.cc:1615] [aorta]recv watch response created.
I0827 00:47:14.727387 1339039 cosine_bus_manager.cpp:294] [cosine_internal][CosineBusManager] create publisher. topic name:/gdk/config_request , middleware:aorta
I0827 00:47:14.728510 1339039 tcp_publisher.cc:179] [aorta]topic /gdk/config_request, pub_queue_size_ 5, latch_queue_size_ 0
I0827 00:47:14.728734 1339133 tcp_socket_server.cc:200] [aorta]The ip info is0.0.0.0:35849
I0827 00:47:14.728916 1339133 shm_socket_server.cc:101] [aorta][/gdk/config_request] bind at pipe sock name d2379|python3.10|p1339039|n0|/gdk/config_request|p0
I0827 00:47:14.729185 1339039 node_impl.cc:198] [aorta]CreatePublisher, host:0.0.0.0, port:35849, sockname:d2379|python3.10|p1339039|n0|/gdk/config_request|p0, topic:/gdk/config_request, uid:088248f9-9e00-48fa-8817-6c8414f4a615-4991715019463590898 topic_uid:-1
I0827 00:47:14.729230 1339039 aorta_component.cpp:394] [cosine_internal][AortaComponent] aorta node create publisher. node: python3.10_S1, topic:/gdk/config_request, type:genie_msgs.msg.pb.CommonRequest, qos:(history:1, depth:5, reliability:1, durability:2), uri:http://10.42.0.101:2379
I0827 00:47:14.729274 1339039 aorta_publisher.cpp:119] [cosine_internal][AortaPublisher] publisher initialize. topic:/gdk/config_request, uri:
I0827 00:47:14.729291 1339039 dylog_impl.cpp:293] [DYLOG] register dsd_name : dylog/python3.10/GDK
I0827 00:47:14.729396 1339110 centralized_discovery.cc:681] [aorta]publisher uid:088248f9-9e00-48fa-8817-6c8414f4a615-4991715019463590898 topic:/gdk/config_request
I0827 00:47:14.729560 1339039 publisher.cpp:27] [GDK]create publisher: /gdk/config_request type: genie_msgs.msg.pb.CommonRequest qos: 1 1 5 2
I0827 00:47:14.729597 1339039 cosine_bus_manager.cpp:294] [cosine_internal][CosineBusManager] create publisher. topic name:/gdk/camera_conf_request , middleware:aorta
I0827 00:47:14.730039 1339039 tcp_publisher.cc:179] [aorta]topic /gdk/camera_conf_request, pub_queue_size_ 5, latch_queue_size_ 0
I0827 00:47:14.731230 1339133 tcp_socket_server.cc:200] [aorta]The ip info is0.0.0.0:45179
I0827 00:47:14.731325 1339133 shm_socket_server.cc:101] [aorta][/gdk/camera_conf_request] bind at pipe sock name d2379|python3.10|p1339039|n0|/gdk/camera_conf_request|p1
I0827 00:47:14.731439 1339039 node_impl.cc:198] [aorta]CreatePublisher, host:0.0.0.0, port:45179, sockname:d2379|python3.10|p1339039|n0|/gdk/camera_conf_request|p1, topic:/gdk/camera_conf_request, uid:32856be2-0882-4f45-ae90-921721be0de6-9117180461459404870 topic_uid:-1
I0827 00:47:14.731473 1339039 aorta_component.cpp:394] [cosine_internal][AortaComponent] aorta node create publisher. node: python3.10_S1, topic:/gdk/camera_conf_request, type:genie_msgs.msg.pb.CommonRequest, qos:(history:1, depth:5, reliability:1, durability:2), uri:http://10.42.0.101:2379
I0827 00:47:14.731511 1339039 aorta_publisher.cpp:119] [cosine_internal][AortaPublisher] publisher initialize. topic:/gdk/camera_conf_request, uri:
I0827 00:47:14.731525 1339039 publisher.cpp:27] [GDK]create publisher: /gdk/camera_conf_request type: genie_msgs.msg.pb.CommonRequest qos: 1 1 5 2
I0827 00:47:14.731549 1339039 cosine_bus_manager.cpp:400] [cosine_internal][CosineBusManager] create subscriber. topic name:/gdk/config_response , middleware:aorta , need async callback:0, frame_skip_rate:1
I0827 00:47:14.731561 1339039 aorta_component.cpp:174] [cosine_internal][AortaComponent] callback_name:/gdk/config_responsehttp://10.42.0.101:2379
I0827 00:47:14.731645 1339039 dynamic_object.cpp:521] [cosine_internal][DynamicObject] open  success.
I0827 00:47:14.731858 1339039 buffered_data_export.cpp:115] [cosine_internal]successfully create buffer [bus_buffer___gdk__config_response, type genie_msgs.msg.pb.CommonResponse, block num 5, valid_time 0, transfer_type 0, data_size 0, mem_type 0, lib_name , ext_data_size 0, is_protobuf 1, enable_event_sync_subscriber 0], buffer id = 1
I0827 00:47:14.731885 1339039 cosine_bus_message_buffer.cpp:45] [cosine_internal][CosineBusMessageBuffer] create buffer success. name:bus_buffer___gdk__config_response, type:genie_msgs.msg.pb.CommonResponse, size:5
I0827 00:47:14.731981 1339039 node_impl.cc:344] [aorta]CreateSubscriber topic:/gdk/config_response, uid:44aac7e5-83aa-4227-921f-f064ff51d2d7-9533047780102618842 topic_uid:-1
I0827 00:47:14.733124 1339110 centralized_discovery.cc:681] [aorta]publisher uid:32856be2-0882-4f45-ae90-921721be0de6-9117180461459404870 topic:/gdk/camera_conf_request
I0827 00:47:14.733914 1339039 aorta_component.cpp:326] [cosine_internal][AortaComponent] aorta node create subscriber. node: python3.10_S1, topic:/gdk/config_response, type:genie_msgs.msg.pb.CommonResponse, qos:(history:1, depth:5, reliability:1, durability:2), uri:http://10.42.0.101:2379
I0827 00:47:14.733939 1339039 aorta_subscriber.hpp:96] [cosine_internal][AortaSubscriber] initial. topic:/gdk/config_response, uri:
I0827 00:47:14.733968 1339039 cosine_bus_manager.cpp:400] [cosine_internal][CosineBusManager] create subscriber. topic name:/gdk/camera_conf_response , middleware:aorta , need async callback:0, frame_skip_rate:1
I0827 00:47:14.733980 1339039 aorta_component.cpp:174] [cosine_internal][AortaComponent] callback_name:/gdk/camera_conf_responsehttp://10.42.0.101:2379
I0827 00:47:14.734074 1339039 buffered_data_export.cpp:115] [cosine_internal]successfully create buffer [bus_buffer___gdk__camera_conf_response, type genie_msgs.msg.pb.CommonResponse, block num 5, valid_time 0, transfer_type 0, data_size 0, mem_type 0, lib_name , ext_data_size 0, is_protobuf 1, enable_event_sync_subscriber 0], buffer id = 2
I0827 00:47:14.734097 1339039 cosine_bus_message_buffer.cpp:45] [cosine_internal][CosineBusMessageBuffer] create buffer success. name:bus_buffer___gdk__camera_conf_response, type:genie_msgs.msg.pb.CommonResponse, size:5
I0827 00:47:14.734216 1339039 node_impl.cc:344] [aorta]CreateSubscriber topic:/gdk/camera_conf_response, uid:12c801e4-55a7-4b26-b0c3-dbe73c98cf22-3551884323222435368 topic_uid:-1
I0827 00:47:14.734620 1339039 aorta_component.cpp:326] [cosine_internal][AortaComponent] aorta node create subscriber. node: python3.10_S1, topic:/gdk/camera_conf_response, type:genie_msgs.msg.pb.CommonResponse, qos:(history:1, depth:5, reliability:1, durability:2), uri:http://10.42.0.101:2379
I0827 00:47:14.734639 1339039 aorta_subscriber.hpp:96] [cosine_internal][AortaSubscriber] initial. topic:/gdk/camera_conf_response, uri:
I0827 00:47:14.734915 1339039 cosine_bus_manager.cpp:400] [cosine_internal][CosineBusManager] create subscriber. topic name:/pnc/task_state , middleware:aorta , need async callback:0, frame_skip_rate:1
I0827 00:47:14.734931 1339039 aorta_component.cpp:174] [cosine_internal][AortaComponent] callback_name:/pnc/task_statehttp://10.42.0.101:2379
I0827 00:47:14.735562 1339039 buffered_data_export.cpp:115] [cosine_internal]successfully create buffer [bus_buffer___pnc__task_state, type pnc_msgs.TaskState, block num 5, valid_time 0, transfer_type 0, data_size 0, mem_type 0, lib_name , ext_data_size 0, is_protobuf 1, enable_event_sync_subscriber 0], buffer id = 3
I0827 00:47:14.735590 1339039 cosine_bus_message_buffer.cpp:45] [cosine_internal][CosineBusMessageBuffer] create buffer success. name:bus_buffer___pnc__task_state, type:pnc_msgs.TaskState, size:5
I0827 00:47:14.735710 1339039 node_impl.cc:344] [aorta]CreateSubscriber topic:/pnc/task_state, uid:397f0375-6eb7-4fa8-93f2-a8eb78ae1db0-9096530589114119892 topic_uid:-1
I0827 00:47:14.736100 1339039 aorta_component.cpp:326] [cosine_internal][AortaComponent] aorta node create subscriber. node: python3.10_S1, topic:/pnc/task_state, type:pnc_msgs.TaskState, qos:(history:1, depth:5, reliability:1, durability:2), uri:http://10.42.0.101:2379
I0827 00:47:14.736114 1339039 aorta_subscriber.hpp:96] [cosine_internal][AortaSubscriber] initial. topic:/pnc/task_state, uri:
I0827 00:47:14.736148 1339039 cosine_bus_manager.cpp:400] [cosine_internal][CosineBusManager] create subscriber. topic name:/pnc/task_service/normal_navigation/response , middleware:aorta , need async callback:0, frame_skip_rate:1
I0827 00:47:14.736156 1339039 aorta_component.cpp:174] [cosine_internal][AortaComponent] callback_name:/pnc/task_service/normal_navigation/responsehttp://10.42.0.101:2379
I0827 00:47:14.736212 1339039 buffered_data_export.cpp:115] [cosine_internal]successfully create buffer [bus_buffer___pnc__task_service__normal_navigation__response, type pnc_msgs.NormalNavigationResponse, block num 5, valid_time 0, transfer_type 0, data_size 0, mem_type 0, lib_name , ext_data_size 0, is_protobuf 1, enable_event_sync_subscriber 0], buffer id = 4
I0827 00:47:14.736227 1339039 cosine_bus_message_buffer.cpp:45] [cosine_internal][CosineBusMessageBuffer] create buffer success. name:bus_buffer___pnc__task_service__normal_navigation__response, type:pnc_msgs.NormalNavigationResponse, size:5
I0827 00:47:14.736307 1339039 node_impl.cc:344] [aorta]CreateSubscriber topic:/pnc/task_service/normal_navigation/response, uid:eda514d9-107b-4854-aeed-fea1a7357b08-7227396448010854466 topic_uid:-1
I0827 00:47:14.737308 1339110 centralized_discovery.cc:733] [aorta]subscriber uid:44aac7e5-83aa-4227-921f-f064ff51d2d7-9533047780102618842 topic:/gdk/config_response
I0827 00:47:14.737784 1339039 aorta_component.cpp:326] [cosine_internal][AortaComponent] aorta node create subscriber. node: python3.10_S1, topic:/pnc/task_service/normal_navigation/response, type:pnc_msgs.NormalNavigationResponse, qos:(history:1, depth:5, reliability:1, durability:2), uri:http://10.42.0.101:2379
I0827 00:47:14.737802 1339039 aorta_subscriber.hpp:96] [cosine_internal][AortaSubscriber] initial. topic:/pnc/task_service/normal_navigation/response, uri:
I0827 00:47:14.737830 1339039 cosine_bus_manager.cpp:400] [cosine_internal][CosineBusManager] create subscriber. topic name:/pnc/task_service/high_precision_navigation/response , middleware:aorta , need async callback:0, frame_skip_rate:1
I0827 00:47:14.737851 1339039 aorta_component.cpp:174] [cosine_internal][AortaComponent] callback_name:/pnc/task_service/high_precision_navigation/responsehttp://10.42.0.101:2379
I0827 00:47:14.737932 1339039 buffered_data_export.cpp:115] [cosine_internal]successfully create buffer [bus_buffer___pnc__task_service__high_precision_navigation__response, type pnc_msgs.HighPrecisionNavigationResponse, block num 5, valid_time 0, transfer_type 0, data_size 0, mem_type 0, lib_name , ext_data_size 0, is_protobuf 1, enable_event_sync_subscriber 0], buffer id = 5
I0827 00:47:14.737951 1339039 cosine_bus_message_buffer.cpp:45] [cosine_internal][CosineBusMessageBuffer] create buffer success. name:bus_buffer___pnc__task_service__high_precision_navigation__response, type:pnc_msgs.HighPrecisionNavigationResponse, size:5
I0827 00:47:14.738057 1339039 node_impl.cc:344] [aorta]CreateSubscriber topic:/pnc/task_service/high_precision_navigation/response, uid:1a39e3bc-5d2e-4522-b04c-6a952f30a2d8-4701876173029784314 topic_uid:-1
I0827 00:47:14.738461 1339039 aorta_component.cpp:326] [cosine_internal][AortaComponent] aorta node create subscriber. node: python3.10_S1, topic:/pnc/task_service/high_precision_navigation/response, type:pnc_msgs.HighPrecisionNavigationResponse, qos:(history:1, depth:5, reliability:1, durability:2), uri:http://10.42.0.101:2379
I0827 00:47:14.738471 1339039 aorta_subscriber.hpp:96] [cosine_internal][AortaSubscriber] initial. topic:/pnc/task_service/high_precision_navigation/response, uri:
I0827 00:47:14.738483 1339039 cosine_bus_manager.cpp:400] [cosine_internal][CosineBusManager] create subscriber. topic name:/pnc/task_service/relative_move/response , middleware:aorta , need async callback:0, frame_skip_rate:1
I0827 00:47:14.738489 1339039 aorta_component.cpp:174] [cosine_internal][AortaComponent] callback_name:/pnc/task_service/relative_move/responsehttp://10.42.0.101:2379
I0827 00:47:14.738528 1339039 buffered_data_export.cpp:115] [cosine_internal]successfully create buffer [bus_buffer___pnc__task_service__relative_move__response, type pnc_msgs.RelativeMoveResponse, block num 5, valid_time 0, transfer_type 0, data_size 0, mem_type 0, lib_name , ext_data_size 0, is_protobuf 1, enable_event_sync_subscriber 0], buffer id = 6
I0827 00:47:14.738541 1339039 cosine_bus_message_buffer.cpp:45] [cosine_internal][CosineBusMessageBuffer] create buffer success. name:bus_buffer___pnc__task_service__relative_move__response, type:pnc_msgs.RelativeMoveResponse, size:5
I0827 00:47:14.738615 1339039 node_impl.cc:344] [aorta]CreateSubscriber topic:/pnc/task_service/relative_move/response, uid:7634acca-9d89-4f56-83f2-272133421206-4077207897147431090 topic_uid:-1
I0827 00:47:14.739171 1339134 shm_subscriber.cc:120] [aorta]subscriber connect to publisher success, topic /gdk/config_response, local d2379|python3.10|p1339039|n0|s0|c0, peer d2379|gdk_service|p9011|n0|/gdk/config_response|p0
I0827 00:47:14.739257 1339110 centralized_discovery.cc:733] [aorta]subscriber uid:12c801e4-55a7-4b26-b0c3-dbe73c98cf22-3551884323222435368 topic:/gdk/camera_conf_response
I0827 00:47:14.739616 1339039 aorta_component.cpp:326] [cosine_internal][AortaComponent] aorta node create subscriber. node: python3.10_S1, topic:/pnc/task_service/relative_move/response, type:pnc_msgs.RelativeMoveResponse, qos:(history:1, depth:5, reliability:1, durability:2), uri:http://10.42.0.101:2379
I0827 00:47:14.739631 1339039 aorta_subscriber.hpp:96] [cosine_internal][AortaSubscriber] initial. topic:/pnc/task_service/relative_move/response, uri:
I0827 00:47:14.739652 1339039 cosine_bus_manager.cpp:400] [cosine_internal][CosineBusManager] create subscriber. topic name:/pnc/task_service/task_cancel/response , middleware:aorta , need async callback:0, frame_skip_rate:1
I0827 00:47:14.739663 1339039 aorta_component.cpp:174] [cosine_internal][AortaComponent] callback_name:/pnc/task_service/task_cancel/responsehttp://10.42.0.101:2379
I0827 00:47:14.739727 1339039 buffered_data_export.cpp:115] [cosine_internal]successfully create buffer [bus_buffer___pnc__task_service__task_cancel__response, type pnc_msgs.TaskCancelResponse, block num 5, valid_time 0, transfer_type 0, data_size 0, mem_type 0, lib_name , ext_data_size 0, is_protobuf 1, enable_event_sync_subscriber 0], buffer id = 7
I0827 00:47:14.739744 1339039 cosine_bus_message_buffer.cpp:45] [cosine_internal][CosineBusMessageBuffer] create buffer success. name:bus_buffer___pnc__task_service__task_cancel__response, type:pnc_msgs.TaskCancelResponse, size:5
I0827 00:47:14.739838 1339039 node_impl.cc:344] [aorta]CreateSubscriber topic:/pnc/task_service/task_cancel/response, uid:9de94e11-f0bd-4d9f-81b4-cf6698697baa-3654631836754090917 topic_uid:-1
I0827 00:47:14.740231 1339039 aorta_component.cpp:326] [cosine_internal][AortaComponent] aorta node create subscriber. node: python3.10_S1, topic:/pnc/task_service/task_cancel/response, type:pnc_msgs.TaskCancelResponse, qos:(history:1, depth:5, reliability:1, durability:2), uri:http://10.42.0.101:2379
I0827 00:47:14.740242 1339039 aorta_subscriber.hpp:96] [cosine_internal][AortaSubscriber] initial. topic:/pnc/task_service/task_cancel/response, uri:
I0827 00:47:14.740258 1339039 cosine_bus_manager.cpp:400] [cosine_internal][CosineBusManager] create subscriber. topic name:/pnc/task_service/task_pause/response , middleware:aorta , need async callback:0, frame_skip_rate:1
I0827 00:47:14.740265 1339039 aorta_component.cpp:174] [cosine_internal][AortaComponent] callback_name:/pnc/task_service/task_pause/responsehttp://10.42.0.101:2379
I0827 00:47:14.740305 1339039 buffered_data_export.cpp:115] [cosine_internal]successfully create buffer [bus_buffer___pnc__task_service__task_pause__response, type pnc_msgs.TaskPauseResponse, block num 5, valid_time 0, transfer_type 0, data_size 0, mem_type 0, lib_name , ext_data_size 0, is_protobuf 1, enable_event_sync_subscriber 0], buffer id = 8
I0827 00:47:14.740317 1339039 cosine_bus_message_buffer.cpp:45] [cosine_internal][CosineBusMessageBuffer] create buffer success. name:bus_buffer___pnc__task_service__task_pause__response, type:pnc_msgs.TaskPauseResponse, size:5
I0827 00:47:14.740381 1339039 node_impl.cc:344] [aorta]CreateSubscriber topic:/pnc/task_service/task_pause/response, uid:f6a8ade4-ac6e-473a-864a-a8313873680c-4995236092065324733 topic_uid:-1
I0827 00:47:14.740392 1339134 shm_subscriber.cc:120] [aorta]subscriber connect to publisher success, topic /gdk/camera_conf_response, local d2379|python3.10|p1339039|n0|s1|c0, peer d2379|gdk_service|p9011|n0|/gdk/camera_conf_response|p1
I0827 00:47:14.740509 1339110 centralized_discovery.cc:733] [aorta]subscriber uid:397f0375-6eb7-4fa8-93f2-a8eb78ae1db0-9096530589114119892 topic:/pnc/task_state
I0827 00:47:14.740777 1339039 aorta_component.cpp:326] [cosine_internal][AortaComponent] aorta node create subscriber. node: python3.10_S1, topic:/pnc/task_service/task_pause/response, type:pnc_msgs.TaskPauseResponse, qos:(history:1, depth:5, reliability:1, durability:2), uri:http://10.42.0.101:2379
I0827 00:47:14.740787 1339039 aorta_subscriber.hpp:96] [cosine_internal][AortaSubscriber] initial. topic:/pnc/task_service/task_pause/response, uri:
I0827 00:47:14.740808 1339039 cosine_bus_manager.cpp:400] [cosine_internal][CosineBusManager] create subscriber. topic name:/pnc/task_service/task_resume/response , middleware:aorta , need async callback:0, frame_skip_rate:1
I0827 00:47:14.740814 1339039 aorta_component.cpp:174] [cosine_internal][AortaComponent] callback_name:/pnc/task_service/task_resume/responsehttp://10.42.0.101:2379
I0827 00:47:14.740851 1339039 buffered_data_export.cpp:115] [cosine_internal]successfully create buffer [bus_buffer___pnc__task_service__task_resume__response, type pnc_msgs.TaskResumeResponse, block num 5, valid_time 0, transfer_type 0, data_size 0, mem_type 0, lib_name , ext_data_size 0, is_protobuf 1, enable_event_sync_subscriber 0], buffer id = 9
I0827 00:47:14.740864 1339039 cosine_bus_message_buffer.cpp:45] [cosine_internal][CosineBusMessageBuffer] create buffer success. name:bus_buffer___pnc__task_service__task_resume__response, type:pnc_msgs.TaskResumeResponse, size:5
I0827 00:47:14.740932 1339039 node_impl.cc:344] [aorta]CreateSubscriber topic:/pnc/task_service/task_resume/response, uid:61c67832-c0e8-4023-9d05-edb787d1a3d9-16859347558940246081 topic_uid:-1
I0827 00:47:14.741324 1339039 aorta_component.cpp:326] [cosine_internal][AortaComponent] aorta node create subscriber. node: python3.10_S1, topic:/pnc/task_service/task_resume/response, type:pnc_msgs.TaskResumeResponse, qos:(history:1, depth:5, reliability:1, durability:2), uri:http://10.42.0.101:2379
I0827 00:47:14.741334 1339039 aorta_subscriber.hpp:96] [cosine_internal][AortaSubscriber] initial. topic:/pnc/task_service/task_resume/response, uri:
I0827 00:47:14.741346 1339039 cosine_bus_manager.cpp:400] [cosine_internal][CosineBusManager] create subscriber. topic name:/pnc/task_service/remote_control/response , middleware:aorta , need async callback:0, frame_skip_rate:1
I0827 00:47:14.741353 1339039 aorta_component.cpp:174] [cosine_internal][AortaComponent] callback_name:/pnc/task_service/remote_control/responsehttp://10.42.0.101:2379
I0827 00:47:14.741389 1339039 buffered_data_export.cpp:115] [cosine_internal]successfully create buffer [bus_buffer___pnc__task_service__remote_control__response, type pnc_msgs.RemoteControlResponse, block num 5, valid_time 0, transfer_type 0, data_size 0, mem_type 0, lib_name , ext_data_size 0, is_protobuf 1, enable_event_sync_subscriber 0], buffer id = 10
I0827 00:47:14.741400 1339039 cosine_bus_message_buffer.cpp:45] [cosine_internal][CosineBusMessageBuffer] create buffer success. name:bus_buffer___pnc__task_service__remote_control__response, type:pnc_msgs.RemoteControlResponse, size:5
I0827 00:47:14.741458 1339039 node_impl.cc:344] [aorta]CreateSubscriber topic:/pnc/task_service/remote_control/response, uid:994f7142-bd1c-4e6b-85ee-359737aa16f0-11583863028842959166 topic_uid:-1
I0827 00:47:14.741641 1339134 shm_subscriber.cc:120] [aorta]subscriber connect to publisher success, topic /pnc/task_state, local d2379|python3.10|p1339039|n0|s2|c0, peer d2379|quark_navigation|p329956|n0|/pnc/task_state|p24
I0827 00:47:14.741716 1339110 centralized_discovery.cc:733] [aorta]subscriber uid:eda514d9-107b-4854-aeed-fea1a7357b08-7227396448010854466 topic:/pnc/task_service/normal_navigation/response
I0827 00:47:14.742133 1339039 aorta_component.cpp:326] [cosine_internal][AortaComponent] aorta node create subscriber. node: python3.10_S1, topic:/pnc/task_service/remote_control/response, type:pnc_msgs.RemoteControlResponse, qos:(history:1, depth:5, reliability:1, durability:2), uri:http://10.42.0.101:2379
I0827 00:47:14.742148 1339039 aorta_subscriber.hpp:96] [cosine_internal][AortaSubscriber] initial. topic:/pnc/task_service/remote_control/response, uri:
I0827 00:47:14.742177 1339039 cosine_bus_manager.cpp:294] [cosine_internal][CosineBusManager] create publisher. topic name:/pnc/task_service/normal_navigation/request , middleware:aorta
I0827 00:47:14.742595 1339039 tcp_publisher.cc:179] [aorta]topic /pnc/task_service/normal_navigation/request, pub_queue_size_ 5, latch_queue_size_ 0
I0827 00:47:14.742849 1339133 tcp_socket_server.cc:200] [aorta]The ip info is0.0.0.0:46477
I0827 00:47:14.742946 1339133 shm_socket_server.cc:101] [aorta][/pnc/task_service/normal_navigation/request] bind at pipe sock name d2379|python3.10|p1339039|n0|..task_service/normal_navigation/request|p2
I0827 00:47:14.743016 1339039 node_impl.cc:198] [aorta]CreatePublisher, host:0.0.0.0, port:46477, sockname:d2379|python3.10|p1339039|n0|..task_service/normal_navigation/request|p2, topic:/pnc/task_service/normal_navigation/request, uid:cf7a46dd-2c89-4285-a526-83160dbda55c-11863888217293896894 topic_uid:-1
I0827 00:47:14.743045 1339039 aorta_component.cpp:394] [cosine_internal][AortaComponent] aorta node create publisher. node: python3.10_S1, topic:/pnc/task_service/normal_navigation/request, type:pnc_msgs.NormalNavigationRequest, qos:(history:1, depth:5, reliability:1, durability:2), uri:http://10.42.0.101:2379
I0827 00:47:14.743083 1339039 aorta_publisher.cpp:119] [cosine_internal][AortaPublisher] publisher initialize. topic:/pnc/task_service/normal_navigation/request, uri:
I0827 00:47:14.743090 1339039 publisher.cpp:27] [GDK]create publisher: /pnc/task_service/normal_navigation/request type: pnc_msgs.NormalNavigationRequest qos: 1 1 5 2
I0827 00:47:14.743111 1339039 cosine_bus_manager.cpp:294] [cosine_internal][CosineBusManager] create publisher. topic name:/pnc/task_service/high_precision_navigation/request , middleware:aorta
I0827 00:47:14.743531 1339039 tcp_publisher.cc:179] [aorta]topic /pnc/task_service/high_precision_navigation/request, pub_queue_size_ 5, latch_queue_size_ 0
I0827 00:47:14.743585 1339133 tcp_socket_server.cc:200] [aorta]The ip info is0.0.0.0:40981
I0827 00:47:14.743664 1339133 shm_socket_server.cc:101] [aorta][/pnc/task_service/high_precision_navigation/request] bind at pipe sock name d2379|python3.10|p1339039|n0|..vice/high_precision_navigation/request|p3
I0827 00:47:14.743697 1339134 shm_subscriber.cc:120] [aorta]subscriber connect to publisher success, topic /pnc/task_service/normal_navigation/response, local d2379|python3.10|p1339039|n0|s3|c0, peer d2379|quark_navigation|p329956|n0|..ask_service/normal_navigation/response|p11
I0827 00:47:14.743716 1339039 node_impl.cc:198] [aorta]CreatePublisher, host:0.0.0.0, port:40981, sockname:d2379|python3.10|p1339039|n0|..vice/high_precision_navigation/request|p3, topic:/pnc/task_service/high_precision_navigation/request, uid:df124d5e-1715-4ccc-a27e-71efcfbe6722-13581583299462652003 topic_uid:-1
I0827 00:47:14.744055 1339039 aorta_component.cpp:394] [cosine_internal][AortaComponent] aorta node create publisher. node: python3.10_S1, topic:/pnc/task_service/high_precision_navigation/request, type:pnc_msgs.HighPrecisionNavigationRequest, qos:(history:1, depth:5, reliability:1, durability:2), uri:http://10.42.0.101:2379
I0827 00:47:14.744097 1339039 aorta_publisher.cpp:119] [cosine_internal][AortaPublisher] publisher initialize. topic:/pnc/task_service/high_precision_navigation/request, uri:
I0827 00:47:14.744107 1339039 publisher.cpp:27] [GDK]create publisher: /pnc/task_service/high_precision_navigation/request type: pnc_msgs.HighPrecisionNavigationRequest qos: 1 1 5 2
I0827 00:47:14.744123 1339039 cosine_bus_manager.cpp:294] [cosine_internal][CosineBusManager] create publisher. topic name:/pnc/task_service/relative_move/request , middleware:aorta
I0827 00:47:14.744273 1339110 centralized_discovery.cc:733] [aorta]subscriber uid:1a39e3bc-5d2e-4522-b04c-6a952f30a2d8-4701876173029784314 topic:/pnc/task_service/high_precision_navigation/response
I0827 00:47:14.744547 1339039 tcp_publisher.cc:179] [aorta]topic /pnc/task_service/relative_move/request, pub_queue_size_ 5, latch_queue_size_ 0
I0827 00:47:14.744632 1339133 tcp_socket_server.cc:200] [aorta]The ip info is0.0.0.0:34901
I0827 00:47:14.744717 1339133 shm_socket_server.cc:101] [aorta][/pnc/task_service/relative_move/request] bind at pipe sock name d2379|python3.10|p1339039|n0|/pnc/task_service/relative_move/request|p4
I0827 00:47:14.744789 1339039 node_impl.cc:198] [aorta]CreatePublisher, host:0.0.0.0, port:34901, sockname:d2379|python3.10|p1339039|n0|/pnc/task_service/relative_move/request|p4, topic:/pnc/task_service/relative_move/request, uid:67984131-7cd7-4f7b-bae3-ac6a0676a7b4-1499998713038698463 topic_uid:-1
I0827 00:47:14.744812 1339039 aorta_component.cpp:394] [cosine_internal][AortaComponent] aorta node create publisher. node: python3.10_S1, topic:/pnc/task_service/relative_move/request, type:pnc_msgs.RelativeMoveRequest, qos:(history:1, depth:5, reliability:1, durability:2), uri:http://10.42.0.101:2379
I0827 00:47:14.744844 1339039 aorta_publisher.cpp:119] [cosine_internal][AortaPublisher] publisher initialize. topic:/pnc/task_service/relative_move/request, uri:
I0827 00:47:14.744861 1339039 publisher.cpp:27] [GDK]create publisher: /pnc/task_service/relative_move/request type: pnc_msgs.RelativeMoveRequest qos: 1 1 5 2
I0827 00:47:14.744879 1339039 cosine_bus_manager.cpp:294] [cosine_internal][CosineBusManager] create publisher. topic name:/pnc/task_service/task_cancel/request , middleware:aorta
I0827 00:47:14.745316 1339134 shm_subscriber.cc:120] [aorta]subscriber connect to publisher success, topic /pnc/task_service/high_precision_navigation/response, local d2379|python3.10|p1339039|n0|s4|c0, peer d2379|quark_navigation|p329956|n0|..ice/high_precision_navigation/response|p12
I0827 00:47:14.745316 1339039 tcp_publisher.cc:179] [aorta]topic /pnc/task_service/task_cancel/request, pub_queue_size_ 5, latch_queue_size_ 0
I0827 00:47:14.745378 1339110 centralized_discovery.cc:733] [aorta]subscriber uid:7634acca-9d89-4f56-83f2-272133421206-4077207897147431090 topic:/pnc/task_service/relative_move/response
I0827 00:47:14.745518 1339133 tcp_socket_server.cc:200] [aorta]The ip info is0.0.0.0:39039
I0827 00:47:14.745643 1339133 shm_socket_server.cc:101] [aorta][/pnc/task_service/task_cancel/request] bind at pipe sock name d2379|python3.10|p1339039|n0|/pnc/task_service/task_cancel/request|p5
I0827 00:47:14.745721 1339039 node_impl.cc:198] [aorta]CreatePublisher, host:0.0.0.0, port:39039, sockname:d2379|python3.10|p1339039|n0|/pnc/task_service/task_cancel/request|p5, topic:/pnc/task_service/task_cancel/request, uid:a6a19502-9035-423e-bb15-807f0f676b81-10250913672907467700 topic_uid:-1
I0827 00:47:14.745744 1339039 aorta_component.cpp:394] [cosine_internal][AortaComponent] aorta node create publisher. node: python3.10_S1, topic:/pnc/task_service/task_cancel/request, type:pnc_msgs.TaskCancelRequest, qos:(history:1, depth:5, reliability:1, durability:2), uri:http://10.42.0.101:2379
I0827 00:47:14.745777 1339039 aorta_publisher.cpp:119] [cosine_internal][AortaPublisher] publisher initialize. topic:/pnc/task_service/task_cancel/request, uri:
I0827 00:47:14.745784 1339039 publisher.cpp:27] [GDK]create publisher: /pnc/task_service/task_cancel/request type: pnc_msgs.TaskCancelRequest qos: 1 1 5 2
I0827 00:47:14.745801 1339039 cosine_bus_manager.cpp:294] [cosine_internal][CosineBusManager] create publisher. topic name:/pnc/task_service/task_pause/request , middleware:aorta
I0827 00:47:14.746217 1339039 tcp_publisher.cc:179] [aorta]topic /pnc/task_service/task_pause/request, pub_queue_size_ 5, latch_queue_size_ 0
I0827 00:47:14.746253 1339134 shm_subscriber.cc:120] [aorta]subscriber connect to publisher success, topic /pnc/task_service/relative_move/response, local d2379|python3.10|p1339039|n0|s5|c0, peer d2379|quark_navigation|p329956|n0|/pnc/task_service/relative_move/response|p15
I0827 00:47:14.746271 1339133 tcp_socket_server.cc:200] [aorta]The ip info is0.0.0.0:41121
I0827 00:47:14.746302 1339110 centralized_discovery.cc:733] [aorta]subscriber uid:9de94e11-f0bd-4d9f-81b4-cf6698697baa-3654631836754090917 topic:/pnc/task_service/task_cancel/response
I0827 00:47:14.746335 1339133 shm_socket_server.cc:101] [aorta][/pnc/task_service/task_pause/request] bind at pipe sock name d2379|python3.10|p1339039|n0|/pnc/task_service/task_pause/request|p6
I0827 00:47:14.746387 1339039 node_impl.cc:198] [aorta]CreatePublisher, host:0.0.0.0, port:41121, sockname:d2379|python3.10|p1339039|n0|/pnc/task_service/task_pause/request|p6, topic:/pnc/task_service/task_pause/request, uid:87b12921-b4c7-4071-bf2f-dec06b9899d4-2366368184012060648 topic_uid:-1
I0827 00:47:14.746405 1339039 aorta_component.cpp:394] [cosine_internal][AortaComponent] aorta node create publisher. node: python3.10_S1, topic:/pnc/task_service/task_pause/request, type:pnc_msgs.TaskPauseRequest, qos:(history:1, depth:5, reliability:1, durability:2), uri:http://10.42.0.101:2379
I0827 00:47:14.746434 1339039 aorta_publisher.cpp:119] [cosine_internal][AortaPublisher] publisher initialize. topic:/pnc/task_service/task_pause/request, uri:
I0827 00:47:14.746440 1339039 publisher.cpp:27] [GDK]create publisher: /pnc/task_service/task_pause/request type: pnc_msgs.TaskPauseRequest qos: 1 1 5 2
I0827 00:47:14.746459 1339039 cosine_bus_manager.cpp:294] [cosine_internal][CosineBusManager] create publisher. topic name:/pnc/task_service/task_resume/request , middleware:aorta
I0827 00:47:14.746892 1339039 tcp_publisher.cc:179] [aorta]topic /pnc/task_service/task_resume/request, pub_queue_size_ 5, latch_queue_size_ 0
I0827 00:47:14.746984 1339133 tcp_socket_server.cc:200] [aorta]The ip info is0.0.0.0:33693
I0827 00:47:14.747072 1339133 shm_socket_server.cc:101] [aorta][/pnc/task_service/task_resume/request] bind at pipe sock name d2379|python3.10|p1339039|n0|/pnc/task_service/task_resume/request|p7
I0827 00:47:14.747072 1339134 shm_subscriber.cc:120] [aorta]subscriber connect to publisher success, topic /pnc/task_service/task_cancel/response, local d2379|python3.10|p1339039|n0|s6|c0, peer d2379|quark_navigation|p329956|n0|/pnc/task_service/task_cancel/response|p17
I0827 00:47:14.747144 1339110 centralized_discovery.cc:733] [aorta]subscriber uid:f6a8ade4-ac6e-473a-864a-a8313873680c-4995236092065324733 topic:/pnc/task_service/task_pause/response
I0827 00:47:14.747200 1339039 node_impl.cc:198] [aorta]CreatePublisher, host:0.0.0.0, port:33693, sockname:d2379|python3.10|p1339039|n0|/pnc/task_service/task_resume/request|p7, topic:/pnc/task_service/task_resume/request, uid:efd4e665-3f6a-451f-a469-c71e2461daee-18204958959141007063 topic_uid:-1
I0827 00:47:14.747218 1339039 aorta_component.cpp:394] [cosine_internal][AortaComponent] aorta node create publisher. node: python3.10_S1, topic:/pnc/task_service/task_resume/request, type:pnc_msgs.TaskResumeRequest, qos:(history:1, depth:5, reliability:1, durability:2), uri:http://10.42.0.101:2379
I0827 00:47:14.747247 1339039 aorta_publisher.cpp:119] [cosine_internal][AortaPublisher] publisher initialize. topic:/pnc/task_service/task_resume/request, uri:
I0827 00:47:14.747259 1339039 publisher.cpp:27] [GDK]create publisher: /pnc/task_service/task_resume/request type: pnc_msgs.TaskResumeRequest qos: 1 1 5 2
I0827 00:47:14.747383 1339039 cosine_bus_manager.cpp:294] [cosine_internal][CosineBusManager] create publisher. topic name:/pnc/remote_control_cmd , middleware:aorta
I0827 00:47:14.747820 1339039 tcp_publisher.cc:179] [aorta]topic /pnc/remote_control_cmd, pub_queue_size_ 5, latch_queue_size_ 0
I0827 00:47:14.747882 1339133 tcp_socket_server.cc:200] [aorta]The ip info is0.0.0.0:43481
I0827 00:47:14.747956 1339133 shm_socket_server.cc:101] [aorta][/pnc/remote_control_cmd] bind at pipe sock name d2379|python3.10|p1339039|n0|/pnc/remote_control_cmd|p8
I0827 00:47:14.747962 1339134 shm_subscriber.cc:120] [aorta]subscriber connect to publisher success, topic /pnc/task_service/task_pause/response, local d2379|python3.10|p1339039|n0|s7|c0, peer d2379|quark_navigation|p329956|n0|/pnc/task_service/task_pause/response|p18
I0827 00:47:14.748009 1339039 node_impl.cc:198] [aorta]CreatePublisher, host:0.0.0.0, port:43481, sockname:d2379|python3.10|p1339039|n0|/pnc/remote_control_cmd|p8, topic:/pnc/remote_control_cmd, uid:aa83f2f1-1a08-4720-bdad-6437bf12dc4a-2921114360754287628 topic_uid:-1
I0827 00:47:14.748025 1339039 aorta_component.cpp:394] [cosine_internal][AortaComponent] aorta node create publisher. node: python3.10_S1, topic:/pnc/remote_control_cmd, type:geometry_msgs.msg.pb.TwistStamped, qos:(history:1, depth:5, reliability:1, durability:2), uri:http://10.42.0.101:2379
I0827 00:47:14.748031 1339110 centralized_discovery.cc:733] [aorta]subscriber uid:61c67832-c0e8-4023-9d05-edb787d1a3d9-16859347558940246081 topic:/pnc/task_service/task_resume/response
I0827 00:47:14.748056 1339039 aorta_publisher.cpp:119] [cosine_internal][AortaPublisher] publisher initialize. topic:/pnc/remote_control_cmd, uri:
I0827 00:47:14.748062 1339039 publisher.cpp:27] [GDK]create publisher: /pnc/remote_control_cmd type: geometry_msgs.msg.pb.TwistStamped qos: 1 1 5 2
I0827 00:47:14.748078 1339039 cosine_bus_manager.cpp:294] [cosine_internal][CosineBusManager] create publisher. topic name:/pnc/task_service/remote_control/request , middleware:aorta
I0827 00:47:14.748494 1339039 tcp_publisher.cc:179] [aorta]topic /pnc/task_service/remote_control/request, pub_queue_size_ 5, latch_queue_size_ 0
I0827 00:47:14.748543 1339133 tcp_socket_server.cc:200] [aorta]The ip info is0.0.0.0:33741
I0827 00:47:14.748632 1339133 shm_socket_server.cc:101] [aorta][/pnc/task_service/remote_control/request] bind at pipe sock name d2379|python3.10|p1339039|n0|/pnc/task_service/remote_control/request|p9
I0827 00:47:14.748692 1339039 node_impl.cc:198] [aorta]CreatePublisher, host:0.0.0.0, port:33741, sockname:d2379|python3.10|p1339039|n0|/pnc/task_service/remote_control/request|p9, topic:/pnc/task_service/remote_control/request, uid:599ad303-540f-422b-8f2e-d1f4d9c553f3-10398465225129759782 topic_uid:-1
I0827 00:47:14.748713 1339039 aorta_component.cpp:394] [cosine_internal][AortaComponent] aorta node create publisher. node: python3.10_S1, topic:/pnc/task_service/remote_control/request, type:pnc_msgs.RemoteControlRequest, qos:(history:1, depth:5, reliability:1, durability:2), uri:http://10.42.0.101:2379
I0827 00:47:14.748744 1339039 aorta_publisher.cpp:119] [cosine_internal][AortaPublisher] publisher initialize. topic:/pnc/task_service/remote_control/request, uri:
I0827 00:47:14.748750 1339039 publisher.cpp:27] [GDK]create publisher: /pnc/task_service/remote_control/request type: pnc_msgs.RemoteControlRequest qos: 1 1 5 2
I0827 00:47:14.748822 1339039 cosine_bus_manager.cpp:400] [cosine_internal][CosineBusManager] create subscriber. topic name:/slam/odom , middleware:aorta , need async callback:0, frame_skip_rate:1
I0827 00:47:14.748832 1339039 aorta_component.cpp:174] [cosine_internal][AortaComponent] callback_name:/slam/odomhttp://10.42.0.101:2379
I0827 00:47:14.748864 1339134 shm_subscriber.cc:120] [aorta]subscriber connect to publisher success, topic /pnc/task_service/task_resume/response, local d2379|python3.10|p1339039|n0|s8|c0, peer d2379|quark_navigation|p329956|n0|/pnc/task_service/task_resume/response|p19
I0827 00:47:14.749033 1339039 buffered_data_export.cpp:115] [cosine_internal]successfully create buffer [bus_buffer___slam__odom, type genie_msgs.msg.pb.OdomInfo, block num 5, valid_time 0, transfer_type 0, data_size 0, mem_type 0, lib_name , ext_data_size 0, is_protobuf 1, enable_event_sync_subscriber 0], buffer id = 11
I0827 00:47:14.749049 1339110 centralized_discovery.cc:733] [aorta]subscriber uid:994f7142-bd1c-4e6b-85ee-359737aa16f0-11583863028842959166 topic:/pnc/task_service/remote_control/response
I0827 00:47:14.749118 1339039 cosine_bus_message_buffer.cpp:45] [cosine_internal][CosineBusMessageBuffer] create buffer success. name:bus_buffer___slam__odom, type:genie_msgs.msg.pb.OdomInfo, size:5
I0827 00:47:14.749209 1339039 node_impl.cc:344] [aorta]CreateSubscriber topic:/slam/odom, uid:de5aab3e-c620-42b3-95b0-09bd267392c9-8164318257426434522 topic_uid:-1
I0827 00:47:14.749795 1339039 aorta_component.cpp:326] [cosine_internal][AortaComponent] aorta node create subscriber. node: python3.10_S1, topic:/slam/odom, type:genie_msgs.msg.pb.OdomInfo, qos:(history:1, depth:5, reliability:1, durability:2), uri:http://10.42.0.101:2379
I0827 00:47:14.749809 1339039 aorta_subscriber.hpp:96] [cosine_internal][AortaSubscriber] initial. topic:/slam/odom, uri:
I0827 00:47:14.749825 1339039 cosine_bus_manager.cpp:400] [cosine_internal][CosineBusManager] create subscriber. topic name:/slam/state , middleware:aorta , need async callback:0, frame_skip_rate:1
I0827 00:47:14.749832 1339039 aorta_component.cpp:174] [cosine_internal][AortaComponent] callback_name:/slam/statehttp://10.42.0.101:2379
I0827 00:47:14.749864 1339134 shm_subscriber.cc:120] [aorta]subscriber connect to publisher success, topic /pnc/task_service/remote_control/response, local d2379|python3.10|p1339039|n0|s9|c0, peer d2379|quark_navigation|p329956|n0|..c/task_service/remote_control/response|p16
I0827 00:47:14.749881 1339039 buffered_data_export.cpp:115] [cosine_internal]successfully create buffer [bus_buffer___slam__state, type genie_msgs.msg.pb.CommonResponse, block num 5, valid_time 0, transfer_type 0, data_size 0, mem_type 0, lib_name , ext_data_size 0, is_protobuf 1, enable_event_sync_subscriber 0], buffer id = 12
I0827 00:47:14.749897 1339039 cosine_bus_message_buffer.cpp:45] [cosine_internal][CosineBusMessageBuffer] create buffer success. name:bus_buffer___slam__state, type:genie_msgs.msg.pb.CommonResponse, size:5
I0827 00:47:14.749918 1339110 centralized_discovery.cc:681] [aorta]publisher uid:cf7a46dd-2c89-4285-a526-83160dbda55c-11863888217293896894 topic:/pnc/task_service/normal_navigation/request
I0827 00:47:14.749974 1339039 node_impl.cc:344] [aorta]CreateSubscriber topic:/slam/state, uid:31f15ccb-8364-4c4a-b39c-ecaad4717e31-7791362299214773660 topic_uid:-1
I0827 00:47:14.750353 1339039 aorta_component.cpp:326] [cosine_internal][AortaComponent] aorta node create subscriber. node: python3.10_S1, topic:/slam/state, type:genie_msgs.msg.pb.CommonResponse, qos:(history:1, depth:5, reliability:1, durability:2), uri:http://10.42.0.101:2379
I0827 00:47:14.750363 1339039 aorta_subscriber.hpp:96] [cosine_internal][AortaSubscriber] initial. topic:/slam/state, uri:
I0827 00:47:14.750375 1339039 cosine_bus_manager.cpp:400] [cosine_internal][CosineBusManager] create subscriber. topic name:/slam/mapping_response , middleware:aorta , need async callback:0, frame_skip_rate:1
I0827 00:47:14.750381 1339039 aorta_component.cpp:174] [cosine_internal][AortaComponent] callback_name:/slam/mapping_responsehttp://10.42.0.101:2379
I0827 00:47:14.750412 1339039 buffered_data_export.cpp:115] [cosine_internal]successfully create buffer [bus_buffer___slam__mapping_response, type genie_msgs.msg.pb.CommonResponse, block num 5, valid_time 0, transfer_type 0, data_size 0, mem_type 0, lib_name , ext_data_size 0, is_protobuf 1, enable_event_sync_subscriber 0], buffer id = 13
I0827 00:47:14.750424 1339039 cosine_bus_message_buffer.cpp:45] [cosine_internal][CosineBusMessageBuffer] create buffer success. name:bus_buffer___slam__mapping_response, type:genie_msgs.msg.pb.CommonResponse, size:5
I0827 00:47:14.750492 1339039 node_impl.cc:344] [aorta]CreateSubscriber topic:/slam/mapping_response, uid:edf82558-d5a5-48c2-a2eb-0ad1bdd5ce96-3136143855590244141 topic_uid:-1
I0827 00:47:14.751034 1339039 aorta_component.cpp:326] [cosine_internal][AortaComponent] aorta node create subscriber. node: python3.10_S1, topic:/slam/mapping_response, type:genie_msgs.msg.pb.CommonResponse, qos:(history:1, depth:5, reliability:1, durability:2), uri:http://10.42.0.101:2379
I0827 00:47:14.751044 1339039 aorta_subscriber.hpp:96] [cosine_internal][AortaSubscriber] initial. topic:/slam/mapping_response, uri:
I0827 00:47:14.751062 1339039 cosine_bus_manager.cpp:400] [cosine_internal][CosineBusManager] create subscriber. topic name:/slam/record_spec_loc_rsp , middleware:aorta , need async callback:0, frame_skip_rate:1
I0827 00:47:14.751070 1339039 aorta_component.cpp:174] [cosine_internal][AortaComponent] callback_name:/slam/record_spec_loc_rsphttp://10.42.0.101:2379
I0827 00:47:14.751101 1339039 buffered_data_export.cpp:115] [cosine_internal]successfully create buffer [bus_buffer___slam__record_spec_loc_rsp, type genie_msgs.msg.pb.CommonResponse, block num 5, valid_time 0, transfer_type 0, data_size 0, mem_type 0, lib_name , ext_data_size 0, is_protobuf 1, enable_event_sync_subscriber 0], buffer id = 14
I0827 00:47:14.751117 1339039 cosine_bus_message_buffer.cpp:45] [cosine_internal][CosineBusMessageBuffer] create buffer success. name:bus_buffer___slam__record_spec_loc_rsp, type:genie_msgs.msg.pb.CommonResponse, size:5
I0827 00:47:14.751178 1339039 node_impl.cc:344] [aorta]CreateSubscriber topic:/slam/record_spec_loc_rsp, uid:ad7973b9-bf12-4bf3-a2af-51653034508a-16786186340696970127 topic_uid:-1
I0827 00:47:14.751565 1339039 aorta_component.cpp:326] [cosine_internal][AortaComponent] aorta node create subscriber. node: python3.10_S1, topic:/slam/record_spec_loc_rsp, type:genie_msgs.msg.pb.CommonResponse, qos:(history:1, depth:5, reliability:1, durability:2), uri:http://10.42.0.101:2379
I0827 00:47:14.751580 1339039 aorta_subscriber.hpp:96] [cosine_internal][AortaSubscriber] initial. topic:/slam/record_spec_loc_rsp, uri:
I0827 00:47:14.751598 1339039 cosine_bus_manager.cpp:294] [cosine_internal][CosineBusManager] create publisher. topic name:/slam/mapping_request , middleware:aorta
I0827 00:47:14.751716 1339110 centralized_discovery.cc:681] [aorta]publisher uid:df124d5e-1715-4ccc-a27e-71efcfbe6722-13581583299462652003 topic:/pnc/task_service/high_precision_navigation/request
