I0827 04:45:40.816093 960533 aorta_publisher.cpp:119] [cosine_internal][AortaPublisher] publisher initialize. topic:/MotionControlService/SetLoad/request, uri:
I0827 04:45:40.816102 960533 publisher.cpp:27] [GDK]create publisher: /MotionControlService/SetLoad/request type: genie_msgs.msg.pb.SetLoadRequest qos: 1 1 5 2
I0827 04:45:40.816222 960533 cosine_bus_manager.cpp:294] [cosine_internal][CosineBusManager] create publisher. topic name:/gdk/model_predict , middleware:aorta
I0827 04:45:40.816684 960533 tcp_publisher.cc:179] [aorta]topic /gdk/model_predict, pub_queue_size_ 5, latch_queue_size_ 0
I0827 04:45:40.816766 961797 tcp_socket_server.cc:200] [aorta]The ip info is0.0.0.0:38519
I0827 04:45:40.816855 960674 centralized_discovery.cc:681] [aorta]publisher uid:de6837af-e38e-4106-8a18-b9cbbd0f8aac-12160131399292109555 topic:/wbc/right_ee_command
I0827 04:45:40.816862 961797 shm_socket_server.cc:101] [aorta][/gdk/model_predict] bind at pipe sock name d2379|python3.10|p960533|n0|/gdk/model_predict|p12
I0827 04:45:40.816928 960533 node_impl.cc:198] [aorta]CreatePublisher, host:0.0.0.0, port:38519, sockname:d2379|python3.10|p960533|n0|/gdk/model_predict|p12, topic:/gdk/model_predict, uid:b859ab1d-1771-49f3-be95-7b89584834d8-732077211275631522 topic_uid:-1
I0827 04:45:40.816947 960533 aorta_component.cpp:394] [cosine_internal][AortaComponent] aorta node create publisher. node: python3.10_S1, topic:/gdk/model_predict, type:genie_msgs.msg.pb.TrajectoryTrackingControl, qos:(history:1, depth:5, reliability:1, durability:2), uri:http://10.42.0.101:2379
I0827 04:45:40.816987 960533 aorta_publisher.cpp:119] [cosine_internal][AortaPublisher] publisher initialize. topic:/gdk/model_predict, uri:
I0827 04:45:40.816994 960533 publisher.cpp:27] [GDK]create publisher: /gdk/model_predict type: genie_msgs.msg.pb.TrajectoryTrackingControl qos: 1 1 5 2
I0827 04:45:40.817076 960533 cosine_bus_manager.cpp:294] [cosine_internal][CosineBusManager] create publisher. topic name:/wbc/force_position_cmd , middleware:aorta
I0827 04:45:40.818251 960533 tcp_publisher.cc:179] [aorta]topic /wbc/force_position_cmd, pub_queue_size_ 5, latch_queue_size_ 0
I0827 04:45:40.818333 961797 tcp_socket_server.cc:200] [aorta]The ip info is0.0.0.0:40713
I0827 04:45:40.818403 961797 shm_socket_server.cc:101] [aorta][/wbc/force_position_cmd] bind at pipe sock name d2379|python3.10|p960533|n0|/wbc/force_position_cmd|p13
I0827 04:45:40.818480 960533 node_impl.cc:198] [aorta]CreatePublisher, host:0.0.0.0, port:40713, sockname:d2379|python3.10|p960533|n0|/wbc/force_position_cmd|p13, topic:/wbc/force_position_cmd, uid:ce168e64-6d99-4234-ab66-e07f09d83419-7688843706006148097 topic_uid:-1
I0827 04:45:40.818506 960533 aorta_component.cpp:394] [cosine_internal][AortaComponent] aorta node create publisher. node: python3.10_S1, topic:/wbc/force_position_cmd, type:genie_msgs.msg.pb.ForcePositionCmd, qos:(history:1, depth:5, reliability:1, durability:2), uri:http://10.42.0.101:2379
I0827 04:45:40.818542 960533 aorta_publisher.cpp:119] [cosine_internal][AortaPublisher] publisher initialize. topic:/wbc/force_position_cmd, uri:
I0827 04:45:40.818552 960533 publisher.cpp:27] [GDK]create publisher: /wbc/force_position_cmd type: genie_msgs.msg.pb.ForcePositionCmd qos: 1 1 5 2
I0827 04:45:40.818662 960533 cosine_bus_manager.cpp:294] [cosine_internal][CosineBusManager] create publisher. topic name:/MotionControlService/SetComplianceParams/request , middleware:aorta
I0827 04:45:40.818799 960674 centralized_discovery.cc:733] [aorta]subscriber uid:9c947875-75f5-4314-93b4-13bb545d8687-3835708119707617413 topic:/wbc/motion_control_status
I0827 04:45:40.819136 960533 tcp_publisher.cc:179] [aorta]topic /MotionControlService/SetComplianceParams/request, pub_queue_size_ 5, latch_queue_size_ 0
I0827 04:45:40.819192 961797 tcp_socket_server.cc:200] [aorta]The ip info is0.0.0.0:46729
I0827 04:45:40.819293 961797 shm_socket_server.cc:101] [aorta][/MotionControlService/SetComplianceParams/request] bind at pipe sock name d2379|python3.10|p960533|n0|..rolService/SetComplianceParams/request|p14
I0827 04:45:40.819526 960533 node_impl.cc:198] [aorta]CreatePublisher, host:0.0.0.0, port:46729, sockname:d2379|python3.10|p960533|n0|..rolService/SetComplianceParams/request|p14, topic:/MotionControlService/SetComplianceParams/request, uid:df1ff65a-c36b-4ab0-b608-bd05bd9002c8-14162462508962048716 topic_uid:-1
I0827 04:45:40.819551 960533 aorta_component.cpp:394] [cosine_internal][AortaComponent] aorta node create publisher. node: python3.10_S1, topic:/MotionControlService/SetComplianceParams/request, type:genie_msgs.msg.pb.SetComplianceParamsRequest, qos:(history:1, depth:5, reliability:1, durability:2), uri:http://10.42.0.101:2379
I0827 04:45:40.819588 960533 aorta_publisher.cpp:119] [cosine_internal][AortaPublisher] publisher initialize. topic:/MotionControlService/SetComplianceParams/request, uri:
I0827 04:45:40.819595 960533 publisher.cpp:27] [GDK]create publisher: /MotionControlService/SetComplianceParams/request type: genie_msgs.msg.pb.SetComplianceParamsRequest qos: 1 1 5 2
I0827 04:45:40.819728 960533 cosine_bus_manager.cpp:294] [cosine_internal][CosineBusManager] create publisher. topic name:/MotionControlService/MotionPlan/request , middleware:aorta
I0827 04:45:40.820152 960533 tcp_publisher.cc:179] [aorta]topic /MotionControlService/MotionPlan/request, pub_queue_size_ 5, latch_queue_size_ 0
I0827 04:45:40.820240 961797 tcp_socket_server.cc:200] [aorta]The ip info is0.0.0.0:42579
I0827 04:45:40.820405 961799 shm_subscriber.cc:120] [aorta]subscriber connect to publisher success, topic /wbc/motion_control_status, local d2379|python3.10|p960533|n0|s8|c0, peer d2379|genie_motion_control|p11068|n0|/wbc/motion_control_status|p4
I0827 04:45:40.820473 960674 centralized_discovery.cc:733] [aorta]subscriber uid:b5e4cdf9-ac30-43f6-862a-ed5a595bda33-11220515294652701264 topic:/MotionControlService/JointPosition/response
I0827 04:45:40.820734 961797 shm_socket_server.cc:101] [aorta][/MotionControlService/MotionPlan/request] bind at pipe sock name d2379|python3.10|p960533|n0|/MotionControlService/MotionPlan/request|p15
I0827 04:45:40.820909 960533 node_impl.cc:198] [aorta]CreatePublisher, host:0.0.0.0, port:42579, sockname:d2379|python3.10|p960533|n0|/MotionControlService/MotionPlan/request|p15, topic:/MotionControlService/MotionPlan/request, uid:bb8c142f-af6d-47ba-8bd1-20220024459e-8174779158326670585 topic_uid:-1
I0827 04:45:40.820935 960533 aorta_component.cpp:394] [cosine_internal][AortaComponent] aorta node create publisher. node: python3.10_S1, topic:/MotionControlService/MotionPlan/request, type:genie_msgs.msg.pb.MotionPlanRequest, qos:(history:1, depth:5, reliability:1, durability:2), uri:http://10.42.0.101:2379
I0827 04:45:40.820971 960533 aorta_publisher.cpp:119] [cosine_internal][AortaPublisher] publisher initialize. topic:/MotionControlService/MotionPlan/request, uri:
I0827 04:45:40.820979 960533 publisher.cpp:27] [GDK]create publisher: /MotionControlService/MotionPlan/request type: genie_msgs.msg.pb.MotionPlanRequest qos: 1 1 5 2
I0827 04:45:40.821072 960533 cosine_bus_manager.cpp:294] [cosine_internal][CosineBusManager] create publisher. topic name:/wbc/retarget , middleware:aorta
I0827 04:45:40.821432 961799 shm_subscriber.cc:120] [aorta]subscriber connect to publisher success, topic /MotionControlService/JointPosition/response, local d2379|python3.10|p960533|n0|s9|c0, peer d2379|genie_motion_control|p11068|n0|..nControlService/JointPosition/response|p20
I0827 04:45:40.821492 960674 centralized_discovery.cc:733] [aorta]subscriber uid:94693f8d-581c-48a7-902f-4c6dbf3f6235-13500083580579056044 topic:/MotionControlService/ControlMode/response
I0827 04:45:40.821641 960533 tcp_publisher.cc:179] [aorta]topic /wbc/retarget, pub_queue_size_ 5, latch_queue_size_ 0
I0827 04:45:40.821702 961797 tcp_socket_server.cc:200] [aorta]The ip info is0.0.0.0:40413
I0827 04:45:40.821761 961797 shm_socket_server.cc:101] [aorta][/wbc/retarget] bind at pipe sock name d2379|python3.10|p960533|n0|/wbc/retarget|p16
I0827 04:45:40.821841 960533 node_impl.cc:198] [aorta]CreatePublisher, host:0.0.0.0, port:40413, sockname:d2379|python3.10|p960533|n0|/wbc/retarget|p16, topic:/wbc/retarget, uid:54888d53-52f4-48a4-9695-a6654b7c2176-10549331913175888813 topic_uid:-1
I0827 04:45:40.821864 960533 aorta_component.cpp:394] [cosine_internal][AortaComponent] aorta node create publisher. node: python3.10_S1, topic:/wbc/retarget, type:genie_msgs.msg.pb.ReactiveControl, qos:(history:1, depth:5, reliability:1, durability:2), uri:http://10.42.0.101:2379
I0827 04:45:40.821898 960533 aorta_publisher.cpp:119] [cosine_internal][AortaPublisher] publisher initialize. topic:/wbc/retarget, uri:
I0827 04:45:40.821907 960533 publisher.cpp:27] [GDK]create publisher: /wbc/retarget type: genie_msgs.msg.pb.ReactiveControl qos: 1 1 5 2
I0827 04:45:40.821920 960533 robot.cpp:28] [GDK]RobotBody constructor
I0827 04:45:40.821988 960533 cosine_bus_manager.cpp:76] [cosine_internal][CosineBusManager] cosine bus already initialised
I0827 04:45:40.822008 960533 cosine_bus_manager.cpp:351] [cosine_internal][CosineBusManager] create default subscriber. topic name:/camera/head_back_fisheye
I0827 04:45:40.822022 960533 aorta_component.cpp:174] [cosine_internal][AortaComponent] callback_name:/camera/head_back_fisheyehttp://10.42.0.101:2379
I0827 04:45:40.822131 960533 buffered_data_export.cpp:115] [cosine_internal]successfully create buffer [bus_buffer___camera__head_back_fisheye, type CosineDataPacket, block num 5, valid_time 0, transfer_type 0, data_size 0, mem_type 0, lib_name , ext_data_size 0, is_protobuf 0, enable_event_sync_subscriber 0], buffer id = 15
I0827 04:45:40.822152 960533 cosine_bus_message_buffer.cpp:45] [cosine_internal][CosineBusMessageBuffer] create buffer success. name:bus_buffer___camera__head_back_fisheye, type:CosineDataPacket, size:5
I0827 04:45:40.822234 960533 node_impl.cc:344] [aorta]CreateSubscriber topic:/camera/head_back_fisheye, uid:cef93c04-43ae-4785-8690-9b7bf9aa944b-10407449922038425096 topic_uid:-1
I0827 04:45:40.822386 961799 shm_subscriber.cc:120] [aorta]subscriber connect to publisher success, topic /MotionControlService/ControlMode/response, local d2379|python3.10|p960533|n0|s10|c0, peer d2379|genie_motion_control|p11068|n0|..ionControlService/ControlMode/response|p16
I0827 04:45:40.822444 960674 centralized_discovery.cc:733] [aorta]subscriber uid:9043ec9f-f87a-4174-81c4-2c3d936f6357-11741066552301177038 topic:/MotionControlService/SetLoad/response
I0827 04:45:40.822664 960533 aorta_component.cpp:326] [cosine_internal][AortaComponent] aorta node create subscriber. node: python3.10_S1, topic:/camera/head_back_fisheye, type:CosineDataPacket, qos:(history:1, depth:5, reliability:1, durability:2), uri:http://10.42.0.101:2379
I0827 04:45:40.822676 960533 aorta_subscriber.hpp:96] [cosine_internal][AortaSubscriber] initial. topic:/camera/head_back_fisheye, uri:
I0827 04:45:40.822700 960533 cosine_bus_manager.cpp:76] [cosine_internal][CosineBusManager] cosine bus already initialised
I0827 04:45:40.822711 960533 cosine_bus_manager.cpp:351] [cosine_internal][CosineBusManager] create default subscriber. topic name:/camera/head_left_fisheye
I0827 04:45:40.822717 960533 aorta_component.cpp:174] [cosine_internal][AortaComponent] callback_name:/camera/head_left_fisheyehttp://10.42.0.101:2379
I0827 04:45:40.822749 960533 buffered_data_export.cpp:115] [cosine_internal]successfully create buffer [bus_buffer___camera__head_left_fisheye, type CosineDataPacket, block num 5, valid_time 0, transfer_type 0, data_size 0, mem_type 0, lib_name , ext_data_size 0, is_protobuf 0, enable_event_sync_subscriber 0], buffer id = 16
I0827 04:45:40.822762 960533 cosine_bus_message_buffer.cpp:45] [cosine_internal][CosineBusMessageBuffer] create buffer success. name:bus_buffer___camera__head_left_fisheye, type:CosineDataPacket, size:5
I0827 04:45:40.822834 960533 node_impl.cc:344] [aorta]CreateSubscriber topic:/camera/head_left_fisheye, uid:1b232083-82dc-4eaa-81b8-f5daf9c91257-14591831445956696588 topic_uid:-1
I0827 04:45:40.823233 960533 aorta_component.cpp:326] [cosine_internal][AortaComponent] aorta node create subscriber. node: python3.10_S1, topic:/camera/head_left_fisheye, type:CosineDataPacket, qos:(history:1, depth:5, reliability:1, durability:2), uri:http://10.42.0.101:2379
I0827 04:45:40.823246 960533 aorta_subscriber.hpp:96] [cosine_internal][AortaSubscriber] initial. topic:/camera/head_left_fisheye, uri:
I0827 04:45:40.823262 960533 cosine_bus_manager.cpp:76] [cosine_internal][CosineBusManager] cosine bus already initialised
I0827 04:45:40.823273 960533 cosine_bus_manager.cpp:351] [cosine_internal][CosineBusManager] create default subscriber. topic name:/camera/head_right_fisheye
I0827 04:45:40.823279 960533 aorta_component.cpp:174] [cosine_internal][AortaComponent] callback_name:/camera/head_right_fisheyehttp://10.42.0.101:2379
I0827 04:45:40.823307 960533 buffered_data_export.cpp:115] [cosine_internal]successfully create buffer [bus_buffer___camera__head_right_fisheye, type CosineDataPacket, block num 5, valid_time 0, transfer_type 0, data_size 0, mem_type 0, lib_name , ext_data_size 0, is_protobuf 0, enable_event_sync_subscriber 0], buffer id = 17
I0827 04:45:40.823318 960533 cosine_bus_message_buffer.cpp:45] [cosine_internal][CosineBusMessageBuffer] create buffer success. name:bus_buffer___camera__head_right_fisheye, type:CosineDataPacket, size:5
I0827 04:45:40.823410 960533 node_impl.cc:344] [aorta]CreateSubscriber topic:/camera/head_right_fisheye, uid:6d2c1e12-e8cd-4b99-a7f5-585e3ff40232-11724137809755197201 topic_uid:-1
I0827 04:45:40.823560 961799 shm_subscriber.cc:120] [aorta]subscriber connect to publisher success, topic /MotionControlService/SetLoad/response, local d2379|python3.10|p960533|n0|s11|c0, peer d2379|genie_motion_control|p11068|n0|/MotionControlService/SetLoad/response|p15
I0827 04:45:40.823630 960674 centralized_discovery.cc:733] [aorta]subscriber uid:209f1a4c-304b-42b6-8256-01db1672b164-16772690313444795879 topic:/MotionControlService/SetComplianceParams/response
I0827 04:45:40.823803 960533 aorta_component.cpp:326] [cosine_internal][AortaComponent] aorta node create subscriber. node: python3.10_S1, topic:/camera/head_right_fisheye, type:CosineDataPacket, qos:(history:1, depth:5, reliability:1, durability:2), uri:http://10.42.0.101:2379
I0827 04:45:40.823813 960533 aorta_subscriber.hpp:96] [cosine_internal][AortaSubscriber] initial. topic:/camera/head_right_fisheye, uri:
I0827 04:45:40.823832 960533 cosine_bus_manager.cpp:76] [cosine_internal][CosineBusManager] cosine bus already initialised
I0827 04:45:40.823843 960533 cosine_bus_manager.cpp:351] [cosine_internal][CosineBusManager] create default subscriber. topic name:/camera/head_stereo_left
I0827 04:45:40.823848 960533 aorta_component.cpp:174] [cosine_internal][AortaComponent] callback_name:/camera/head_stereo_lefthttp://10.42.0.101:2379
I0827 04:45:40.823875 960533 buffered_data_export.cpp:115] [cosine_internal]successfully create buffer [bus_buffer___camera__head_stereo_left, type CosineDataPacket, block num 5, valid_time 0, transfer_type 0, data_size 0, mem_type 0, lib_name , ext_data_size 0, is_protobuf 0, enable_event_sync_subscriber 0], buffer id = 18
I0827 04:45:40.823889 960533 cosine_bus_message_buffer.cpp:45] [cosine_internal][CosineBusMessageBuffer] create buffer success. name:bus_buffer___camera__head_stereo_left, type:CosineDataPacket, size:5
I0827 04:45:40.823961 960533 node_impl.cc:344] [aorta]CreateSubscriber topic:/camera/head_stereo_left, uid:28a208bb-da46-429c-9da0-fb17a66eb077-2772564262404746643 topic_uid:-1
I0827 04:45:40.824374 960533 aorta_component.cpp:326] [cosine_internal][AortaComponent] aorta node create subscriber. node: python3.10_S1, topic:/camera/head_stereo_left, type:CosineDataPacket, qos:(history:1, depth:5, reliability:1, durability:2), uri:http://10.42.0.101:2379
I0827 04:45:40.824384 960533 aorta_subscriber.hpp:96] [cosine_internal][AortaSubscriber] initial. topic:/camera/head_stereo_left, uri:
I0827 04:45:40.824399 960533 cosine_bus_manager.cpp:76] [cosine_internal][CosineBusManager] cosine bus already initialised
I0827 04:45:40.824410 960533 cosine_bus_manager.cpp:351] [cosine_internal][CosineBusManager] create default subscriber. topic name:/camera/head_stereo_right
I0827 04:45:40.824415 960533 aorta_component.cpp:174] [cosine_internal][AortaComponent] callback_name:/camera/head_stereo_righthttp://10.42.0.101:2379
I0827 04:45:40.824440 960533 buffered_data_export.cpp:115] [cosine_internal]successfully create buffer [bus_buffer___camera__head_stereo_right, type CosineDataPacket, block num 5, valid_time 0, transfer_type 0, data_size 0, mem_type 0, lib_name , ext_data_size 0, is_protobuf 0, enable_event_sync_subscriber 0], buffer id = 19
I0827 04:45:40.824451 960533 cosine_bus_message_buffer.cpp:45] [cosine_internal][CosineBusMessageBuffer] create buffer success. name:bus_buffer___camera__head_stereo_right, type:CosineDataPacket, size:5
I0827 04:45:40.824518 960533 node_impl.cc:344] [aorta]CreateSubscriber topic:/camera/head_stereo_right, uid:2620e9c8-ecba-49b9-9884-397f1193d81b-8400981831882539399 topic_uid:-1
I0827 04:45:40.824750 961799 shm_subscriber.cc:120] [aorta]subscriber connect to publisher success, topic /MotionControlService/SetComplianceParams/response, local d2379|python3.10|p960533|n0|s12|c0, peer d2379|genie_motion_control|p11068|n0|..olService/SetComplianceParams/response|p21
I0827 04:45:40.824817 960674 centralized_discovery.cc:733] [aorta]subscriber uid:23ac8721-710d-4e92-a968-c52876f807c7-7265943930381113476 topic:/MotionControlService/MotionPlan/response
I0827 04:45:40.824999 960533 aorta_component.cpp:326] [cosine_internal][AortaComponent] aorta node create subscriber. node: python3.10_S1, topic:/camera/head_stereo_right, type:CosineDataPacket, qos:(history:1, depth:5, reliability:1, durability:2), uri:http://10.42.0.101:2379
I0827 04:45:40.825013 960533 aorta_subscriber.hpp:96] [cosine_internal][AortaSubscriber] initial. topic:/camera/head_stereo_right, uri:
I0827 04:45:40.825037 960533 cosine_bus_manager.cpp:76] [cosine_internal][CosineBusManager] cosine bus already initialised
I0827 04:45:40.825049 960533 cosine_bus_manager.cpp:351] [cosine_internal][CosineBusManager] create default subscriber. topic name:/camera/hand_left_color
I0827 04:45:40.825057 960533 aorta_component.cpp:174] [cosine_internal][AortaComponent] callback_name:/camera/hand_left_colorhttp://10.42.0.101:2379
I0827 04:45:40.825089 960533 buffered_data_export.cpp:115] [cosine_internal]successfully create buffer [bus_buffer___camera__hand_left_color, type CosineDataPacket, block num 5, valid_time 0, transfer_type 0, data_size 0, mem_type 0, lib_name , ext_data_size 0, is_protobuf 0, enable_event_sync_subscriber 0], buffer id = 20
I0827 04:45:40.825101 960533 cosine_bus_message_buffer.cpp:45] [cosine_internal][CosineBusMessageBuffer] create buffer success. name:bus_buffer___camera__hand_left_color, type:CosineDataPacket, size:5
I0827 04:45:40.825179 960533 node_impl.cc:344] [aorta]CreateSubscriber topic:/camera/hand_left_color, uid:2ce8b485-ac70-4be2-a713-8930b63a3fc8-16768487626907404343 topic_uid:-1
I0827 04:45:40.825570 960533 aorta_component.cpp:326] [cosine_internal][AortaComponent] aorta node create subscriber. node: python3.10_S1, topic:/camera/hand_left_color, type:CosineDataPacket, qos:(history:1, depth:5, reliability:1, durability:2), uri:http://10.42.0.101:2379
I0827 04:45:40.825579 960533 aorta_subscriber.hpp:96] [cosine_internal][AortaSubscriber] initial. topic:/camera/hand_left_color, uri:
I0827 04:45:40.825594 960533 cosine_bus_manager.cpp:76] [cosine_internal][CosineBusManager] cosine bus already initialised
I0827 04:45:40.825605 961799 shm_subscriber.cc:120] [aorta]subscriber connect to publisher success, topic /MotionControlService/MotionPlan/response, local d2379|python3.10|p960533|n0|s13|c0, peer d2379|genie_motion_control|p11068|n0|..tionControlService/MotionPlan/response|p26
I0827 04:45:40.825634 960533 cosine_bus_manager.cpp:351] [cosine_internal][CosineBusManager] create default subscriber. topic name:/camera/hand_right_color
I0827 04:45:40.825640 960533 aorta_component.cpp:174] [cosine_internal][AortaComponent] callback_name:/camera/hand_right_colorhttp://10.42.0.101:2379
I0827 04:45:40.825654 960674 centralized_discovery.cc:681] [aorta]publisher uid:f0c579ef-7199-41d0-895c-04d8b77efbef-13748557535015507650 topic:/wbc/motion_stop
I0827 04:45:40.825668 960533 buffered_data_export.cpp:115] [cosine_internal]successfully create buffer [bus_buffer___camera__hand_right_color, type CosineDataPacket, block num 5, valid_time 0, transfer_type 0, data_size 0, mem_type 0, lib_name , ext_data_size 0, is_protobuf 0, enable_event_sync_subscriber 0], buffer id = 21
I0827 04:45:40.825681 960533 cosine_bus_message_buffer.cpp:45] [cosine_internal][CosineBusMessageBuffer] create buffer success. name:bus_buffer___camera__hand_right_color, type:CosineDataPacket, size:5
I0827 04:45:40.825740 960533 node_impl.cc:344] [aorta]CreateSubscriber topic:/camera/hand_right_color, uid:0ce6f256-2180-4904-a562-6e5a64477e44-8629761233962563373 topic_uid:-1
I0827 04:45:40.826112 960533 aorta_component.cpp:326] [cosine_internal][AortaComponent] aorta node create subscriber. node: python3.10_S1, topic:/camera/hand_right_color, type:CosineDataPacket, qos:(history:1, depth:5, reliability:1, durability:2), uri:http://10.42.0.101:2379
I0827 04:45:40.826120 960533 aorta_subscriber.hpp:96] [cosine_internal][AortaSubscriber] initial. topic:/camera/hand_right_color, uri:
I0827 04:45:40.826135 960533 cosine_bus_manager.cpp:76] [cosine_internal][CosineBusManager] cosine bus already initialised
I0827 04:45:40.826159 960533 cosine_bus_manager.cpp:351] [cosine_internal][CosineBusManager] create default subscriber. topic name:/camera/head_color
I0827 04:45:40.826165 960533 aorta_component.cpp:174] [cosine_internal][AortaComponent] callback_name:/camera/head_colorhttp://10.42.0.101:2379
I0827 04:45:40.826191 960533 buffered_data_export.cpp:115] [cosine_internal]successfully create buffer [bus_buffer___camera__head_color, type CosineDataPacket, block num 5, valid_time 0, transfer_type 0, data_size 0, mem_type 0, lib_name , ext_data_size 0, is_protobuf 0, enable_event_sync_subscriber 0], buffer id = 22
I0827 04:45:40.826202 960533 cosine_bus_message_buffer.cpp:45] [cosine_internal][CosineBusMessageBuffer] create buffer success. name:bus_buffer___camera__head_color, type:CosineDataPacket, size:5
I0827 04:45:40.826265 960533 node_impl.cc:344] [aorta]CreateSubscriber topic:/camera/head_color, uid:fada0680-c285-47fc-9a26-0183c2535cee-2515219504367417955 topic_uid:-1
I0827 04:45:40.826658 960533 aorta_component.cpp:326] [cosine_internal][AortaComponent] aorta node create subscriber. node: python3.10_S1, topic:/camera/head_color, type:CosineDataPacket, qos:(history:1, depth:5, reliability:1, durability:2), uri:http://10.42.0.101:2379
I0827 04:45:40.826668 960533 aorta_subscriber.hpp:96] [cosine_internal][AortaSubscriber] initial. topic:/camera/head_color, uri:
I0827 04:45:40.826684 960533 cosine_bus_manager.cpp:76] [cosine_internal][CosineBusManager] cosine bus already initialised
I0827 04:45:40.826934 960533 cosine_bus_manager.cpp:351] [cosine_internal][CosineBusManager] create default subscriber. topic name:/camera/head_depth
I0827 04:45:40.826951 960533 aorta_component.cpp:174] [cosine_internal][AortaComponent] callback_name:/camera/head_depthhttp://10.42.0.101:2379
I0827 04:45:40.826993 960533 buffered_data_export.cpp:115] [cosine_internal]successfully create buffer [bus_buffer___camera__head_depth, type CosineDataPacket, block num 5, valid_time 0, transfer_type 0, data_size 0, mem_type 0, lib_name , ext_data_size 0, is_protobuf 0, enable_event_sync_subscriber 0], buffer id = 23
I0827 04:45:40.827006 960533 cosine_bus_message_buffer.cpp:45] [cosine_internal][CosineBusMessageBuffer] create buffer success. name:bus_buffer___camera__head_depth, type:CosineDataPacket, size:5
I0827 04:45:40.827100 960533 node_impl.cc:344] [aorta]CreateSubscriber topic:/camera/head_depth, uid:5b6cf199-bfed-4bd3-83d1-e78a6c8635f4-14849645885661810178 topic_uid:-1
I0827 04:45:40.827260 960674 centralized_discovery.cc:681] [aorta]publisher uid:e072c993-0986-4871-8373-c3f5a28d9759-14916454457450496029 topic:/wbc/set_control_mode
I0827 04:45:40.827967 960533 aorta_component.cpp:326] [cosine_internal][AortaComponent] aorta node create subscriber. node: python3.10_S1, topic:/camera/head_depth, type:CosineDataPacket, qos:(history:1, depth:5, reliability:1, durability:2), uri:http://10.42.0.101:2379
I0827 04:45:40.827986 960533 aorta_subscriber.hpp:96] [cosine_internal][AortaSubscriber] initial. topic:/camera/head_depth, uri:
I0827 04:45:40.828016 960533 cosine_bus_manager.cpp:76] [cosine_internal][CosineBusManager] cosine bus already initialised
I0827 04:45:40.828056 960533 cosine_bus_manager.cpp:351] [cosine_internal][CosineBusManager] create default subscriber. topic name:/camera/hand_left_depth
I0827 04:45:40.828066 960533 aorta_component.cpp:174] [cosine_internal][AortaComponent] callback_name:/camera/hand_left_depthhttp://10.42.0.101:2379
I0827 04:45:40.828114 960533 buffered_data_export.cpp:115] [cosine_internal]successfully create buffer [bus_buffer___camera__hand_left_depth, type CosineDataPacket, block num 5, valid_time 0, transfer_type 0, data_size 0, mem_type 0, lib_name , ext_data_size 0, is_protobuf 0, enable_event_sync_subscriber 0], buffer id = 24
I0827 04:45:40.828133 960533 cosine_bus_message_buffer.cpp:45] [cosine_internal][CosineBusMessageBuffer] create buffer success. name:bus_buffer___camera__hand_left_depth, type:CosineDataPacket, size:5
I0827 04:45:40.828229 960533 node_impl.cc:344] [aorta]CreateSubscriber topic:/camera/hand_left_depth, uid:58dabb95-1c9e-48cb-b2f5-bd600b768801-13237741933269507762 topic_uid:-1
I0827 04:45:40.828609 960533 aorta_component.cpp:326] [cosine_internal][AortaComponent] aorta node create subscriber. node: python3.10_S1, topic:/camera/hand_left_depth, type:CosineDataPacket, qos:(history:1, depth:5, reliability:1, durability:2), uri:http://10.42.0.101:2379
I0827 04:45:40.828621 960533 aorta_subscriber.hpp:96] [cosine_internal][AortaSubscriber] initial. topic:/camera/hand_left_depth, uri:
I0827 04:45:40.828641 960533 cosine_bus_manager.cpp:76] [cosine_internal][CosineBusManager] cosine bus already initialised
I0827 04:45:40.828666 960533 cosine_bus_manager.cpp:351] [cosine_internal][CosineBusManager] create default subscriber. topic name:/camera/hand_right_depth
I0827 04:45:40.828675 960533 aorta_component.cpp:174] [cosine_internal][AortaComponent] callback_name:/camera/hand_right_depthhttp://10.42.0.101:2379
I0827 04:45:40.828707 960533 buffered_data_export.cpp:115] [cosine_internal]successfully create buffer [bus_buffer___camera__hand_right_depth, type CosineDataPacket, block num 5, valid_time 0, transfer_type 0, data_size 0, mem_type 0, lib_name , ext_data_size 0, is_protobuf 0, enable_event_sync_subscriber 0], buffer id = 25
I0827 04:45:40.828723 960533 cosine_bus_message_buffer.cpp:45] [cosine_internal][CosineBusMessageBuffer] create buffer success. name:bus_buffer___camera__hand_right_depth, type:CosineDataPacket, size:5
I0827 04:45:40.828790 960533 node_impl.cc:344] [aorta]CreateSubscriber topic:/camera/hand_right_depth, uid:43b4ffde-bcd2-440a-b12f-dc4557212abb-17867573658284279546 topic_uid:-1
I0827 04:45:40.829047 960674 centralized_discovery.cc:681] [aorta]publisher uid:f87bbd5f-acf3-4b69-aff7-cc6ee45698e6-8961509146944305143 topic:/wbc/end_effector_pose_control
I0827 04:45:40.829373 960533 aorta_component.cpp:326] [cosine_internal][AortaComponent] aorta node create subscriber. node: python3.10_S1, topic:/camera/hand_right_depth, type:CosineDataPacket, qos:(history:1, depth:5, reliability:1, durability:2), uri:http://10.42.0.101:2379
I0827 04:45:40.829389 960533 aorta_subscriber.hpp:96] [cosine_internal][AortaSubscriber] initial. topic:/camera/hand_right_depth, uri:
I0827 04:45:40.829413 960533 cosine_bus_manager.cpp:76] [cosine_internal][CosineBusManager] cosine bus already initialised
I0827 04:45:40.829448 960533 cosine_bus_manager.cpp:351] [cosine_internal][CosineBusManager] create default subscriber. topic name:/camera/hand_left_upper_color
I0827 04:45:40.829455 960533 aorta_component.cpp:174] [cosine_internal][AortaComponent] callback_name:/camera/hand_left_upper_colorhttp://10.42.0.101:2379
I0827 04:45:40.829708 960533 buffered_data_export.cpp:115] [cosine_internal]successfully create buffer [bus_buffer___camera__hand_left_upper_color, type CosineDataPacket, block num 5, valid_time 0, transfer_type 0, data_size 0, mem_type 0, lib_name , ext_data_size 0, is_protobuf 0, enable_event_sync_subscriber 0], buffer id = 26
I0827 04:45:40.829730 960533 cosine_bus_message_buffer.cpp:45] [cosine_internal][CosineBusMessageBuffer] create buffer success. name:bus_buffer___camera__hand_left_upper_color, type:CosineDataPacket, size:5
I0827 04:45:40.829809 960533 node_impl.cc:344] [aorta]CreateSubscriber topic:/camera/hand_left_upper_color, uid:938185d6-65fc-4c33-ae37-25df88256090-10419009240684809358 topic_uid:-1
I0827 04:45:40.830276 960533 aorta_component.cpp:326] [cosine_internal][AortaComponent] aorta node create subscriber. node: python3.10_S1, topic:/camera/hand_left_upper_color, type:CosineDataPacket, qos:(history:1, depth:5, reliability:1, durability:2), uri:http://10.42.0.101:2379
I0827 04:45:40.830287 960533 aorta_subscriber.hpp:96] [cosine_internal][AortaSubscriber] initial. topic:/camera/hand_left_upper_color, uri:
I0827 04:45:40.830309 960533 cosine_bus_manager.cpp:76] [cosine_internal][CosineBusManager] cosine bus already initialised
I0827 04:45:40.830339 960533 cosine_bus_manager.cpp:351] [cosine_internal][CosineBusManager] create default subscriber. topic name:/camera/hand_right_upper_color
I0827 04:45:40.830348 960533 aorta_component.cpp:174] [cosine_internal][AortaComponent] callback_name:/camera/hand_right_upper_colorhttp://10.42.0.101:2379
I0827 04:45:40.830380 960533 buffered_data_export.cpp:115] [cosine_internal]successfully create buffer [bus_buffer___camera__hand_right_upper_color, type CosineDataPacket, block num 5, valid_time 0, transfer_type 0, data_size 0, mem_type 0, lib_name , ext_data_size 0, is_protobuf 0, enable_event_sync_subscriber 0], buffer id = 27
I0827 04:45:40.830392 960533 cosine_bus_message_buffer.cpp:45] [cosine_internal][CosineBusMessageBuffer] create buffer success. name:bus_buffer___camera__hand_right_upper_color, type:CosineDataPacket, size:5
I0827 04:45:40.830464 960533 node_impl.cc:344] [aorta]CreateSubscriber topic:/camera/hand_right_upper_color, uid:16b75552-caff-4e60-bf9f-ec41a9d6316c-14436869942545931775 topic_uid:-1
I0827 04:45:40.830816 960674 centralized_discovery.cc:681] [aorta]publisher uid:74c3a846-b5e1-4bf6-9410-abcacf410399-17554954426434248758 topic:/wbc/joint_position_control
I0827 04:45:40.830835 960533 aorta_component.cpp:326] [cosine_internal][AortaComponent] aorta node create subscriber. node: python3.10_S1, topic:/camera/hand_right_upper_color, type:CosineDataPacket, qos:(history:1, depth:5, reliability:1, durability:2), uri:http://10.42.0.101:2379
I0827 04:45:40.830847 960533 aorta_subscriber.hpp:96] [cosine_internal][AortaSubscriber] initial. topic:/camera/hand_right_upper_color, uri:
I0827 04:45:40.830865 960533 cosine_bus_manager.cpp:76] [cosine_internal][CosineBusManager] cosine bus already initialised
I0827 04:45:40.830888 960533 cosine_bus_manager.cpp:351] [cosine_internal][CosineBusManager] create default subscriber. topic name:/camera/hand_left_lower_color
I0827 04:45:40.830894 960533 aorta_component.cpp:174] [cosine_internal][AortaComponent] callback_name:/camera/hand_left_lower_colorhttp://10.42.0.101:2379
I0827 04:45:40.830922 960533 buffered_data_export.cpp:115] [cosine_internal]successfully create buffer [bus_buffer___camera__hand_left_lower_color, type CosineDataPacket, block num 5, valid_time 0, transfer_type 0, data_size 0, mem_type 0, lib_name , ext_data_size 0, is_protobuf 0, enable_event_sync_subscriber 0], buffer id = 28
I0827 04:45:40.830933 960533 cosine_bus_message_buffer.cpp:45] [cosine_internal][CosineBusMessageBuffer] create buffer success. name:bus_buffer___camera__hand_left_lower_color, type:CosineDataPacket, size:5
I0827 04:45:40.831504 960533 node_impl.cc:344] [aorta]CreateSubscriber topic:/camera/hand_left_lower_color, uid:150fdf5e-3e6d-4dfd-b3f2-ca97c72270f8-4503626684902531612 topic_uid:-1
I0827 04:45:40.831928 960533 aorta_component.cpp:326] [cosine_internal][AortaComponent] aorta node create subscriber. node: python3.10_S1, topic:/camera/hand_left_lower_color, type:CosineDataPacket, qos:(history:1, depth:5, reliability:1, durability:2), uri:http://10.42.0.101:2379
I0827 04:45:40.831939 960533 aorta_subscriber.hpp:96] [cosine_internal][AortaSubscriber] initial. topic:/camera/hand_left_lower_color, uri:
I0827 04:45:40.831966 960533 cosine_bus_manager.cpp:76] [cosine_internal][CosineBusManager] cosine bus already initialised
I0827 04:45:40.831996 960533 cosine_bus_manager.cpp:351] [cosine_internal][CosineBusManager] create default subscriber. topic name:/camera/hand_right_lower_color
I0827 04:45:40.832006 960533 aorta_component.cpp:174] [cosine_internal][AortaComponent] callback_name:/camera/hand_right_lower_colorhttp://10.42.0.101:2379
I0827 04:45:40.832051 960533 buffered_data_export.cpp:115] [cosine_internal]successfully create buffer [bus_buffer___camera__hand_right_lower_color, type CosineDataPacket, block num 5, valid_time 0, transfer_type 0, data_size 0, mem_type 0, lib_name , ext_data_size 0, is_protobuf 0, enable_event_sync_subscriber 0], buffer id = 29
I0827 04:45:40.832065 960533 cosine_bus_message_buffer.cpp:45] [cosine_internal][CosineBusMessageBuffer] create buffer success. name:bus_buffer___camera__hand_right_lower_color, type:CosineDataPacket, size:5
I0827 04:45:40.832116 960674 centralized_discovery.cc:681] [aorta]publisher uid:6384e397-64e0-4398-acbc-9aeaf4996086-13247891859042633557 topic:/MotionControlService/JointPosition/request
I0827 04:45:40.832137 960533 node_impl.cc:344] [aorta]CreateSubscriber topic:/camera/hand_right_lower_color, uid:3ee7258a-f466-4d1f-89a0-736e5aebc7f1-8186110446424813557 topic_uid:-1
I0827 04:45:40.832515 960533 aorta_component.cpp:326] [cosine_internal][AortaComponent] aorta node create subscriber. node: python3.10_S1, topic:/camera/hand_right_lower_color, type:CosineDataPacket, qos:(history:1, depth:5, reliability:1, durability:2), uri:http://10.42.0.101:2379
I0827 04:45:40.832525 960533 aorta_subscriber.hpp:96] [cosine_internal][AortaSubscriber] initial. topic:/camera/hand_right_lower_color, uri:
I0827 04:45:40.832542 960533 cosine_bus_manager.cpp:76] [cosine_internal][CosineBusManager] cosine bus already initialised
I0827 04:45:40.832566 960533 cosine_bus_manager.cpp:351] [cosine_internal][CosineBusManager] create default subscriber. topic name:/camera/hand_left_upper_depth
I0827 04:45:40.832574 960533 aorta_component.cpp:174] [cosine_internal][AortaComponent] callback_name:/camera/hand_left_upper_depthhttp://10.42.0.101:2379
I0827 04:45:40.832609 960533 buffered_data_export.cpp:115] [cosine_internal]successfully create buffer [bus_buffer___camera__hand_left_upper_depth, type CosineDataPacket, block num 5, valid_time 0, transfer_type 0, data_size 0, mem_type 0, lib_name , ext_data_size 0, is_protobuf 0, enable_event_sync_subscriber 0], buffer id = 30
I0827 04:45:40.832633 960533 cosine_bus_message_buffer.cpp:45] [cosine_internal][CosineBusMessageBuffer] create buffer success. name:bus_buffer___camera__hand_left_upper_depth, type:CosineDataPacket, size:5
I0827 04:45:40.832696 960533 node_impl.cc:344] [aorta]CreateSubscriber topic:/camera/hand_left_upper_depth, uid:46fbc185-988d-40c9-9268-010356285d87-12072037676595526463 topic_uid:-1
I0827 04:45:40.833070 960533 aorta_component.cpp:326] [cosine_internal][AortaComponent] aorta node create subscriber. node: python3.10_S1, topic:/camera/hand_left_upper_depth, type:CosineDataPacket, qos:(history:1, depth:5, reliability:1, durability:2), uri:http://10.42.0.101:2379
I0827 04:45:40.833081 960533 aorta_subscriber.hpp:96] [cosine_internal][AortaSubscriber] initial. topic:/camera/hand_left_upper_depth, uri:
I0827 04:45:40.833101 960533 cosine_bus_manager.cpp:76] [cosine_internal][CosineBusManager] cosine bus already initialised
I0827 04:45:40.833123 960533 cosine_bus_manager.cpp:351] [cosine_internal][CosineBusManager] create default subscriber. topic name:/camera/hand_right_upper_depth
I0827 04:45:40.833130 960533 aorta_component.cpp:174] [cosine_internal][AortaComponent] callback_name:/camera/hand_right_upper_depthhttp://10.42.0.101:2379
I0827 04:45:40.833159 960533 buffered_data_export.cpp:115] [cosine_internal]successfully create buffer [bus_buffer___camera__hand_right_upper_depth, type CosineDataPacket, block num 5, valid_time 0, transfer_type 0, data_size 0, mem_type 0, lib_name , ext_data_size 0, is_protobuf 0, enable_event_sync_subscriber 0], buffer id = 31
I0827 04:45:40.833173 960533 cosine_bus_message_buffer.cpp:45] [cosine_internal][CosineBusMessageBuffer] create buffer success. name:bus_buffer___camera__hand_right_upper_depth, type:CosineDataPacket, size:5
I0827 04:45:40.833235 960533 node_impl.cc:344] [aorta]CreateSubscriber topic:/camera/hand_right_upper_depth, uid:4dd675db-2cd1-4f0b-93a3-017284affe9f-15534589775061933553 topic_uid:-1
I0827 04:45:40.833603 960533 aorta_component.cpp:326] [cosine_internal][AortaComponent] aorta node create subscriber. node: python3.10_S1, topic:/camera/hand_right_upper_depth, type:CosineDataPacket, qos:(history:1, depth:5, reliability:1, durability:2), uri:http://10.42.0.101:2379
I0827 04:45:40.833613 960533 aorta_subscriber.hpp:96] [cosine_internal][AortaSubscriber] initial. topic:/camera/hand_right_upper_depth, uri:
I0827 04:45:40.833629 960533 cosine_bus_manager.cpp:76] [cosine_internal][CosineBusManager] cosine bus already initialised
I0827 04:45:40.833654 960533 cosine_bus_manager.cpp:351] [cosine_internal][CosineBusManager] create default subscriber. topic name:/camera/hand_left_lower_depth
I0827 04:45:40.833662 960533 aorta_component.cpp:174] [cosine_internal][AortaComponent] callback_name:/camera/hand_left_lower_depthhttp://10.42.0.101:2379
I0827 04:45:40.833688 960533 buffered_data_export.cpp:115] [cosine_internal]successfully create buffer [bus_buffer___camera__hand_left_lower_depth, type CosineDataPacket, block num 5, valid_time 0, transfer_type 0, data_size 0, mem_type 0, lib_name , ext_data_size 0, is_protobuf 0, enable_event_sync_subscriber 0], buffer id = 32
I0827 04:45:40.833698 960533 cosine_bus_message_buffer.cpp:45] [cosine_internal][CosineBusMessageBuffer] create buffer success. name:bus_buffer___camera__hand_left_lower_depth, type:CosineDataPacket, size:5
I0827 04:45:40.833756 960533 node_impl.cc:344] [aorta]CreateSubscriber topic:/camera/hand_left_lower_depth, uid:763df693-40e5-4a64-8093-4e0010b09dd0-14499789538593900557 topic_uid:-1
I0827 04:45:40.833966 960674 centralized_discovery.cc:681] [aorta]publisher uid:24926798-3b6a-4d18-851a-bd8150e05fe4-7079047142913889307 topic:/MotionControlService/ControlMode/request
I0827 04:45:40.834154 960533 aorta_component.cpp:326] [cosine_internal][AortaComponent] aorta node create subscriber. node: python3.10_S1, topic:/camera/hand_left_lower_depth, type:CosineDataPacket, qos:(history:1, depth:5, reliability:1, durability:2), uri:http://10.42.0.101:2379
I0827 04:45:40.834164 960533 aorta_subscriber.hpp:96] [cosine_internal][AortaSubscriber] initial. topic:/camera/hand_left_lower_depth, uri:
I0827 04:45:40.834182 960533 cosine_bus_manager.cpp:76] [cosine_internal][CosineBusManager] cosine bus already initialised
I0827 04:45:40.834203 960533 cosine_bus_manager.cpp:351] [cosine_internal][CosineBusManager] create default subscriber. topic name:/camera/hand_right_lower_depth
I0827 04:45:40.834210 960533 aorta_component.cpp:174] [cosine_internal][AortaComponent] callback_name:/camera/hand_right_lower_depthhttp://10.42.0.101:2379
I0827 04:45:40.834239 960533 buffered_data_export.cpp:115] [cosine_internal]successfully create buffer [bus_buffer___camera__hand_right_lower_depth, type CosineDataPacket, block num 5, valid_time 0, transfer_type 0, data_size 0, mem_type 0, lib_name , ext_data_size 0, is_protobuf 0, enable_event_sync_subscriber 0], buffer id = 33
I0827 04:45:40.834250 960533 cosine_bus_message_buffer.cpp:45] [cosine_internal][CosineBusMessageBuffer] create buffer success. name:bus_buffer___camera__hand_right_lower_depth, type:CosineDataPacket, size:5
I0827 04:45:40.834309 960533 node_impl.cc:344] [aorta]CreateSubscriber topic:/camera/hand_right_lower_depth, uid:6a5f2a76-93f9-43f8-b7b3-963b86edea3a-9839082178762803487 topic_uid:-1
I0827 04:45:40.834678 960533 aorta_component.cpp:326] [cosine_internal][AortaComponent] aorta node create subscriber. node: python3.10_S1, topic:/camera/hand_right_lower_depth, type:CosineDataPacket, qos:(history:1, depth:5, reliability:1, durability:2), uri:http://10.42.0.101:2379
I0827 04:45:40.834688 960533 aorta_subscriber.hpp:96] [cosine_internal][AortaSubscriber] initial. topic:/camera/hand_right_lower_depth, uri:
I0827 04:45:40.834770 960533 cosine_bus_manager.cpp:400] [cosine_internal][CosineBusManager] create subscriber. topic name:/pnc/task_state , middleware:aorta , need async callback:0, frame_skip_rate:1
I0827 04:45:40.834780 960533 aorta_component.cpp:174] [cosine_internal][AortaComponent] callback_name:/pnc/task_statehttp://10.42.0.101:2379
I0827 04:45:40.835297 960533 buffered_data_export.cpp:115] [cosine_internal]successfully create buffer [bus_buffer___pnc__task_state, type pnc_msgs.TaskState, block num 5, valid_time 0, transfer_type 0, data_size 0, mem_type 0, lib_name , ext_data_size 0, is_protobuf 1, enable_event_sync_subscriber 0], buffer id = 34
I0827 04:45:40.835315 960533 cosine_bus_message_buffer.cpp:45] [cosine_internal][CosineBusMessageBuffer] create buffer success. name:bus_buffer___pnc__task_state, type:pnc_msgs.TaskState, size:5
I0827 04:45:40.835402 960533 node_impl.cc:344] [aorta]CreateSubscriber topic:/pnc/task_state, uid:7fe62c05-22a6-4ac1-a128-a8b23bec0078-9096530589114119892 topic_uid:-1
I0827 04:45:40.835762 960674 centralized_discovery.cc:681] [aorta]publisher uid:d7bd3e56-b5fa-4a1b-ba31-c7ebae45beea-13250693701014519938 topic:/MotionControlService/SetLoad/request
I0827 04:45:40.835783 960533 aorta_component.cpp:326] [cosine_internal][AortaComponent] aorta node create subscriber. node: python3.10_S1, topic:/pnc/task_state, type:pnc_msgs.TaskState, qos:(history:1, depth:5, reliability:1, durability:2), uri:http://10.42.0.101:2379
I0827 04:45:40.835794 960533 aorta_subscriber.hpp:96] [cosine_internal][AortaSubscriber] initial. topic:/pnc/task_state, uri:
I0827 04:45:40.835811 960533 cosine_bus_manager.cpp:400] [cosine_internal][CosineBusManager] create subscriber. topic name:/pnc/task_service/normal_navigation/response , middleware:aorta , need async callback:0, frame_skip_rate:1
I0827 04:45:40.835819 960533 aorta_component.cpp:174] [cosine_internal][AortaComponent] callback_name:/pnc/task_service/normal_navigation/responsehttp://10.42.0.101:2379
I0827 04:45:40.835861 960533 buffered_data_export.cpp:115] [cosine_internal]successfully create buffer [bus_buffer___pnc__task_service__normal_navigation__response, type pnc_msgs.NormalNavigationResponse, block num 5, valid_time 0, transfer_type 0, data_size 0, mem_type 0, lib_name , ext_data_size 0, is_protobuf 1, enable_event_sync_subscriber 0], buffer id = 35
I0827 04:45:40.835875 960533 cosine_bus_message_buffer.cpp:45] [cosine_internal][CosineBusMessageBuffer] create buffer success. name:bus_buffer___pnc__task_service__normal_navigation__response, type:pnc_msgs.NormalNavigationResponse, size:5
I0827 04:45:40.835944 960533 node_impl.cc:344] [aorta]CreateSubscriber topic:/pnc/task_service/normal_navigation/response, uid:0c8687c7-932a-4263-b644-8737b9c58eec-7227396448010854466 topic_uid:-1
I0827 04:45:40.836318 960533 aorta_component.cpp:326] [cosine_internal][AortaComponent] aorta node create subscriber. node: python3.10_S1, topic:/pnc/task_service/normal_navigation/response, type:pnc_msgs.NormalNavigationResponse, qos:(history:1, depth:5, reliability:1, durability:2), uri:http://10.42.0.101:2379
I0827 04:45:40.836328 960533 aorta_subscriber.hpp:96] [cosine_internal][AortaSubscriber] initial. topic:/pnc/task_service/normal_navigation/response, uri:
I0827 04:45:40.836349 960533 cosine_bus_manager.cpp:400] [cosine_internal][CosineBusManager] create subscriber. topic name:/pnc/task_service/high_precision_navigation/response , middleware:aorta , need async callback:0, frame_skip_rate:1
I0827 04:45:40.836355 960533 aorta_component.cpp:174] [cosine_internal][AortaComponent] callback_name:/pnc/task_service/high_precision_navigation/responsehttp://10.42.0.101:2379
I0827 04:45:40.836388 960533 buffered_data_export.cpp:115] [cosine_internal]successfully create buffer [bus_buffer___pnc__task_service__high_precision_navigation__response, type pnc_msgs.HighPrecisionNavigationResponse, block num 5, valid_time 0, transfer_type 0, data_size 0, mem_type 0, lib_name , ext_data_size 0, is_protobuf 1, enable_event_sync_subscriber 0], buffer id = 36
I0827 04:45:40.836400 960533 cosine_bus_message_buffer.cpp:45] [cosine_internal][CosineBusMessageBuffer] create buffer success. name:bus_buffer___pnc__task_service__high_precision_navigation__response, type:pnc_msgs.HighPrecisionNavigationResponse, size:5
I0827 04:45:40.836457 960533 node_impl.cc:344] [aorta]CreateSubscriber topic:/pnc/task_service/high_precision_navigation/response, uid:9ef12ec9-d891-45e5-ae2b-00694b35907d-4701876173029784314 topic_uid:-1
I0827 04:45:40.836742 960674 centralized_discovery.cc:681] [aorta]publisher uid:b859ab1d-1771-49f3-be95-7b89584834d8-732077211275631522 topic:/gdk/model_predict
I0827 04:45:40.836844 960533 aorta_component.cpp:326] [cosine_internal][AortaComponent] aorta node create subscriber. node: python3.10_S1, topic:/pnc/task_service/high_precision_navigation/response, type:pnc_msgs.HighPrecisionNavigationResponse, qos:(history:1, depth:5, reliability:1, durability:2), uri:http://10.42.0.101:2379
I0827 04:45:40.836853 960533 aorta_subscriber.hpp:96] [cosine_internal][AortaSubscriber] initial. topic:/pnc/task_service/high_precision_navigation/response, uri:
I0827 04:45:40.836910 960533 cosine_bus_manager.cpp:400] [cosine_internal][CosineBusManager] create subscriber. topic name:/pnc/task_service/relative_move/response , middleware:aorta , need async callback:0, frame_skip_rate:1
I0827 04:45:40.836920 960533 aorta_component.cpp:174] [cosine_internal][AortaComponent] callback_name:/pnc/task_service/relative_move/responsehttp://10.42.0.101:2379
I0827 04:45:40.836958 960533 buffered_data_export.cpp:115] [cosine_internal]successfully create buffer [bus_buffer___pnc__task_service__relative_move__response, type pnc_msgs.RelativeMoveResponse, block num 5, valid_time 0, transfer_type 0, data_size 0, mem_type 0, lib_name , ext_data_size 0, is_protobuf 1, enable_event_sync_subscriber 0], buffer id = 37
I0827 04:45:40.836969 960533 cosine_bus_message_buffer.cpp:45] [cosine_internal][CosineBusMessageBuffer] create buffer success. name:bus_buffer___pnc__task_service__relative_move__response, type:pnc_msgs.RelativeMoveResponse, size:5
I0827 04:45:40.837037 960533 node_impl.cc:344] [aorta]CreateSubscriber topic:/pnc/task_service/relative_move/response, uid:1c03f6cf-23c3-4f5e-be47-add9a4c3c27e-4077207897147431090 topic_uid:-1
I0827 04:45:40.837424 960533 aorta_component.cpp:326] [cosine_internal][AortaComponent] aorta node create subscriber. node: python3.10_S1, topic:/pnc/task_service/relative_move/response, type:pnc_msgs.RelativeMoveResponse, qos:(history:1, depth:5, reliability:1, durability:2), uri:http://10.42.0.101:2379
I0827 04:45:40.837433 960533 aorta_subscriber.hpp:96] [cosine_internal][AortaSubscriber] initial. topic:/pnc/task_service/relative_move/response, uri:
I0827 04:45:40.837450 960533 cosine_bus_manager.cpp:400] [cosine_internal][CosineBusManager] create subscriber. topic name:/pnc/task_service/task_cancel/response , middleware:aorta , need async callback:0, frame_skip_rate:1
I0827 04:45:40.837458 960533 aorta_component.cpp:174] [cosine_internal][AortaComponent] callback_name:/pnc/task_service/task_cancel/responsehttp://10.42.0.101:2379
I0827 04:45:40.837492 960533 buffered_data_export.cpp:115] [cosine_internal]successfully create buffer [bus_buffer___pnc__task_service__task_cancel__response, type pnc_msgs.TaskCancelResponse, block num 5, valid_time 0, transfer_type 0, data_size 0, mem_type 0, lib_name , ext_data_size 0, is_protobuf 1, enable_event_sync_subscriber 0], buffer id = 38
I0827 04:45:40.837504 960533 cosine_bus_message_buffer.cpp:45] [cosine_internal][CosineBusMessageBuffer] create buffer success. name:bus_buffer___pnc__task_service__task_cancel__response, type:pnc_msgs.TaskCancelResponse, size:5
I0827 04:45:40.837574 960533 node_impl.cc:344] [aorta]CreateSubscriber topic:/pnc/task_service/task_cancel/response, uid:40ec1f81-e0c7-4bda-859c-2eaeeff9f791-3654631836754090917 topic_uid:-1
I0827 04:45:40.838045 960533 aorta_component.cpp:326] [cosine_internal][AortaComponent] aorta node create subscriber. node: python3.10_S1, topic:/pnc/task_service/task_cancel/response, type:pnc_msgs.TaskCancelResponse, qos:(history:1, depth:5, reliability:1, durability:2), uri:http://10.42.0.101:2379
I0827 04:45:40.838056 960533 aorta_subscriber.hpp:96] [cosine_internal][AortaSubscriber] initial. topic:/pnc/task_service/task_cancel/response, uri:
I0827 04:45:40.838070 960533 cosine_bus_manager.cpp:400] [cosine_internal][CosineBusManager] create subscriber. topic name:/pnc/task_service/task_pause/response , middleware:aorta , need async callback:0, frame_skip_rate:1
