Log file created at: 2025/08/26 23:43:56
Running on machine: G2
Log line format: [IWEF]mmdd hh:mm:ss.uuuuuu threadid file:line] msg
I0826 23:43:56.955070 328695 dylog_impl.cpp:641] [DYLOG] set dylog default level to INFO
I0826 23:43:56.955139 328695 dylog_impl.cpp:690] [DYLOG] soc num : R2
I0826 23:43:56.955152 328695 dylog_impl.cpp:695] [DYLOG] can't read scene_mode, use sud
W0826 23:43:56.955173 328695 dylog_impl.cpp:757] [DYLOG] can't find available json config file with path : /home/agi/app/conf/scene_server/dylog_sud_default.json, use default.
I0826 23:43:56.955287 328695 dylog_impl.cpp:293] [DYLOG] register dsd_name : dylog/python3.10/cosine_internal
I0826 23:43:56.958454 328695 cosine_bus_manager.cpp:88] [cosine_internal][CosineBusManager] cosine bus config path not set, use default config.
I0826 23:43:56.958492 328695 cosine_bus_manager.cpp:118] [cosine_internal][CosineBusManager] initial cosine_bus_config:
I0826 23:43:56.960016 328695 cosine_bus_global_sync.cpp:30] [cosine_internal][BusGlobalSync] set default middleware name:aorta
I0826 23:43:56.960054 328695 scheduler_classic.cpp:28] [cosine_internal]Proc number set to be: 1
I0826 23:43:56.960959 328695 dynamic_object.cpp:521] [cosine_internal][DynamicObject] open libdynamic_aorta.so success.
I0826 23:43:56.961146 328695 dynamic_object.cpp:581] [cosine_internal][DynamicObject] Successfully enumerated 57 symbols in libdynamic_aorta.so
I0826 23:43:56.961155 328695 resource_loader.cpp:13] [cosine_internal][ResourceLoader] Attempting to load function: aorta_get_object
I0826 23:43:56.961160 328695 resource_loader.cpp:17] [cosine_internal][ResourceLoader] Trying address() method for C++ symbol: aorta_get_object
I0826 23:43:56.961167 328695 resource_loader.cpp:20] [cosine_internal][ResourceLoader] Successfully loaded C++ symbol: aorta_get_object
I0826 23:43:56.961171 328695 resource_loader.cpp:13] [cosine_internal][ResourceLoader] Attempting to load function: aorta_call_object_func
I0826 23:43:56.961174 328695 resource_loader.cpp:17] [cosine_internal][ResourceLoader] Trying address() method for C++ symbol: aorta_call_object_func
I0826 23:43:56.961179 328695 resource_loader.cpp:20] [cosine_internal][ResourceLoader] Successfully loaded C++ symbol: aorta_call_object_func
I0826 23:43:56.961181 328695 resource_loader.cpp:13] [cosine_internal][ResourceLoader] Attempting to load function: aorta_clean_up
I0826 23:43:56.961184 328695 resource_loader.cpp:17] [cosine_internal][ResourceLoader] Trying address() method for C++ symbol: aorta_clean_up
I0826 23:43:56.961199 328695 resource_loader.cpp:25] [cosine_internal][ResourceLoader] C++ symbol failed, trying c_address() method for C symbol: aorta_clean_up
I0826 23:43:56.961205 328695 resource_loader.cpp:28] [cosine_internal][ResourceLoader] Successfully loaded C symbol: aorta_clean_up
W0826 23:43:56.961211 328695 aorta_component.cpp:90] [cosine_internal]Environment variable [LOCATOR_IP/DDS_IP] not set, fallback to 10.42.0.101
I0826 23:43:56.961217 328695 aorta_component.cpp:496] [cosine_internal][AortaComponent] locator_ip: 10.42.0.101; Check network before domain init 
I0826 23:43:56.961254 328695 clock.cpp:22] [cosine_internal]load ptp time source from: libptp_clock_time.so
I0826 23:43:56.961414 328695 dynamic_object.cpp:521] [cosine_internal][DynamicObject] open libptp_clock_time.so success.
I0826 23:43:56.962217 328695 aorta_component.cpp:515] [cosine_internal][AortaComponent] Network check start. locator_ip: 10.42.0.101, timeout: 60 seconds , check_start_time: 1756223036
I0826 23:43:56.962241 328695 aorta_component.cpp:526] [cosine_internal][AortaComponent] locator_ip: 10.42.0.101; network is ready.
I0826 23:43:56.962298 328695 dylog_impl.cpp:293] [DYLOG] register dsd_name : dylog/python3.10/aorta
I0826 23:43:56.962450 328695 pcie_config.cc:52] [aorta]Get one valid pcie channel. producer: soc-s3 app-map_loc_app endpoint-nvscic2c_pcie_s3_c7_11 consumer: soc-s1 app-worldmodel endpoint-nvscic2c_pcie_s1_c7_11
I0826 23:43:56.962550 328695 os.cc:88] [aorta]Got host_id from system files: Huixi R1ROBOR2
I0826 23:43:56.962592 328695 pcie_manager.cc:71] [aorta]There is no pcie config in current process.
I0826 23:43:56.962924 328695 message_monitor_config.cc:398] [aorta]run in  mode
I0826 23:43:56.964213 328695 domain_impl.cc:58] [aorta]aorta version:7b1b7ddc
I0826 23:43:56.964253 328695 json_comm.cc:35] [aorta]file path: /home/agi/app/conf/topology/topology_rule.json not exist.
I0826 23:43:56.964268 328695 message_monitor_config.cc:398] [aorta]run in  mode
I0826 23:43:56.965126 328695 message_monitor_config.cc:731] [aorta]message monitor is updated from /home/agi/app/conf/aorta/function/aorta_monitor_conf.json
I0826 23:43:56.966073 328695 discovery_factory.cc:14] [aorta]type:1, host:10.42.0.101, port:2379, ttl:15, minor_cycle:100, major_cycle:3
I0826 23:43:56.966584 328695 config.cc:53] [aorta]AORTA_IP_MASK not set.
I0826 23:43:56.966593 328695 discovery.cc:245] [aorta]get ip masks empty.
I0826 23:43:56.966599 328695 config.cc:200] [aorta]AORTA_EXTRA_LOCAL_IPS not set.
I0826 23:43:56.966603 328695 discovery.cc:266] [aorta]local_publisher_ips_ empty.
I0826 23:43:56.966622 328695 config.cc:124] [aorta]ip match, ip:127.0.0.1
I0826 23:43:56.966630 328695 discovery.cc:275] [aorta]default emplace ip:10.42.0.101
I0826 23:43:56.966634 328695 discovery.cc:275] [aorta]default emplace ip:10.42.12.101
I0826 23:43:56.966637 328695 discovery.cc:275] [aorta]default emplace ip:10.42.1.101
I0826 23:43:56.966640 328695 discovery.cc:275] [aorta]default emplace ip:10.42.6.101
I0826 23:43:56.966642 328695 discovery.cc:275] [aorta]default emplace ip:192.168.1.101
I0826 23:43:56.966645 328695 discovery.cc:275] [aorta]default emplace ip:10.42.30.101
I0826 23:43:56.966648 328695 discovery.cc:275] [aorta]default emplace ip:10.42.40.101
I0826 23:43:56.966650 328695 discovery.cc:275] [aorta]default emplace ip:10.20.15.199
I0826 23:43:56.966653 328695 discovery.cc:275] [aorta]default emplace ip:10.42.6.101
I0826 23:43:56.966657 328695 centralized_discovery.cc:55] [aorta]lease_ttl_:15
I0826 23:43:56.967058 328695 aorta_component.cpp:561] [cosine_internal][AortaComponent] aorta create domain success. uri:http://10.42.0.101:2379
I0826 23:43:56.967301 328695 aorta_component.cpp:447] [cosine_internal][AortaComponent] aorta domain created node: python3.10_S1 , domain_uri:http://10.42.0.101:2379
I0826 23:43:56.967312 328695 aorta_component.cpp:126] [cosine_internal][AortaComponent] aorta component init success. node:python3.10_S1, uri:http://10.42.0.101:2379, locator_kind(1:shm,2:tcp,3:udp):2, locator_ip:10.42.0.101, locator_port:0, aorta_dispatcher_thread_num:1
I0826 23:43:56.967473 328728 processor.cpp:40] [cosine_internal]processor_tid: 328728
I0826 23:43:56.967494 328734 executor_impl.cc:91] [aorta]aorta-dispatch0 start spinning
I0826 23:43:56.983855 328733 centralized_discovery.cc:1110] [aorta]poll thread: revision:1257
I0826 23:43:56.983963 328733 centralized_discovery.cc:1123] [aorta]inotify_fd_:15 inotify_watch_:1 inotify_watch_path:/home/agi/app/conf/aorta/function
I0826 23:43:56.985894 328733 centralized_discovery.cc:615] [aorta]grant lease for node python3.10_S1 lease_id = 7587889064995165840
I0826 23:43:56.987354 328733 watch_state.cc:54] [aorta]watch connect success.
I0826 23:43:56.988159 328733 centralized_discovery.cc:1615] [aorta]recv watch response created.
I0826 23:43:57.026736 328695 cosine_bus_manager.cpp:294] [cosine_internal][CosineBusManager] create publisher. topic name:/gdk/config_request , middleware:aorta
I0826 23:43:57.027551 328695 tcp_publisher.cc:179] [aorta]topic /gdk/config_request, pub_queue_size_ 5, latch_queue_size_ 0
I0826 23:43:57.027763 328745 tcp_socket_server.cc:200] [aorta]The ip info is0.0.0.0:35047
I0826 23:43:57.027892 328745 shm_socket_server.cc:101] [aorta][/gdk/config_request] bind at pipe sock name d2379|python3.10|p328695|n0|/gdk/config_request|p0
I0826 23:43:57.027990 328695 node_impl.cc:198] [aorta]CreatePublisher, host:0.0.0.0, port:35047, sockname:d2379|python3.10|p328695|n0|/gdk/config_request|p0, topic:/gdk/config_request, uid:c6e4aaf0-f1b4-452f-ae31-e505c9b1ce71-4991715019463590898 topic_uid:-1
I0826 23:43:57.028024 328695 aorta_component.cpp:394] [cosine_internal][AortaComponent] aorta node create publisher. node: python3.10_S1, topic:/gdk/config_request, type:genie_msgs.msg.pb.CommonRequest, qos:(history:1, depth:5, reliability:1, durability:2), uri:http://10.42.0.101:2379
I0826 23:43:57.028064 328695 aorta_publisher.cpp:119] [cosine_internal][AortaPublisher] publisher initialize. topic:/gdk/config_request, uri:
I0826 23:43:57.028079 328695 dylog_impl.cpp:293] [DYLOG] register dsd_name : dylog/python3.10/GDK
I0826 23:43:57.028076 328733 centralized_discovery.cc:681] [aorta]publisher uid:c6e4aaf0-f1b4-452f-ae31-e505c9b1ce71-4991715019463590898 topic:/gdk/config_request
I0826 23:43:57.028117 328695 publisher.cpp:27] [GDK]create publisher: /gdk/config_request type: genie_msgs.msg.pb.CommonRequest qos: 1 1 5 2
I0826 23:43:57.028137 328695 cosine_bus_manager.cpp:294] [cosine_internal][CosineBusManager] create publisher. topic name:/gdk/camera_conf_request , middleware:aorta
I0826 23:43:57.028546 328695 tcp_publisher.cc:179] [aorta]topic /gdk/camera_conf_request, pub_queue_size_ 5, latch_queue_size_ 0
I0826 23:43:57.028599 328745 tcp_socket_server.cc:200] [aorta]The ip info is0.0.0.0:39233
I0826 23:43:57.028653 328745 shm_socket_server.cc:101] [aorta][/gdk/camera_conf_request] bind at pipe sock name d2379|python3.10|p328695|n0|/gdk/camera_conf_request|p1
I0826 23:43:57.028699 328695 node_impl.cc:198] [aorta]CreatePublisher, host:0.0.0.0, port:39233, sockname:d2379|python3.10|p328695|n0|/gdk/camera_conf_request|p1, topic:/gdk/camera_conf_request, uid:c38e454e-9155-42f5-9763-9cd74304098b-9117180461459404870 topic_uid:-1
I0826 23:43:57.028716 328695 aorta_component.cpp:394] [cosine_internal][AortaComponent] aorta node create publisher. node: python3.10_S1, topic:/gdk/camera_conf_request, type:genie_msgs.msg.pb.CommonRequest, qos:(history:1, depth:5, reliability:1, durability:2), uri:http://10.42.0.101:2379
I0826 23:43:57.028748 328695 aorta_publisher.cpp:119] [cosine_internal][AortaPublisher] publisher initialize. topic:/gdk/camera_conf_request, uri:
I0826 23:43:57.028753 328695 publisher.cpp:27] [GDK]create publisher: /gdk/camera_conf_request type: genie_msgs.msg.pb.CommonRequest qos: 1 1 5 2
I0826 23:43:57.028769 328695 cosine_bus_manager.cpp:400] [cosine_internal][CosineBusManager] create subscriber. topic name:/gdk/config_response , middleware:aorta , need async callback:0, frame_skip_rate:1
I0826 23:43:57.028779 328695 aorta_component.cpp:174] [cosine_internal][AortaComponent] callback_name:/gdk/config_responsehttp://10.42.0.101:2379
I0826 23:43:57.028849 328695 dynamic_object.cpp:521] [cosine_internal][DynamicObject] open  success.
I0826 23:43:57.029024 328695 buffered_data_export.cpp:115] [cosine_internal]successfully create buffer [bus_buffer___gdk__config_response, type genie_msgs.msg.pb.CommonResponse, block num 5, valid_time 0, transfer_type 0, data_size 0, mem_type 0, lib_name , ext_data_size 0, is_protobuf 1, enable_event_sync_subscriber 0], buffer id = 1
I0826 23:43:57.029053 328695 cosine_bus_message_buffer.cpp:45] [cosine_internal][CosineBusMessageBuffer] create buffer success. name:bus_buffer___gdk__config_response, type:genie_msgs.msg.pb.CommonResponse, size:5
I0826 23:43:57.029137 328695 node_impl.cc:344] [aorta]CreateSubscriber topic:/gdk/config_response, uid:51c62fc4-d75b-43d0-b248-818f9e1bfe7f-9533047780102618842 topic_uid:-1
I0826 23:43:57.029665 328695 aorta_component.cpp:326] [cosine_internal][AortaComponent] aorta node create subscriber. node: python3.10_S1, topic:/gdk/config_response, type:genie_msgs.msg.pb.CommonResponse, qos:(history:1, depth:5, reliability:1, durability:2), uri:http://10.42.0.101:2379
I0826 23:43:57.029680 328695 aorta_subscriber.hpp:96] [cosine_internal][AortaSubscriber] initial. topic:/gdk/config_response, uri:
I0826 23:43:57.029696 328695 cosine_bus_manager.cpp:400] [cosine_internal][CosineBusManager] create subscriber. topic name:/gdk/camera_conf_response , middleware:aorta , need async callback:0, frame_skip_rate:1
I0826 23:43:57.029704 328695 aorta_component.cpp:174] [cosine_internal][AortaComponent] callback_name:/gdk/camera_conf_responsehttp://10.42.0.101:2379
I0826 23:43:57.029748 328695 buffered_data_export.cpp:115] [cosine_internal]successfully create buffer [bus_buffer___gdk__camera_conf_response, type genie_msgs.msg.pb.CommonResponse, block num 5, valid_time 0, transfer_type 0, data_size 0, mem_type 0, lib_name , ext_data_size 0, is_protobuf 1, enable_event_sync_subscriber 0], buffer id = 2
I0826 23:43:57.029762 328695 cosine_bus_message_buffer.cpp:45] [cosine_internal][CosineBusMessageBuffer] create buffer success. name:bus_buffer___gdk__camera_conf_response, type:genie_msgs.msg.pb.CommonResponse, size:5
I0826 23:43:57.029835 328695 node_impl.cc:344] [aorta]CreateSubscriber topic:/gdk/camera_conf_response, uid:32a435aa-cc04-4d35-80f6-beb3259dd0bf-3551884323222435368 topic_uid:-1
I0826 23:43:57.030205 328695 aorta_component.cpp:326] [cosine_internal][AortaComponent] aorta node create subscriber. node: python3.10_S1, topic:/gdk/camera_conf_response, type:genie_msgs.msg.pb.CommonResponse, qos:(history:1, depth:5, reliability:1, durability:2), uri:http://10.42.0.101:2379
I0826 23:43:57.030215 328695 aorta_subscriber.hpp:96] [cosine_internal][AortaSubscriber] initial. topic:/gdk/camera_conf_response, uri:
I0826 23:43:57.030313 328695 cosine_bus_manager.cpp:400] [cosine_internal][CosineBusManager] create subscriber. topic name:/pnc/task_state , middleware:aorta , need async callback:0, frame_skip_rate:1
I0826 23:43:57.030321 328695 aorta_component.cpp:174] [cosine_internal][AortaComponent] callback_name:/pnc/task_statehttp://10.42.0.101:2379
I0826 23:43:57.030823 328695 buffered_data_export.cpp:115] [cosine_internal]successfully create buffer [bus_buffer___pnc__task_state, type pnc_msgs.TaskState, block num 5, valid_time 0, transfer_type 0, data_size 0, mem_type 0, lib_name , ext_data_size 0, is_protobuf 1, enable_event_sync_subscriber 0], buffer id = 3
I0826 23:43:57.030841 328695 cosine_bus_message_buffer.cpp:45] [cosine_internal][CosineBusMessageBuffer] create buffer success. name:bus_buffer___pnc__task_state, type:pnc_msgs.TaskState, size:5
I0826 23:43:57.030858 328733 centralized_discovery.cc:681] [aorta]publisher uid:c38e454e-9155-42f5-9763-9cd74304098b-9117180461459404870 topic:/gdk/camera_conf_request
I0826 23:43:57.031097 328695 node_impl.cc:344] [aorta]CreateSubscriber topic:/pnc/task_state, uid:ad91778e-01a0-433f-98f6-fe42ae190100-9096530589114119892 topic_uid:-1
I0826 23:43:57.031523 328695 aorta_component.cpp:326] [cosine_internal][AortaComponent] aorta node create subscriber. node: python3.10_S1, topic:/pnc/task_state, type:pnc_msgs.TaskState, qos:(history:1, depth:5, reliability:1, durability:2), uri:http://10.42.0.101:2379
I0826 23:43:57.031538 328695 aorta_subscriber.hpp:96] [cosine_internal][AortaSubscriber] initial. topic:/pnc/task_state, uri:
I0826 23:43:57.031576 328695 cosine_bus_manager.cpp:400] [cosine_internal][CosineBusManager] create subscriber. topic name:/pnc/task_service/normal_navigation/response , middleware:aorta , need async callback:0, frame_skip_rate:1
I0826 23:43:57.031586 328695 aorta_component.cpp:174] [cosine_internal][AortaComponent] callback_name:/pnc/task_service/normal_navigation/responsehttp://10.42.0.101:2379
I0826 23:43:57.031638 328695 buffered_data_export.cpp:115] [cosine_internal]successfully create buffer [bus_buffer___pnc__task_service__normal_navigation__response, type pnc_msgs.NormalNavigationResponse, block num 5, valid_time 0, transfer_type 0, data_size 0, mem_type 0, lib_name , ext_data_size 0, is_protobuf 1, enable_event_sync_subscriber 0], buffer id = 4
I0826 23:43:57.031652 328695 cosine_bus_message_buffer.cpp:45] [cosine_internal][CosineBusMessageBuffer] create buffer success. name:bus_buffer___pnc__task_service__normal_navigation__response, type:pnc_msgs.NormalNavigationResponse, size:5
I0826 23:43:57.031725 328695 node_impl.cc:344] [aorta]CreateSubscriber topic:/pnc/task_service/normal_navigation/response, uid:fc58f0d5-1ac3-4fc1-b4fd-2fb596f82a93-7227396448010854466 topic_uid:-1
I0826 23:43:57.032107 328695 aorta_component.cpp:326] [cosine_internal][AortaComponent] aorta node create subscriber. node: python3.10_S1, topic:/pnc/task_service/normal_navigation/response, type:pnc_msgs.NormalNavigationResponse, qos:(history:1, depth:5, reliability:1, durability:2), uri:http://10.42.0.101:2379
I0826 23:43:57.032117 328695 aorta_subscriber.hpp:96] [cosine_internal][AortaSubscriber] initial. topic:/pnc/task_service/normal_navigation/response, uri:
I0826 23:43:57.032130 328695 cosine_bus_manager.cpp:400] [cosine_internal][CosineBusManager] create subscriber. topic name:/pnc/task_service/high_precision_navigation/response , middleware:aorta , need async callback:0, frame_skip_rate:1
I0826 23:43:57.032135 328695 aorta_component.cpp:174] [cosine_internal][AortaComponent] callback_name:/pnc/task_service/high_precision_navigation/responsehttp://10.42.0.101:2379
I0826 23:43:57.032169 328695 buffered_data_export.cpp:115] [cosine_internal]successfully create buffer [bus_buffer___pnc__task_service__high_precision_navigation__response, type pnc_msgs.HighPrecisionNavigationResponse, block num 5, valid_time 0, transfer_type 0, data_size 0, mem_type 0, lib_name , ext_data_size 0, is_protobuf 1, enable_event_sync_subscriber 0], buffer id = 5
I0826 23:43:57.032181 328695 cosine_bus_message_buffer.cpp:45] [cosine_internal][CosineBusMessageBuffer] create buffer success. name:bus_buffer___pnc__task_service__high_precision_navigation__response, type:pnc_msgs.HighPrecisionNavigationResponse, size:5
I0826 23:43:57.032240 328733 centralized_discovery.cc:733] [aorta]subscriber uid:51c62fc4-d75b-43d0-b248-818f9e1bfe7f-9533047780102618842 topic:/gdk/config_response
I0826 23:43:57.032253 328695 node_impl.cc:344] [aorta]CreateSubscriber topic:/pnc/task_service/high_precision_navigation/response, uid:de667aa1-db6f-48ba-a7ea-25d9a1077805-4701876173029784314 topic_uid:-1
I0826 23:43:57.032773 328695 aorta_component.cpp:326] [cosine_internal][AortaComponent] aorta node create subscriber. node: python3.10_S1, topic:/pnc/task_service/high_precision_navigation/response, type:pnc_msgs.HighPrecisionNavigationResponse, qos:(history:1, depth:5, reliability:1, durability:2), uri:http://10.42.0.101:2379
I0826 23:43:57.032790 328695 aorta_subscriber.hpp:96] [cosine_internal][AortaSubscriber] initial. topic:/pnc/task_service/high_precision_navigation/response, uri:
I0826 23:43:57.032809 328695 cosine_bus_manager.cpp:400] [cosine_internal][CosineBusManager] create subscriber. topic name:/pnc/task_service/relative_move/response , middleware:aorta , need async callback:0, frame_skip_rate:1
I0826 23:43:57.032819 328695 aorta_component.cpp:174] [cosine_internal][AortaComponent] callback_name:/pnc/task_service/relative_move/responsehttp://10.42.0.101:2379
I0826 23:43:57.032876 328695 buffered_data_export.cpp:115] [cosine_internal]successfully create buffer [bus_buffer___pnc__task_service__relative_move__response, type pnc_msgs.RelativeMoveResponse, block num 5, valid_time 0, transfer_type 0, data_size 0, mem_type 0, lib_name , ext_data_size 0, is_protobuf 1, enable_event_sync_subscriber 0], buffer id = 6
I0826 23:43:57.032891 328695 cosine_bus_message_buffer.cpp:45] [cosine_internal][CosineBusMessageBuffer] create buffer success. name:bus_buffer___pnc__task_service__relative_move__response, type:pnc_msgs.RelativeMoveResponse, size:5
I0826 23:43:57.032966 328695 node_impl.cc:344] [aorta]CreateSubscriber topic:/pnc/task_service/relative_move/response, uid:6cf96254-cd85-4591-b22d-d8c2f86763ca-4077207897147431090 topic_uid:-1
I0826 23:43:57.033382 328695 aorta_component.cpp:326] [cosine_internal][AortaComponent] aorta node create subscriber. node: python3.10_S1, topic:/pnc/task_service/relative_move/response, type:pnc_msgs.RelativeMoveResponse, qos:(history:1, depth:5, reliability:1, durability:2), uri:http://10.42.0.101:2379
I0826 23:43:57.033393 328695 aorta_subscriber.hpp:96] [cosine_internal][AortaSubscriber] initial. topic:/pnc/task_service/relative_move/response, uri:
I0826 23:43:57.033407 328695 cosine_bus_manager.cpp:400] [cosine_internal][CosineBusManager] create subscriber. topic name:/pnc/task_service/task_cancel/response , middleware:aorta , need async callback:0, frame_skip_rate:1
I0826 23:43:57.033421 328695 aorta_component.cpp:174] [cosine_internal][AortaComponent] callback_name:/pnc/task_service/task_cancel/responsehttp://10.42.0.101:2379
I0826 23:43:57.033460 328695 buffered_data_export.cpp:115] [cosine_internal]successfully create buffer [bus_buffer___pnc__task_service__task_cancel__response, type pnc_msgs.TaskCancelResponse, block num 5, valid_time 0, transfer_type 0, data_size 0, mem_type 0, lib_name , ext_data_size 0, is_protobuf 1, enable_event_sync_subscriber 0], buffer id = 7
I0826 23:43:57.033444 328749 shm_subscriber.cc:120] [aorta]subscriber connect to publisher success, topic /gdk/config_response, local d2379|python3.10|p328695|n0|s0|c0, peer d2379|gdk_service|p8997|n0|/gdk/config_response|p0
I0826 23:43:57.033473 328695 cosine_bus_message_buffer.cpp:45] [cosine_internal][CosineBusMessageBuffer] create buffer success. name:bus_buffer___pnc__task_service__task_cancel__response, type:pnc_msgs.TaskCancelResponse, size:5
I0826 23:43:57.033537 328695 node_impl.cc:344] [aorta]CreateSubscriber topic:/pnc/task_service/task_cancel/response, uid:a0dbff6e-c935-4d02-bb15-d7a0251605c2-3654631836754090917 topic_uid:-1
I0826 23:43:57.033557 328733 centralized_discovery.cc:733] [aorta]subscriber uid:32a435aa-cc04-4d35-80f6-beb3259dd0bf-3551884323222435368 topic:/gdk/camera_conf_response
I0826 23:43:57.033950 328695 aorta_component.cpp:326] [cosine_internal][AortaComponent] aorta node create subscriber. node: python3.10_S1, topic:/pnc/task_service/task_cancel/response, type:pnc_msgs.TaskCancelResponse, qos:(history:1, depth:5, reliability:1, durability:2), uri:http://10.42.0.101:2379
I0826 23:43:57.033962 328695 aorta_subscriber.hpp:96] [cosine_internal][AortaSubscriber] initial. topic:/pnc/task_service/task_cancel/response, uri:
I0826 23:43:57.033975 328695 cosine_bus_manager.cpp:400] [cosine_internal][CosineBusManager] create subscriber. topic name:/pnc/task_service/task_pause/response , middleware:aorta , need async callback:0, frame_skip_rate:1
I0826 23:43:57.033982 328695 aorta_component.cpp:174] [cosine_internal][AortaComponent] callback_name:/pnc/task_service/task_pause/responsehttp://10.42.0.101:2379
I0826 23:43:57.034024 328695 buffered_data_export.cpp:115] [cosine_internal]successfully create buffer [bus_buffer___pnc__task_service__task_pause__response, type pnc_msgs.TaskPauseResponse, block num 5, valid_time 0, transfer_type 0, data_size 0, mem_type 0, lib_name , ext_data_size 0, is_protobuf 1, enable_event_sync_subscriber 0], buffer id = 8
I0826 23:43:57.034041 328695 cosine_bus_message_buffer.cpp:45] [cosine_internal][CosineBusMessageBuffer] create buffer success. name:bus_buffer___pnc__task_service__task_pause__response, type:pnc_msgs.TaskPauseResponse, size:5
I0826 23:43:57.034112 328695 node_impl.cc:344] [aorta]CreateSubscriber topic:/pnc/task_service/task_pause/response, uid:ef4a95ab-5b17-444b-8ae1-6f527ee7757e-4995236092065324733 topic_uid:-1
I0826 23:43:57.034494 328695 aorta_component.cpp:326] [cosine_internal][AortaComponent] aorta node create subscriber. node: python3.10_S1, topic:/pnc/task_service/task_pause/response, type:pnc_msgs.TaskPauseResponse, qos:(history:1, depth:5, reliability:1, durability:2), uri:http://10.42.0.101:2379
I0826 23:43:57.034504 328695 aorta_subscriber.hpp:96] [cosine_internal][AortaSubscriber] initial. topic:/pnc/task_service/task_pause/response, uri:
I0826 23:43:57.034516 328695 cosine_bus_manager.cpp:400] [cosine_internal][CosineBusManager] create subscriber. topic name:/pnc/task_service/task_resume/response , middleware:aorta , need async callback:0, frame_skip_rate:1
I0826 23:43:57.034528 328695 aorta_component.cpp:174] [cosine_internal][AortaComponent] callback_name:/pnc/task_service/task_resume/responsehttp://10.42.0.101:2379
I0826 23:43:57.034562 328695 buffered_data_export.cpp:115] [cosine_internal]successfully create buffer [bus_buffer___pnc__task_service__task_resume__response, type pnc_msgs.TaskResumeResponse, block num 5, valid_time 0, transfer_type 0, data_size 0, mem_type 0, lib_name , ext_data_size 0, is_protobuf 1, enable_event_sync_subscriber 0], buffer id = 9
I0826 23:43:57.034574 328695 cosine_bus_message_buffer.cpp:45] [cosine_internal][CosineBusMessageBuffer] create buffer success. name:bus_buffer___pnc__task_service__task_resume__response, type:pnc_msgs.TaskResumeResponse, size:5
I0826 23:43:57.034650 328695 node_impl.cc:344] [aorta]CreateSubscriber topic:/pnc/task_service/task_resume/response, uid:4c466885-ebb0-4be7-b64c-5bff9586a977-16859347558940246081 topic_uid:-1
I0826 23:43:57.034648 328749 shm_subscriber.cc:120] [aorta]subscriber connect to publisher success, topic /gdk/camera_conf_response, local d2379|python3.10|p328695|n0|s1|c0, peer d2379|gdk_service|p8997|n0|/gdk/camera_conf_response|p1
I0826 23:43:57.034730 328733 centralized_discovery.cc:733] [aorta]subscriber uid:ad91778e-01a0-433f-98f6-fe42ae190100-9096530589114119892 topic:/pnc/task_state
I0826 23:43:57.035045 328695 aorta_component.cpp:326] [cosine_internal][AortaComponent] aorta node create subscriber. node: python3.10_S1, topic:/pnc/task_service/task_resume/response, type:pnc_msgs.TaskResumeResponse, qos:(history:1, depth:5, reliability:1, durability:2), uri:http://10.42.0.101:2379
I0826 23:43:57.035055 328695 aorta_subscriber.hpp:96] [cosine_internal][AortaSubscriber] initial. topic:/pnc/task_service/task_resume/response, uri:
I0826 23:43:57.035065 328695 cosine_bus_manager.cpp:400] [cosine_internal][CosineBusManager] create subscriber. topic name:/pnc/task_service/remote_control/response , middleware:aorta , need async callback:0, frame_skip_rate:1
I0826 23:43:57.035076 328695 aorta_component.cpp:174] [cosine_internal][AortaComponent] callback_name:/pnc/task_service/remote_control/responsehttp://10.42.0.101:2379
I0826 23:43:57.035110 328695 buffered_data_export.cpp:115] [cosine_internal]successfully create buffer [bus_buffer___pnc__task_service__remote_control__response, type pnc_msgs.RemoteControlResponse, block num 5, valid_time 0, transfer_type 0, data_size 0, mem_type 0, lib_name , ext_data_size 0, is_protobuf 1, enable_event_sync_subscriber 0], buffer id = 10
I0826 23:43:57.035121 328695 cosine_bus_message_buffer.cpp:45] [cosine_internal][CosineBusMessageBuffer] create buffer success. name:bus_buffer___pnc__task_service__remote_control__response, type:pnc_msgs.RemoteControlResponse, size:5
I0826 23:43:57.035182 328695 node_impl.cc:344] [aorta]CreateSubscriber topic:/pnc/task_service/remote_control/response, uid:b1e36aa1-5a9a-4172-b3e0-2a50c14a97d7-11583863028842959166 topic_uid:-1
I0826 23:43:57.035580 328695 aorta_component.cpp:326] [cosine_internal][AortaComponent] aorta node create subscriber. node: python3.10_S1, topic:/pnc/task_service/remote_control/response, type:pnc_msgs.RemoteControlResponse, qos:(history:1, depth:5, reliability:1, durability:2), uri:http://10.42.0.101:2379
I0826 23:43:57.035595 328695 aorta_subscriber.hpp:96] [cosine_internal][AortaSubscriber] initial. topic:/pnc/task_service/remote_control/response, uri:
I0826 23:43:57.035616 328695 cosine_bus_manager.cpp:294] [cosine_internal][CosineBusManager] create publisher. topic name:/pnc/task_service/normal_navigation/request , middleware:aorta
I0826 23:43:57.035699 328749 shm_subscriber.cc:120] [aorta]subscriber connect to publisher success, topic /pnc/task_state, local d2379|python3.10|p328695|n0|s2|c0, peer d2379|quark_navigation|p9584|n0|/pnc/task_state|p24
I0826 23:43:57.035763 328733 centralized_discovery.cc:733] [aorta]subscriber uid:fc58f0d5-1ac3-4fc1-b4fd-2fb596f82a93-7227396448010854466 topic:/pnc/task_service/normal_navigation/response
I0826 23:43:57.036041 328695 tcp_publisher.cc:179] [aorta]topic /pnc/task_service/normal_navigation/request, pub_queue_size_ 5, latch_queue_size_ 0
I0826 23:43:57.036104 328745 tcp_socket_server.cc:200] [aorta]The ip info is0.0.0.0:34299
I0826 23:43:57.036172 328745 shm_socket_server.cc:101] [aorta][/pnc/task_service/normal_navigation/request] bind at pipe sock name d2379|python3.10|p328695|n0|..task_service/normal_navigation/request|p2
I0826 23:43:57.036252 328695 node_impl.cc:198] [aorta]CreatePublisher, host:0.0.0.0, port:34299, sockname:d2379|python3.10|p328695|n0|..task_service/normal_navigation/request|p2, topic:/pnc/task_service/normal_navigation/request, uid:48ed64c7-ea84-4080-90db-52ae10a497bf-11863888217293896894 topic_uid:-1
I0826 23:43:57.036281 328695 aorta_component.cpp:394] [cosine_internal][AortaComponent] aorta node create publisher. node: python3.10_S1, topic:/pnc/task_service/normal_navigation/request, type:pnc_msgs.NormalNavigationRequest, qos:(history:1, depth:5, reliability:1, durability:2), uri:http://10.42.0.101:2379
I0826 23:43:57.036319 328695 aorta_publisher.cpp:119] [cosine_internal][AortaPublisher] publisher initialize. topic:/pnc/task_service/normal_navigation/request, uri:
I0826 23:43:57.036329 328695 publisher.cpp:27] [GDK]create publisher: /pnc/task_service/normal_navigation/request type: pnc_msgs.NormalNavigationRequest qos: 1 1 5 2
I0826 23:43:57.036358 328695 cosine_bus_manager.cpp:294] [cosine_internal][CosineBusManager] create publisher. topic name:/pnc/task_service/high_precision_navigation/request , middleware:aorta
I0826 23:43:57.036803 328695 tcp_publisher.cc:179] [aorta]topic /pnc/task_service/high_precision_navigation/request, pub_queue_size_ 5, latch_queue_size_ 0
I0826 23:43:57.036811 328749 shm_subscriber.cc:120] [aorta]subscriber connect to publisher success, topic /pnc/task_service/normal_navigation/response, local d2379|python3.10|p328695|n0|s3|c0, peer d2379|quark_navigation|p9584|n0|..ask_service/normal_navigation/response|p11
I0826 23:43:57.036882 328733 centralized_discovery.cc:733] [aorta]subscriber uid:de667aa1-db6f-48ba-a7ea-25d9a1077805-4701876173029784314 topic:/pnc/task_service/high_precision_navigation/response
I0826 23:43:57.036887 328745 tcp_socket_server.cc:200] [aorta]The ip info is0.0.0.0:37999
I0826 23:43:57.036967 328745 shm_socket_server.cc:101] [aorta][/pnc/task_service/high_precision_navigation/request] bind at pipe sock name d2379|python3.10|p328695|n0|..vice/high_precision_navigation/request|p3
I0826 23:43:57.037034 328695 node_impl.cc:198] [aorta]CreatePublisher, host:0.0.0.0, port:37999, sockname:d2379|python3.10|p328695|n0|..vice/high_precision_navigation/request|p3, topic:/pnc/task_service/high_precision_navigation/request, uid:fcb79f8e-fc14-4362-8f22-842903741c4d-13581583299462652003 topic_uid:-1
I0826 23:43:57.037057 328695 aorta_component.cpp:394] [cosine_internal][AortaComponent] aorta node create publisher. node: python3.10_S1, topic:/pnc/task_service/high_precision_navigation/request, type:pnc_msgs.HighPrecisionNavigationRequest, qos:(history:1, depth:5, reliability:1, durability:2), uri:http://10.42.0.101:2379
I0826 23:43:57.037091 328695 aorta_publisher.cpp:119] [cosine_internal][AortaPublisher] publisher initialize. topic:/pnc/task_service/high_precision_navigation/request, uri:
I0826 23:43:57.037101 328695 publisher.cpp:27] [GDK]create publisher: /pnc/task_service/high_precision_navigation/request type: pnc_msgs.HighPrecisionNavigationRequest qos: 1 1 5 2
I0826 23:43:57.037117 328695 cosine_bus_manager.cpp:294] [cosine_internal][CosineBusManager] create publisher. topic name:/pnc/task_service/relative_move/request , middleware:aorta
I0826 23:43:57.037533 328695 tcp_publisher.cc:179] [aorta]topic /pnc/task_service/relative_move/request, pub_queue_size_ 5, latch_queue_size_ 0
I0826 23:43:57.037602 328745 tcp_socket_server.cc:200] [aorta]The ip info is0.0.0.0:33933
I0826 23:43:57.037675 328745 shm_socket_server.cc:101] [aorta][/pnc/task_service/relative_move/request] bind at pipe sock name d2379|python3.10|p328695|n0|/pnc/task_service/relative_move/request|p4
I0826 23:43:57.037739 328695 node_impl.cc:198] [aorta]CreatePublisher, host:0.0.0.0, port:33933, sockname:d2379|python3.10|p328695|n0|/pnc/task_service/relative_move/request|p4, topic:/pnc/task_service/relative_move/request, uid:8705d74f-243f-491f-8bca-6bacb7b6a8ec-1499998713038698463 topic_uid:-1
I0826 23:43:57.037760 328695 aorta_component.cpp:394] [cosine_internal][AortaComponent] aorta node create publisher. node: python3.10_S1, topic:/pnc/task_service/relative_move/request, type:pnc_msgs.RelativeMoveRequest, qos:(history:1, depth:5, reliability:1, durability:2), uri:http://10.42.0.101:2379
I0826 23:43:57.037792 328695 aorta_publisher.cpp:119] [cosine_internal][AortaPublisher] publisher initialize. topic:/pnc/task_service/relative_move/request, uri:
I0826 23:43:57.037791 328749 shm_subscriber.cc:120] [aorta]subscriber connect to publisher success, topic /pnc/task_service/high_precision_navigation/response, local d2379|python3.10|p328695|n0|s4|c0, peer d2379|quark_navigation|p9584|n0|..ice/high_precision_navigation/response|p12
I0826 23:43:57.037802 328695 publisher.cpp:27] [GDK]create publisher: /pnc/task_service/relative_move/request type: pnc_msgs.RelativeMoveRequest qos: 1 1 5 2
I0826 23:43:57.037858 328733 centralized_discovery.cc:733] [aorta]subscriber uid:6cf96254-cd85-4591-b22d-d8c2f86763ca-4077207897147431090 topic:/pnc/task_service/relative_move/response
I0826 23:43:57.037858 328695 cosine_bus_manager.cpp:294] [cosine_internal][CosineBusManager] create publisher. topic name:/pnc/task_service/task_cancel/request , middleware:aorta
I0826 23:43:57.038362 328695 tcp_publisher.cc:179] [aorta]topic /pnc/task_service/task_cancel/request, pub_queue_size_ 5, latch_queue_size_ 0
I0826 23:43:57.038439 328745 tcp_socket_server.cc:200] [aorta]The ip info is0.0.0.0:33605
I0826 23:43:57.038494 328745 shm_socket_server.cc:101] [aorta][/pnc/task_service/task_cancel/request] bind at pipe sock name d2379|python3.10|p328695|n0|/pnc/task_service/task_cancel/request|p5
I0826 23:43:57.038542 328695 node_impl.cc:198] [aorta]CreatePublisher, host:0.0.0.0, port:33605, sockname:d2379|python3.10|p328695|n0|/pnc/task_service/task_cancel/request|p5, topic:/pnc/task_service/task_cancel/request, uid:00bdc650-b2e4-46d1-8d57-a0be660bae21-10250913672907467700 topic_uid:-1
I0826 23:43:57.038559 328695 aorta_component.cpp:394] [cosine_internal][AortaComponent] aorta node create publisher. node: python3.10_S1, topic:/pnc/task_service/task_cancel/request, type:pnc_msgs.TaskCancelRequest, qos:(history:1, depth:5, reliability:1, durability:2), uri:http://10.42.0.101:2379
I0826 23:43:57.038592 328695 aorta_publisher.cpp:119] [cosine_internal][AortaPublisher] publisher initialize. topic:/pnc/task_service/task_cancel/request, uri:
I0826 23:43:57.038599 328695 publisher.cpp:27] [GDK]create publisher: /pnc/task_service/task_cancel/request type: pnc_msgs.TaskCancelRequest qos: 1 1 5 2
I0826 23:43:57.038612 328695 cosine_bus_manager.cpp:294] [cosine_internal][CosineBusManager] create publisher. topic name:/pnc/task_service/task_pause/request , middleware:aorta
I0826 23:43:57.038694 328749 shm_subscriber.cc:120] [aorta]subscriber connect to publisher success, topic /pnc/task_service/relative_move/response, local d2379|python3.10|p328695|n0|s5|c0, peer d2379|quark_navigation|p9584|n0|/pnc/task_service/relative_move/response|p15
I0826 23:43:57.038754 328733 centralized_discovery.cc:733] [aorta]subscriber uid:a0dbff6e-c935-4d02-bb15-d7a0251605c2-3654631836754090917 topic:/pnc/task_service/task_cancel/response
I0826 23:43:57.039042 328695 tcp_publisher.cc:179] [aorta]topic /pnc/task_service/task_pause/request, pub_queue_size_ 5, latch_queue_size_ 0
I0826 23:43:57.039186 328745 tcp_socket_server.cc:200] [aorta]The ip info is0.0.0.0:46155
I0826 23:43:57.039372 328745 shm_socket_server.cc:101] [aorta][/pnc/task_service/task_pause/request] bind at pipe sock name d2379|python3.10|p328695|n0|/pnc/task_service/task_pause/request|p6
I0826 23:43:57.039469 328695 node_impl.cc:198] [aorta]CreatePublisher, host:0.0.0.0, port:46155, sockname:d2379|python3.10|p328695|n0|/pnc/task_service/task_pause/request|p6, topic:/pnc/task_service/task_pause/request, uid:f9d1e58b-0ff4-478c-b6c0-5f8cde7bc52f-2366368184012060648 topic_uid:-1
I0826 23:43:57.039494 328695 aorta_component.cpp:394] [cosine_internal][AortaComponent] aorta node create publisher. node: python3.10_S1, topic:/pnc/task_service/task_pause/request, type:pnc_msgs.TaskPauseRequest, qos:(history:1, depth:5, reliability:1, durability:2), uri:http://10.42.0.101:2379
I0826 23:43:57.039528 328695 aorta_publisher.cpp:119] [cosine_internal][AortaPublisher] publisher initialize. topic:/pnc/task_service/task_pause/request, uri:
I0826 23:43:57.039537 328695 publisher.cpp:27] [GDK]create publisher: /pnc/task_service/task_pause/request type: pnc_msgs.TaskPauseRequest qos: 1 1 5 2
I0826 23:43:57.039556 328695 cosine_bus_manager.cpp:294] [cosine_internal][CosineBusManager] create publisher. topic name:/pnc/task_service/task_resume/request , middleware:aorta
I0826 23:43:57.039741 328749 shm_subscriber.cc:120] [aorta]subscriber connect to publisher success, topic /pnc/task_service/task_cancel/response, local d2379|python3.10|p328695|n0|s6|c0, peer d2379|quark_navigation|p9584|n0|/pnc/task_service/task_cancel/response|p17
I0826 23:43:57.039803 328733 centralized_discovery.cc:733] [aorta]subscriber uid:ef4a95ab-5b17-444b-8ae1-6f527ee7757e-4995236092065324733 topic:/pnc/task_service/task_pause/response
I0826 23:43:57.040016 328695 tcp_publisher.cc:179] [aorta]topic /pnc/task_service/task_resume/request, pub_queue_size_ 5, latch_queue_size_ 0
I0826 23:43:57.040068 328745 tcp_socket_server.cc:200] [aorta]The ip info is0.0.0.0:41803
I0826 23:43:57.040124 328745 shm_socket_server.cc:101] [aorta][/pnc/task_service/task_resume/request] bind at pipe sock name d2379|python3.10|p328695|n0|/pnc/task_service/task_resume/request|p7
I0826 23:43:57.040169 328695 node_impl.cc:198] [aorta]CreatePublisher, host:0.0.0.0, port:41803, sockname:d2379|python3.10|p328695|n0|/pnc/task_service/task_resume/request|p7, topic:/pnc/task_service/task_resume/request, uid:25e65472-2f9b-4af3-9318-07e2b17656d1-18204958959141007063 topic_uid:-1
I0826 23:43:57.040187 328695 aorta_component.cpp:394] [cosine_internal][AortaComponent] aorta node create publisher. node: python3.10_S1, topic:/pnc/task_service/task_resume/request, type:pnc_msgs.TaskResumeRequest, qos:(history:1, depth:5, reliability:1, durability:2), uri:http://10.42.0.101:2379
I0826 23:43:57.040217 328695 aorta_publisher.cpp:119] [cosine_internal][AortaPublisher] publisher initialize. topic:/pnc/task_service/task_resume/request, uri:
I0826 23:43:57.040222 328695 publisher.cpp:27] [GDK]create publisher: /pnc/task_service/task_resume/request type: pnc_msgs.TaskResumeRequest qos: 1 1 5 2
I0826 23:43:57.040351 328695 cosine_bus_manager.cpp:294] [cosine_internal][CosineBusManager] create publisher. topic name:/pnc/remote_control_cmd , middleware:aorta
I0826 23:43:57.040799 328749 shm_subscriber.cc:120] [aorta]subscriber connect to publisher success, topic /pnc/task_service/task_pause/response, local d2379|python3.10|p328695|n0|s7|c0, peer d2379|quark_navigation|p9584|n0|/pnc/task_service/task_pause/response|p18
I0826 23:43:57.040838 328695 tcp_publisher.cc:179] [aorta]topic /pnc/remote_control_cmd, pub_queue_size_ 5, latch_queue_size_ 0
I0826 23:43:57.040863 328733 centralized_discovery.cc:733] [aorta]subscriber uid:4c466885-ebb0-4be7-b64c-5bff9586a977-16859347558940246081 topic:/pnc/task_service/task_resume/response
I0826 23:43:57.040975 328745 tcp_socket_server.cc:200] [aorta]The ip info is0.0.0.0:45207
I0826 23:43:57.041039 328745 shm_socket_server.cc:101] [aorta][/pnc/remote_control_cmd] bind at pipe sock name d2379|python3.10|p328695|n0|/pnc/remote_control_cmd|p8
I0826 23:43:57.041112 328695 node_impl.cc:198] [aorta]CreatePublisher, host:0.0.0.0, port:45207, sockname:d2379|python3.10|p328695|n0|/pnc/remote_control_cmd|p8, topic:/pnc/remote_control_cmd, uid:e12ea34a-f8cd-4253-b36b-65a432627b15-2921114360754287628 topic_uid:-1
I0826 23:43:57.041132 328695 aorta_component.cpp:394] [cosine_internal][AortaComponent] aorta node create publisher. node: python3.10_S1, topic:/pnc/remote_control_cmd, type:geometry_msgs.msg.pb.TwistStamped, qos:(history:1, depth:5, reliability:1, durability:2), uri:http://10.42.0.101:2379
I0826 23:43:57.041163 328695 aorta_publisher.cpp:119] [cosine_internal][AortaPublisher] publisher initialize. topic:/pnc/remote_control_cmd, uri:
I0826 23:43:57.041170 328695 publisher.cpp:27] [GDK]create publisher: /pnc/remote_control_cmd type: geometry_msgs.msg.pb.TwistStamped qos: 1 1 5 2
I0826 23:43:57.041186 328695 cosine_bus_manager.cpp:294] [cosine_internal][CosineBusManager] create publisher. topic name:/pnc/task_service/remote_control/request , middleware:aorta
I0826 23:43:57.041648 328695 tcp_publisher.cc:179] [aorta]topic /pnc/task_service/remote_control/request, pub_queue_size_ 5, latch_queue_size_ 0
I0826 23:43:57.041704 328749 shm_subscriber.cc:120] [aorta]subscriber connect to publisher success, topic /pnc/task_service/task_resume/response, local d2379|python3.10|p328695|n0|s8|c0, peer d2379|quark_navigation|p9584|n0|/pnc/task_service/task_resume/response|p19
I0826 23:43:57.041761 328733 centralized_discovery.cc:733] [aorta]subscriber uid:b1e36aa1-5a9a-4172-b3e0-2a50c14a97d7-11583863028842959166 topic:/pnc/task_service/remote_control/response
I0826 23:43:57.041774 328745 tcp_socket_server.cc:200] [aorta]The ip info is0.0.0.0:40677
I0826 23:43:57.041853 328745 shm_socket_server.cc:101] [aorta][/pnc/task_service/remote_control/request] bind at pipe sock name d2379|python3.10|p328695|n0|/pnc/task_service/remote_control/request|p9
I0826 23:43:57.041901 328695 node_impl.cc:198] [aorta]CreatePublisher, host:0.0.0.0, port:40677, sockname:d2379|python3.10|p328695|n0|/pnc/task_service/remote_control/request|p9, topic:/pnc/task_service/remote_control/request, uid:4fec795c-7044-429b-8866-c612daf40c90-10398465225129759782 topic_uid:-1
I0826 23:43:57.041920 328695 aorta_component.cpp:394] [cosine_internal][AortaComponent] aorta node create publisher. node: python3.10_S1, topic:/pnc/task_service/remote_control/request, type:pnc_msgs.RemoteControlRequest, qos:(history:1, depth:5, reliability:1, durability:2), uri:http://10.42.0.101:2379
I0826 23:43:57.041952 328695 aorta_publisher.cpp:119] [cosine_internal][AortaPublisher] publisher initialize. topic:/pnc/task_service/remote_control/request, uri:
I0826 23:43:57.041960 328695 publisher.cpp:27] [GDK]create publisher: /pnc/task_service/remote_control/request type: pnc_msgs.RemoteControlRequest qos: 1 1 5 2
I0826 23:43:57.042029 328695 cosine_bus_manager.cpp:400] [cosine_internal][CosineBusManager] create subscriber. topic name:/slam/odom , middleware:aorta , need async callback:0, frame_skip_rate:1
I0826 23:43:57.042040 328695 aorta_component.cpp:174] [cosine_internal][AortaComponent] callback_name:/slam/odomhttp://10.42.0.101:2379
I0826 23:43:57.042255 328695 buffered_data_export.cpp:115] [cosine_internal]successfully create buffer [bus_buffer___slam__odom, type genie_msgs.msg.pb.OdomInfo, block num 5, valid_time 0, transfer_type 0, data_size 0, mem_type 0, lib_name , ext_data_size 0, is_protobuf 1, enable_event_sync_subscriber 0], buffer id = 11
I0826 23:43:57.042279 328695 cosine_bus_message_buffer.cpp:45] [cosine_internal][CosineBusMessageBuffer] create buffer success. name:bus_buffer___slam__odom, type:genie_msgs.msg.pb.OdomInfo, size:5
I0826 23:43:57.042358 328695 node_impl.cc:344] [aorta]CreateSubscriber topic:/slam/odom, uid:094998b6-023d-4bed-acec-37652330f37d-8164318257426434522 topic_uid:-1
I0826 23:43:57.042507 328749 shm_subscriber.cc:120] [aorta]subscriber connect to publisher success, topic /pnc/task_service/remote_control/response, local d2379|python3.10|p328695|n0|s9|c0, peer d2379|quark_navigation|p9584|n0|..c/task_service/remote_control/response|p16
I0826 23:43:57.042562 328733 centralized_discovery.cc:681] [aorta]publisher uid:48ed64c7-ea84-4080-90db-52ae10a497bf-11863888217293896894 topic:/pnc/task_service/normal_navigation/request
I0826 23:43:57.042760 328695 aorta_component.cpp:326] [cosine_internal][AortaComponent] aorta node create subscriber. node: python3.10_S1, topic:/slam/odom, type:genie_msgs.msg.pb.OdomInfo, qos:(history:1, depth:5, reliability:1, durability:2), uri:http://10.42.0.101:2379
I0826 23:43:57.042773 328695 aorta_subscriber.hpp:96] [cosine_internal][AortaSubscriber] initial. topic:/slam/odom, uri:
I0826 23:43:57.042786 328695 cosine_bus_manager.cpp:400] [cosine_internal][CosineBusManager] create subscriber. topic name:/slam/state , middleware:aorta , need async callback:0, frame_skip_rate:1
I0826 23:43:57.042795 328695 aorta_component.cpp:174] [cosine_internal][AortaComponent] callback_name:/slam/statehttp://10.42.0.101:2379
I0826 23:43:57.042847 328695 buffered_data_export.cpp:115] [cosine_internal]successfully create buffer [bus_buffer___slam__state, type genie_msgs.msg.pb.CommonResponse, block num 5, valid_time 0, transfer_type 0, data_size 0, mem_type 0, lib_name , ext_data_size 0, is_protobuf 1, enable_event_sync_subscriber 0], buffer id = 12
I0826 23:43:57.042860 328695 cosine_bus_message_buffer.cpp:45] [cosine_internal][CosineBusMessageBuffer] create buffer success. name:bus_buffer___slam__state, type:genie_msgs.msg.pb.CommonResponse, size:5
I0826 23:43:57.042930 328695 node_impl.cc:344] [aorta]CreateSubscriber topic:/slam/state, uid:3417cf81-a2ae-47ff-9185-76857fb49edf-7791362299214773660 topic_uid:-1
I0826 23:43:57.043321 328695 aorta_component.cpp:326] [cosine_internal][AortaComponent] aorta node create subscriber. node: python3.10_S1, topic:/slam/state, type:genie_msgs.msg.pb.CommonResponse, qos:(history:1, depth:5, reliability:1, durability:2), uri:http://10.42.0.101:2379
I0826 23:43:57.043334 328695 aorta_subscriber.hpp:96] [cosine_internal][AortaSubscriber] initial. topic:/slam/state, uri:
I0826 23:43:57.043349 328695 cosine_bus_manager.cpp:400] [cosine_internal][CosineBusManager] create subscriber. topic name:/slam/mapping_response , middleware:aorta , need async callback:0, frame_skip_rate:1
I0826 23:43:57.043356 328695 aorta_component.cpp:174] [cosine_internal][AortaComponent] callback_name:/slam/mapping_responsehttp://10.42.0.101:2379
I0826 23:43:57.043391 328695 buffered_data_export.cpp:115] [cosine_internal]successfully create buffer [bus_buffer___slam__mapping_response, type genie_msgs.msg.pb.CommonResponse, block num 5, valid_time 0, transfer_type 0, data_size 0, mem_type 0, lib_name , ext_data_size 0, is_protobuf 1, enable_event_sync_subscriber 0], buffer id = 13
I0826 23:43:57.043404 328695 cosine_bus_message_buffer.cpp:45] [cosine_internal][CosineBusMessageBuffer] create buffer success. name:bus_buffer___slam__mapping_response, type:genie_msgs.msg.pb.CommonResponse, size:5
I0826 23:43:57.043498 328695 node_impl.cc:344] [aorta]CreateSubscriber topic:/slam/mapping_response, uid:c24f4f00-40b7-435f-9c4d-39de23e13ee7-3136143855590244141 topic_uid:-1
I0826 23:43:57.043926 328695 aorta_component.cpp:326] [cosine_internal][AortaComponent] aorta node create subscriber. node: python3.10_S1, topic:/slam/mapping_response, type:genie_msgs.msg.pb.CommonResponse, qos:(history:1, depth:5, reliability:1, durability:2), uri:http://10.42.0.101:2379
I0826 23:43:57.043937 328695 aorta_subscriber.hpp:96] [cosine_internal][AortaSubscriber] initial. topic:/slam/mapping_response, uri:
I0826 23:43:57.043948 328695 cosine_bus_manager.cpp:400] [cosine_internal][CosineBusManager] create subscriber. topic name:/slam/record_spec_loc_rsp , middleware:aorta , need async callback:0, frame_skip_rate:1
I0826 23:43:57.044097 328695 aorta_component.cpp:174] [cosine_internal][AortaComponent] callback_name:/slam/record_spec_loc_rsphttp://10.42.0.101:2379
I0826 23:43:57.044152 328695 buffered_data_export.cpp:115] [cosine_internal]successfully create buffer [bus_buffer___slam__record_spec_loc_rsp, type genie_msgs.msg.pb.CommonResponse, block num 5, valid_time 0, transfer_type 0, data_size 0, mem_type 0, lib_name , ext_data_size 0, is_protobuf 1, enable_event_sync_subscriber 0], buffer id = 14
I0826 23:43:57.044173 328695 cosine_bus_message_buffer.cpp:45] [cosine_internal][CosineBusMessageBuffer] create buffer success. name:bus_buffer___slam__record_spec_loc_rsp, type:genie_msgs.msg.pb.CommonResponse, size:5
I0826 23:43:57.044283 328695 node_impl.cc:344] [aorta]CreateSubscriber topic:/slam/record_spec_loc_rsp, uid:497e2454-95b6-4cdd-802c-f9891442c27b-16786186340696970127 topic_uid:-1
I0826 23:43:57.044423 328733 centralized_discovery.cc:681] [aorta]publisher uid:fcb79f8e-fc14-4362-8f22-842903741c4d-13581583299462652003 topic:/pnc/task_service/high_precision_navigation/request
I0826 23:43:57.044696 328695 aorta_component.cpp:326] [cosine_internal][AortaComponent] aorta node create subscriber. node: python3.10_S1, topic:/slam/record_spec_loc_rsp, type:genie_msgs.msg.pb.CommonResponse, qos:(history:1, depth:5, reliability:1, durability:2), uri:http://10.42.0.101:2379
I0826 23:43:57.044708 328695 aorta_subscriber.hpp:96] [cosine_internal][AortaSubscriber] initial. topic:/slam/record_spec_loc_rsp, uri:
I0826 23:43:57.044729 328695 cosine_bus_manager.cpp:294] [cosine_internal][CosineBusManager] create publisher. topic name:/slam/mapping_request , middleware:aorta
I0826 23:43:57.045174 328695 tcp_publisher.cc:179] [aorta]topic /slam/mapping_request, pub_queue_size_ 5, latch_queue_size_ 0
I0826 23:43:57.045282 328745 tcp_socket_server.cc:200] [aorta]The ip info is0.0.0.0:36799
