Log file created at: 2025/08/27 00:31:38
Running on machine: G2
Log line format: [IWEF]mmdd hh:mm:ss.uuuuuu threadid file:line] msg
I0827 00:31:38.127718 1115132 dylog_impl.cpp:641] [DYLOG] set dylog default level to INFO
I0827 00:31:38.127810 1115132 dylog_impl.cpp:690] [DYLOG] soc num : R2
I0827 00:31:38.127825 1115132 dylog_impl.cpp:695] [DYLOG] can't read scene_mode, use sud
W0827 00:31:38.127849 1115132 dylog_impl.cpp:757] [DYLOG] can't find available json config file with path : /home/agi/app/conf/scene_server/dylog_sud_default.json, use default.
I0827 00:31:38.127955 1115132 dylog_impl.cpp:293] [DYLOG] register dsd_name : dylog/python3.10/cosine_internal
I0827 00:31:38.131312 1115132 cosine_bus_manager.cpp:88] [cosine_internal][CosineBusManager] cosine bus config path not set, use default config.
I0827 00:31:38.131369 1115132 cosine_bus_manager.cpp:118] [cosine_internal][CosineBusManager] initial cosine_bus_config:
I0827 00:31:38.132925 1115132 cosine_bus_global_sync.cpp:30] [cosine_internal][BusGlobalSync] set default middleware name:aorta
I0827 00:31:38.132968 1115132 scheduler_classic.cpp:28] [cosine_internal]Proc number set to be: 1
I0827 00:31:38.135247 1115132 dynamic_object.cpp:521] [cosine_internal][DynamicObject] open libdynamic_aorta.so success.
I0827 00:31:38.135449 1115132 dynamic_object.cpp:581] [cosine_internal][DynamicObject] Successfully enumerated 57 symbols in libdynamic_aorta.so
I0827 00:31:38.135460 1115132 resource_loader.cpp:13] [cosine_internal][ResourceLoader] Attempting to load function: aorta_get_object
I0827 00:31:38.135489 1115132 resource_loader.cpp:17] [cosine_internal][ResourceLoader] Trying address() method for C++ symbol: aorta_get_object
I0827 00:31:38.135496 1115132 resource_loader.cpp:20] [cosine_internal][ResourceLoader] Successfully loaded C++ symbol: aorta_get_object
I0827 00:31:38.135500 1115132 resource_loader.cpp:13] [cosine_internal][ResourceLoader] Attempting to load function: aorta_call_object_func
I0827 00:31:38.135504 1115132 resource_loader.cpp:17] [cosine_internal][ResourceLoader] Trying address() method for C++ symbol: aorta_call_object_func
I0827 00:31:38.135507 1115132 resource_loader.cpp:20] [cosine_internal][ResourceLoader] Successfully loaded C++ symbol: aorta_call_object_func
I0827 00:31:38.135522 1115132 resource_loader.cpp:13] [cosine_internal][ResourceLoader] Attempting to load function: aorta_clean_up
I0827 00:31:38.135526 1115132 resource_loader.cpp:17] [cosine_internal][ResourceLoader] Trying address() method for C++ symbol: aorta_clean_up
I0827 00:31:38.135541 1115132 resource_loader.cpp:25] [cosine_internal][ResourceLoader] C++ symbol failed, trying c_address() method for C symbol: aorta_clean_up
I0827 00:31:38.135546 1115132 resource_loader.cpp:28] [cosine_internal][ResourceLoader] Successfully loaded C symbol: aorta_clean_up
W0827 00:31:38.135555 1115132 aorta_component.cpp:90] [cosine_internal]Environment variable [LOCATOR_IP/DDS_IP] not set, fallback to 10.42.0.101
I0827 00:31:38.135560 1115132 aorta_component.cpp:496] [cosine_internal][AortaComponent] locator_ip: 10.42.0.101; Check network before domain init 
I0827 00:31:38.135615 1115132 clock.cpp:22] [cosine_internal]load ptp time source from: libptp_clock_time.so
I0827 00:31:38.135828 1115132 dynamic_object.cpp:521] [cosine_internal][DynamicObject] open libptp_clock_time.so success.
I0827 00:31:38.136337 1115132 aorta_component.cpp:515] [cosine_internal][AortaComponent] Network check start. locator_ip: 10.42.0.101, timeout: 60 seconds , check_start_time: 1756225898
I0827 00:31:38.136360 1115132 aorta_component.cpp:526] [cosine_internal][AortaComponent] locator_ip: 10.42.0.101; network is ready.
I0827 00:31:38.136415 1115132 dylog_impl.cpp:293] [DYLOG] register dsd_name : dylog/python3.10/aorta
I0827 00:31:38.136565 1115132 pcie_config.cc:52] [aorta]Get one valid pcie channel. producer: soc-s3 app-map_loc_app endpoint-nvscic2c_pcie_s3_c7_11 consumer: soc-s1 app-worldmodel endpoint-nvscic2c_pcie_s1_c7_11
I0827 00:31:38.136656 1115132 os.cc:88] [aorta]Got host_id from system files: Huixi R1ROBOR2
I0827 00:31:38.136695 1115132 pcie_manager.cc:71] [aorta]There is no pcie config in current process.
I0827 00:31:38.137022 1115132 message_monitor_config.cc:398] [aorta]run in  mode
I0827 00:31:38.138442 1115132 domain_impl.cc:58] [aorta]aorta version:7b1b7ddc
I0827 00:31:38.138487 1115132 json_comm.cc:35] [aorta]file path: /home/agi/app/conf/topology/topology_rule.json not exist.
I0827 00:31:38.138506 1115132 message_monitor_config.cc:398] [aorta]run in  mode
I0827 00:31:38.138957 1115132 message_monitor_config.cc:731] [aorta]message monitor is updated from /home/agi/app/conf/aorta/function/aorta_monitor_conf.json
I0827 00:31:38.139595 1115132 discovery_factory.cc:14] [aorta]type:1, host:10.42.0.101, port:2379, ttl:15, minor_cycle:100, major_cycle:3
I0827 00:31:38.140973 1115132 config.cc:53] [aorta]AORTA_IP_MASK not set.
I0827 00:31:38.140990 1115132 discovery.cc:245] [aorta]get ip masks empty.
I0827 00:31:38.140997 1115132 config.cc:200] [aorta]AORTA_EXTRA_LOCAL_IPS not set.
I0827 00:31:38.141001 1115132 discovery.cc:266] [aorta]local_publisher_ips_ empty.
I0827 00:31:38.141026 1115132 config.cc:124] [aorta]ip match, ip:127.0.0.1
I0827 00:31:38.141034 1115132 discovery.cc:275] [aorta]default emplace ip:10.42.0.101
I0827 00:31:38.141037 1115132 discovery.cc:275] [aorta]default emplace ip:10.42.12.101
I0827 00:31:38.141040 1115132 discovery.cc:275] [aorta]default emplace ip:10.42.1.101
I0827 00:31:38.141043 1115132 discovery.cc:275] [aorta]default emplace ip:192.168.1.101
I0827 00:31:38.141047 1115132 discovery.cc:275] [aorta]default emplace ip:10.42.30.101
I0827 00:31:38.141049 1115132 discovery.cc:275] [aorta]default emplace ip:10.42.40.101
I0827 00:31:38.141052 1115132 discovery.cc:275] [aorta]default emplace ip:10.20.15.199
I0827 00:31:38.141055 1115132 discovery.cc:275] [aorta]default emplace ip:10.42.6.101
I0827 00:31:38.141059 1115132 centralized_discovery.cc:55] [aorta]lease_ttl_:15
I0827 00:31:38.141523 1115132 aorta_component.cpp:561] [cosine_internal][AortaComponent] aorta create domain success. uri:http://10.42.0.101:2379
I0827 00:31:38.141659 1115132 aorta_component.cpp:447] [cosine_internal][AortaComponent] aorta domain created node: python3.10_S1 , domain_uri:http://10.42.0.101:2379
I0827 00:31:38.141666 1115132 aorta_component.cpp:126] [cosine_internal][AortaComponent] aorta component init success. node:python3.10_S1, uri:http://10.42.0.101:2379, locator_kind(1:shm,2:tcp,3:udp):2, locator_ip:10.42.0.101, locator_port:0, aorta_dispatcher_thread_num:1
I0827 00:31:38.141929 1115221 processor.cpp:40] [cosine_internal]processor_tid: 1115221
I0827 00:31:38.143625 1115225 executor_impl.cc:91] [aorta]aorta-dispatch0 start spinning
I0827 00:31:38.155682 1115224 centralized_discovery.cc:1110] [aorta]poll thread: revision:1392
I0827 00:31:38.155789 1115224 centralized_discovery.cc:1123] [aorta]inotify_fd_:15 inotify_watch_:1 inotify_watch_path:/home/agi/app/conf/aorta/function
I0827 00:31:38.157756 1115224 centralized_discovery.cc:615] [aorta]grant lease for node python3.10_S1 lease_id = 7587889064995110385
I0827 00:31:38.158953 1115224 watch_state.cc:54] [aorta]watch connect success.
I0827 00:31:38.159768 1115224 centralized_discovery.cc:1615] [aorta]recv watch response created.
I0827 00:31:42.307654 1115132 cosine_bus_manager.cpp:294] [cosine_internal][CosineBusManager] create publisher. topic name:/gdk/config_request , middleware:aorta
I0827 00:31:42.308512 1115132 tcp_publisher.cc:179] [aorta]topic /gdk/config_request, pub_queue_size_ 5, latch_queue_size_ 0
I0827 00:31:42.308720 1116379 tcp_socket_server.cc:200] [aorta]The ip info is0.0.0.0:33845
I0827 00:31:42.308863 1116379 shm_socket_server.cc:101] [aorta][/gdk/config_request] bind at pipe sock name d2379|python3.10|p1115132|n0|/gdk/config_request|p0
I0827 00:31:42.308965 1115132 node_impl.cc:198] [aorta]CreatePublisher, host:0.0.0.0, port:33845, sockname:d2379|python3.10|p1115132|n0|/gdk/config_request|p0, topic:/gdk/config_request, uid:34592a4c-38db-42e1-9025-229b0a917385-4991715019463590898 topic_uid:-1
I0827 00:31:42.309001 1115132 aorta_component.cpp:394] [cosine_internal][AortaComponent] aorta node create publisher. node: python3.10_S1, topic:/gdk/config_request, type:genie_msgs.msg.pb.CommonRequest, qos:(history:1, depth:5, reliability:1, durability:2), uri:http://10.42.0.101:2379
I0827 00:31:42.309043 1115132 aorta_publisher.cpp:119] [cosine_internal][AortaPublisher] publisher initialize. topic:/gdk/config_request, uri:
I0827 00:31:42.309058 1115132 dylog_impl.cpp:293] [DYLOG] register dsd_name : dylog/python3.10/GDK
I0827 00:31:42.309080 1115224 centralized_discovery.cc:681] [aorta]publisher uid:34592a4c-38db-42e1-9025-229b0a917385-4991715019463590898 topic:/gdk/config_request
I0827 00:31:42.309139 1115132 publisher.cpp:27] [GDK]create publisher: /gdk/config_request type: genie_msgs.msg.pb.CommonRequest qos: 1 1 5 2
I0827 00:31:42.309165 1115132 cosine_bus_manager.cpp:294] [cosine_internal][CosineBusManager] create publisher. topic name:/gdk/camera_conf_request , middleware:aorta
I0827 00:31:42.309672 1115132 tcp_publisher.cc:179] [aorta]topic /gdk/camera_conf_request, pub_queue_size_ 5, latch_queue_size_ 0
I0827 00:31:42.309778 1116379 tcp_socket_server.cc:200] [aorta]The ip info is0.0.0.0:43079
I0827 00:31:42.309864 1116379 shm_socket_server.cc:101] [aorta][/gdk/camera_conf_request] bind at pipe sock name d2379|python3.10|p1115132|n0|/gdk/camera_conf_request|p1
I0827 00:31:42.310029 1115132 node_impl.cc:198] [aorta]CreatePublisher, host:0.0.0.0, port:43079, sockname:d2379|python3.10|p1115132|n0|/gdk/camera_conf_request|p1, topic:/gdk/camera_conf_request, uid:ca19d248-53a0-460f-84f7-3e6b1d56a771-9117180461459404870 topic_uid:-1
I0827 00:31:42.310055 1115132 aorta_component.cpp:394] [cosine_internal][AortaComponent] aorta node create publisher. node: python3.10_S1, topic:/gdk/camera_conf_request, type:genie_msgs.msg.pb.CommonRequest, qos:(history:1, depth:5, reliability:1, durability:2), uri:http://10.42.0.101:2379
I0827 00:31:42.310091 1115132 aorta_publisher.cpp:119] [cosine_internal][AortaPublisher] publisher initialize. topic:/gdk/camera_conf_request, uri:
I0827 00:31:42.310099 1115132 publisher.cpp:27] [GDK]create publisher: /gdk/camera_conf_request type: genie_msgs.msg.pb.CommonRequest qos: 1 1 5 2
I0827 00:31:42.310124 1115132 cosine_bus_manager.cpp:400] [cosine_internal][CosineBusManager] create subscriber. topic name:/gdk/config_response , middleware:aorta , need async callback:0, frame_skip_rate:1
I0827 00:31:42.310137 1115132 aorta_component.cpp:174] [cosine_internal][AortaComponent] callback_name:/gdk/config_responsehttp://10.42.0.101:2379
I0827 00:31:42.310226 1115132 dynamic_object.cpp:521] [cosine_internal][DynamicObject] open  success.
I0827 00:31:42.310437 1115132 buffered_data_export.cpp:115] [cosine_internal]successfully create buffer [bus_buffer___gdk__config_response, type genie_msgs.msg.pb.CommonResponse, block num 5, valid_time 0, transfer_type 0, data_size 0, mem_type 0, lib_name , ext_data_size 0, is_protobuf 1, enable_event_sync_subscriber 0], buffer id = 1
I0827 00:31:42.310467 1115132 cosine_bus_message_buffer.cpp:45] [cosine_internal][CosineBusMessageBuffer] create buffer success. name:bus_buffer___gdk__config_response, type:genie_msgs.msg.pb.CommonResponse, size:5
I0827 00:31:42.310581 1115132 node_impl.cc:344] [aorta]CreateSubscriber topic:/gdk/config_response, uid:0070f3b5-4b19-449d-ba5b-68492eee5867-9533047780102618842 topic_uid:-1
I0827 00:31:42.311275 1115132 aorta_component.cpp:326] [cosine_internal][AortaComponent] aorta node create subscriber. node: python3.10_S1, topic:/gdk/config_response, type:genie_msgs.msg.pb.CommonResponse, qos:(history:1, depth:5, reliability:1, durability:2), uri:http://10.42.0.101:2379
I0827 00:31:42.311295 1115132 aorta_subscriber.hpp:96] [cosine_internal][AortaSubscriber] initial. topic:/gdk/config_response, uri:
I0827 00:31:42.311318 1115132 cosine_bus_manager.cpp:400] [cosine_internal][CosineBusManager] create subscriber. topic name:/gdk/camera_conf_response , middleware:aorta , need async callback:0, frame_skip_rate:1
I0827 00:31:42.311328 1115132 aorta_component.cpp:174] [cosine_internal][AortaComponent] callback_name:/gdk/camera_conf_responsehttp://10.42.0.101:2379
I0827 00:31:42.311396 1115132 buffered_data_export.cpp:115] [cosine_internal]successfully create buffer [bus_buffer___gdk__camera_conf_response, type genie_msgs.msg.pb.CommonResponse, block num 5, valid_time 0, transfer_type 0, data_size 0, mem_type 0, lib_name , ext_data_size 0, is_protobuf 1, enable_event_sync_subscriber 0], buffer id = 2
I0827 00:31:42.311414 1115132 cosine_bus_message_buffer.cpp:45] [cosine_internal][CosineBusMessageBuffer] create buffer success. name:bus_buffer___gdk__camera_conf_response, type:genie_msgs.msg.pb.CommonResponse, size:5
I0827 00:31:42.311543 1115132 node_impl.cc:344] [aorta]CreateSubscriber topic:/gdk/camera_conf_response, uid:90d3381c-0381-4a14-953a-5ca36d02edc8-3551884323222435368 topic_uid:-1
I0827 00:31:42.311672 1115224 centralized_discovery.cc:681] [aorta]publisher uid:ca19d248-53a0-460f-84f7-3e6b1d56a771-9117180461459404870 topic:/gdk/camera_conf_request
I0827 00:31:42.312438 1115132 aorta_component.cpp:326] [cosine_internal][AortaComponent] aorta node create subscriber. node: python3.10_S1, topic:/gdk/camera_conf_response, type:genie_msgs.msg.pb.CommonResponse, qos:(history:1, depth:5, reliability:1, durability:2), uri:http://10.42.0.101:2379
I0827 00:31:42.312458 1115132 aorta_subscriber.hpp:96] [cosine_internal][AortaSubscriber] initial. topic:/gdk/camera_conf_response, uri:
I0827 00:31:42.312553 1115132 cosine_bus_manager.cpp:400] [cosine_internal][CosineBusManager] create subscriber. topic name:/hal/joint_state , middleware:aorta , need async callback:0, frame_skip_rate:1
I0827 00:31:42.312568 1115132 aorta_component.cpp:174] [cosine_internal][AortaComponent] callback_name:/hal/joint_statehttp://10.42.0.101:2379
I0827 00:31:42.312784 1115132 buffered_data_export.cpp:115] [cosine_internal]successfully create buffer [bus_buffer___hal__joint_state, type genie_msgs.msg.pb.JointState, block num 5, valid_time 0, transfer_type 0, data_size 0, mem_type 0, lib_name , ext_data_size 0, is_protobuf 1, enable_event_sync_subscriber 0], buffer id = 3
I0827 00:31:42.312808 1115132 cosine_bus_message_buffer.cpp:45] [cosine_internal][CosineBusMessageBuffer] create buffer success. name:bus_buffer___hal__joint_state, type:genie_msgs.msg.pb.JointState, size:5
I0827 00:31:42.312918 1115132 node_impl.cc:344] [aorta]CreateSubscriber topic:/hal/joint_state, uid:8053fc3e-c955-4cab-b51b-c8a2aecb0f0a-17784787521228097140 topic_uid:-1
I0827 00:31:42.313103 1115224 centralized_discovery.cc:733] [aorta]subscriber uid:0070f3b5-4b19-449d-ba5b-68492eee5867-9533047780102618842 topic:/gdk/config_response
I0827 00:31:42.313722 1115132 aorta_component.cpp:326] [cosine_internal][AortaComponent] aorta node create subscriber. node: python3.10_S1, topic:/hal/joint_state, type:genie_msgs.msg.pb.JointState, qos:(history:1, depth:5, reliability:1, durability:2), uri:http://10.42.0.101:2379
I0827 00:31:42.313918 1115132 aorta_subscriber.hpp:96] [cosine_internal][AortaSubscriber] initial. topic:/hal/joint_state, uri:
I0827 00:31:42.313957 1115132 cosine_bus_manager.cpp:400] [cosine_internal][CosineBusManager] create subscriber. topic name:/hal/whole_body_status , middleware:aorta , need async callback:0, frame_skip_rate:1
I0827 00:31:42.313970 1115132 aorta_component.cpp:174] [cosine_internal][AortaComponent] callback_name:/hal/whole_body_statushttp://10.42.0.101:2379
I0827 00:31:42.314213 1115132 buffered_data_export.cpp:115] [cosine_internal]successfully create buffer [bus_buffer___hal__whole_body_status, type genie_msgs.msg.pb.WholeBodyStatus, block num 5, valid_time 0, transfer_type 0, data_size 0, mem_type 0, lib_name , ext_data_size 0, is_protobuf 1, enable_event_sync_subscriber 0], buffer id = 4
I0827 00:31:42.314239 1115132 cosine_bus_message_buffer.cpp:45] [cosine_internal][CosineBusMessageBuffer] create buffer success. name:bus_buffer___hal__whole_body_status, type:genie_msgs.msg.pb.WholeBodyStatus, size:5
I0827 00:31:42.314373 1115132 node_impl.cc:344] [aorta]CreateSubscriber topic:/hal/whole_body_status, uid:30df64ba-82ca-4fc3-b262-21b852fe1c41-4082625946824470290 topic_uid:-1
I0827 00:31:42.314864 1115132 aorta_component.cpp:326] [cosine_internal][AortaComponent] aorta node create subscriber. node: python3.10_S1, topic:/hal/whole_body_status, type:genie_msgs.msg.pb.WholeBodyStatus, qos:(history:1, depth:5, reliability:1, durability:2), uri:http://10.42.0.101:2379
I0827 00:31:42.314881 1115132 aorta_subscriber.hpp:96] [cosine_internal][AortaSubscriber] initial. topic:/hal/whole_body_status, uri:
I0827 00:31:42.314901 1115132 cosine_bus_manager.cpp:400] [cosine_internal][CosineBusManager] create subscriber. topic name:/hal/left_ee_data , middleware:aorta , need async callback:0, frame_skip_rate:1
I0827 00:31:42.314910 1115132 aorta_component.cpp:174] [cosine_internal][AortaComponent] callback_name:/hal/left_ee_datahttp://10.42.0.101:2379
I0827 00:31:42.315172 1115132 buffered_data_export.cpp:115] [cosine_internal]successfully create buffer [bus_buffer___hal__left_ee_data, type genie_msgs.msg.pb.EndState, block num 5, valid_time 0, transfer_type 0, data_size 0, mem_type 0, lib_name , ext_data_size 0, is_protobuf 1, enable_event_sync_subscriber 0], buffer id = 5
I0827 00:31:42.315193 1115132 cosine_bus_message_buffer.cpp:45] [cosine_internal][CosineBusMessageBuffer] create buffer success. name:bus_buffer___hal__left_ee_data, type:genie_msgs.msg.pb.EndState, size:5
I0827 00:31:42.315292 1115132 node_impl.cc:344] [aorta]CreateSubscriber topic:/hal/left_ee_data, uid:65c1762c-b0d9-49b4-ac7b-13ea71acb3a7-6411614143165937964 topic_uid:-1
I0827 00:31:42.315564 1116380 shm_subscriber.cc:120] [aorta]subscriber connect to publisher success, topic /gdk/config_response, local d2379|python3.10|p1115132|n0|s0|c0, peer d2379|gdk_service|p8963|n0|/gdk/config_response|p0
I0827 00:31:42.315708 1115224 centralized_discovery.cc:733] [aorta]subscriber uid:90d3381c-0381-4a14-953a-5ca36d02edc8-3551884323222435368 topic:/gdk/camera_conf_response
I0827 00:31:42.315766 1115132 aorta_component.cpp:326] [cosine_internal][AortaComponent] aorta node create subscriber. node: python3.10_S1, topic:/hal/left_ee_data, type:genie_msgs.msg.pb.EndState, qos:(history:1, depth:5, reliability:1, durability:2), uri:http://10.42.0.101:2379
I0827 00:31:42.315779 1115132 aorta_subscriber.hpp:96] [cosine_internal][AortaSubscriber] initial. topic:/hal/left_ee_data, uri:
I0827 00:31:42.315798 1115132 cosine_bus_manager.cpp:400] [cosine_internal][CosineBusManager] create subscriber. topic name:/hal/right_ee_data , middleware:aorta , need async callback:0, frame_skip_rate:1
I0827 00:31:42.315806 1115132 aorta_component.cpp:174] [cosine_internal][AortaComponent] callback_name:/hal/right_ee_datahttp://10.42.0.101:2379
I0827 00:31:42.315853 1115132 buffered_data_export.cpp:115] [cosine_internal]successfully create buffer [bus_buffer___hal__right_ee_data, type genie_msgs.msg.pb.EndState, block num 5, valid_time 0, transfer_type 0, data_size 0, mem_type 0, lib_name , ext_data_size 0, is_protobuf 1, enable_event_sync_subscriber 0], buffer id = 6
I0827 00:31:42.315867 1115132 cosine_bus_message_buffer.cpp:45] [cosine_internal][CosineBusMessageBuffer] create buffer success. name:bus_buffer___hal__right_ee_data, type:genie_msgs.msg.pb.EndState, size:5
I0827 00:31:42.315944 1115132 node_impl.cc:344] [aorta]CreateSubscriber topic:/hal/right_ee_data, uid:77e20c29-03bd-47e0-9322-d5344c4cd6f6-5071795120000351093 topic_uid:-1
I0827 00:31:42.316375 1115132 aorta_component.cpp:326] [cosine_internal][AortaComponent] aorta node create subscriber. node: python3.10_S1, topic:/hal/right_ee_data, type:genie_msgs.msg.pb.EndState, qos:(history:1, depth:5, reliability:1, durability:2), uri:http://10.42.0.101:2379
I0827 00:31:42.316386 1115132 aorta_subscriber.hpp:96] [cosine_internal][AortaSubscriber] initial. topic:/hal/right_ee_data, uri:
I0827 00:31:42.316398 1115132 cosine_bus_manager.cpp:400] [cosine_internal][CosineBusManager] create subscriber. topic name:/hal/chassis_power_state , middleware:aorta , need async callback:0, frame_skip_rate:1
I0827 00:31:42.316406 1115132 aorta_component.cpp:174] [cosine_internal][AortaComponent] callback_name:/hal/chassis_power_statehttp://10.42.0.101:2379
I0827 00:31:42.316747 1115132 buffered_data_export.cpp:115] [cosine_internal]successfully create buffer [bus_buffer___hal__chassis_power_state, type genie_msgs.msg.pb.ChassisPowerState, block num 5, valid_time 0, transfer_type 0, data_size 0, mem_type 0, lib_name , ext_data_size 0, is_protobuf 1, enable_event_sync_subscriber 0], buffer id = 7
I0827 00:31:42.316763 1115132 cosine_bus_message_buffer.cpp:45] [cosine_internal][CosineBusMessageBuffer] create buffer success. name:bus_buffer___hal__chassis_power_state, type:genie_msgs.msg.pb.ChassisPowerState, size:5
I0827 00:31:42.316843 1115132 node_impl.cc:344] [aorta]CreateSubscriber topic:/hal/chassis_power_state, uid:7f598e72-afdf-432e-bdd0-9605f6fcdaa6-13624413023349153968 topic_uid:-1
I0827 00:31:42.316879 1116380 shm_subscriber.cc:120] [aorta]subscriber connect to publisher success, topic /gdk/camera_conf_response, local d2379|python3.10|p1115132|n0|s1|c0, peer d2379|gdk_service|p8963|n0|/gdk/camera_conf_response|p1
I0827 00:31:42.317281 1115132 aorta_component.cpp:326] [cosine_internal][AortaComponent] aorta node create subscriber. node: python3.10_S1, topic:/hal/chassis_power_state, type:genie_msgs.msg.pb.ChassisPowerState, qos:(history:1, depth:5, reliability:1, durability:2), uri:http://10.42.0.101:2379
I0827 00:31:42.317292 1115132 aorta_subscriber.hpp:96] [cosine_internal][AortaSubscriber] initial. topic:/hal/chassis_power_state, uri:
I0827 00:31:42.317307 1115132 cosine_bus_manager.cpp:400] [cosine_internal][CosineBusManager] create subscriber. topic name:/hal/chest_power_state , middleware:aorta , need async callback:0, frame_skip_rate:1
I0827 00:31:42.317315 1115132 aorta_component.cpp:174] [cosine_internal][AortaComponent] callback_name:/hal/chest_power_statehttp://10.42.0.101:2379
I0827 00:31:42.317487 1115224 centralized_discovery.cc:733] [aorta]subscriber uid:8053fc3e-c955-4cab-b51b-c8a2aecb0f0a-17784787521228097140 topic:/hal/joint_state
I0827 00:31:42.317489 1115132 buffered_data_export.cpp:115] [cosine_internal]successfully create buffer [bus_buffer___hal__chest_power_state, type genie_msgs.msg.pb.ChestPowerState, block num 5, valid_time 0, transfer_type 0, data_size 0, mem_type 0, lib_name , ext_data_size 0, is_protobuf 1, enable_event_sync_subscriber 0], buffer id = 8
I0827 00:31:42.317510 1115132 cosine_bus_message_buffer.cpp:45] [cosine_internal][CosineBusMessageBuffer] create buffer success. name:bus_buffer___hal__chest_power_state, type:genie_msgs.msg.pb.ChestPowerState, size:5
I0827 00:31:42.317589 1115132 node_impl.cc:344] [aorta]CreateSubscriber topic:/hal/chest_power_state, uid:458e78f8-e0e1-4050-872d-32fa02547967-8918795574175434775 topic_uid:-1
I0827 00:31:42.318034 1115132 aorta_component.cpp:326] [cosine_internal][AortaComponent] aorta node create subscriber. node: python3.10_S1, topic:/hal/chest_power_state, type:genie_msgs.msg.pb.ChestPowerState, qos:(history:1, depth:5, reliability:1, durability:2), uri:http://10.42.0.101:2379
I0827 00:31:42.318045 1115132 aorta_subscriber.hpp:96] [cosine_internal][AortaSubscriber] initial. topic:/hal/chest_power_state, uri:
I0827 00:31:42.318116 1115132 cosine_bus_manager.cpp:294] [cosine_internal][CosineBusManager] create publisher. topic name:/hal/joint_cmd , middleware:aorta
I0827 00:31:42.318569 1115132 tcp_publisher.cc:179] [aorta]topic /hal/joint_cmd, pub_queue_size_ 5, latch_queue_size_ 0
I0827 00:31:42.318694 1116379 tcp_socket_server.cc:200] [aorta]The ip info is0.0.0.0:42121
I0827 00:31:42.318848 1116380 shm_subscriber.cc:120] [aorta]subscriber connect to publisher success, topic /hal/joint_state, local d2379|python3.10|p1115132|n0|s2|c0, peer d2379|hal|p8969|n0|/hal/joint_state|p0
I0827 00:31:42.318866 1116379 shm_socket_server.cc:101] [aorta][/hal/joint_cmd] bind at pipe sock name d2379|python3.10|p1115132|n0|/hal/joint_cmd|p2
I0827 00:31:42.318933 1115224 centralized_discovery.cc:733] [aorta]subscriber uid:30df64ba-82ca-4fc3-b262-21b852fe1c41-4082625946824470290 topic:/hal/whole_body_status
I0827 00:31:42.319072 1115132 node_impl.cc:198] [aorta]CreatePublisher, host:0.0.0.0, port:42121, sockname:d2379|python3.10|p1115132|n0|/hal/joint_cmd|p2, topic:/hal/joint_cmd, uid:f5db2614-d924-4299-8027-e88dd936d1c3-8113233340941315482 topic_uid:-1
I0827 00:31:42.319095 1115132 aorta_component.cpp:394] [cosine_internal][AortaComponent] aorta node create publisher. node: python3.10_S1, topic:/hal/joint_cmd, type:genie_msgs.msg.pb.JointCommand, qos:(history:1, depth:5, reliability:1, durability:2), uri:http://10.42.0.101:2379
I0827 00:31:42.319135 1115132 aorta_publisher.cpp:119] [cosine_internal][AortaPublisher] publisher initialize. topic:/hal/joint_cmd, uri:
I0827 00:31:42.319145 1115132 publisher.cpp:27] [GDK]create publisher: /hal/joint_cmd type: genie_msgs.msg.pb.JointCommand qos: 1 1 5 2
I0827 00:31:42.319248 1115132 cosine_bus_manager.cpp:294] [cosine_internal][CosineBusManager] create publisher. topic name:/wbc/left_ee_command , middleware:aorta
I0827 00:31:42.319864 1115132 tcp_publisher.cc:179] [aorta]topic /wbc/left_ee_command, pub_queue_size_ 5, latch_queue_size_ 0
I0827 00:31:42.319959 1116379 tcp_socket_server.cc:200] [aorta]The ip info is0.0.0.0:45631
I0827 00:31:42.320052 1116379 shm_socket_server.cc:101] [aorta][/wbc/left_ee_command] bind at pipe sock name d2379|python3.10|p1115132|n0|/wbc/left_ee_command|p3
I0827 00:31:42.320116 1115132 node_impl.cc:198] [aorta]CreatePublisher, host:0.0.0.0, port:45631, sockname:d2379|python3.10|p1115132|n0|/wbc/left_ee_command|p3, topic:/wbc/left_ee_command, uid:2a2dcc21-10d9-41c3-b2f5-5c6f48b0ad40-15677759012602946526 topic_uid:-1
I0827 00:31:42.320139 1115132 aorta_component.cpp:394] [cosine_internal][AortaComponent] aorta node create publisher. node: python3.10_S1, topic:/wbc/left_ee_command, type:sensor_msgs.msg.pb.JointState, qos:(history:1, depth:5, reliability:1, durability:2), uri:http://10.42.0.101:2379
I0827 00:31:42.320171 1115132 aorta_publisher.cpp:119] [cosine_internal][AortaPublisher] publisher initialize. topic:/wbc/left_ee_command, uri:
I0827 00:31:42.320179 1115132 publisher.cpp:27] [GDK]create publisher: /wbc/left_ee_command type: sensor_msgs.msg.pb.JointState qos: 1 1 5 2
I0827 00:31:42.320196 1115132 cosine_bus_manager.cpp:294] [cosine_internal][CosineBusManager] create publisher. topic name:/wbc/right_ee_command , middleware:aorta
I0827 00:31:42.320664 1115132 tcp_publisher.cc:179] [aorta]topic /wbc/right_ee_command, pub_queue_size_ 5, latch_queue_size_ 0
I0827 00:31:42.320758 1116379 tcp_socket_server.cc:200] [aorta]The ip info is0.0.0.0:46615
I0827 00:31:42.320940 1116379 shm_socket_server.cc:101] [aorta][/wbc/right_ee_command] bind at pipe sock name d2379|python3.10|p1115132|n0|/wbc/right_ee_command|p4
I0827 00:31:42.321007 1115132 node_impl.cc:198] [aorta]CreatePublisher, host:0.0.0.0, port:46615, sockname:d2379|python3.10|p1115132|n0|/wbc/right_ee_command|p4, topic:/wbc/right_ee_command, uid:7f4b38ee-e85d-4547-9c10-e21ee4de8da7-12160131399292109555 topic_uid:-1
I0827 00:31:42.321030 1115132 aorta_component.cpp:394] [cosine_internal][AortaComponent] aorta node create publisher. node: python3.10_S1, topic:/wbc/right_ee_command, type:sensor_msgs.msg.pb.JointState, qos:(history:1, depth:5, reliability:1, durability:2), uri:http://10.42.0.101:2379
I0827 00:31:42.321065 1115132 aorta_publisher.cpp:119] [cosine_internal][AortaPublisher] publisher initialize. topic:/wbc/right_ee_command, uri:
I0827 00:31:42.321074 1115132 publisher.cpp:27] [GDK]create publisher: /wbc/right_ee_command type: sensor_msgs.msg.pb.JointState qos: 1 1 5 2
I0827 00:31:42.321117 1115132 cosine_bus_manager.cpp:400] [cosine_internal][CosineBusManager] create subscriber. topic name:/wbc/motion_control_status , middleware:aorta , need async callback:0, frame_skip_rate:1
I0827 00:31:42.321128 1115132 aorta_component.cpp:174] [cosine_internal][AortaComponent] callback_name:/wbc/motion_control_statushttp://10.42.0.101:2379
I0827 00:31:42.321437 1115132 buffered_data_export.cpp:115] [cosine_internal]successfully create buffer [bus_buffer___wbc__motion_control_status, type genie_msgs.msg.pb.MotionControlStatus, block num 5, valid_time 0, transfer_type 0, data_size 0, mem_type 0, lib_name , ext_data_size 0, is_protobuf 1, enable_event_sync_subscriber 0], buffer id = 9
I0827 00:31:42.321462 1115132 cosine_bus_message_buffer.cpp:45] [cosine_internal][CosineBusMessageBuffer] create buffer success. name:bus_buffer___wbc__motion_control_status, type:genie_msgs.msg.pb.MotionControlStatus, size:5
I0827 00:31:42.321550 1115132 node_impl.cc:344] [aorta]CreateSubscriber topic:/wbc/motion_control_status, uid:56830a5b-b7d5-4470-b35a-274b7271147f-3835708119707617413 topic_uid:-1
I0827 00:31:42.321996 1115132 aorta_component.cpp:326] [cosine_internal][AortaComponent] aorta node create subscriber. node: python3.10_S1, topic:/wbc/motion_control_status, type:genie_msgs.msg.pb.MotionControlStatus, qos:(history:1, depth:5, reliability:1, durability:2), uri:http://10.42.0.101:2379
I0827 00:31:42.322008 1115132 aorta_subscriber.hpp:96] [cosine_internal][AortaSubscriber] initial. topic:/wbc/motion_control_status, uri:
I0827 00:31:42.322023 1115132 cosine_bus_manager.cpp:400] [cosine_internal][CosineBusManager] create subscriber. topic name:/MotionControlService/JointPosition/response , middleware:aorta , need async callback:0, frame_skip_rate:1
I0827 00:31:42.322031 1115132 aorta_component.cpp:174] [cosine_internal][AortaComponent] callback_name:/MotionControlService/JointPosition/responsehttp://10.42.0.101:2379
I0827 00:31:42.322077 1115132 buffered_data_export.cpp:115] [cosine_internal]successfully create buffer [bus_buffer___MotionControlService__JointPosition__response, type genie_msgs.msg.pb.CommonResponse, block num 5, valid_time 0, transfer_type 0, data_size 0, mem_type 0, lib_name , ext_data_size 0, is_protobuf 1, enable_event_sync_subscriber 0], buffer id = 10
I0827 00:31:42.322090 1115132 cosine_bus_message_buffer.cpp:45] [cosine_internal][CosineBusMessageBuffer] create buffer success. name:bus_buffer___MotionControlService__JointPosition__response, type:genie_msgs.msg.pb.CommonResponse, size:5
I0827 00:31:42.322165 1115132 node_impl.cc:344] [aorta]CreateSubscriber topic:/MotionControlService/JointPosition/response, uid:22a4b7b3-f14e-477f-88be-0379e79ae2a0-11220515294652701264 topic_uid:-1
I0827 00:31:42.322583 1115132 aorta_component.cpp:326] [cosine_internal][AortaComponent] aorta node create subscriber. node: python3.10_S1, topic:/MotionControlService/JointPosition/response, type:genie_msgs.msg.pb.CommonResponse, qos:(history:1, depth:5, reliability:1, durability:2), uri:http://10.42.0.101:2379
I0827 00:31:42.322593 1115132 aorta_subscriber.hpp:96] [cosine_internal][AortaSubscriber] initial. topic:/MotionControlService/JointPosition/response, uri:
I0827 00:31:42.322606 1115132 cosine_bus_manager.cpp:400] [cosine_internal][CosineBusManager] create subscriber. topic name:/MotionControlService/ControlMode/response , middleware:aorta , need async callback:0, frame_skip_rate:1
I0827 00:31:42.322613 1115132 aorta_component.cpp:174] [cosine_internal][AortaComponent] callback_name:/MotionControlService/ControlMode/responsehttp://10.42.0.101:2379
I0827 00:31:42.322649 1115132 buffered_data_export.cpp:115] [cosine_internal]successfully create buffer [bus_buffer___MotionControlService__ControlMode__response, type genie_msgs.msg.pb.CommonResponse, block num 5, valid_time 0, transfer_type 0, data_size 0, mem_type 0, lib_name , ext_data_size 0, is_protobuf 1, enable_event_sync_subscriber 0], buffer id = 11
I0827 00:31:42.322659 1115132 cosine_bus_message_buffer.cpp:45] [cosine_internal][CosineBusMessageBuffer] create buffer success. name:bus_buffer___MotionControlService__ControlMode__response, type:genie_msgs.msg.pb.CommonResponse, size:5
I0827 00:31:42.322726 1115132 node_impl.cc:344] [aorta]CreateSubscriber topic:/MotionControlService/ControlMode/response, uid:64b02f63-b7f0-417e-a30d-c3fc9cdd4f39-13500083580579056044 topic_uid:-1
I0827 00:31:42.323134 1115132 aorta_component.cpp:326] [cosine_internal][AortaComponent] aorta node create subscriber. node: python3.10_S1, topic:/MotionControlService/ControlMode/response, type:genie_msgs.msg.pb.CommonResponse, qos:(history:1, depth:5, reliability:1, durability:2), uri:http://10.42.0.101:2379
I0827 00:31:42.323143 1115132 aorta_subscriber.hpp:96] [cosine_internal][AortaSubscriber] initial. topic:/MotionControlService/ControlMode/response, uri:
I0827 00:31:42.323156 1115132 cosine_bus_manager.cpp:400] [cosine_internal][CosineBusManager] create subscriber. topic name:/MotionControlService/SetLoad/response , middleware:aorta , need async callback:0, frame_skip_rate:1
I0827 00:31:42.323163 1115132 aorta_component.cpp:174] [cosine_internal][AortaComponent] callback_name:/MotionControlService/SetLoad/responsehttp://10.42.0.101:2379
I0827 00:31:42.323196 1115132 buffered_data_export.cpp:115] [cosine_internal]successfully create buffer [bus_buffer___MotionControlService__SetLoad__response, type genie_msgs.msg.pb.CommonResponse, block num 5, valid_time 0, transfer_type 0, data_size 0, mem_type 0, lib_name , ext_data_size 0, is_protobuf 1, enable_event_sync_subscriber 0], buffer id = 12
I0827 00:31:42.323207 1115132 cosine_bus_message_buffer.cpp:45] [cosine_internal][CosineBusMessageBuffer] create buffer success. name:bus_buffer___MotionControlService__SetLoad__response, type:genie_msgs.msg.pb.CommonResponse, size:5
I0827 00:31:42.323264 1115132 node_impl.cc:344] [aorta]CreateSubscriber topic:/MotionControlService/SetLoad/response, uid:d9281119-eb19-4787-8c10-2ff4b2ed3fa3-11741066552301177038 topic_uid:-1
I0827 00:31:42.323868 1115132 aorta_component.cpp:326] [cosine_internal][AortaComponent] aorta node create subscriber. node: python3.10_S1, topic:/MotionControlService/SetLoad/response, type:genie_msgs.msg.pb.CommonResponse, qos:(history:1, depth:5, reliability:1, durability:2), uri:http://10.42.0.101:2379
I0827 00:31:42.323881 1115132 aorta_subscriber.hpp:96] [cosine_internal][AortaSubscriber] initial. topic:/MotionControlService/SetLoad/response, uri:
I0827 00:31:42.323897 1115132 cosine_bus_manager.cpp:400] [cosine_internal][CosineBusManager] create subscriber. topic name:/MotionControlService/SetComplianceParams/response , middleware:aorta , need async callback:0, frame_skip_rate:1
I0827 00:31:42.323904 1115132 aorta_component.cpp:174] [cosine_internal][AortaComponent] callback_name:/MotionControlService/SetComplianceParams/responsehttp://10.42.0.101:2379
I0827 00:31:42.323966 1115132 buffered_data_export.cpp:115] [cosine_internal]successfully create buffer [bus_buffer___MotionControlService__SetComplianceParams__response, type genie_msgs.msg.pb.CommonResponse, block num 5, valid_time 0, transfer_type 0, data_size 0, mem_type 0, lib_name , ext_data_size 0, is_protobuf 1, enable_event_sync_subscriber 0], buffer id = 13
I0827 00:31:42.323979 1115132 cosine_bus_message_buffer.cpp:45] [cosine_internal][CosineBusMessageBuffer] create buffer success. name:bus_buffer___MotionControlService__SetComplianceParams__response, type:genie_msgs.msg.pb.CommonResponse, size:5
I0827 00:31:42.324054 1115132 node_impl.cc:344] [aorta]CreateSubscriber topic:/MotionControlService/SetComplianceParams/response, uid:414cbfc5-b164-4e9b-bf6b-44c82c9d8f7c-16772690313444795879 topic_uid:-1
I0827 00:31:42.324461 1115132 aorta_component.cpp:326] [cosine_internal][AortaComponent] aorta node create subscriber. node: python3.10_S1, topic:/MotionControlService/SetComplianceParams/response, type:genie_msgs.msg.pb.CommonResponse, qos:(history:1, depth:5, reliability:1, durability:2), uri:http://10.42.0.101:2379
I0827 00:31:42.324471 1115132 aorta_subscriber.hpp:96] [cosine_internal][AortaSubscriber] initial. topic:/MotionControlService/SetComplianceParams/response, uri:
I0827 00:31:42.324483 1115132 cosine_bus_manager.cpp:400] [cosine_internal][CosineBusManager] create subscriber. topic name:/MotionControlService/MotionPlan/response , middleware:aorta , need async callback:0, frame_skip_rate:1
I0827 00:31:42.324491 1115132 aorta_component.cpp:174] [cosine_internal][AortaComponent] callback_name:/MotionControlService/MotionPlan/responsehttp://10.42.0.101:2379
I0827 00:31:42.324529 1115132 buffered_data_export.cpp:115] [cosine_internal]successfully create buffer [bus_buffer___MotionControlService__MotionPlan__response, type genie_msgs.msg.pb.CommonResponse, block num 5, valid_time 0, transfer_type 0, data_size 0, mem_type 0, lib_name , ext_data_size 0, is_protobuf 1, enable_event_sync_subscriber 0], buffer id = 14
I0827 00:31:42.324544 1115132 cosine_bus_message_buffer.cpp:45] [cosine_internal][CosineBusMessageBuffer] create buffer success. name:bus_buffer___MotionControlService__MotionPlan__response, type:genie_msgs.msg.pb.CommonResponse, size:5
I0827 00:31:42.324615 1115132 node_impl.cc:344] [aorta]CreateSubscriber topic:/MotionControlService/MotionPlan/response, uid:4efc6b50-0e66-474c-896b-b84e0eac9566-7265943930381113476 topic_uid:-1
I0827 00:31:42.325019 1115132 aorta_component.cpp:326] [cosine_internal][AortaComponent] aorta node create subscriber. node: python3.10_S1, topic:/MotionControlService/MotionPlan/response, type:genie_msgs.msg.pb.CommonResponse, qos:(history:1, depth:5, reliability:1, durability:2), uri:http://10.42.0.101:2379
I0827 00:31:42.325028 1115132 aorta_subscriber.hpp:96] [cosine_internal][AortaSubscriber] initial. topic:/MotionControlService/MotionPlan/response, uri:
I0827 00:31:42.325161 1115132 cosine_bus_manager.cpp:294] [cosine_internal][CosineBusManager] create publisher. topic name:/wbc/motion_stop , middleware:aorta
I0827 00:31:42.325506 1116380 shm_subscriber.cc:120] [aorta]subscriber connect to publisher success, topic /hal/whole_body_status, local d2379|python3.10|p1115132|n0|s3|c0, peer d2379|hal|p8969|n0|/hal/whole_body_status|p1
I0827 00:31:42.325629 1115132 tcp_publisher.cc:179] [aorta]topic /wbc/motion_stop, pub_queue_size_ 5, latch_queue_size_ 0
I0827 00:31:42.325719 1115224 centralized_discovery.cc:733] [aorta]subscriber uid:65c1762c-b0d9-49b4-ac7b-13ea71acb3a7-6411614143165937964 topic:/hal/left_ee_data
I0827 00:31:42.325938 1116379 tcp_socket_server.cc:200] [aorta]The ip info is0.0.0.0:38353
I0827 00:31:42.326026 1116379 shm_socket_server.cc:101] [aorta][/wbc/motion_stop] bind at pipe sock name d2379|python3.10|p1115132|n0|/wbc/motion_stop|p5
I0827 00:31:42.326083 1115132 node_impl.cc:198] [aorta]CreatePublisher, host:0.0.0.0, port:38353, sockname:d2379|python3.10|p1115132|n0|/wbc/motion_stop|p5, topic:/wbc/motion_stop, uid:e5fc6165-8883-4388-bb24-52a2ce0296d2-13748557535015507650 topic_uid:-1
I0827 00:31:42.326103 1115132 aorta_component.cpp:394] [cosine_internal][AortaComponent] aorta node create publisher. node: python3.10_S1, topic:/wbc/motion_stop, type:genie_msgs.msg.pb.MotionStop, qos:(history:1, depth:5, reliability:1, durability:2), uri:http://10.42.0.101:2379
I0827 00:31:42.326143 1115132 aorta_publisher.cpp:119] [cosine_internal][AortaPublisher] publisher initialize. topic:/wbc/motion_stop, uri:
I0827 00:31:42.326152 1115132 publisher.cpp:27] [GDK]create publisher: /wbc/motion_stop type: genie_msgs.msg.pb.MotionStop qos: 1 1 5 2
I0827 00:31:42.326239 1115132 cosine_bus_manager.cpp:294] [cosine_internal][CosineBusManager] create publisher. topic name:/wbc/set_control_mode , middleware:aorta
I0827 00:31:42.326668 1115132 tcp_publisher.cc:179] [aorta]topic /wbc/set_control_mode, pub_queue_size_ 5, latch_queue_size_ 0
I0827 00:31:42.326740 1116379 tcp_socket_server.cc:200] [aorta]The ip info is0.0.0.0:43635
I0827 00:31:42.326977 1116379 shm_socket_server.cc:101] [aorta][/wbc/set_control_mode] bind at pipe sock name d2379|python3.10|p1115132|n0|/wbc/set_control_mode|p6
I0827 00:31:42.327049 1115132 node_impl.cc:198] [aorta]CreatePublisher, host:0.0.0.0, port:43635, sockname:d2379|python3.10|p1115132|n0|/wbc/set_control_mode|p6, topic:/wbc/set_control_mode, uid:b50ecb0d-9ced-4668-901a-28957e21edff-14916454457450496029 topic_uid:-1
I0827 00:31:42.327066 1115132 aorta_component.cpp:394] [cosine_internal][AortaComponent] aorta node create publisher. node: python3.10_S1, topic:/wbc/set_control_mode, type:genie_msgs.msg.pb.SetControlMode, qos:(history:1, depth:5, reliability:1, durability:2), uri:http://10.42.0.101:2379
I0827 00:31:42.327065 1116380 shm_subscriber.cc:120] [aorta]subscriber connect to publisher success, topic /hal/left_ee_data, local d2379|python3.10|p1115132|n0|s4|c0, peer d2379|hal|p8969|n0|/hal/left_ee_data|p2
I0827 00:31:42.327101 1115132 aorta_publisher.cpp:119] [cosine_internal][AortaPublisher] publisher initialize. topic:/wbc/set_control_mode, uri:
I0827 00:31:42.327109 1115132 publisher.cpp:27] [GDK]create publisher: /wbc/set_control_mode type: genie_msgs.msg.pb.SetControlMode qos: 1 1 5 2
I0827 00:31:42.327136 1115224 centralized_discovery.cc:733] [aorta]subscriber uid:77e20c29-03bd-47e0-9322-d5344c4cd6f6-5071795120000351093 topic:/hal/right_ee_data
I0827 00:31:42.327204 1115132 cosine_bus_manager.cpp:294] [cosine_internal][CosineBusManager] create publisher. topic name:/wbc/end_effector_pose_control , middleware:aorta
I0827 00:31:42.327665 1115132 tcp_publisher.cc:179] [aorta]topic /wbc/end_effector_pose_control, pub_queue_size_ 5, latch_queue_size_ 0
I0827 00:31:42.327754 1116379 tcp_socket_server.cc:200] [aorta]The ip info is0.0.0.0:42919
I0827 00:31:42.327858 1116379 shm_socket_server.cc:101] [aorta][/wbc/end_effector_pose_control] bind at pipe sock name d2379|python3.10|p1115132|n0|/wbc/end_effector_pose_control|p7
I0827 00:31:42.327940 1115132 node_impl.cc:198] [aorta]CreatePublisher, host:0.0.0.0, port:42919, sockname:d2379|python3.10|p1115132|n0|/wbc/end_effector_pose_control|p7, topic:/wbc/end_effector_pose_control, uid:dc338388-b7ec-4d86-84f4-bca77af9c922-8961509146944305143 topic_uid:-1
I0827 00:31:42.327963 1115132 aorta_component.cpp:394] [cosine_internal][AortaComponent] aorta node create publisher. node: python3.10_S1, topic:/wbc/end_effector_pose_control, type:genie_msgs.msg.pb.EndEffectorPoseControl, qos:(history:1, depth:5, reliability:1, durability:2), uri:http://10.42.0.101:2379
I0827 00:31:42.327996 1115132 aorta_publisher.cpp:119] [cosine_internal][AortaPublisher] publisher initialize. topic:/wbc/end_effector_pose_control, uri:
I0827 00:31:42.328003 1115132 publisher.cpp:27] [GDK]create publisher: /wbc/end_effector_pose_control type: genie_msgs.msg.pb.EndEffectorPoseControl qos: 1 1 5 2
I0827 00:31:42.328105 1115132 cosine_bus_manager.cpp:294] [cosine_internal][CosineBusManager] create publisher. topic name:/wbc/joint_position_control , middleware:aorta
I0827 00:31:42.328110 1116380 shm_subscriber.cc:120] [aorta]subscriber connect to publisher success, topic /hal/right_ee_data, local d2379|python3.10|p1115132|n0|s5|c0, peer d2379|hal|p8969|n0|/hal/right_ee_data|p3
I0827 00:31:42.328163 1115224 centralized_discovery.cc:733] [aorta]subscriber uid:7f598e72-afdf-432e-bdd0-9605f6fcdaa6-13624413023349153968 topic:/hal/chassis_power_state
I0827 00:31:42.328514 1115132 tcp_publisher.cc:179] [aorta]topic /wbc/joint_position_control, pub_queue_size_ 5, latch_queue_size_ 0
I0827 00:31:42.328567 1116379 tcp_socket_server.cc:200] [aorta]The ip info is0.0.0.0:39911
I0827 00:31:42.328619 1116379 shm_socket_server.cc:101] [aorta][/wbc/joint_position_control] bind at pipe sock name d2379|python3.10|p1115132|n0|/wbc/joint_position_control|p8
I0827 00:31:42.328696 1115132 node_impl.cc:198] [aorta]CreatePublisher, host:0.0.0.0, port:39911, sockname:d2379|python3.10|p1115132|n0|/wbc/joint_position_control|p8, topic:/wbc/joint_position_control, uid:8ce84549-16dd-4cad-9c20-9f4e7a549b3a-17554954426434248758 topic_uid:-1
I0827 00:31:42.328722 1115132 aorta_component.cpp:394] [cosine_internal][AortaComponent] aorta node create publisher. node: python3.10_S1, topic:/wbc/joint_position_control, type:genie_msgs.msg.pb.JointPositionControl, qos:(history:1, depth:5, reliability:1, durability:2), uri:http://10.42.0.101:2379
I0827 00:31:42.328755 1115132 aorta_publisher.cpp:119] [cosine_internal][AortaPublisher] publisher initialize. topic:/wbc/joint_position_control, uri:
I0827 00:31:42.328764 1115132 publisher.cpp:27] [GDK]create publisher: /wbc/joint_position_control type: genie_msgs.msg.pb.JointPositionControl qos: 1 1 5 2
I0827 00:31:42.328837 1115132 cosine_bus_manager.cpp:294] [cosine_internal][CosineBusManager] create publisher. topic name:/MotionControlService/JointPosition/request , middleware:aorta
I0827 00:31:42.329188 1116380 shm_subscriber.cc:120] [aorta]subscriber connect to publisher success, topic /hal/chassis_power_state, local d2379|python3.10|p1115132|n0|s6|c0, peer d2379|hal_lowerlimb|p8968|n0|/hal/chassis_power_state|p2
I0827 00:31:42.329246 1115224 centralized_discovery.cc:733] [aorta]subscriber uid:458e78f8-e0e1-4050-872d-32fa02547967-8918795574175434775 topic:/hal/chest_power_state
I0827 00:31:42.329296 1115132 tcp_publisher.cc:179] [aorta]topic /MotionControlService/JointPosition/request, pub_queue_size_ 5, latch_queue_size_ 0
I0827 00:31:42.329522 1116379 tcp_socket_server.cc:200] [aorta]The ip info is0.0.0.0:33793
I0827 00:31:42.329608 1116379 shm_socket_server.cc:101] [aorta][/MotionControlService/JointPosition/request] bind at pipe sock name d2379|python3.10|p1115132|n0|..onControlService/JointPosition/request|p9
I0827 00:31:42.329674 1115132 node_impl.cc:198] [aorta]CreatePublisher, host:0.0.0.0, port:33793, sockname:d2379|python3.10|p1115132|n0|..onControlService/JointPosition/request|p9, topic:/MotionControlService/JointPosition/request, uid:350d5ba9-844a-44e0-966b-dc7d6fbbfce4-13247891859042633557 topic_uid:-1
I0827 00:31:42.329699 1115132 aorta_component.cpp:394] [cosine_internal][AortaComponent] aorta node create publisher. node: python3.10_S1, topic:/MotionControlService/JointPosition/request, type:genie_msgs.msg.pb.JointPositionRequst, qos:(history:1, depth:5, reliability:1, durability:2), uri:http://10.42.0.101:2379
I0827 00:31:42.329749 1115132 aorta_publisher.cpp:119] [cosine_internal][AortaPublisher] publisher initialize. topic:/MotionControlService/JointPosition/request, uri:
I0827 00:31:42.329759 1115132 publisher.cpp:27] [GDK]create publisher: /MotionControlService/JointPosition/request type: genie_msgs.msg.pb.JointPositionRequst qos: 1 1 5 2
I0827 00:31:42.329875 1115132 cosine_bus_manager.cpp:294] [cosine_internal][CosineBusManager] create publisher. topic name:/MotionControlService/ControlMode/request , middleware:aorta
I0827 00:31:42.330348 1115132 tcp_publisher.cc:179] [aorta]topic /MotionControlService/ControlMode/request, pub_queue_size_ 5, latch_queue_size_ 0
I0827 00:31:42.330439 1116379 tcp_socket_server.cc:200] [aorta]The ip info is0.0.0.0:39361
I0827 00:31:42.330518 1116379 shm_socket_server.cc:101] [aorta][/MotionControlService/ControlMode/request] bind at pipe sock name d2379|python3.10|p1115132|n0|..tionControlService/ControlMode/request|p10
I0827 00:31:42.330587 1115132 node_impl.cc:198] [aorta]CreatePublisher, host:0.0.0.0, port:39361, sockname:d2379|python3.10|p1115132|n0|..tionControlService/ControlMode/request|p10, topic:/MotionControlService/ControlMode/request, uid:28a000de-99d9-4603-a699-beb1ecb3753a-7079047142913889307 topic_uid:-1
I0827 00:31:42.330610 1115132 aorta_component.cpp:394] [cosine_internal][AortaComponent] aorta node create publisher. node: python3.10_S1, topic:/MotionControlService/ControlMode/request, type:genie_msgs.msg.pb.ControlModeRequest, qos:(history:1, depth:5, reliability:1, durability:2), uri:http://10.42.0.101:2379
I0827 00:31:42.330641 1115132 aorta_publisher.cpp:119] [cosine_internal][AortaPublisher] publisher initialize. topic:/MotionControlService/ControlMode/request, uri:
I0827 00:31:42.330649 1115132 publisher.cpp:27] [GDK]create publisher: /MotionControlService/ControlMode/request type: genie_msgs.msg.pb.ControlModeRequest qos: 1 1 5 2
I0827 00:31:42.330672 1115132 cosine_bus_manager.cpp:294] [cosine_internal][CosineBusManager] create publisher. topic name:/MotionControlService/SetLoad/request , middleware:aorta
I0827 00:31:42.331142 1115132 tcp_publisher.cc:179] [aorta]topic /MotionControlService/SetLoad/request, pub_queue_size_ 5, latch_queue_size_ 0
I0827 00:31:42.331204 1116379 tcp_socket_server.cc:200] [aorta]The ip info is0.0.0.0:42905
I0827 00:31:42.331272 1116379 shm_socket_server.cc:101] [aorta][/MotionControlService/SetLoad/request] bind at pipe sock name d2379|python3.10|p1115132|n0|/MotionControlService/SetLoad/request|p11
I0827 00:31:42.331342 1115132 node_impl.cc:198] [aorta]CreatePublisher, host:0.0.0.0, port:42905, sockname:d2379|python3.10|p1115132|n0|/MotionControlService/SetLoad/request|p11, topic:/MotionControlService/SetLoad/request, uid:2cf75913-1937-4525-803d-b416ea3bde27-13250693701014519938 topic_uid:-1
I0827 00:31:42.331357 1116380 shm_subscriber.cc:120] [aorta]subscriber connect to publisher success, topic /hal/chest_power_state, local d2379|python3.10|p1115132|n0|s7|c0, peer d2379|hal_lowerlimb|p8968|n0|/hal/chest_power_state|p4
I0827 00:31:42.331367 1115132 aorta_component.cpp:394] [cosine_internal][AortaComponent] aorta node create publisher. node: python3.10_S1, topic:/MotionControlService/SetLoad/request, type:genie_msgs.msg.pb.SetLoadRequest, qos:(history:1, depth:5, reliability:1, durability:2), uri:http://10.42.0.101:2379
