Log file created at: 2025/08/27 00:46:36
Running on machine: G2
Log line format: [IWEF]mmdd hh:mm:ss.uuuuuu threadid file:line] msg
I0827 00:46:36.003410 1328696 dylog_impl.cpp:641] [DYLOG] set dylog default level to INFO
I0827 00:46:36.003476 1328696 dylog_impl.cpp:690] [DYLOG] soc num : R2
I0827 00:46:36.003492 1328696 dylog_impl.cpp:695] [DYLOG] can't read scene_mode, use sud
W0827 00:46:36.003515 1328696 dylog_impl.cpp:757] [DYLOG] can't find available json config file with path : /home/agi/app/conf/scene_server/dylog_sud_default.json, use default.
I0827 00:46:36.003630 1328696 dylog_impl.cpp:293] [DYLOG] register dsd_name : dylog/python3.10/cosine_internal
I0827 00:46:36.006925 1328696 cosine_bus_manager.cpp:88] [cosine_internal][CosineBusManager] cosine bus config path not set, use default config.
I0827 00:46:36.006975 1328696 cosine_bus_manager.cpp:118] [cosine_internal][CosineBusManager] initial cosine_bus_config:
I0827 00:46:36.008432 1328696 cosine_bus_global_sync.cpp:30] [cosine_internal][BusGlobalSync] set default middleware name:aorta
I0827 00:46:36.008471 1328696 scheduler_classic.cpp:28] [cosine_internal]Proc number set to be: 1
I0827 00:46:36.023758 1328696 dynamic_object.cpp:521] [cosine_internal][DynamicObject] open libdynamic_aorta.so success.
I0827 00:46:36.023968 1328696 dynamic_object.cpp:581] [cosine_internal][DynamicObject] Successfully enumerated 57 symbols in libdynamic_aorta.so
I0827 00:46:36.023980 1328696 resource_loader.cpp:13] [cosine_internal][ResourceLoader] Attempting to load function: aorta_get_object
I0827 00:46:36.023984 1328696 resource_loader.cpp:17] [cosine_internal][ResourceLoader] Trying address() method for C++ symbol: aorta_get_object
I0827 00:46:36.023990 1328696 resource_loader.cpp:20] [cosine_internal][ResourceLoader] Successfully loaded C++ symbol: aorta_get_object
I0827 00:46:36.023994 1328696 resource_loader.cpp:13] [cosine_internal][ResourceLoader] Attempting to load function: aorta_call_object_func
I0827 00:46:36.023998 1328696 resource_loader.cpp:17] [cosine_internal][ResourceLoader] Trying address() method for C++ symbol: aorta_call_object_func
I0827 00:46:36.024001 1328696 resource_loader.cpp:20] [cosine_internal][ResourceLoader] Successfully loaded C++ symbol: aorta_call_object_func
I0827 00:46:36.024006 1328696 resource_loader.cpp:13] [cosine_internal][ResourceLoader] Attempting to load function: aorta_clean_up
I0827 00:46:36.024009 1328696 resource_loader.cpp:17] [cosine_internal][ResourceLoader] Trying address() method for C++ symbol: aorta_clean_up
I0827 00:46:36.024024 1328696 resource_loader.cpp:25] [cosine_internal][ResourceLoader] C++ symbol failed, trying c_address() method for C symbol: aorta_clean_up
I0827 00:46:36.024029 1328696 resource_loader.cpp:28] [cosine_internal][ResourceLoader] Successfully loaded C symbol: aorta_clean_up
W0827 00:46:36.024037 1328696 aorta_component.cpp:90] [cosine_internal]Environment variable [LOCATOR_IP/DDS_IP] not set, fallback to 10.42.0.101
I0827 00:46:36.024044 1328696 aorta_component.cpp:496] [cosine_internal][AortaComponent] locator_ip: 10.42.0.101; Check network before domain init 
I0827 00:46:36.024088 1328696 clock.cpp:22] [cosine_internal]load ptp time source from: libptp_clock_time.so
I0827 00:46:36.024269 1328696 dynamic_object.cpp:521] [cosine_internal][DynamicObject] open libptp_clock_time.so success.
I0827 00:46:36.024758 1328696 aorta_component.cpp:515] [cosine_internal][AortaComponent] Network check start. locator_ip: 10.42.0.101, timeout: 60 seconds , check_start_time: 1756226796
I0827 00:46:36.024781 1328696 aorta_component.cpp:526] [cosine_internal][AortaComponent] locator_ip: 10.42.0.101; network is ready.
I0827 00:46:36.024843 1328696 dylog_impl.cpp:293] [DYLOG] register dsd_name : dylog/python3.10/aorta
I0827 00:46:36.025002 1328696 pcie_config.cc:52] [aorta]Get one valid pcie channel. producer: soc-s3 app-map_loc_app endpoint-nvscic2c_pcie_s3_c7_11 consumer: soc-s1 app-worldmodel endpoint-nvscic2c_pcie_s1_c7_11
I0827 00:46:36.025112 1328696 os.cc:88] [aorta]Got host_id from system files: Huixi R1ROBOR2
I0827 00:46:36.025158 1328696 pcie_manager.cc:71] [aorta]There is no pcie config in current process.
I0827 00:46:36.025538 1328696 message_monitor_config.cc:398] [aorta]run in  mode
I0827 00:46:36.026793 1328696 domain_impl.cc:58] [aorta]aorta version:7b1b7ddc
I0827 00:46:36.026832 1328696 json_comm.cc:35] [aorta]file path: /home/agi/app/conf/topology/topology_rule.json not exist.
I0827 00:46:36.026849 1328696 message_monitor_config.cc:398] [aorta]run in  mode
I0827 00:46:36.028256 1328696 message_monitor_config.cc:731] [aorta]message monitor is updated from /home/agi/app/conf/aorta/function/aorta_monitor_conf.json
I0827 00:46:36.029443 1328696 discovery_factory.cc:14] [aorta]type:1, host:10.42.0.101, port:2379, ttl:15, minor_cycle:100, major_cycle:3
I0827 00:46:36.029992 1328696 config.cc:53] [aorta]AORTA_IP_MASK not set.
I0827 00:46:36.030002 1328696 discovery.cc:245] [aorta]get ip masks empty.
I0827 00:46:36.030014 1328696 config.cc:200] [aorta]AORTA_EXTRA_LOCAL_IPS not set.
I0827 00:46:36.030017 1328696 discovery.cc:266] [aorta]local_publisher_ips_ empty.
I0827 00:46:36.030040 1328696 config.cc:124] [aorta]ip match, ip:127.0.0.1
I0827 00:46:36.030050 1328696 discovery.cc:275] [aorta]default emplace ip:10.42.0.101
I0827 00:46:36.030052 1328696 discovery.cc:275] [aorta]default emplace ip:10.42.12.101
I0827 00:46:36.030055 1328696 discovery.cc:275] [aorta]default emplace ip:10.42.1.101
I0827 00:46:36.030058 1328696 discovery.cc:275] [aorta]default emplace ip:10.42.6.101
I0827 00:46:36.030061 1328696 discovery.cc:275] [aorta]default emplace ip:192.168.1.101
I0827 00:46:36.030063 1328696 discovery.cc:275] [aorta]default emplace ip:10.42.30.101
I0827 00:46:36.030066 1328696 discovery.cc:275] [aorta]default emplace ip:10.42.40.101
I0827 00:46:36.030069 1328696 discovery.cc:275] [aorta]default emplace ip:10.20.15.199
I0827 00:46:36.030072 1328696 discovery.cc:275] [aorta]default emplace ip:10.42.6.101
I0827 00:46:36.030076 1328696 centralized_discovery.cc:55] [aorta]lease_ttl_:15
I0827 00:46:36.030572 1328696 aorta_component.cpp:561] [cosine_internal][AortaComponent] aorta create domain success. uri:http://10.42.0.101:2379
I0827 00:46:36.030766 1328696 aorta_component.cpp:447] [cosine_internal][AortaComponent] aorta domain created node: python3.10_S1 , domain_uri:http://10.42.0.101:2379
I0827 00:46:36.030776 1328696 aorta_component.cpp:126] [cosine_internal][AortaComponent] aorta component init success. node:python3.10_S1, uri:http://10.42.0.101:2379, locator_kind(1:shm,2:tcp,3:udp):2, locator_ip:10.42.0.101, locator_port:0, aorta_dispatcher_thread_num:1
I0827 00:46:36.031052 1328739 processor.cpp:40] [cosine_internal]processor_tid: 1328739
I0827 00:46:36.032514 1328752 executor_impl.cc:91] [aorta]aorta-dispatch0 start spinning
I0827 00:46:36.048273 1328751 centralized_discovery.cc:1110] [aorta]poll thread: revision:2636
I0827 00:46:36.048389 1328751 centralized_discovery.cc:1123] [aorta]inotify_fd_:15 inotify_watch_:1 inotify_watch_path:/home/agi/app/conf/aorta/function
I0827 00:46:36.050462 1328751 centralized_discovery.cc:615] [aorta]grant lease for node python3.10_S1 lease_id = 7587889064995182238
I0827 00:46:36.051716 1328751 watch_state.cc:54] [aorta]watch connect success.
I0827 00:46:36.052742 1328751 centralized_discovery.cc:1615] [aorta]recv watch response created.
I0827 00:46:36.087824 1328696 cosine_bus_manager.cpp:294] [cosine_internal][CosineBusManager] create publisher. topic name:/gdk/config_request , middleware:aorta
I0827 00:46:36.088560 1328696 tcp_publisher.cc:179] [aorta]topic /gdk/config_request, pub_queue_size_ 5, latch_queue_size_ 0
I0827 00:46:36.088758 1328771 tcp_socket_server.cc:200] [aorta]The ip info is0.0.0.0:43219
I0827 00:46:36.088881 1328771 shm_socket_server.cc:101] [aorta][/gdk/config_request] bind at pipe sock name d2379|python3.10|p1328696|n0|/gdk/config_request|p0
I0827 00:46:36.088972 1328696 node_impl.cc:198] [aorta]CreatePublisher, host:0.0.0.0, port:43219, sockname:d2379|python3.10|p1328696|n0|/gdk/config_request|p0, topic:/gdk/config_request, uid:698f94be-3b6d-47d5-8eea-4a88b1b573e2-4991715019463590898 topic_uid:-1
I0827 00:46:36.089007 1328696 aorta_component.cpp:394] [cosine_internal][AortaComponent] aorta node create publisher. node: python3.10_S1, topic:/gdk/config_request, type:genie_msgs.msg.pb.CommonRequest, qos:(history:1, depth:5, reliability:1, durability:2), uri:http://10.42.0.101:2379
I0827 00:46:36.089047 1328696 aorta_publisher.cpp:119] [cosine_internal][AortaPublisher] publisher initialize. topic:/gdk/config_request, uri:
I0827 00:46:36.089061 1328696 dylog_impl.cpp:293] [DYLOG] register dsd_name : dylog/python3.10/GDK
I0827 00:46:36.089073 1328751 centralized_discovery.cc:681] [aorta]publisher uid:698f94be-3b6d-47d5-8eea-4a88b1b573e2-4991715019463590898 topic:/gdk/config_request
I0827 00:46:36.089100 1328696 publisher.cpp:27] [GDK]create publisher: /gdk/config_request type: genie_msgs.msg.pb.CommonRequest qos: 1 1 5 2
I0827 00:46:36.089124 1328696 cosine_bus_manager.cpp:294] [cosine_internal][CosineBusManager] create publisher. topic name:/gdk/camera_conf_request , middleware:aorta
I0827 00:46:36.089537 1328696 tcp_publisher.cc:179] [aorta]topic /gdk/camera_conf_request, pub_queue_size_ 5, latch_queue_size_ 0
I0827 00:46:36.089617 1328771 tcp_socket_server.cc:200] [aorta]The ip info is0.0.0.0:38743
I0827 00:46:36.089694 1328771 shm_socket_server.cc:101] [aorta][/gdk/camera_conf_request] bind at pipe sock name d2379|python3.10|p1328696|n0|/gdk/camera_conf_request|p1
I0827 00:46:36.089746 1328696 node_impl.cc:198] [aorta]CreatePublisher, host:0.0.0.0, port:38743, sockname:d2379|python3.10|p1328696|n0|/gdk/camera_conf_request|p1, topic:/gdk/camera_conf_request, uid:851cd390-9d9d-416f-9f6d-881cc691d943-9117180461459404870 topic_uid:-1
I0827 00:46:36.089767 1328696 aorta_component.cpp:394] [cosine_internal][AortaComponent] aorta node create publisher. node: python3.10_S1, topic:/gdk/camera_conf_request, type:genie_msgs.msg.pb.CommonRequest, qos:(history:1, depth:5, reliability:1, durability:2), uri:http://10.42.0.101:2379
I0827 00:46:36.089797 1328696 aorta_publisher.cpp:119] [cosine_internal][AortaPublisher] publisher initialize. topic:/gdk/camera_conf_request, uri:
I0827 00:46:36.089804 1328696 publisher.cpp:27] [GDK]create publisher: /gdk/camera_conf_request type: genie_msgs.msg.pb.CommonRequest qos: 1 1 5 2
I0827 00:46:36.089821 1328696 cosine_bus_manager.cpp:400] [cosine_internal][CosineBusManager] create subscriber. topic name:/gdk/config_response , middleware:aorta , need async callback:0, frame_skip_rate:1
I0827 00:46:36.089833 1328696 aorta_component.cpp:174] [cosine_internal][AortaComponent] callback_name:/gdk/config_responsehttp://10.42.0.101:2379
I0827 00:46:36.089905 1328696 dynamic_object.cpp:521] [cosine_internal][DynamicObject] open  success.
I0827 00:46:36.090075 1328696 buffered_data_export.cpp:115] [cosine_internal]successfully create buffer [bus_buffer___gdk__config_response, type genie_msgs.msg.pb.CommonResponse, block num 5, valid_time 0, transfer_type 0, data_size 0, mem_type 0, lib_name , ext_data_size 0, is_protobuf 1, enable_event_sync_subscriber 0], buffer id = 1
I0827 00:46:36.090098 1328696 cosine_bus_message_buffer.cpp:45] [cosine_internal][CosineBusMessageBuffer] create buffer success. name:bus_buffer___gdk__config_response, type:genie_msgs.msg.pb.CommonResponse, size:5
I0827 00:46:36.090181 1328696 node_impl.cc:344] [aorta]CreateSubscriber topic:/gdk/config_response, uid:b7b8518a-38cd-4077-b657-4ea383e52ab5-9533047780102618842 topic_uid:-1
I0827 00:46:36.090746 1328696 aorta_component.cpp:326] [cosine_internal][AortaComponent] aorta node create subscriber. node: python3.10_S1, topic:/gdk/config_response, type:genie_msgs.msg.pb.CommonResponse, qos:(history:1, depth:5, reliability:1, durability:2), uri:http://10.42.0.101:2379
I0827 00:46:36.090760 1328696 aorta_subscriber.hpp:96] [cosine_internal][AortaSubscriber] initial. topic:/gdk/config_response, uri:
I0827 00:46:36.090775 1328696 cosine_bus_manager.cpp:400] [cosine_internal][CosineBusManager] create subscriber. topic name:/gdk/camera_conf_response , middleware:aorta , need async callback:0, frame_skip_rate:1
I0827 00:46:36.090781 1328696 aorta_component.cpp:174] [cosine_internal][AortaComponent] callback_name:/gdk/camera_conf_responsehttp://10.42.0.101:2379
I0827 00:46:36.090824 1328696 buffered_data_export.cpp:115] [cosine_internal]successfully create buffer [bus_buffer___gdk__camera_conf_response, type genie_msgs.msg.pb.CommonResponse, block num 5, valid_time 0, transfer_type 0, data_size 0, mem_type 0, lib_name , ext_data_size 0, is_protobuf 1, enable_event_sync_subscriber 0], buffer id = 2
I0827 00:46:36.090837 1328696 cosine_bus_message_buffer.cpp:45] [cosine_internal][CosineBusMessageBuffer] create buffer success. name:bus_buffer___gdk__camera_conf_response, type:genie_msgs.msg.pb.CommonResponse, size:5
I0827 00:46:36.090911 1328696 node_impl.cc:344] [aorta]CreateSubscriber topic:/gdk/camera_conf_response, uid:7572d5ce-782c-46f0-bf88-49619eff55c2-3551884323222435368 topic_uid:-1
I0827 00:46:36.091490 1328696 aorta_component.cpp:326] [cosine_internal][AortaComponent] aorta node create subscriber. node: python3.10_S1, topic:/gdk/camera_conf_response, type:genie_msgs.msg.pb.CommonResponse, qos:(history:1, depth:5, reliability:1, durability:2), uri:http://10.42.0.101:2379
I0827 00:46:36.091504 1328696 aorta_subscriber.hpp:96] [cosine_internal][AortaSubscriber] initial. topic:/gdk/camera_conf_response, uri:
I0827 00:46:36.091581 1328696 cosine_bus_manager.cpp:400] [cosine_internal][CosineBusManager] create subscriber. topic name:/pnc/task_state , middleware:aorta , need async callback:0, frame_skip_rate:1
I0827 00:46:36.091882 1328696 aorta_component.cpp:174] [cosine_internal][AortaComponent] callback_name:/pnc/task_statehttp://10.42.0.101:2379
I0827 00:46:36.092113 1328751 centralized_discovery.cc:681] [aorta]publisher uid:851cd390-9d9d-416f-9f6d-881cc691d943-9117180461459404870 topic:/gdk/camera_conf_request
I0827 00:46:36.092443 1328696 buffered_data_export.cpp:115] [cosine_internal]successfully create buffer [bus_buffer___pnc__task_state, type pnc_msgs.TaskState, block num 5, valid_time 0, transfer_type 0, data_size 0, mem_type 0, lib_name , ext_data_size 0, is_protobuf 1, enable_event_sync_subscriber 0], buffer id = 3
I0827 00:46:36.092463 1328696 cosine_bus_message_buffer.cpp:45] [cosine_internal][CosineBusMessageBuffer] create buffer success. name:bus_buffer___pnc__task_state, type:pnc_msgs.TaskState, size:5
I0827 00:46:36.092566 1328696 node_impl.cc:344] [aorta]CreateSubscriber topic:/pnc/task_state, uid:58410602-3943-4018-9e0c-d3805fc26b3d-9096530589114119892 topic_uid:-1
I0827 00:46:36.092952 1328696 aorta_component.cpp:326] [cosine_internal][AortaComponent] aorta node create subscriber. node: python3.10_S1, topic:/pnc/task_state, type:pnc_msgs.TaskState, qos:(history:1, depth:5, reliability:1, durability:2), uri:http://10.42.0.101:2379
I0827 00:46:36.092964 1328696 aorta_subscriber.hpp:96] [cosine_internal][AortaSubscriber] initial. topic:/pnc/task_state, uri:
I0827 00:46:36.092994 1328696 cosine_bus_manager.cpp:400] [cosine_internal][CosineBusManager] create subscriber. topic name:/pnc/task_service/normal_navigation/response , middleware:aorta , need async callback:0, frame_skip_rate:1
I0827 00:46:36.093001 1328696 aorta_component.cpp:174] [cosine_internal][AortaComponent] callback_name:/pnc/task_service/normal_navigation/responsehttp://10.42.0.101:2379
I0827 00:46:36.093047 1328696 buffered_data_export.cpp:115] [cosine_internal]successfully create buffer [bus_buffer___pnc__task_service__normal_navigation__response, type pnc_msgs.NormalNavigationResponse, block num 5, valid_time 0, transfer_type 0, data_size 0, mem_type 0, lib_name , ext_data_size 0, is_protobuf 1, enable_event_sync_subscriber 0], buffer id = 4
I0827 00:46:36.093060 1328696 cosine_bus_message_buffer.cpp:45] [cosine_internal][CosineBusMessageBuffer] create buffer success. name:bus_buffer___pnc__task_service__normal_navigation__response, type:pnc_msgs.NormalNavigationResponse, size:5
I0827 00:46:36.093140 1328696 node_impl.cc:344] [aorta]CreateSubscriber topic:/pnc/task_service/normal_navigation/response, uid:aa1927eb-f64e-47ba-8f96-6b05baed5802-7227396448010854466 topic_uid:-1
I0827 00:46:36.093521 1328696 aorta_component.cpp:326] [cosine_internal][AortaComponent] aorta node create subscriber. node: python3.10_S1, topic:/pnc/task_service/normal_navigation/response, type:pnc_msgs.NormalNavigationResponse, qos:(history:1, depth:5, reliability:1, durability:2), uri:http://10.42.0.101:2379
I0827 00:46:36.093531 1328696 aorta_subscriber.hpp:96] [cosine_internal][AortaSubscriber] initial. topic:/pnc/task_service/normal_navigation/response, uri:
I0827 00:46:36.093544 1328696 cosine_bus_manager.cpp:400] [cosine_internal][CosineBusManager] create subscriber. topic name:/pnc/task_service/high_precision_navigation/response , middleware:aorta , need async callback:0, frame_skip_rate:1
I0827 00:46:36.093555 1328696 aorta_component.cpp:174] [cosine_internal][AortaComponent] callback_name:/pnc/task_service/high_precision_navigation/responsehttp://10.42.0.101:2379
I0827 00:46:36.093590 1328696 buffered_data_export.cpp:115] [cosine_internal]successfully create buffer [bus_buffer___pnc__task_service__high_precision_navigation__response, type pnc_msgs.HighPrecisionNavigationResponse, block num 5, valid_time 0, transfer_type 0, data_size 0, mem_type 0, lib_name , ext_data_size 0, is_protobuf 1, enable_event_sync_subscriber 0], buffer id = 5
I0827 00:46:36.093602 1328696 cosine_bus_message_buffer.cpp:45] [cosine_internal][CosineBusMessageBuffer] create buffer success. name:bus_buffer___pnc__task_service__high_precision_navigation__response, type:pnc_msgs.HighPrecisionNavigationResponse, size:5
I0827 00:46:36.093713 1328696 node_impl.cc:344] [aorta]CreateSubscriber topic:/pnc/task_service/high_precision_navigation/response, uid:741c453f-e8c6-4dde-af4b-979968118f92-4701876173029784314 topic_uid:-1
I0827 00:46:36.094105 1328696 aorta_component.cpp:326] [cosine_internal][AortaComponent] aorta node create subscriber. node: python3.10_S1, topic:/pnc/task_service/high_precision_navigation/response, type:pnc_msgs.HighPrecisionNavigationResponse, qos:(history:1, depth:5, reliability:1, durability:2), uri:http://10.42.0.101:2379
I0827 00:46:36.094115 1328696 aorta_subscriber.hpp:96] [cosine_internal][AortaSubscriber] initial. topic:/pnc/task_service/high_precision_navigation/response, uri:
I0827 00:46:36.094126 1328696 cosine_bus_manager.cpp:400] [cosine_internal][CosineBusManager] create subscriber. topic name:/pnc/task_service/relative_move/response , middleware:aorta , need async callback:0, frame_skip_rate:1
I0827 00:46:36.094132 1328696 aorta_component.cpp:174] [cosine_internal][AortaComponent] callback_name:/pnc/task_service/relative_move/responsehttp://10.42.0.101:2379
I0827 00:46:36.094164 1328696 buffered_data_export.cpp:115] [cosine_internal]successfully create buffer [bus_buffer___pnc__task_service__relative_move__response, type pnc_msgs.RelativeMoveResponse, block num 5, valid_time 0, transfer_type 0, data_size 0, mem_type 0, lib_name , ext_data_size 0, is_protobuf 1, enable_event_sync_subscriber 0], buffer id = 6
I0827 00:46:36.094177 1328696 cosine_bus_message_buffer.cpp:45] [cosine_internal][CosineBusMessageBuffer] create buffer success. name:bus_buffer___pnc__task_service__relative_move__response, type:pnc_msgs.RelativeMoveResponse, size:5
I0827 00:46:36.094245 1328696 node_impl.cc:344] [aorta]CreateSubscriber topic:/pnc/task_service/relative_move/response, uid:182e0d5c-98a0-4c9f-bd89-3681b1a91c1c-4077207897147431090 topic_uid:-1
I0827 00:46:36.094630 1328696 aorta_component.cpp:326] [cosine_internal][AortaComponent] aorta node create subscriber. node: python3.10_S1, topic:/pnc/task_service/relative_move/response, type:pnc_msgs.RelativeMoveResponse, qos:(history:1, depth:5, reliability:1, durability:2), uri:http://10.42.0.101:2379
I0827 00:46:36.094640 1328696 aorta_subscriber.hpp:96] [cosine_internal][AortaSubscriber] initial. topic:/pnc/task_service/relative_move/response, uri:
I0827 00:46:36.094661 1328696 cosine_bus_manager.cpp:400] [cosine_internal][CosineBusManager] create subscriber. topic name:/pnc/task_service/task_cancel/response , middleware:aorta , need async callback:0, frame_skip_rate:1
I0827 00:46:36.094681 1328696 aorta_component.cpp:174] [cosine_internal][AortaComponent] callback_name:/pnc/task_service/task_cancel/responsehttp://10.42.0.101:2379
I0827 00:46:36.094717 1328696 buffered_data_export.cpp:115] [cosine_internal]successfully create buffer [bus_buffer___pnc__task_service__task_cancel__response, type pnc_msgs.TaskCancelResponse, block num 5, valid_time 0, transfer_type 0, data_size 0, mem_type 0, lib_name , ext_data_size 0, is_protobuf 1, enable_event_sync_subscriber 0], buffer id = 7
I0827 00:46:36.094729 1328696 cosine_bus_message_buffer.cpp:45] [cosine_internal][CosineBusMessageBuffer] create buffer success. name:bus_buffer___pnc__task_service__task_cancel__response, type:pnc_msgs.TaskCancelResponse, size:5
I0827 00:46:36.094816 1328696 node_impl.cc:344] [aorta]CreateSubscriber topic:/pnc/task_service/task_cancel/response, uid:f8de8a77-00d7-404e-8dd8-abf0c38f2fd7-3654631836754090917 topic_uid:-1
I0827 00:46:36.094991 1328751 centralized_discovery.cc:733] [aorta]subscriber uid:b7b8518a-38cd-4077-b657-4ea383e52ab5-9533047780102618842 topic:/gdk/config_response
I0827 00:46:36.095393 1328696 aorta_component.cpp:326] [cosine_internal][AortaComponent] aorta node create subscriber. node: python3.10_S1, topic:/pnc/task_service/task_cancel/response, type:pnc_msgs.TaskCancelResponse, qos:(history:1, depth:5, reliability:1, durability:2), uri:http://10.42.0.101:2379
I0827 00:46:36.095407 1328696 aorta_subscriber.hpp:96] [cosine_internal][AortaSubscriber] initial. topic:/pnc/task_service/task_cancel/response, uri:
I0827 00:46:36.095420 1328696 cosine_bus_manager.cpp:400] [cosine_internal][CosineBusManager] create subscriber. topic name:/pnc/task_service/task_pause/response , middleware:aorta , need async callback:0, frame_skip_rate:1
I0827 00:46:36.095427 1328696 aorta_component.cpp:174] [cosine_internal][AortaComponent] callback_name:/pnc/task_service/task_pause/responsehttp://10.42.0.101:2379
I0827 00:46:36.095481 1328696 buffered_data_export.cpp:115] [cosine_internal]successfully create buffer [bus_buffer___pnc__task_service__task_pause__response, type pnc_msgs.TaskPauseResponse, block num 5, valid_time 0, transfer_type 0, data_size 0, mem_type 0, lib_name , ext_data_size 0, is_protobuf 1, enable_event_sync_subscriber 0], buffer id = 8
I0827 00:46:36.095496 1328696 cosine_bus_message_buffer.cpp:45] [cosine_internal][CosineBusMessageBuffer] create buffer success. name:bus_buffer___pnc__task_service__task_pause__response, type:pnc_msgs.TaskPauseResponse, size:5
I0827 00:46:36.095582 1328696 node_impl.cc:344] [aorta]CreateSubscriber topic:/pnc/task_service/task_pause/response, uid:4ba3d070-fc20-4d1d-97ee-064087ad5af9-4995236092065324733 topic_uid:-1
I0827 00:46:36.095992 1328696 aorta_component.cpp:326] [cosine_internal][AortaComponent] aorta node create subscriber. node: python3.10_S1, topic:/pnc/task_service/task_pause/response, type:pnc_msgs.TaskPauseResponse, qos:(history:1, depth:5, reliability:1, durability:2), uri:http://10.42.0.101:2379
I0827 00:46:36.096001 1328696 aorta_subscriber.hpp:96] [cosine_internal][AortaSubscriber] initial. topic:/pnc/task_service/task_pause/response, uri:
I0827 00:46:36.096017 1328696 cosine_bus_manager.cpp:400] [cosine_internal][CosineBusManager] create subscriber. topic name:/pnc/task_service/task_resume/response , middleware:aorta , need async callback:0, frame_skip_rate:1
I0827 00:46:36.096024 1328696 aorta_component.cpp:174] [cosine_internal][AortaComponent] callback_name:/pnc/task_service/task_resume/responsehttp://10.42.0.101:2379
I0827 00:46:36.096055 1328696 buffered_data_export.cpp:115] [cosine_internal]successfully create buffer [bus_buffer___pnc__task_service__task_resume__response, type pnc_msgs.TaskResumeResponse, block num 5, valid_time 0, transfer_type 0, data_size 0, mem_type 0, lib_name , ext_data_size 0, is_protobuf 1, enable_event_sync_subscriber 0], buffer id = 9
I0827 00:46:36.096068 1328696 cosine_bus_message_buffer.cpp:45] [cosine_internal][CosineBusMessageBuffer] create buffer success. name:bus_buffer___pnc__task_service__task_resume__response, type:pnc_msgs.TaskResumeResponse, size:5
I0827 00:46:36.096139 1328696 node_impl.cc:344] [aorta]CreateSubscriber topic:/pnc/task_service/task_resume/response, uid:07c66df1-e941-4a61-8e3c-19bc4349c818-16859347558940246081 topic_uid:-1
I0827 00:46:36.096447 1328773 shm_subscriber.cc:120] [aorta]subscriber connect to publisher success, topic /gdk/config_response, local d2379|python3.10|p1328696|n0|s0|c0, peer d2379|gdk_service|p9011|n0|/gdk/config_response|p0
I0827 00:46:36.096534 1328696 aorta_component.cpp:326] [cosine_internal][AortaComponent] aorta node create subscriber. node: python3.10_S1, topic:/pnc/task_service/task_resume/response, type:pnc_msgs.TaskResumeResponse, qos:(history:1, depth:5, reliability:1, durability:2), uri:http://10.42.0.101:2379
I0827 00:46:36.096545 1328696 aorta_subscriber.hpp:96] [cosine_internal][AortaSubscriber] initial. topic:/pnc/task_service/task_resume/response, uri:
I0827 00:46:36.096549 1328751 centralized_discovery.cc:733] [aorta]subscriber uid:7572d5ce-782c-46f0-bf88-49619eff55c2-3551884323222435368 topic:/gdk/camera_conf_response
I0827 00:46:36.096557 1328696 cosine_bus_manager.cpp:400] [cosine_internal][CosineBusManager] create subscriber. topic name:/pnc/task_service/remote_control/response , middleware:aorta , need async callback:0, frame_skip_rate:1
I0827 00:46:36.096565 1328696 aorta_component.cpp:174] [cosine_internal][AortaComponent] callback_name:/pnc/task_service/remote_control/responsehttp://10.42.0.101:2379
I0827 00:46:36.096611 1328696 buffered_data_export.cpp:115] [cosine_internal]successfully create buffer [bus_buffer___pnc__task_service__remote_control__response, type pnc_msgs.RemoteControlResponse, block num 5, valid_time 0, transfer_type 0, data_size 0, mem_type 0, lib_name , ext_data_size 0, is_protobuf 1, enable_event_sync_subscriber 0], buffer id = 10
I0827 00:46:36.096623 1328696 cosine_bus_message_buffer.cpp:45] [cosine_internal][CosineBusMessageBuffer] create buffer success. name:bus_buffer___pnc__task_service__remote_control__response, type:pnc_msgs.RemoteControlResponse, size:5
I0827 00:46:36.096696 1328696 node_impl.cc:344] [aorta]CreateSubscriber topic:/pnc/task_service/remote_control/response, uid:2d7e7ae3-a2e5-4004-9ec4-966400fbe119-11583863028842959166 topic_uid:-1
I0827 00:46:36.097085 1328696 aorta_component.cpp:326] [cosine_internal][AortaComponent] aorta node create subscriber. node: python3.10_S1, topic:/pnc/task_service/remote_control/response, type:pnc_msgs.RemoteControlResponse, qos:(history:1, depth:5, reliability:1, durability:2), uri:http://10.42.0.101:2379
I0827 00:46:36.097095 1328696 aorta_subscriber.hpp:96] [cosine_internal][AortaSubscriber] initial. topic:/pnc/task_service/remote_control/response, uri:
I0827 00:46:36.097114 1328696 cosine_bus_manager.cpp:294] [cosine_internal][CosineBusManager] create publisher. topic name:/pnc/task_service/normal_navigation/request , middleware:aorta
I0827 00:46:36.097434 1328773 shm_subscriber.cc:120] [aorta]subscriber connect to publisher success, topic /gdk/camera_conf_response, local d2379|python3.10|p1328696|n0|s1|c0, peer d2379|gdk_service|p9011|n0|/gdk/camera_conf_response|p1
I0827 00:46:36.097525 1328696 tcp_publisher.cc:179] [aorta]topic /pnc/task_service/normal_navigation/request, pub_queue_size_ 5, latch_queue_size_ 0
I0827 00:46:36.097600 1328751 centralized_discovery.cc:733] [aorta]subscriber uid:58410602-3943-4018-9e0c-d3805fc26b3d-9096530589114119892 topic:/pnc/task_state
I0827 00:46:36.097615 1328771 tcp_socket_server.cc:200] [aorta]The ip info is0.0.0.0:43065
I0827 00:46:36.097800 1328771 shm_socket_server.cc:101] [aorta][/pnc/task_service/normal_navigation/request] bind at pipe sock name d2379|python3.10|p1328696|n0|..task_service/normal_navigation/request|p2
I0827 00:46:36.097936 1328696 node_impl.cc:198] [aorta]CreatePublisher, host:0.0.0.0, port:43065, sockname:d2379|python3.10|p1328696|n0|..task_service/normal_navigation/request|p2, topic:/pnc/task_service/normal_navigation/request, uid:77af2651-bbbe-4b7e-9c23-be3e972e5af8-11863888217293896894 topic_uid:-1
I0827 00:46:36.097963 1328696 aorta_component.cpp:394] [cosine_internal][AortaComponent] aorta node create publisher. node: python3.10_S1, topic:/pnc/task_service/normal_navigation/request, type:pnc_msgs.NormalNavigationRequest, qos:(history:1, depth:5, reliability:1, durability:2), uri:http://10.42.0.101:2379
I0827 00:46:36.098002 1328696 aorta_publisher.cpp:119] [cosine_internal][AortaPublisher] publisher initialize. topic:/pnc/task_service/normal_navigation/request, uri:
I0827 00:46:36.098011 1328696 publisher.cpp:27] [GDK]create publisher: /pnc/task_service/normal_navigation/request type: pnc_msgs.NormalNavigationRequest qos: 1 1 5 2
I0827 00:46:36.098031 1328696 cosine_bus_manager.cpp:294] [cosine_internal][CosineBusManager] create publisher. topic name:/pnc/task_service/high_precision_navigation/request , middleware:aorta
I0827 00:46:36.098457 1328696 tcp_publisher.cc:179] [aorta]topic /pnc/task_service/high_precision_navigation/request, pub_queue_size_ 5, latch_queue_size_ 0
I0827 00:46:36.098536 1328771 tcp_socket_server.cc:200] [aorta]The ip info is0.0.0.0:36381
I0827 00:46:36.098616 1328771 shm_socket_server.cc:101] [aorta][/pnc/task_service/high_precision_navigation/request] bind at pipe sock name d2379|python3.10|p1328696|n0|..vice/high_precision_navigation/request|p3
I0827 00:46:36.098698 1328696 node_impl.cc:198] [aorta]CreatePublisher, host:0.0.0.0, port:36381, sockname:d2379|python3.10|p1328696|n0|..vice/high_precision_navigation/request|p3, topic:/pnc/task_service/high_precision_navigation/request, uid:542853e5-99a2-490a-b3f4-34aa1259cc89-13581583299462652003 topic_uid:-1
I0827 00:46:36.098716 1328773 shm_subscriber.cc:120] [aorta]subscriber connect to publisher success, topic /pnc/task_state, local d2379|python3.10|p1328696|n0|s2|c0, peer d2379|quark_navigation|p329956|n0|/pnc/task_state|p24
I0827 00:46:36.098722 1328696 aorta_component.cpp:394] [cosine_internal][AortaComponent] aorta node create publisher. node: python3.10_S1, topic:/pnc/task_service/high_precision_navigation/request, type:pnc_msgs.HighPrecisionNavigationRequest, qos:(history:1, depth:5, reliability:1, durability:2), uri:http://10.42.0.101:2379
I0827 00:46:36.098798 1328751 centralized_discovery.cc:733] [aorta]subscriber uid:aa1927eb-f64e-47ba-8f96-6b05baed5802-7227396448010854466 topic:/pnc/task_service/normal_navigation/response
I0827 00:46:36.098754 1328696 aorta_publisher.cpp:119] [cosine_internal][AortaPublisher] publisher initialize. topic:/pnc/task_service/high_precision_navigation/request, uri:
I0827 00:46:36.098881 1328696 publisher.cpp:27] [GDK]create publisher: /pnc/task_service/high_precision_navigation/request type: pnc_msgs.HighPrecisionNavigationRequest qos: 1 1 5 2
I0827 00:46:36.098898 1328696 cosine_bus_manager.cpp:294] [cosine_internal][CosineBusManager] create publisher. topic name:/pnc/task_service/relative_move/request , middleware:aorta
I0827 00:46:36.099327 1328696 tcp_publisher.cc:179] [aorta]topic /pnc/task_service/relative_move/request, pub_queue_size_ 5, latch_queue_size_ 0
I0827 00:46:36.099407 1328771 tcp_socket_server.cc:200] [aorta]The ip info is0.0.0.0:34601
I0827 00:46:36.099500 1328771 shm_socket_server.cc:101] [aorta][/pnc/task_service/relative_move/request] bind at pipe sock name d2379|python3.10|p1328696|n0|/pnc/task_service/relative_move/request|p4
I0827 00:46:36.099568 1328696 node_impl.cc:198] [aorta]CreatePublisher, host:0.0.0.0, port:34601, sockname:d2379|python3.10|p1328696|n0|/pnc/task_service/relative_move/request|p4, topic:/pnc/task_service/relative_move/request, uid:a3ef3ea8-a2d2-4850-b841-c7e6571a00ba-1499998713038698463 topic_uid:-1
I0827 00:46:36.099592 1328696 aorta_component.cpp:394] [cosine_internal][AortaComponent] aorta node create publisher. node: python3.10_S1, topic:/pnc/task_service/relative_move/request, type:pnc_msgs.RelativeMoveRequest, qos:(history:1, depth:5, reliability:1, durability:2), uri:http://10.42.0.101:2379
I0827 00:46:36.099599 1328773 shm_subscriber.cc:120] [aorta]subscriber connect to publisher success, topic /pnc/task_service/normal_navigation/response, local d2379|python3.10|p1328696|n0|s3|c0, peer d2379|quark_navigation|p329956|n0|..ask_service/normal_navigation/response|p11
I0827 00:46:36.099634 1328696 aorta_publisher.cpp:119] [cosine_internal][AortaPublisher] publisher initialize. topic:/pnc/task_service/relative_move/request, uri:
I0827 00:46:36.099643 1328696 publisher.cpp:27] [GDK]create publisher: /pnc/task_service/relative_move/request type: pnc_msgs.RelativeMoveRequest qos: 1 1 5 2
I0827 00:46:36.099659 1328696 cosine_bus_manager.cpp:294] [cosine_internal][CosineBusManager] create publisher. topic name:/pnc/task_service/task_cancel/request , middleware:aorta
I0827 00:46:36.099660 1328751 centralized_discovery.cc:733] [aorta]subscriber uid:741c453f-e8c6-4dde-af4b-979968118f92-4701876173029784314 topic:/pnc/task_service/high_precision_navigation/response
I0827 00:46:36.100087 1328696 tcp_publisher.cc:179] [aorta]topic /pnc/task_service/task_cancel/request, pub_queue_size_ 5, latch_queue_size_ 0
I0827 00:46:36.100140 1328771 tcp_socket_server.cc:200] [aorta]The ip info is0.0.0.0:36815
I0827 00:46:36.100196 1328771 shm_socket_server.cc:101] [aorta][/pnc/task_service/task_cancel/request] bind at pipe sock name d2379|python3.10|p1328696|n0|/pnc/task_service/task_cancel/request|p5
I0827 00:46:36.100252 1328696 node_impl.cc:198] [aorta]CreatePublisher, host:0.0.0.0, port:36815, sockname:d2379|python3.10|p1328696|n0|/pnc/task_service/task_cancel/request|p5, topic:/pnc/task_service/task_cancel/request, uid:b6604335-7a82-465f-a012-4775f9e1b195-10250913672907467700 topic_uid:-1
I0827 00:46:36.100270 1328696 aorta_component.cpp:394] [cosine_internal][AortaComponent] aorta node create publisher. node: python3.10_S1, topic:/pnc/task_service/task_cancel/request, type:pnc_msgs.TaskCancelRequest, qos:(history:1, depth:5, reliability:1, durability:2), uri:http://10.42.0.101:2379
I0827 00:46:36.100298 1328696 aorta_publisher.cpp:119] [cosine_internal][AortaPublisher] publisher initialize. topic:/pnc/task_service/task_cancel/request, uri:
I0827 00:46:36.100304 1328696 publisher.cpp:27] [GDK]create publisher: /pnc/task_service/task_cancel/request type: pnc_msgs.TaskCancelRequest qos: 1 1 5 2
I0827 00:46:36.100323 1328696 cosine_bus_manager.cpp:294] [cosine_internal][CosineBusManager] create publisher. topic name:/pnc/task_service/task_pause/request , middleware:aorta
I0827 00:46:36.100591 1328773 shm_subscriber.cc:120] [aorta]subscriber connect to publisher success, topic /pnc/task_service/high_precision_navigation/response, local d2379|python3.10|p1328696|n0|s4|c0, peer d2379|quark_navigation|p329956|n0|..ice/high_precision_navigation/response|p12
I0827 00:46:36.100646 1328751 centralized_discovery.cc:733] [aorta]subscriber uid:182e0d5c-98a0-4c9f-bd89-3681b1a91c1c-4077207897147431090 topic:/pnc/task_service/relative_move/response
I0827 00:46:36.100734 1328696 tcp_publisher.cc:179] [aorta]topic /pnc/task_service/task_pause/request, pub_queue_size_ 5, latch_queue_size_ 0
I0827 00:46:36.100806 1328771 tcp_socket_server.cc:200] [aorta]The ip info is0.0.0.0:33625
I0827 00:46:36.100932 1328771 shm_socket_server.cc:101] [aorta][/pnc/task_service/task_pause/request] bind at pipe sock name d2379|python3.10|p1328696|n0|/pnc/task_service/task_pause/request|p6
I0827 00:46:36.101022 1328696 node_impl.cc:198] [aorta]CreatePublisher, host:0.0.0.0, port:33625, sockname:d2379|python3.10|p1328696|n0|/pnc/task_service/task_pause/request|p6, topic:/pnc/task_service/task_pause/request, uid:1816580a-9bd4-45bb-b346-686c02765b9d-2366368184012060648 topic_uid:-1
I0827 00:46:36.101045 1328696 aorta_component.cpp:394] [cosine_internal][AortaComponent] aorta node create publisher. node: python3.10_S1, topic:/pnc/task_service/task_pause/request, type:pnc_msgs.TaskPauseRequest, qos:(history:1, depth:5, reliability:1, durability:2), uri:http://10.42.0.101:2379
I0827 00:46:36.101078 1328696 aorta_publisher.cpp:119] [cosine_internal][AortaPublisher] publisher initialize. topic:/pnc/task_service/task_pause/request, uri:
I0827 00:46:36.101086 1328696 publisher.cpp:27] [GDK]create publisher: /pnc/task_service/task_pause/request type: pnc_msgs.TaskPauseRequest qos: 1 1 5 2
I0827 00:46:36.101100 1328696 cosine_bus_manager.cpp:294] [cosine_internal][CosineBusManager] create publisher. topic name:/pnc/task_service/task_resume/request , middleware:aorta
I0827 00:46:36.101506 1328696 tcp_publisher.cc:179] [aorta]topic /pnc/task_service/task_resume/request, pub_queue_size_ 5, latch_queue_size_ 0
I0827 00:46:36.101559 1328771 tcp_socket_server.cc:200] [aorta]The ip info is0.0.0.0:43745
I0827 00:46:36.101615 1328771 shm_socket_server.cc:101] [aorta][/pnc/task_service/task_resume/request] bind at pipe sock name d2379|python3.10|p1328696|n0|/pnc/task_service/task_resume/request|p7
I0827 00:46:36.101662 1328773 shm_subscriber.cc:120] [aorta]subscriber connect to publisher success, topic /pnc/task_service/relative_move/response, local d2379|python3.10|p1328696|n0|s5|c0, peer d2379|quark_navigation|p329956|n0|/pnc/task_service/relative_move/response|p15
I0827 00:46:36.101676 1328696 node_impl.cc:198] [aorta]CreatePublisher, host:0.0.0.0, port:43745, sockname:d2379|python3.10|p1328696|n0|/pnc/task_service/task_resume/request|p7, topic:/pnc/task_service/task_resume/request, uid:704fcd70-433a-455c-bfd0-0c6918c96645-18204958959141007063 topic_uid:-1
I0827 00:46:36.101696 1328696 aorta_component.cpp:394] [cosine_internal][AortaComponent] aorta node create publisher. node: python3.10_S1, topic:/pnc/task_service/task_resume/request, type:pnc_msgs.TaskResumeRequest, qos:(history:1, depth:5, reliability:1, durability:2), uri:http://10.42.0.101:2379
I0827 00:46:36.101719 1328751 centralized_discovery.cc:733] [aorta]subscriber uid:f8de8a77-00d7-404e-8dd8-abf0c38f2fd7-3654631836754090917 topic:/pnc/task_service/task_cancel/response
I0827 00:46:36.101744 1328696 aorta_publisher.cpp:119] [cosine_internal][AortaPublisher] publisher initialize. topic:/pnc/task_service/task_resume/request, uri:
I0827 00:46:36.101751 1328696 publisher.cpp:27] [GDK]create publisher: /pnc/task_service/task_resume/request type: pnc_msgs.TaskResumeRequest qos: 1 1 5 2
I0827 00:46:36.101858 1328696 cosine_bus_manager.cpp:294] [cosine_internal][CosineBusManager] create publisher. topic name:/pnc/remote_control_cmd , middleware:aorta
I0827 00:46:36.102293 1328696 tcp_publisher.cc:179] [aorta]topic /pnc/remote_control_cmd, pub_queue_size_ 5, latch_queue_size_ 0
I0827 00:46:36.102535 1328771 tcp_socket_server.cc:200] [aorta]The ip info is0.0.0.0:39781
I0827 00:46:36.102799 1328771 shm_socket_server.cc:101] [aorta][/pnc/remote_control_cmd] bind at pipe sock name d2379|python3.10|p1328696|n0|/pnc/remote_control_cmd|p8
I0827 00:46:36.102821 1328773 shm_subscriber.cc:120] [aorta]subscriber connect to publisher success, topic /pnc/task_service/task_cancel/response, local d2379|python3.10|p1328696|n0|s6|c0, peer d2379|quark_navigation|p329956|n0|/pnc/task_service/task_cancel/response|p17
I0827 00:46:36.102871 1328696 node_impl.cc:198] [aorta]CreatePublisher, host:0.0.0.0, port:39781, sockname:d2379|python3.10|p1328696|n0|/pnc/remote_control_cmd|p8, topic:/pnc/remote_control_cmd, uid:dda3b76e-f73a-4611-a1dc-f22bb2bbfe5d-2921114360754287628 topic_uid:-1
I0827 00:46:36.102885 1328751 centralized_discovery.cc:733] [aorta]subscriber uid:4ba3d070-fc20-4d1d-97ee-064087ad5af9-4995236092065324733 topic:/pnc/task_service/task_pause/response
I0827 00:46:36.102893 1328696 aorta_component.cpp:394] [cosine_internal][AortaComponent] aorta node create publisher. node: python3.10_S1, topic:/pnc/remote_control_cmd, type:geometry_msgs.msg.pb.TwistStamped, qos:(history:1, depth:5, reliability:1, durability:2), uri:http://10.42.0.101:2379
I0827 00:46:36.102926 1328696 aorta_publisher.cpp:119] [cosine_internal][AortaPublisher] publisher initialize. topic:/pnc/remote_control_cmd, uri:
I0827 00:46:36.102933 1328696 publisher.cpp:27] [GDK]create publisher: /pnc/remote_control_cmd type: geometry_msgs.msg.pb.TwistStamped qos: 1 1 5 2
I0827 00:46:36.102950 1328696 cosine_bus_manager.cpp:294] [cosine_internal][CosineBusManager] create publisher. topic name:/pnc/task_service/remote_control/request , middleware:aorta
I0827 00:46:36.103394 1328696 tcp_publisher.cc:179] [aorta]topic /pnc/task_service/remote_control/request, pub_queue_size_ 5, latch_queue_size_ 0
I0827 00:46:36.103437 1328771 tcp_socket_server.cc:200] [aorta]The ip info is0.0.0.0:34263
I0827 00:46:36.103495 1328771 shm_socket_server.cc:101] [aorta][/pnc/task_service/remote_control/request] bind at pipe sock name d2379|python3.10|p1328696|n0|/pnc/task_service/remote_control/request|p9
I0827 00:46:36.103539 1328696 node_impl.cc:198] [aorta]CreatePublisher, host:0.0.0.0, port:34263, sockname:d2379|python3.10|p1328696|n0|/pnc/task_service/remote_control/request|p9, topic:/pnc/task_service/remote_control/request, uid:2d63a71b-2637-423b-80bf-b0e1dc9dd4ae-10398465225129759782 topic_uid:-1
I0827 00:46:36.103556 1328696 aorta_component.cpp:394] [cosine_internal][AortaComponent] aorta node create publisher. node: python3.10_S1, topic:/pnc/task_service/remote_control/request, type:pnc_msgs.RemoteControlRequest, qos:(history:1, depth:5, reliability:1, durability:2), uri:http://10.42.0.101:2379
I0827 00:46:36.103600 1328696 aorta_publisher.cpp:119] [cosine_internal][AortaPublisher] publisher initialize. topic:/pnc/task_service/remote_control/request, uri:
I0827 00:46:36.103606 1328696 publisher.cpp:27] [GDK]create publisher: /pnc/task_service/remote_control/request type: pnc_msgs.RemoteControlRequest qos: 1 1 5 2
I0827 00:46:36.103677 1328696 cosine_bus_manager.cpp:400] [cosine_internal][CosineBusManager] create subscriber. topic name:/slam/odom , middleware:aorta , need async callback:0, frame_skip_rate:1
I0827 00:46:36.103686 1328696 aorta_component.cpp:174] [cosine_internal][AortaComponent] callback_name:/slam/odomhttp://10.42.0.101:2379
I0827 00:46:36.103866 1328696 buffered_data_export.cpp:115] [cosine_internal]successfully create buffer [bus_buffer___slam__odom, type genie_msgs.msg.pb.OdomInfo, block num 5, valid_time 0, transfer_type 0, data_size 0, mem_type 0, lib_name , ext_data_size 0, is_protobuf 1, enable_event_sync_subscriber 0], buffer id = 11
I0827 00:46:36.103888 1328696 cosine_bus_message_buffer.cpp:45] [cosine_internal][CosineBusMessageBuffer] create buffer success. name:bus_buffer___slam__odom, type:genie_msgs.msg.pb.OdomInfo, size:5
I0827 00:46:36.103936 1328773 shm_subscriber.cc:120] [aorta]subscriber connect to publisher success, topic /pnc/task_service/task_pause/response, local d2379|python3.10|p1328696|n0|s7|c0, peer d2379|quark_navigation|p329956|n0|/pnc/task_service/task_pause/response|p18
I0827 00:46:36.103958 1328696 node_impl.cc:344] [aorta]CreateSubscriber topic:/slam/odom, uid:d6298c23-440c-4789-a5da-322b169420af-8164318257426434522 topic_uid:-1
I0827 00:46:36.103987 1328751 centralized_discovery.cc:733] [aorta]subscriber uid:07c66df1-e941-4a61-8e3c-19bc4349c818-16859347558940246081 topic:/pnc/task_service/task_resume/response
I0827 00:46:36.104369 1328696 aorta_component.cpp:326] [cosine_internal][AortaComponent] aorta node create subscriber. node: python3.10_S1, topic:/slam/odom, type:genie_msgs.msg.pb.OdomInfo, qos:(history:1, depth:5, reliability:1, durability:2), uri:http://10.42.0.101:2379
I0827 00:46:36.104382 1328696 aorta_subscriber.hpp:96] [cosine_internal][AortaSubscriber] initial. topic:/slam/odom, uri:
I0827 00:46:36.104395 1328696 cosine_bus_manager.cpp:400] [cosine_internal][CosineBusManager] create subscriber. topic name:/slam/state , middleware:aorta , need async callback:0, frame_skip_rate:1
I0827 00:46:36.104403 1328696 aorta_component.cpp:174] [cosine_internal][AortaComponent] callback_name:/slam/statehttp://10.42.0.101:2379
I0827 00:46:36.104440 1328696 buffered_data_export.cpp:115] [cosine_internal]successfully create buffer [bus_buffer___slam__state, type genie_msgs.msg.pb.CommonResponse, block num 5, valid_time 0, transfer_type 0, data_size 0, mem_type 0, lib_name , ext_data_size 0, is_protobuf 1, enable_event_sync_subscriber 0], buffer id = 12
I0827 00:46:36.104452 1328696 cosine_bus_message_buffer.cpp:45] [cosine_internal][CosineBusMessageBuffer] create buffer success. name:bus_buffer___slam__state, type:genie_msgs.msg.pb.CommonResponse, size:5
I0827 00:46:36.104530 1328696 node_impl.cc:344] [aorta]CreateSubscriber topic:/slam/state, uid:75cf4464-9d9d-405f-a3a6-e6bbd8f161d1-7791362299214773660 topic_uid:-1
I0827 00:46:36.104995 1328773 shm_subscriber.cc:120] [aorta]subscriber connect to publisher success, topic /pnc/task_service/task_resume/response, local d2379|python3.10|p1328696|n0|s8|c0, peer d2379|quark_navigation|p329956|n0|/pnc/task_service/task_resume/response|p19
I0827 00:46:36.105036 1328696 aorta_component.cpp:326] [cosine_internal][AortaComponent] aorta node create subscriber. node: python3.10_S1, topic:/slam/state, type:genie_msgs.msg.pb.CommonResponse, qos:(history:1, depth:5, reliability:1, durability:2), uri:http://10.42.0.101:2379
I0827 00:46:36.105055 1328696 aorta_subscriber.hpp:96] [cosine_internal][AortaSubscriber] initial. topic:/slam/state, uri:
I0827 00:46:36.105060 1328751 centralized_discovery.cc:733] [aorta]subscriber uid:2d7e7ae3-a2e5-4004-9ec4-966400fbe119-11583863028842959166 topic:/pnc/task_service/remote_control/response
I0827 00:46:36.105068 1328696 cosine_bus_manager.cpp:400] [cosine_internal][CosineBusManager] create subscriber. topic name:/slam/mapping_response , middleware:aorta , need async callback:0, frame_skip_rate:1
I0827 00:46:36.105075 1328696 aorta_component.cpp:174] [cosine_internal][AortaComponent] callback_name:/slam/mapping_responsehttp://10.42.0.101:2379
I0827 00:46:36.105110 1328696 buffered_data_export.cpp:115] [cosine_internal]successfully create buffer [bus_buffer___slam__mapping_response, type genie_msgs.msg.pb.CommonResponse, block num 5, valid_time 0, transfer_type 0, data_size 0, mem_type 0, lib_name , ext_data_size 0, is_protobuf 1, enable_event_sync_subscriber 0], buffer id = 13
I0827 00:46:36.105122 1328696 cosine_bus_message_buffer.cpp:45] [cosine_internal][CosineBusMessageBuffer] create buffer success. name:bus_buffer___slam__mapping_response, type:genie_msgs.msg.pb.CommonResponse, size:5
I0827 00:46:36.105212 1328696 node_impl.cc:344] [aorta]CreateSubscriber topic:/slam/mapping_response, uid:e2705f93-85f0-42c1-a63c-e239e3d0541c-3136143855590244141 topic_uid:-1
I0827 00:46:36.105598 1328696 aorta_component.cpp:326] [cosine_internal][AortaComponent] aorta node create subscriber. node: python3.10_S1, topic:/slam/mapping_response, type:genie_msgs.msg.pb.CommonResponse, qos:(history:1, depth:5, reliability:1, durability:2), uri:http://10.42.0.101:2379
I0827 00:46:36.105608 1328696 aorta_subscriber.hpp:96] [cosine_internal][AortaSubscriber] initial. topic:/slam/mapping_response, uri:
I0827 00:46:36.105618 1328696 cosine_bus_manager.cpp:400] [cosine_internal][CosineBusManager] create subscriber. topic name:/slam/record_spec_loc_rsp , middleware:aorta , need async callback:0, frame_skip_rate:1
I0827 00:46:36.105624 1328696 aorta_component.cpp:174] [cosine_internal][AortaComponent] callback_name:/slam/record_spec_loc_rsphttp://10.42.0.101:2379
I0827 00:46:36.105656 1328696 buffered_data_export.cpp:115] [cosine_internal]successfully create buffer [bus_buffer___slam__record_spec_loc_rsp, type genie_msgs.msg.pb.CommonResponse, block num 5, valid_time 0, transfer_type 0, data_size 0, mem_type 0, lib_name , ext_data_size 0, is_protobuf 1, enable_event_sync_subscriber 0], buffer id = 14
I0827 00:46:36.105671 1328696 cosine_bus_message_buffer.cpp:45] [cosine_internal][CosineBusMessageBuffer] create buffer success. name:bus_buffer___slam__record_spec_loc_rsp, type:genie_msgs.msg.pb.CommonResponse, size:5
I0827 00:46:36.105742 1328696 node_impl.cc:344] [aorta]CreateSubscriber topic:/slam/record_spec_loc_rsp, uid:fc93be21-a374-411d-8633-41330463b5de-16786186340696970127 topic_uid:-1
I0827 00:46:36.105883 1328773 shm_subscriber.cc:120] [aorta]subscriber connect to publisher success, topic /pnc/task_service/remote_control/response, local d2379|python3.10|p1328696|n0|s9|c0, peer d2379|quark_navigation|p329956|n0|..c/task_service/remote_control/response|p16
I0827 00:46:36.105958 1328751 centralized_discovery.cc:681] [aorta]publisher uid:77af2651-bbbe-4b7e-9c23-be3e972e5af8-11863888217293896894 topic:/pnc/task_service/normal_navigation/request
I0827 00:46:36.106163 1328696 aorta_component.cpp:326] [cosine_internal][AortaComponent] aorta node create subscriber. node: python3.10_S1, topic:/slam/record_spec_loc_rsp, type:genie_msgs.msg.pb.CommonResponse, qos:(history:1, depth:5, reliability:1, durability:2), uri:http://10.42.0.101:2379
I0827 00:46:36.106173 1328696 aorta_subscriber.hpp:96] [cosine_internal][AortaSubscriber] initial. topic:/slam/record_spec_loc_rsp, uri:
I0827 00:46:36.106190 1328696 cosine_bus_manager.cpp:294] [cosine_internal][CosineBusManager] create publisher. topic name:/slam/mapping_request , middleware:aorta
I0827 00:46:36.106590 1328696 tcp_publisher.cc:179] [aorta]topic /slam/mapping_request, pub_queue_size_ 5, latch_queue_size_ 0
