Log file created at: 2025/08/27 00:29:01
Running on machine: G2
Log line format: [IWEF]mmdd hh:mm:ss.uuuuuu threadid file:line] msg
I0827 00:29:01.089848 1072647 dylog_impl.cpp:641] [DYLOG] set dylog default level to INFO
I0827 00:29:01.089927 1072647 dylog_impl.cpp:690] [DYLOG] soc num : R2
I0827 00:29:01.089941 1072647 dylog_impl.cpp:695] [DYLOG] can't read scene_mode, use sud
W0827 00:29:01.089967 1072647 dylog_impl.cpp:757] [DYLOG] can't find available json config file with path : /home/agi/app/conf/scene_server/dylog_sud_default.json, use default.
I0827 00:29:01.090080 1072647 dylog_impl.cpp:293] [DYLOG] register dsd_name : dylog/python3.10/cosine_internal
I0827 00:29:01.093664 1072647 cosine_bus_manager.cpp:88] [cosine_internal][CosineBusManager] cosine bus config path not set, use default config.
I0827 00:29:01.093713 1072647 cosine_bus_manager.cpp:118] [cosine_internal][CosineBusManager] initial cosine_bus_config:
I0827 00:29:01.095196 1072647 cosine_bus_global_sync.cpp:30] [cosine_internal][BusGlobalSync] set default middleware name:aorta
I0827 00:29:01.095237 1072647 scheduler_classic.cpp:28] [cosine_internal]Proc number set to be: 1
I0827 00:29:01.096249 1072647 dynamic_object.cpp:521] [cosine_internal][DynamicObject] open libdynamic_aorta.so success.
I0827 00:29:01.096450 1072647 dynamic_object.cpp:581] [cosine_internal][DynamicObject] Successfully enumerated 57 symbols in libdynamic_aorta.so
I0827 00:29:01.096462 1072647 resource_loader.cpp:13] [cosine_internal][ResourceLoader] Attempting to load function: aorta_get_object
I0827 00:29:01.096467 1072647 resource_loader.cpp:17] [cosine_internal][ResourceLoader] Trying address() method for C++ symbol: aorta_get_object
I0827 00:29:01.096473 1072647 resource_loader.cpp:20] [cosine_internal][ResourceLoader] Successfully loaded C++ symbol: aorta_get_object
I0827 00:29:01.096477 1072647 resource_loader.cpp:13] [cosine_internal][ResourceLoader] Attempting to load function: aorta_call_object_func
I0827 00:29:01.096480 1072647 resource_loader.cpp:17] [cosine_internal][ResourceLoader] Trying address() method for C++ symbol: aorta_call_object_func
I0827 00:29:01.096485 1072647 resource_loader.cpp:20] [cosine_internal][ResourceLoader] Successfully loaded C++ symbol: aorta_call_object_func
I0827 00:29:01.096488 1072647 resource_loader.cpp:13] [cosine_internal][ResourceLoader] Attempting to load function: aorta_clean_up
I0827 00:29:01.096491 1072647 resource_loader.cpp:17] [cosine_internal][ResourceLoader] Trying address() method for C++ symbol: aorta_clean_up
I0827 00:29:01.096506 1072647 resource_loader.cpp:25] [cosine_internal][ResourceLoader] C++ symbol failed, trying c_address() method for C symbol: aorta_clean_up
I0827 00:29:01.096511 1072647 resource_loader.cpp:28] [cosine_internal][ResourceLoader] Successfully loaded C symbol: aorta_clean_up
W0827 00:29:01.096519 1072647 aorta_component.cpp:90] [cosine_internal]Environment variable [LOCATOR_IP/DDS_IP] not set, fallback to 10.42.0.101
I0827 00:29:01.096525 1072647 aorta_component.cpp:496] [cosine_internal][AortaComponent] locator_ip: 10.42.0.101; Check network before domain init 
I0827 00:29:01.096565 1072647 clock.cpp:22] [cosine_internal]load ptp time source from: libptp_clock_time.so
I0827 00:29:01.096765 1072647 dynamic_object.cpp:521] [cosine_internal][DynamicObject] open libptp_clock_time.so success.
I0827 00:29:01.097226 1072647 aorta_component.cpp:515] [cosine_internal][AortaComponent] Network check start. locator_ip: 10.42.0.101, timeout: 60 seconds , check_start_time: 1756225741
I0827 00:29:01.097252 1072647 aorta_component.cpp:526] [cosine_internal][AortaComponent] locator_ip: 10.42.0.101; network is ready.
I0827 00:29:01.097312 1072647 dylog_impl.cpp:293] [DYLOG] register dsd_name : dylog/python3.10/aorta
I0827 00:29:01.097460 1072647 pcie_config.cc:52] [aorta]Get one valid pcie channel. producer: soc-s3 app-map_loc_app endpoint-nvscic2c_pcie_s3_c7_11 consumer: soc-s1 app-worldmodel endpoint-nvscic2c_pcie_s1_c7_11
I0827 00:29:01.097563 1072647 os.cc:88] [aorta]Got host_id from system files: Huixi R1ROBOR2
I0827 00:29:01.097609 1072647 pcie_manager.cc:71] [aorta]There is no pcie config in current process.
I0827 00:29:01.097981 1072647 message_monitor_config.cc:398] [aorta]run in  mode
I0827 00:29:01.099188 1072647 domain_impl.cc:58] [aorta]aorta version:7b1b7ddc
I0827 00:29:01.099220 1072647 json_comm.cc:35] [aorta]file path: /home/agi/app/conf/topology/topology_rule.json not exist.
I0827 00:29:01.099236 1072647 message_monitor_config.cc:398] [aorta]run in  mode
I0827 00:29:01.100509 1072647 message_monitor_config.cc:731] [aorta]message monitor is updated from /home/agi/app/conf/aorta/function/aorta_monitor_conf.json
I0827 00:29:01.101899 1072647 discovery_factory.cc:14] [aorta]type:1, host:10.42.0.101, port:2379, ttl:15, minor_cycle:100, major_cycle:3
I0827 00:29:01.102406 1072647 config.cc:53] [aorta]AORTA_IP_MASK not set.
I0827 00:29:01.102414 1072647 discovery.cc:245] [aorta]get ip masks empty.
I0827 00:29:01.102423 1072647 config.cc:200] [aorta]AORTA_EXTRA_LOCAL_IPS not set.
I0827 00:29:01.102427 1072647 discovery.cc:266] [aorta]local_publisher_ips_ empty.
I0827 00:29:01.102448 1072647 config.cc:124] [aorta]ip match, ip:127.0.0.1
I0827 00:29:01.102458 1072647 discovery.cc:275] [aorta]default emplace ip:10.42.0.101
I0827 00:29:01.102460 1072647 discovery.cc:275] [aorta]default emplace ip:10.42.12.101
I0827 00:29:01.102464 1072647 discovery.cc:275] [aorta]default emplace ip:10.42.1.101
I0827 00:29:01.102466 1072647 discovery.cc:275] [aorta]default emplace ip:192.168.1.101
I0827 00:29:01.102469 1072647 discovery.cc:275] [aorta]default emplace ip:10.42.30.101
I0827 00:29:01.102473 1072647 discovery.cc:275] [aorta]default emplace ip:10.42.40.101
I0827 00:29:01.102475 1072647 discovery.cc:275] [aorta]default emplace ip:10.20.15.199
I0827 00:29:01.102478 1072647 discovery.cc:275] [aorta]default emplace ip:10.42.6.101
I0827 00:29:01.102481 1072647 centralized_discovery.cc:55] [aorta]lease_ttl_:15
I0827 00:29:01.102952 1072647 aorta_component.cpp:561] [cosine_internal][AortaComponent] aorta create domain success. uri:http://10.42.0.101:2379
I0827 00:29:01.103086 1072647 aorta_component.cpp:447] [cosine_internal][AortaComponent] aorta domain created node: python3.10_S1 , domain_uri:http://10.42.0.101:2379
I0827 00:29:01.103096 1072647 aorta_component.cpp:126] [cosine_internal][AortaComponent] aorta component init success. node:python3.10_S1, uri:http://10.42.0.101:2379, locator_kind(1:shm,2:tcp,3:udp):2, locator_ip:10.42.0.101, locator_port:0, aorta_dispatcher_thread_num:1
I0827 00:29:01.104437 1072758 processor.cpp:40] [cosine_internal]processor_tid: 1072758
I0827 00:29:01.108209 1072761 executor_impl.cc:91] [aorta]aorta-dispatch0 start spinning
I0827 00:29:01.120467 1072760 centralized_discovery.cc:1110] [aorta]poll thread: revision:1128
I0827 00:29:01.120610 1072760 centralized_discovery.cc:1123] [aorta]inotify_fd_:13 inotify_watch_:1 inotify_watch_path:/home/agi/app/conf/aorta/function
I0827 00:29:01.122179 1072760 centralized_discovery.cc:615] [aorta]grant lease for node python3.10_S1 lease_id = 7587889064995110114
I0827 00:29:01.123656 1072760 watch_state.cc:54] [aorta]watch connect success.
I0827 00:29:01.124679 1072760 centralized_discovery.cc:1615] [aorta]recv watch response created.
I0827 00:29:05.245859 1072647 cosine_bus_manager.cpp:294] [cosine_internal][CosineBusManager] create publisher. topic name:/gdk/config_request , middleware:aorta
I0827 00:29:05.246716 1072647 tcp_publisher.cc:179] [aorta]topic /gdk/config_request, pub_queue_size_ 5, latch_queue_size_ 0
I0827 00:29:05.247059 1073831 tcp_socket_server.cc:200] [aorta]The ip info is0.0.0.0:33713
I0827 00:29:05.247205 1073831 shm_socket_server.cc:101] [aorta][/gdk/config_request] bind at pipe sock name d2379|python3.10|p1072647|n0|/gdk/config_request|p0
I0827 00:29:05.247308 1072647 node_impl.cc:198] [aorta]CreatePublisher, host:0.0.0.0, port:33713, sockname:d2379|python3.10|p1072647|n0|/gdk/config_request|p0, topic:/gdk/config_request, uid:4992f074-5d83-4288-bee8-3740bf44e4bd-4991715019463590898 topic_uid:-1
I0827 00:29:05.247344 1072647 aorta_component.cpp:394] [cosine_internal][AortaComponent] aorta node create publisher. node: python3.10_S1, topic:/gdk/config_request, type:genie_msgs.msg.pb.CommonRequest, qos:(history:1, depth:5, reliability:1, durability:2), uri:http://10.42.0.101:2379
I0827 00:29:05.247386 1072647 aorta_publisher.cpp:119] [cosine_internal][AortaPublisher] publisher initialize. topic:/gdk/config_request, uri:
I0827 00:29:05.247399 1072647 dylog_impl.cpp:293] [DYLOG] register dsd_name : dylog/python3.10/GDK
I0827 00:29:05.247406 1072760 centralized_discovery.cc:681] [aorta]publisher uid:4992f074-5d83-4288-bee8-3740bf44e4bd-4991715019463590898 topic:/gdk/config_request
I0827 00:29:05.247442 1072647 publisher.cpp:27] [GDK]create publisher: /gdk/config_request type: genie_msgs.msg.pb.CommonRequest qos: 1 1 5 2
I0827 00:29:05.247485 1072647 cosine_bus_manager.cpp:294] [cosine_internal][CosineBusManager] create publisher. topic name:/gdk/camera_conf_request , middleware:aorta
I0827 00:29:05.247960 1072647 tcp_publisher.cc:179] [aorta]topic /gdk/camera_conf_request, pub_queue_size_ 5, latch_queue_size_ 0
I0827 00:29:05.248051 1073831 tcp_socket_server.cc:200] [aorta]The ip info is0.0.0.0:38613
I0827 00:29:05.248152 1073831 shm_socket_server.cc:101] [aorta][/gdk/camera_conf_request] bind at pipe sock name d2379|python3.10|p1072647|n0|/gdk/camera_conf_request|p1
I0827 00:29:05.248211 1072647 node_impl.cc:198] [aorta]CreatePublisher, host:0.0.0.0, port:38613, sockname:d2379|python3.10|p1072647|n0|/gdk/camera_conf_request|p1, topic:/gdk/camera_conf_request, uid:ee8e36b2-9160-467a-aac0-cd4edb0fa733-9117180461459404870 topic_uid:-1
I0827 00:29:05.248234 1072647 aorta_component.cpp:394] [cosine_internal][AortaComponent] aorta node create publisher. node: python3.10_S1, topic:/gdk/camera_conf_request, type:genie_msgs.msg.pb.CommonRequest, qos:(history:1, depth:5, reliability:1, durability:2), uri:http://10.42.0.101:2379
I0827 00:29:05.248265 1072647 aorta_publisher.cpp:119] [cosine_internal][AortaPublisher] publisher initialize. topic:/gdk/camera_conf_request, uri:
I0827 00:29:05.248272 1072647 publisher.cpp:27] [GDK]create publisher: /gdk/camera_conf_request type: genie_msgs.msg.pb.CommonRequest qos: 1 1 5 2
I0827 00:29:05.248289 1072647 cosine_bus_manager.cpp:400] [cosine_internal][CosineBusManager] create subscriber. topic name:/gdk/config_response , middleware:aorta , need async callback:0, frame_skip_rate:1
I0827 00:29:05.248299 1072647 aorta_component.cpp:174] [cosine_internal][AortaComponent] callback_name:/gdk/config_responsehttp://10.42.0.101:2379
I0827 00:29:05.248376 1072647 dynamic_object.cpp:521] [cosine_internal][DynamicObject] open  success.
I0827 00:29:05.248562 1072647 buffered_data_export.cpp:115] [cosine_internal]successfully create buffer [bus_buffer___gdk__config_response, type genie_msgs.msg.pb.CommonResponse, block num 5, valid_time 0, transfer_type 0, data_size 0, mem_type 0, lib_name , ext_data_size 0, is_protobuf 1, enable_event_sync_subscriber 0], buffer id = 1
I0827 00:29:05.248589 1072647 cosine_bus_message_buffer.cpp:45] [cosine_internal][CosineBusMessageBuffer] create buffer success. name:bus_buffer___gdk__config_response, type:genie_msgs.msg.pb.CommonResponse, size:5
I0827 00:29:05.248669 1072647 node_impl.cc:344] [aorta]CreateSubscriber topic:/gdk/config_response, uid:c86f1646-16ff-4708-b9eb-56935b5ac6ec-9533047780102618842 topic_uid:-1
I0827 00:29:05.249265 1072647 aorta_component.cpp:326] [cosine_internal][AortaComponent] aorta node create subscriber. node: python3.10_S1, topic:/gdk/config_response, type:genie_msgs.msg.pb.CommonResponse, qos:(history:1, depth:5, reliability:1, durability:2), uri:http://10.42.0.101:2379
I0827 00:29:05.249281 1072647 aorta_subscriber.hpp:96] [cosine_internal][AortaSubscriber] initial. topic:/gdk/config_response, uri:
I0827 00:29:05.249296 1072647 cosine_bus_manager.cpp:400] [cosine_internal][CosineBusManager] create subscriber. topic name:/gdk/camera_conf_response , middleware:aorta , need async callback:0, frame_skip_rate:1
I0827 00:29:05.249305 1072647 aorta_component.cpp:174] [cosine_internal][AortaComponent] callback_name:/gdk/camera_conf_responsehttp://10.42.0.101:2379
I0827 00:29:05.249351 1072647 buffered_data_export.cpp:115] [cosine_internal]successfully create buffer [bus_buffer___gdk__camera_conf_response, type genie_msgs.msg.pb.CommonResponse, block num 5, valid_time 0, transfer_type 0, data_size 0, mem_type 0, lib_name , ext_data_size 0, is_protobuf 1, enable_event_sync_subscriber 0], buffer id = 2
I0827 00:29:05.249366 1072647 cosine_bus_message_buffer.cpp:45] [cosine_internal][CosineBusMessageBuffer] create buffer success. name:bus_buffer___gdk__camera_conf_response, type:genie_msgs.msg.pb.CommonResponse, size:5
I0827 00:29:05.249444 1072647 node_impl.cc:344] [aorta]CreateSubscriber topic:/gdk/camera_conf_response, uid:aa0f6869-e937-40fc-aa4f-e841451af933-3551884323222435368 topic_uid:-1
I0827 00:29:05.249891 1072647 aorta_component.cpp:326] [cosine_internal][AortaComponent] aorta node create subscriber. node: python3.10_S1, topic:/gdk/camera_conf_response, type:genie_msgs.msg.pb.CommonResponse, qos:(history:1, depth:5, reliability:1, durability:2), uri:http://10.42.0.101:2379
I0827 00:29:05.249905 1072647 aorta_subscriber.hpp:96] [cosine_internal][AortaSubscriber] initial. topic:/gdk/camera_conf_response, uri:
I0827 00:29:05.249977 1072647 cosine_bus_manager.cpp:400] [cosine_internal][CosineBusManager] create subscriber. topic name:/hal/joint_state , middleware:aorta , need async callback:0, frame_skip_rate:1
I0827 00:29:05.249989 1072647 aorta_component.cpp:174] [cosine_internal][AortaComponent] callback_name:/hal/joint_statehttp://10.42.0.101:2379
I0827 00:29:05.250123 1072647 buffered_data_export.cpp:115] [cosine_internal]successfully create buffer [bus_buffer___hal__joint_state, type genie_msgs.msg.pb.JointState, block num 5, valid_time 0, transfer_type 0, data_size 0, mem_type 0, lib_name , ext_data_size 0, is_protobuf 1, enable_event_sync_subscriber 0], buffer id = 3
I0827 00:29:05.250139 1072647 cosine_bus_message_buffer.cpp:45] [cosine_internal][CosineBusMessageBuffer] create buffer success. name:bus_buffer___hal__joint_state, type:genie_msgs.msg.pb.JointState, size:5
I0827 00:29:05.250217 1072647 node_impl.cc:344] [aorta]CreateSubscriber topic:/hal/joint_state, uid:0d3936ef-1f1d-4843-8b09-d94ab88e8f31-17784787521228097140 topic_uid:-1
I0827 00:29:05.250605 1072760 centralized_discovery.cc:681] [aorta]publisher uid:ee8e36b2-9160-467a-aac0-cd4edb0fa733-9117180461459404870 topic:/gdk/camera_conf_request
I0827 00:29:05.250656 1072647 aorta_component.cpp:326] [cosine_internal][AortaComponent] aorta node create subscriber. node: python3.10_S1, topic:/hal/joint_state, type:genie_msgs.msg.pb.JointState, qos:(history:1, depth:5, reliability:1, durability:2), uri:http://10.42.0.101:2379
I0827 00:29:05.250669 1072647 aorta_subscriber.hpp:96] [cosine_internal][AortaSubscriber] initial. topic:/hal/joint_state, uri:
I0827 00:29:05.250684 1072647 cosine_bus_manager.cpp:400] [cosine_internal][CosineBusManager] create subscriber. topic name:/hal/whole_body_status , middleware:aorta , need async callback:0, frame_skip_rate:1
I0827 00:29:05.250692 1072647 aorta_component.cpp:174] [cosine_internal][AortaComponent] callback_name:/hal/whole_body_statushttp://10.42.0.101:2379
I0827 00:29:05.250831 1072647 buffered_data_export.cpp:115] [cosine_internal]successfully create buffer [bus_buffer___hal__whole_body_status, type genie_msgs.msg.pb.WholeBodyStatus, block num 5, valid_time 0, transfer_type 0, data_size 0, mem_type 0, lib_name , ext_data_size 0, is_protobuf 1, enable_event_sync_subscriber 0], buffer id = 4
I0827 00:29:05.250850 1072647 cosine_bus_message_buffer.cpp:45] [cosine_internal][CosineBusMessageBuffer] create buffer success. name:bus_buffer___hal__whole_body_status, type:genie_msgs.msg.pb.WholeBodyStatus, size:5
I0827 00:29:05.250931 1072647 node_impl.cc:344] [aorta]CreateSubscriber topic:/hal/whole_body_status, uid:30f51ae6-c0e3-4d42-bbc3-3d283aaf0537-4082625946824470290 topic_uid:-1
I0827 00:29:05.251367 1072647 aorta_component.cpp:326] [cosine_internal][AortaComponent] aorta node create subscriber. node: python3.10_S1, topic:/hal/whole_body_status, type:genie_msgs.msg.pb.WholeBodyStatus, qos:(history:1, depth:5, reliability:1, durability:2), uri:http://10.42.0.101:2379
I0827 00:29:05.251379 1072647 aorta_subscriber.hpp:96] [cosine_internal][AortaSubscriber] initial. topic:/hal/whole_body_status, uri:
I0827 00:29:05.251391 1072647 cosine_bus_manager.cpp:400] [cosine_internal][CosineBusManager] create subscriber. topic name:/hal/left_ee_data , middleware:aorta , need async callback:0, frame_skip_rate:1
I0827 00:29:05.251398 1072647 aorta_component.cpp:174] [cosine_internal][AortaComponent] callback_name:/hal/left_ee_datahttp://10.42.0.101:2379
I0827 00:29:05.251565 1072647 buffered_data_export.cpp:115] [cosine_internal]successfully create buffer [bus_buffer___hal__left_ee_data, type genie_msgs.msg.pb.EndState, block num 5, valid_time 0, transfer_type 0, data_size 0, mem_type 0, lib_name , ext_data_size 0, is_protobuf 1, enable_event_sync_subscriber 0], buffer id = 5
I0827 00:29:05.251582 1072647 cosine_bus_message_buffer.cpp:45] [cosine_internal][CosineBusMessageBuffer] create buffer success. name:bus_buffer___hal__left_ee_data, type:genie_msgs.msg.pb.EndState, size:5
I0827 00:29:05.251663 1072647 node_impl.cc:344] [aorta]CreateSubscriber topic:/hal/left_ee_data, uid:8c7eb558-44e8-410a-9d3b-c952004ea7ef-6411614143165937964 topic_uid:-1
I0827 00:29:05.251845 1072760 centralized_discovery.cc:733] [aorta]subscriber uid:c86f1646-16ff-4708-b9eb-56935b5ac6ec-9533047780102618842 topic:/gdk/config_response
I0827 00:29:05.252101 1072647 aorta_component.cpp:326] [cosine_internal][AortaComponent] aorta node create subscriber. node: python3.10_S1, topic:/hal/left_ee_data, type:genie_msgs.msg.pb.EndState, qos:(history:1, depth:5, reliability:1, durability:2), uri:http://10.42.0.101:2379
I0827 00:29:05.252113 1072647 aorta_subscriber.hpp:96] [cosine_internal][AortaSubscriber] initial. topic:/hal/left_ee_data, uri:
I0827 00:29:05.252127 1072647 cosine_bus_manager.cpp:400] [cosine_internal][CosineBusManager] create subscriber. topic name:/hal/right_ee_data , middleware:aorta , need async callback:0, frame_skip_rate:1
I0827 00:29:05.252136 1072647 aorta_component.cpp:174] [cosine_internal][AortaComponent] callback_name:/hal/right_ee_datahttp://10.42.0.101:2379
I0827 00:29:05.252177 1072647 buffered_data_export.cpp:115] [cosine_internal]successfully create buffer [bus_buffer___hal__right_ee_data, type genie_msgs.msg.pb.EndState, block num 5, valid_time 0, transfer_type 0, data_size 0, mem_type 0, lib_name , ext_data_size 0, is_protobuf 1, enable_event_sync_subscriber 0], buffer id = 6
I0827 00:29:05.252192 1072647 cosine_bus_message_buffer.cpp:45] [cosine_internal][CosineBusMessageBuffer] create buffer success. name:bus_buffer___hal__right_ee_data, type:genie_msgs.msg.pb.EndState, size:5
I0827 00:29:05.252264 1072647 node_impl.cc:344] [aorta]CreateSubscriber topic:/hal/right_ee_data, uid:0d151f95-161c-4fdb-bb21-fd25eb938bec-5071795120000351093 topic_uid:-1
I0827 00:29:05.252700 1072647 aorta_component.cpp:326] [cosine_internal][AortaComponent] aorta node create subscriber. node: python3.10_S1, topic:/hal/right_ee_data, type:genie_msgs.msg.pb.EndState, qos:(history:1, depth:5, reliability:1, durability:2), uri:http://10.42.0.101:2379
I0827 00:29:05.252717 1072647 aorta_subscriber.hpp:96] [cosine_internal][AortaSubscriber] initial. topic:/hal/right_ee_data, uri:
I0827 00:29:05.252729 1072647 cosine_bus_manager.cpp:400] [cosine_internal][CosineBusManager] create subscriber. topic name:/hal/chassis_power_state , middleware:aorta , need async callback:0, frame_skip_rate:1
I0827 00:29:05.252736 1072647 aorta_component.cpp:174] [cosine_internal][AortaComponent] callback_name:/hal/chassis_power_statehttp://10.42.0.101:2379
I0827 00:29:05.253221 1073835 shm_subscriber.cc:120] [aorta]subscriber connect to publisher success, topic /gdk/config_response, local d2379|python3.10|p1072647|n0|s0|c0, peer d2379|gdk_service|p8963|n0|/gdk/config_response|p0
I0827 00:29:05.253288 1072647 buffered_data_export.cpp:115] [cosine_internal]successfully create buffer [bus_buffer___hal__chassis_power_state, type genie_msgs.msg.pb.ChassisPowerState, block num 5, valid_time 0, transfer_type 0, data_size 0, mem_type 0, lib_name , ext_data_size 0, is_protobuf 1, enable_event_sync_subscriber 0], buffer id = 7
I0827 00:29:05.253309 1072647 cosine_bus_message_buffer.cpp:45] [cosine_internal][CosineBusMessageBuffer] create buffer success. name:bus_buffer___hal__chassis_power_state, type:genie_msgs.msg.pb.ChassisPowerState, size:5
I0827 00:29:05.253332 1072760 centralized_discovery.cc:733] [aorta]subscriber uid:aa0f6869-e937-40fc-aa4f-e841451af933-3551884323222435368 topic:/gdk/camera_conf_response
I0827 00:29:05.253391 1072647 node_impl.cc:344] [aorta]CreateSubscriber topic:/hal/chassis_power_state, uid:b7199dbf-dc28-40f5-8bbf-267d6477e31f-13624413023349153968 topic_uid:-1
I0827 00:29:05.253835 1072647 aorta_component.cpp:326] [cosine_internal][AortaComponent] aorta node create subscriber. node: python3.10_S1, topic:/hal/chassis_power_state, type:genie_msgs.msg.pb.ChassisPowerState, qos:(history:1, depth:5, reliability:1, durability:2), uri:http://10.42.0.101:2379
I0827 00:29:05.253849 1072647 aorta_subscriber.hpp:96] [cosine_internal][AortaSubscriber] initial. topic:/hal/chassis_power_state, uri:
I0827 00:29:05.253870 1072647 cosine_bus_manager.cpp:400] [cosine_internal][CosineBusManager] create subscriber. topic name:/hal/chest_power_state , middleware:aorta , need async callback:0, frame_skip_rate:1
I0827 00:29:05.253877 1072647 aorta_component.cpp:174] [cosine_internal][AortaComponent] callback_name:/hal/chest_power_statehttp://10.42.0.101:2379
I0827 00:29:05.254066 1072647 buffered_data_export.cpp:115] [cosine_internal]successfully create buffer [bus_buffer___hal__chest_power_state, type genie_msgs.msg.pb.ChestPowerState, block num 5, valid_time 0, transfer_type 0, data_size 0, mem_type 0, lib_name , ext_data_size 0, is_protobuf 1, enable_event_sync_subscriber 0], buffer id = 8
I0827 00:29:05.254084 1072647 cosine_bus_message_buffer.cpp:45] [cosine_internal][CosineBusMessageBuffer] create buffer success. name:bus_buffer___hal__chest_power_state, type:genie_msgs.msg.pb.ChestPowerState, size:5
I0827 00:29:05.254175 1072647 node_impl.cc:344] [aorta]CreateSubscriber topic:/hal/chest_power_state, uid:91262b6a-dc61-4e88-a31c-04057b1f56ac-8918795574175434775 topic_uid:-1
I0827 00:29:05.254374 1073835 shm_subscriber.cc:120] [aorta]subscriber connect to publisher success, topic /gdk/camera_conf_response, local d2379|python3.10|p1072647|n0|s1|c0, peer d2379|gdk_service|p8963|n0|/gdk/camera_conf_response|p1
I0827 00:29:05.254531 1072760 centralized_discovery.cc:733] [aorta]subscriber uid:0d3936ef-1f1d-4843-8b09-d94ab88e8f31-17784787521228097140 topic:/hal/joint_state
I0827 00:29:05.254616 1072647 aorta_component.cpp:326] [cosine_internal][AortaComponent] aorta node create subscriber. node: python3.10_S1, topic:/hal/chest_power_state, type:genie_msgs.msg.pb.ChestPowerState, qos:(history:1, depth:5, reliability:1, durability:2), uri:http://10.42.0.101:2379
I0827 00:29:05.254626 1072647 aorta_subscriber.hpp:96] [cosine_internal][AortaSubscriber] initial. topic:/hal/chest_power_state, uri:
I0827 00:29:05.254694 1072647 cosine_bus_manager.cpp:294] [cosine_internal][CosineBusManager] create publisher. topic name:/hal/joint_cmd , middleware:aorta
I0827 00:29:05.255143 1072647 tcp_publisher.cc:179] [aorta]topic /hal/joint_cmd, pub_queue_size_ 5, latch_queue_size_ 0
I0827 00:29:05.255255 1073831 tcp_socket_server.cc:200] [aorta]The ip info is0.0.0.0:41887
I0827 00:29:05.255350 1073831 shm_socket_server.cc:101] [aorta][/hal/joint_cmd] bind at pipe sock name d2379|python3.10|p1072647|n0|/hal/joint_cmd|p2
I0827 00:29:05.255411 1072647 node_impl.cc:198] [aorta]CreatePublisher, host:0.0.0.0, port:41887, sockname:d2379|python3.10|p1072647|n0|/hal/joint_cmd|p2, topic:/hal/joint_cmd, uid:38b913fd-5548-4a20-9e23-9ecefdea5dac-8113233340941315482 topic_uid:-1
I0827 00:29:05.255431 1072647 aorta_component.cpp:394] [cosine_internal][AortaComponent] aorta node create publisher. node: python3.10_S1, topic:/hal/joint_cmd, type:genie_msgs.msg.pb.JointCommand, qos:(history:1, depth:5, reliability:1, durability:2), uri:http://10.42.0.101:2379
I0827 00:29:05.255440 1073835 shm_subscriber.cc:120] [aorta]subscriber connect to publisher success, topic /hal/joint_state, local d2379|python3.10|p1072647|n0|s2|c0, peer d2379|hal|p8969|n0|/hal/joint_state|p0
I0827 00:29:05.255501 1072647 aorta_publisher.cpp:119] [cosine_internal][AortaPublisher] publisher initialize. topic:/hal/joint_cmd, uri:
I0827 00:29:05.255510 1072647 publisher.cpp:27] [GDK]create publisher: /hal/joint_cmd type: genie_msgs.msg.pb.JointCommand qos: 1 1 5 2
I0827 00:29:05.255517 1072760 centralized_discovery.cc:733] [aorta]subscriber uid:30f51ae6-c0e3-4d42-bbc3-3d283aaf0537-4082625946824470290 topic:/hal/whole_body_status
I0827 00:29:05.255578 1072647 cosine_bus_manager.cpp:294] [cosine_internal][CosineBusManager] create publisher. topic name:/wbc/left_ee_command , middleware:aorta
I0827 00:29:05.256042 1072647 tcp_publisher.cc:179] [aorta]topic /wbc/left_ee_command, pub_queue_size_ 5, latch_queue_size_ 0
I0827 00:29:05.256121 1073831 tcp_socket_server.cc:200] [aorta]The ip info is0.0.0.0:42709
I0827 00:29:05.256194 1073831 shm_socket_server.cc:101] [aorta][/wbc/left_ee_command] bind at pipe sock name d2379|python3.10|p1072647|n0|/wbc/left_ee_command|p3
I0827 00:29:05.256240 1072647 node_impl.cc:198] [aorta]CreatePublisher, host:0.0.0.0, port:42709, sockname:d2379|python3.10|p1072647|n0|/wbc/left_ee_command|p3, topic:/wbc/left_ee_command, uid:5e4fe0dd-3e7e-41f0-9cd6-d8df3d803901-15677759012602946526 topic_uid:-1
I0827 00:29:05.256258 1072647 aorta_component.cpp:394] [cosine_internal][AortaComponent] aorta node create publisher. node: python3.10_S1, topic:/wbc/left_ee_command, type:sensor_msgs.msg.pb.JointState, qos:(history:1, depth:5, reliability:1, durability:2), uri:http://10.42.0.101:2379
I0827 00:29:05.256290 1072647 aorta_publisher.cpp:119] [cosine_internal][AortaPublisher] publisher initialize. topic:/wbc/left_ee_command, uri:
I0827 00:29:05.256297 1072647 publisher.cpp:27] [GDK]create publisher: /wbc/left_ee_command type: sensor_msgs.msg.pb.JointState qos: 1 1 5 2
I0827 00:29:05.256309 1072647 cosine_bus_manager.cpp:294] [cosine_internal][CosineBusManager] create publisher. topic name:/wbc/right_ee_command , middleware:aorta
I0827 00:29:05.256453 1073835 shm_subscriber.cc:120] [aorta]subscriber connect to publisher success, topic /hal/whole_body_status, local d2379|python3.10|p1072647|n0|s3|c0, peer d2379|hal|p8969|n0|/hal/whole_body_status|p1
I0827 00:29:05.256503 1072760 centralized_discovery.cc:733] [aorta]subscriber uid:8c7eb558-44e8-410a-9d3b-c952004ea7ef-6411614143165937964 topic:/hal/left_ee_data
I0827 00:29:05.256752 1072647 tcp_publisher.cc:179] [aorta]topic /wbc/right_ee_command, pub_queue_size_ 5, latch_queue_size_ 0
I0827 00:29:05.256856 1073831 tcp_socket_server.cc:200] [aorta]The ip info is0.0.0.0:37709
I0827 00:29:05.256970 1073831 shm_socket_server.cc:101] [aorta][/wbc/right_ee_command] bind at pipe sock name d2379|python3.10|p1072647|n0|/wbc/right_ee_command|p4
I0827 00:29:05.257030 1072647 node_impl.cc:198] [aorta]CreatePublisher, host:0.0.0.0, port:37709, sockname:d2379|python3.10|p1072647|n0|/wbc/right_ee_command|p4, topic:/wbc/right_ee_command, uid:80e69a67-cf4a-46bc-8f1a-63492a9c0719-12160131399292109555 topic_uid:-1
I0827 00:29:05.257055 1072647 aorta_component.cpp:394] [cosine_internal][AortaComponent] aorta node create publisher. node: python3.10_S1, topic:/wbc/right_ee_command, type:sensor_msgs.msg.pb.JointState, qos:(history:1, depth:5, reliability:1, durability:2), uri:http://10.42.0.101:2379
I0827 00:29:05.257087 1072647 aorta_publisher.cpp:119] [cosine_internal][AortaPublisher] publisher initialize. topic:/wbc/right_ee_command, uri:
I0827 00:29:05.257095 1072647 publisher.cpp:27] [GDK]create publisher: /wbc/right_ee_command type: sensor_msgs.msg.pb.JointState qos: 1 1 5 2
I0827 00:29:05.257136 1072647 cosine_bus_manager.cpp:400] [cosine_internal][CosineBusManager] create subscriber. topic name:/wbc/motion_control_status , middleware:aorta , need async callback:0, frame_skip_rate:1
I0827 00:29:05.257148 1072647 aorta_component.cpp:174] [cosine_internal][AortaComponent] callback_name:/wbc/motion_control_statushttp://10.42.0.101:2379
I0827 00:29:05.257293 1073835 shm_subscriber.cc:120] [aorta]subscriber connect to publisher success, topic /hal/left_ee_data, local d2379|python3.10|p1072647|n0|s4|c0, peer d2379|hal|p8969|n0|/hal/left_ee_data|p2
I0827 00:29:05.257349 1072760 centralized_discovery.cc:733] [aorta]subscriber uid:0d151f95-161c-4fdb-bb21-fd25eb938bec-5071795120000351093 topic:/hal/right_ee_data
I0827 00:29:05.257395 1072647 buffered_data_export.cpp:115] [cosine_internal]successfully create buffer [bus_buffer___wbc__motion_control_status, type genie_msgs.msg.pb.MotionControlStatus, block num 5, valid_time 0, transfer_type 0, data_size 0, mem_type 0, lib_name , ext_data_size 0, is_protobuf 1, enable_event_sync_subscriber 0], buffer id = 9
I0827 00:29:05.257417 1072647 cosine_bus_message_buffer.cpp:45] [cosine_internal][CosineBusMessageBuffer] create buffer success. name:bus_buffer___wbc__motion_control_status, type:genie_msgs.msg.pb.MotionControlStatus, size:5
I0827 00:29:05.257490 1072647 node_impl.cc:344] [aorta]CreateSubscriber topic:/wbc/motion_control_status, uid:dedeb1e9-821e-4b80-8b0e-7dcc04d6f2bc-3835708119707617413 topic_uid:-1
I0827 00:29:05.257922 1072647 aorta_component.cpp:326] [cosine_internal][AortaComponent] aorta node create subscriber. node: python3.10_S1, topic:/wbc/motion_control_status, type:genie_msgs.msg.pb.MotionControlStatus, qos:(history:1, depth:5, reliability:1, durability:2), uri:http://10.42.0.101:2379
I0827 00:29:05.257934 1072647 aorta_subscriber.hpp:96] [cosine_internal][AortaSubscriber] initial. topic:/wbc/motion_control_status, uri:
I0827 00:29:05.257951 1072647 cosine_bus_manager.cpp:400] [cosine_internal][CosineBusManager] create subscriber. topic name:/MotionControlService/JointPosition/response , middleware:aorta , need async callback:0, frame_skip_rate:1
I0827 00:29:05.257958 1072647 aorta_component.cpp:174] [cosine_internal][AortaComponent] callback_name:/MotionControlService/JointPosition/responsehttp://10.42.0.101:2379
I0827 00:29:05.258005 1072647 buffered_data_export.cpp:115] [cosine_internal]successfully create buffer [bus_buffer___MotionControlService__JointPosition__response, type genie_msgs.msg.pb.CommonResponse, block num 5, valid_time 0, transfer_type 0, data_size 0, mem_type 0, lib_name , ext_data_size 0, is_protobuf 1, enable_event_sync_subscriber 0], buffer id = 10
I0827 00:29:05.258019 1072647 cosine_bus_message_buffer.cpp:45] [cosine_internal][CosineBusMessageBuffer] create buffer success. name:bus_buffer___MotionControlService__JointPosition__response, type:genie_msgs.msg.pb.CommonResponse, size:5
I0827 00:29:05.258112 1072647 node_impl.cc:344] [aorta]CreateSubscriber topic:/MotionControlService/JointPosition/response, uid:7b9b20df-26a1-4d72-9c18-276b67390bed-11220515294652701264 topic_uid:-1
I0827 00:29:05.258394 1073835 shm_subscriber.cc:120] [aorta]subscriber connect to publisher success, topic /hal/right_ee_data, local d2379|python3.10|p1072647|n0|s5|c0, peer d2379|hal|p8969|n0|/hal/right_ee_data|p3
I0827 00:29:05.258474 1072760 centralized_discovery.cc:733] [aorta]subscriber uid:b7199dbf-dc28-40f5-8bbf-267d6477e31f-13624413023349153968 topic:/hal/chassis_power_state
I0827 00:29:05.258594 1072647 aorta_component.cpp:326] [cosine_internal][AortaComponent] aorta node create subscriber. node: python3.10_S1, topic:/MotionControlService/JointPosition/response, type:genie_msgs.msg.pb.CommonResponse, qos:(history:1, depth:5, reliability:1, durability:2), uri:http://10.42.0.101:2379
I0827 00:29:05.258606 1072647 aorta_subscriber.hpp:96] [cosine_internal][AortaSubscriber] initial. topic:/MotionControlService/JointPosition/response, uri:
I0827 00:29:05.258621 1072647 cosine_bus_manager.cpp:400] [cosine_internal][CosineBusManager] create subscriber. topic name:/MotionControlService/ControlMode/response , middleware:aorta , need async callback:0, frame_skip_rate:1
I0827 00:29:05.258630 1072647 aorta_component.cpp:174] [cosine_internal][AortaComponent] callback_name:/MotionControlService/ControlMode/responsehttp://10.42.0.101:2379
I0827 00:29:05.258668 1072647 buffered_data_export.cpp:115] [cosine_internal]successfully create buffer [bus_buffer___MotionControlService__ControlMode__response, type genie_msgs.msg.pb.CommonResponse, block num 5, valid_time 0, transfer_type 0, data_size 0, mem_type 0, lib_name , ext_data_size 0, is_protobuf 1, enable_event_sync_subscriber 0], buffer id = 11
I0827 00:29:05.258682 1072647 cosine_bus_message_buffer.cpp:45] [cosine_internal][CosineBusMessageBuffer] create buffer success. name:bus_buffer___MotionControlService__ControlMode__response, type:genie_msgs.msg.pb.CommonResponse, size:5
I0827 00:29:05.258756 1072647 node_impl.cc:344] [aorta]CreateSubscriber topic:/MotionControlService/ControlMode/response, uid:a5c58e2a-b5de-481f-b14b-08c3dd44b544-13500083580579056044 topic_uid:-1
I0827 00:29:05.259263 1072647 aorta_component.cpp:326] [cosine_internal][AortaComponent] aorta node create subscriber. node: python3.10_S1, topic:/MotionControlService/ControlMode/response, type:genie_msgs.msg.pb.CommonResponse, qos:(history:1, depth:5, reliability:1, durability:2), uri:http://10.42.0.101:2379
I0827 00:29:05.259275 1072647 aorta_subscriber.hpp:96] [cosine_internal][AortaSubscriber] initial. topic:/MotionControlService/ControlMode/response, uri:
I0827 00:29:05.259290 1072647 cosine_bus_manager.cpp:400] [cosine_internal][CosineBusManager] create subscriber. topic name:/MotionControlService/SetLoad/response , middleware:aorta , need async callback:0, frame_skip_rate:1
I0827 00:29:05.259299 1072647 aorta_component.cpp:174] [cosine_internal][AortaComponent] callback_name:/MotionControlService/SetLoad/responsehttp://10.42.0.101:2379
I0827 00:29:05.259341 1072647 buffered_data_export.cpp:115] [cosine_internal]successfully create buffer [bus_buffer___MotionControlService__SetLoad__response, type genie_msgs.msg.pb.CommonResponse, block num 5, valid_time 0, transfer_type 0, data_size 0, mem_type 0, lib_name , ext_data_size 0, is_protobuf 1, enable_event_sync_subscriber 0], buffer id = 12
I0827 00:29:05.259357 1072647 cosine_bus_message_buffer.cpp:45] [cosine_internal][CosineBusMessageBuffer] create buffer success. name:bus_buffer___MotionControlService__SetLoad__response, type:genie_msgs.msg.pb.CommonResponse, size:5
I0827 00:29:05.259425 1073835 shm_subscriber.cc:120] [aorta]subscriber connect to publisher success, topic /hal/chassis_power_state, local d2379|python3.10|p1072647|n0|s6|c0, peer d2379|hal_lowerlimb|p8968|n0|/hal/chassis_power_state|p2
I0827 00:29:05.259433 1072647 node_impl.cc:344] [aorta]CreateSubscriber topic:/MotionControlService/SetLoad/response, uid:63e4d079-3926-4db1-8b68-7e556201d1e9-11741066552301177038 topic_uid:-1
I0827 00:29:05.259533 1072760 centralized_discovery.cc:733] [aorta]subscriber uid:91262b6a-dc61-4e88-a31c-04057b1f56ac-8918795574175434775 topic:/hal/chest_power_state
I0827 00:29:05.259886 1072647 aorta_component.cpp:326] [cosine_internal][AortaComponent] aorta node create subscriber. node: python3.10_S1, topic:/MotionControlService/SetLoad/response, type:genie_msgs.msg.pb.CommonResponse, qos:(history:1, depth:5, reliability:1, durability:2), uri:http://10.42.0.101:2379
I0827 00:29:05.259896 1072647 aorta_subscriber.hpp:96] [cosine_internal][AortaSubscriber] initial. topic:/MotionControlService/SetLoad/response, uri:
I0827 00:29:05.259910 1072647 cosine_bus_manager.cpp:400] [cosine_internal][CosineBusManager] create subscriber. topic name:/MotionControlService/SetComplianceParams/response , middleware:aorta , need async callback:0, frame_skip_rate:1
I0827 00:29:05.259917 1072647 aorta_component.cpp:174] [cosine_internal][AortaComponent] callback_name:/MotionControlService/SetComplianceParams/responsehttp://10.42.0.101:2379
I0827 00:29:05.259958 1072647 buffered_data_export.cpp:115] [cosine_internal]successfully create buffer [bus_buffer___MotionControlService__SetComplianceParams__response, type genie_msgs.msg.pb.CommonResponse, block num 5, valid_time 0, transfer_type 0, data_size 0, mem_type 0, lib_name , ext_data_size 0, is_protobuf 1, enable_event_sync_subscriber 0], buffer id = 13
I0827 00:29:05.259969 1072647 cosine_bus_message_buffer.cpp:45] [cosine_internal][CosineBusMessageBuffer] create buffer success. name:bus_buffer___MotionControlService__SetComplianceParams__response, type:genie_msgs.msg.pb.CommonResponse, size:5
I0827 00:29:05.260046 1072647 node_impl.cc:344] [aorta]CreateSubscriber topic:/MotionControlService/SetComplianceParams/response, uid:cb0d521f-0124-406b-8826-dad54d8e2e09-16772690313444795879 topic_uid:-1
I0827 00:29:05.260421 1073835 shm_subscriber.cc:120] [aorta]subscriber connect to publisher success, topic /hal/chest_power_state, local d2379|python3.10|p1072647|n0|s7|c0, peer d2379|hal_lowerlimb|p8968|n0|/hal/chest_power_state|p4
I0827 00:29:05.260473 1072647 aorta_component.cpp:326] [cosine_internal][AortaComponent] aorta node create subscriber. node: python3.10_S1, topic:/MotionControlService/SetComplianceParams/response, type:genie_msgs.msg.pb.CommonResponse, qos:(history:1, depth:5, reliability:1, durability:2), uri:http://10.42.0.101:2379
I0827 00:29:05.260474 1072760 centralized_discovery.cc:681] [aorta]publisher uid:38b913fd-5548-4a20-9e23-9ecefdea5dac-8113233340941315482 topic:/hal/joint_cmd
I0827 00:29:05.260483 1072647 aorta_subscriber.hpp:96] [cosine_internal][AortaSubscriber] initial. topic:/MotionControlService/SetComplianceParams/response, uri:
I0827 00:29:05.260494 1072647 cosine_bus_manager.cpp:400] [cosine_internal][CosineBusManager] create subscriber. topic name:/MotionControlService/MotionPlan/response , middleware:aorta , need async callback:0, frame_skip_rate:1
I0827 00:29:05.260501 1072647 aorta_component.cpp:174] [cosine_internal][AortaComponent] callback_name:/MotionControlService/MotionPlan/responsehttp://10.42.0.101:2379
I0827 00:29:05.260538 1072647 buffered_data_export.cpp:115] [cosine_internal]successfully create buffer [bus_buffer___MotionControlService__MotionPlan__response, type genie_msgs.msg.pb.CommonResponse, block num 5, valid_time 0, transfer_type 0, data_size 0, mem_type 0, lib_name , ext_data_size 0, is_protobuf 1, enable_event_sync_subscriber 0], buffer id = 14
I0827 00:29:05.260555 1072647 cosine_bus_message_buffer.cpp:45] [cosine_internal][CosineBusMessageBuffer] create buffer success. name:bus_buffer___MotionControlService__MotionPlan__response, type:genie_msgs.msg.pb.CommonResponse, size:5
I0827 00:29:05.260628 1072647 node_impl.cc:344] [aorta]CreateSubscriber topic:/MotionControlService/MotionPlan/response, uid:86c85144-8e46-4fba-870d-2a7211be3c60-7265943930381113476 topic_uid:-1
I0827 00:29:05.261031 1072647 aorta_component.cpp:326] [cosine_internal][AortaComponent] aorta node create subscriber. node: python3.10_S1, topic:/MotionControlService/MotionPlan/response, type:genie_msgs.msg.pb.CommonResponse, qos:(history:1, depth:5, reliability:1, durability:2), uri:http://10.42.0.101:2379
I0827 00:29:05.261041 1072647 aorta_subscriber.hpp:96] [cosine_internal][AortaSubscriber] initial. topic:/MotionControlService/MotionPlan/response, uri:
I0827 00:29:05.261169 1072647 cosine_bus_manager.cpp:294] [cosine_internal][CosineBusManager] create publisher. topic name:/wbc/motion_stop , middleware:aorta
I0827 00:29:05.261607 1072647 tcp_publisher.cc:179] [aorta]topic /wbc/motion_stop, pub_queue_size_ 5, latch_queue_size_ 0
I0827 00:29:05.261700 1073831 tcp_socket_server.cc:200] [aorta]The ip info is0.0.0.0:35747
I0827 00:29:05.262044 1073831 shm_socket_server.cc:101] [aorta][/wbc/motion_stop] bind at pipe sock name d2379|python3.10|p1072647|n0|/wbc/motion_stop|p5
I0827 00:29:05.262131 1072647 node_impl.cc:198] [aorta]CreatePublisher, host:0.0.0.0, port:35747, sockname:d2379|python3.10|p1072647|n0|/wbc/motion_stop|p5, topic:/wbc/motion_stop, uid:65d3f6ae-3878-4e9d-a9e9-dd24dc854f4e-13748557535015507650 topic_uid:-1
I0827 00:29:05.262159 1072647 aorta_component.cpp:394] [cosine_internal][AortaComponent] aorta node create publisher. node: python3.10_S1, topic:/wbc/motion_stop, type:genie_msgs.msg.pb.MotionStop, qos:(history:1, depth:5, reliability:1, durability:2), uri:http://10.42.0.101:2379
I0827 00:29:05.262195 1072647 aorta_publisher.cpp:119] [cosine_internal][AortaPublisher] publisher initialize. topic:/wbc/motion_stop, uri:
I0827 00:29:05.262203 1072647 publisher.cpp:27] [GDK]create publisher: /wbc/motion_stop type: genie_msgs.msg.pb.MotionStop qos: 1 1 5 2
I0827 00:29:05.262315 1072647 cosine_bus_manager.cpp:294] [cosine_internal][CosineBusManager] create publisher. topic name:/wbc/set_control_mode , middleware:aorta
I0827 00:29:05.262498 1072760 centralized_discovery.cc:681] [aorta]publisher uid:5e4fe0dd-3e7e-41f0-9cd6-d8df3d803901-15677759012602946526 topic:/wbc/left_ee_command
I0827 00:29:05.262763 1072647 tcp_publisher.cc:179] [aorta]topic /wbc/set_control_mode, pub_queue_size_ 5, latch_queue_size_ 0
I0827 00:29:05.262857 1073831 tcp_socket_server.cc:200] [aorta]The ip info is0.0.0.0:40761
I0827 00:29:05.262943 1073831 shm_socket_server.cc:101] [aorta][/wbc/set_control_mode] bind at pipe sock name d2379|python3.10|p1072647|n0|/wbc/set_control_mode|p6
I0827 00:29:05.263006 1072647 node_impl.cc:198] [aorta]CreatePublisher, host:0.0.0.0, port:40761, sockname:d2379|python3.10|p1072647|n0|/wbc/set_control_mode|p6, topic:/wbc/set_control_mode, uid:3939cea5-8fd8-48fd-93c4-e89f06d29dda-14916454457450496029 topic_uid:-1
I0827 00:29:05.263025 1072647 aorta_component.cpp:394] [cosine_internal][AortaComponent] aorta node create publisher. node: python3.10_S1, topic:/wbc/set_control_mode, type:genie_msgs.msg.pb.SetControlMode, qos:(history:1, depth:5, reliability:1, durability:2), uri:http://10.42.0.101:2379
I0827 00:29:05.263057 1072647 aorta_publisher.cpp:119] [cosine_internal][AortaPublisher] publisher initialize. topic:/wbc/set_control_mode, uri:
I0827 00:29:05.263064 1072647 publisher.cpp:27] [GDK]create publisher: /wbc/set_control_mode type: genie_msgs.msg.pb.SetControlMode qos: 1 1 5 2
I0827 00:29:05.263163 1072647 cosine_bus_manager.cpp:294] [cosine_internal][CosineBusManager] create publisher. topic name:/wbc/end_effector_pose_control , middleware:aorta
I0827 00:29:05.263679 1072647 tcp_publisher.cc:179] [aorta]topic /wbc/end_effector_pose_control, pub_queue_size_ 5, latch_queue_size_ 0
I0827 00:29:05.263768 1073831 tcp_socket_server.cc:200] [aorta]The ip info is0.0.0.0:45777
I0827 00:29:05.263947 1073831 shm_socket_server.cc:101] [aorta][/wbc/end_effector_pose_control] bind at pipe sock name d2379|python3.10|p1072647|n0|/wbc/end_effector_pose_control|p7
I0827 00:29:05.264024 1072647 node_impl.cc:198] [aorta]CreatePublisher, host:0.0.0.0, port:45777, sockname:d2379|python3.10|p1072647|n0|/wbc/end_effector_pose_control|p7, topic:/wbc/end_effector_pose_control, uid:c244705b-5cf7-42ad-a0ca-ccaf238e909d-8961509146944305143 topic_uid:-1
I0827 00:29:05.264042 1072647 aorta_component.cpp:394] [cosine_internal][AortaComponent] aorta node create publisher. node: python3.10_S1, topic:/wbc/end_effector_pose_control, type:genie_msgs.msg.pb.EndEffectorPoseControl, qos:(history:1, depth:5, reliability:1, durability:2), uri:http://10.42.0.101:2379
I0827 00:29:05.264073 1072647 aorta_publisher.cpp:119] [cosine_internal][AortaPublisher] publisher initialize. topic:/wbc/end_effector_pose_control, uri:
I0827 00:29:05.264081 1072647 publisher.cpp:27] [GDK]create publisher: /wbc/end_effector_pose_control type: genie_msgs.msg.pb.EndEffectorPoseControl qos: 1 1 5 2
I0827 00:29:05.264091 1072760 centralized_discovery.cc:681] [aorta]publisher uid:80e69a67-cf4a-46bc-8f1a-63492a9c0719-12160131399292109555 topic:/wbc/right_ee_command
I0827 00:29:05.264174 1072647 cosine_bus_manager.cpp:294] [cosine_internal][CosineBusManager] create publisher. topic name:/wbc/joint_position_control , middleware:aorta
I0827 00:29:05.264597 1072647 tcp_publisher.cc:179] [aorta]topic /wbc/joint_position_control, pub_queue_size_ 5, latch_queue_size_ 0
I0827 00:29:05.264663 1073831 tcp_socket_server.cc:200] [aorta]The ip info is0.0.0.0:37011
I0827 00:29:05.264730 1073831 shm_socket_server.cc:101] [aorta][/wbc/joint_position_control] bind at pipe sock name d2379|python3.10|p1072647|n0|/wbc/joint_position_control|p8
I0827 00:29:05.264777 1072647 node_impl.cc:198] [aorta]CreatePublisher, host:0.0.0.0, port:37011, sockname:d2379|python3.10|p1072647|n0|/wbc/joint_position_control|p8, topic:/wbc/joint_position_control, uid:c04317da-2508-4b87-b2b1-11972e1756d6-17554954426434248758 topic_uid:-1
I0827 00:29:05.264796 1072647 aorta_component.cpp:394] [cosine_internal][AortaComponent] aorta node create publisher. node: python3.10_S1, topic:/wbc/joint_position_control, type:genie_msgs.msg.pb.JointPositionControl, qos:(history:1, depth:5, reliability:1, durability:2), uri:http://10.42.0.101:2379
I0827 00:29:05.264825 1072647 aorta_publisher.cpp:119] [cosine_internal][AortaPublisher] publisher initialize. topic:/wbc/joint_position_control, uri:
I0827 00:29:05.264830 1072647 publisher.cpp:27] [GDK]create publisher: /wbc/joint_position_control type: genie_msgs.msg.pb.JointPositionControl qos: 1 1 5 2
I0827 00:29:05.264892 1072647 cosine_bus_manager.cpp:294] [cosine_internal][CosineBusManager] create publisher. topic name:/MotionControlService/JointPosition/request , middleware:aorta
I0827 00:29:05.265197 1072760 centralized_discovery.cc:733] [aorta]subscriber uid:dedeb1e9-821e-4b80-8b0e-7dcc04d6f2bc-3835708119707617413 topic:/wbc/motion_control_status
I0827 00:29:05.265298 1072647 tcp_publisher.cc:179] [aorta]topic /MotionControlService/JointPosition/request, pub_queue_size_ 5, latch_queue_size_ 0
I0827 00:29:05.265357 1073831 tcp_socket_server.cc:200] [aorta]The ip info is0.0.0.0:45211
I0827 00:29:05.265434 1073831 shm_socket_server.cc:101] [aorta][/MotionControlService/JointPosition/request] bind at pipe sock name d2379|python3.10|p1072647|n0|..onControlService/JointPosition/request|p9
I0827 00:29:05.265519 1072647 node_impl.cc:198] [aorta]CreatePublisher, host:0.0.0.0, port:45211, sockname:d2379|python3.10|p1072647|n0|..onControlService/JointPosition/request|p9, topic:/MotionControlService/JointPosition/request, uid:c3611d78-4f74-4446-b1b0-60a3826240cb-13247891859042633557 topic_uid:-1
I0827 00:29:05.265545 1072647 aorta_component.cpp:394] [cosine_internal][AortaComponent] aorta node create publisher. node: python3.10_S1, topic:/MotionControlService/JointPosition/request, type:genie_msgs.msg.pb.JointPositionRequst, qos:(history:1, depth:5, reliability:1, durability:2), uri:http://10.42.0.101:2379
I0827 00:29:05.265578 1072647 aorta_publisher.cpp:119] [cosine_internal][AortaPublisher] publisher initialize. topic:/MotionControlService/JointPosition/request, uri:
I0827 00:29:05.265584 1072647 publisher.cpp:27] [GDK]create publisher: /MotionControlService/JointPosition/request type: genie_msgs.msg.pb.JointPositionRequst qos: 1 1 5 2
I0827 00:29:05.265679 1072647 cosine_bus_manager.cpp:294] [cosine_internal][CosineBusManager] create publisher. topic name:/MotionControlService/ControlMode/request , middleware:aorta
I0827 00:29:05.266158 1072647 tcp_publisher.cc:179] [aorta]topic /MotionControlService/ControlMode/request, pub_queue_size_ 5, latch_queue_size_ 0
I0827 00:29:05.266234 1073831 tcp_socket_server.cc:200] [aorta]The ip info is0.0.0.0:43427
I0827 00:29:05.266357 1073835 shm_subscriber.cc:120] [aorta]subscriber connect to publisher success, topic /wbc/motion_control_status, local d2379|python3.10|p1072647|n0|s8|c0, peer d2379|genie_motion_control|p11269|n0|/wbc/motion_control_status|p4
I0827 00:29:05.266407 1072760 centralized_discovery.cc:733] [aorta]subscriber uid:7b9b20df-26a1-4d72-9c18-276b67390bed-11220515294652701264 topic:/MotionControlService/JointPosition/response
I0827 00:29:05.266462 1073831 shm_socket_server.cc:101] [aorta][/MotionControlService/ControlMode/request] bind at pipe sock name d2379|python3.10|p1072647|n0|..tionControlService/ControlMode/request|p10
I0827 00:29:05.266528 1072647 node_impl.cc:198] [aorta]CreatePublisher, host:0.0.0.0, port:43427, sockname:d2379|python3.10|p1072647|n0|..tionControlService/ControlMode/request|p10, topic:/MotionControlService/ControlMode/request, uid:12557a9e-be72-4fe2-8540-c01e6d831c1f-7079047142913889307 topic_uid:-1
I0827 00:29:05.266552 1072647 aorta_component.cpp:394] [cosine_internal][AortaComponent] aorta node create publisher. node: python3.10_S1, topic:/MotionControlService/ControlMode/request, type:genie_msgs.msg.pb.ControlModeRequest, qos:(history:1, depth:5, reliability:1, durability:2), uri:http://10.42.0.101:2379
I0827 00:29:05.266584 1072647 aorta_publisher.cpp:119] [cosine_internal][AortaPublisher] publisher initialize. topic:/MotionControlService/ControlMode/request, uri:
I0827 00:29:05.266592 1072647 publisher.cpp:27] [GDK]create publisher: /MotionControlService/ControlMode/request type: genie_msgs.msg.pb.ControlModeRequest qos: 1 1 5 2
I0827 00:29:05.266613 1072647 cosine_bus_manager.cpp:294] [cosine_internal][CosineBusManager] create publisher. topic name:/MotionControlService/SetLoad/request , middleware:aorta
