I0827 04:44:56.688125 948771 node_impl.cc:198] [aorta]CreatePublisher, host:0.0.0.0, port:41731, sockname:d2379|python3.10|p948771|n0|/MotionControlService/SetLoad/request|p11, topic:/MotionControlService/SetLoad/request, uid:bd814b42-e29d-4ab9-b457-54e04d7722f9-13250693701014519938 topic_uid:-1
I0827 04:44:56.688301 948869 centralized_discovery.cc:733] [aorta]subscriber uid:2767991a-12b7-47d0-8ae6-3d4c1ba3ca54-11220515294652701264 topic:/MotionControlService/JointPosition/response
I0827 04:44:56.688320 948771 aorta_component.cpp:394] [cosine_internal][AortaComponent] aorta node create publisher. node: python3.10_S1, topic:/MotionControlService/SetLoad/request, type:genie_msgs.msg.pb.SetLoadRequest, qos:(history:1, depth:5, reliability:1, durability:2), uri:http://10.42.0.101:2379
I0827 04:44:56.688359 948771 aorta_publisher.cpp:119] [cosine_internal][AortaPublisher] publisher initialize. topic:/MotionControlService/SetLoad/request, uri:
I0827 04:44:56.688367 948771 publisher.cpp:27] [GDK]create publisher: /MotionControlService/SetLoad/request type: genie_msgs.msg.pb.SetLoadRequest qos: 1 1 5 2
I0827 04:44:56.688477 948771 cosine_bus_manager.cpp:294] [cosine_internal][CosineBusManager] create publisher. topic name:/gdk/model_predict , middleware:aorta
I0827 04:44:56.688931 948771 tcp_publisher.cc:179] [aorta]topic /gdk/model_predict, pub_queue_size_ 5, latch_queue_size_ 0
I0827 04:44:56.689013 949971 tcp_socket_server.cc:200] [aorta]The ip info is0.0.0.0:44087
I0827 04:44:56.689082 949971 shm_socket_server.cc:101] [aorta][/gdk/model_predict] bind at pipe sock name d2379|python3.10|p948771|n0|/gdk/model_predict|p12
I0827 04:44:56.689201 948771 node_impl.cc:198] [aorta]CreatePublisher, host:0.0.0.0, port:44087, sockname:d2379|python3.10|p948771|n0|/gdk/model_predict|p12, topic:/gdk/model_predict, uid:9f0cfab5-d48b-472f-ae00-4b4be46b88bf-732077211275631522 topic_uid:-1
I0827 04:44:56.689224 948771 aorta_component.cpp:394] [cosine_internal][AortaComponent] aorta node create publisher. node: python3.10_S1, topic:/gdk/model_predict, type:genie_msgs.msg.pb.TrajectoryTrackingControl, qos:(history:1, depth:5, reliability:1, durability:2), uri:http://10.42.0.101:2379
I0827 04:44:56.689256 948771 aorta_publisher.cpp:119] [cosine_internal][AortaPublisher] publisher initialize. topic:/gdk/model_predict, uri:
I0827 04:44:56.689265 948771 publisher.cpp:27] [GDK]create publisher: /gdk/model_predict type: genie_msgs.msg.pb.TrajectoryTrackingControl qos: 1 1 5 2
I0827 04:44:56.689337 948771 cosine_bus_manager.cpp:294] [cosine_internal][CosineBusManager] create publisher. topic name:/wbc/force_position_cmd , middleware:aorta
I0827 04:44:56.689498 949972 shm_subscriber.cc:120] [aorta]subscriber connect to publisher success, topic /MotionControlService/JointPosition/response, local d2379|python3.10|p948771|n0|s9|c0, peer d2379|genie_motion_control|p11068|n0|..nControlService/JointPosition/response|p20
I0827 04:44:56.689630 948869 centralized_discovery.cc:733] [aorta]subscriber uid:1e2b3977-dc40-4282-9e7a-0d53cf9bd4a0-13500083580579056044 topic:/MotionControlService/ControlMode/response
I0827 04:44:56.690079 948771 tcp_publisher.cc:179] [aorta]topic /wbc/force_position_cmd, pub_queue_size_ 5, latch_queue_size_ 0
I0827 04:44:56.690162 949971 tcp_socket_server.cc:200] [aorta]The ip info is0.0.0.0:44079
I0827 04:44:56.690261 949971 shm_socket_server.cc:101] [aorta][/wbc/force_position_cmd] bind at pipe sock name d2379|python3.10|p948771|n0|/wbc/force_position_cmd|p13
I0827 04:44:56.690354 948771 node_impl.cc:198] [aorta]CreatePublisher, host:0.0.0.0, port:44079, sockname:d2379|python3.10|p948771|n0|/wbc/force_position_cmd|p13, topic:/wbc/force_position_cmd, uid:c1ec1d79-a676-4292-9f69-484be7613cd8-7688843706006148097 topic_uid:-1
I0827 04:44:56.690378 948771 aorta_component.cpp:394] [cosine_internal][AortaComponent] aorta node create publisher. node: python3.10_S1, topic:/wbc/force_position_cmd, type:genie_msgs.msg.pb.ForcePositionCmd, qos:(history:1, depth:5, reliability:1, durability:2), uri:http://10.42.0.101:2379
I0827 04:44:56.690412 948771 aorta_publisher.cpp:119] [cosine_internal][AortaPublisher] publisher initialize. topic:/wbc/force_position_cmd, uri:
I0827 04:44:56.690421 948771 publisher.cpp:27] [GDK]create publisher: /wbc/force_position_cmd type: genie_msgs.msg.pb.ForcePositionCmd qos: 1 1 5 2
I0827 04:44:56.690510 948771 cosine_bus_manager.cpp:294] [cosine_internal][CosineBusManager] create publisher. topic name:/MotionControlService/SetComplianceParams/request , middleware:aorta
I0827 04:44:56.690725 949972 shm_subscriber.cc:120] [aorta]subscriber connect to publisher success, topic /MotionControlService/ControlMode/response, local d2379|python3.10|p948771|n0|s10|c0, peer d2379|genie_motion_control|p11068|n0|..ionControlService/ControlMode/response|p16
I0827 04:44:56.691138 948869 centralized_discovery.cc:733] [aorta]subscriber uid:ad951873-5812-478e-b72d-d710f612df06-11741066552301177038 topic:/MotionControlService/SetLoad/response
I0827 04:44:56.691382 948771 tcp_publisher.cc:179] [aorta]topic /MotionControlService/SetComplianceParams/request, pub_queue_size_ 5, latch_queue_size_ 0
I0827 04:44:56.691466 949971 tcp_socket_server.cc:200] [aorta]The ip info is0.0.0.0:45531
I0827 04:44:56.691553 949971 shm_socket_server.cc:101] [aorta][/MotionControlService/SetComplianceParams/request] bind at pipe sock name d2379|python3.10|p948771|n0|..rolService/SetComplianceParams/request|p14
I0827 04:44:56.691637 948771 node_impl.cc:198] [aorta]CreatePublisher, host:0.0.0.0, port:45531, sockname:d2379|python3.10|p948771|n0|..rolService/SetComplianceParams/request|p14, topic:/MotionControlService/SetComplianceParams/request, uid:ff37f4cd-a78f-41ef-890e-e929477378e4-14162462508962048716 topic_uid:-1
I0827 04:44:56.691659 948771 aorta_component.cpp:394] [cosine_internal][AortaComponent] aorta node create publisher. node: python3.10_S1, topic:/MotionControlService/SetComplianceParams/request, type:genie_msgs.msg.pb.SetComplianceParamsRequest, qos:(history:1, depth:5, reliability:1, durability:2), uri:http://10.42.0.101:2379
I0827 04:44:56.691694 948771 aorta_publisher.cpp:119] [cosine_internal][AortaPublisher] publisher initialize. topic:/MotionControlService/SetComplianceParams/request, uri:
I0827 04:44:56.691702 948771 publisher.cpp:27] [GDK]create publisher: /MotionControlService/SetComplianceParams/request type: genie_msgs.msg.pb.SetComplianceParamsRequest qos: 1 1 5 2
I0827 04:44:56.691830 948771 cosine_bus_manager.cpp:294] [cosine_internal][CosineBusManager] create publisher. topic name:/MotionControlService/MotionPlan/request , middleware:aorta
I0827 04:44:56.692106 949972 shm_subscriber.cc:120] [aorta]subscriber connect to publisher success, topic /MotionControlService/SetLoad/response, local d2379|python3.10|p948771|n0|s11|c0, peer d2379|genie_motion_control|p11068|n0|/MotionControlService/SetLoad/response|p15
I0827 04:44:56.692168 948869 centralized_discovery.cc:733] [aorta]subscriber uid:20711aec-5be3-4e6d-8db0-a925196c9ddb-16772690313444795879 topic:/MotionControlService/SetComplianceParams/response
I0827 04:44:56.692360 948771 tcp_publisher.cc:179] [aorta]topic /MotionControlService/MotionPlan/request, pub_queue_size_ 5, latch_queue_size_ 0
I0827 04:44:56.692444 949971 tcp_socket_server.cc:200] [aorta]The ip info is0.0.0.0:44347
I0827 04:44:56.692561 949971 shm_socket_server.cc:101] [aorta][/MotionControlService/MotionPlan/request] bind at pipe sock name d2379|python3.10|p948771|n0|/MotionControlService/MotionPlan/request|p15
I0827 04:44:56.692631 948771 node_impl.cc:198] [aorta]CreatePublisher, host:0.0.0.0, port:44347, sockname:d2379|python3.10|p948771|n0|/MotionControlService/MotionPlan/request|p15, topic:/MotionControlService/MotionPlan/request, uid:2c99ebe2-74bf-4962-9a14-e61ef9206bd9-8174779158326670585 topic_uid:-1
I0827 04:44:56.692657 948771 aorta_component.cpp:394] [cosine_internal][AortaComponent] aorta node create publisher. node: python3.10_S1, topic:/MotionControlService/MotionPlan/request, type:genie_msgs.msg.pb.MotionPlanRequest, qos:(history:1, depth:5, reliability:1, durability:2), uri:http://10.42.0.101:2379
I0827 04:44:56.692690 948771 aorta_publisher.cpp:119] [cosine_internal][AortaPublisher] publisher initialize. topic:/MotionControlService/MotionPlan/request, uri:
I0827 04:44:56.692821 948771 publisher.cpp:27] [GDK]create publisher: /MotionControlService/MotionPlan/request type: genie_msgs.msg.pb.MotionPlanRequest qos: 1 1 5 2
I0827 04:44:56.692905 948771 cosine_bus_manager.cpp:294] [cosine_internal][CosineBusManager] create publisher. topic name:/wbc/retarget , middleware:aorta
I0827 04:44:56.693224 949972 shm_subscriber.cc:120] [aorta]subscriber connect to publisher success, topic /MotionControlService/SetComplianceParams/response, local d2379|python3.10|p948771|n0|s12|c0, peer d2379|genie_motion_control|p11068|n0|..olService/SetComplianceParams/response|p21
I0827 04:44:56.693287 948869 centralized_discovery.cc:733] [aorta]subscriber uid:5510adec-1044-471e-a9a4-07d35e65f3f7-7265943930381113476 topic:/MotionControlService/MotionPlan/response
I0827 04:44:56.693441 948771 tcp_publisher.cc:179] [aorta]topic /wbc/retarget, pub_queue_size_ 5, latch_queue_size_ 0
I0827 04:44:56.693527 949971 tcp_socket_server.cc:200] [aorta]The ip info is0.0.0.0:45049
I0827 04:44:56.693763 949971 shm_socket_server.cc:101] [aorta][/wbc/retarget] bind at pipe sock name d2379|python3.10|p948771|n0|/wbc/retarget|p16
I0827 04:44:56.693954 948771 node_impl.cc:198] [aorta]CreatePublisher, host:0.0.0.0, port:45049, sockname:d2379|python3.10|p948771|n0|/wbc/retarget|p16, topic:/wbc/retarget, uid:fbfcf4a0-4459-4fb3-a2a8-decaa313d62f-10549331913175888813 topic_uid:-1
I0827 04:44:56.693979 948771 aorta_component.cpp:394] [cosine_internal][AortaComponent] aorta node create publisher. node: python3.10_S1, topic:/wbc/retarget, type:genie_msgs.msg.pb.ReactiveControl, qos:(history:1, depth:5, reliability:1, durability:2), uri:http://10.42.0.101:2379
I0827 04:44:56.694057 949972 shm_subscriber.cc:120] [aorta]subscriber connect to publisher success, topic /MotionControlService/MotionPlan/response, local d2379|python3.10|p948771|n0|s13|c0, peer d2379|genie_motion_control|p11068|n0|..tionControlService/MotionPlan/response|p26
I0827 04:44:56.694108 948869 centralized_discovery.cc:681] [aorta]publisher uid:008dc116-f8f4-468e-8b2e-f26bd6658f55-13748557535015507650 topic:/wbc/motion_stop
I0827 04:44:56.694123 948771 aorta_publisher.cpp:119] [cosine_internal][AortaPublisher] publisher initialize. topic:/wbc/retarget, uri:
I0827 04:44:56.694132 948771 publisher.cpp:27] [GDK]create publisher: /wbc/retarget type: genie_msgs.msg.pb.ReactiveControl qos: 1 1 5 2
I0827 04:44:56.694145 948771 robot.cpp:28] [GDK]RobotBody constructor
I0827 04:44:56.694213 948771 cosine_bus_manager.cpp:76] [cosine_internal][CosineBusManager] cosine bus already initialised
I0827 04:44:56.694232 948771 cosine_bus_manager.cpp:351] [cosine_internal][CosineBusManager] create default subscriber. topic name:/camera/head_back_fisheye
I0827 04:44:56.694245 948771 aorta_component.cpp:174] [cosine_internal][AortaComponent] callback_name:/camera/head_back_fisheyehttp://10.42.0.101:2379
I0827 04:44:56.694343 948771 buffered_data_export.cpp:115] [cosine_internal]successfully create buffer [bus_buffer___camera__head_back_fisheye, type CosineDataPacket, block num 5, valid_time 0, transfer_type 0, data_size 0, mem_type 0, lib_name , ext_data_size 0, is_protobuf 0, enable_event_sync_subscriber 0], buffer id = 15
I0827 04:44:56.694366 948771 cosine_bus_message_buffer.cpp:45] [cosine_internal][CosineBusMessageBuffer] create buffer success. name:bus_buffer___camera__head_back_fisheye, type:CosineDataPacket, size:5
I0827 04:44:56.694446 948771 node_impl.cc:344] [aorta]CreateSubscriber topic:/camera/head_back_fisheye, uid:87335252-aec3-4b99-a421-d5748ff996de-10407449922038425096 topic_uid:-1
I0827 04:44:56.694845 948771 aorta_component.cpp:326] [cosine_internal][AortaComponent] aorta node create subscriber. node: python3.10_S1, topic:/camera/head_back_fisheye, type:CosineDataPacket, qos:(history:1, depth:5, reliability:1, durability:2), uri:http://10.42.0.101:2379
I0827 04:44:56.694857 948771 aorta_subscriber.hpp:96] [cosine_internal][AortaSubscriber] initial. topic:/camera/head_back_fisheye, uri:
I0827 04:44:56.694880 948771 cosine_bus_manager.cpp:76] [cosine_internal][CosineBusManager] cosine bus already initialised
I0827 04:44:56.694891 948771 cosine_bus_manager.cpp:351] [cosine_internal][CosineBusManager] create default subscriber. topic name:/camera/head_left_fisheye
I0827 04:44:56.694897 948771 aorta_component.cpp:174] [cosine_internal][AortaComponent] callback_name:/camera/head_left_fisheyehttp://10.42.0.101:2379
I0827 04:44:56.694927 948771 buffered_data_export.cpp:115] [cosine_internal]successfully create buffer [bus_buffer___camera__head_left_fisheye, type CosineDataPacket, block num 5, valid_time 0, transfer_type 0, data_size 0, mem_type 0, lib_name , ext_data_size 0, is_protobuf 0, enable_event_sync_subscriber 0], buffer id = 16
I0827 04:44:56.694939 948771 cosine_bus_message_buffer.cpp:45] [cosine_internal][CosineBusMessageBuffer] create buffer success. name:bus_buffer___camera__head_left_fisheye, type:CosineDataPacket, size:5
I0827 04:44:56.694996 948771 node_impl.cc:344] [aorta]CreateSubscriber topic:/camera/head_left_fisheye, uid:be2afc21-65d0-482d-b4c0-150946e910a8-14591831445956696588 topic_uid:-1
I0827 04:44:56.695436 948771 aorta_component.cpp:326] [cosine_internal][AortaComponent] aorta node create subscriber. node: python3.10_S1, topic:/camera/head_left_fisheye, type:CosineDataPacket, qos:(history:1, depth:5, reliability:1, durability:2), uri:http://10.42.0.101:2379
I0827 04:44:56.695449 948771 aorta_subscriber.hpp:96] [cosine_internal][AortaSubscriber] initial. topic:/camera/head_left_fisheye, uri:
I0827 04:44:56.695470 948771 cosine_bus_manager.cpp:76] [cosine_internal][CosineBusManager] cosine bus already initialised
I0827 04:44:56.695482 948771 cosine_bus_manager.cpp:351] [cosine_internal][CosineBusManager] create default subscriber. topic name:/camera/head_right_fisheye
I0827 04:44:56.695489 948771 aorta_component.cpp:174] [cosine_internal][AortaComponent] callback_name:/camera/head_right_fisheyehttp://10.42.0.101:2379
I0827 04:44:56.695518 948771 buffered_data_export.cpp:115] [cosine_internal]successfully create buffer [bus_buffer___camera__head_right_fisheye, type CosineDataPacket, block num 5, valid_time 0, transfer_type 0, data_size 0, mem_type 0, lib_name , ext_data_size 0, is_protobuf 0, enable_event_sync_subscriber 0], buffer id = 17
I0827 04:44:56.695530 948771 cosine_bus_message_buffer.cpp:45] [cosine_internal][CosineBusMessageBuffer] create buffer success. name:bus_buffer___camera__head_right_fisheye, type:CosineDataPacket, size:5
I0827 04:44:56.695559 948869 centralized_discovery.cc:681] [aorta]publisher uid:716ea2e0-fa8d-4755-a52d-abe95f2c407c-14916454457450496029 topic:/wbc/set_control_mode
I0827 04:44:56.695606 948771 node_impl.cc:344] [aorta]CreateSubscriber topic:/camera/head_right_fisheye, uid:c763c601-0c91-47e9-a8e2-64b6c1ece78c-11724137809755197201 topic_uid:-1
I0827 04:44:56.696172 948771 aorta_component.cpp:326] [cosine_internal][AortaComponent] aorta node create subscriber. node: python3.10_S1, topic:/camera/head_right_fisheye, type:CosineDataPacket, qos:(history:1, depth:5, reliability:1, durability:2), uri:http://10.42.0.101:2379
I0827 04:44:56.696188 948771 aorta_subscriber.hpp:96] [cosine_internal][AortaSubscriber] initial. topic:/camera/head_right_fisheye, uri:
I0827 04:44:56.696213 948771 cosine_bus_manager.cpp:76] [cosine_internal][CosineBusManager] cosine bus already initialised
I0827 04:44:56.696224 948771 cosine_bus_manager.cpp:351] [cosine_internal][CosineBusManager] create default subscriber. topic name:/camera/head_stereo_left
I0827 04:44:56.696230 948771 aorta_component.cpp:174] [cosine_internal][AortaComponent] callback_name:/camera/head_stereo_lefthttp://10.42.0.101:2379
I0827 04:44:56.696266 948771 buffered_data_export.cpp:115] [cosine_internal]successfully create buffer [bus_buffer___camera__head_stereo_left, type CosineDataPacket, block num 5, valid_time 0, transfer_type 0, data_size 0, mem_type 0, lib_name , ext_data_size 0, is_protobuf 0, enable_event_sync_subscriber 0], buffer id = 18
I0827 04:44:56.696280 948771 cosine_bus_message_buffer.cpp:45] [cosine_internal][CosineBusMessageBuffer] create buffer success. name:bus_buffer___camera__head_stereo_left, type:CosineDataPacket, size:5
I0827 04:44:56.696367 948771 node_impl.cc:344] [aorta]CreateSubscriber topic:/camera/head_stereo_left, uid:7dc2b641-44b2-4c89-933e-b5bc8903de4b-2772564262404746643 topic_uid:-1
I0827 04:44:56.696630 948869 centralized_discovery.cc:681] [aorta]publisher uid:1e8e47a5-1bc3-4bcb-9f3d-1788134e3d0a-8961509146944305143 topic:/wbc/end_effector_pose_control
I0827 04:44:56.696744 948771 aorta_component.cpp:326] [cosine_internal][AortaComponent] aorta node create subscriber. node: python3.10_S1, topic:/camera/head_stereo_left, type:CosineDataPacket, qos:(history:1, depth:5, reliability:1, durability:2), uri:http://10.42.0.101:2379
I0827 04:44:56.696754 948771 aorta_subscriber.hpp:96] [cosine_internal][AortaSubscriber] initial. topic:/camera/head_stereo_left, uri:
I0827 04:44:56.696774 948771 cosine_bus_manager.cpp:76] [cosine_internal][CosineBusManager] cosine bus already initialised
I0827 04:44:56.696784 948771 cosine_bus_manager.cpp:351] [cosine_internal][CosineBusManager] create default subscriber. topic name:/camera/head_stereo_right
I0827 04:44:56.696790 948771 aorta_component.cpp:174] [cosine_internal][AortaComponent] callback_name:/camera/head_stereo_righthttp://10.42.0.101:2379
I0827 04:44:56.696820 948771 buffered_data_export.cpp:115] [cosine_internal]successfully create buffer [bus_buffer___camera__head_stereo_right, type CosineDataPacket, block num 5, valid_time 0, transfer_type 0, data_size 0, mem_type 0, lib_name , ext_data_size 0, is_protobuf 0, enable_event_sync_subscriber 0], buffer id = 19
I0827 04:44:56.696831 948771 cosine_bus_message_buffer.cpp:45] [cosine_internal][CosineBusMessageBuffer] create buffer success. name:bus_buffer___camera__head_stereo_right, type:CosineDataPacket, size:5
I0827 04:44:56.696902 948771 node_impl.cc:344] [aorta]CreateSubscriber topic:/camera/head_stereo_right, uid:d0c2da3f-e1a6-4342-8aaa-c7db6828f2ca-8400981831882539399 topic_uid:-1
I0827 04:44:56.697275 948771 aorta_component.cpp:326] [cosine_internal][AortaComponent] aorta node create subscriber. node: python3.10_S1, topic:/camera/head_stereo_right, type:CosineDataPacket, qos:(history:1, depth:5, reliability:1, durability:2), uri:http://10.42.0.101:2379
I0827 04:44:56.697286 948771 aorta_subscriber.hpp:96] [cosine_internal][AortaSubscriber] initial. topic:/camera/head_stereo_right, uri:
I0827 04:44:56.697309 948771 cosine_bus_manager.cpp:76] [cosine_internal][CosineBusManager] cosine bus already initialised
I0827 04:44:56.697319 948771 cosine_bus_manager.cpp:351] [cosine_internal][CosineBusManager] create default subscriber. topic name:/camera/hand_left_color
I0827 04:44:56.697324 948771 aorta_component.cpp:174] [cosine_internal][AortaComponent] callback_name:/camera/hand_left_colorhttp://10.42.0.101:2379
I0827 04:44:56.697355 948771 buffered_data_export.cpp:115] [cosine_internal]successfully create buffer [bus_buffer___camera__hand_left_color, type CosineDataPacket, block num 5, valid_time 0, transfer_type 0, data_size 0, mem_type 0, lib_name , ext_data_size 0, is_protobuf 0, enable_event_sync_subscriber 0], buffer id = 20
I0827 04:44:56.697367 948771 cosine_bus_message_buffer.cpp:45] [cosine_internal][CosineBusMessageBuffer] create buffer success. name:bus_buffer___camera__hand_left_color, type:CosineDataPacket, size:5
I0827 04:44:56.697428 948771 node_impl.cc:344] [aorta]CreateSubscriber topic:/camera/hand_left_color, uid:43ecd1aa-996a-490b-b603-a50630b9d516-16768487626907404343 topic_uid:-1
I0827 04:44:56.698305 948771 aorta_component.cpp:326] [cosine_internal][AortaComponent] aorta node create subscriber. node: python3.10_S1, topic:/camera/hand_left_color, type:CosineDataPacket, qos:(history:1, depth:5, reliability:1, durability:2), uri:http://10.42.0.101:2379
I0827 04:44:56.698324 948771 aorta_subscriber.hpp:96] [cosine_internal][AortaSubscriber] initial. topic:/camera/hand_left_color, uri:
I0827 04:44:56.698318 948869 centralized_discovery.cc:681] [aorta]publisher uid:7b767f8f-6b15-4de6-b4db-01db5d3a9e56-17554954426434248758 topic:/wbc/joint_position_control
I0827 04:44:56.698357 948771 cosine_bus_manager.cpp:76] [cosine_internal][CosineBusManager] cosine bus already initialised
I0827 04:44:56.698398 948771 cosine_bus_manager.cpp:351] [cosine_internal][CosineBusManager] create default subscriber. topic name:/camera/hand_right_color
I0827 04:44:56.698406 948771 aorta_component.cpp:174] [cosine_internal][AortaComponent] callback_name:/camera/hand_right_colorhttp://10.42.0.101:2379
I0827 04:44:56.698450 948771 buffered_data_export.cpp:115] [cosine_internal]successfully create buffer [bus_buffer___camera__hand_right_color, type CosineDataPacket, block num 5, valid_time 0, transfer_type 0, data_size 0, mem_type 0, lib_name , ext_data_size 0, is_protobuf 0, enable_event_sync_subscriber 0], buffer id = 21
I0827 04:44:56.698465 948771 cosine_bus_message_buffer.cpp:45] [cosine_internal][CosineBusMessageBuffer] create buffer success. name:bus_buffer___camera__hand_right_color, type:CosineDataPacket, size:5
I0827 04:44:56.698545 948771 node_impl.cc:344] [aorta]CreateSubscriber topic:/camera/hand_right_color, uid:ad5e1b83-a8ca-457d-90d5-be6d7d3aa7e2-8629761233962563373 topic_uid:-1
I0827 04:44:56.698920 948771 aorta_component.cpp:326] [cosine_internal][AortaComponent] aorta node create subscriber. node: python3.10_S1, topic:/camera/hand_right_color, type:CosineDataPacket, qos:(history:1, depth:5, reliability:1, durability:2), uri:http://10.42.0.101:2379
I0827 04:44:56.698931 948771 aorta_subscriber.hpp:96] [cosine_internal][AortaSubscriber] initial. topic:/camera/hand_right_color, uri:
I0827 04:44:56.698948 948771 cosine_bus_manager.cpp:76] [cosine_internal][CosineBusManager] cosine bus already initialised
I0827 04:44:56.698971 948771 cosine_bus_manager.cpp:351] [cosine_internal][CosineBusManager] create default subscriber. topic name:/camera/head_color
I0827 04:44:56.698979 948771 aorta_component.cpp:174] [cosine_internal][AortaComponent] callback_name:/camera/head_colorhttp://10.42.0.101:2379
I0827 04:44:56.699009 948771 buffered_data_export.cpp:115] [cosine_internal]successfully create buffer [bus_buffer___camera__head_color, type CosineDataPacket, block num 5, valid_time 0, transfer_type 0, data_size 0, mem_type 0, lib_name , ext_data_size 0, is_protobuf 0, enable_event_sync_subscriber 0], buffer id = 22
I0827 04:44:56.699021 948771 cosine_bus_message_buffer.cpp:45] [cosine_internal][CosineBusMessageBuffer] create buffer success. name:bus_buffer___camera__head_color, type:CosineDataPacket, size:5
I0827 04:44:56.699084 948771 node_impl.cc:344] [aorta]CreateSubscriber topic:/camera/head_color, uid:e29da023-c0d9-49c8-94d6-02f95da76aa9-2515219504367417955 topic_uid:-1
I0827 04:44:56.699604 948771 aorta_component.cpp:326] [cosine_internal][AortaComponent] aorta node create subscriber. node: python3.10_S1, topic:/camera/head_color, type:CosineDataPacket, qos:(history:1, depth:5, reliability:1, durability:2), uri:http://10.42.0.101:2379
I0827 04:44:56.699618 948771 aorta_subscriber.hpp:96] [cosine_internal][AortaSubscriber] initial. topic:/camera/head_color, uri:
I0827 04:44:56.699643 948771 cosine_bus_manager.cpp:76] [cosine_internal][CosineBusManager] cosine bus already initialised
I0827 04:44:56.699735 948771 cosine_bus_manager.cpp:351] [cosine_internal][CosineBusManager] create default subscriber. topic name:/camera/head_depth
I0827 04:44:56.699746 948771 aorta_component.cpp:174] [cosine_internal][AortaComponent] callback_name:/camera/head_depthhttp://10.42.0.101:2379
I0827 04:44:56.699755 948869 centralized_discovery.cc:681] [aorta]publisher uid:dd4b9aaf-2102-46b1-ac87-47b7fb011e65-13247891859042633557 topic:/MotionControlService/JointPosition/request
I0827 04:44:56.699784 948771 buffered_data_export.cpp:115] [cosine_internal]successfully create buffer [bus_buffer___camera__head_depth, type CosineDataPacket, block num 5, valid_time 0, transfer_type 0, data_size 0, mem_type 0, lib_name , ext_data_size 0, is_protobuf 0, enable_event_sync_subscriber 0], buffer id = 23
I0827 04:44:56.699797 948771 cosine_bus_message_buffer.cpp:45] [cosine_internal][CosineBusMessageBuffer] create buffer success. name:bus_buffer___camera__head_depth, type:CosineDataPacket, size:5
I0827 04:44:56.699883 948771 node_impl.cc:344] [aorta]CreateSubscriber topic:/camera/head_depth, uid:88a2b895-7f9e-4444-b312-da7aa598b1da-14849645885661810178 topic_uid:-1
I0827 04:44:56.700260 948771 aorta_component.cpp:326] [cosine_internal][AortaComponent] aorta node create subscriber. node: python3.10_S1, topic:/camera/head_depth, type:CosineDataPacket, qos:(history:1, depth:5, reliability:1, durability:2), uri:http://10.42.0.101:2379
I0827 04:44:56.700271 948771 aorta_subscriber.hpp:96] [cosine_internal][AortaSubscriber] initial. topic:/camera/head_depth, uri:
I0827 04:44:56.700291 948771 cosine_bus_manager.cpp:76] [cosine_internal][CosineBusManager] cosine bus already initialised
I0827 04:44:56.700315 948771 cosine_bus_manager.cpp:351] [cosine_internal][CosineBusManager] create default subscriber. topic name:/camera/hand_left_depth
I0827 04:44:56.700323 948771 aorta_component.cpp:174] [cosine_internal][AortaComponent] callback_name:/camera/hand_left_depthhttp://10.42.0.101:2379
I0827 04:44:56.700358 948771 buffered_data_export.cpp:115] [cosine_internal]successfully create buffer [bus_buffer___camera__hand_left_depth, type CosineDataPacket, block num 5, valid_time 0, transfer_type 0, data_size 0, mem_type 0, lib_name , ext_data_size 0, is_protobuf 0, enable_event_sync_subscriber 0], buffer id = 24
I0827 04:44:56.700371 948771 cosine_bus_message_buffer.cpp:45] [cosine_internal][CosineBusMessageBuffer] create buffer success. name:bus_buffer___camera__hand_left_depth, type:CosineDataPacket, size:5
I0827 04:44:56.700444 948771 node_impl.cc:344] [aorta]CreateSubscriber topic:/camera/hand_left_depth, uid:4d2a6e23-6ba7-4aeb-bd80-f65a617b0fb6-13237741933269507762 topic_uid:-1
I0827 04:44:56.701049 948869 centralized_discovery.cc:681] [aorta]publisher uid:b2803256-f009-4bf7-8570-9fd3dbb4800d-7079047142913889307 topic:/MotionControlService/ControlMode/request
I0827 04:44:56.701460 948771 aorta_component.cpp:326] [cosine_internal][AortaComponent] aorta node create subscriber. node: python3.10_S1, topic:/camera/hand_left_depth, type:CosineDataPacket, qos:(history:1, depth:5, reliability:1, durability:2), uri:http://10.42.0.101:2379
I0827 04:44:56.701478 948771 aorta_subscriber.hpp:96] [cosine_internal][AortaSubscriber] initial. topic:/camera/hand_left_depth, uri:
I0827 04:44:56.701514 948771 cosine_bus_manager.cpp:76] [cosine_internal][CosineBusManager] cosine bus already initialised
I0827 04:44:56.701550 948771 cosine_bus_manager.cpp:351] [cosine_internal][CosineBusManager] create default subscriber. topic name:/camera/hand_right_depth
I0827 04:44:56.701560 948771 aorta_component.cpp:174] [cosine_internal][AortaComponent] callback_name:/camera/hand_right_depthhttp://10.42.0.101:2379
I0827 04:44:56.701610 948771 buffered_data_export.cpp:115] [cosine_internal]successfully create buffer [bus_buffer___camera__hand_right_depth, type CosineDataPacket, block num 5, valid_time 0, transfer_type 0, data_size 0, mem_type 0, lib_name , ext_data_size 0, is_protobuf 0, enable_event_sync_subscriber 0], buffer id = 25
I0827 04:44:56.701633 948771 cosine_bus_message_buffer.cpp:45] [cosine_internal][CosineBusMessageBuffer] create buffer success. name:bus_buffer___camera__hand_right_depth, type:CosineDataPacket, size:5
I0827 04:44:56.701740 948771 node_impl.cc:344] [aorta]CreateSubscriber topic:/camera/hand_right_depth, uid:7cdf65ad-fb30-4aed-bb99-9aec16ecb98e-17867573658284279546 topic_uid:-1
I0827 04:44:56.702142 948771 aorta_component.cpp:326] [cosine_internal][AortaComponent] aorta node create subscriber. node: python3.10_S1, topic:/camera/hand_right_depth, type:CosineDataPacket, qos:(history:1, depth:5, reliability:1, durability:2), uri:http://10.42.0.101:2379
I0827 04:44:56.702155 948771 aorta_subscriber.hpp:96] [cosine_internal][AortaSubscriber] initial. topic:/camera/hand_right_depth, uri:
I0827 04:44:56.702183 948771 cosine_bus_manager.cpp:76] [cosine_internal][CosineBusManager] cosine bus already initialised
I0827 04:44:56.702222 948771 cosine_bus_manager.cpp:351] [cosine_internal][CosineBusManager] create default subscriber. topic name:/camera/hand_left_upper_color
I0827 04:44:56.702231 948771 aorta_component.cpp:174] [cosine_internal][AortaComponent] callback_name:/camera/hand_left_upper_colorhttp://10.42.0.101:2379
I0827 04:44:56.702277 948771 buffered_data_export.cpp:115] [cosine_internal]successfully create buffer [bus_buffer___camera__hand_left_upper_color, type CosineDataPacket, block num 5, valid_time 0, transfer_type 0, data_size 0, mem_type 0, lib_name , ext_data_size 0, is_protobuf 0, enable_event_sync_subscriber 0], buffer id = 26
I0827 04:44:56.702293 948771 cosine_bus_message_buffer.cpp:45] [cosine_internal][CosineBusMessageBuffer] create buffer success. name:bus_buffer___camera__hand_left_upper_color, type:CosineDataPacket, size:5
I0827 04:44:56.702368 948771 node_impl.cc:344] [aorta]CreateSubscriber topic:/camera/hand_left_upper_color, uid:b090a766-5d1a-42f4-b146-8449f7b75403-10419009240684809358 topic_uid:-1
I0827 04:44:56.702750 948771 aorta_component.cpp:326] [cosine_internal][AortaComponent] aorta node create subscriber. node: python3.10_S1, topic:/camera/hand_left_upper_color, type:CosineDataPacket, qos:(history:1, depth:5, reliability:1, durability:2), uri:http://10.42.0.101:2379
I0827 04:44:56.702819 948869 centralized_discovery.cc:681] [aorta]publisher uid:bd814b42-e29d-4ab9-b457-54e04d7722f9-13250693701014519938 topic:/MotionControlService/SetLoad/request
I0827 04:44:56.702999 948771 aorta_subscriber.hpp:96] [cosine_internal][AortaSubscriber] initial. topic:/camera/hand_left_upper_color, uri:
I0827 04:44:56.703037 948771 cosine_bus_manager.cpp:76] [cosine_internal][CosineBusManager] cosine bus already initialised
I0827 04:44:56.703069 948771 cosine_bus_manager.cpp:351] [cosine_internal][CosineBusManager] create default subscriber. topic name:/camera/hand_right_upper_color
I0827 04:44:56.703079 948771 aorta_component.cpp:174] [cosine_internal][AortaComponent] callback_name:/camera/hand_right_upper_colorhttp://10.42.0.101:2379
I0827 04:44:56.703117 948771 buffered_data_export.cpp:115] [cosine_internal]successfully create buffer [bus_buffer___camera__hand_right_upper_color, type CosineDataPacket, block num 5, valid_time 0, transfer_type 0, data_size 0, mem_type 0, lib_name , ext_data_size 0, is_protobuf 0, enable_event_sync_subscriber 0], buffer id = 27
I0827 04:44:56.703133 948771 cosine_bus_message_buffer.cpp:45] [cosine_internal][CosineBusMessageBuffer] create buffer success. name:bus_buffer___camera__hand_right_upper_color, type:CosineDataPacket, size:5
I0827 04:44:56.703214 948771 node_impl.cc:344] [aorta]CreateSubscriber topic:/camera/hand_right_upper_color, uid:b2109b05-8dfa-4b53-9c54-323bdf4f0fa7-14436869942545931775 topic_uid:-1
I0827 04:44:56.704069 948771 aorta_component.cpp:326] [cosine_internal][AortaComponent] aorta node create subscriber. node: python3.10_S1, topic:/camera/hand_right_upper_color, type:CosineDataPacket, qos:(history:1, depth:5, reliability:1, durability:2), uri:http://10.42.0.101:2379
I0827 04:44:56.704087 948771 aorta_subscriber.hpp:96] [cosine_internal][AortaSubscriber] initial. topic:/camera/hand_right_upper_color, uri:
I0827 04:44:56.704115 948771 cosine_bus_manager.cpp:76] [cosine_internal][CosineBusManager] cosine bus already initialised
I0827 04:44:56.704150 948771 cosine_bus_manager.cpp:351] [cosine_internal][CosineBusManager] create default subscriber. topic name:/camera/hand_left_lower_color
I0827 04:44:56.704159 948771 aorta_component.cpp:174] [cosine_internal][AortaComponent] callback_name:/camera/hand_left_lower_colorhttp://10.42.0.101:2379
I0827 04:44:56.704202 948771 buffered_data_export.cpp:115] [cosine_internal]successfully create buffer [bus_buffer___camera__hand_left_lower_color, type CosineDataPacket, block num 5, valid_time 0, transfer_type 0, data_size 0, mem_type 0, lib_name , ext_data_size 0, is_protobuf 0, enable_event_sync_subscriber 0], buffer id = 28
I0827 04:44:56.704218 948771 cosine_bus_message_buffer.cpp:45] [cosine_internal][CosineBusMessageBuffer] create buffer success. name:bus_buffer___camera__hand_left_lower_color, type:CosineDataPacket, size:5
I0827 04:44:56.704305 948771 node_impl.cc:344] [aorta]CreateSubscriber topic:/camera/hand_left_lower_color, uid:1832f022-11b4-4902-97f5-9764180efa90-4503626684902531612 topic_uid:-1
I0827 04:44:56.704504 948869 centralized_discovery.cc:681] [aorta]publisher uid:9f0cfab5-d48b-472f-ae00-4b4be46b88bf-732077211275631522 topic:/gdk/model_predict
I0827 04:44:56.704862 948771 aorta_component.cpp:326] [cosine_internal][AortaComponent] aorta node create subscriber. node: python3.10_S1, topic:/camera/hand_left_lower_color, type:CosineDataPacket, qos:(history:1, depth:5, reliability:1, durability:2), uri:http://10.42.0.101:2379
I0827 04:44:56.704877 948771 aorta_subscriber.hpp:96] [cosine_internal][AortaSubscriber] initial. topic:/camera/hand_left_lower_color, uri:
I0827 04:44:56.704909 948771 cosine_bus_manager.cpp:76] [cosine_internal][CosineBusManager] cosine bus already initialised
I0827 04:44:56.704941 948771 cosine_bus_manager.cpp:351] [cosine_internal][CosineBusManager] create default subscriber. topic name:/camera/hand_right_lower_color
I0827 04:44:56.704950 948771 aorta_component.cpp:174] [cosine_internal][AortaComponent] callback_name:/camera/hand_right_lower_colorhttp://10.42.0.101:2379
I0827 04:44:56.704995 948771 buffered_data_export.cpp:115] [cosine_internal]successfully create buffer [bus_buffer___camera__hand_right_lower_color, type CosineDataPacket, block num 5, valid_time 0, transfer_type 0, data_size 0, mem_type 0, lib_name , ext_data_size 0, is_protobuf 0, enable_event_sync_subscriber 0], buffer id = 29
I0827 04:44:56.705011 948771 cosine_bus_message_buffer.cpp:45] [cosine_internal][CosineBusMessageBuffer] create buffer success. name:bus_buffer___camera__hand_right_lower_color, type:CosineDataPacket, size:5
I0827 04:44:56.705091 948771 node_impl.cc:344] [aorta]CreateSubscriber topic:/camera/hand_right_lower_color, uid:68ca604e-9e47-4580-ba3d-d893e0bfb47d-8186110446424813557 topic_uid:-1
I0827 04:44:56.705476 948771 aorta_component.cpp:326] [cosine_internal][AortaComponent] aorta node create subscriber. node: python3.10_S1, topic:/camera/hand_right_lower_color, type:CosineDataPacket, qos:(history:1, depth:5, reliability:1, durability:2), uri:http://10.42.0.101:2379
I0827 04:44:56.705487 948771 aorta_subscriber.hpp:96] [cosine_internal][AortaSubscriber] initial. topic:/camera/hand_right_lower_color, uri:
I0827 04:44:56.705513 948771 cosine_bus_manager.cpp:76] [cosine_internal][CosineBusManager] cosine bus already initialised
I0827 04:44:56.705538 948771 cosine_bus_manager.cpp:351] [cosine_internal][CosineBusManager] create default subscriber. topic name:/camera/hand_left_upper_depth
I0827 04:44:56.705547 948771 aorta_component.cpp:174] [cosine_internal][AortaComponent] callback_name:/camera/hand_left_upper_depthhttp://10.42.0.101:2379
I0827 04:44:56.705588 948771 buffered_data_export.cpp:115] [cosine_internal]successfully create buffer [bus_buffer___camera__hand_left_upper_depth, type CosineDataPacket, block num 5, valid_time 0, transfer_type 0, data_size 0, mem_type 0, lib_name , ext_data_size 0, is_protobuf 0, enable_event_sync_subscriber 0], buffer id = 30
I0827 04:44:56.705613 948771 cosine_bus_message_buffer.cpp:45] [cosine_internal][CosineBusMessageBuffer] create buffer success. name:bus_buffer___camera__hand_left_upper_depth, type:CosineDataPacket, size:5
I0827 04:44:56.705682 948771 node_impl.cc:344] [aorta]CreateSubscriber topic:/camera/hand_left_upper_depth, uid:fd19e96a-6229-4895-a624-2ecc1ee9892e-12072037676595526463 topic_uid:-1
I0827 04:44:56.706295 948771 aorta_component.cpp:326] [cosine_internal][AortaComponent] aorta node create subscriber. node: python3.10_S1, topic:/camera/hand_left_upper_depth, type:CosineDataPacket, qos:(history:1, depth:5, reliability:1, durability:2), uri:http://10.42.0.101:2379
I0827 04:44:56.706313 948771 aorta_subscriber.hpp:96] [cosine_internal][AortaSubscriber] initial. topic:/camera/hand_left_upper_depth, uri:
I0827 04:44:56.706346 948771 cosine_bus_manager.cpp:76] [cosine_internal][CosineBusManager] cosine bus already initialised
I0827 04:44:56.706387 948771 cosine_bus_manager.cpp:351] [cosine_internal][CosineBusManager] create default subscriber. topic name:/camera/hand_right_upper_depth
I0827 04:44:56.706396 948771 aorta_component.cpp:174] [cosine_internal][AortaComponent] callback_name:/camera/hand_right_upper_depthhttp://10.42.0.101:2379
I0827 04:44:56.706444 948771 buffered_data_export.cpp:115] [cosine_internal]successfully create buffer [bus_buffer___camera__hand_right_upper_depth, type CosineDataPacket, block num 5, valid_time 0, transfer_type 0, data_size 0, mem_type 0, lib_name , ext_data_size 0, is_protobuf 0, enable_event_sync_subscriber 0], buffer id = 31
I0827 04:44:56.706462 948771 cosine_bus_message_buffer.cpp:45] [cosine_internal][CosineBusMessageBuffer] create buffer success. name:bus_buffer___camera__hand_right_upper_depth, type:CosineDataPacket, size:5
I0827 04:44:56.706564 948771 node_impl.cc:344] [aorta]CreateSubscriber topic:/camera/hand_right_upper_depth, uid:4d1f0c2b-c157-4e1b-b497-35cbcff3809c-15534589775061933553 topic_uid:-1
I0827 04:44:56.707001 948869 centralized_discovery.cc:681] [aorta]publisher uid:c1ec1d79-a676-4292-9f69-484be7613cd8-7688843706006148097 topic:/wbc/force_position_cmd
I0827 04:44:56.707114 948771 aorta_component.cpp:326] [cosine_internal][AortaComponent] aorta node create subscriber. node: python3.10_S1, topic:/camera/hand_right_upper_depth, type:CosineDataPacket, qos:(history:1, depth:5, reliability:1, durability:2), uri:http://10.42.0.101:2379
I0827 04:44:56.707126 948771 aorta_subscriber.hpp:96] [cosine_internal][AortaSubscriber] initial. topic:/camera/hand_right_upper_depth, uri:
I0827 04:44:56.707158 948771 cosine_bus_manager.cpp:76] [cosine_internal][CosineBusManager] cosine bus already initialised
I0827 04:44:56.707191 948771 cosine_bus_manager.cpp:351] [cosine_internal][CosineBusManager] create default subscriber. topic name:/camera/hand_left_lower_depth
I0827 04:44:56.707201 948771 aorta_component.cpp:174] [cosine_internal][AortaComponent] callback_name:/camera/hand_left_lower_depthhttp://10.42.0.101:2379
I0827 04:44:56.707244 948771 buffered_data_export.cpp:115] [cosine_internal]successfully create buffer [bus_buffer___camera__hand_left_lower_depth, type CosineDataPacket, block num 5, valid_time 0, transfer_type 0, data_size 0, mem_type 0, lib_name , ext_data_size 0, is_protobuf 0, enable_event_sync_subscriber 0], buffer id = 32
I0827 04:44:56.707262 948771 cosine_bus_message_buffer.cpp:45] [cosine_internal][CosineBusMessageBuffer] create buffer success. name:bus_buffer___camera__hand_left_lower_depth, type:CosineDataPacket, size:5
I0827 04:44:56.707351 948771 node_impl.cc:344] [aorta]CreateSubscriber topic:/camera/hand_left_lower_depth, uid:ab8db97c-556f-4a1d-a15e-8c4ddfa1f92e-14499789538593900557 topic_uid:-1
I0827 04:44:56.708165 948870 buffered_data_export.cpp:320] [cosine_internal]successfully expanded buffer [bus_buffer___hal__chassis_power_state, type genie_msgs.msg.pb.ChassisPowerState, block num 6, valid_time 0, transfer_type 0, data_size 192, mem_type 0, lib_name , ext_data_size 0, is_protobuf 1, enable_event_sync_subscriber 0] to size: 6
I0827 04:44:56.708250 948870 buffered_data_export.cpp:320] [cosine_internal]successfully expanded buffer [bus_buffer___hal__chest_power_state, type genie_msgs.msg.pb.ChestPowerState, block num 6, valid_time 0, transfer_type 0, data_size 216, mem_type 0, lib_name , ext_data_size 0, is_protobuf 1, enable_event_sync_subscriber 0] to size: 6
I0827 04:44:56.708407 948771 aorta_component.cpp:326] [cosine_internal][AortaComponent] aorta node create subscriber. node: python3.10_S1, topic:/camera/hand_left_lower_depth, type:CosineDataPacket, qos:(history:1, depth:5, reliability:1, durability:2), uri:http://10.42.0.101:2379
I0827 04:44:56.708422 948771 aorta_subscriber.hpp:96] [cosine_internal][AortaSubscriber] initial. topic:/camera/hand_left_lower_depth, uri:
I0827 04:44:56.708457 948771 cosine_bus_manager.cpp:76] [cosine_internal][CosineBusManager] cosine bus already initialised
I0827 04:44:56.708498 948771 cosine_bus_manager.cpp:351] [cosine_internal][CosineBusManager] create default subscriber. topic name:/camera/hand_right_lower_depth
I0827 04:44:56.708506 948771 aorta_component.cpp:174] [cosine_internal][AortaComponent] callback_name:/camera/hand_right_lower_depthhttp://10.42.0.101:2379
I0827 04:44:56.708567 948771 buffered_data_export.cpp:115] [cosine_internal]successfully create buffer [bus_buffer___camera__hand_right_lower_depth, type CosineDataPacket, block num 5, valid_time 0, transfer_type 0, data_size 0, mem_type 0, lib_name , ext_data_size 0, is_protobuf 0, enable_event_sync_subscriber 0], buffer id = 33
I0827 04:44:56.708585 948771 cosine_bus_message_buffer.cpp:45] [cosine_internal][CosineBusMessageBuffer] create buffer success. name:bus_buffer___camera__hand_right_lower_depth, type:CosineDataPacket, size:5
I0827 04:44:56.708701 948771 node_impl.cc:344] [aorta]CreateSubscriber topic:/camera/hand_right_lower_depth, uid:60eb41f7-8b70-4f0b-bd23-b1bb80792f42-9839082178762803487 topic_uid:-1
I0827 04:44:56.708784 948869 centralized_discovery.cc:681] [aorta]publisher uid:ff37f4cd-a78f-41ef-890e-e929477378e4-14162462508962048716 topic:/MotionControlService/SetComplianceParams/request
I0827 04:44:56.709275 948771 aorta_component.cpp:326] [cosine_internal][AortaComponent] aorta node create subscriber. node: python3.10_S1, topic:/camera/hand_right_lower_depth, type:CosineDataPacket, qos:(history:1, depth:5, reliability:1, durability:2), uri:http://10.42.0.101:2379
I0827 04:44:56.709291 948771 aorta_subscriber.hpp:96] [cosine_internal][AortaSubscriber] initial. topic:/camera/hand_right_lower_depth, uri:
I0827 04:44:56.709408 948771 cosine_bus_manager.cpp:400] [cosine_internal][CosineBusManager] create subscriber. topic name:/pnc/task_state , middleware:aorta , need async callback:0, frame_skip_rate:1
I0827 04:44:56.709424 948771 aorta_component.cpp:174] [cosine_internal][AortaComponent] callback_name:/pnc/task_statehttp://10.42.0.101:2379
I0827 04:44:56.710036 948771 buffered_data_export.cpp:115] [cosine_internal]successfully create buffer [bus_buffer___pnc__task_state, type pnc_msgs.TaskState, block num 5, valid_time 0, transfer_type 0, data_size 0, mem_type 0, lib_name , ext_data_size 0, is_protobuf 1, enable_event_sync_subscriber 0], buffer id = 34
I0827 04:44:56.710062 948771 cosine_bus_message_buffer.cpp:45] [cosine_internal][CosineBusMessageBuffer] create buffer success. name:bus_buffer___pnc__task_state, type:pnc_msgs.TaskState, size:5
I0827 04:44:56.710165 948771 node_impl.cc:344] [aorta]CreateSubscriber topic:/pnc/task_state, uid:f0472e32-3f78-4746-a8bf-3149070ff804-9096530589114119892 topic_uid:-1
I0827 04:44:56.710561 948771 aorta_component.cpp:326] [cosine_internal][AortaComponent] aorta node create subscriber. node: python3.10_S1, topic:/pnc/task_state, type:pnc_msgs.TaskState, qos:(history:1, depth:5, reliability:1, durability:2), uri:http://10.42.0.101:2379
I0827 04:44:56.710573 948771 aorta_subscriber.hpp:96] [cosine_internal][AortaSubscriber] initial. topic:/pnc/task_state, uri:
I0827 04:44:56.710592 948771 cosine_bus_manager.cpp:400] [cosine_internal][CosineBusManager] create subscriber. topic name:/pnc/task_service/normal_navigation/response , middleware:aorta , need async callback:0, frame_skip_rate:1
I0827 04:44:56.710600 948771 aorta_component.cpp:174] [cosine_internal][AortaComponent] callback_name:/pnc/task_service/normal_navigation/responsehttp://10.42.0.101:2379
I0827 04:44:56.710649 948771 buffered_data_export.cpp:115] [cosine_internal]successfully create buffer [bus_buffer___pnc__task_service__normal_navigation__response, type pnc_msgs.NormalNavigationResponse, block num 5, valid_time 0, transfer_type 0, data_size 0, mem_type 0, lib_name , ext_data_size 0, is_protobuf 1, enable_event_sync_subscriber 0], buffer id = 35
I0827 04:44:56.710665 948771 cosine_bus_message_buffer.cpp:45] [cosine_internal][CosineBusMessageBuffer] create buffer success. name:bus_buffer___pnc__task_service__normal_navigation__response, type:pnc_msgs.NormalNavigationResponse, size:5
I0827 04:44:56.710758 948771 node_impl.cc:344] [aorta]CreateSubscriber topic:/pnc/task_service/normal_navigation/response, uid:ba949dc7-4180-4a5b-9857-900333d7ea3c-7227396448010854466 topic_uid:-1
I0827 04:44:56.711180 948771 aorta_component.cpp:326] [cosine_internal][AortaComponent] aorta node create subscriber. node: python3.10_S1, topic:/pnc/task_service/normal_navigation/response, type:pnc_msgs.NormalNavigationResponse, qos:(history:1, depth:5, reliability:1, durability:2), uri:http://10.42.0.101:2379
I0827 04:44:56.711192 948771 aorta_subscriber.hpp:96] [cosine_internal][AortaSubscriber] initial. topic:/pnc/task_service/normal_navigation/response, uri:
I0827 04:44:56.711205 948771 cosine_bus_manager.cpp:400] [cosine_internal][CosineBusManager] create subscriber. topic name:/pnc/task_service/high_precision_navigation/response , middleware:aorta , need async callback:0, frame_skip_rate:1
I0827 04:44:56.711211 948771 aorta_component.cpp:174] [cosine_internal][AortaComponent] callback_name:/pnc/task_service/high_precision_navigation/responsehttp://10.42.0.101:2379
I0827 04:44:56.711247 948771 buffered_data_export.cpp:115] [cosine_internal]successfully create buffer [bus_buffer___pnc__task_service__high_precision_navigation__response, type pnc_msgs.HighPrecisionNavigationResponse, block num 5, valid_time 0, transfer_type 0, data_size 0, mem_type 0, lib_name , ext_data_size 0, is_protobuf 1, enable_event_sync_subscriber 0], buffer id = 36
I0827 04:44:56.711261 948771 cosine_bus_message_buffer.cpp:45] [cosine_internal][CosineBusMessageBuffer] create buffer success. name:bus_buffer___pnc__task_service__high_precision_navigation__response, type:pnc_msgs.HighPrecisionNavigationResponse, size:5
I0827 04:44:56.711330 948771 node_impl.cc:344] [aorta]CreateSubscriber topic:/pnc/task_service/high_precision_navigation/response, uid:3cd5292a-0822-47c6-8983-cd2bd5d20fd8-4701876173029784314 topic_uid:-1
I0827 04:44:56.711917 948771 aorta_component.cpp:326] [cosine_internal][AortaComponent] aorta node create subscriber. node: python3.10_S1, topic:/pnc/task_service/high_precision_navigation/response, type:pnc_msgs.HighPrecisionNavigationResponse, qos:(history:1, depth:5, reliability:1, durability:2), uri:http://10.42.0.101:2379
I0827 04:44:56.711930 948771 aorta_subscriber.hpp:96] [cosine_internal][AortaSubscriber] initial. topic:/pnc/task_service/high_precision_navigation/response, uri:
I0827 04:44:56.711944 948771 cosine_bus_manager.cpp:400] [cosine_internal][CosineBusManager] create subscriber. topic name:/pnc/task_service/relative_move/response , middleware:aorta , need async callback:0, frame_skip_rate:1
I0827 04:44:56.711952 948771 aorta_component.cpp:174] [cosine_internal][AortaComponent] callback_name:/pnc/task_service/relative_move/responsehttp://10.42.0.101:2379
I0827 04:44:56.711997 948771 buffered_data_export.cpp:115] [cosine_internal]successfully create buffer [bus_buffer___pnc__task_service__relative_move__response, type pnc_msgs.RelativeMoveResponse, block num 5, valid_time 0, transfer_type 0, data_size 0, mem_type 0, lib_name , ext_data_size 0, is_protobuf 1, enable_event_sync_subscriber 0], buffer id = 37
I0827 04:44:56.712010 948771 cosine_bus_message_buffer.cpp:45] [cosine_internal][CosineBusMessageBuffer] create buffer success. name:bus_buffer___pnc__task_service__relative_move__response, type:pnc_msgs.RelativeMoveResponse, size:5
I0827 04:44:56.712093 948771 node_impl.cc:344] [aorta]CreateSubscriber topic:/pnc/task_service/relative_move/response, uid:bf4ec9f8-33ad-4aef-ac82-e41e55e89911-4077207897147431090 topic_uid:-1
I0827 04:44:56.712553 948771 aorta_component.cpp:326] [cosine_internal][AortaComponent] aorta node create subscriber. node: python3.10_S1, topic:/pnc/task_service/relative_move/response, type:pnc_msgs.RelativeMoveResponse, qos:(history:1, depth:5, reliability:1, durability:2), uri:http://10.42.0.101:2379
I0827 04:44:56.712563 948771 aorta_subscriber.hpp:96] [cosine_internal][AortaSubscriber] initial. topic:/pnc/task_service/relative_move/response, uri:
I0827 04:44:56.712555 948869 centralized_discovery.cc:681] [aorta]publisher uid:2c99ebe2-74bf-4962-9a14-e61ef9206bd9-8174779158326670585 topic:/MotionControlService/MotionPlan/request
I0827 04:44:56.712580 948771 cosine_bus_manager.cpp:400] [cosine_internal][CosineBusManager] create subscriber. topic name:/pnc/task_service/task_cancel/response , middleware:aorta , need async callback:0, frame_skip_rate:1
I0827 04:44:56.712589 948771 aorta_component.cpp:174] [cosine_internal][AortaComponent] callback_name:/pnc/task_service/task_cancel/responsehttp://10.42.0.101:2379
