Log file created at: 2025/08/27 05:45:52
Running on machine: G2
Log line format: [IWEF]mmdd hh:mm:ss.uuuuuu threadid file:line] msg
I0827 05:45:52.780653 1921578 dylog_impl.cpp:641] [DYLOG] set dylog default level to INFO
I0827 05:45:52.780735 1921578 dylog_impl.cpp:690] [DYLOG] soc num : R2
I0827 05:45:52.780750 1921578 dylog_impl.cpp:695] [DYLOG] can't read scene_mode, use sud
W0827 05:45:52.780772 1921578 dylog_impl.cpp:757] [DYLOG] can't find available json config file with path : /home/agi/app/conf/scene_server/dylog_sud_default.json, use default.
I0827 05:45:52.780884 1921578 dylog_impl.cpp:293] [DYLOG] register dsd_name : dylog/python3.10/cosine_internal
I0827 05:45:52.784058 1921578 cosine_bus_manager.cpp:88] [cosine_internal][CosineBusManager] cosine bus config path not set, use default config.
I0827 05:45:52.784104 1921578 cosine_bus_manager.cpp:118] [cosine_internal][CosineBusManager] initial cosine_bus_config:
I0827 05:45:52.785532 1921578 cosine_bus_global_sync.cpp:30] [cosine_internal][BusGlobalSync] set default middleware name:aorta
I0827 05:45:52.785568 1921578 scheduler_classic.cpp:28] [cosine_internal]Proc number set to be: 1
I0827 05:45:52.786489 1921578 dynamic_object.cpp:521] [cosine_internal][DynamicObject] open libdynamic_aorta.so success.
I0827 05:45:52.786669 1921578 dynamic_object.cpp:581] [cosine_internal][DynamicObject] Successfully enumerated 57 symbols in libdynamic_aorta.so
I0827 05:45:52.786679 1921578 resource_loader.cpp:13] [cosine_internal][ResourceLoader] Attempting to load function: aorta_get_object
I0827 05:45:52.786682 1921578 resource_loader.cpp:17] [cosine_internal][ResourceLoader] Trying address() method for C++ symbol: aorta_get_object
I0827 05:45:52.786688 1921578 resource_loader.cpp:20] [cosine_internal][ResourceLoader] Successfully loaded C++ symbol: aorta_get_object
I0827 05:45:52.786692 1921578 resource_loader.cpp:13] [cosine_internal][ResourceLoader] Attempting to load function: aorta_call_object_func
I0827 05:45:52.786695 1921578 resource_loader.cpp:17] [cosine_internal][ResourceLoader] Trying address() method for C++ symbol: aorta_call_object_func
I0827 05:45:52.786700 1921578 resource_loader.cpp:20] [cosine_internal][ResourceLoader] Successfully loaded C++ symbol: aorta_call_object_func
I0827 05:45:52.786702 1921578 resource_loader.cpp:13] [cosine_internal][ResourceLoader] Attempting to load function: aorta_clean_up
I0827 05:45:52.786705 1921578 resource_loader.cpp:17] [cosine_internal][ResourceLoader] Trying address() method for C++ symbol: aorta_clean_up
I0827 05:45:52.786720 1921578 resource_loader.cpp:25] [cosine_internal][ResourceLoader] C++ symbol failed, trying c_address() method for C symbol: aorta_clean_up
I0827 05:45:52.786724 1921578 resource_loader.cpp:28] [cosine_internal][ResourceLoader] Successfully loaded C symbol: aorta_clean_up
W0827 05:45:52.786731 1921578 aorta_component.cpp:90] [cosine_internal]Environment variable [LOCATOR_IP/DDS_IP] not set, fallback to 10.42.0.101
I0827 05:45:52.786736 1921578 aorta_component.cpp:496] [cosine_internal][AortaComponent] locator_ip: 10.42.0.101; Check network before domain init 
I0827 05:45:52.786772 1921578 clock.cpp:22] [cosine_internal]load ptp time source from: libptp_clock_time.so
I0827 05:45:52.786921 1921578 dynamic_object.cpp:521] [cosine_internal][DynamicObject] open libptp_clock_time.so success.
I0827 05:45:52.787355 1921578 aorta_component.cpp:515] [cosine_internal][AortaComponent] Network check start. locator_ip: 10.42.0.101, timeout: 60 seconds , check_start_time: 1756244752
I0827 05:45:52.787374 1921578 aorta_component.cpp:526] [cosine_internal][AortaComponent] locator_ip: 10.42.0.101; network is ready.
I0827 05:45:52.787417 1921578 dylog_impl.cpp:293] [DYLOG] register dsd_name : dylog/python3.10/aorta
I0827 05:45:52.787555 1921578 pcie_config.cc:52] [aorta]Get one valid pcie channel. producer: soc-s3 app-map_loc_app endpoint-nvscic2c_pcie_s3_c7_11 consumer: soc-s1 app-worldmodel endpoint-nvscic2c_pcie_s1_c7_11
I0827 05:45:52.787640 1921578 os.cc:88] [aorta]Got host_id from system files: Huixi R1ROBOR2
I0827 05:45:52.787676 1921578 pcie_manager.cc:71] [aorta]There is no pcie config in current process.
I0827 05:45:52.788002 1921578 message_monitor_config.cc:398] [aorta]run in  mode
I0827 05:45:52.789209 1921578 domain_impl.cc:58] [aorta]aorta version:7b1b7ddc
I0827 05:45:52.789234 1921578 json_comm.cc:35] [aorta]file path: /home/agi/app/conf/topology/topology_rule.json not exist.
I0827 05:45:52.789247 1921578 message_monitor_config.cc:398] [aorta]run in  mode
I0827 05:45:52.790210 1921578 message_monitor_config.cc:731] [aorta]message monitor is updated from /home/agi/app/conf/aorta/function/aorta_monitor_conf.json
I0827 05:45:52.791231 1921578 discovery_factory.cc:14] [aorta]type:1, host:10.42.0.101, port:2379, ttl:15, minor_cycle:100, major_cycle:3
I0827 05:45:52.791812 1921578 config.cc:53] [aorta]AORTA_IP_MASK not set.
I0827 05:45:52.791822 1921578 discovery.cc:245] [aorta]get ip masks empty.
I0827 05:45:52.791831 1921578 config.cc:200] [aorta]AORTA_EXTRA_LOCAL_IPS not set.
I0827 05:45:52.791836 1921578 discovery.cc:266] [aorta]local_publisher_ips_ empty.
I0827 05:45:52.791854 1921578 config.cc:124] [aorta]ip match, ip:127.0.0.1
I0827 05:45:52.791862 1921578 discovery.cc:275] [aorta]default emplace ip:10.42.0.101
I0827 05:45:52.791865 1921578 discovery.cc:275] [aorta]default emplace ip:10.42.12.101
I0827 05:45:52.791868 1921578 discovery.cc:275] [aorta]default emplace ip:10.42.1.101
I0827 05:45:52.791872 1921578 discovery.cc:275] [aorta]default emplace ip:10.42.6.101
I0827 05:45:52.791874 1921578 discovery.cc:275] [aorta]default emplace ip:192.168.1.101
I0827 05:45:52.791877 1921578 discovery.cc:275] [aorta]default emplace ip:10.42.30.101
I0827 05:45:52.791879 1921578 discovery.cc:275] [aorta]default emplace ip:10.42.40.101
I0827 05:45:52.791882 1921578 discovery.cc:275] [aorta]default emplace ip:10.20.15.199
I0827 05:45:52.791884 1921578 discovery.cc:275] [aorta]default emplace ip:10.42.6.101
I0827 05:45:52.791889 1921578 centralized_discovery.cc:55] [aorta]lease_ttl_:15
I0827 05:45:52.792330 1921578 aorta_component.cpp:561] [cosine_internal][AortaComponent] aorta create domain success. uri:http://10.42.0.101:2379
I0827 05:45:52.792471 1921578 aorta_component.cpp:447] [cosine_internal][AortaComponent] aorta domain created node: python3.10_S1 , domain_uri:http://10.42.0.101:2379
I0827 05:45:52.792481 1921578 aorta_component.cpp:126] [cosine_internal][AortaComponent] aorta component init success. node:python3.10_S1, uri:http://10.42.0.101:2379, locator_kind(1:shm,2:tcp,3:udp):2, locator_ip:10.42.0.101, locator_port:0, aorta_dispatcher_thread_num:1
I0827 05:45:52.792615 1921632 executor_impl.cc:91] [aorta]aorta-dispatch0 start spinning
I0827 05:45:52.792609 1921628 processor.cpp:40] [cosine_internal]processor_tid: 1921628
I0827 05:45:52.811898 1921631 centralized_discovery.cc:1110] [aorta]poll thread: revision:4202
I0827 05:45:52.812033 1921631 centralized_discovery.cc:1123] [aorta]inotify_fd_:15 inotify_watch_:1 inotify_watch_path:/home/agi/app/conf/aorta/function
I0827 05:45:52.814383 1921631 centralized_discovery.cc:615] [aorta]grant lease for node python3.10_S1 lease_id = 7587889064995226222
I0827 05:45:52.815856 1921631 watch_state.cc:54] [aorta]watch connect success.
I0827 05:45:52.816702 1921631 centralized_discovery.cc:1615] [aorta]recv watch response created.
I0827 05:45:52.853780 1921578 cosine_bus_manager.cpp:294] [cosine_internal][CosineBusManager] create publisher. topic name:/gdk/config_request , middleware:aorta
I0827 05:45:52.854441 1921578 tcp_publisher.cc:179] [aorta]topic /gdk/config_request, pub_queue_size_ 5, latch_queue_size_ 0
I0827 05:45:52.854663 1921658 tcp_socket_server.cc:200] [aorta]The ip info is0.0.0.0:35413
I0827 05:45:52.854820 1921658 shm_socket_server.cc:101] [aorta][/gdk/config_request] bind at pipe sock name d2379|python3.10|p1921578|n0|/gdk/config_request|p0
I0827 05:45:52.854928 1921578 node_impl.cc:198] [aorta]CreatePublisher, host:0.0.0.0, port:35413, sockname:d2379|python3.10|p1921578|n0|/gdk/config_request|p0, topic:/gdk/config_request, uid:53eb1016-c6d7-4183-847f-73e4dedd736e-4991715019463590898 topic_uid:-1
I0827 05:45:52.854969 1921578 aorta_component.cpp:394] [cosine_internal][AortaComponent] aorta node create publisher. node: python3.10_S1, topic:/gdk/config_request, type:genie_msgs.msg.pb.CommonRequest, qos:(history:1, depth:5, reliability:1, durability:2), uri:http://10.42.0.101:2379
I0827 05:45:52.855010 1921578 aorta_publisher.cpp:119] [cosine_internal][AortaPublisher] publisher initialize. topic:/gdk/config_request, uri:
I0827 05:45:52.855022 1921631 centralized_discovery.cc:681] [aorta]publisher uid:53eb1016-c6d7-4183-847f-73e4dedd736e-4991715019463590898 topic:/gdk/config_request
I0827 05:45:52.855023 1921578 dylog_impl.cpp:293] [DYLOG] register dsd_name : dylog/python3.10/GDK
I0827 05:45:52.855072 1921578 publisher.cpp:27] [GDK]create publisher: /gdk/config_request type: genie_msgs.msg.pb.CommonRequest qos: 1 1 5 2
I0827 05:45:52.855095 1921578 cosine_bus_manager.cpp:294] [cosine_internal][CosineBusManager] create publisher. topic name:/gdk/camera_conf_request , middleware:aorta
I0827 05:45:52.855578 1921578 tcp_publisher.cc:179] [aorta]topic /gdk/camera_conf_request, pub_queue_size_ 5, latch_queue_size_ 0
I0827 05:45:52.855669 1921658 tcp_socket_server.cc:200] [aorta]The ip info is0.0.0.0:32843
I0827 05:45:52.855765 1921658 shm_socket_server.cc:101] [aorta][/gdk/camera_conf_request] bind at pipe sock name d2379|python3.10|p1921578|n0|/gdk/camera_conf_request|p1
I0827 05:45:52.855834 1921578 node_impl.cc:198] [aorta]CreatePublisher, host:0.0.0.0, port:32843, sockname:d2379|python3.10|p1921578|n0|/gdk/camera_conf_request|p1, topic:/gdk/camera_conf_request, uid:61b2230e-8f46-4793-8210-3fe109b7cff1-9117180461459404870 topic_uid:-1
I0827 05:45:52.855854 1921578 aorta_component.cpp:394] [cosine_internal][AortaComponent] aorta node create publisher. node: python3.10_S1, topic:/gdk/camera_conf_request, type:genie_msgs.msg.pb.CommonRequest, qos:(history:1, depth:5, reliability:1, durability:2), uri:http://10.42.0.101:2379
I0827 05:45:52.855887 1921578 aorta_publisher.cpp:119] [cosine_internal][AortaPublisher] publisher initialize. topic:/gdk/camera_conf_request, uri:
I0827 05:45:52.855895 1921578 publisher.cpp:27] [GDK]create publisher: /gdk/camera_conf_request type: genie_msgs.msg.pb.CommonRequest qos: 1 1 5 2
I0827 05:45:52.855921 1921578 cosine_bus_manager.cpp:400] [cosine_internal][CosineBusManager] create subscriber. topic name:/gdk/config_response , middleware:aorta , need async callback:0, frame_skip_rate:1
I0827 05:45:52.855932 1921578 aorta_component.cpp:174] [cosine_internal][AortaComponent] callback_name:/gdk/config_responsehttp://10.42.0.101:2379
I0827 05:45:52.856006 1921578 dynamic_object.cpp:521] [cosine_internal][DynamicObject] open  success.
I0827 05:45:52.856174 1921578 buffered_data_export.cpp:115] [cosine_internal]successfully create buffer [bus_buffer___gdk__config_response, type genie_msgs.msg.pb.CommonResponse, block num 5, valid_time 0, transfer_type 0, data_size 0, mem_type 0, lib_name , ext_data_size 0, is_protobuf 1, enable_event_sync_subscriber 0], buffer id = 1
I0827 05:45:52.856199 1921578 cosine_bus_message_buffer.cpp:45] [cosine_internal][CosineBusMessageBuffer] create buffer success. name:bus_buffer___gdk__config_response, type:genie_msgs.msg.pb.CommonResponse, size:5
I0827 05:45:52.856288 1921578 node_impl.cc:344] [aorta]CreateSubscriber topic:/gdk/config_response, uid:ef246c17-fe6b-47b0-8cf6-a6bc99496fc5-9533047780102618842 topic_uid:-1
I0827 05:45:52.856841 1921578 aorta_component.cpp:326] [cosine_internal][AortaComponent] aorta node create subscriber. node: python3.10_S1, topic:/gdk/config_response, type:genie_msgs.msg.pb.CommonResponse, qos:(history:1, depth:5, reliability:1, durability:2), uri:http://10.42.0.101:2379
I0827 05:45:52.856856 1921578 aorta_subscriber.hpp:96] [cosine_internal][AortaSubscriber] initial. topic:/gdk/config_response, uri:
I0827 05:45:52.856871 1921578 cosine_bus_manager.cpp:400] [cosine_internal][CosineBusManager] create subscriber. topic name:/gdk/camera_conf_response , middleware:aorta , need async callback:0, frame_skip_rate:1
I0827 05:45:52.856870 1921631 centralized_discovery.cc:681] [aorta]publisher uid:61b2230e-8f46-4793-8210-3fe109b7cff1-9117180461459404870 topic:/gdk/camera_conf_request
I0827 05:45:52.856882 1921578 aorta_component.cpp:174] [cosine_internal][AortaComponent] callback_name:/gdk/camera_conf_responsehttp://10.42.0.101:2379
I0827 05:45:52.856928 1921578 buffered_data_export.cpp:115] [cosine_internal]successfully create buffer [bus_buffer___gdk__camera_conf_response, type genie_msgs.msg.pb.CommonResponse, block num 5, valid_time 0, transfer_type 0, data_size 0, mem_type 0, lib_name , ext_data_size 0, is_protobuf 1, enable_event_sync_subscriber 0], buffer id = 2
I0827 05:45:52.856941 1921578 cosine_bus_message_buffer.cpp:45] [cosine_internal][CosineBusMessageBuffer] create buffer success. name:bus_buffer___gdk__camera_conf_response, type:genie_msgs.msg.pb.CommonResponse, size:5
I0827 05:45:52.857018 1921578 node_impl.cc:344] [aorta]CreateSubscriber topic:/gdk/camera_conf_response, uid:2195dc39-6d03-4388-833c-72356682929a-3551884323222435368 topic_uid:-1
I0827 05:45:52.857419 1921578 aorta_component.cpp:326] [cosine_internal][AortaComponent] aorta node create subscriber. node: python3.10_S1, topic:/gdk/camera_conf_response, type:genie_msgs.msg.pb.CommonResponse, qos:(history:1, depth:5, reliability:1, durability:2), uri:http://10.42.0.101:2379
I0827 05:45:52.857431 1921578 aorta_subscriber.hpp:96] [cosine_internal][AortaSubscriber] initial. topic:/gdk/camera_conf_response, uri:
I0827 05:45:52.857508 1921578 cosine_bus_manager.cpp:400] [cosine_internal][CosineBusManager] create subscriber. topic name:/pnc/task_state , middleware:aorta , need async callback:0, frame_skip_rate:1
I0827 05:45:52.857518 1921578 aorta_component.cpp:174] [cosine_internal][AortaComponent] callback_name:/pnc/task_statehttp://10.42.0.101:2379
I0827 05:45:52.858662 1921631 centralized_discovery.cc:733] [aorta]subscriber uid:ef246c17-fe6b-47b0-8cf6-a6bc99496fc5-9533047780102618842 topic:/gdk/config_response
I0827 05:45:52.859053 1921578 buffered_data_export.cpp:115] [cosine_internal]successfully create buffer [bus_buffer___pnc__task_state, type pnc_msgs.TaskState, block num 5, valid_time 0, transfer_type 0, data_size 0, mem_type 0, lib_name , ext_data_size 0, is_protobuf 1, enable_event_sync_subscriber 0], buffer id = 3
I0827 05:45:52.859077 1921578 cosine_bus_message_buffer.cpp:45] [cosine_internal][CosineBusMessageBuffer] create buffer success. name:bus_buffer___pnc__task_state, type:pnc_msgs.TaskState, size:5
I0827 05:45:52.859184 1921578 node_impl.cc:344] [aorta]CreateSubscriber topic:/pnc/task_state, uid:09ba1843-5a86-4a32-a0d8-0e61aceca230-9096530589114119892 topic_uid:-1
I0827 05:45:52.859915 1921662 shm_subscriber.cc:120] [aorta]subscriber connect to publisher success, topic /gdk/config_response, local d2379|python3.10|p1921578|n0|s0|c0, peer d2379|gdk_service|p9001|n0|/gdk/config_response|p0
I0827 05:45:52.860055 1921631 centralized_discovery.cc:733] [aorta]subscriber uid:2195dc39-6d03-4388-833c-72356682929a-3551884323222435368 topic:/gdk/camera_conf_response
I0827 05:45:52.860275 1921578 aorta_component.cpp:326] [cosine_internal][AortaComponent] aorta node create subscriber. node: python3.10_S1, topic:/pnc/task_state, type:pnc_msgs.TaskState, qos:(history:1, depth:5, reliability:1, durability:2), uri:http://10.42.0.101:2379
I0827 05:45:52.860291 1921578 aorta_subscriber.hpp:96] [cosine_internal][AortaSubscriber] initial. topic:/pnc/task_state, uri:
I0827 05:45:52.860330 1921578 cosine_bus_manager.cpp:400] [cosine_internal][CosineBusManager] create subscriber. topic name:/pnc/task_service/normal_navigation/response , middleware:aorta , need async callback:0, frame_skip_rate:1
I0827 05:45:52.860340 1921578 aorta_component.cpp:174] [cosine_internal][AortaComponent] callback_name:/pnc/task_service/normal_navigation/responsehttp://10.42.0.101:2379
I0827 05:45:52.860401 1921578 buffered_data_export.cpp:115] [cosine_internal]successfully create buffer [bus_buffer___pnc__task_service__normal_navigation__response, type pnc_msgs.NormalNavigationResponse, block num 5, valid_time 0, transfer_type 0, data_size 0, mem_type 0, lib_name , ext_data_size 0, is_protobuf 1, enable_event_sync_subscriber 0], buffer id = 4
I0827 05:45:52.860417 1921578 cosine_bus_message_buffer.cpp:45] [cosine_internal][CosineBusMessageBuffer] create buffer success. name:bus_buffer___pnc__task_service__normal_navigation__response, type:pnc_msgs.NormalNavigationResponse, size:5
I0827 05:45:52.860601 1921578 node_impl.cc:344] [aorta]CreateSubscriber topic:/pnc/task_service/normal_navigation/response, uid:db1bc035-22a9-4edc-a03b-3d730f6cf566-7227396448010854466 topic_uid:-1
I0827 05:45:52.861009 1921578 aorta_component.cpp:326] [cosine_internal][AortaComponent] aorta node create subscriber. node: python3.10_S1, topic:/pnc/task_service/normal_navigation/response, type:pnc_msgs.NormalNavigationResponse, qos:(history:1, depth:5, reliability:1, durability:2), uri:http://10.42.0.101:2379
I0827 05:45:52.861023 1921578 aorta_subscriber.hpp:96] [cosine_internal][AortaSubscriber] initial. topic:/pnc/task_service/normal_navigation/response, uri:
I0827 05:45:52.861038 1921578 cosine_bus_manager.cpp:400] [cosine_internal][CosineBusManager] create subscriber. topic name:/pnc/task_service/high_precision_navigation/response , middleware:aorta , need async callback:0, frame_skip_rate:1
I0827 05:45:52.861047 1921578 aorta_component.cpp:174] [cosine_internal][AortaComponent] callback_name:/pnc/task_service/high_precision_navigation/responsehttp://10.42.0.101:2379
I0827 05:45:52.861093 1921578 buffered_data_export.cpp:115] [cosine_internal]successfully create buffer [bus_buffer___pnc__task_service__high_precision_navigation__response, type pnc_msgs.HighPrecisionNavigationResponse, block num 5, valid_time 0, transfer_type 0, data_size 0, mem_type 0, lib_name , ext_data_size 0, is_protobuf 1, enable_event_sync_subscriber 0], buffer id = 5
I0827 05:45:52.861109 1921578 cosine_bus_message_buffer.cpp:45] [cosine_internal][CosineBusMessageBuffer] create buffer success. name:bus_buffer___pnc__task_service__high_precision_navigation__response, type:pnc_msgs.HighPrecisionNavigationResponse, size:5
I0827 05:45:52.861174 1921662 shm_subscriber.cc:120] [aorta]subscriber connect to publisher success, topic /gdk/camera_conf_response, local d2379|python3.10|p1921578|n0|s1|c0, peer d2379|gdk_service|p9001|n0|/gdk/camera_conf_response|p1
I0827 05:45:52.861246 1921631 centralized_discovery.cc:733] [aorta]subscriber uid:09ba1843-5a86-4a32-a0d8-0e61aceca230-9096530589114119892 topic:/pnc/task_state
I0827 05:45:52.861881 1921578 node_impl.cc:344] [aorta]CreateSubscriber topic:/pnc/task_service/high_precision_navigation/response, uid:0839a899-39bb-4263-bf02-b0bb116a5b40-4701876173029784314 topic_uid:-1
I0827 05:45:52.862244 1921662 shm_subscriber.cc:120] [aorta]subscriber connect to publisher success, topic /pnc/task_state, local d2379|python3.10|p1921578|n0|s2|c0, peer d2379|quark_navigation|p1442972|n0|/pnc/task_state|p24
I0827 05:45:52.862310 1921631 centralized_discovery.cc:733] [aorta]subscriber uid:db1bc035-22a9-4edc-a03b-3d730f6cf566-7227396448010854466 topic:/pnc/task_service/normal_navigation/response
I0827 05:45:52.862314 1921578 aorta_component.cpp:326] [cosine_internal][AortaComponent] aorta node create subscriber. node: python3.10_S1, topic:/pnc/task_service/high_precision_navigation/response, type:pnc_msgs.HighPrecisionNavigationResponse, qos:(history:1, depth:5, reliability:1, durability:2), uri:http://10.42.0.101:2379
I0827 05:45:52.862329 1921578 aorta_subscriber.hpp:96] [cosine_internal][AortaSubscriber] initial. topic:/pnc/task_service/high_precision_navigation/response, uri:
I0827 05:45:52.862347 1921578 cosine_bus_manager.cpp:400] [cosine_internal][CosineBusManager] create subscriber. topic name:/pnc/task_service/relative_move/response , middleware:aorta , need async callback:0, frame_skip_rate:1
I0827 05:45:52.862356 1921578 aorta_component.cpp:174] [cosine_internal][AortaComponent] callback_name:/pnc/task_service/relative_move/responsehttp://10.42.0.101:2379
I0827 05:45:52.862414 1921578 buffered_data_export.cpp:115] [cosine_internal]successfully create buffer [bus_buffer___pnc__task_service__relative_move__response, type pnc_msgs.RelativeMoveResponse, block num 5, valid_time 0, transfer_type 0, data_size 0, mem_type 0, lib_name , ext_data_size 0, is_protobuf 1, enable_event_sync_subscriber 0], buffer id = 6
I0827 05:45:52.862455 1921578 cosine_bus_message_buffer.cpp:45] [cosine_internal][CosineBusMessageBuffer] create buffer success. name:bus_buffer___pnc__task_service__relative_move__response, type:pnc_msgs.RelativeMoveResponse, size:5
I0827 05:45:52.862535 1921578 node_impl.cc:344] [aorta]CreateSubscriber topic:/pnc/task_service/relative_move/response, uid:12989a17-7356-4d66-b84f-800f50800640-4077207897147431090 topic_uid:-1
I0827 05:45:52.862931 1921578 aorta_component.cpp:326] [cosine_internal][AortaComponent] aorta node create subscriber. node: python3.10_S1, topic:/pnc/task_service/relative_move/response, type:pnc_msgs.RelativeMoveResponse, qos:(history:1, depth:5, reliability:1, durability:2), uri:http://10.42.0.101:2379
I0827 05:45:52.862942 1921578 aorta_subscriber.hpp:96] [cosine_internal][AortaSubscriber] initial. topic:/pnc/task_service/relative_move/response, uri:
I0827 05:45:52.862954 1921578 cosine_bus_manager.cpp:400] [cosine_internal][CosineBusManager] create subscriber. topic name:/pnc/task_service/task_cancel/response , middleware:aorta , need async callback:0, frame_skip_rate:1
I0827 05:45:52.862962 1921578 aorta_component.cpp:174] [cosine_internal][AortaComponent] callback_name:/pnc/task_service/task_cancel/responsehttp://10.42.0.101:2379
I0827 05:45:52.863003 1921578 buffered_data_export.cpp:115] [cosine_internal]successfully create buffer [bus_buffer___pnc__task_service__task_cancel__response, type pnc_msgs.TaskCancelResponse, block num 5, valid_time 0, transfer_type 0, data_size 0, mem_type 0, lib_name , ext_data_size 0, is_protobuf 1, enable_event_sync_subscriber 0], buffer id = 7
I0827 05:45:52.863015 1921578 cosine_bus_message_buffer.cpp:45] [cosine_internal][CosineBusMessageBuffer] create buffer success. name:bus_buffer___pnc__task_service__task_cancel__response, type:pnc_msgs.TaskCancelResponse, size:5
I0827 05:45:52.863088 1921578 node_impl.cc:344] [aorta]CreateSubscriber topic:/pnc/task_service/task_cancel/response, uid:46fc8eeb-bb73-43e4-a387-7775055ace81-3654631836754090917 topic_uid:-1
I0827 05:45:52.863413 1921662 shm_subscriber.cc:120] [aorta]subscriber connect to publisher success, topic /pnc/task_service/normal_navigation/response, local d2379|python3.10|p1921578|n0|s3|c0, peer d2379|quark_navigation|p1442972|n0|..ask_service/normal_navigation/response|p11
I0827 05:45:52.863493 1921631 centralized_discovery.cc:733] [aorta]subscriber uid:0839a899-39bb-4263-bf02-b0bb116a5b40-4701876173029784314 topic:/pnc/task_service/high_precision_navigation/response
I0827 05:45:52.863641 1921578 aorta_component.cpp:326] [cosine_internal][AortaComponent] aorta node create subscriber. node: python3.10_S1, topic:/pnc/task_service/task_cancel/response, type:pnc_msgs.TaskCancelResponse, qos:(history:1, depth:5, reliability:1, durability:2), uri:http://10.42.0.101:2379
I0827 05:45:52.863653 1921578 aorta_subscriber.hpp:96] [cosine_internal][AortaSubscriber] initial. topic:/pnc/task_service/task_cancel/response, uri:
I0827 05:45:52.863670 1921578 cosine_bus_manager.cpp:400] [cosine_internal][CosineBusManager] create subscriber. topic name:/pnc/task_service/task_pause/response , middleware:aorta , need async callback:0, frame_skip_rate:1
I0827 05:45:52.863677 1921578 aorta_component.cpp:174] [cosine_internal][AortaComponent] callback_name:/pnc/task_service/task_pause/responsehttp://10.42.0.101:2379
I0827 05:45:52.863731 1921578 buffered_data_export.cpp:115] [cosine_internal]successfully create buffer [bus_buffer___pnc__task_service__task_pause__response, type pnc_msgs.TaskPauseResponse, block num 5, valid_time 0, transfer_type 0, data_size 0, mem_type 0, lib_name , ext_data_size 0, is_protobuf 1, enable_event_sync_subscriber 0], buffer id = 8
I0827 05:45:52.863751 1921578 cosine_bus_message_buffer.cpp:45] [cosine_internal][CosineBusMessageBuffer] create buffer success. name:bus_buffer___pnc__task_service__task_pause__response, type:pnc_msgs.TaskPauseResponse, size:5
I0827 05:45:52.863839 1921578 node_impl.cc:344] [aorta]CreateSubscriber topic:/pnc/task_service/task_pause/response, uid:c80789d8-c146-4d3f-9673-f2e7a6b486f5-4995236092065324733 topic_uid:-1
I0827 05:45:52.864377 1921578 aorta_component.cpp:326] [cosine_internal][AortaComponent] aorta node create subscriber. node: python3.10_S1, topic:/pnc/task_service/task_pause/response, type:pnc_msgs.TaskPauseResponse, qos:(history:1, depth:5, reliability:1, durability:2), uri:http://10.42.0.101:2379
I0827 05:45:52.864391 1921578 aorta_subscriber.hpp:96] [cosine_internal][AortaSubscriber] initial. topic:/pnc/task_service/task_pause/response, uri:
I0827 05:45:52.864409 1921578 cosine_bus_manager.cpp:400] [cosine_internal][CosineBusManager] create subscriber. topic name:/pnc/task_service/task_resume/response , middleware:aorta , need async callback:0, frame_skip_rate:1
I0827 05:45:52.864418 1921578 aorta_component.cpp:174] [cosine_internal][AortaComponent] callback_name:/pnc/task_service/task_resume/responsehttp://10.42.0.101:2379
I0827 05:45:52.864439 1921662 shm_subscriber.cc:120] [aorta]subscriber connect to publisher success, topic /pnc/task_service/high_precision_navigation/response, local d2379|python3.10|p1921578|n0|s4|c0, peer d2379|quark_navigation|p1442972|n0|..ice/high_precision_navigation/response|p12
I0827 05:45:52.864461 1921578 buffered_data_export.cpp:115] [cosine_internal]successfully create buffer [bus_buffer___pnc__task_service__task_resume__response, type pnc_msgs.TaskResumeResponse, block num 5, valid_time 0, transfer_type 0, data_size 0, mem_type 0, lib_name , ext_data_size 0, is_protobuf 1, enable_event_sync_subscriber 0], buffer id = 9
I0827 05:45:52.864490 1921578 cosine_bus_message_buffer.cpp:45] [cosine_internal][CosineBusMessageBuffer] create buffer success. name:bus_buffer___pnc__task_service__task_resume__response, type:pnc_msgs.TaskResumeResponse, size:5
I0827 05:45:52.864509 1921631 centralized_discovery.cc:733] [aorta]subscriber uid:12989a17-7356-4d66-b84f-800f50800640-4077207897147431090 topic:/pnc/task_service/relative_move/response
I0827 05:45:52.864562 1921578 node_impl.cc:344] [aorta]CreateSubscriber topic:/pnc/task_service/task_resume/response, uid:997a0326-51cb-42b8-ae04-3fe8a16afa03-16859347558940246081 topic_uid:-1
I0827 05:45:52.864969 1921578 aorta_component.cpp:326] [cosine_internal][AortaComponent] aorta node create subscriber. node: python3.10_S1, topic:/pnc/task_service/task_resume/response, type:pnc_msgs.TaskResumeResponse, qos:(history:1, depth:5, reliability:1, durability:2), uri:http://10.42.0.101:2379
I0827 05:45:52.864980 1921578 aorta_subscriber.hpp:96] [cosine_internal][AortaSubscriber] initial. topic:/pnc/task_service/task_resume/response, uri:
I0827 05:45:52.864996 1921578 cosine_bus_manager.cpp:400] [cosine_internal][CosineBusManager] create subscriber. topic name:/pnc/task_service/remote_control/response , middleware:aorta , need async callback:0, frame_skip_rate:1
I0827 05:45:52.865003 1921578 aorta_component.cpp:174] [cosine_internal][AortaComponent] callback_name:/pnc/task_service/remote_control/responsehttp://10.42.0.101:2379
I0827 05:45:52.865041 1921578 buffered_data_export.cpp:115] [cosine_internal]successfully create buffer [bus_buffer___pnc__task_service__remote_control__response, type pnc_msgs.RemoteControlResponse, block num 5, valid_time 0, transfer_type 0, data_size 0, mem_type 0, lib_name , ext_data_size 0, is_protobuf 1, enable_event_sync_subscriber 0], buffer id = 10
I0827 05:45:52.865051 1921578 cosine_bus_message_buffer.cpp:45] [cosine_internal][CosineBusMessageBuffer] create buffer success. name:bus_buffer___pnc__task_service__remote_control__response, type:pnc_msgs.RemoteControlResponse, size:5
I0827 05:45:52.865128 1921578 node_impl.cc:344] [aorta]CreateSubscriber topic:/pnc/task_service/remote_control/response, uid:42cc8c6a-dcf6-4b8c-bf73-b4044c239a8e-11583863028842959166 topic_uid:-1
I0827 05:45:52.865509 1921662 shm_subscriber.cc:120] [aorta]subscriber connect to publisher success, topic /pnc/task_service/relative_move/response, local d2379|python3.10|p1921578|n0|s5|c0, peer d2379|quark_navigation|p1442972|n0|/pnc/task_service/relative_move/response|p15
I0827 05:45:52.865526 1921578 aorta_component.cpp:326] [cosine_internal][AortaComponent] aorta node create subscriber. node: python3.10_S1, topic:/pnc/task_service/remote_control/response, type:pnc_msgs.RemoteControlResponse, qos:(history:1, depth:5, reliability:1, durability:2), uri:http://10.42.0.101:2379
I0827 05:45:52.865536 1921578 aorta_subscriber.hpp:96] [cosine_internal][AortaSubscriber] initial. topic:/pnc/task_service/remote_control/response, uri:
I0827 05:45:52.865556 1921578 cosine_bus_manager.cpp:294] [cosine_internal][CosineBusManager] create publisher. topic name:/pnc/task_service/normal_navigation/request , middleware:aorta
I0827 05:45:52.865589 1921631 centralized_discovery.cc:733] [aorta]subscriber uid:46fc8eeb-bb73-43e4-a387-7775055ace81-3654631836754090917 topic:/pnc/task_service/task_cancel/response
I0827 05:45:52.865960 1921578 tcp_publisher.cc:179] [aorta]topic /pnc/task_service/normal_navigation/request, pub_queue_size_ 5, latch_queue_size_ 0
I0827 05:45:52.866043 1921658 tcp_socket_server.cc:200] [aorta]The ip info is0.0.0.0:46675
I0827 05:45:52.866115 1921658 shm_socket_server.cc:101] [aorta][/pnc/task_service/normal_navigation/request] bind at pipe sock name d2379|python3.10|p1921578|n0|..task_service/normal_navigation/request|p2
I0827 05:45:52.866168 1921578 node_impl.cc:198] [aorta]CreatePublisher, host:0.0.0.0, port:46675, sockname:d2379|python3.10|p1921578|n0|..task_service/normal_navigation/request|p2, topic:/pnc/task_service/normal_navigation/request, uid:9b543962-c353-4d68-b0ab-53e33184a3f2-11863888217293896894 topic_uid:-1
I0827 05:45:52.866187 1921578 aorta_component.cpp:394] [cosine_internal][AortaComponent] aorta node create publisher. node: python3.10_S1, topic:/pnc/task_service/normal_navigation/request, type:pnc_msgs.NormalNavigationRequest, qos:(history:1, depth:5, reliability:1, durability:2), uri:http://10.42.0.101:2379
I0827 05:45:52.866225 1921578 aorta_publisher.cpp:119] [cosine_internal][AortaPublisher] publisher initialize. topic:/pnc/task_service/normal_navigation/request, uri:
I0827 05:45:52.866233 1921578 publisher.cpp:27] [GDK]create publisher: /pnc/task_service/normal_navigation/request type: pnc_msgs.NormalNavigationRequest qos: 1 1 5 2
I0827 05:45:52.866255 1921578 cosine_bus_manager.cpp:294] [cosine_internal][CosineBusManager] create publisher. topic name:/pnc/task_service/high_precision_navigation/request , middleware:aorta
I0827 05:45:52.866663 1921578 tcp_publisher.cc:179] [aorta]topic /pnc/task_service/high_precision_navigation/request, pub_queue_size_ 5, latch_queue_size_ 0
I0827 05:45:52.866694 1921662 shm_subscriber.cc:120] [aorta]subscriber connect to publisher success, topic /pnc/task_service/task_cancel/response, local d2379|python3.10|p1921578|n0|s6|c0, peer d2379|quark_navigation|p1442972|n0|/pnc/task_service/task_cancel/response|p17
I0827 05:45:52.866716 1921658 tcp_socket_server.cc:200] [aorta]The ip info is0.0.0.0:40785
I0827 05:45:52.866751 1921631 centralized_discovery.cc:733] [aorta]subscriber uid:c80789d8-c146-4d3f-9673-f2e7a6b486f5-4995236092065324733 topic:/pnc/task_service/task_pause/response
I0827 05:45:52.866796 1921658 shm_socket_server.cc:101] [aorta][/pnc/task_service/high_precision_navigation/request] bind at pipe sock name d2379|python3.10|p1921578|n0|..vice/high_precision_navigation/request|p3
I0827 05:45:52.866856 1921578 node_impl.cc:198] [aorta]CreatePublisher, host:0.0.0.0, port:40785, sockname:d2379|python3.10|p1921578|n0|..vice/high_precision_navigation/request|p3, topic:/pnc/task_service/high_precision_navigation/request, uid:e1e80310-bef6-4240-88a9-ce6971a9b24d-13581583299462652003 topic_uid:-1
I0827 05:45:52.866878 1921578 aorta_component.cpp:394] [cosine_internal][AortaComponent] aorta node create publisher. node: python3.10_S1, topic:/pnc/task_service/high_precision_navigation/request, type:pnc_msgs.HighPrecisionNavigationRequest, qos:(history:1, depth:5, reliability:1, durability:2), uri:http://10.42.0.101:2379
I0827 05:45:52.866909 1921578 aorta_publisher.cpp:119] [cosine_internal][AortaPublisher] publisher initialize. topic:/pnc/task_service/high_precision_navigation/request, uri:
I0827 05:45:52.866916 1921578 publisher.cpp:27] [GDK]create publisher: /pnc/task_service/high_precision_navigation/request type: pnc_msgs.HighPrecisionNavigationRequest qos: 1 1 5 2
I0827 05:45:52.866937 1921578 cosine_bus_manager.cpp:294] [cosine_internal][CosineBusManager] create publisher. topic name:/pnc/task_service/relative_move/request , middleware:aorta
I0827 05:45:52.867383 1921578 tcp_publisher.cc:179] [aorta]topic /pnc/task_service/relative_move/request, pub_queue_size_ 5, latch_queue_size_ 0
I0827 05:45:52.867426 1921658 tcp_socket_server.cc:200] [aorta]The ip info is0.0.0.0:36935
I0827 05:45:52.867480 1921658 shm_socket_server.cc:101] [aorta][/pnc/task_service/relative_move/request] bind at pipe sock name d2379|python3.10|p1921578|n0|/pnc/task_service/relative_move/request|p4
I0827 05:45:52.867535 1921578 node_impl.cc:198] [aorta]CreatePublisher, host:0.0.0.0, port:36935, sockname:d2379|python3.10|p1921578|n0|/pnc/task_service/relative_move/request|p4, topic:/pnc/task_service/relative_move/request, uid:368225b3-737c-4e5f-9799-3aa6e01f5fd2-1499998713038698463 topic_uid:-1
I0827 05:45:52.867552 1921578 aorta_component.cpp:394] [cosine_internal][AortaComponent] aorta node create publisher. node: python3.10_S1, topic:/pnc/task_service/relative_move/request, type:pnc_msgs.RelativeMoveRequest, qos:(history:1, depth:5, reliability:1, durability:2), uri:http://10.42.0.101:2379
I0827 05:45:52.867579 1921578 aorta_publisher.cpp:119] [cosine_internal][AortaPublisher] publisher initialize. topic:/pnc/task_service/relative_move/request, uri:
I0827 05:45:52.867586 1921578 publisher.cpp:27] [GDK]create publisher: /pnc/task_service/relative_move/request type: pnc_msgs.RelativeMoveRequest qos: 1 1 5 2
I0827 05:45:52.867599 1921578 cosine_bus_manager.cpp:294] [cosine_internal][CosineBusManager] create publisher. topic name:/pnc/task_service/task_cancel/request , middleware:aorta
I0827 05:45:52.867725 1921662 shm_subscriber.cc:120] [aorta]subscriber connect to publisher success, topic /pnc/task_service/task_pause/response, local d2379|python3.10|p1921578|n0|s7|c0, peer d2379|quark_navigation|p1442972|n0|/pnc/task_service/task_pause/response|p18
I0827 05:45:52.867910 1921631 centralized_discovery.cc:733] [aorta]subscriber uid:997a0326-51cb-42b8-ae04-3fe8a16afa03-16859347558940246081 topic:/pnc/task_service/task_resume/response
I0827 05:45:52.868031 1921578 tcp_publisher.cc:179] [aorta]topic /pnc/task_service/task_cancel/request, pub_queue_size_ 5, latch_queue_size_ 0
I0827 05:45:52.868122 1921658 tcp_socket_server.cc:200] [aorta]The ip info is0.0.0.0:36271
I0827 05:45:52.868197 1921658 shm_socket_server.cc:101] [aorta][/pnc/task_service/task_cancel/request] bind at pipe sock name d2379|python3.10|p1921578|n0|/pnc/task_service/task_cancel/request|p5
I0827 05:45:52.868266 1921578 node_impl.cc:198] [aorta]CreatePublisher, host:0.0.0.0, port:36271, sockname:d2379|python3.10|p1921578|n0|/pnc/task_service/task_cancel/request|p5, topic:/pnc/task_service/task_cancel/request, uid:a0cd21bc-71cf-4de7-a92a-751e134bfa7e-10250913672907467700 topic_uid:-1
I0827 05:45:52.868285 1921578 aorta_component.cpp:394] [cosine_internal][AortaComponent] aorta node create publisher. node: python3.10_S1, topic:/pnc/task_service/task_cancel/request, type:pnc_msgs.TaskCancelRequest, qos:(history:1, depth:5, reliability:1, durability:2), uri:http://10.42.0.101:2379
I0827 05:45:52.868316 1921578 aorta_publisher.cpp:119] [cosine_internal][AortaPublisher] publisher initialize. topic:/pnc/task_service/task_cancel/request, uri:
I0827 05:45:52.868324 1921578 publisher.cpp:27] [GDK]create publisher: /pnc/task_service/task_cancel/request type: pnc_msgs.TaskCancelRequest qos: 1 1 5 2
I0827 05:45:52.868340 1921578 cosine_bus_manager.cpp:294] [cosine_internal][CosineBusManager] create publisher. topic name:/pnc/task_service/task_pause/request , middleware:aorta
I0827 05:45:52.868778 1921578 tcp_publisher.cc:179] [aorta]topic /pnc/task_service/task_pause/request, pub_queue_size_ 5, latch_queue_size_ 0
I0827 05:45:52.868798 1921662 shm_subscriber.cc:120] [aorta]subscriber connect to publisher success, topic /pnc/task_service/task_resume/response, local d2379|python3.10|p1921578|n0|s8|c0, peer d2379|quark_navigation|p1442972|n0|/pnc/task_service/task_resume/response|p19
I0827 05:45:52.868856 1921631 centralized_discovery.cc:733] [aorta]subscriber uid:42cc8c6a-dcf6-4b8c-bf73-b4044c239a8e-11583863028842959166 topic:/pnc/task_service/remote_control/response
I0827 05:45:52.868856 1921658 tcp_socket_server.cc:200] [aorta]The ip info is0.0.0.0:41057
I0827 05:45:52.868952 1921658 shm_socket_server.cc:101] [aorta][/pnc/task_service/task_pause/request] bind at pipe sock name d2379|python3.10|p1921578|n0|/pnc/task_service/task_pause/request|p6
I0827 05:45:52.869021 1921578 node_impl.cc:198] [aorta]CreatePublisher, host:0.0.0.0, port:41057, sockname:d2379|python3.10|p1921578|n0|/pnc/task_service/task_pause/request|p6, topic:/pnc/task_service/task_pause/request, uid:4122c2c6-979a-437d-a18d-79e67b3fab2e-2366368184012060648 topic_uid:-1
I0827 05:45:52.869045 1921578 aorta_component.cpp:394] [cosine_internal][AortaComponent] aorta node create publisher. node: python3.10_S1, topic:/pnc/task_service/task_pause/request, type:pnc_msgs.TaskPauseRequest, qos:(history:1, depth:5, reliability:1, durability:2), uri:http://10.42.0.101:2379
I0827 05:45:52.869097 1921578 aorta_publisher.cpp:119] [cosine_internal][AortaPublisher] publisher initialize. topic:/pnc/task_service/task_pause/request, uri:
I0827 05:45:52.869107 1921578 publisher.cpp:27] [GDK]create publisher: /pnc/task_service/task_pause/request type: pnc_msgs.TaskPauseRequest qos: 1 1 5 2
I0827 05:45:52.869122 1921578 cosine_bus_manager.cpp:294] [cosine_internal][CosineBusManager] create publisher. topic name:/pnc/task_service/task_resume/request , middleware:aorta
I0827 05:45:52.869568 1921578 tcp_publisher.cc:179] [aorta]topic /pnc/task_service/task_resume/request, pub_queue_size_ 5, latch_queue_size_ 0
I0827 05:45:52.869653 1921658 tcp_socket_server.cc:200] [aorta]The ip info is0.0.0.0:45139
I0827 05:45:52.869728 1921658 shm_socket_server.cc:101] [aorta][/pnc/task_service/task_resume/request] bind at pipe sock name d2379|python3.10|p1921578|n0|/pnc/task_service/task_resume/request|p7
I0827 05:45:52.869801 1921578 node_impl.cc:198] [aorta]CreatePublisher, host:0.0.0.0, port:45139, sockname:d2379|python3.10|p1921578|n0|/pnc/task_service/task_resume/request|p7, topic:/pnc/task_service/task_resume/request, uid:6d6cdcd7-3dd4-43f2-a6a4-51357eb5f5c0-18204958959141007063 topic_uid:-1
I0827 05:45:52.869774 1921662 shm_subscriber.cc:120] [aorta]subscriber connect to publisher success, topic /pnc/task_service/remote_control/response, local d2379|python3.10|p1921578|n0|s9|c0, peer d2379|quark_navigation|p1442972|n0|..c/task_service/remote_control/response|p16
I0827 05:45:52.869825 1921578 aorta_component.cpp:394] [cosine_internal][AortaComponent] aorta node create publisher. node: python3.10_S1, topic:/pnc/task_service/task_resume/request, type:pnc_msgs.TaskResumeRequest, qos:(history:1, depth:5, reliability:1, durability:2), uri:http://10.42.0.101:2379
I0827 05:45:52.869860 1921578 aorta_publisher.cpp:119] [cosine_internal][AortaPublisher] publisher initialize. topic:/pnc/task_service/task_resume/request, uri:
I0827 05:45:52.869869 1921578 publisher.cpp:27] [GDK]create publisher: /pnc/task_service/task_resume/request type: pnc_msgs.TaskResumeRequest qos: 1 1 5 2
I0827 05:45:52.869889 1921631 centralized_discovery.cc:681] [aorta]publisher uid:9b543962-c353-4d68-b0ab-53e33184a3f2-11863888217293896894 topic:/pnc/task_service/normal_navigation/request
I0827 05:45:52.869992 1921578 cosine_bus_manager.cpp:294] [cosine_internal][CosineBusManager] create publisher. topic name:/pnc/remote_control_cmd , middleware:aorta
I0827 05:45:52.870421 1921578 tcp_publisher.cc:179] [aorta]topic /pnc/remote_control_cmd, pub_queue_size_ 5, latch_queue_size_ 0
I0827 05:45:52.870494 1921658 tcp_socket_server.cc:200] [aorta]The ip info is0.0.0.0:46311
I0827 05:45:52.870560 1921658 shm_socket_server.cc:101] [aorta][/pnc/remote_control_cmd] bind at pipe sock name d2379|python3.10|p1921578|n0|/pnc/remote_control_cmd|p8
I0827 05:45:52.870605 1921578 node_impl.cc:198] [aorta]CreatePublisher, host:0.0.0.0, port:46311, sockname:d2379|python3.10|p1921578|n0|/pnc/remote_control_cmd|p8, topic:/pnc/remote_control_cmd, uid:bffcb611-614d-4cd0-878e-f58b518a3467-2921114360754287628 topic_uid:-1
I0827 05:45:52.870628 1921578 aorta_component.cpp:394] [cosine_internal][AortaComponent] aorta node create publisher. node: python3.10_S1, topic:/pnc/remote_control_cmd, type:geometry_msgs.msg.pb.TwistStamped, qos:(history:1, depth:5, reliability:1, durability:2), uri:http://10.42.0.101:2379
I0827 05:45:52.870659 1921578 aorta_publisher.cpp:119] [cosine_internal][AortaPublisher] publisher initialize. topic:/pnc/remote_control_cmd, uri:
I0827 05:45:52.870666 1921578 publisher.cpp:27] [GDK]create publisher: /pnc/remote_control_cmd type: geometry_msgs.msg.pb.TwistStamped qos: 1 1 5 2
I0827 05:45:52.870676 1921578 cosine_bus_manager.cpp:294] [cosine_internal][CosineBusManager] create publisher. topic name:/pnc/task_service/remote_control/request , middleware:aorta
I0827 05:45:52.871174 1921578 tcp_publisher.cc:179] [aorta]topic /pnc/task_service/remote_control/request, pub_queue_size_ 5, latch_queue_size_ 0
I0827 05:45:52.871412 1921658 tcp_socket_server.cc:200] [aorta]The ip info is0.0.0.0:34485
I0827 05:45:52.871438 1921631 centralized_discovery.cc:681] [aorta]publisher uid:e1e80310-bef6-4240-88a9-ce6971a9b24d-13581583299462652003 topic:/pnc/task_service/high_precision_navigation/request
I0827 05:45:52.871513 1921658 shm_socket_server.cc:101] [aorta][/pnc/task_service/remote_control/request] bind at pipe sock name d2379|python3.10|p1921578|n0|/pnc/task_service/remote_control/request|p9
I0827 05:45:52.871719 1921578 node_impl.cc:198] [aorta]CreatePublisher, host:0.0.0.0, port:34485, sockname:d2379|python3.10|p1921578|n0|/pnc/task_service/remote_control/request|p9, topic:/pnc/task_service/remote_control/request, uid:0f63f0d3-0ad8-4f5c-92d9-767199b0d4c9-10398465225129759782 topic_uid:-1
I0827 05:45:52.871757 1921578 aorta_component.cpp:394] [cosine_internal][AortaComponent] aorta node create publisher. node: python3.10_S1, topic:/pnc/task_service/remote_control/request, type:pnc_msgs.RemoteControlRequest, qos:(history:1, depth:5, reliability:1, durability:2), uri:http://10.42.0.101:2379
I0827 05:45:52.871793 1921578 aorta_publisher.cpp:119] [cosine_internal][AortaPublisher] publisher initialize. topic:/pnc/task_service/remote_control/request, uri:
I0827 05:45:52.871801 1921578 publisher.cpp:27] [GDK]create publisher: /pnc/task_service/remote_control/request type: pnc_msgs.RemoteControlRequest qos: 1 1 5 2
I0827 05:45:52.871896 1921578 cosine_bus_manager.cpp:400] [cosine_internal][CosineBusManager] create subscriber. topic name:/slam/odom , middleware:aorta , need async callback:0, frame_skip_rate:1
I0827 05:45:52.871909 1921578 aorta_component.cpp:174] [cosine_internal][AortaComponent] callback_name:/slam/odomhttp://10.42.0.101:2379
I0827 05:45:52.872213 1921578 buffered_data_export.cpp:115] [cosine_internal]successfully create buffer [bus_buffer___slam__odom, type genie_msgs.msg.pb.OdomInfo, block num 5, valid_time 0, transfer_type 0, data_size 0, mem_type 0, lib_name , ext_data_size 0, is_protobuf 1, enable_event_sync_subscriber 0], buffer id = 11
I0827 05:45:52.872242 1921578 cosine_bus_message_buffer.cpp:45] [cosine_internal][CosineBusMessageBuffer] create buffer success. name:bus_buffer___slam__odom, type:genie_msgs.msg.pb.OdomInfo, size:5
I0827 05:45:52.872337 1921578 node_impl.cc:344] [aorta]CreateSubscriber topic:/slam/odom, uid:1a2d01fe-be67-43a9-9aa7-2abd972e65f6-8164318257426434522 topic_uid:-1
I0827 05:45:52.872795 1921578 aorta_component.cpp:326] [cosine_internal][AortaComponent] aorta node create subscriber. node: python3.10_S1, topic:/slam/odom, type:genie_msgs.msg.pb.OdomInfo, qos:(history:1, depth:5, reliability:1, durability:2), uri:http://10.42.0.101:2379
I0827 05:45:52.872809 1921578 aorta_subscriber.hpp:96] [cosine_internal][AortaSubscriber] initial. topic:/slam/odom, uri:
I0827 05:45:52.872826 1921578 cosine_bus_manager.cpp:400] [cosine_internal][CosineBusManager] create subscriber. topic name:/slam/state , middleware:aorta , need async callback:0, frame_skip_rate:1
I0827 05:45:52.872833 1921578 aorta_component.cpp:174] [cosine_internal][AortaComponent] callback_name:/slam/statehttp://10.42.0.101:2379
I0827 05:45:52.872889 1921578 buffered_data_export.cpp:115] [cosine_internal]successfully create buffer [bus_buffer___slam__state, type genie_msgs.msg.pb.CommonResponse, block num 5, valid_time 0, transfer_type 0, data_size 0, mem_type 0, lib_name , ext_data_size 0, is_protobuf 1, enable_event_sync_subscriber 0], buffer id = 12
I0827 05:45:52.872905 1921578 cosine_bus_message_buffer.cpp:45] [cosine_internal][CosineBusMessageBuffer] create buffer success. name:bus_buffer___slam__state, type:genie_msgs.msg.pb.CommonResponse, size:5
I0827 05:45:52.872988 1921578 node_impl.cc:344] [aorta]CreateSubscriber topic:/slam/state, uid:742ef92c-3b28-4772-acef-61cd8ac85414-7791362299214773660 topic_uid:-1
I0827 05:45:52.873562 1921631 centralized_discovery.cc:681] [aorta]publisher uid:368225b3-737c-4e5f-9799-3aa6e01f5fd2-1499998713038698463 topic:/pnc/task_service/relative_move/request
I0827 05:45:52.873764 1921578 aorta_component.cpp:326] [cosine_internal][AortaComponent] aorta node create subscriber. node: python3.10_S1, topic:/slam/state, type:genie_msgs.msg.pb.CommonResponse, qos:(history:1, depth:5, reliability:1, durability:2), uri:http://10.42.0.101:2379
I0827 05:45:52.873778 1921578 aorta_subscriber.hpp:96] [cosine_internal][AortaSubscriber] initial. topic:/slam/state, uri:
I0827 05:45:52.873796 1921578 cosine_bus_manager.cpp:400] [cosine_internal][CosineBusManager] create subscriber. topic name:/slam/mapping_response , middleware:aorta , need async callback:0, frame_skip_rate:1
I0827 05:45:52.873803 1921578 aorta_component.cpp:174] [cosine_internal][AortaComponent] callback_name:/slam/mapping_responsehttp://10.42.0.101:2379
I0827 05:45:52.873862 1921578 buffered_data_export.cpp:115] [cosine_internal]successfully create buffer [bus_buffer___slam__mapping_response, type genie_msgs.msg.pb.CommonResponse, block num 5, valid_time 0, transfer_type 0, data_size 0, mem_type 0, lib_name , ext_data_size 0, is_protobuf 1, enable_event_sync_subscriber 0], buffer id = 13
I0827 05:45:52.873878 1921578 cosine_bus_message_buffer.cpp:45] [cosine_internal][CosineBusMessageBuffer] create buffer success. name:bus_buffer___slam__mapping_response, type:genie_msgs.msg.pb.CommonResponse, size:5
I0827 05:45:52.874046 1921578 node_impl.cc:344] [aorta]CreateSubscriber topic:/slam/mapping_response, uid:84ca4167-afd0-4c0e-ae85-2a0db1ba87f3-3136143855590244141 topic_uid:-1
I0827 05:45:52.874461 1921578 aorta_component.cpp:326] [cosine_internal][AortaComponent] aorta node create subscriber. node: python3.10_S1, topic:/slam/mapping_response, type:genie_msgs.msg.pb.CommonResponse, qos:(history:1, depth:5, reliability:1, durability:2), uri:http://10.42.0.101:2379
I0827 05:45:52.874473 1921578 aorta_subscriber.hpp:96] [cosine_internal][AortaSubscriber] initial. topic:/slam/mapping_response, uri:
I0827 05:45:52.874485 1921578 cosine_bus_manager.cpp:400] [cosine_internal][CosineBusManager] create subscriber. topic name:/slam/record_spec_loc_rsp , middleware:aorta , need async callback:0, frame_skip_rate:1
I0827 05:45:52.874492 1921578 aorta_component.cpp:174] [cosine_internal][AortaComponent] callback_name:/slam/record_spec_loc_rsphttp://10.42.0.101:2379
I0827 05:45:52.874529 1921578 buffered_data_export.cpp:115] [cosine_internal]successfully create buffer [bus_buffer___slam__record_spec_loc_rsp, type genie_msgs.msg.pb.CommonResponse, block num 5, valid_time 0, transfer_type 0, data_size 0, mem_type 0, lib_name , ext_data_size 0, is_protobuf 1, enable_event_sync_subscriber 0], buffer id = 14
I0827 05:45:52.874552 1921578 cosine_bus_message_buffer.cpp:45] [cosine_internal][CosineBusMessageBuffer] create buffer success. name:bus_buffer___slam__record_spec_loc_rsp, type:genie_msgs.msg.pb.CommonResponse, size:5
I0827 05:45:52.874621 1921578 node_impl.cc:344] [aorta]CreateSubscriber topic:/slam/record_spec_loc_rsp, uid:1eab61a8-eafe-4be0-8b17-a1c1020d57f2-16786186340696970127 topic_uid:-1
I0827 05:45:52.875061 1921578 aorta_component.cpp:326] [cosine_internal][AortaComponent] aorta node create subscriber. node: python3.10_S1, topic:/slam/record_spec_loc_rsp, type:genie_msgs.msg.pb.CommonResponse, qos:(history:1, depth:5, reliability:1, durability:2), uri:http://10.42.0.101:2379
