Log file created at: 2025/08/27 00:46:47
Running on machine: G2
Log line format: [IWEF]mmdd hh:mm:ss.uuuuuu threadid file:line] msg
I0827 00:46:47.594879 1331808 dylog_impl.cpp:641] [DYLOG] set dylog default level to INFO
I0827 00:46:47.594959 1331808 dylog_impl.cpp:690] [DYLOG] soc num : R2
I0827 00:46:47.594973 1331808 dylog_impl.cpp:695] [DYLOG] can't read scene_mode, use sud
W0827 00:46:47.594992 1331808 dylog_impl.cpp:757] [DYLOG] can't find available json config file with path : /home/agi/app/conf/scene_server/dylog_sud_default.json, use default.
I0827 00:46:47.599225 1331808 dylog_impl.cpp:293] [DYLOG] register dsd_name : dylog/python3.10/cosine_internal
I0827 00:46:47.604238 1331808 cosine_bus_manager.cpp:88] [cosine_internal][CosineBusManager] cosine bus config path not set, use default config.
I0827 00:46:47.604799 1331808 cosine_bus_manager.cpp:118] [cosine_internal][CosineBusManager] initial cosine_bus_config:
I0827 00:46:47.606565 1331808 cosine_bus_global_sync.cpp:30] [cosine_internal][BusGlobalSync] set default middleware name:aorta
I0827 00:46:47.606606 1331808 scheduler_classic.cpp:28] [cosine_internal]Proc number set to be: 1
I0827 00:46:47.609563 1331808 dynamic_object.cpp:521] [cosine_internal][DynamicObject] open libdynamic_aorta.so success.
I0827 00:46:47.609781 1331808 dynamic_object.cpp:581] [cosine_internal][DynamicObject] Successfully enumerated 57 symbols in libdynamic_aorta.so
I0827 00:46:47.609791 1331808 resource_loader.cpp:13] [cosine_internal][ResourceLoader] Attempting to load function: aorta_get_object
I0827 00:46:47.609795 1331808 resource_loader.cpp:17] [cosine_internal][ResourceLoader] Trying address() method for C++ symbol: aorta_get_object
I0827 00:46:47.609802 1331808 resource_loader.cpp:20] [cosine_internal][ResourceLoader] Successfully loaded C++ symbol: aorta_get_object
I0827 00:46:47.609805 1331808 resource_loader.cpp:13] [cosine_internal][ResourceLoader] Attempting to load function: aorta_call_object_func
I0827 00:46:47.609894 1331808 resource_loader.cpp:17] [cosine_internal][ResourceLoader] Trying address() method for C++ symbol: aorta_call_object_func
I0827 00:46:47.609903 1331808 resource_loader.cpp:20] [cosine_internal][ResourceLoader] Successfully loaded C++ symbol: aorta_call_object_func
I0827 00:46:47.609910 1331808 resource_loader.cpp:13] [cosine_internal][ResourceLoader] Attempting to load function: aorta_clean_up
I0827 00:46:47.609915 1331808 resource_loader.cpp:17] [cosine_internal][ResourceLoader] Trying address() method for C++ symbol: aorta_clean_up
I0827 00:46:47.609930 1331808 resource_loader.cpp:25] [cosine_internal][ResourceLoader] C++ symbol failed, trying c_address() method for C symbol: aorta_clean_up
I0827 00:46:47.609935 1331808 resource_loader.cpp:28] [cosine_internal][ResourceLoader] Successfully loaded C symbol: aorta_clean_up
W0827 00:46:47.609942 1331808 aorta_component.cpp:90] [cosine_internal]Environment variable [LOCATOR_IP/DDS_IP] not set, fallback to 10.42.0.101
I0827 00:46:47.609948 1331808 aorta_component.cpp:496] [cosine_internal][AortaComponent] locator_ip: 10.42.0.101; Check network before domain init 
I0827 00:46:47.609987 1331808 clock.cpp:22] [cosine_internal]load ptp time source from: libptp_clock_time.so
I0827 00:46:47.610246 1331808 dynamic_object.cpp:521] [cosine_internal][DynamicObject] open libptp_clock_time.so success.
I0827 00:46:47.611248 1331808 aorta_component.cpp:515] [cosine_internal][AortaComponent] Network check start. locator_ip: 10.42.0.101, timeout: 60 seconds , check_start_time: 1756226807
I0827 00:46:47.611279 1331808 aorta_component.cpp:526] [cosine_internal][AortaComponent] locator_ip: 10.42.0.101; network is ready.
I0827 00:46:47.611352 1331808 dylog_impl.cpp:293] [DYLOG] register dsd_name : dylog/python3.10/aorta
I0827 00:46:47.611518 1331808 pcie_config.cc:52] [aorta]Get one valid pcie channel. producer: soc-s3 app-map_loc_app endpoint-nvscic2c_pcie_s3_c7_11 consumer: soc-s1 app-worldmodel endpoint-nvscic2c_pcie_s1_c7_11
I0827 00:46:47.611618 1331808 os.cc:88] [aorta]Got host_id from system files: Huixi R1ROBOR2
I0827 00:46:47.611663 1331808 pcie_manager.cc:71] [aorta]There is no pcie config in current process.
I0827 00:46:47.612002 1331808 message_monitor_config.cc:398] [aorta]run in  mode
I0827 00:46:47.615589 1331808 domain_impl.cc:58] [aorta]aorta version:7b1b7ddc
I0827 00:46:47.615660 1331808 json_comm.cc:35] [aorta]file path: /home/agi/app/conf/topology/topology_rule.json not exist.
I0827 00:46:47.615684 1331808 message_monitor_config.cc:398] [aorta]run in  mode
I0827 00:46:47.616427 1331808 message_monitor_config.cc:731] [aorta]message monitor is updated from /home/agi/app/conf/aorta/function/aorta_monitor_conf.json
I0827 00:46:47.618491 1331808 discovery_factory.cc:14] [aorta]type:1, host:10.42.0.101, port:2379, ttl:15, minor_cycle:100, major_cycle:3
I0827 00:46:47.619277 1331808 config.cc:53] [aorta]AORTA_IP_MASK not set.
I0827 00:46:47.619289 1331808 discovery.cc:245] [aorta]get ip masks empty.
I0827 00:46:47.619297 1331808 config.cc:200] [aorta]AORTA_EXTRA_LOCAL_IPS not set.
I0827 00:46:47.619302 1331808 discovery.cc:266] [aorta]local_publisher_ips_ empty.
I0827 00:46:47.619324 1331808 config.cc:124] [aorta]ip match, ip:127.0.0.1
I0827 00:46:47.619333 1331808 discovery.cc:275] [aorta]default emplace ip:10.42.0.101
I0827 00:46:47.619336 1331808 discovery.cc:275] [aorta]default emplace ip:10.42.12.101
I0827 00:46:47.619339 1331808 discovery.cc:275] [aorta]default emplace ip:10.42.1.101
I0827 00:46:47.619342 1331808 discovery.cc:275] [aorta]default emplace ip:10.42.6.101
I0827 00:46:47.619345 1331808 discovery.cc:275] [aorta]default emplace ip:192.168.1.101
I0827 00:46:47.619349 1331808 discovery.cc:275] [aorta]default emplace ip:10.42.30.101
I0827 00:46:47.619350 1331808 discovery.cc:275] [aorta]default emplace ip:10.42.40.101
I0827 00:46:47.619354 1331808 discovery.cc:275] [aorta]default emplace ip:10.20.15.199
I0827 00:46:47.619355 1331808 discovery.cc:275] [aorta]default emplace ip:10.42.6.101
I0827 00:46:47.619360 1331808 centralized_discovery.cc:55] [aorta]lease_ttl_:15
I0827 00:46:47.620398 1331808 aorta_component.cpp:561] [cosine_internal][AortaComponent] aorta create domain success. uri:http://10.42.0.101:2379
I0827 00:46:47.620589 1331808 aorta_component.cpp:447] [cosine_internal][AortaComponent] aorta domain created node: python3.10_S1 , domain_uri:http://10.42.0.101:2379
I0827 00:46:47.620600 1331808 aorta_component.cpp:126] [cosine_internal][AortaComponent] aorta component init success. node:python3.10_S1, uri:http://10.42.0.101:2379, locator_kind(1:shm,2:tcp,3:udp):2, locator_ip:10.42.0.101, locator_port:0, aorta_dispatcher_thread_num:1
I0827 00:46:47.620968 1331863 processor.cpp:40] [cosine_internal]processor_tid: 1331863
I0827 00:46:47.623996 1331875 executor_impl.cc:91] [aorta]aorta-dispatch0 start spinning
I0827 00:46:47.656569 1331874 centralized_discovery.cc:1110] [aorta]poll thread: revision:2712
I0827 00:46:47.656697 1331874 centralized_discovery.cc:1123] [aorta]inotify_fd_:13 inotify_watch_:1 inotify_watch_path:/home/agi/app/conf/aorta/function
I0827 00:46:47.658967 1331874 centralized_discovery.cc:615] [aorta]grant lease for node python3.10_S1 lease_id = 7587889064995182318
I0827 00:46:47.660106 1331874 watch_state.cc:54] [aorta]watch connect success.
I0827 00:46:47.660852 1331874 centralized_discovery.cc:1615] [aorta]recv watch response created.
I0827 00:46:47.691360 1331808 cosine_bus_manager.cpp:294] [cosine_internal][CosineBusManager] create publisher. topic name:/gdk/config_request , middleware:aorta
I0827 00:46:47.692065 1331808 tcp_publisher.cc:179] [aorta]topic /gdk/config_request, pub_queue_size_ 5, latch_queue_size_ 0
I0827 00:46:47.692297 1331901 tcp_socket_server.cc:200] [aorta]The ip info is0.0.0.0:38401
I0827 00:46:47.692579 1331901 shm_socket_server.cc:101] [aorta][/gdk/config_request] bind at pipe sock name d2379|python3.10|p1331808|n0|/gdk/config_request|p0
I0827 00:46:47.692688 1331808 node_impl.cc:198] [aorta]CreatePublisher, host:0.0.0.0, port:38401, sockname:d2379|python3.10|p1331808|n0|/gdk/config_request|p0, topic:/gdk/config_request, uid:aa608bdd-449e-4b33-8856-84877516734b-4991715019463590898 topic_uid:-1
I0827 00:46:47.692723 1331808 aorta_component.cpp:394] [cosine_internal][AortaComponent] aorta node create publisher. node: python3.10_S1, topic:/gdk/config_request, type:genie_msgs.msg.pb.CommonRequest, qos:(history:1, depth:5, reliability:1, durability:2), uri:http://10.42.0.101:2379
I0827 00:46:47.692770 1331808 aorta_publisher.cpp:119] [cosine_internal][AortaPublisher] publisher initialize. topic:/gdk/config_request, uri:
I0827 00:46:47.692785 1331808 dylog_impl.cpp:293] [DYLOG] register dsd_name : dylog/python3.10/GDK
I0827 00:46:47.692862 1331808 publisher.cpp:27] [GDK]create publisher: /gdk/config_request type: genie_msgs.msg.pb.CommonRequest qos: 1 1 5 2
I0827 00:46:47.692886 1331808 cosine_bus_manager.cpp:294] [cosine_internal][CosineBusManager] create publisher. topic name:/gdk/camera_conf_request , middleware:aorta
I0827 00:46:47.693053 1331874 centralized_discovery.cc:681] [aorta]publisher uid:aa608bdd-449e-4b33-8856-84877516734b-4991715019463590898 topic:/gdk/config_request
I0827 00:46:47.693300 1331808 tcp_publisher.cc:179] [aorta]topic /gdk/camera_conf_request, pub_queue_size_ 5, latch_queue_size_ 0
I0827 00:46:47.693357 1331901 tcp_socket_server.cc:200] [aorta]The ip info is0.0.0.0:40397
I0827 00:46:47.693415 1331901 shm_socket_server.cc:101] [aorta][/gdk/camera_conf_request] bind at pipe sock name d2379|python3.10|p1331808|n0|/gdk/camera_conf_request|p1
I0827 00:46:47.693476 1331808 node_impl.cc:198] [aorta]CreatePublisher, host:0.0.0.0, port:40397, sockname:d2379|python3.10|p1331808|n0|/gdk/camera_conf_request|p1, topic:/gdk/camera_conf_request, uid:f936841a-f1f5-43ae-b687-713157e332d3-9117180461459404870 topic_uid:-1
I0827 00:46:47.693495 1331808 aorta_component.cpp:394] [cosine_internal][AortaComponent] aorta node create publisher. node: python3.10_S1, topic:/gdk/camera_conf_request, type:genie_msgs.msg.pb.CommonRequest, qos:(history:1, depth:5, reliability:1, durability:2), uri:http://10.42.0.101:2379
I0827 00:46:47.693523 1331808 aorta_publisher.cpp:119] [cosine_internal][AortaPublisher] publisher initialize. topic:/gdk/camera_conf_request, uri:
I0827 00:46:47.693531 1331808 publisher.cpp:27] [GDK]create publisher: /gdk/camera_conf_request type: genie_msgs.msg.pb.CommonRequest qos: 1 1 5 2
I0827 00:46:47.693548 1331808 cosine_bus_manager.cpp:400] [cosine_internal][CosineBusManager] create subscriber. topic name:/gdk/config_response , middleware:aorta , need async callback:0, frame_skip_rate:1
I0827 00:46:47.693559 1331808 aorta_component.cpp:174] [cosine_internal][AortaComponent] callback_name:/gdk/config_responsehttp://10.42.0.101:2379
I0827 00:46:47.693634 1331808 dynamic_object.cpp:521] [cosine_internal][DynamicObject] open  success.
I0827 00:46:47.693799 1331808 buffered_data_export.cpp:115] [cosine_internal]successfully create buffer [bus_buffer___gdk__config_response, type genie_msgs.msg.pb.CommonResponse, block num 5, valid_time 0, transfer_type 0, data_size 0, mem_type 0, lib_name , ext_data_size 0, is_protobuf 1, enable_event_sync_subscriber 0], buffer id = 1
I0827 00:46:47.693825 1331808 cosine_bus_message_buffer.cpp:45] [cosine_internal][CosineBusMessageBuffer] create buffer success. name:bus_buffer___gdk__config_response, type:genie_msgs.msg.pb.CommonResponse, size:5
I0827 00:46:47.693910 1331808 node_impl.cc:344] [aorta]CreateSubscriber topic:/gdk/config_response, uid:caccb953-a670-41ee-8519-9b20eaea9ada-9533047780102618842 topic_uid:-1
I0827 00:46:47.694455 1331808 aorta_component.cpp:326] [cosine_internal][AortaComponent] aorta node create subscriber. node: python3.10_S1, topic:/gdk/config_response, type:genie_msgs.msg.pb.CommonResponse, qos:(history:1, depth:5, reliability:1, durability:2), uri:http://10.42.0.101:2379
I0827 00:46:47.694470 1331808 aorta_subscriber.hpp:96] [cosine_internal][AortaSubscriber] initial. topic:/gdk/config_response, uri:
I0827 00:46:47.694485 1331808 cosine_bus_manager.cpp:400] [cosine_internal][CosineBusManager] create subscriber. topic name:/gdk/camera_conf_response , middleware:aorta , need async callback:0, frame_skip_rate:1
I0827 00:46:47.694492 1331808 aorta_component.cpp:174] [cosine_internal][AortaComponent] callback_name:/gdk/camera_conf_responsehttp://10.42.0.101:2379
I0827 00:46:47.694536 1331808 buffered_data_export.cpp:115] [cosine_internal]successfully create buffer [bus_buffer___gdk__camera_conf_response, type genie_msgs.msg.pb.CommonResponse, block num 5, valid_time 0, transfer_type 0, data_size 0, mem_type 0, lib_name , ext_data_size 0, is_protobuf 1, enable_event_sync_subscriber 0], buffer id = 2
I0827 00:46:47.694550 1331808 cosine_bus_message_buffer.cpp:45] [cosine_internal][CosineBusMessageBuffer] create buffer success. name:bus_buffer___gdk__camera_conf_response, type:genie_msgs.msg.pb.CommonResponse, size:5
I0827 00:46:47.694628 1331808 node_impl.cc:344] [aorta]CreateSubscriber topic:/gdk/camera_conf_response, uid:bbe55c51-49cf-4758-bd16-c4e33fc45d1d-3551884323222435368 topic_uid:-1
I0827 00:46:47.695116 1331874 centralized_discovery.cc:681] [aorta]publisher uid:f936841a-f1f5-43ae-b687-713157e332d3-9117180461459404870 topic:/gdk/camera_conf_request
I0827 00:46:47.695152 1331808 aorta_component.cpp:326] [cosine_internal][AortaComponent] aorta node create subscriber. node: python3.10_S1, topic:/gdk/camera_conf_response, type:genie_msgs.msg.pb.CommonResponse, qos:(history:1, depth:5, reliability:1, durability:2), uri:http://10.42.0.101:2379
I0827 00:46:47.696172 1331808 aorta_subscriber.hpp:96] [cosine_internal][AortaSubscriber] initial. topic:/gdk/camera_conf_response, uri:
I0827 00:46:47.696275 1331808 cosine_bus_manager.cpp:400] [cosine_internal][CosineBusManager] create subscriber. topic name:/pnc/task_state , middleware:aorta , need async callback:0, frame_skip_rate:1
I0827 00:46:47.696290 1331808 aorta_component.cpp:174] [cosine_internal][AortaComponent] callback_name:/pnc/task_statehttp://10.42.0.101:2379
I0827 00:46:47.696923 1331808 buffered_data_export.cpp:115] [cosine_internal]successfully create buffer [bus_buffer___pnc__task_state, type pnc_msgs.TaskState, block num 5, valid_time 0, transfer_type 0, data_size 0, mem_type 0, lib_name , ext_data_size 0, is_protobuf 1, enable_event_sync_subscriber 0], buffer id = 3
I0827 00:46:47.696947 1331808 cosine_bus_message_buffer.cpp:45] [cosine_internal][CosineBusMessageBuffer] create buffer success. name:bus_buffer___pnc__task_state, type:pnc_msgs.TaskState, size:5
I0827 00:46:47.697067 1331808 node_impl.cc:344] [aorta]CreateSubscriber topic:/pnc/task_state, uid:3d885c9d-04d6-46b6-a844-81f686a5ec89-9096530589114119892 topic_uid:-1
I0827 00:46:47.697474 1331808 aorta_component.cpp:326] [cosine_internal][AortaComponent] aorta node create subscriber. node: python3.10_S1, topic:/pnc/task_state, type:pnc_msgs.TaskState, qos:(history:1, depth:5, reliability:1, durability:2), uri:http://10.42.0.101:2379
I0827 00:46:47.697486 1331808 aorta_subscriber.hpp:96] [cosine_internal][AortaSubscriber] initial. topic:/pnc/task_state, uri:
I0827 00:46:47.697520 1331808 cosine_bus_manager.cpp:400] [cosine_internal][CosineBusManager] create subscriber. topic name:/pnc/task_service/normal_navigation/response , middleware:aorta , need async callback:0, frame_skip_rate:1
I0827 00:46:47.697530 1331808 aorta_component.cpp:174] [cosine_internal][AortaComponent] callback_name:/pnc/task_service/normal_navigation/responsehttp://10.42.0.101:2379
I0827 00:46:47.697580 1331808 buffered_data_export.cpp:115] [cosine_internal]successfully create buffer [bus_buffer___pnc__task_service__normal_navigation__response, type pnc_msgs.NormalNavigationResponse, block num 5, valid_time 0, transfer_type 0, data_size 0, mem_type 0, lib_name , ext_data_size 0, is_protobuf 1, enable_event_sync_subscriber 0], buffer id = 4
I0827 00:46:47.697594 1331808 cosine_bus_message_buffer.cpp:45] [cosine_internal][CosineBusMessageBuffer] create buffer success. name:bus_buffer___pnc__task_service__normal_navigation__response, type:pnc_msgs.NormalNavigationResponse, size:5
I0827 00:46:47.697669 1331808 node_impl.cc:344] [aorta]CreateSubscriber topic:/pnc/task_service/normal_navigation/response, uid:8415cd58-9042-411c-a262-490b2e5e4c5e-7227396448010854466 topic_uid:-1
I0827 00:46:47.698846 1331808 aorta_component.cpp:326] [cosine_internal][AortaComponent] aorta node create subscriber. node: python3.10_S1, topic:/pnc/task_service/normal_navigation/response, type:pnc_msgs.NormalNavigationResponse, qos:(history:1, depth:5, reliability:1, durability:2), uri:http://10.42.0.101:2379
I0827 00:46:47.698866 1331808 aorta_subscriber.hpp:96] [cosine_internal][AortaSubscriber] initial. topic:/pnc/task_service/normal_navigation/response, uri:
I0827 00:46:47.698885 1331808 cosine_bus_manager.cpp:400] [cosine_internal][CosineBusManager] create subscriber. topic name:/pnc/task_service/high_precision_navigation/response , middleware:aorta , need async callback:0, frame_skip_rate:1
I0827 00:46:47.698894 1331808 aorta_component.cpp:174] [cosine_internal][AortaComponent] callback_name:/pnc/task_service/high_precision_navigation/responsehttp://10.42.0.101:2379
I0827 00:46:47.698953 1331808 buffered_data_export.cpp:115] [cosine_internal]successfully create buffer [bus_buffer___pnc__task_service__high_precision_navigation__response, type pnc_msgs.HighPrecisionNavigationResponse, block num 5, valid_time 0, transfer_type 0, data_size 0, mem_type 0, lib_name , ext_data_size 0, is_protobuf 1, enable_event_sync_subscriber 0], buffer id = 5
I0827 00:46:47.698972 1331808 cosine_bus_message_buffer.cpp:45] [cosine_internal][CosineBusMessageBuffer] create buffer success. name:bus_buffer___pnc__task_service__high_precision_navigation__response, type:pnc_msgs.HighPrecisionNavigationResponse, size:5
I0827 00:46:47.699079 1331808 node_impl.cc:344] [aorta]CreateSubscriber topic:/pnc/task_service/high_precision_navigation/response, uid:76cafcc1-e8ec-464b-b19b-2f88a1b13550-4701876173029784314 topic_uid:-1
I0827 00:46:47.699471 1331808 aorta_component.cpp:326] [cosine_internal][AortaComponent] aorta node create subscriber. node: python3.10_S1, topic:/pnc/task_service/high_precision_navigation/response, type:pnc_msgs.HighPrecisionNavigationResponse, qos:(history:1, depth:5, reliability:1, durability:2), uri:http://10.42.0.101:2379
I0827 00:46:47.699481 1331808 aorta_subscriber.hpp:96] [cosine_internal][AortaSubscriber] initial. topic:/pnc/task_service/high_precision_navigation/response, uri:
I0827 00:46:47.699501 1331808 cosine_bus_manager.cpp:400] [cosine_internal][CosineBusManager] create subscriber. topic name:/pnc/task_service/relative_move/response , middleware:aorta , need async callback:0, frame_skip_rate:1
I0827 00:46:47.699507 1331808 aorta_component.cpp:174] [cosine_internal][AortaComponent] callback_name:/pnc/task_service/relative_move/responsehttp://10.42.0.101:2379
I0827 00:46:47.699544 1331808 buffered_data_export.cpp:115] [cosine_internal]successfully create buffer [bus_buffer___pnc__task_service__relative_move__response, type pnc_msgs.RelativeMoveResponse, block num 5, valid_time 0, transfer_type 0, data_size 0, mem_type 0, lib_name , ext_data_size 0, is_protobuf 1, enable_event_sync_subscriber 0], buffer id = 6
I0827 00:46:47.699548 1331874 centralized_discovery.cc:733] [aorta]subscriber uid:caccb953-a670-41ee-8519-9b20eaea9ada-9533047780102618842 topic:/gdk/config_response
I0827 00:46:47.699556 1331808 cosine_bus_message_buffer.cpp:45] [cosine_internal][CosineBusMessageBuffer] create buffer success. name:bus_buffer___pnc__task_service__relative_move__response, type:pnc_msgs.RelativeMoveResponse, size:5
I0827 00:46:47.699647 1331808 node_impl.cc:344] [aorta]CreateSubscriber topic:/pnc/task_service/relative_move/response, uid:e63df817-0369-4800-a365-bfbacf641964-4077207897147431090 topic_uid:-1
I0827 00:46:47.700034 1331808 aorta_component.cpp:326] [cosine_internal][AortaComponent] aorta node create subscriber. node: python3.10_S1, topic:/pnc/task_service/relative_move/response, type:pnc_msgs.RelativeMoveResponse, qos:(history:1, depth:5, reliability:1, durability:2), uri:http://10.42.0.101:2379
I0827 00:46:47.700045 1331808 aorta_subscriber.hpp:96] [cosine_internal][AortaSubscriber] initial. topic:/pnc/task_service/relative_move/response, uri:
I0827 00:46:47.700057 1331808 cosine_bus_manager.cpp:400] [cosine_internal][CosineBusManager] create subscriber. topic name:/pnc/task_service/task_cancel/response , middleware:aorta , need async callback:0, frame_skip_rate:1
I0827 00:46:47.700076 1331808 aorta_component.cpp:174] [cosine_internal][AortaComponent] callback_name:/pnc/task_service/task_cancel/responsehttp://10.42.0.101:2379
I0827 00:46:47.700112 1331808 buffered_data_export.cpp:115] [cosine_internal]successfully create buffer [bus_buffer___pnc__task_service__task_cancel__response, type pnc_msgs.TaskCancelResponse, block num 5, valid_time 0, transfer_type 0, data_size 0, mem_type 0, lib_name , ext_data_size 0, is_protobuf 1, enable_event_sync_subscriber 0], buffer id = 7
I0827 00:46:47.700124 1331808 cosine_bus_message_buffer.cpp:45] [cosine_internal][CosineBusMessageBuffer] create buffer success. name:bus_buffer___pnc__task_service__task_cancel__response, type:pnc_msgs.TaskCancelResponse, size:5
I0827 00:46:47.700201 1331808 node_impl.cc:344] [aorta]CreateSubscriber topic:/pnc/task_service/task_cancel/response, uid:7e1425c1-9a73-4ad6-8a81-56af2163f8b5-3654631836754090917 topic_uid:-1
I0827 00:46:47.700578 1331808 aorta_component.cpp:326] [cosine_internal][AortaComponent] aorta node create subscriber. node: python3.10_S1, topic:/pnc/task_service/task_cancel/response, type:pnc_msgs.TaskCancelResponse, qos:(history:1, depth:5, reliability:1, durability:2), uri:http://10.42.0.101:2379
I0827 00:46:47.700593 1331808 aorta_subscriber.hpp:96] [cosine_internal][AortaSubscriber] initial. topic:/pnc/task_service/task_cancel/response, uri:
I0827 00:46:47.700671 1331808 cosine_bus_manager.cpp:400] [cosine_internal][CosineBusManager] create subscriber. topic name:/pnc/task_service/task_pause/response , middleware:aorta , need async callback:0, frame_skip_rate:1
I0827 00:46:47.700681 1331808 aorta_component.cpp:174] [cosine_internal][AortaComponent] callback_name:/pnc/task_service/task_pause/responsehttp://10.42.0.101:2379
I0827 00:46:47.700716 1331808 buffered_data_export.cpp:115] [cosine_internal]successfully create buffer [bus_buffer___pnc__task_service__task_pause__response, type pnc_msgs.TaskPauseResponse, block num 5, valid_time 0, transfer_type 0, data_size 0, mem_type 0, lib_name , ext_data_size 0, is_protobuf 1, enable_event_sync_subscriber 0], buffer id = 8
I0827 00:46:47.700727 1331808 cosine_bus_message_buffer.cpp:45] [cosine_internal][CosineBusMessageBuffer] create buffer success. name:bus_buffer___pnc__task_service__task_pause__response, type:pnc_msgs.TaskPauseResponse, size:5
I0827 00:46:47.700786 1331808 node_impl.cc:344] [aorta]CreateSubscriber topic:/pnc/task_service/task_pause/response, uid:50adbfd7-e447-46a2-9441-4228e9a4912a-4995236092065324733 topic_uid:-1
I0827 00:46:47.700974 1331902 shm_subscriber.cc:120] [aorta]subscriber connect to publisher success, topic /gdk/config_response, local d2379|python3.10|p1331808|n0|s0|c0, peer d2379|gdk_service|p9011|n0|/gdk/config_response|p0
I0827 00:46:47.701076 1331874 centralized_discovery.cc:733] [aorta]subscriber uid:bbe55c51-49cf-4758-bd16-c4e33fc45d1d-3551884323222435368 topic:/gdk/camera_conf_response
I0827 00:46:47.701174 1331808 aorta_component.cpp:326] [cosine_internal][AortaComponent] aorta node create subscriber. node: python3.10_S1, topic:/pnc/task_service/task_pause/response, type:pnc_msgs.TaskPauseResponse, qos:(history:1, depth:5, reliability:1, durability:2), uri:http://10.42.0.101:2379
I0827 00:46:47.701184 1331808 aorta_subscriber.hpp:96] [cosine_internal][AortaSubscriber] initial. topic:/pnc/task_service/task_pause/response, uri:
I0827 00:46:47.701195 1331808 cosine_bus_manager.cpp:400] [cosine_internal][CosineBusManager] create subscriber. topic name:/pnc/task_service/task_resume/response , middleware:aorta , need async callback:0, frame_skip_rate:1
I0827 00:46:47.701201 1331808 aorta_component.cpp:174] [cosine_internal][AortaComponent] callback_name:/pnc/task_service/task_resume/responsehttp://10.42.0.101:2379
I0827 00:46:47.701234 1331808 buffered_data_export.cpp:115] [cosine_internal]successfully create buffer [bus_buffer___pnc__task_service__task_resume__response, type pnc_msgs.TaskResumeResponse, block num 5, valid_time 0, transfer_type 0, data_size 0, mem_type 0, lib_name , ext_data_size 0, is_protobuf 1, enable_event_sync_subscriber 0], buffer id = 9
I0827 00:46:47.701246 1331808 cosine_bus_message_buffer.cpp:45] [cosine_internal][CosineBusMessageBuffer] create buffer success. name:bus_buffer___pnc__task_service__task_resume__response, type:pnc_msgs.TaskResumeResponse, size:5
I0827 00:46:47.701319 1331808 node_impl.cc:344] [aorta]CreateSubscriber topic:/pnc/task_service/task_resume/response, uid:562ae818-5f4b-4061-9c5d-53d563f04b08-16859347558940246081 topic_uid:-1
I0827 00:46:47.701706 1331808 aorta_component.cpp:326] [cosine_internal][AortaComponent] aorta node create subscriber. node: python3.10_S1, topic:/pnc/task_service/task_resume/response, type:pnc_msgs.TaskResumeResponse, qos:(history:1, depth:5, reliability:1, durability:2), uri:http://10.42.0.101:2379
I0827 00:46:47.701716 1331808 aorta_subscriber.hpp:96] [cosine_internal][AortaSubscriber] initial. topic:/pnc/task_service/task_resume/response, uri:
I0827 00:46:47.701726 1331808 cosine_bus_manager.cpp:400] [cosine_internal][CosineBusManager] create subscriber. topic name:/pnc/task_service/remote_control/response , middleware:aorta , need async callback:0, frame_skip_rate:1
I0827 00:46:47.701732 1331808 aorta_component.cpp:174] [cosine_internal][AortaComponent] callback_name:/pnc/task_service/remote_control/responsehttp://10.42.0.101:2379
I0827 00:46:47.701763 1331808 buffered_data_export.cpp:115] [cosine_internal]successfully create buffer [bus_buffer___pnc__task_service__remote_control__response, type pnc_msgs.RemoteControlResponse, block num 5, valid_time 0, transfer_type 0, data_size 0, mem_type 0, lib_name , ext_data_size 0, is_protobuf 1, enable_event_sync_subscriber 0], buffer id = 10
I0827 00:46:47.701773 1331808 cosine_bus_message_buffer.cpp:45] [cosine_internal][CosineBusMessageBuffer] create buffer success. name:bus_buffer___pnc__task_service__remote_control__response, type:pnc_msgs.RemoteControlResponse, size:5
I0827 00:46:47.701838 1331808 node_impl.cc:344] [aorta]CreateSubscriber topic:/pnc/task_service/remote_control/response, uid:34322f61-accd-4979-8223-775de1844cdb-11583863028842959166 topic_uid:-1
I0827 00:46:47.702219 1331808 aorta_component.cpp:326] [cosine_internal][AortaComponent] aorta node create subscriber. node: python3.10_S1, topic:/pnc/task_service/remote_control/response, type:pnc_msgs.RemoteControlResponse, qos:(history:1, depth:5, reliability:1, durability:2), uri:http://10.42.0.101:2379
I0827 00:46:47.702227 1331808 aorta_subscriber.hpp:96] [cosine_internal][AortaSubscriber] initial. topic:/pnc/task_service/remote_control/response, uri:
I0827 00:46:47.702247 1331808 cosine_bus_manager.cpp:294] [cosine_internal][CosineBusManager] create publisher. topic name:/pnc/task_service/normal_navigation/request , middleware:aorta
I0827 00:46:47.702873 1331902 shm_subscriber.cc:120] [aorta]subscriber connect to publisher success, topic /gdk/camera_conf_response, local d2379|python3.10|p1331808|n0|s1|c0, peer d2379|gdk_service|p9011|n0|/gdk/camera_conf_response|p1
I0827 00:46:47.702987 1331808 tcp_publisher.cc:179] [aorta]topic /pnc/task_service/normal_navigation/request, pub_queue_size_ 5, latch_queue_size_ 0
I0827 00:46:47.703075 1331901 tcp_socket_server.cc:200] [aorta]The ip info is0.0.0.0:39589
I0827 00:46:47.703154 1331901 shm_socket_server.cc:101] [aorta][/pnc/task_service/normal_navigation/request] bind at pipe sock name d2379|python3.10|p1331808|n0|..task_service/normal_navigation/request|p2
I0827 00:46:47.703219 1331808 node_impl.cc:198] [aorta]CreatePublisher, host:0.0.0.0, port:39589, sockname:d2379|python3.10|p1331808|n0|..task_service/normal_navigation/request|p2, topic:/pnc/task_service/normal_navigation/request, uid:101dcd33-d107-43a2-82d4-74b91d29aa49-11863888217293896894 topic_uid:-1
I0827 00:46:47.703245 1331808 aorta_component.cpp:394] [cosine_internal][AortaComponent] aorta node create publisher. node: python3.10_S1, topic:/pnc/task_service/normal_navigation/request, type:pnc_msgs.NormalNavigationRequest, qos:(history:1, depth:5, reliability:1, durability:2), uri:http://10.42.0.101:2379
I0827 00:46:47.703282 1331808 aorta_publisher.cpp:119] [cosine_internal][AortaPublisher] publisher initialize. topic:/pnc/task_service/normal_navigation/request, uri:
I0827 00:46:47.703292 1331808 publisher.cpp:27] [GDK]create publisher: /pnc/task_service/normal_navigation/request type: pnc_msgs.NormalNavigationRequest qos: 1 1 5 2
I0827 00:46:47.703310 1331808 cosine_bus_manager.cpp:294] [cosine_internal][CosineBusManager] create publisher. topic name:/pnc/task_service/high_precision_navigation/request , middleware:aorta
I0827 00:46:47.703382 1331874 centralized_discovery.cc:733] [aorta]subscriber uid:3d885c9d-04d6-46b6-a844-81f686a5ec89-9096530589114119892 topic:/pnc/task_state
I0827 00:46:47.703734 1331808 tcp_publisher.cc:179] [aorta]topic /pnc/task_service/high_precision_navigation/request, pub_queue_size_ 5, latch_queue_size_ 0
I0827 00:46:47.703815 1331901 tcp_socket_server.cc:200] [aorta]The ip info is0.0.0.0:42309
I0827 00:46:47.703902 1331901 shm_socket_server.cc:101] [aorta][/pnc/task_service/high_precision_navigation/request] bind at pipe sock name d2379|python3.10|p1331808|n0|..vice/high_precision_navigation/request|p3
I0827 00:46:47.703960 1331808 node_impl.cc:198] [aorta]CreatePublisher, host:0.0.0.0, port:42309, sockname:d2379|python3.10|p1331808|n0|..vice/high_precision_navigation/request|p3, topic:/pnc/task_service/high_precision_navigation/request, uid:23db99c8-e193-4a59-ae54-005d1f64aba1-13581583299462652003 topic_uid:-1
I0827 00:46:47.703990 1331808 aorta_component.cpp:394] [cosine_internal][AortaComponent] aorta node create publisher. node: python3.10_S1, topic:/pnc/task_service/high_precision_navigation/request, type:pnc_msgs.HighPrecisionNavigationRequest, qos:(history:1, depth:5, reliability:1, durability:2), uri:http://10.42.0.101:2379
I0827 00:46:47.704025 1331808 aorta_publisher.cpp:119] [cosine_internal][AortaPublisher] publisher initialize. topic:/pnc/task_service/high_precision_navigation/request, uri:
I0827 00:46:47.704030 1331808 publisher.cpp:27] [GDK]create publisher: /pnc/task_service/high_precision_navigation/request type: pnc_msgs.HighPrecisionNavigationRequest qos: 1 1 5 2
I0827 00:46:47.704046 1331808 cosine_bus_manager.cpp:294] [cosine_internal][CosineBusManager] create publisher. topic name:/pnc/task_service/relative_move/request , middleware:aorta
I0827 00:46:47.704450 1331808 tcp_publisher.cc:179] [aorta]topic /pnc/task_service/relative_move/request, pub_queue_size_ 5, latch_queue_size_ 0
I0827 00:46:47.704528 1331901 tcp_socket_server.cc:200] [aorta]The ip info is0.0.0.0:40071
I0827 00:46:47.704725 1331901 shm_socket_server.cc:101] [aorta][/pnc/task_service/relative_move/request] bind at pipe sock name d2379|python3.10|p1331808|n0|/pnc/task_service/relative_move/request|p4
I0827 00:46:47.704743 1331902 shm_subscriber.cc:120] [aorta]subscriber connect to publisher success, topic /pnc/task_state, local d2379|python3.10|p1331808|n0|s2|c0, peer d2379|quark_navigation|p329956|n0|/pnc/task_state|p24
I0827 00:46:47.704794 1331808 node_impl.cc:198] [aorta]CreatePublisher, host:0.0.0.0, port:40071, sockname:d2379|python3.10|p1331808|n0|/pnc/task_service/relative_move/request|p4, topic:/pnc/task_service/relative_move/request, uid:fd14162a-66f4-41f3-b4ef-c134b7904225-1499998713038698463 topic_uid:-1
I0827 00:46:47.704804 1331874 centralized_discovery.cc:733] [aorta]subscriber uid:8415cd58-9042-411c-a262-490b2e5e4c5e-7227396448010854466 topic:/pnc/task_service/normal_navigation/response
I0827 00:46:47.704818 1331808 aorta_component.cpp:394] [cosine_internal][AortaComponent] aorta node create publisher. node: python3.10_S1, topic:/pnc/task_service/relative_move/request, type:pnc_msgs.RelativeMoveRequest, qos:(history:1, depth:5, reliability:1, durability:2), uri:http://10.42.0.101:2379
I0827 00:46:47.704850 1331808 aorta_publisher.cpp:119] [cosine_internal][AortaPublisher] publisher initialize. topic:/pnc/task_service/relative_move/request, uri:
I0827 00:46:47.704859 1331808 publisher.cpp:27] [GDK]create publisher: /pnc/task_service/relative_move/request type: pnc_msgs.RelativeMoveRequest qos: 1 1 5 2
I0827 00:46:47.704876 1331808 cosine_bus_manager.cpp:294] [cosine_internal][CosineBusManager] create publisher. topic name:/pnc/task_service/task_cancel/request , middleware:aorta
I0827 00:46:47.705322 1331808 tcp_publisher.cc:179] [aorta]topic /pnc/task_service/task_cancel/request, pub_queue_size_ 5, latch_queue_size_ 0
I0827 00:46:47.705382 1331901 tcp_socket_server.cc:200] [aorta]The ip info is0.0.0.0:37273
I0827 00:46:47.705451 1331901 shm_socket_server.cc:101] [aorta][/pnc/task_service/task_cancel/request] bind at pipe sock name d2379|python3.10|p1331808|n0|/pnc/task_service/task_cancel/request|p5
I0827 00:46:47.705545 1331808 node_impl.cc:198] [aorta]CreatePublisher, host:0.0.0.0, port:37273, sockname:d2379|python3.10|p1331808|n0|/pnc/task_service/task_cancel/request|p5, topic:/pnc/task_service/task_cancel/request, uid:ba4770dc-8bc2-44c9-aa31-3d40330c7f13-10250913672907467700 topic_uid:-1
I0827 00:46:47.705574 1331808 aorta_component.cpp:394] [cosine_internal][AortaComponent] aorta node create publisher. node: python3.10_S1, topic:/pnc/task_service/task_cancel/request, type:pnc_msgs.TaskCancelRequest, qos:(history:1, depth:5, reliability:1, durability:2), uri:http://10.42.0.101:2379
I0827 00:46:47.705610 1331808 aorta_publisher.cpp:119] [cosine_internal][AortaPublisher] publisher initialize. topic:/pnc/task_service/task_cancel/request, uri:
I0827 00:46:47.705617 1331808 publisher.cpp:27] [GDK]create publisher: /pnc/task_service/task_cancel/request type: pnc_msgs.TaskCancelRequest qos: 1 1 5 2
I0827 00:46:47.705632 1331808 cosine_bus_manager.cpp:294] [cosine_internal][CosineBusManager] create publisher. topic name:/pnc/task_service/task_pause/request , middleware:aorta
I0827 00:46:47.706040 1331808 tcp_publisher.cc:179] [aorta]topic /pnc/task_service/task_pause/request, pub_queue_size_ 5, latch_queue_size_ 0
I0827 00:46:47.706045 1331902 shm_subscriber.cc:120] [aorta]subscriber connect to publisher success, topic /pnc/task_service/normal_navigation/response, local d2379|python3.10|p1331808|n0|s3|c0, peer d2379|quark_navigation|p329956|n0|..ask_service/normal_navigation/response|p11
I0827 00:46:47.706097 1331901 tcp_socket_server.cc:200] [aorta]The ip info is0.0.0.0:40405
I0827 00:46:47.706104 1331874 centralized_discovery.cc:733] [aorta]subscriber uid:76cafcc1-e8ec-464b-b19b-2f88a1b13550-4701876173029784314 topic:/pnc/task_service/high_precision_navigation/response
I0827 00:46:47.706161 1331901 shm_socket_server.cc:101] [aorta][/pnc/task_service/task_pause/request] bind at pipe sock name d2379|python3.10|p1331808|n0|/pnc/task_service/task_pause/request|p6
I0827 00:46:47.706218 1331808 node_impl.cc:198] [aorta]CreatePublisher, host:0.0.0.0, port:40405, sockname:d2379|python3.10|p1331808|n0|/pnc/task_service/task_pause/request|p6, topic:/pnc/task_service/task_pause/request, uid:dbd76f85-f611-401e-b451-d17020199061-2366368184012060648 topic_uid:-1
I0827 00:46:47.706236 1331808 aorta_component.cpp:394] [cosine_internal][AortaComponent] aorta node create publisher. node: python3.10_S1, topic:/pnc/task_service/task_pause/request, type:pnc_msgs.TaskPauseRequest, qos:(history:1, depth:5, reliability:1, durability:2), uri:http://10.42.0.101:2379
I0827 00:46:47.706265 1331808 aorta_publisher.cpp:119] [cosine_internal][AortaPublisher] publisher initialize. topic:/pnc/task_service/task_pause/request, uri:
I0827 00:46:47.706272 1331808 publisher.cpp:27] [GDK]create publisher: /pnc/task_service/task_pause/request type: pnc_msgs.TaskPauseRequest qos: 1 1 5 2
I0827 00:46:47.706288 1331808 cosine_bus_manager.cpp:294] [cosine_internal][CosineBusManager] create publisher. topic name:/pnc/task_service/task_resume/request , middleware:aorta
I0827 00:46:47.706722 1331808 tcp_publisher.cc:179] [aorta]topic /pnc/task_service/task_resume/request, pub_queue_size_ 5, latch_queue_size_ 0
I0827 00:46:47.706779 1331901 tcp_socket_server.cc:200] [aorta]The ip info is0.0.0.0:36515
I0827 00:46:47.706837 1331901 shm_socket_server.cc:101] [aorta][/pnc/task_service/task_resume/request] bind at pipe sock name d2379|python3.10|p1331808|n0|/pnc/task_service/task_resume/request|p7
I0827 00:46:47.706890 1331808 node_impl.cc:198] [aorta]CreatePublisher, host:0.0.0.0, port:36515, sockname:d2379|python3.10|p1331808|n0|/pnc/task_service/task_resume/request|p7, topic:/pnc/task_service/task_resume/request, uid:daf6ef27-109a-458f-bb24-bc8159a4172c-18204958959141007063 topic_uid:-1
I0827 00:46:47.706907 1331808 aorta_component.cpp:394] [cosine_internal][AortaComponent] aorta node create publisher. node: python3.10_S1, topic:/pnc/task_service/task_resume/request, type:pnc_msgs.TaskResumeRequest, qos:(history:1, depth:5, reliability:1, durability:2), uri:http://10.42.0.101:2379
I0827 00:46:47.706934 1331902 shm_subscriber.cc:120] [aorta]subscriber connect to publisher success, topic /pnc/task_service/high_precision_navigation/response, local d2379|python3.10|p1331808|n0|s4|c0, peer d2379|quark_navigation|p329956|n0|..ice/high_precision_navigation/response|p12
I0827 00:46:47.706944 1331808 aorta_publisher.cpp:119] [cosine_internal][AortaPublisher] publisher initialize. topic:/pnc/task_service/task_resume/request, uri:
I0827 00:46:47.706951 1331808 publisher.cpp:27] [GDK]create publisher: /pnc/task_service/task_resume/request type: pnc_msgs.TaskResumeRequest qos: 1 1 5 2
I0827 00:46:47.706987 1331874 centralized_discovery.cc:733] [aorta]subscriber uid:e63df817-0369-4800-a365-bfbacf641964-4077207897147431090 topic:/pnc/task_service/relative_move/response
I0827 00:46:47.707062 1331808 cosine_bus_manager.cpp:294] [cosine_internal][CosineBusManager] create publisher. topic name:/pnc/remote_control_cmd , middleware:aorta
I0827 00:46:47.707477 1331808 tcp_publisher.cc:179] [aorta]topic /pnc/remote_control_cmd, pub_queue_size_ 5, latch_queue_size_ 0
I0827 00:46:47.707535 1331901 tcp_socket_server.cc:200] [aorta]The ip info is0.0.0.0:39461
I0827 00:46:47.707598 1331901 shm_socket_server.cc:101] [aorta][/pnc/remote_control_cmd] bind at pipe sock name d2379|python3.10|p1331808|n0|/pnc/remote_control_cmd|p8
I0827 00:46:47.707656 1331808 node_impl.cc:198] [aorta]CreatePublisher, host:0.0.0.0, port:39461, sockname:d2379|python3.10|p1331808|n0|/pnc/remote_control_cmd|p8, topic:/pnc/remote_control_cmd, uid:65c4e602-0b92-447e-9aca-34facbdb09dc-2921114360754287628 topic_uid:-1
I0827 00:46:47.707674 1331808 aorta_component.cpp:394] [cosine_internal][AortaComponent] aorta node create publisher. node: python3.10_S1, topic:/pnc/remote_control_cmd, type:geometry_msgs.msg.pb.TwistStamped, qos:(history:1, depth:5, reliability:1, durability:2), uri:http://10.42.0.101:2379
I0827 00:46:47.707703 1331808 aorta_publisher.cpp:119] [cosine_internal][AortaPublisher] publisher initialize. topic:/pnc/remote_control_cmd, uri:
I0827 00:46:47.707710 1331808 publisher.cpp:27] [GDK]create publisher: /pnc/remote_control_cmd type: geometry_msgs.msg.pb.TwistStamped qos: 1 1 5 2
I0827 00:46:47.707723 1331808 cosine_bus_manager.cpp:294] [cosine_internal][CosineBusManager] create publisher. topic name:/pnc/task_service/remote_control/request , middleware:aorta
I0827 00:46:47.707911 1331902 shm_subscriber.cc:120] [aorta]subscriber connect to publisher success, topic /pnc/task_service/relative_move/response, local d2379|python3.10|p1331808|n0|s5|c0, peer d2379|quark_navigation|p329956|n0|/pnc/task_service/relative_move/response|p15
I0827 00:46:47.707963 1331874 centralized_discovery.cc:733] [aorta]subscriber uid:7e1425c1-9a73-4ad6-8a81-56af2163f8b5-3654631836754090917 topic:/pnc/task_service/task_cancel/response
I0827 00:46:47.708137 1331808 tcp_publisher.cc:179] [aorta]topic /pnc/task_service/remote_control/request, pub_queue_size_ 5, latch_queue_size_ 0
I0827 00:46:47.708187 1331901 tcp_socket_server.cc:200] [aorta]The ip info is0.0.0.0:39443
I0827 00:46:47.708247 1331901 shm_socket_server.cc:101] [aorta][/pnc/task_service/remote_control/request] bind at pipe sock name d2379|python3.10|p1331808|n0|/pnc/task_service/remote_control/request|p9
I0827 00:46:47.708297 1331808 node_impl.cc:198] [aorta]CreatePublisher, host:0.0.0.0, port:39443, sockname:d2379|python3.10|p1331808|n0|/pnc/task_service/remote_control/request|p9, topic:/pnc/task_service/remote_control/request, uid:6e0cbc77-ca73-4268-b34b-68210c1135f1-10398465225129759782 topic_uid:-1
I0827 00:46:47.708314 1331808 aorta_component.cpp:394] [cosine_internal][AortaComponent] aorta node create publisher. node: python3.10_S1, topic:/pnc/task_service/remote_control/request, type:pnc_msgs.RemoteControlRequest, qos:(history:1, depth:5, reliability:1, durability:2), uri:http://10.42.0.101:2379
I0827 00:46:47.708344 1331808 aorta_publisher.cpp:119] [cosine_internal][AortaPublisher] publisher initialize. topic:/pnc/task_service/remote_control/request, uri:
I0827 00:46:47.708351 1331808 publisher.cpp:27] [GDK]create publisher: /pnc/task_service/remote_control/request type: pnc_msgs.RemoteControlRequest qos: 1 1 5 2
I0827 00:46:47.708421 1331808 cosine_bus_manager.cpp:400] [cosine_internal][CosineBusManager] create subscriber. topic name:/slam/odom , middleware:aorta , need async callback:0, frame_skip_rate:1
I0827 00:46:47.708431 1331808 aorta_component.cpp:174] [cosine_internal][AortaComponent] callback_name:/slam/odomhttp://10.42.0.101:2379
I0827 00:46:47.708621 1331808 buffered_data_export.cpp:115] [cosine_internal]successfully create buffer [bus_buffer___slam__odom, type genie_msgs.msg.pb.OdomInfo, block num 5, valid_time 0, transfer_type 0, data_size 0, mem_type 0, lib_name , ext_data_size 0, is_protobuf 1, enable_event_sync_subscriber 0], buffer id = 11
I0827 00:46:47.708645 1331808 cosine_bus_message_buffer.cpp:45] [cosine_internal][CosineBusMessageBuffer] create buffer success. name:bus_buffer___slam__odom, type:genie_msgs.msg.pb.OdomInfo, size:5
I0827 00:46:47.708725 1331808 node_impl.cc:344] [aorta]CreateSubscriber topic:/slam/odom, uid:d34a6e2e-8f5a-4aa1-baa8-66a40c102262-8164318257426434522 topic_uid:-1
I0827 00:46:47.709113 1331808 aorta_component.cpp:326] [cosine_internal][AortaComponent] aorta node create subscriber. node: python3.10_S1, topic:/slam/odom, type:genie_msgs.msg.pb.OdomInfo, qos:(history:1, depth:5, reliability:1, durability:2), uri:http://10.42.0.101:2379
I0827 00:46:47.709125 1331808 aorta_subscriber.hpp:96] [cosine_internal][AortaSubscriber] initial. topic:/slam/odom, uri:
I0827 00:46:47.709142 1331808 cosine_bus_manager.cpp:400] [cosine_internal][CosineBusManager] create subscriber. topic name:/slam/state , middleware:aorta , need async callback:0, frame_skip_rate:1
I0827 00:46:47.709151 1331808 aorta_component.cpp:174] [cosine_internal][AortaComponent] callback_name:/slam/statehttp://10.42.0.101:2379
I0827 00:46:47.709187 1331808 buffered_data_export.cpp:115] [cosine_internal]successfully create buffer [bus_buffer___slam__state, type genie_msgs.msg.pb.CommonResponse, block num 5, valid_time 0, transfer_type 0, data_size 0, mem_type 0, lib_name , ext_data_size 0, is_protobuf 1, enable_event_sync_subscriber 0], buffer id = 12
I0827 00:46:47.709197 1331808 cosine_bus_message_buffer.cpp:45] [cosine_internal][CosineBusMessageBuffer] create buffer success. name:bus_buffer___slam__state, type:genie_msgs.msg.pb.CommonResponse, size:5
I0827 00:46:47.709265 1331808 node_impl.cc:344] [aorta]CreateSubscriber topic:/slam/state, uid:3a5c0bb4-fe70-4985-ab6c-4ac7292db6c9-7791362299214773660 topic_uid:-1
I0827 00:46:47.709585 1331902 shm_subscriber.cc:120] [aorta]subscriber connect to publisher success, topic /pnc/task_service/task_cancel/response, local d2379|python3.10|p1331808|n0|s6|c0, peer d2379|quark_navigation|p329956|n0|/pnc/task_service/task_cancel/response|p17
I0827 00:46:47.709645 1331808 aorta_component.cpp:326] [cosine_internal][AortaComponent] aorta node create subscriber. node: python3.10_S1, topic:/slam/state, type:genie_msgs.msg.pb.CommonResponse, qos:(history:1, depth:5, reliability:1, durability:2), uri:http://10.42.0.101:2379
I0827 00:46:47.709650 1331874 centralized_discovery.cc:733] [aorta]subscriber uid:50adbfd7-e447-46a2-9441-4228e9a4912a-4995236092065324733 topic:/pnc/task_service/task_pause/response
I0827 00:46:47.709654 1331808 aorta_subscriber.hpp:96] [cosine_internal][AortaSubscriber] initial. topic:/slam/state, uri:
I0827 00:46:47.709668 1331808 cosine_bus_manager.cpp:400] [cosine_internal][CosineBusManager] create subscriber. topic name:/slam/mapping_response , middleware:aorta , need async callback:0, frame_skip_rate:1
I0827 00:46:47.709676 1331808 aorta_component.cpp:174] [cosine_internal][AortaComponent] callback_name:/slam/mapping_responsehttp://10.42.0.101:2379
I0827 00:46:47.709704 1331808 buffered_data_export.cpp:115] [cosine_internal]successfully create buffer [bus_buffer___slam__mapping_response, type genie_msgs.msg.pb.CommonResponse, block num 5, valid_time 0, transfer_type 0, data_size 0, mem_type 0, lib_name , ext_data_size 0, is_protobuf 1, enable_event_sync_subscriber 0], buffer id = 13
I0827 00:46:47.709722 1331808 cosine_bus_message_buffer.cpp:45] [cosine_internal][CosineBusMessageBuffer] create buffer success. name:bus_buffer___slam__mapping_response, type:genie_msgs.msg.pb.CommonResponse, size:5
I0827 00:46:47.709779 1331808 node_impl.cc:344] [aorta]CreateSubscriber topic:/slam/mapping_response, uid:70a628c3-dece-47c6-8580-69d035dacb9b-3136143855590244141 topic_uid:-1
I0827 00:46:47.710160 1331808 aorta_component.cpp:326] [cosine_internal][AortaComponent] aorta node create subscriber. node: python3.10_S1, topic:/slam/mapping_response, type:genie_msgs.msg.pb.CommonResponse, qos:(history:1, depth:5, reliability:1, durability:2), uri:http://10.42.0.101:2379
I0827 00:46:47.710170 1331808 aorta_subscriber.hpp:96] [cosine_internal][AortaSubscriber] initial. topic:/slam/mapping_response, uri:
I0827 00:46:47.710188 1331808 cosine_bus_manager.cpp:400] [cosine_internal][CosineBusManager] create subscriber. topic name:/slam/record_spec_loc_rsp , middleware:aorta , need async callback:0, frame_skip_rate:1
I0827 00:46:47.710196 1331808 aorta_component.cpp:174] [cosine_internal][AortaComponent] callback_name:/slam/record_spec_loc_rsphttp://10.42.0.101:2379
I0827 00:46:47.710230 1331808 buffered_data_export.cpp:115] [cosine_internal]successfully create buffer [bus_buffer___slam__record_spec_loc_rsp, type genie_msgs.msg.pb.CommonResponse, block num 5, valid_time 0, transfer_type 0, data_size 0, mem_type 0, lib_name , ext_data_size 0, is_protobuf 1, enable_event_sync_subscriber 0], buffer id = 14
I0827 00:46:47.710246 1331808 cosine_bus_message_buffer.cpp:45] [cosine_internal][CosineBusMessageBuffer] create buffer success. name:bus_buffer___slam__record_spec_loc_rsp, type:genie_msgs.msg.pb.CommonResponse, size:5
I0827 00:46:47.710320 1331808 node_impl.cc:344] [aorta]CreateSubscriber topic:/slam/record_spec_loc_rsp, uid:84beb0e4-aa8f-472a-9c1c-2743e1775390-16786186340696970127 topic_uid:-1
I0827 00:46:47.710740 1331808 aorta_component.cpp:326] [cosine_internal][AortaComponent] aorta node create subscriber. node: python3.10_S1, topic:/slam/record_spec_loc_rsp, type:genie_msgs.msg.pb.CommonResponse, qos:(history:1, depth:5, reliability:1, durability:2), uri:http://10.42.0.101:2379
I0827 00:46:47.710752 1331808 aorta_subscriber.hpp:96] [cosine_internal][AortaSubscriber] initial. topic:/slam/record_spec_loc_rsp, uri:
I0827 00:46:47.710772 1331808 cosine_bus_manager.cpp:294] [cosine_internal][CosineBusManager] create publisher. topic name:/slam/mapping_request , middleware:aorta
I0827 00:46:47.711164 1331808 tcp_publisher.cc:179] [aorta]topic /slam/mapping_request, pub_queue_size_ 5, latch_queue_size_ 0
I0827 00:46:47.711236 1331901 tcp_socket_server.cc:200] [aorta]The ip info is0.0.0.0:38055
I0827 00:46:47.711306 1331901 shm_socket_server.cc:101] [aorta][/slam/mapping_request] bind at pipe sock name d2379|python3.10|p1331808|n0|/slam/mapping_request|p10
I0827 00:46:47.711361 1331808 node_impl.cc:198] [aorta]CreatePublisher, host:0.0.0.0, port:38055, sockname:d2379|python3.10|p1331808|n0|/slam/mapping_request|p10, topic:/slam/mapping_request, uid:04f4e489-16ce-40f9-9523-af2011674eee-13788692708863539056 topic_uid:-1
I0827 00:46:47.711378 1331808 aorta_component.cpp:394] [cosine_internal][AortaComponent] aorta node create publisher. node: python3.10_S1, topic:/slam/mapping_request, type:genie_msgs.msg.pb.CommonRequest, qos:(history:1, depth:5, reliability:1, durability:2), uri:http://10.42.0.101:2379
I0827 00:46:47.711410 1331808 aorta_publisher.cpp:119] [cosine_internal][AortaPublisher] publisher initialize. topic:/slam/mapping_request, uri:
I0827 00:46:47.711422 1331808 publisher.cpp:27] [GDK]create publisher: /slam/mapping_request type: genie_msgs.msg.pb.CommonRequest qos: 1 1 5 2
I0827 00:46:47.711434 1331808 cosine_bus_manager.cpp:294] [cosine_internal][CosineBusManager] create publisher. topic name:/slam/record_spec_loc_req , middleware:aorta
I0827 00:46:47.711820 1331808 tcp_publisher.cc:179] [aorta]topic /slam/record_spec_loc_req, pub_queue_size_ 5, latch_queue_size_ 0
