I0827 00:30:03.508908 1088358 node_impl.cc:198] [aorta]CreatePublisher, host:0.0.0.0, port:33913, sockname:d2379|python3.10|p1088358|n0|/MotionControlService/SetLoad/request|p11, topic:/MotionControlService/SetLoad/request, uid:b04adb70-b34f-4505-a333-771317088123-13250693701014519938 topic_uid:-1
I0827 00:30:03.508922 1088358 aorta_component.cpp:394] [cosine_internal][AortaComponent] aorta node create publisher. node: python3.10_S1, topic:/MotionControlService/SetLoad/request, type:genie_msgs.msg.pb.SetLoadRequest, qos:(history:1, depth:5, reliability:1, durability:2), uri:http://10.42.0.101:2379
I0827 00:30:03.508952 1088358 aorta_publisher.cpp:119] [cosine_internal][AortaPublisher] publisher initialize. topic:/MotionControlService/SetLoad/request, uri:
I0827 00:30:03.508960 1088358 publisher.cpp:27] [GDK]create publisher: /MotionControlService/SetLoad/request type: genie_msgs.msg.pb.SetLoadRequest qos: 1 1 5 2
I0827 00:30:03.509028 1088358 cosine_bus_manager.cpp:294] [cosine_internal][CosineBusManager] create publisher. topic name:/gdk/model_predict , middleware:aorta
I0827 00:30:03.509424 1088445 centralized_discovery.cc:733] [aorta]subscriber uid:7c1aa5b2-10c7-405c-bbab-3ef3887b954a-3835708119707617413 topic:/wbc/motion_control_status
I0827 00:30:03.509438 1088358 tcp_publisher.cc:179] [aorta]topic /gdk/model_predict, pub_queue_size_ 5, latch_queue_size_ 0
I0827 00:30:03.509915 1089567 tcp_socket_server.cc:200] [aorta]The ip info is0.0.0.0:34883
I0827 00:30:03.510017 1089567 shm_socket_server.cc:101] [aorta][/gdk/model_predict] bind at pipe sock name d2379|python3.10|p1088358|n0|/gdk/model_predict|p12
I0827 00:30:03.510105 1088358 node_impl.cc:198] [aorta]CreatePublisher, host:0.0.0.0, port:34883, sockname:d2379|python3.10|p1088358|n0|/gdk/model_predict|p12, topic:/gdk/model_predict, uid:a614a15a-9dfb-423a-88b5-476083364913-732077211275631522 topic_uid:-1
I0827 00:30:03.510139 1088358 aorta_component.cpp:394] [cosine_internal][AortaComponent] aorta node create publisher. node: python3.10_S1, topic:/gdk/model_predict, type:genie_msgs.msg.pb.TrajectoryTrackingControl, qos:(history:1, depth:5, reliability:1, durability:2), uri:http://10.42.0.101:2379
I0827 00:30:03.510180 1088358 aorta_publisher.cpp:119] [cosine_internal][AortaPublisher] publisher initialize. topic:/gdk/model_predict, uri:
I0827 00:30:03.510191 1088358 publisher.cpp:27] [GDK]create publisher: /gdk/model_predict type: genie_msgs.msg.pb.TrajectoryTrackingControl qos: 1 1 5 2
I0827 00:30:03.510311 1088358 cosine_bus_manager.cpp:294] [cosine_internal][CosineBusManager] create publisher. topic name:/wbc/force_position_cmd , middleware:aorta
I0827 00:30:03.510776 1088358 tcp_publisher.cc:179] [aorta]topic /wbc/force_position_cmd, pub_queue_size_ 5, latch_queue_size_ 0
I0827 00:30:03.510926 1089567 tcp_socket_server.cc:200] [aorta]The ip info is0.0.0.0:37701
I0827 00:30:03.511148 1089567 shm_socket_server.cc:101] [aorta][/wbc/force_position_cmd] bind at pipe sock name d2379|python3.10|p1088358|n0|/wbc/force_position_cmd|p13
I0827 00:30:03.511224 1088358 node_impl.cc:198] [aorta]CreatePublisher, host:0.0.0.0, port:37701, sockname:d2379|python3.10|p1088358|n0|/wbc/force_position_cmd|p13, topic:/wbc/force_position_cmd, uid:e6325f18-f7fd-4cd6-b11a-27bbc3a6c571-7688843706006148097 topic_uid:-1
I0827 00:30:03.511250 1088358 aorta_component.cpp:394] [cosine_internal][AortaComponent] aorta node create publisher. node: python3.10_S1, topic:/wbc/force_position_cmd, type:genie_msgs.msg.pb.ForcePositionCmd, qos:(history:1, depth:5, reliability:1, durability:2), uri:http://10.42.0.101:2379
I0827 00:30:03.511287 1088358 aorta_publisher.cpp:119] [cosine_internal][AortaPublisher] publisher initialize. topic:/wbc/force_position_cmd, uri:
I0827 00:30:03.511299 1088358 publisher.cpp:27] [GDK]create publisher: /wbc/force_position_cmd type: genie_msgs.msg.pb.ForcePositionCmd qos: 1 1 5 2
I0827 00:30:03.511412 1088358 cosine_bus_manager.cpp:294] [cosine_internal][CosineBusManager] create publisher. topic name:/MotionControlService/SetComplianceParams/request , middleware:aorta
I0827 00:30:03.511912 1088358 tcp_publisher.cc:179] [aorta]topic /MotionControlService/SetComplianceParams/request, pub_queue_size_ 5, latch_queue_size_ 0
I0827 00:30:03.512053 1089567 tcp_socket_server.cc:200] [aorta]The ip info is0.0.0.0:43863
I0827 00:30:03.512241 1089567 shm_socket_server.cc:101] [aorta][/MotionControlService/SetComplianceParams/request] bind at pipe sock name d2379|python3.10|p1088358|n0|..rolService/SetComplianceParams/request|p14
I0827 00:30:03.512344 1088358 node_impl.cc:198] [aorta]CreatePublisher, host:0.0.0.0, port:43863, sockname:d2379|python3.10|p1088358|n0|..rolService/SetComplianceParams/request|p14, topic:/MotionControlService/SetComplianceParams/request, uid:06bde1bd-4c21-48c9-80cb-d238e7dce6d8-14162462508962048716 topic_uid:-1
I0827 00:30:03.512370 1088358 aorta_component.cpp:394] [cosine_internal][AortaComponent] aorta node create publisher. node: python3.10_S1, topic:/MotionControlService/SetComplianceParams/request, type:genie_msgs.msg.pb.SetComplianceParamsRequest, qos:(history:1, depth:5, reliability:1, durability:2), uri:http://10.42.0.101:2379
I0827 00:30:03.512408 1088358 aorta_publisher.cpp:119] [cosine_internal][AortaPublisher] publisher initialize. topic:/MotionControlService/SetComplianceParams/request, uri:
I0827 00:30:03.512418 1088358 publisher.cpp:27] [GDK]create publisher: /MotionControlService/SetComplianceParams/request type: genie_msgs.msg.pb.SetComplianceParamsRequest qos: 1 1 5 2
I0827 00:30:03.512593 1088358 cosine_bus_manager.cpp:294] [cosine_internal][CosineBusManager] create publisher. topic name:/MotionControlService/MotionPlan/request , middleware:aorta
I0827 00:30:03.513041 1088358 tcp_publisher.cc:179] [aorta]topic /MotionControlService/MotionPlan/request, pub_queue_size_ 5, latch_queue_size_ 0
I0827 00:30:03.513111 1089568 shm_subscriber.cc:120] [aorta]subscriber connect to publisher success, topic /wbc/motion_control_status, local d2379|python3.10|p1088358|n0|s8|c0, peer d2379|genie_motion_control|p11269|n0|/wbc/motion_control_status|p4
I0827 00:30:03.513121 1089567 tcp_socket_server.cc:200] [aorta]The ip info is0.0.0.0:35223
I0827 00:30:03.513180 1088445 centralized_discovery.cc:733] [aorta]subscriber uid:8953ed3b-1f45-4a0b-b070-52f27aedf237-11220515294652701264 topic:/MotionControlService/JointPosition/response
I0827 00:30:03.513345 1089567 shm_socket_server.cc:101] [aorta][/MotionControlService/MotionPlan/request] bind at pipe sock name d2379|python3.10|p1088358|n0|/MotionControlService/MotionPlan/request|p15
I0827 00:30:03.513494 1088358 node_impl.cc:198] [aorta]CreatePublisher, host:0.0.0.0, port:35223, sockname:d2379|python3.10|p1088358|n0|/MotionControlService/MotionPlan/request|p15, topic:/MotionControlService/MotionPlan/request, uid:0dd29bcb-973d-47ba-8acc-f5316eee60c0-8174779158326670585 topic_uid:-1
I0827 00:30:03.513523 1088358 aorta_component.cpp:394] [cosine_internal][AortaComponent] aorta node create publisher. node: python3.10_S1, topic:/MotionControlService/MotionPlan/request, type:genie_msgs.msg.pb.MotionPlanRequest, qos:(history:1, depth:5, reliability:1, durability:2), uri:http://10.42.0.101:2379
I0827 00:30:03.513561 1088358 aorta_publisher.cpp:119] [cosine_internal][AortaPublisher] publisher initialize. topic:/MotionControlService/MotionPlan/request, uri:
I0827 00:30:03.513571 1088358 publisher.cpp:27] [GDK]create publisher: /MotionControlService/MotionPlan/request type: genie_msgs.msg.pb.MotionPlanRequest qos: 1 1 5 2
I0827 00:30:03.513716 1088358 cosine_bus_manager.cpp:294] [cosine_internal][CosineBusManager] create publisher. topic name:/wbc/retarget , middleware:aorta
I0827 00:30:03.514135 1088358 tcp_publisher.cc:179] [aorta]topic /wbc/retarget, pub_queue_size_ 5, latch_queue_size_ 0
I0827 00:30:03.514546 1089567 tcp_socket_server.cc:200] [aorta]The ip info is0.0.0.0:34037
I0827 00:30:03.514590 1089568 shm_subscriber.cc:120] [aorta]subscriber connect to publisher success, topic /MotionControlService/JointPosition/response, local d2379|python3.10|p1088358|n0|s9|c0, peer d2379|genie_motion_control|p11269|n0|..nControlService/JointPosition/response|p20
I0827 00:30:03.514658 1089567 shm_socket_server.cc:101] [aorta][/wbc/retarget] bind at pipe sock name d2379|python3.10|p1088358|n0|/wbc/retarget|p16
I0827 00:30:03.514662 1088445 centralized_discovery.cc:733] [aorta]subscriber uid:4741e76c-e8e5-4a53-b2f1-6998bb596206-13500083580579056044 topic:/MotionControlService/ControlMode/response
I0827 00:30:03.514806 1088358 node_impl.cc:198] [aorta]CreatePublisher, host:0.0.0.0, port:34037, sockname:d2379|python3.10|p1088358|n0|/wbc/retarget|p16, topic:/wbc/retarget, uid:e269e384-8286-4a1b-9cb6-45a9b5d98147-10549331913175888813 topic_uid:-1
I0827 00:30:03.514832 1088358 aorta_component.cpp:394] [cosine_internal][AortaComponent] aorta node create publisher. node: python3.10_S1, topic:/wbc/retarget, type:genie_msgs.msg.pb.ReactiveControl, qos:(history:1, depth:5, reliability:1, durability:2), uri:http://10.42.0.101:2379
I0827 00:30:03.514933 1088358 aorta_publisher.cpp:119] [cosine_internal][AortaPublisher] publisher initialize. topic:/wbc/retarget, uri:
I0827 00:30:03.514946 1088358 publisher.cpp:27] [GDK]create publisher: /wbc/retarget type: genie_msgs.msg.pb.ReactiveControl qos: 1 1 5 2
I0827 00:30:03.514966 1088358 robot.cpp:28] [GDK]RobotBody constructor
I0827 00:30:03.515043 1088358 cosine_bus_manager.cpp:76] [cosine_internal][CosineBusManager] cosine bus already initialised
I0827 00:30:03.515069 1088358 cosine_bus_manager.cpp:351] [cosine_internal][CosineBusManager] create default subscriber. topic name:/camera/head_back_fisheye
I0827 00:30:03.515084 1088358 aorta_component.cpp:174] [cosine_internal][AortaComponent] callback_name:/camera/head_back_fisheyehttp://10.42.0.101:2379
I0827 00:30:03.515192 1088358 buffered_data_export.cpp:115] [cosine_internal]successfully create buffer [bus_buffer___camera__head_back_fisheye, type CosineDataPacket, block num 5, valid_time 0, transfer_type 0, data_size 0, mem_type 0, lib_name , ext_data_size 0, is_protobuf 0, enable_event_sync_subscriber 0], buffer id = 15
I0827 00:30:03.515220 1088358 cosine_bus_message_buffer.cpp:45] [cosine_internal][CosineBusMessageBuffer] create buffer success. name:bus_buffer___camera__head_back_fisheye, type:CosineDataPacket, size:5
I0827 00:30:03.515321 1088358 node_impl.cc:344] [aorta]CreateSubscriber topic:/camera/head_back_fisheye, uid:eac6689d-c164-44ec-b69c-3593e346cdfd-10407449922038425096 topic_uid:-1
I0827 00:30:03.515661 1089568 shm_subscriber.cc:120] [aorta]subscriber connect to publisher success, topic /MotionControlService/ControlMode/response, local d2379|python3.10|p1088358|n0|s10|c0, peer d2379|genie_motion_control|p11269|n0|..ionControlService/ControlMode/response|p16
I0827 00:30:03.515726 1088445 centralized_discovery.cc:733] [aorta]subscriber uid:61762e2f-57cd-4fda-ac2c-cf0772a47ad4-11741066552301177038 topic:/MotionControlService/SetLoad/response
I0827 00:30:03.515947 1088358 aorta_component.cpp:326] [cosine_internal][AortaComponent] aorta node create subscriber. node: python3.10_S1, topic:/camera/head_back_fisheye, type:CosineDataPacket, qos:(history:1, depth:5, reliability:1, durability:2), uri:http://10.42.0.101:2379
I0827 00:30:03.515962 1088358 aorta_subscriber.hpp:96] [cosine_internal][AortaSubscriber] initial. topic:/camera/head_back_fisheye, uri:
I0827 00:30:03.515991 1088358 cosine_bus_manager.cpp:76] [cosine_internal][CosineBusManager] cosine bus already initialised
I0827 00:30:03.516005 1088358 cosine_bus_manager.cpp:351] [cosine_internal][CosineBusManager] create default subscriber. topic name:/camera/head_left_fisheye
I0827 00:30:03.516013 1088358 aorta_component.cpp:174] [cosine_internal][AortaComponent] callback_name:/camera/head_left_fisheyehttp://10.42.0.101:2379
I0827 00:30:03.516243 1088358 buffered_data_export.cpp:115] [cosine_internal]successfully create buffer [bus_buffer___camera__head_left_fisheye, type CosineDataPacket, block num 5, valid_time 0, transfer_type 0, data_size 0, mem_type 0, lib_name , ext_data_size 0, is_protobuf 0, enable_event_sync_subscriber 0], buffer id = 16
I0827 00:30:03.516268 1088358 cosine_bus_message_buffer.cpp:45] [cosine_internal][CosineBusMessageBuffer] create buffer success. name:bus_buffer___camera__head_left_fisheye, type:CosineDataPacket, size:5
I0827 00:30:03.516358 1088358 node_impl.cc:344] [aorta]CreateSubscriber topic:/camera/head_left_fisheye, uid:1e454919-c69d-4ca8-a311-3e223898632f-14591831445956696588 topic_uid:-1
I0827 00:30:03.516777 1089568 shm_subscriber.cc:120] [aorta]subscriber connect to publisher success, topic /MotionControlService/SetLoad/response, local d2379|python3.10|p1088358|n0|s11|c0, peer d2379|genie_motion_control|p11269|n0|/MotionControlService/SetLoad/response|p15
I0827 00:30:03.516852 1088445 centralized_discovery.cc:733] [aorta]subscriber uid:66168691-018f-4aad-b1f8-e5043d6ef807-16772690313444795879 topic:/MotionControlService/SetComplianceParams/response
I0827 00:30:03.516947 1088358 aorta_component.cpp:326] [cosine_internal][AortaComponent] aorta node create subscriber. node: python3.10_S1, topic:/camera/head_left_fisheye, type:CosineDataPacket, qos:(history:1, depth:5, reliability:1, durability:2), uri:http://10.42.0.101:2379
I0827 00:30:03.516961 1088358 aorta_subscriber.hpp:96] [cosine_internal][AortaSubscriber] initial. topic:/camera/head_left_fisheye, uri:
I0827 00:30:03.517009 1088358 cosine_bus_manager.cpp:76] [cosine_internal][CosineBusManager] cosine bus already initialised
I0827 00:30:03.517024 1088358 cosine_bus_manager.cpp:351] [cosine_internal][CosineBusManager] create default subscriber. topic name:/camera/head_right_fisheye
I0827 00:30:03.517032 1088358 aorta_component.cpp:174] [cosine_internal][AortaComponent] callback_name:/camera/head_right_fisheyehttp://10.42.0.101:2379
I0827 00:30:03.517074 1088358 buffered_data_export.cpp:115] [cosine_internal]successfully create buffer [bus_buffer___camera__head_right_fisheye, type CosineDataPacket, block num 5, valid_time 0, transfer_type 0, data_size 0, mem_type 0, lib_name , ext_data_size 0, is_protobuf 0, enable_event_sync_subscriber 0], buffer id = 17
I0827 00:30:03.517091 1088358 cosine_bus_message_buffer.cpp:45] [cosine_internal][CosineBusMessageBuffer] create buffer success. name:bus_buffer___camera__head_right_fisheye, type:CosineDataPacket, size:5
I0827 00:30:03.517179 1088358 node_impl.cc:344] [aorta]CreateSubscriber topic:/camera/head_right_fisheye, uid:3e952842-645b-4235-8e04-4d60aa8a6713-11724137809755197201 topic_uid:-1
I0827 00:30:03.517570 1088358 aorta_component.cpp:326] [cosine_internal][AortaComponent] aorta node create subscriber. node: python3.10_S1, topic:/camera/head_right_fisheye, type:CosineDataPacket, qos:(history:1, depth:5, reliability:1, durability:2), uri:http://10.42.0.101:2379
I0827 00:30:03.517581 1088358 aorta_subscriber.hpp:96] [cosine_internal][AortaSubscriber] initial. topic:/camera/head_right_fisheye, uri:
I0827 00:30:03.517601 1088358 cosine_bus_manager.cpp:76] [cosine_internal][CosineBusManager] cosine bus already initialised
I0827 00:30:03.517613 1088358 cosine_bus_manager.cpp:351] [cosine_internal][CosineBusManager] create default subscriber. topic name:/camera/head_stereo_left
I0827 00:30:03.517621 1088358 aorta_component.cpp:174] [cosine_internal][AortaComponent] callback_name:/camera/head_stereo_lefthttp://10.42.0.101:2379
I0827 00:30:03.517652 1088358 buffered_data_export.cpp:115] [cosine_internal]successfully create buffer [bus_buffer___camera__head_stereo_left, type CosineDataPacket, block num 5, valid_time 0, transfer_type 0, data_size 0, mem_type 0, lib_name , ext_data_size 0, is_protobuf 0, enable_event_sync_subscriber 0], buffer id = 18
I0827 00:30:03.517668 1088358 cosine_bus_message_buffer.cpp:45] [cosine_internal][CosineBusMessageBuffer] create buffer success. name:bus_buffer___camera__head_stereo_left, type:CosineDataPacket, size:5
I0827 00:30:03.517746 1088358 node_impl.cc:344] [aorta]CreateSubscriber topic:/camera/head_stereo_left, uid:d89bbfa9-8a1c-4f4f-9096-55e0b859237e-2772564262404746643 topic_uid:-1
I0827 00:30:03.518133 1088358 aorta_component.cpp:326] [cosine_internal][AortaComponent] aorta node create subscriber. node: python3.10_S1, topic:/camera/head_stereo_left, type:CosineDataPacket, qos:(history:1, depth:5, reliability:1, durability:2), uri:http://10.42.0.101:2379
I0827 00:30:03.518146 1088358 aorta_subscriber.hpp:96] [cosine_internal][AortaSubscriber] initial. topic:/camera/head_stereo_left, uri:
I0827 00:30:03.518163 1088358 cosine_bus_manager.cpp:76] [cosine_internal][CosineBusManager] cosine bus already initialised
I0827 00:30:03.518175 1088358 cosine_bus_manager.cpp:351] [cosine_internal][CosineBusManager] create default subscriber. topic name:/camera/head_stereo_right
I0827 00:30:03.518182 1088358 aorta_component.cpp:174] [cosine_internal][AortaComponent] callback_name:/camera/head_stereo_righthttp://10.42.0.101:2379
I0827 00:30:03.518209 1088358 buffered_data_export.cpp:115] [cosine_internal]successfully create buffer [bus_buffer___camera__head_stereo_right, type CosineDataPacket, block num 5, valid_time 0, transfer_type 0, data_size 0, mem_type 0, lib_name , ext_data_size 0, is_protobuf 0, enable_event_sync_subscriber 0], buffer id = 19
I0827 00:30:03.518221 1088358 cosine_bus_message_buffer.cpp:45] [cosine_internal][CosineBusMessageBuffer] create buffer success. name:bus_buffer___camera__head_stereo_right, type:CosineDataPacket, size:5
I0827 00:30:03.518283 1088358 node_impl.cc:344] [aorta]CreateSubscriber topic:/camera/head_stereo_right, uid:731f29c0-2e79-4aa5-ab65-312bb2f8bab3-8400981831882539399 topic_uid:-1
I0827 00:30:03.518734 1088358 aorta_component.cpp:326] [cosine_internal][AortaComponent] aorta node create subscriber. node: python3.10_S1, topic:/camera/head_stereo_right, type:CosineDataPacket, qos:(history:1, depth:5, reliability:1, durability:2), uri:http://10.42.0.101:2379
I0827 00:30:03.518747 1088358 aorta_subscriber.hpp:96] [cosine_internal][AortaSubscriber] initial. topic:/camera/head_stereo_right, uri:
I0827 00:30:03.518769 1088358 cosine_bus_manager.cpp:76] [cosine_internal][CosineBusManager] cosine bus already initialised
I0827 00:30:03.518783 1088358 cosine_bus_manager.cpp:351] [cosine_internal][CosineBusManager] create default subscriber. topic name:/camera/hand_left_color
I0827 00:30:03.518790 1088358 aorta_component.cpp:174] [cosine_internal][AortaComponent] callback_name:/camera/hand_left_colorhttp://10.42.0.101:2379
I0827 00:30:03.518824 1088358 buffered_data_export.cpp:115] [cosine_internal]successfully create buffer [bus_buffer___camera__hand_left_color, type CosineDataPacket, block num 5, valid_time 0, transfer_type 0, data_size 0, mem_type 0, lib_name , ext_data_size 0, is_protobuf 0, enable_event_sync_subscriber 0], buffer id = 20
I0827 00:30:03.518837 1088358 cosine_bus_message_buffer.cpp:45] [cosine_internal][CosineBusMessageBuffer] create buffer success. name:bus_buffer___camera__hand_left_color, type:CosineDataPacket, size:5
I0827 00:30:03.518774 1089568 shm_subscriber.cc:120] [aorta]subscriber connect to publisher success, topic /MotionControlService/SetComplianceParams/response, local d2379|python3.10|p1088358|n0|s12|c0, peer d2379|genie_motion_control|p11269|n0|..olService/SetComplianceParams/response|p21
I0827 00:30:03.518908 1088445 centralized_discovery.cc:733] [aorta]subscriber uid:797e346f-bacc-4cd5-8e38-1eff4801d771-7265943930381113476 topic:/MotionControlService/MotionPlan/response
I0827 00:30:03.519030 1088358 node_impl.cc:344] [aorta]CreateSubscriber topic:/camera/hand_left_color, uid:769df821-37c7-429f-91c7-f5c6fbb0f98b-16768487626907404343 topic_uid:-1
I0827 00:30:03.519403 1088358 aorta_component.cpp:326] [cosine_internal][AortaComponent] aorta node create subscriber. node: python3.10_S1, topic:/camera/hand_left_color, type:CosineDataPacket, qos:(history:1, depth:5, reliability:1, durability:2), uri:http://10.42.0.101:2379
I0827 00:30:03.519413 1088358 aorta_subscriber.hpp:96] [cosine_internal][AortaSubscriber] initial. topic:/camera/hand_left_color, uri:
I0827 00:30:03.519434 1088358 cosine_bus_manager.cpp:76] [cosine_internal][CosineBusManager] cosine bus already initialised
I0827 00:30:03.520094 1088358 cosine_bus_manager.cpp:351] [cosine_internal][CosineBusManager] create default subscriber. topic name:/camera/hand_right_color
I0827 00:30:03.520114 1088358 aorta_component.cpp:174] [cosine_internal][AortaComponent] callback_name:/camera/hand_right_colorhttp://10.42.0.101:2379
I0827 00:30:03.520169 1088358 buffered_data_export.cpp:115] [cosine_internal]successfully create buffer [bus_buffer___camera__hand_right_color, type CosineDataPacket, block num 5, valid_time 0, transfer_type 0, data_size 0, mem_type 0, lib_name , ext_data_size 0, is_protobuf 0, enable_event_sync_subscriber 0], buffer id = 21
I0827 00:30:03.520186 1088358 cosine_bus_message_buffer.cpp:45] [cosine_internal][CosineBusMessageBuffer] create buffer success. name:bus_buffer___camera__hand_right_color, type:CosineDataPacket, size:5
I0827 00:30:03.520290 1088358 node_impl.cc:344] [aorta]CreateSubscriber topic:/camera/hand_right_color, uid:0c782ae1-6d5f-479a-b6ec-5485f790ae68-8629761233962563373 topic_uid:-1
I0827 00:30:03.520521 1089568 shm_subscriber.cc:120] [aorta]subscriber connect to publisher success, topic /MotionControlService/MotionPlan/response, local d2379|python3.10|p1088358|n0|s13|c0, peer d2379|genie_motion_control|p11269|n0|..tionControlService/MotionPlan/response|p26
I0827 00:30:03.520587 1088445 centralized_discovery.cc:681] [aorta]publisher uid:cadb2626-1726-4296-b873-627b48512cf7-13748557535015507650 topic:/wbc/motion_stop
I0827 00:30:03.520877 1088358 aorta_component.cpp:326] [cosine_internal][AortaComponent] aorta node create subscriber. node: python3.10_S1, topic:/camera/hand_right_color, type:CosineDataPacket, qos:(history:1, depth:5, reliability:1, durability:2), uri:http://10.42.0.101:2379
I0827 00:30:03.520889 1088358 aorta_subscriber.hpp:96] [cosine_internal][AortaSubscriber] initial. topic:/camera/hand_right_color, uri:
I0827 00:30:03.520915 1088358 cosine_bus_manager.cpp:76] [cosine_internal][CosineBusManager] cosine bus already initialised
I0827 00:30:03.520941 1088358 cosine_bus_manager.cpp:351] [cosine_internal][CosineBusManager] create default subscriber. topic name:/camera/head_color
I0827 00:30:03.520949 1088358 aorta_component.cpp:174] [cosine_internal][AortaComponent] callback_name:/camera/head_colorhttp://10.42.0.101:2379
I0827 00:30:03.520983 1088358 buffered_data_export.cpp:115] [cosine_internal]successfully create buffer [bus_buffer___camera__head_color, type CosineDataPacket, block num 5, valid_time 0, transfer_type 0, data_size 0, mem_type 0, lib_name , ext_data_size 0, is_protobuf 0, enable_event_sync_subscriber 0], buffer id = 22
I0827 00:30:03.520996 1088358 cosine_bus_message_buffer.cpp:45] [cosine_internal][CosineBusMessageBuffer] create buffer success. name:bus_buffer___camera__head_color, type:CosineDataPacket, size:5
I0827 00:30:03.521075 1088358 node_impl.cc:344] [aorta]CreateSubscriber topic:/camera/head_color, uid:7db999ab-7553-4c67-a219-fa3be2100cc4-2515219504367417955 topic_uid:-1
I0827 00:30:03.521641 1088445 centralized_discovery.cc:681] [aorta]publisher uid:aab607a4-47ca-4c8f-bb91-b3b0715225c1-14916454457450496029 topic:/wbc/set_control_mode
I0827 00:30:03.521956 1088358 aorta_component.cpp:326] [cosine_internal][AortaComponent] aorta node create subscriber. node: python3.10_S1, topic:/camera/head_color, type:CosineDataPacket, qos:(history:1, depth:5, reliability:1, durability:2), uri:http://10.42.0.101:2379
I0827 00:30:03.522859 1088358 aorta_subscriber.hpp:96] [cosine_internal][AortaSubscriber] initial. topic:/camera/head_color, uri:
I0827 00:30:03.522914 1088358 cosine_bus_manager.cpp:76] [cosine_internal][CosineBusManager] cosine bus already initialised
I0827 00:30:03.522964 1088358 cosine_bus_manager.cpp:351] [cosine_internal][CosineBusManager] create default subscriber. topic name:/camera/head_depth
I0827 00:30:03.522974 1088358 aorta_component.cpp:174] [cosine_internal][AortaComponent] callback_name:/camera/head_depthhttp://10.42.0.101:2379
I0827 00:30:03.523039 1088358 buffered_data_export.cpp:115] [cosine_internal]successfully create buffer [bus_buffer___camera__head_depth, type CosineDataPacket, block num 5, valid_time 0, transfer_type 0, data_size 0, mem_type 0, lib_name , ext_data_size 0, is_protobuf 0, enable_event_sync_subscriber 0], buffer id = 23
I0827 00:30:03.523059 1088358 cosine_bus_message_buffer.cpp:45] [cosine_internal][CosineBusMessageBuffer] create buffer success. name:bus_buffer___camera__head_depth, type:CosineDataPacket, size:5
I0827 00:30:03.523164 1088358 node_impl.cc:344] [aorta]CreateSubscriber topic:/camera/head_depth, uid:dc7fdd01-86b6-49e8-9283-6ec51c69fb69-14849645885661810178 topic_uid:-1
I0827 00:30:03.523459 1088445 centralized_discovery.cc:681] [aorta]publisher uid:8c981fa7-04a5-4097-aec0-ac1b537a5ff8-8961509146944305143 topic:/wbc/end_effector_pose_control
I0827 00:30:03.524137 1088358 aorta_component.cpp:326] [cosine_internal][AortaComponent] aorta node create subscriber. node: python3.10_S1, topic:/camera/head_depth, type:CosineDataPacket, qos:(history:1, depth:5, reliability:1, durability:2), uri:http://10.42.0.101:2379
I0827 00:30:03.524155 1088358 aorta_subscriber.hpp:96] [cosine_internal][AortaSubscriber] initial. topic:/camera/head_depth, uri:
I0827 00:30:03.524183 1088358 cosine_bus_manager.cpp:76] [cosine_internal][CosineBusManager] cosine bus already initialised
I0827 00:30:03.524220 1088358 cosine_bus_manager.cpp:351] [cosine_internal][CosineBusManager] create default subscriber. topic name:/camera/hand_left_depth
I0827 00:30:03.524230 1088358 aorta_component.cpp:174] [cosine_internal][AortaComponent] callback_name:/camera/hand_left_depthhttp://10.42.0.101:2379
I0827 00:30:03.524284 1088358 buffered_data_export.cpp:115] [cosine_internal]successfully create buffer [bus_buffer___camera__hand_left_depth, type CosineDataPacket, block num 5, valid_time 0, transfer_type 0, data_size 0, mem_type 0, lib_name , ext_data_size 0, is_protobuf 0, enable_event_sync_subscriber 0], buffer id = 24
I0827 00:30:03.524302 1088358 cosine_bus_message_buffer.cpp:45] [cosine_internal][CosineBusMessageBuffer] create buffer success. name:bus_buffer___camera__hand_left_depth, type:CosineDataPacket, size:5
I0827 00:30:03.524394 1088358 node_impl.cc:344] [aorta]CreateSubscriber topic:/camera/hand_left_depth, uid:23ef3adb-8356-442f-b12d-991d0be8b716-13237741933269507762 topic_uid:-1
I0827 00:30:03.524777 1088358 aorta_component.cpp:326] [cosine_internal][AortaComponent] aorta node create subscriber. node: python3.10_S1, topic:/camera/hand_left_depth, type:CosineDataPacket, qos:(history:1, depth:5, reliability:1, durability:2), uri:http://10.42.0.101:2379
I0827 00:30:03.524787 1088358 aorta_subscriber.hpp:96] [cosine_internal][AortaSubscriber] initial. topic:/camera/hand_left_depth, uri:
I0827 00:30:03.525163 1088445 centralized_discovery.cc:681] [aorta]publisher uid:47d7ebda-9969-4e42-afcb-5bfcb1dace2a-17554954426434248758 topic:/wbc/joint_position_control
I0827 00:30:03.525270 1088358 cosine_bus_manager.cpp:76] [cosine_internal][CosineBusManager] cosine bus already initialised
I0827 00:30:03.525341 1088358 cosine_bus_manager.cpp:351] [cosine_internal][CosineBusManager] create default subscriber. topic name:/camera/hand_right_depth
I0827 00:30:03.525355 1088358 aorta_component.cpp:174] [cosine_internal][AortaComponent] callback_name:/camera/hand_right_depthhttp://10.42.0.101:2379
I0827 00:30:03.525427 1088358 buffered_data_export.cpp:115] [cosine_internal]successfully create buffer [bus_buffer___camera__hand_right_depth, type CosineDataPacket, block num 5, valid_time 0, transfer_type 0, data_size 0, mem_type 0, lib_name , ext_data_size 0, is_protobuf 0, enable_event_sync_subscriber 0], buffer id = 25
I0827 00:30:03.525446 1088358 cosine_bus_message_buffer.cpp:45] [cosine_internal][CosineBusMessageBuffer] create buffer success. name:bus_buffer___camera__hand_right_depth, type:CosineDataPacket, size:5
I0827 00:30:03.525542 1088358 node_impl.cc:344] [aorta]CreateSubscriber topic:/camera/hand_right_depth, uid:f1ea7b72-5d25-464e-b9af-e50ec7d019b8-17867573658284279546 topic_uid:-1
I0827 00:30:03.525956 1088358 aorta_component.cpp:326] [cosine_internal][AortaComponent] aorta node create subscriber. node: python3.10_S1, topic:/camera/hand_right_depth, type:CosineDataPacket, qos:(history:1, depth:5, reliability:1, durability:2), uri:http://10.42.0.101:2379
I0827 00:30:03.525969 1088358 aorta_subscriber.hpp:96] [cosine_internal][AortaSubscriber] initial. topic:/camera/hand_right_depth, uri:
I0827 00:30:03.525997 1088358 cosine_bus_manager.cpp:76] [cosine_internal][CosineBusManager] cosine bus already initialised
I0827 00:30:03.526036 1088358 cosine_bus_manager.cpp:351] [cosine_internal][CosineBusManager] create default subscriber. topic name:/camera/hand_left_upper_color
I0827 00:30:03.526044 1088358 aorta_component.cpp:174] [cosine_internal][AortaComponent] callback_name:/camera/hand_left_upper_colorhttp://10.42.0.101:2379
I0827 00:30:03.526086 1088358 buffered_data_export.cpp:115] [cosine_internal]successfully create buffer [bus_buffer___camera__hand_left_upper_color, type CosineDataPacket, block num 5, valid_time 0, transfer_type 0, data_size 0, mem_type 0, lib_name , ext_data_size 0, is_protobuf 0, enable_event_sync_subscriber 0], buffer id = 26
I0827 00:30:03.526100 1088358 cosine_bus_message_buffer.cpp:45] [cosine_internal][CosineBusMessageBuffer] create buffer success. name:bus_buffer___camera__hand_left_upper_color, type:CosineDataPacket, size:5
I0827 00:30:03.526165 1088358 node_impl.cc:344] [aorta]CreateSubscriber topic:/camera/hand_left_upper_color, uid:51e50bb0-3952-492b-816f-8c5fbfb32385-10419009240684809358 topic_uid:-1
I0827 00:30:03.526543 1088358 aorta_component.cpp:326] [cosine_internal][AortaComponent] aorta node create subscriber. node: python3.10_S1, topic:/camera/hand_left_upper_color, type:CosineDataPacket, qos:(history:1, depth:5, reliability:1, durability:2), uri:http://10.42.0.101:2379
I0827 00:30:03.526554 1088358 aorta_subscriber.hpp:96] [cosine_internal][AortaSubscriber] initial. topic:/camera/hand_left_upper_color, uri:
I0827 00:30:03.526575 1088358 cosine_bus_manager.cpp:76] [cosine_internal][CosineBusManager] cosine bus already initialised
I0827 00:30:03.526599 1088358 cosine_bus_manager.cpp:351] [cosine_internal][CosineBusManager] create default subscriber. topic name:/camera/hand_right_upper_color
I0827 00:30:03.526607 1088358 aorta_component.cpp:174] [cosine_internal][AortaComponent] callback_name:/camera/hand_right_upper_colorhttp://10.42.0.101:2379
I0827 00:30:03.526950 1088445 centralized_discovery.cc:681] [aorta]publisher uid:84acb2b8-4530-4ca0-bc3f-294280dce569-13247891859042633557 topic:/MotionControlService/JointPosition/request
I0827 00:30:03.527069 1088358 buffered_data_export.cpp:115] [cosine_internal]successfully create buffer [bus_buffer___camera__hand_right_upper_color, type CosineDataPacket, block num 5, valid_time 0, transfer_type 0, data_size 0, mem_type 0, lib_name , ext_data_size 0, is_protobuf 0, enable_event_sync_subscriber 0], buffer id = 27
I0827 00:30:03.527089 1088358 cosine_bus_message_buffer.cpp:45] [cosine_internal][CosineBusMessageBuffer] create buffer success. name:bus_buffer___camera__hand_right_upper_color, type:CosineDataPacket, size:5
I0827 00:30:03.527179 1088358 node_impl.cc:344] [aorta]CreateSubscriber topic:/camera/hand_right_upper_color, uid:c54492f5-5729-4177-b02f-ba744ebae45a-14436869942545931775 topic_uid:-1
I0827 00:30:03.527874 1088358 aorta_component.cpp:326] [cosine_internal][AortaComponent] aorta node create subscriber. node: python3.10_S1, topic:/camera/hand_right_upper_color, type:CosineDataPacket, qos:(history:1, depth:5, reliability:1, durability:2), uri:http://10.42.0.101:2379
I0827 00:30:03.527891 1088358 aorta_subscriber.hpp:96] [cosine_internal][AortaSubscriber] initial. topic:/camera/hand_right_upper_color, uri:
I0827 00:30:03.527921 1088358 cosine_bus_manager.cpp:76] [cosine_internal][CosineBusManager] cosine bus already initialised
I0827 00:30:03.527967 1088358 cosine_bus_manager.cpp:351] [cosine_internal][CosineBusManager] create default subscriber. topic name:/camera/hand_left_lower_color
I0827 00:30:03.527976 1088358 aorta_component.cpp:174] [cosine_internal][AortaComponent] callback_name:/camera/hand_left_lower_colorhttp://10.42.0.101:2379
I0827 00:30:03.528015 1088358 buffered_data_export.cpp:115] [cosine_internal]successfully create buffer [bus_buffer___camera__hand_left_lower_color, type CosineDataPacket, block num 5, valid_time 0, transfer_type 0, data_size 0, mem_type 0, lib_name , ext_data_size 0, is_protobuf 0, enable_event_sync_subscriber 0], buffer id = 28
I0827 00:30:03.528029 1088358 cosine_bus_message_buffer.cpp:45] [cosine_internal][CosineBusMessageBuffer] create buffer success. name:bus_buffer___camera__hand_left_lower_color, type:CosineDataPacket, size:5
I0827 00:30:03.528101 1088445 centralized_discovery.cc:681] [aorta]publisher uid:480a5396-eeb0-4efc-b72c-82d703f063fb-7079047142913889307 topic:/MotionControlService/ControlMode/request
I0827 00:30:03.528275 1088358 node_impl.cc:344] [aorta]CreateSubscriber topic:/camera/hand_left_lower_color, uid:a107e56b-0f5a-45cf-ba98-a3a8e0b4e41b-4503626684902531612 topic_uid:-1
I0827 00:30:03.529002 1088358 aorta_component.cpp:326] [cosine_internal][AortaComponent] aorta node create subscriber. node: python3.10_S1, topic:/camera/hand_left_lower_color, type:CosineDataPacket, qos:(history:1, depth:5, reliability:1, durability:2), uri:http://10.42.0.101:2379
I0827 00:30:03.529021 1088358 aorta_subscriber.hpp:96] [cosine_internal][AortaSubscriber] initial. topic:/camera/hand_left_lower_color, uri:
I0827 00:30:03.529050 1088358 cosine_bus_manager.cpp:76] [cosine_internal][CosineBusManager] cosine bus already initialised
I0827 00:30:03.529083 1088358 cosine_bus_manager.cpp:351] [cosine_internal][CosineBusManager] create default subscriber. topic name:/camera/hand_right_lower_color
I0827 00:30:03.529093 1088358 aorta_component.cpp:174] [cosine_internal][AortaComponent] callback_name:/camera/hand_right_lower_colorhttp://10.42.0.101:2379
I0827 00:30:03.529141 1088358 buffered_data_export.cpp:115] [cosine_internal]successfully create buffer [bus_buffer___camera__hand_right_lower_color, type CosineDataPacket, block num 5, valid_time 0, transfer_type 0, data_size 0, mem_type 0, lib_name , ext_data_size 0, is_protobuf 0, enable_event_sync_subscriber 0], buffer id = 29
I0827 00:30:03.529158 1088358 cosine_bus_message_buffer.cpp:45] [cosine_internal][CosineBusMessageBuffer] create buffer success. name:bus_buffer___camera__hand_right_lower_color, type:CosineDataPacket, size:5
I0827 00:30:03.529242 1088358 node_impl.cc:344] [aorta]CreateSubscriber topic:/camera/hand_right_lower_color, uid:ff1074b9-369b-42c5-823c-b6525e764d93-8186110446424813557 topic_uid:-1
I0827 00:30:03.529623 1088358 aorta_component.cpp:326] [cosine_internal][AortaComponent] aorta node create subscriber. node: python3.10_S1, topic:/camera/hand_right_lower_color, type:CosineDataPacket, qos:(history:1, depth:5, reliability:1, durability:2), uri:http://10.42.0.101:2379
I0827 00:30:03.529633 1088358 aorta_subscriber.hpp:96] [cosine_internal][AortaSubscriber] initial. topic:/camera/hand_right_lower_color, uri:
I0827 00:30:03.529655 1088358 cosine_bus_manager.cpp:76] [cosine_internal][CosineBusManager] cosine bus already initialised
I0827 00:30:03.529681 1088358 cosine_bus_manager.cpp:351] [cosine_internal][CosineBusManager] create default subscriber. topic name:/camera/hand_left_upper_depth
I0827 00:30:03.529690 1088358 aorta_component.cpp:174] [cosine_internal][AortaComponent] callback_name:/camera/hand_left_upper_depthhttp://10.42.0.101:2379
I0827 00:30:03.529728 1088358 buffered_data_export.cpp:115] [cosine_internal]successfully create buffer [bus_buffer___camera__hand_left_upper_depth, type CosineDataPacket, block num 5, valid_time 0, transfer_type 0, data_size 0, mem_type 0, lib_name , ext_data_size 0, is_protobuf 0, enable_event_sync_subscriber 0], buffer id = 30
I0827 00:30:03.529759 1088358 cosine_bus_message_buffer.cpp:45] [cosine_internal][CosineBusMessageBuffer] create buffer success. name:bus_buffer___camera__hand_left_upper_depth, type:CosineDataPacket, size:5
I0827 00:30:03.529851 1088358 node_impl.cc:344] [aorta]CreateSubscriber topic:/camera/hand_left_upper_depth, uid:65b46f7b-0549-46c4-8c65-6157be2100ef-12072037676595526463 topic_uid:-1
I0827 00:30:03.529973 1088445 centralized_discovery.cc:681] [aorta]publisher uid:b04adb70-b34f-4505-a333-771317088123-13250693701014519938 topic:/MotionControlService/SetLoad/request
I0827 00:30:03.530565 1088358 aorta_component.cpp:326] [cosine_internal][AortaComponent] aorta node create subscriber. node: python3.10_S1, topic:/camera/hand_left_upper_depth, type:CosineDataPacket, qos:(history:1, depth:5, reliability:1, durability:2), uri:http://10.42.0.101:2379
I0827 00:30:03.530580 1088358 aorta_subscriber.hpp:96] [cosine_internal][AortaSubscriber] initial. topic:/camera/hand_left_upper_depth, uri:
I0827 00:30:03.530608 1088358 cosine_bus_manager.cpp:76] [cosine_internal][CosineBusManager] cosine bus already initialised
I0827 00:30:03.530638 1088358 cosine_bus_manager.cpp:351] [cosine_internal][CosineBusManager] create default subscriber. topic name:/camera/hand_right_upper_depth
I0827 00:30:03.530647 1088358 aorta_component.cpp:174] [cosine_internal][AortaComponent] callback_name:/camera/hand_right_upper_depthhttp://10.42.0.101:2379
I0827 00:30:03.530690 1088358 buffered_data_export.cpp:115] [cosine_internal]successfully create buffer [bus_buffer___camera__hand_right_upper_depth, type CosineDataPacket, block num 5, valid_time 0, transfer_type 0, data_size 0, mem_type 0, lib_name , ext_data_size 0, is_protobuf 0, enable_event_sync_subscriber 0], buffer id = 31
I0827 00:30:03.530705 1088358 cosine_bus_message_buffer.cpp:45] [cosine_internal][CosineBusMessageBuffer] create buffer success. name:bus_buffer___camera__hand_right_upper_depth, type:CosineDataPacket, size:5
I0827 00:30:03.530787 1088358 node_impl.cc:344] [aorta]CreateSubscriber topic:/camera/hand_right_upper_depth, uid:d4ab6030-0c7c-4576-965d-0711fcc332dd-15534589775061933553 topic_uid:-1
I0827 00:30:03.531163 1088358 aorta_component.cpp:326] [cosine_internal][AortaComponent] aorta node create subscriber. node: python3.10_S1, topic:/camera/hand_right_upper_depth, type:CosineDataPacket, qos:(history:1, depth:5, reliability:1, durability:2), uri:http://10.42.0.101:2379
I0827 00:30:03.531174 1088358 aorta_subscriber.hpp:96] [cosine_internal][AortaSubscriber] initial. topic:/camera/hand_right_upper_depth, uri:
I0827 00:30:03.531193 1088358 cosine_bus_manager.cpp:76] [cosine_internal][CosineBusManager] cosine bus already initialised
I0827 00:30:03.531220 1088358 cosine_bus_manager.cpp:351] [cosine_internal][CosineBusManager] create default subscriber. topic name:/camera/hand_left_lower_depth
I0827 00:30:03.531227 1088358 aorta_component.cpp:174] [cosine_internal][AortaComponent] callback_name:/camera/hand_left_lower_depthhttp://10.42.0.101:2379
I0827 00:30:03.531258 1088358 buffered_data_export.cpp:115] [cosine_internal]successfully create buffer [bus_buffer___camera__hand_left_lower_depth, type CosineDataPacket, block num 5, valid_time 0, transfer_type 0, data_size 0, mem_type 0, lib_name , ext_data_size 0, is_protobuf 0, enable_event_sync_subscriber 0], buffer id = 32
I0827 00:30:03.531270 1088358 cosine_bus_message_buffer.cpp:45] [cosine_internal][CosineBusMessageBuffer] create buffer success. name:bus_buffer___camera__hand_left_lower_depth, type:CosineDataPacket, size:5
I0827 00:30:03.531330 1088445 centralized_discovery.cc:681] [aorta]publisher uid:a614a15a-9dfb-423a-88b5-476083364913-732077211275631522 topic:/gdk/model_predict
I0827 00:30:03.531792 1088358 node_impl.cc:344] [aorta]CreateSubscriber topic:/camera/hand_left_lower_depth, uid:dc6ebf4d-514d-4312-999c-99caea243605-14499789538593900557 topic_uid:-1
I0827 00:30:03.531947 1088446 buffered_data_export.cpp:320] [cosine_internal]successfully expanded buffer [bus_buffer___hal__chassis_power_state, type genie_msgs.msg.pb.ChassisPowerState, block num 6, valid_time 0, transfer_type 0, data_size 192, mem_type 0, lib_name , ext_data_size 0, is_protobuf 1, enable_event_sync_subscriber 0] to size: 6
I0827 00:30:03.532073 1088446 buffered_data_export.cpp:320] [cosine_internal]successfully expanded buffer [bus_buffer___hal__chest_power_state, type genie_msgs.msg.pb.ChestPowerState, block num 6, valid_time 0, transfer_type 0, data_size 216, mem_type 0, lib_name , ext_data_size 0, is_protobuf 1, enable_event_sync_subscriber 0] to size: 6
I0827 00:30:03.532737 1088358 aorta_component.cpp:326] [cosine_internal][AortaComponent] aorta node create subscriber. node: python3.10_S1, topic:/camera/hand_left_lower_depth, type:CosineDataPacket, qos:(history:1, depth:5, reliability:1, durability:2), uri:http://10.42.0.101:2379
I0827 00:30:03.532754 1088358 aorta_subscriber.hpp:96] [cosine_internal][AortaSubscriber] initial. topic:/camera/hand_left_lower_depth, uri:
I0827 00:30:03.532793 1088358 cosine_bus_manager.cpp:76] [cosine_internal][CosineBusManager] cosine bus already initialised
I0827 00:30:03.532831 1088358 cosine_bus_manager.cpp:351] [cosine_internal][CosineBusManager] create default subscriber. topic name:/camera/hand_right_lower_depth
I0827 00:30:03.532840 1088358 aorta_component.cpp:174] [cosine_internal][AortaComponent] callback_name:/camera/hand_right_lower_depthhttp://10.42.0.101:2379
I0827 00:30:03.532922 1088445 centralized_discovery.cc:681] [aorta]publisher uid:e6325f18-f7fd-4cd6-b11a-27bbc3a6c571-7688843706006148097 topic:/wbc/force_position_cmd
I0827 00:30:03.533046 1088358 buffered_data_export.cpp:115] [cosine_internal]successfully create buffer [bus_buffer___camera__hand_right_lower_depth, type CosineDataPacket, block num 5, valid_time 0, transfer_type 0, data_size 0, mem_type 0, lib_name , ext_data_size 0, is_protobuf 0, enable_event_sync_subscriber 0], buffer id = 33
I0827 00:30:03.533063 1088358 cosine_bus_message_buffer.cpp:45] [cosine_internal][CosineBusMessageBuffer] create buffer success. name:bus_buffer___camera__hand_right_lower_depth, type:CosineDataPacket, size:5
I0827 00:30:03.533154 1088358 node_impl.cc:344] [aorta]CreateSubscriber topic:/camera/hand_right_lower_depth, uid:db08e9cd-d0c6-40e1-921f-c3a8d937354f-9839082178762803487 topic_uid:-1
I0827 00:30:03.533749 1088358 aorta_component.cpp:326] [cosine_internal][AortaComponent] aorta node create subscriber. node: python3.10_S1, topic:/camera/hand_right_lower_depth, type:CosineDataPacket, qos:(history:1, depth:5, reliability:1, durability:2), uri:http://10.42.0.101:2379
I0827 00:30:03.533764 1088358 aorta_subscriber.hpp:96] [cosine_internal][AortaSubscriber] initial. topic:/camera/hand_right_lower_depth, uri:
I0827 00:30:03.533861 1088358 cosine_bus_manager.cpp:400] [cosine_internal][CosineBusManager] create subscriber. topic name:/pnc/task_state , middleware:aorta , need async callback:0, frame_skip_rate:1
I0827 00:30:03.533874 1088358 aorta_component.cpp:174] [cosine_internal][AortaComponent] callback_name:/pnc/task_statehttp://10.42.0.101:2379
I0827 00:30:03.534062 1088445 centralized_discovery.cc:681] [aorta]publisher uid:06bde1bd-4c21-48c9-80cb-d238e7dce6d8-14162462508962048716 topic:/MotionControlService/SetComplianceParams/request
I0827 00:30:03.534520 1088358 buffered_data_export.cpp:115] [cosine_internal]successfully create buffer [bus_buffer___pnc__task_state, type pnc_msgs.TaskState, block num 5, valid_time 0, transfer_type 0, data_size 0, mem_type 0, lib_name , ext_data_size 0, is_protobuf 1, enable_event_sync_subscriber 0], buffer id = 34
I0827 00:30:03.534543 1088358 cosine_bus_message_buffer.cpp:45] [cosine_internal][CosineBusMessageBuffer] create buffer success. name:bus_buffer___pnc__task_state, type:pnc_msgs.TaskState, size:5
I0827 00:30:03.534633 1088358 node_impl.cc:344] [aorta]CreateSubscriber topic:/pnc/task_state, uid:1f1b5ff9-c20b-48da-b26e-9979db333f2a-9096530589114119892 topic_uid:-1
I0827 00:30:03.535290 1088358 aorta_component.cpp:326] [cosine_internal][AortaComponent] aorta node create subscriber. node: python3.10_S1, topic:/pnc/task_state, type:pnc_msgs.TaskState, qos:(history:1, depth:5, reliability:1, durability:2), uri:http://10.42.0.101:2379
I0827 00:30:03.535310 1088358 aorta_subscriber.hpp:96] [cosine_internal][AortaSubscriber] initial. topic:/pnc/task_state, uri:
I0827 00:30:03.535332 1088358 cosine_bus_manager.cpp:400] [cosine_internal][CosineBusManager] create subscriber. topic name:/pnc/task_service/normal_navigation/response , middleware:aorta , need async callback:0, frame_skip_rate:1
I0827 00:30:03.535341 1088358 aorta_component.cpp:174] [cosine_internal][AortaComponent] callback_name:/pnc/task_service/normal_navigation/responsehttp://10.42.0.101:2379
I0827 00:30:03.535396 1088358 buffered_data_export.cpp:115] [cosine_internal]successfully create buffer [bus_buffer___pnc__task_service__normal_navigation__response, type pnc_msgs.NormalNavigationResponse, block num 5, valid_time 0, transfer_type 0, data_size 0, mem_type 0, lib_name , ext_data_size 0, is_protobuf 1, enable_event_sync_subscriber 0], buffer id = 35
I0827 00:30:03.535411 1088358 cosine_bus_message_buffer.cpp:45] [cosine_internal][CosineBusMessageBuffer] create buffer success. name:bus_buffer___pnc__task_service__normal_navigation__response, type:pnc_msgs.NormalNavigationResponse, size:5
I0827 00:30:03.535537 1088358 node_impl.cc:344] [aorta]CreateSubscriber topic:/pnc/task_service/normal_navigation/response, uid:e4f98605-97f3-4d62-9a78-91becaa3db32-7227396448010854466 topic_uid:-1
I0827 00:30:03.535916 1088358 aorta_component.cpp:326] [cosine_internal][AortaComponent] aorta node create subscriber. node: python3.10_S1, topic:/pnc/task_service/normal_navigation/response, type:pnc_msgs.NormalNavigationResponse, qos:(history:1, depth:5, reliability:1, durability:2), uri:http://10.42.0.101:2379
I0827 00:30:03.535926 1088358 aorta_subscriber.hpp:96] [cosine_internal][AortaSubscriber] initial. topic:/pnc/task_service/normal_navigation/response, uri:
I0827 00:30:03.535939 1088358 cosine_bus_manager.cpp:400] [cosine_internal][CosineBusManager] create subscriber. topic name:/pnc/task_service/high_precision_navigation/response , middleware:aorta , need async callback:0, frame_skip_rate:1
I0827 00:30:03.535948 1088358 aorta_component.cpp:174] [cosine_internal][AortaComponent] callback_name:/pnc/task_service/high_precision_navigation/responsehttp://10.42.0.101:2379
I0827 00:30:03.535993 1088358 buffered_data_export.cpp:115] [cosine_internal]successfully create buffer [bus_buffer___pnc__task_service__high_precision_navigation__response, type pnc_msgs.HighPrecisionNavigationResponse, block num 5, valid_time 0, transfer_type 0, data_size 0, mem_type 0, lib_name , ext_data_size 0, is_protobuf 1, enable_event_sync_subscriber 0], buffer id = 36
I0827 00:30:03.536007 1088358 cosine_bus_message_buffer.cpp:45] [cosine_internal][CosineBusMessageBuffer] create buffer success. name:bus_buffer___pnc__task_service__high_precision_navigation__response, type:pnc_msgs.HighPrecisionNavigationResponse, size:5
I0827 00:30:03.536068 1088445 centralized_discovery.cc:681] [aorta]publisher uid:0dd29bcb-973d-47ba-8acc-f5316eee60c0-8174779158326670585 topic:/MotionControlService/MotionPlan/request
I0827 00:30:03.536224 1088358 node_impl.cc:344] [aorta]CreateSubscriber topic:/pnc/task_service/high_precision_navigation/response, uid:ecbb5a99-ae7a-4c5a-a24d-d61f166677d6-4701876173029784314 topic_uid:-1
I0827 00:30:03.536628 1088358 aorta_component.cpp:326] [cosine_internal][AortaComponent] aorta node create subscriber. node: python3.10_S1, topic:/pnc/task_service/high_precision_navigation/response, type:pnc_msgs.HighPrecisionNavigationResponse, qos:(history:1, depth:5, reliability:1, durability:2), uri:http://10.42.0.101:2379
I0827 00:30:03.536640 1088358 aorta_subscriber.hpp:96] [cosine_internal][AortaSubscriber] initial. topic:/pnc/task_service/high_precision_navigation/response, uri:
I0827 00:30:03.536660 1088358 cosine_bus_manager.cpp:400] [cosine_internal][CosineBusManager] create subscriber. topic name:/pnc/task_service/relative_move/response , middleware:aorta , need async callback:0, frame_skip_rate:1
I0827 00:30:03.536669 1088358 aorta_component.cpp:174] [cosine_internal][AortaComponent] callback_name:/pnc/task_service/relative_move/responsehttp://10.42.0.101:2379
I0827 00:30:03.536718 1088358 buffered_data_export.cpp:115] [cosine_internal]successfully create buffer [bus_buffer___pnc__task_service__relative_move__response, type pnc_msgs.RelativeMoveResponse, block num 5, valid_time 0, transfer_type 0, data_size 0, mem_type 0, lib_name , ext_data_size 0, is_protobuf 1, enable_event_sync_subscriber 0], buffer id = 37
I0827 00:30:03.536736 1088358 cosine_bus_message_buffer.cpp:45] [cosine_internal][CosineBusMessageBuffer] create buffer success. name:bus_buffer___pnc__task_service__relative_move__response, type:pnc_msgs.RelativeMoveResponse, size:5
I0827 00:30:03.536803 1088358 node_impl.cc:344] [aorta]CreateSubscriber topic:/pnc/task_service/relative_move/response, uid:28b07895-1cff-41b0-809b-887dd7f37362-4077207897147431090 topic_uid:-1
I0827 00:30:03.537391 1088446 buffered_data_export.cpp:320] [cosine_internal]successfully expanded buffer [bus_buffer___hal__chassis_power_state, type genie_msgs.msg.pb.ChassisPowerState, block num 7, valid_time 0, transfer_type 0, data_size 192, mem_type 0, lib_name , ext_data_size 0, is_protobuf 1, enable_event_sync_subscriber 0] to size: 7
