I0827 00:06:43.426014 707199 cosine_bus_manager.cpp:400] [cosine_internal][CosineBusManager] create subscriber. topic name:/pnc/task_service/task_cancel/response , middleware:aorta , need async callback:0, frame_skip_rate:1
I0827 00:06:43.426021 707199 aorta_component.cpp:174] [cosine_internal][AortaComponent] callback_name:/pnc/task_service/task_cancel/responsehttp://10.42.0.101:2379
I0827 00:06:43.426059 707199 buffered_data_export.cpp:115] [cosine_internal]successfully create buffer [bus_buffer___pnc__task_service__task_cancel__response, type pnc_msgs.TaskCancelResponse, block num 5, valid_time 0, transfer_type 0, data_size 0, mem_type 0, lib_name , ext_data_size 0, is_protobuf 1, enable_event_sync_subscriber 0], buffer id = 38
I0827 00:06:43.426074 707199 cosine_bus_message_buffer.cpp:45] [cosine_internal][CosineBusMessageBuffer] create buffer success. name:bus_buffer___pnc__task_service__task_cancel__response, type:pnc_msgs.TaskCancelResponse, size:5
I0827 00:06:43.426149 707199 node_impl.cc:344] [aorta]CreateSubscriber topic:/pnc/task_service/task_cancel/response, uid:71a01e67-fe08-4f05-bf2a-1dc6b53d5f43-3654631836754090917 topic_uid:-1
I0827 00:06:43.426235 707297 centralized_discovery.cc:733] [aorta]subscriber uid:bfc51d5c-8950-4e2b-a265-122e5ab9e982-10407449922038425096 topic:/camera/head_back_fisheye
I0827 00:06:43.426532 707199 aorta_component.cpp:326] [cosine_internal][AortaComponent] aorta node create subscriber. node: python3.10_S1, topic:/pnc/task_service/task_cancel/response, type:pnc_msgs.TaskCancelResponse, qos:(history:1, depth:5, reliability:1, durability:2), uri:http://10.42.0.101:2379
I0827 00:06:43.426541 707199 aorta_subscriber.hpp:96] [cosine_internal][AortaSubscriber] initial. topic:/pnc/task_service/task_cancel/response, uri:
I0827 00:06:43.426561 707199 cosine_bus_manager.cpp:400] [cosine_internal][CosineBusManager] create subscriber. topic name:/pnc/task_service/task_pause/response , middleware:aorta , need async callback:0, frame_skip_rate:1
I0827 00:06:43.426568 707199 aorta_component.cpp:174] [cosine_internal][AortaComponent] callback_name:/pnc/task_service/task_pause/responsehttp://10.42.0.101:2379
I0827 00:06:43.426604 707199 buffered_data_export.cpp:115] [cosine_internal]successfully create buffer [bus_buffer___pnc__task_service__task_pause__response, type pnc_msgs.TaskPauseResponse, block num 5, valid_time 0, transfer_type 0, data_size 0, mem_type 0, lib_name , ext_data_size 0, is_protobuf 1, enable_event_sync_subscriber 0], buffer id = 39
I0827 00:06:43.426614 707199 cosine_bus_message_buffer.cpp:45] [cosine_internal][CosineBusMessageBuffer] create buffer success. name:bus_buffer___pnc__task_service__task_pause__response, type:pnc_msgs.TaskPauseResponse, size:5
I0827 00:06:43.426672 707199 node_impl.cc:344] [aorta]CreateSubscriber topic:/pnc/task_service/task_pause/response, uid:4e7c69d9-3715-4745-86e8-abf90818d569-4995236092065324733 topic_uid:-1
I0827 00:06:43.427057 707199 aorta_component.cpp:326] [cosine_internal][AortaComponent] aorta node create subscriber. node: python3.10_S1, topic:/pnc/task_service/task_pause/response, type:pnc_msgs.TaskPauseResponse, qos:(history:1, depth:5, reliability:1, durability:2), uri:http://10.42.0.101:2379
I0827 00:06:43.427067 707199 aorta_subscriber.hpp:96] [cosine_internal][AortaSubscriber] initial. topic:/pnc/task_service/task_pause/response, uri:
I0827 00:06:43.427078 707199 cosine_bus_manager.cpp:400] [cosine_internal][CosineBusManager] create subscriber. topic name:/pnc/task_service/task_resume/response , middleware:aorta , need async callback:0, frame_skip_rate:1
I0827 00:06:43.427085 707199 aorta_component.cpp:174] [cosine_internal][AortaComponent] callback_name:/pnc/task_service/task_resume/responsehttp://10.42.0.101:2379
I0827 00:06:43.427117 707199 buffered_data_export.cpp:115] [cosine_internal]successfully create buffer [bus_buffer___pnc__task_service__task_resume__response, type pnc_msgs.TaskResumeResponse, block num 5, valid_time 0, transfer_type 0, data_size 0, mem_type 0, lib_name , ext_data_size 0, is_protobuf 1, enable_event_sync_subscriber 0], buffer id = 40
I0827 00:06:43.427135 707199 cosine_bus_message_buffer.cpp:45] [cosine_internal][CosineBusMessageBuffer] create buffer success. name:bus_buffer___pnc__task_service__task_resume__response, type:pnc_msgs.TaskResumeResponse, size:5
I0827 00:06:43.427197 707199 node_impl.cc:344] [aorta]CreateSubscriber topic:/pnc/task_service/task_resume/response, uid:bd296c1b-c9a9-40fd-bc38-26502ec224e1-16859347558940246081 topic_uid:-1
I0827 00:06:43.427408 707297 centralized_discovery.cc:733] [aorta]subscriber uid:01acf3da-c4df-4ba0-9d9d-7e7f79c73e8b-14591831445956696588 topic:/camera/head_left_fisheye
I0827 00:06:43.427699 707199 aorta_component.cpp:326] [cosine_internal][AortaComponent] aorta node create subscriber. node: python3.10_S1, topic:/pnc/task_service/task_resume/response, type:pnc_msgs.TaskResumeResponse, qos:(history:1, depth:5, reliability:1, durability:2), uri:http://10.42.0.101:2379
I0827 00:06:43.427718 707199 aorta_subscriber.hpp:96] [cosine_internal][AortaSubscriber] initial. topic:/pnc/task_service/task_resume/response, uri:
I0827 00:06:43.427733 707199 cosine_bus_manager.cpp:400] [cosine_internal][CosineBusManager] create subscriber. topic name:/pnc/task_service/remote_control/response , middleware:aorta , need async callback:0, frame_skip_rate:1
I0827 00:06:43.427742 707199 aorta_component.cpp:174] [cosine_internal][AortaComponent] callback_name:/pnc/task_service/remote_control/responsehttp://10.42.0.101:2379
I0827 00:06:43.427784 707199 buffered_data_export.cpp:115] [cosine_internal]successfully create buffer [bus_buffer___pnc__task_service__remote_control__response, type pnc_msgs.RemoteControlResponse, block num 5, valid_time 0, transfer_type 0, data_size 0, mem_type 0, lib_name , ext_data_size 0, is_protobuf 1, enable_event_sync_subscriber 0], buffer id = 41
I0827 00:06:43.427798 707199 cosine_bus_message_buffer.cpp:45] [cosine_internal][CosineBusMessageBuffer] create buffer success. name:bus_buffer___pnc__task_service__remote_control__response, type:pnc_msgs.RemoteControlResponse, size:5
I0827 00:06:43.427879 707199 node_impl.cc:344] [aorta]CreateSubscriber topic:/pnc/task_service/remote_control/response, uid:ac41508a-2516-42f6-8688-1d4b95a4a6ee-11583863028842959166 topic_uid:-1
I0827 00:06:43.428274 707297 centralized_discovery.cc:733] [aorta]subscriber uid:821d95b7-6869-4519-a5ab-88e2c80a7850-11724137809755197201 topic:/camera/head_right_fisheye
I0827 00:06:43.428279 707199 aorta_component.cpp:326] [cosine_internal][AortaComponent] aorta node create subscriber. node: python3.10_S1, topic:/pnc/task_service/remote_control/response, type:pnc_msgs.RemoteControlResponse, qos:(history:1, depth:5, reliability:1, durability:2), uri:http://10.42.0.101:2379
I0827 00:06:43.428289 707199 aorta_subscriber.hpp:96] [cosine_internal][AortaSubscriber] initial. topic:/pnc/task_service/remote_control/response, uri:
I0827 00:06:43.428314 707199 cosine_bus_manager.cpp:294] [cosine_internal][CosineBusManager] create publisher. topic name:/pnc/task_service/normal_navigation/request , middleware:aorta
I0827 00:06:43.428715 707199 tcp_publisher.cc:179] [aorta]topic /pnc/task_service/normal_navigation/request, pub_queue_size_ 5, latch_queue_size_ 0
I0827 00:06:43.428822 707298 buffered_data_export.cpp:320] [cosine_internal]successfully expanded buffer [bus_buffer___hal__chassis_power_state, type genie_msgs.msg.pb.ChassisPowerState, block num 8, valid_time 0, transfer_type 0, data_size 192, mem_type 0, lib_name , ext_data_size 0, is_protobuf 1, enable_event_sync_subscriber 0] to size: 8
I0827 00:06:43.428879 707298 buffered_data_export.cpp:320] [cosine_internal]successfully expanded buffer [bus_buffer___hal__chest_power_state, type genie_msgs.msg.pb.ChestPowerState, block num 7, valid_time 0, transfer_type 0, data_size 216, mem_type 0, lib_name , ext_data_size 0, is_protobuf 1, enable_event_sync_subscriber 0] to size: 7
I0827 00:06:43.429008 707297 centralized_discovery.cc:733] [aorta]subscriber uid:16014149-d05f-4ec5-b349-a627a0889250-2772564262404746643 topic:/camera/head_stereo_left
I0827 00:06:43.429090 708311 tcp_socket_server.cc:200] [aorta]The ip info is0.0.0.0:41653
I0827 00:06:43.429186 708311 shm_socket_server.cc:101] [aorta][/pnc/task_service/normal_navigation/request] bind at pipe sock name d2379|python3.10|p707199|n0|..task_service/normal_navigation/request|p17
I0827 00:06:43.429282 707199 node_impl.cc:198] [aorta]CreatePublisher, host:0.0.0.0, port:41653, sockname:d2379|python3.10|p707199|n0|..task_service/normal_navigation/request|p17, topic:/pnc/task_service/normal_navigation/request, uid:cdeb9b61-63f4-4101-b6dc-b0c65e5d3119-11863888217293896894 topic_uid:-1
I0827 00:06:43.429309 707199 aorta_component.cpp:394] [cosine_internal][AortaComponent] aorta node create publisher. node: python3.10_S1, topic:/pnc/task_service/normal_navigation/request, type:pnc_msgs.NormalNavigationRequest, qos:(history:1, depth:5, reliability:1, durability:2), uri:http://10.42.0.101:2379
I0827 00:06:43.429348 707199 aorta_publisher.cpp:119] [cosine_internal][AortaPublisher] publisher initialize. topic:/pnc/task_service/normal_navigation/request, uri:
I0827 00:06:43.429356 707199 publisher.cpp:27] [GDK]create publisher: /pnc/task_service/normal_navigation/request type: pnc_msgs.NormalNavigationRequest qos: 1 1 5 2
I0827 00:06:43.429374 707199 cosine_bus_manager.cpp:294] [cosine_internal][CosineBusManager] create publisher. topic name:/pnc/task_service/high_precision_navigation/request , middleware:aorta
I0827 00:06:43.429805 707199 tcp_publisher.cc:179] [aorta]topic /pnc/task_service/high_precision_navigation/request, pub_queue_size_ 5, latch_queue_size_ 0
I0827 00:06:43.429864 708311 tcp_socket_server.cc:200] [aorta]The ip info is0.0.0.0:33835
I0827 00:06:43.429927 708313 shm_subscriber.cc:120] [aorta]subscriber connect to publisher success, topic /camera/head_stereo_left, local d2379|python3.10|p707199|n0|s17|c0, peer d2379|cosine_runner|p9715|n0|/camera/head_stereo_left|p3
I0827 00:06:43.429984 707297 centralized_discovery.cc:733] [aorta]subscriber uid:51baaf82-917b-4632-93e3-54ce6646b8d5-8400981831882539399 topic:/camera/head_stereo_right
I0827 00:06:43.430001 708311 shm_socket_server.cc:101] [aorta][/pnc/task_service/high_precision_navigation/request] bind at pipe sock name d2379|python3.10|p707199|n0|..vice/high_precision_navigation/request|p18
I0827 00:06:43.430084 707199 node_impl.cc:198] [aorta]CreatePublisher, host:0.0.0.0, port:33835, sockname:d2379|python3.10|p707199|n0|..vice/high_precision_navigation/request|p18, topic:/pnc/task_service/high_precision_navigation/request, uid:a318356c-cac7-4352-892c-61ce3a1967ab-13581583299462652003 topic_uid:-1
I0827 00:06:43.430109 707199 aorta_component.cpp:394] [cosine_internal][AortaComponent] aorta node create publisher. node: python3.10_S1, topic:/pnc/task_service/high_precision_navigation/request, type:pnc_msgs.HighPrecisionNavigationRequest, qos:(history:1, depth:5, reliability:1, durability:2), uri:http://10.42.0.101:2379
I0827 00:06:43.430142 707199 aorta_publisher.cpp:119] [cosine_internal][AortaPublisher] publisher initialize. topic:/pnc/task_service/high_precision_navigation/request, uri:
I0827 00:06:43.430150 707199 publisher.cpp:27] [GDK]create publisher: /pnc/task_service/high_precision_navigation/request type: pnc_msgs.HighPrecisionNavigationRequest qos: 1 1 5 2
I0827 00:06:43.430166 707199 cosine_bus_manager.cpp:294] [cosine_internal][CosineBusManager] create publisher. topic name:/pnc/task_service/relative_move/request , middleware:aorta
I0827 00:06:43.430631 707199 tcp_publisher.cc:179] [aorta]topic /pnc/task_service/relative_move/request, pub_queue_size_ 5, latch_queue_size_ 0
I0827 00:06:43.430680 708311 tcp_socket_server.cc:200] [aorta]The ip info is0.0.0.0:38419
I0827 00:06:43.430730 708311 shm_socket_server.cc:101] [aorta][/pnc/task_service/relative_move/request] bind at pipe sock name d2379|python3.10|p707199|n0|/pnc/task_service/relative_move/request|p19
I0827 00:06:43.430789 707199 node_impl.cc:198] [aorta]CreatePublisher, host:0.0.0.0, port:38419, sockname:d2379|python3.10|p707199|n0|/pnc/task_service/relative_move/request|p19, topic:/pnc/task_service/relative_move/request, uid:0c7a9de2-baac-4c7a-a9bc-f8730ff77562-1499998713038698463 topic_uid:-1
I0827 00:06:43.430809 707199 aorta_component.cpp:394] [cosine_internal][AortaComponent] aorta node create publisher. node: python3.10_S1, topic:/pnc/task_service/relative_move/request, type:pnc_msgs.RelativeMoveRequest, qos:(history:1, depth:5, reliability:1, durability:2), uri:http://10.42.0.101:2379
I0827 00:06:43.430811 708313 shm_subscriber.cc:120] [aorta]subscriber connect to publisher success, topic /camera/head_stereo_right, local d2379|python3.10|p707199|n0|s18|c0, peer d2379|cosine_runner|p9715|n0|/camera/head_stereo_right|p0
I0827 00:06:43.430842 707199 aorta_publisher.cpp:119] [cosine_internal][AortaPublisher] publisher initialize. topic:/pnc/task_service/relative_move/request, uri:
I0827 00:06:43.430850 707199 publisher.cpp:27] [GDK]create publisher: /pnc/task_service/relative_move/request type: pnc_msgs.RelativeMoveRequest qos: 1 1 5 2
I0827 00:06:43.430866 707199 cosine_bus_manager.cpp:294] [cosine_internal][CosineBusManager] create publisher. topic name:/pnc/task_service/task_cancel/request , middleware:aorta
I0827 00:06:43.430881 707297 centralized_discovery.cc:733] [aorta]subscriber uid:e22ee739-1278-43a4-ab55-9d9f6477fccb-16768487626907404343 topic:/camera/hand_left_color
I0827 00:06:43.431344 707199 tcp_publisher.cc:179] [aorta]topic /pnc/task_service/task_cancel/request, pub_queue_size_ 5, latch_queue_size_ 0
I0827 00:06:43.431440 708311 tcp_socket_server.cc:200] [aorta]The ip info is0.0.0.0:41837
I0827 00:06:43.431514 708311 shm_socket_server.cc:101] [aorta][/pnc/task_service/task_cancel/request] bind at pipe sock name d2379|python3.10|p707199|n0|/pnc/task_service/task_cancel/request|p20
I0827 00:06:43.431567 707199 node_impl.cc:198] [aorta]CreatePublisher, host:0.0.0.0, port:41837, sockname:d2379|python3.10|p707199|n0|/pnc/task_service/task_cancel/request|p20, topic:/pnc/task_service/task_cancel/request, uid:791c6314-1e00-42b0-8c9e-ec1392590af0-10250913672907467700 topic_uid:-1
I0827 00:06:43.431587 707199 aorta_component.cpp:394] [cosine_internal][AortaComponent] aorta node create publisher. node: python3.10_S1, topic:/pnc/task_service/task_cancel/request, type:pnc_msgs.TaskCancelRequest, qos:(history:1, depth:5, reliability:1, durability:2), uri:http://10.42.0.101:2379
I0827 00:06:43.431622 707199 aorta_publisher.cpp:119] [cosine_internal][AortaPublisher] publisher initialize. topic:/pnc/task_service/task_cancel/request, uri:
I0827 00:06:43.431629 707199 publisher.cpp:27] [GDK]create publisher: /pnc/task_service/task_cancel/request type: pnc_msgs.TaskCancelRequest qos: 1 1 5 2
I0827 00:06:43.431644 707199 cosine_bus_manager.cpp:294] [cosine_internal][CosineBusManager] create publisher. topic name:/pnc/task_service/task_pause/request , middleware:aorta
I0827 00:06:43.431721 708313 shm_subscriber.cc:120] [aorta]subscriber connect to publisher success, topic /camera/hand_left_color, local d2379|python3.10|p707199|n0|s19|c0, peer d2379|cosine_runner|p9715|n0|/camera/hand_left_color|p4
I0827 00:06:43.431782 707297 centralized_discovery.cc:733] [aorta]subscriber uid:58b8d92d-b505-4f48-8078-42eaa5c13cae-8629761233962563373 topic:/camera/hand_right_color
I0827 00:06:43.432046 707199 tcp_publisher.cc:179] [aorta]topic /pnc/task_service/task_pause/request, pub_queue_size_ 5, latch_queue_size_ 0
I0827 00:06:43.432132 708311 tcp_socket_server.cc:200] [aorta]The ip info is0.0.0.0:32895
I0827 00:06:43.432214 708311 shm_socket_server.cc:101] [aorta][/pnc/task_service/task_pause/request] bind at pipe sock name d2379|python3.10|p707199|n0|/pnc/task_service/task_pause/request|p21
I0827 00:06:43.432269 707199 node_impl.cc:198] [aorta]CreatePublisher, host:0.0.0.0, port:32895, sockname:d2379|python3.10|p707199|n0|/pnc/task_service/task_pause/request|p21, topic:/pnc/task_service/task_pause/request, uid:63e1afe2-1939-41b8-a8b2-b314a98f5957-2366368184012060648 topic_uid:-1
I0827 00:06:43.432289 707199 aorta_component.cpp:394] [cosine_internal][AortaComponent] aorta node create publisher. node: python3.10_S1, topic:/pnc/task_service/task_pause/request, type:pnc_msgs.TaskPauseRequest, qos:(history:1, depth:5, reliability:1, durability:2), uri:http://10.42.0.101:2379
I0827 00:06:43.432328 707199 aorta_publisher.cpp:119] [cosine_internal][AortaPublisher] publisher initialize. topic:/pnc/task_service/task_pause/request, uri:
I0827 00:06:43.432336 707199 publisher.cpp:27] [GDK]create publisher: /pnc/task_service/task_pause/request type: pnc_msgs.TaskPauseRequest qos: 1 1 5 2
I0827 00:06:43.432351 707199 cosine_bus_manager.cpp:294] [cosine_internal][CosineBusManager] create publisher. topic name:/pnc/task_service/task_resume/request , middleware:aorta
I0827 00:06:43.432765 707199 tcp_publisher.cc:179] [aorta]topic /pnc/task_service/task_resume/request, pub_queue_size_ 5, latch_queue_size_ 0
I0827 00:06:43.432811 708311 tcp_socket_server.cc:200] [aorta]The ip info is0.0.0.0:33169
I0827 00:06:43.432863 708311 shm_socket_server.cc:101] [aorta][/pnc/task_service/task_resume/request] bind at pipe sock name d2379|python3.10|p707199|n0|/pnc/task_service/task_resume/request|p22
I0827 00:06:43.432909 707199 node_impl.cc:198] [aorta]CreatePublisher, host:0.0.0.0, port:33169, sockname:d2379|python3.10|p707199|n0|/pnc/task_service/task_resume/request|p22, topic:/pnc/task_service/task_resume/request, uid:5a6d4bad-ce81-43ed-b585-a31cbe9cee86-18204958959141007063 topic_uid:-1
I0827 00:06:43.432925 707199 aorta_component.cpp:394] [cosine_internal][AortaComponent] aorta node create publisher. node: python3.10_S1, topic:/pnc/task_service/task_resume/request, type:pnc_msgs.TaskResumeRequest, qos:(history:1, depth:5, reliability:1, durability:2), uri:http://10.42.0.101:2379
I0827 00:06:43.432953 707199 aorta_publisher.cpp:119] [cosine_internal][AortaPublisher] publisher initialize. topic:/pnc/task_service/task_resume/request, uri:
I0827 00:06:43.432956 708313 shm_subscriber.cc:120] [aorta]subscriber connect to publisher success, topic /camera/hand_right_color, local d2379|python3.10|p707199|n0|s20|c0, peer d2379|cosine_runner|p9715|n0|/camera/hand_right_color|p5
I0827 00:06:43.432960 707199 publisher.cpp:27] [GDK]create publisher: /pnc/task_service/task_resume/request type: pnc_msgs.TaskResumeRequest qos: 1 1 5 2
I0827 00:06:43.433017 707297 centralized_discovery.cc:733] [aorta]subscriber uid:a95cf9d7-102f-4679-982f-e59e9081cb9d-2515219504367417955 topic:/camera/head_color
I0827 00:06:43.433086 707199 cosine_bus_manager.cpp:294] [cosine_internal][CosineBusManager] create publisher. topic name:/pnc/remote_control_cmd , middleware:aorta
I0827 00:06:43.433511 707199 tcp_publisher.cc:179] [aorta]topic /pnc/remote_control_cmd, pub_queue_size_ 5, latch_queue_size_ 0
I0827 00:06:43.433584 708311 tcp_socket_server.cc:200] [aorta]The ip info is0.0.0.0:42695
I0827 00:06:43.433661 708311 shm_socket_server.cc:101] [aorta][/pnc/remote_control_cmd] bind at pipe sock name d2379|python3.10|p707199|n0|/pnc/remote_control_cmd|p23
I0827 00:06:43.433715 707199 node_impl.cc:198] [aorta]CreatePublisher, host:0.0.0.0, port:42695, sockname:d2379|python3.10|p707199|n0|/pnc/remote_control_cmd|p23, topic:/pnc/remote_control_cmd, uid:ab4fafa6-addf-400a-8d3d-0b8da0042fe9-2921114360754287628 topic_uid:-1
I0827 00:06:43.433734 707199 aorta_component.cpp:394] [cosine_internal][AortaComponent] aorta node create publisher. node: python3.10_S1, topic:/pnc/remote_control_cmd, type:geometry_msgs.msg.pb.TwistStamped, qos:(history:1, depth:5, reliability:1, durability:2), uri:http://10.42.0.101:2379
I0827 00:06:43.433768 707199 aorta_publisher.cpp:119] [cosine_internal][AortaPublisher] publisher initialize. topic:/pnc/remote_control_cmd, uri:
I0827 00:06:43.433774 707199 publisher.cpp:27] [GDK]create publisher: /pnc/remote_control_cmd type: geometry_msgs.msg.pb.TwistStamped qos: 1 1 5 2
I0827 00:06:43.433794 707199 cosine_bus_manager.cpp:294] [cosine_internal][CosineBusManager] create publisher. topic name:/pnc/task_service/remote_control/request , middleware:aorta
I0827 00:06:43.433867 707298 buffered_data_export.cpp:320] [cosine_internal]successfully expanded buffer [bus_buffer___hal__chassis_power_state, type genie_msgs.msg.pb.ChassisPowerState, block num 9, valid_time 0, transfer_type 0, data_size 192, mem_type 0, lib_name , ext_data_size 0, is_protobuf 1, enable_event_sync_subscriber 0] to size: 9
I0827 00:06:43.433962 707298 buffered_data_export.cpp:320] [cosine_internal]successfully expanded buffer [bus_buffer___hal__chest_power_state, type genie_msgs.msg.pb.ChestPowerState, block num 8, valid_time 0, transfer_type 0, data_size 216, mem_type 0, lib_name , ext_data_size 0, is_protobuf 1, enable_event_sync_subscriber 0] to size: 8
I0827 00:06:43.434020 708313 shm_subscriber.cc:120] [aorta]subscriber connect to publisher success, topic /camera/head_color, local d2379|python3.10|p707199|n0|s21|c0, peer d2379|cosine_runner|p9715|n0|/camera/head_color|p2
I0827 00:06:43.434077 707297 centralized_discovery.cc:733] [aorta]subscriber uid:0f00a585-bb0d-4f23-9808-98dd8b5719f1-14849645885661810178 topic:/camera/head_depth
I0827 00:06:43.434202 707199 tcp_publisher.cc:179] [aorta]topic /pnc/task_service/remote_control/request, pub_queue_size_ 5, latch_queue_size_ 0
I0827 00:06:43.434283 708311 tcp_socket_server.cc:200] [aorta]The ip info is0.0.0.0:36711
I0827 00:06:43.434407 708311 shm_socket_server.cc:101] [aorta][/pnc/task_service/remote_control/request] bind at pipe sock name d2379|python3.10|p707199|n0|/pnc/task_service/remote_control/request|p24
I0827 00:06:43.434494 707199 node_impl.cc:198] [aorta]CreatePublisher, host:0.0.0.0, port:36711, sockname:d2379|python3.10|p707199|n0|/pnc/task_service/remote_control/request|p24, topic:/pnc/task_service/remote_control/request, uid:b8de723e-627e-4fc3-a049-c42f4d573a3c-10398465225129759782 topic_uid:-1
I0827 00:06:43.434517 707199 aorta_component.cpp:394] [cosine_internal][AortaComponent] aorta node create publisher. node: python3.10_S1, topic:/pnc/task_service/remote_control/request, type:pnc_msgs.RemoteControlRequest, qos:(history:1, depth:5, reliability:1, durability:2), uri:http://10.42.0.101:2379
I0827 00:06:43.434563 707199 aorta_publisher.cpp:119] [cosine_internal][AortaPublisher] publisher initialize. topic:/pnc/task_service/remote_control/request, uri:
I0827 00:06:43.434571 707199 publisher.cpp:27] [GDK]create publisher: /pnc/task_service/remote_control/request type: pnc_msgs.RemoteControlRequest qos: 1 1 5 2
I0827 00:06:43.435251 708313 shm_subscriber.cc:120] [aorta]subscriber connect to publisher success, topic /camera/head_depth, local d2379|python3.10|p707199|n0|s22|c0, peer d2379|cosine_runner|p9715|n0|/camera/head_depth|p1
I0827 00:06:43.435317 707297 centralized_discovery.cc:733] [aorta]subscriber uid:30e8cf0c-a1ee-4855-b27f-42e55127addd-13237741933269507762 topic:/camera/hand_left_depth
I0827 00:06:43.436646 707297 centralized_discovery.cc:733] [aorta]subscriber uid:e32b097c-87e1-413b-bcd9-0fb346d03be6-17867573658284279546 topic:/camera/hand_right_depth
I0827 00:06:43.437470 707297 centralized_discovery.cc:733] [aorta]subscriber uid:1cdd11fb-73e3-466c-8b26-70265888ba6a-10419009240684809358 topic:/camera/hand_left_upper_color
I0827 00:06:43.438171 707297 centralized_discovery.cc:733] [aorta]subscriber uid:dc4f67b1-4215-4aef-bf34-6d2c9e0a9e3c-14436869942545931775 topic:/camera/hand_right_upper_color
I0827 00:06:43.438966 707297 centralized_discovery.cc:733] [aorta]subscriber uid:cd0c3e01-19c5-4919-9e37-ff71a656f094-4503626684902531612 topic:/camera/hand_left_lower_color
I0827 00:06:43.439069 707298 buffered_data_export.cpp:320] [cosine_internal]successfully expanded buffer [bus_buffer___hal__chassis_power_state, type genie_msgs.msg.pb.ChassisPowerState, block num 10, valid_time 0, transfer_type 0, data_size 192, mem_type 0, lib_name , ext_data_size 0, is_protobuf 1, enable_event_sync_subscriber 0] to size: 10
I0827 00:06:43.439128 707298 buffered_data_export.cpp:320] [cosine_internal]successfully expanded buffer [bus_buffer___hal__chest_power_state, type genie_msgs.msg.pb.ChestPowerState, block num 9, valid_time 0, transfer_type 0, data_size 216, mem_type 0, lib_name , ext_data_size 0, is_protobuf 1, enable_event_sync_subscriber 0] to size: 9
I0827 00:06:43.439589 707298 buffered_data_export.cpp:320] [cosine_internal]successfully expanded buffer [bus_buffer___hal__joint_state, type genie_msgs.msg.pb.JointState, block num 6, valid_time 0, transfer_type 0, data_size 184, mem_type 0, lib_name , ext_data_size 0, is_protobuf 1, enable_event_sync_subscriber 0] to size: 6
I0827 00:06:43.439654 707297 centralized_discovery.cc:733] [aorta]subscriber uid:816bf26f-071a-430c-9e65-ceaf9f5a92dd-8186110446424813557 topic:/camera/hand_right_lower_color
I0827 00:06:43.440366 707297 centralized_discovery.cc:733] [aorta]subscriber uid:3161456c-3cb7-4a8d-9a89-ea9012bfe27c-12072037676595526463 topic:/camera/hand_left_upper_depth
I0827 00:06:43.441124 707297 centralized_discovery.cc:733] [aorta]subscriber uid:3e771cf7-4adf-43f5-862f-d780df768e1b-15534589775061933553 topic:/camera/hand_right_upper_depth
I0827 00:06:43.442016 707297 centralized_discovery.cc:733] [aorta]subscriber uid:ce04d4b6-7f67-405e-8226-76875e957cb5-14499789538593900557 topic:/camera/hand_left_lower_depth
I0827 00:06:43.442883 707297 centralized_discovery.cc:733] [aorta]subscriber uid:feb1bb7c-7c0e-4679-b58c-12f0423fbbad-9839082178762803487 topic:/camera/hand_right_lower_depth
I0827 00:06:43.443601 707297 centralized_discovery.cc:733] [aorta]subscriber uid:b09a24eb-4407-4d47-8320-7fe58b5a05bb-9096530589114119892 topic:/pnc/task_state
I0827 00:06:43.443877 707298 buffered_data_export.cpp:320] [cosine_internal]successfully expanded buffer [bus_buffer___hal__chassis_power_state, type genie_msgs.msg.pb.ChassisPowerState, block num 11, valid_time 0, transfer_type 0, data_size 192, mem_type 0, lib_name , ext_data_size 0, is_protobuf 1, enable_event_sync_subscriber 0] to size: 11
I0827 00:06:43.443954 707298 buffered_data_export.cpp:320] [cosine_internal]successfully expanded buffer [bus_buffer___hal__chest_power_state, type genie_msgs.msg.pb.ChestPowerState, block num 10, valid_time 0, transfer_type 0, data_size 216, mem_type 0, lib_name , ext_data_size 0, is_protobuf 1, enable_event_sync_subscriber 0] to size: 10
I0827 00:06:43.444563 708313 shm_subscriber.cc:120] [aorta]subscriber connect to publisher success, topic /pnc/task_state, local d2379|python3.10|p707199|n0|s33|c0, peer d2379|quark_navigation|p9906|n0|/pnc/task_state|p24
I0827 00:06:43.444634 707297 centralized_discovery.cc:733] [aorta]subscriber uid:5606c634-dc0f-4a58-9005-b3cfbbb7aaa2-7227396448010854466 topic:/pnc/task_service/normal_navigation/response
I0827 00:06:43.445402 708313 shm_subscriber.cc:120] [aorta]subscriber connect to publisher success, topic /pnc/task_service/normal_navigation/response, local d2379|python3.10|p707199|n0|s34|c0, peer d2379|quark_navigation|p9906|n0|..ask_service/normal_navigation/response|p11
I0827 00:06:43.445449 707297 centralized_discovery.cc:733] [aorta]subscriber uid:9cdee67b-f3bf-46d8-a636-994c95ac5846-4701876173029784314 topic:/pnc/task_service/high_precision_navigation/response
I0827 00:06:43.446259 708313 shm_subscriber.cc:120] [aorta]subscriber connect to publisher success, topic /pnc/task_service/high_precision_navigation/response, local d2379|python3.10|p707199|n0|s35|c0, peer d2379|quark_navigation|p9906|n0|..ice/high_precision_navigation/response|p12
I0827 00:06:43.446326 707297 centralized_discovery.cc:733] [aorta]subscriber uid:0c6a3292-3481-4ec7-b95e-022885ac1fc9-4077207897147431090 topic:/pnc/task_service/relative_move/response
I0827 00:06:43.447430 708313 shm_subscriber.cc:120] [aorta]subscriber connect to publisher success, topic /pnc/task_service/relative_move/response, local d2379|python3.10|p707199|n0|s36|c0, peer d2379|quark_navigation|p9906|n0|/pnc/task_service/relative_move/response|p15
I0827 00:06:43.447492 707297 centralized_discovery.cc:733] [aorta]subscriber uid:71a01e67-fe08-4f05-bf2a-1dc6b53d5f43-3654631836754090917 topic:/pnc/task_service/task_cancel/response
I0827 00:06:43.448558 708313 shm_subscriber.cc:120] [aorta]subscriber connect to publisher success, topic /pnc/task_service/task_cancel/response, local d2379|python3.10|p707199|n0|s37|c0, peer d2379|quark_navigation|p9906|n0|/pnc/task_service/task_cancel/response|p17
I0827 00:06:43.448611 707297 centralized_discovery.cc:733] [aorta]subscriber uid:4e7c69d9-3715-4745-86e8-abf90818d569-4995236092065324733 topic:/pnc/task_service/task_pause/response
I0827 00:06:43.448849 707298 buffered_data_export.cpp:320] [cosine_internal]successfully expanded buffer [bus_buffer___hal__chassis_power_state, type genie_msgs.msg.pb.ChassisPowerState, block num 12, valid_time 0, transfer_type 0, data_size 192, mem_type 0, lib_name , ext_data_size 0, is_protobuf 1, enable_event_sync_subscriber 0] to size: 12
I0827 00:06:43.448932 707298 buffered_data_export.cpp:320] [cosine_internal]successfully expanded buffer [bus_buffer___hal__chest_power_state, type genie_msgs.msg.pb.ChestPowerState, block num 11, valid_time 0, transfer_type 0, data_size 216, mem_type 0, lib_name , ext_data_size 0, is_protobuf 1, enable_event_sync_subscriber 0] to size: 11
I0827 00:06:43.449517 707298 buffered_data_export.cpp:320] [cosine_internal]successfully expanded buffer [bus_buffer___hal__left_ee_data, type genie_msgs.msg.pb.EndState, block num 6, valid_time 0, transfer_type 0, data_size 88, mem_type 0, lib_name , ext_data_size 0, is_protobuf 1, enable_event_sync_subscriber 0] to size: 6
I0827 00:06:43.449572 707298 buffered_data_export.cpp:320] [cosine_internal]successfully expanded buffer [bus_buffer___hal__joint_state, type genie_msgs.msg.pb.JointState, block num 7, valid_time 0, transfer_type 0, data_size 184, mem_type 0, lib_name , ext_data_size 0, is_protobuf 1, enable_event_sync_subscriber 0] to size: 7
I0827 00:06:43.449635 707298 buffered_data_export.cpp:320] [cosine_internal]successfully expanded buffer [bus_buffer___hal__right_ee_data, type genie_msgs.msg.pb.EndState, block num 6, valid_time 0, transfer_type 0, data_size 88, mem_type 0, lib_name , ext_data_size 0, is_protobuf 1, enable_event_sync_subscriber 0] to size: 6
I0827 00:06:43.450754 708313 shm_subscriber.cc:120] [aorta]subscriber connect to publisher success, topic /pnc/task_service/task_pause/response, local d2379|python3.10|p707199|n0|s38|c0, peer d2379|quark_navigation|p9906|n0|/pnc/task_service/task_pause/response|p18
I0827 00:06:43.450807 707297 centralized_discovery.cc:733] [aorta]subscriber uid:bd296c1b-c9a9-40fd-bc38-26502ec224e1-16859347558940246081 topic:/pnc/task_service/task_resume/response
I0827 00:06:43.451870 708313 shm_subscriber.cc:120] [aorta]subscriber connect to publisher success, topic /pnc/task_service/task_resume/response, local d2379|python3.10|p707199|n0|s39|c0, peer d2379|quark_navigation|p9906|n0|/pnc/task_service/task_resume/response|p19
I0827 00:06:43.452030 707297 centralized_discovery.cc:733] [aorta]subscriber uid:ac41508a-2516-42f6-8688-1d4b95a4a6ee-11583863028842959166 topic:/pnc/task_service/remote_control/response
I0827 00:06:43.452957 708313 shm_subscriber.cc:120] [aorta]subscriber connect to publisher success, topic /pnc/task_service/remote_control/response, local d2379|python3.10|p707199|n0|s40|c0, peer d2379|quark_navigation|p9906|n0|..c/task_service/remote_control/response|p16
I0827 00:06:43.453409 707297 centralized_discovery.cc:681] [aorta]publisher uid:cdeb9b61-63f4-4101-b6dc-b0c65e5d3119-11863888217293896894 topic:/pnc/task_service/normal_navigation/request
I0827 00:06:43.453874 707298 buffered_data_export.cpp:320] [cosine_internal]successfully expanded buffer [bus_buffer___hal__chassis_power_state, type genie_msgs.msg.pb.ChassisPowerState, block num 13, valid_time 0, transfer_type 0, data_size 192, mem_type 0, lib_name , ext_data_size 0, is_protobuf 1, enable_event_sync_subscriber 0] to size: 13
I0827 00:06:43.453935 707298 buffered_data_export.cpp:320] [cosine_internal]successfully expanded buffer [bus_buffer___hal__chest_power_state, type genie_msgs.msg.pb.ChestPowerState, block num 12, valid_time 0, transfer_type 0, data_size 216, mem_type 0, lib_name , ext_data_size 0, is_protobuf 1, enable_event_sync_subscriber 0] to size: 12
I0827 00:06:43.454294 707298 pnc_impl.cpp:36] [GDK]Received pnc task state
I0827 00:06:43.454861 707297 centralized_discovery.cc:681] [aorta]publisher uid:a318356c-cac7-4352-892c-61ce3a1967ab-13581583299462652003 topic:/pnc/task_service/high_precision_navigation/request
I0827 00:06:43.456290 707297 centralized_discovery.cc:681] [aorta]publisher uid:0c7a9de2-baac-4c7a-a9bc-f8730ff77562-1499998713038698463 topic:/pnc/task_service/relative_move/request
I0827 00:06:43.457283 707298 buffered_data_export.cpp:320] [cosine_internal]successfully expanded buffer [bus_buffer___wbc__motion_control_status, type genie_msgs.msg.pb.MotionControlStatus, block num 6, valid_time 0, transfer_type 0, data_size 192, mem_type 0, lib_name , ext_data_size 0, is_protobuf 1, enable_event_sync_subscriber 0] to size: 6
I0827 00:06:43.457490 707297 centralized_discovery.cc:681] [aorta]publisher uid:791c6314-1e00-42b0-8c9e-ec1392590af0-10250913672907467700 topic:/pnc/task_service/task_cancel/request
I0827 00:06:43.458662 707297 centralized_discovery.cc:681] [aorta]publisher uid:63e1afe2-1939-41b8-a8b2-b314a98f5957-2366368184012060648 topic:/pnc/task_service/task_pause/request
I0827 00:06:43.458869 707298 buffered_data_export.cpp:320] [cosine_internal]successfully expanded buffer [bus_buffer___hal__chassis_power_state, type genie_msgs.msg.pb.ChassisPowerState, block num 14, valid_time 0, transfer_type 0, data_size 192, mem_type 0, lib_name , ext_data_size 0, is_protobuf 1, enable_event_sync_subscriber 0] to size: 14
I0827 00:06:43.459568 707298 buffered_data_export.cpp:320] [cosine_internal]successfully expanded buffer [bus_buffer___hal__chest_power_state, type genie_msgs.msg.pb.ChestPowerState, block num 13, valid_time 0, transfer_type 0, data_size 216, mem_type 0, lib_name , ext_data_size 0, is_protobuf 1, enable_event_sync_subscriber 0] to size: 13
I0827 00:06:43.459614 707298 buffered_data_export.cpp:320] [cosine_internal]successfully expanded buffer [bus_buffer___hal__left_ee_data, type genie_msgs.msg.pb.EndState, block num 7, valid_time 0, transfer_type 0, data_size 88, mem_type 0, lib_name , ext_data_size 0, is_protobuf 1, enable_event_sync_subscriber 0] to size: 7
I0827 00:06:43.459645 707298 buffered_data_export.cpp:320] [cosine_internal]successfully expanded buffer [bus_buffer___hal__joint_state, type genie_msgs.msg.pb.JointState, block num 8, valid_time 0, transfer_type 0, data_size 184, mem_type 0, lib_name , ext_data_size 0, is_protobuf 1, enable_event_sync_subscriber 0] to size: 8
I0827 00:06:43.459748 707297 centralized_discovery.cc:681] [aorta]publisher uid:5a6d4bad-ce81-43ed-b585-a31cbe9cee86-18204958959141007063 topic:/pnc/task_service/task_resume/request
I0827 00:06:43.460041 707298 buffered_data_export.cpp:320] [cosine_internal]successfully expanded buffer [bus_buffer___hal__right_ee_data, type genie_msgs.msg.pb.EndState, block num 7, valid_time 0, transfer_type 0, data_size 88, mem_type 0, lib_name , ext_data_size 0, is_protobuf 1, enable_event_sync_subscriber 0] to size: 7
I0827 00:06:43.460626 707297 centralized_discovery.cc:681] [aorta]publisher uid:ab4fafa6-addf-400a-8d3d-0b8da0042fe9-2921114360754287628 topic:/pnc/remote_control_cmd
I0827 00:06:43.461562 707297 centralized_discovery.cc:681] [aorta]publisher uid:b8de723e-627e-4fc3-a049-c42f4d573a3c-10398465225129759782 topic:/pnc/task_service/remote_control/request
I0827 00:06:43.463858 707298 buffered_data_export.cpp:320] [cosine_internal]successfully expanded buffer [bus_buffer___hal__chassis_power_state, type genie_msgs.msg.pb.ChassisPowerState, block num 15, valid_time 0, transfer_type 0, data_size 192, mem_type 0, lib_name , ext_data_size 0, is_protobuf 1, enable_event_sync_subscriber 0] to size: 15
I0827 00:06:43.463989 707298 buffered_data_export.cpp:320] [cosine_internal]successfully expanded buffer [bus_buffer___hal__chest_power_state, type genie_msgs.msg.pb.ChestPowerState, block num 14, valid_time 0, transfer_type 0, data_size 216, mem_type 0, lib_name , ext_data_size 0, is_protobuf 1, enable_event_sync_subscriber 0] to size: 14
I0827 00:06:43.467365 707298 buffered_data_export.cpp:320] [cosine_internal]successfully expanded buffer [bus_buffer___wbc__motion_control_status, type genie_msgs.msg.pb.MotionControlStatus, block num 7, valid_time 0, transfer_type 0, data_size 192, mem_type 0, lib_name , ext_data_size 0, is_protobuf 1, enable_event_sync_subscriber 0] to size: 7
I0827 00:06:43.468895 707298 buffered_data_export.cpp:320] [cosine_internal]successfully expanded buffer [bus_buffer___hal__chassis_power_state, type genie_msgs.msg.pb.ChassisPowerState, block num 16, valid_time 0, transfer_type 0, data_size 192, mem_type 0, lib_name , ext_data_size 0, is_protobuf 1, enable_event_sync_subscriber 0] to size: 16
I0827 00:06:43.468981 707298 buffered_data_export.cpp:320] [cosine_internal]successfully expanded buffer [bus_buffer___hal__chest_power_state, type genie_msgs.msg.pb.ChestPowerState, block num 15, valid_time 0, transfer_type 0, data_size 216, mem_type 0, lib_name , ext_data_size 0, is_protobuf 1, enable_event_sync_subscriber 0] to size: 15
I0827 00:06:43.469614 707298 buffered_data_export.cpp:320] [cosine_internal]successfully expanded buffer [bus_buffer___hal__joint_state, type genie_msgs.msg.pb.JointState, block num 9, valid_time 0, transfer_type 0, data_size 184, mem_type 0, lib_name , ext_data_size 0, is_protobuf 1, enable_event_sync_subscriber 0] to size: 9
I0827 00:06:43.469699 707298 buffered_data_export.cpp:320] [cosine_internal]successfully expanded buffer [bus_buffer___hal__left_ee_data, type genie_msgs.msg.pb.EndState, block num 8, valid_time 0, transfer_type 0, data_size 88, mem_type 0, lib_name , ext_data_size 0, is_protobuf 1, enable_event_sync_subscriber 0] to size: 8
I0827 00:06:43.469738 707298 buffered_data_export.cpp:320] [cosine_internal]successfully expanded buffer [bus_buffer___hal__right_ee_data, type genie_msgs.msg.pb.EndState, block num 8, valid_time 0, transfer_type 0, data_size 88, mem_type 0, lib_name , ext_data_size 0, is_protobuf 1, enable_event_sync_subscriber 0] to size: 8
I0827 00:06:43.473989 707298 buffered_data_export.cpp:320] [cosine_internal]successfully expanded buffer [bus_buffer___hal__chassis_power_state, type genie_msgs.msg.pb.ChassisPowerState, block num 17, valid_time 0, transfer_type 0, data_size 192, mem_type 0, lib_name , ext_data_size 0, is_protobuf 1, enable_event_sync_subscriber 0] to size: 17
I0827 00:06:43.474059 707298 buffered_data_export.cpp:320] [cosine_internal]successfully expanded buffer [bus_buffer___hal__chest_power_state, type genie_msgs.msg.pb.ChestPowerState, block num 16, valid_time 0, transfer_type 0, data_size 216, mem_type 0, lib_name , ext_data_size 0, is_protobuf 1, enable_event_sync_subscriber 0] to size: 16
I0827 00:06:43.477345 707298 buffered_data_export.cpp:320] [cosine_internal]successfully expanded buffer [bus_buffer___wbc__motion_control_status, type genie_msgs.msg.pb.MotionControlStatus, block num 8, valid_time 0, transfer_type 0, data_size 192, mem_type 0, lib_name , ext_data_size 0, is_protobuf 1, enable_event_sync_subscriber 0] to size: 8
I0827 00:06:43.478905 707298 buffered_data_export.cpp:320] [cosine_internal]successfully expanded buffer [bus_buffer___hal__chassis_power_state, type genie_msgs.msg.pb.ChassisPowerState, block num 18, valid_time 0, transfer_type 0, data_size 192, mem_type 0, lib_name , ext_data_size 0, is_protobuf 1, enable_event_sync_subscriber 0] to size: 18
I0827 00:06:43.478958 707298 buffered_data_export.cpp:320] [cosine_internal]successfully expanded buffer [bus_buffer___hal__chest_power_state, type genie_msgs.msg.pb.ChestPowerState, block num 17, valid_time 0, transfer_type 0, data_size 216, mem_type 0, lib_name , ext_data_size 0, is_protobuf 1, enable_event_sync_subscriber 0] to size: 17
I0827 00:06:43.479576 707298 buffered_data_export.cpp:320] [cosine_internal]successfully expanded buffer [bus_buffer___hal__joint_state, type genie_msgs.msg.pb.JointState, block num 10, valid_time 0, transfer_type 0, data_size 184, mem_type 0, lib_name , ext_data_size 0, is_protobuf 1, enable_event_sync_subscriber 0] to size: 10
I0827 00:06:43.479676 707298 buffered_data_export.cpp:320] [cosine_internal]successfully expanded buffer [bus_buffer___hal__left_ee_data, type genie_msgs.msg.pb.EndState, block num 9, valid_time 0, transfer_type 0, data_size 88, mem_type 0, lib_name , ext_data_size 0, is_protobuf 1, enable_event_sync_subscriber 0] to size: 9
I0827 00:06:43.479712 707298 buffered_data_export.cpp:320] [cosine_internal]successfully expanded buffer [bus_buffer___hal__right_ee_data, type genie_msgs.msg.pb.EndState, block num 9, valid_time 0, transfer_type 0, data_size 88, mem_type 0, lib_name , ext_data_size 0, is_protobuf 1, enable_event_sync_subscriber 0] to size: 9
I0827 00:06:43.483907 707298 buffered_data_export.cpp:320] [cosine_internal]successfully expanded buffer [bus_buffer___hal__chassis_power_state, type genie_msgs.msg.pb.ChassisPowerState, block num 19, valid_time 0, transfer_type 0, data_size 192, mem_type 0, lib_name , ext_data_size 0, is_protobuf 1, enable_event_sync_subscriber 0] to size: 19
I0827 00:06:43.483966 707298 buffered_data_export.cpp:320] [cosine_internal]successfully expanded buffer [bus_buffer___hal__chest_power_state, type genie_msgs.msg.pb.ChestPowerState, block num 18, valid_time 0, transfer_type 0, data_size 216, mem_type 0, lib_name , ext_data_size 0, is_protobuf 1, enable_event_sync_subscriber 0] to size: 18
I0827 00:06:43.487257 707298 buffered_data_export.cpp:320] [cosine_internal]successfully expanded buffer [bus_buffer___wbc__motion_control_status, type genie_msgs.msg.pb.MotionControlStatus, block num 9, valid_time 0, transfer_type 0, data_size 192, mem_type 0, lib_name , ext_data_size 0, is_protobuf 1, enable_event_sync_subscriber 0] to size: 9
I0827 00:06:43.488880 707298 buffered_data_export.cpp:320] [cosine_internal]successfully expanded buffer [bus_buffer___hal__chassis_power_state, type genie_msgs.msg.pb.ChassisPowerState, block num 20, valid_time 0, transfer_type 0, data_size 192, mem_type 0, lib_name , ext_data_size 0, is_protobuf 1, enable_event_sync_subscriber 0] to size: 20
I0827 00:06:43.488938 707298 buffered_data_export.cpp:320] [cosine_internal]successfully expanded buffer [bus_buffer___hal__chest_power_state, type genie_msgs.msg.pb.ChestPowerState, block num 19, valid_time 0, transfer_type 0, data_size 216, mem_type 0, lib_name , ext_data_size 0, is_protobuf 1, enable_event_sync_subscriber 0] to size: 19
I0827 00:06:43.489542 707298 buffered_data_export.cpp:320] [cosine_internal]successfully expanded buffer [bus_buffer___hal__left_ee_data, type genie_msgs.msg.pb.EndState, block num 10, valid_time 0, transfer_type 0, data_size 88, mem_type 0, lib_name , ext_data_size 0, is_protobuf 1, enable_event_sync_subscriber 0] to size: 10
I0827 00:06:43.489591 707298 buffered_data_export.cpp:320] [cosine_internal]successfully expanded buffer [bus_buffer___hal__joint_state, type genie_msgs.msg.pb.JointState, block num 11, valid_time 0, transfer_type 0, data_size 184, mem_type 0, lib_name , ext_data_size 0, is_protobuf 1, enable_event_sync_subscriber 0] to size: 11
I0827 00:06:43.489648 707298 buffered_data_export.cpp:320] [cosine_internal]successfully expanded buffer [bus_buffer___hal__right_ee_data, type genie_msgs.msg.pb.EndState, block num 10, valid_time 0, transfer_type 0, data_size 88, mem_type 0, lib_name , ext_data_size 0, is_protobuf 1, enable_event_sync_subscriber 0] to size: 10
I0827 00:06:43.493822 707298 buffered_data_export.cpp:320] [cosine_internal]successfully expanded buffer [bus_buffer___hal__chassis_power_state, type genie_msgs.msg.pb.ChassisPowerState, block num 21, valid_time 0, transfer_type 0, data_size 192, mem_type 0, lib_name , ext_data_size 0, is_protobuf 1, enable_event_sync_subscriber 0] to size: 21
I0827 00:06:43.493885 707298 buffered_data_export.cpp:320] [cosine_internal]successfully expanded buffer [bus_buffer___hal__chest_power_state, type genie_msgs.msg.pb.ChestPowerState, block num 20, valid_time 0, transfer_type 0, data_size 216, mem_type 0, lib_name , ext_data_size 0, is_protobuf 1, enable_event_sync_subscriber 0] to size: 20
I0827 00:06:43.497282 707298 buffered_data_export.cpp:320] [cosine_internal]successfully expanded buffer [bus_buffer___wbc__motion_control_status, type genie_msgs.msg.pb.MotionControlStatus, block num 10, valid_time 0, transfer_type 0, data_size 192, mem_type 0, lib_name , ext_data_size 0, is_protobuf 1, enable_event_sync_subscriber 0] to size: 10
I0827 00:06:43.498934 707298 buffered_data_export.cpp:320] [cosine_internal]successfully expanded buffer [bus_buffer___hal__chassis_power_state, type genie_msgs.msg.pb.ChassisPowerState, block num 22, valid_time 0, transfer_type 0, data_size 192, mem_type 0, lib_name , ext_data_size 0, is_protobuf 1, enable_event_sync_subscriber 0] to size: 22
I0827 00:06:43.499001 707298 buffered_data_export.cpp:320] [cosine_internal]successfully expanded buffer [bus_buffer___hal__chest_power_state, type genie_msgs.msg.pb.ChestPowerState, block num 21, valid_time 0, transfer_type 0, data_size 216, mem_type 0, lib_name , ext_data_size 0, is_protobuf 1, enable_event_sync_subscriber 0] to size: 21
I0827 00:06:43.499697 707298 buffered_data_export.cpp:320] [cosine_internal]successfully expanded buffer [bus_buffer___hal__joint_state, type genie_msgs.msg.pb.JointState, block num 12, valid_time 0, transfer_type 0, data_size 184, mem_type 0, lib_name , ext_data_size 0, is_protobuf 1, enable_event_sync_subscriber 0] to size: 12
I0827 00:06:43.499773 707298 buffered_data_export.cpp:320] [cosine_internal]successfully expanded buffer [bus_buffer___hal__right_ee_data, type genie_msgs.msg.pb.EndState, block num 11, valid_time 0, transfer_type 0, data_size 88, mem_type 0, lib_name , ext_data_size 0, is_protobuf 1, enable_event_sync_subscriber 0] to size: 11
I0827 00:06:43.499805 707298 buffered_data_export.cpp:320] [cosine_internal]successfully expanded buffer [bus_buffer___hal__left_ee_data, type genie_msgs.msg.pb.EndState, block num 11, valid_time 0, transfer_type 0, data_size 88, mem_type 0, lib_name , ext_data_size 0, is_protobuf 1, enable_event_sync_subscriber 0] to size: 11
I0827 00:06:43.503971 707298 buffered_data_export.cpp:320] [cosine_internal]successfully expanded buffer [bus_buffer___hal__chassis_power_state, type genie_msgs.msg.pb.ChassisPowerState, block num 23, valid_time 0, transfer_type 0, data_size 192, mem_type 0, lib_name , ext_data_size 0, is_protobuf 1, enable_event_sync_subscriber 0] to size: 23
I0827 00:06:43.504105 707298 buffered_data_export.cpp:320] [cosine_internal]successfully expanded buffer [bus_buffer___hal__chest_power_state, type genie_msgs.msg.pb.ChestPowerState, block num 22, valid_time 0, transfer_type 0, data_size 216, mem_type 0, lib_name , ext_data_size 0, is_protobuf 1, enable_event_sync_subscriber 0] to size: 22
I0827 00:06:43.507356 707298 buffered_data_export.cpp:320] [cosine_internal]successfully expanded buffer [bus_buffer___wbc__motion_control_status, type genie_msgs.msg.pb.MotionControlStatus, block num 11, valid_time 0, transfer_type 0, data_size 192, mem_type 0, lib_name , ext_data_size 0, is_protobuf 1, enable_event_sync_subscriber 0] to size: 11
I0827 00:06:43.508831 707298 buffered_data_export.cpp:320] [cosine_internal]successfully expanded buffer [bus_buffer___hal__chassis_power_state, type genie_msgs.msg.pb.ChassisPowerState, block num 24, valid_time 0, transfer_type 0, data_size 192, mem_type 0, lib_name , ext_data_size 0, is_protobuf 1, enable_event_sync_subscriber 0] to size: 24
I0827 00:06:43.508919 707298 buffered_data_export.cpp:320] [cosine_internal]successfully expanded buffer [bus_buffer___hal__chest_power_state, type genie_msgs.msg.pb.ChestPowerState, block num 23, valid_time 0, transfer_type 0, data_size 216, mem_type 0, lib_name , ext_data_size 0, is_protobuf 1, enable_event_sync_subscriber 0] to size: 23
I0827 00:06:43.509742 707298 buffered_data_export.cpp:320] [cosine_internal]successfully expanded buffer [bus_buffer___hal__joint_state, type genie_msgs.msg.pb.JointState, block num 13, valid_time 0, transfer_type 0, data_size 184, mem_type 0, lib_name , ext_data_size 0, is_protobuf 1, enable_event_sync_subscriber 0] to size: 13
I0827 00:06:43.509820 707298 buffered_data_export.cpp:320] [cosine_internal]successfully expanded buffer [bus_buffer___hal__left_ee_data, type genie_msgs.msg.pb.EndState, block num 12, valid_time 0, transfer_type 0, data_size 88, mem_type 0, lib_name , ext_data_size 0, is_protobuf 1, enable_event_sync_subscriber 0] to size: 12
I0827 00:06:43.509863 707298 buffered_data_export.cpp:320] [cosine_internal]successfully expanded buffer [bus_buffer___hal__right_ee_data, type genie_msgs.msg.pb.EndState, block num 12, valid_time 0, transfer_type 0, data_size 88, mem_type 0, lib_name , ext_data_size 0, is_protobuf 1, enable_event_sync_subscriber 0] to size: 12
I0827 00:06:43.513835 707298 buffered_data_export.cpp:320] [cosine_internal]successfully expanded buffer [bus_buffer___hal__chassis_power_state, type genie_msgs.msg.pb.ChassisPowerState, block num 25, valid_time 0, transfer_type 0, data_size 192, mem_type 0, lib_name , ext_data_size 0, is_protobuf 1, enable_event_sync_subscriber 0] to size: 25
