Log file created at: 2025/08/27 00:56:27
Running on machine: G2
Log line format: [IWEF]mmdd hh:mm:ss.uuuuuu threadid file:line] msg
I0827 00:56:27.865684 1522147 dylog_impl.cpp:641] [DYLOG] set dylog default level to INFO
I0827 00:56:27.865756 1522147 dylog_impl.cpp:690] [DYLOG] soc num : R2
I0827 00:56:27.865769 1522147 dylog_impl.cpp:695] [DYLOG] can't read scene_mode, use sud
W0827 00:56:27.865794 1522147 dylog_impl.cpp:757] [DYLOG] can't find available json config file with path : /home/agi/app/conf/scene_server/dylog_sud_default.json, use default.
I0827 00:56:27.865893 1522147 dylog_impl.cpp:293] [DYLOG] register dsd_name : dylog/python3.10/cosine_internal
I0827 00:56:27.869149 1522147 cosine_bus_manager.cpp:88] [cosine_internal][CosineBusManager] cosine bus config path not set, use default config.
I0827 00:56:27.869189 1522147 cosine_bus_manager.cpp:118] [cosine_internal][CosineBusManager] initial cosine_bus_config:
I0827 00:56:27.870715 1522147 cosine_bus_global_sync.cpp:30] [cosine_internal][BusGlobalSync] set default middleware name:aorta
I0827 00:56:27.870754 1522147 scheduler_classic.cpp:28] [cosine_internal]Proc number set to be: 1
I0827 00:56:27.872211 1522147 dynamic_object.cpp:521] [cosine_internal][DynamicObject] open libdynamic_aorta.so success.
I0827 00:56:27.872395 1522147 dynamic_object.cpp:581] [cosine_internal][DynamicObject] Successfully enumerated 57 symbols in libdynamic_aorta.so
I0827 00:56:27.872406 1522147 resource_loader.cpp:13] [cosine_internal][ResourceLoader] Attempting to load function: aorta_get_object
I0827 00:56:27.872409 1522147 resource_loader.cpp:17] [cosine_internal][ResourceLoader] Trying address() method for C++ symbol: aorta_get_object
I0827 00:56:27.872416 1522147 resource_loader.cpp:20] [cosine_internal][ResourceLoader] Successfully loaded C++ symbol: aorta_get_object
I0827 00:56:27.872421 1522147 resource_loader.cpp:13] [cosine_internal][ResourceLoader] Attempting to load function: aorta_call_object_func
I0827 00:56:27.872423 1522147 resource_loader.cpp:17] [cosine_internal][ResourceLoader] Trying address() method for C++ symbol: aorta_call_object_func
I0827 00:56:27.872427 1522147 resource_loader.cpp:20] [cosine_internal][ResourceLoader] Successfully loaded C++ symbol: aorta_call_object_func
I0827 00:56:27.872430 1522147 resource_loader.cpp:13] [cosine_internal][ResourceLoader] Attempting to load function: aorta_clean_up
I0827 00:56:27.872433 1522147 resource_loader.cpp:17] [cosine_internal][ResourceLoader] Trying address() method for C++ symbol: aorta_clean_up
I0827 00:56:27.872448 1522147 resource_loader.cpp:25] [cosine_internal][ResourceLoader] C++ symbol failed, trying c_address() method for C symbol: aorta_clean_up
I0827 00:56:27.872453 1522147 resource_loader.cpp:28] [cosine_internal][ResourceLoader] Successfully loaded C symbol: aorta_clean_up
W0827 00:56:27.872460 1522147 aorta_component.cpp:90] [cosine_internal]Environment variable [LOCATOR_IP/DDS_IP] not set, fallback to 10.42.0.101
I0827 00:56:27.872465 1522147 aorta_component.cpp:496] [cosine_internal][AortaComponent] locator_ip: 10.42.0.101; Check network before domain init 
I0827 00:56:27.872504 1522147 clock.cpp:22] [cosine_internal]load ptp time source from: libptp_clock_time.so
I0827 00:56:27.872668 1522147 dynamic_object.cpp:521] [cosine_internal][DynamicObject] open libptp_clock_time.so success.
I0827 00:56:27.873106 1522147 aorta_component.cpp:515] [cosine_internal][AortaComponent] Network check start. locator_ip: 10.42.0.101, timeout: 60 seconds , check_start_time: 1756227387
I0827 00:56:27.873124 1522147 aorta_component.cpp:526] [cosine_internal][AortaComponent] locator_ip: 10.42.0.101; network is ready.
I0827 00:56:27.873171 1522147 dylog_impl.cpp:293] [DYLOG] register dsd_name : dylog/python3.10/aorta
I0827 00:56:27.873306 1522147 pcie_config.cc:52] [aorta]Get one valid pcie channel. producer: soc-s3 app-map_loc_app endpoint-nvscic2c_pcie_s3_c7_11 consumer: soc-s1 app-worldmodel endpoint-nvscic2c_pcie_s1_c7_11
I0827 00:56:27.873395 1522147 os.cc:88] [aorta]Got host_id from system files: Huixi R1ROBOR2
I0827 00:56:27.873432 1522147 pcie_manager.cc:71] [aorta]There is no pcie config in current process.
I0827 00:56:27.873746 1522147 message_monitor_config.cc:398] [aorta]run in  mode
I0827 00:56:27.874969 1522147 domain_impl.cc:58] [aorta]aorta version:7b1b7ddc
I0827 00:56:27.874994 1522147 json_comm.cc:35] [aorta]file path: /home/agi/app/conf/topology/topology_rule.json not exist.
I0827 00:56:27.875007 1522147 message_monitor_config.cc:398] [aorta]run in  mode
I0827 00:56:27.876010 1522147 message_monitor_config.cc:731] [aorta]message monitor is updated from /home/agi/app/conf/aorta/function/aorta_monitor_conf.json
I0827 00:56:27.876926 1522147 discovery_factory.cc:14] [aorta]type:1, host:10.42.0.101, port:2379, ttl:15, minor_cycle:100, major_cycle:3
I0827 00:56:27.877398 1522147 config.cc:53] [aorta]AORTA_IP_MASK not set.
I0827 00:56:27.877406 1522147 discovery.cc:245] [aorta]get ip masks empty.
I0827 00:56:27.877414 1522147 config.cc:200] [aorta]AORTA_EXTRA_LOCAL_IPS not set.
I0827 00:56:27.877417 1522147 discovery.cc:266] [aorta]local_publisher_ips_ empty.
I0827 00:56:27.877436 1522147 config.cc:124] [aorta]ip match, ip:127.0.0.1
I0827 00:56:27.877444 1522147 discovery.cc:275] [aorta]default emplace ip:10.42.0.101
I0827 00:56:27.877447 1522147 discovery.cc:275] [aorta]default emplace ip:10.42.12.101
I0827 00:56:27.877451 1522147 discovery.cc:275] [aorta]default emplace ip:10.42.1.101
I0827 00:56:27.877453 1522147 discovery.cc:275] [aorta]default emplace ip:192.168.1.101
I0827 00:56:27.877456 1522147 discovery.cc:275] [aorta]default emplace ip:10.42.30.101
I0827 00:56:27.877460 1522147 discovery.cc:275] [aorta]default emplace ip:10.42.40.101
I0827 00:56:27.877461 1522147 discovery.cc:275] [aorta]default emplace ip:10.20.15.199
I0827 00:56:27.877465 1522147 discovery.cc:275] [aorta]default emplace ip:10.42.6.101
I0827 00:56:27.877470 1522147 centralized_discovery.cc:55] [aorta]lease_ttl_:15
I0827 00:56:27.877931 1522147 aorta_component.cpp:561] [cosine_internal][AortaComponent] aorta create domain success. uri:http://10.42.0.101:2379
I0827 00:56:27.878142 1522147 aorta_component.cpp:447] [cosine_internal][AortaComponent] aorta domain created node: python3.10_S1 , domain_uri:http://10.42.0.101:2379
I0827 00:56:27.878154 1522147 aorta_component.cpp:126] [cosine_internal][AortaComponent] aorta component init success. node:python3.10_S1, uri:http://10.42.0.101:2379, locator_kind(1:shm,2:tcp,3:udp):2, locator_ip:10.42.0.101, locator_port:0, aorta_dispatcher_thread_num:1
I0827 00:56:27.878310 1522180 processor.cpp:40] [cosine_internal]processor_tid: 1522180
I0827 00:56:27.879814 1522186 executor_impl.cc:91] [aorta]aorta-dispatch0 start spinning
I0827 00:56:27.892796 1522185 centralized_discovery.cc:1110] [aorta]poll thread: revision:2213
I0827 00:56:27.892925 1522185 centralized_discovery.cc:1123] [aorta]inotify_fd_:13 inotify_watch_:1 inotify_watch_path:/home/agi/app/conf/aorta/function
I0827 00:56:27.894801 1522185 centralized_discovery.cc:615] [aorta]grant lease for node python3.10_S1 lease_id = 7587889064995111276
I0827 00:56:27.895915 1522185 watch_state.cc:54] [aorta]watch connect success.
I0827 00:56:27.896700 1522185 centralized_discovery.cc:1615] [aorta]recv watch response created.
I0827 00:56:27.940519 1522147 cosine_bus_manager.cpp:294] [cosine_internal][CosineBusManager] create publisher. topic name:/gdk/config_request , middleware:aorta
I0827 00:56:27.941215 1522147 tcp_publisher.cc:179] [aorta]topic /gdk/config_request, pub_queue_size_ 5, latch_queue_size_ 0
I0827 00:56:27.941432 1522200 tcp_socket_server.cc:200] [aorta]The ip info is0.0.0.0:34689
I0827 00:56:27.941560 1522200 shm_socket_server.cc:101] [aorta][/gdk/config_request] bind at pipe sock name d2379|python3.10|p1522147|n0|/gdk/config_request|p0
I0827 00:56:27.941673 1522147 node_impl.cc:198] [aorta]CreatePublisher, host:0.0.0.0, port:34689, sockname:d2379|python3.10|p1522147|n0|/gdk/config_request|p0, topic:/gdk/config_request, uid:ed445f2d-67d4-4b27-a8c7-c73cc9b9db9b-4991715019463590898 topic_uid:-1
I0827 00:56:27.941711 1522147 aorta_component.cpp:394] [cosine_internal][AortaComponent] aorta node create publisher. node: python3.10_S1, topic:/gdk/config_request, type:genie_msgs.msg.pb.CommonRequest, qos:(history:1, depth:5, reliability:1, durability:2), uri:http://10.42.0.101:2379
I0827 00:56:27.941753 1522147 aorta_publisher.cpp:119] [cosine_internal][AortaPublisher] publisher initialize. topic:/gdk/config_request, uri:
I0827 00:56:27.941768 1522147 dylog_impl.cpp:293] [DYLOG] register dsd_name : dylog/python3.10/GDK
I0827 00:56:27.941855 1522147 publisher.cpp:27] [GDK]create publisher: /gdk/config_request type: genie_msgs.msg.pb.CommonRequest qos: 1 1 5 2
I0827 00:56:27.941880 1522147 cosine_bus_manager.cpp:294] [cosine_internal][CosineBusManager] create publisher. topic name:/gdk/camera_conf_request , middleware:aorta
I0827 00:56:27.941892 1522185 centralized_discovery.cc:681] [aorta]publisher uid:ed445f2d-67d4-4b27-a8c7-c73cc9b9db9b-4991715019463590898 topic:/gdk/config_request
I0827 00:56:27.942303 1522147 tcp_publisher.cc:179] [aorta]topic /gdk/camera_conf_request, pub_queue_size_ 5, latch_queue_size_ 0
I0827 00:56:27.942390 1522200 tcp_socket_server.cc:200] [aorta]The ip info is0.0.0.0:42623
I0827 00:56:27.942478 1522200 shm_socket_server.cc:101] [aorta][/gdk/camera_conf_request] bind at pipe sock name d2379|python3.10|p1522147|n0|/gdk/camera_conf_request|p1
I0827 00:56:27.942548 1522147 node_impl.cc:198] [aorta]CreatePublisher, host:0.0.0.0, port:42623, sockname:d2379|python3.10|p1522147|n0|/gdk/camera_conf_request|p1, topic:/gdk/camera_conf_request, uid:b1ff8fd8-6513-4b51-ab22-324300d927ad-9117180461459404870 topic_uid:-1
I0827 00:56:27.942569 1522147 aorta_component.cpp:394] [cosine_internal][AortaComponent] aorta node create publisher. node: python3.10_S1, topic:/gdk/camera_conf_request, type:genie_msgs.msg.pb.CommonRequest, qos:(history:1, depth:5, reliability:1, durability:2), uri:http://10.42.0.101:2379
I0827 00:56:27.942605 1522147 aorta_publisher.cpp:119] [cosine_internal][AortaPublisher] publisher initialize. topic:/gdk/camera_conf_request, uri:
I0827 00:56:27.942613 1522147 publisher.cpp:27] [GDK]create publisher: /gdk/camera_conf_request type: genie_msgs.msg.pb.CommonRequest qos: 1 1 5 2
I0827 00:56:27.942631 1522147 cosine_bus_manager.cpp:400] [cosine_internal][CosineBusManager] create subscriber. topic name:/gdk/config_response , middleware:aorta , need async callback:0, frame_skip_rate:1
I0827 00:56:27.942641 1522147 aorta_component.cpp:174] [cosine_internal][AortaComponent] callback_name:/gdk/config_responsehttp://10.42.0.101:2379
I0827 00:56:27.942709 1522147 dynamic_object.cpp:521] [cosine_internal][DynamicObject] open  success.
I0827 00:56:27.942886 1522147 buffered_data_export.cpp:115] [cosine_internal]successfully create buffer [bus_buffer___gdk__config_response, type genie_msgs.msg.pb.CommonResponse, block num 5, valid_time 0, transfer_type 0, data_size 0, mem_type 0, lib_name , ext_data_size 0, is_protobuf 1, enable_event_sync_subscriber 0], buffer id = 1
I0827 00:56:27.942910 1522147 cosine_bus_message_buffer.cpp:45] [cosine_internal][CosineBusMessageBuffer] create buffer success. name:bus_buffer___gdk__config_response, type:genie_msgs.msg.pb.CommonResponse, size:5
I0827 00:56:27.942998 1522147 node_impl.cc:344] [aorta]CreateSubscriber topic:/gdk/config_response, uid:1863a4e3-c903-4b9a-a931-9313efaa86b1-9533047780102618842 topic_uid:-1
I0827 00:56:27.943552 1522147 aorta_component.cpp:326] [cosine_internal][AortaComponent] aorta node create subscriber. node: python3.10_S1, topic:/gdk/config_response, type:genie_msgs.msg.pb.CommonResponse, qos:(history:1, depth:5, reliability:1, durability:2), uri:http://10.42.0.101:2379
I0827 00:56:27.943568 1522147 aorta_subscriber.hpp:96] [cosine_internal][AortaSubscriber] initial. topic:/gdk/config_response, uri:
I0827 00:56:27.943584 1522147 cosine_bus_manager.cpp:400] [cosine_internal][CosineBusManager] create subscriber. topic name:/gdk/camera_conf_response , middleware:aorta , need async callback:0, frame_skip_rate:1
I0827 00:56:27.943591 1522147 aorta_component.cpp:174] [cosine_internal][AortaComponent] callback_name:/gdk/camera_conf_responsehttp://10.42.0.101:2379
I0827 00:56:27.943634 1522147 buffered_data_export.cpp:115] [cosine_internal]successfully create buffer [bus_buffer___gdk__camera_conf_response, type genie_msgs.msg.pb.CommonResponse, block num 5, valid_time 0, transfer_type 0, data_size 0, mem_type 0, lib_name , ext_data_size 0, is_protobuf 1, enable_event_sync_subscriber 0], buffer id = 2
I0827 00:56:27.943646 1522147 cosine_bus_message_buffer.cpp:45] [cosine_internal][CosineBusMessageBuffer] create buffer success. name:bus_buffer___gdk__camera_conf_response, type:genie_msgs.msg.pb.CommonResponse, size:5
I0827 00:56:27.943723 1522147 node_impl.cc:344] [aorta]CreateSubscriber topic:/gdk/camera_conf_response, uid:3f32f995-0756-48af-9c68-0165e27bd72f-3551884323222435368 topic_uid:-1
I0827 00:56:27.944109 1522147 aorta_component.cpp:326] [cosine_internal][AortaComponent] aorta node create subscriber. node: python3.10_S1, topic:/gdk/camera_conf_response, type:genie_msgs.msg.pb.CommonResponse, qos:(history:1, depth:5, reliability:1, durability:2), uri:http://10.42.0.101:2379
I0827 00:56:27.944121 1522147 aorta_subscriber.hpp:96] [cosine_internal][AortaSubscriber] initial. topic:/gdk/camera_conf_response, uri:
I0827 00:56:27.944164 1522185 centralized_discovery.cc:681] [aorta]publisher uid:b1ff8fd8-6513-4b51-ab22-324300d927ad-9117180461459404870 topic:/gdk/camera_conf_request
I0827 00:56:27.944193 1522147 cosine_bus_manager.cpp:400] [cosine_internal][CosineBusManager] create subscriber. topic name:/pnc/task_state , middleware:aorta , need async callback:0, frame_skip_rate:1
I0827 00:56:27.944202 1522147 aorta_component.cpp:174] [cosine_internal][AortaComponent] callback_name:/pnc/task_statehttp://10.42.0.101:2379
I0827 00:56:27.944741 1522147 buffered_data_export.cpp:115] [cosine_internal]successfully create buffer [bus_buffer___pnc__task_state, type pnc_msgs.TaskState, block num 5, valid_time 0, transfer_type 0, data_size 0, mem_type 0, lib_name , ext_data_size 0, is_protobuf 1, enable_event_sync_subscriber 0], buffer id = 3
I0827 00:56:27.944761 1522147 cosine_bus_message_buffer.cpp:45] [cosine_internal][CosineBusMessageBuffer] create buffer success. name:bus_buffer___pnc__task_state, type:pnc_msgs.TaskState, size:5
I0827 00:56:27.944849 1522147 node_impl.cc:344] [aorta]CreateSubscriber topic:/pnc/task_state, uid:8b28f397-861d-45bf-89a7-a74ab9285d1e-9096530589114119892 topic_uid:-1
I0827 00:56:27.945223 1522147 aorta_component.cpp:326] [cosine_internal][AortaComponent] aorta node create subscriber. node: python3.10_S1, topic:/pnc/task_state, type:pnc_msgs.TaskState, qos:(history:1, depth:5, reliability:1, durability:2), uri:http://10.42.0.101:2379
I0827 00:56:27.945233 1522147 aorta_subscriber.hpp:96] [cosine_internal][AortaSubscriber] initial. topic:/pnc/task_state, uri:
I0827 00:56:27.945259 1522147 cosine_bus_manager.cpp:400] [cosine_internal][CosineBusManager] create subscriber. topic name:/pnc/task_service/normal_navigation/response , middleware:aorta , need async callback:0, frame_skip_rate:1
I0827 00:56:27.945267 1522147 aorta_component.cpp:174] [cosine_internal][AortaComponent] callback_name:/pnc/task_service/normal_navigation/responsehttp://10.42.0.101:2379
I0827 00:56:27.945307 1522147 buffered_data_export.cpp:115] [cosine_internal]successfully create buffer [bus_buffer___pnc__task_service__normal_navigation__response, type pnc_msgs.NormalNavigationResponse, block num 5, valid_time 0, transfer_type 0, data_size 0, mem_type 0, lib_name , ext_data_size 0, is_protobuf 1, enable_event_sync_subscriber 0], buffer id = 4
I0827 00:56:27.945324 1522147 cosine_bus_message_buffer.cpp:45] [cosine_internal][CosineBusMessageBuffer] create buffer success. name:bus_buffer___pnc__task_service__normal_navigation__response, type:pnc_msgs.NormalNavigationResponse, size:5
I0827 00:56:27.945394 1522147 node_impl.cc:344] [aorta]CreateSubscriber topic:/pnc/task_service/normal_navigation/response, uid:5e63fb73-ecea-41e1-b253-bd526c1fc825-7227396448010854466 topic_uid:-1
I0827 00:56:27.945770 1522147 aorta_component.cpp:326] [cosine_internal][AortaComponent] aorta node create subscriber. node: python3.10_S1, topic:/pnc/task_service/normal_navigation/response, type:pnc_msgs.NormalNavigationResponse, qos:(history:1, depth:5, reliability:1, durability:2), uri:http://10.42.0.101:2379
I0827 00:56:27.945780 1522147 aorta_subscriber.hpp:96] [cosine_internal][AortaSubscriber] initial. topic:/pnc/task_service/normal_navigation/response, uri:
I0827 00:56:27.945791 1522147 cosine_bus_manager.cpp:400] [cosine_internal][CosineBusManager] create subscriber. topic name:/pnc/task_service/high_precision_navigation/response , middleware:aorta , need async callback:0, frame_skip_rate:1
I0827 00:56:27.945798 1522147 aorta_component.cpp:174] [cosine_internal][AortaComponent] callback_name:/pnc/task_service/high_precision_navigation/responsehttp://10.42.0.101:2379
I0827 00:56:27.945838 1522147 buffered_data_export.cpp:115] [cosine_internal]successfully create buffer [bus_buffer___pnc__task_service__high_precision_navigation__response, type pnc_msgs.HighPrecisionNavigationResponse, block num 5, valid_time 0, transfer_type 0, data_size 0, mem_type 0, lib_name , ext_data_size 0, is_protobuf 1, enable_event_sync_subscriber 0], buffer id = 5
I0827 00:56:27.945849 1522147 cosine_bus_message_buffer.cpp:45] [cosine_internal][CosineBusMessageBuffer] create buffer success. name:bus_buffer___pnc__task_service__high_precision_navigation__response, type:pnc_msgs.HighPrecisionNavigationResponse, size:5
I0827 00:56:27.945919 1522147 node_impl.cc:344] [aorta]CreateSubscriber topic:/pnc/task_service/high_precision_navigation/response, uid:04d6936b-3fe9-4403-8532-7a95e1f5f895-4701876173029784314 topic_uid:-1
I0827 00:56:27.946316 1522185 centralized_discovery.cc:733] [aorta]subscriber uid:1863a4e3-c903-4b9a-a931-9313efaa86b1-9533047780102618842 topic:/gdk/config_response
I0827 00:56:27.946681 1522147 aorta_component.cpp:326] [cosine_internal][AortaComponent] aorta node create subscriber. node: python3.10_S1, topic:/pnc/task_service/high_precision_navigation/response, type:pnc_msgs.HighPrecisionNavigationResponse, qos:(history:1, depth:5, reliability:1, durability:2), uri:http://10.42.0.101:2379
I0827 00:56:27.946696 1522147 aorta_subscriber.hpp:96] [cosine_internal][AortaSubscriber] initial. topic:/pnc/task_service/high_precision_navigation/response, uri:
I0827 00:56:27.946714 1522147 cosine_bus_manager.cpp:400] [cosine_internal][CosineBusManager] create subscriber. topic name:/pnc/task_service/relative_move/response , middleware:aorta , need async callback:0, frame_skip_rate:1
I0827 00:56:27.946722 1522147 aorta_component.cpp:174] [cosine_internal][AortaComponent] callback_name:/pnc/task_service/relative_move/responsehttp://10.42.0.101:2379
I0827 00:56:27.946774 1522147 buffered_data_export.cpp:115] [cosine_internal]successfully create buffer [bus_buffer___pnc__task_service__relative_move__response, type pnc_msgs.RelativeMoveResponse, block num 5, valid_time 0, transfer_type 0, data_size 0, mem_type 0, lib_name , ext_data_size 0, is_protobuf 1, enable_event_sync_subscriber 0], buffer id = 6
I0827 00:56:27.946791 1522147 cosine_bus_message_buffer.cpp:45] [cosine_internal][CosineBusMessageBuffer] create buffer success. name:bus_buffer___pnc__task_service__relative_move__response, type:pnc_msgs.RelativeMoveResponse, size:5
I0827 00:56:27.946895 1522147 node_impl.cc:344] [aorta]CreateSubscriber topic:/pnc/task_service/relative_move/response, uid:baac72d9-ccbe-48ce-8ef1-98fd0310bd96-4077207897147431090 topic_uid:-1
I0827 00:56:27.947297 1522147 aorta_component.cpp:326] [cosine_internal][AortaComponent] aorta node create subscriber. node: python3.10_S1, topic:/pnc/task_service/relative_move/response, type:pnc_msgs.RelativeMoveResponse, qos:(history:1, depth:5, reliability:1, durability:2), uri:http://10.42.0.101:2379
I0827 00:56:27.947309 1522147 aorta_subscriber.hpp:96] [cosine_internal][AortaSubscriber] initial. topic:/pnc/task_service/relative_move/response, uri:
I0827 00:56:27.947325 1522147 cosine_bus_manager.cpp:400] [cosine_internal][CosineBusManager] create subscriber. topic name:/pnc/task_service/task_cancel/response , middleware:aorta , need async callback:0, frame_skip_rate:1
I0827 00:56:27.947333 1522147 aorta_component.cpp:174] [cosine_internal][AortaComponent] callback_name:/pnc/task_service/task_cancel/responsehttp://10.42.0.101:2379
I0827 00:56:27.947374 1522147 buffered_data_export.cpp:115] [cosine_internal]successfully create buffer [bus_buffer___pnc__task_service__task_cancel__response, type pnc_msgs.TaskCancelResponse, block num 5, valid_time 0, transfer_type 0, data_size 0, mem_type 0, lib_name , ext_data_size 0, is_protobuf 1, enable_event_sync_subscriber 0], buffer id = 7
I0827 00:56:27.947388 1522147 cosine_bus_message_buffer.cpp:45] [cosine_internal][CosineBusMessageBuffer] create buffer success. name:bus_buffer___pnc__task_service__task_cancel__response, type:pnc_msgs.TaskCancelResponse, size:5
I0827 00:56:27.947505 1522147 node_impl.cc:344] [aorta]CreateSubscriber topic:/pnc/task_service/task_cancel/response, uid:0e749040-8691-4e35-be36-00a6d5023e22-3654631836754090917 topic_uid:-1
I0827 00:56:27.947896 1522147 aorta_component.cpp:326] [cosine_internal][AortaComponent] aorta node create subscriber. node: python3.10_S1, topic:/pnc/task_service/task_cancel/response, type:pnc_msgs.TaskCancelResponse, qos:(history:1, depth:5, reliability:1, durability:2), uri:http://10.42.0.101:2379
I0827 00:56:27.947912 1522147 aorta_subscriber.hpp:96] [cosine_internal][AortaSubscriber] initial. topic:/pnc/task_service/task_cancel/response, uri:
I0827 00:56:27.947925 1522147 cosine_bus_manager.cpp:400] [cosine_internal][CosineBusManager] create subscriber. topic name:/pnc/task_service/task_pause/response , middleware:aorta , need async callback:0, frame_skip_rate:1
I0827 00:56:27.947933 1522147 aorta_component.cpp:174] [cosine_internal][AortaComponent] callback_name:/pnc/task_service/task_pause/responsehttp://10.42.0.101:2379
I0827 00:56:27.947978 1522147 buffered_data_export.cpp:115] [cosine_internal]successfully create buffer [bus_buffer___pnc__task_service__task_pause__response, type pnc_msgs.TaskPauseResponse, block num 5, valid_time 0, transfer_type 0, data_size 0, mem_type 0, lib_name , ext_data_size 0, is_protobuf 1, enable_event_sync_subscriber 0], buffer id = 8
I0827 00:56:27.947990 1522147 cosine_bus_message_buffer.cpp:45] [cosine_internal][CosineBusMessageBuffer] create buffer success. name:bus_buffer___pnc__task_service__task_pause__response, type:pnc_msgs.TaskPauseResponse, size:5
I0827 00:56:27.948031 1522201 shm_subscriber.cc:120] [aorta]subscriber connect to publisher success, topic /gdk/config_response, local d2379|python3.10|p1522147|n0|s0|c0, peer d2379|gdk_service|p8963|n0|/gdk/config_response|p0
I0827 00:56:27.948071 1522147 node_impl.cc:344] [aorta]CreateSubscriber topic:/pnc/task_service/task_pause/response, uid:c70fbf4d-de24-479d-a4fe-d63a0b0aa8c6-4995236092065324733 topic_uid:-1
I0827 00:56:27.948133 1522185 centralized_discovery.cc:733] [aorta]subscriber uid:3f32f995-0756-48af-9c68-0165e27bd72f-3551884323222435368 topic:/gdk/camera_conf_response
I0827 00:56:27.948596 1522147 aorta_component.cpp:326] [cosine_internal][AortaComponent] aorta node create subscriber. node: python3.10_S1, topic:/pnc/task_service/task_pause/response, type:pnc_msgs.TaskPauseResponse, qos:(history:1, depth:5, reliability:1, durability:2), uri:http://10.42.0.101:2379
I0827 00:56:27.948607 1522147 aorta_subscriber.hpp:96] [cosine_internal][AortaSubscriber] initial. topic:/pnc/task_service/task_pause/response, uri:
I0827 00:56:27.948621 1522147 cosine_bus_manager.cpp:400] [cosine_internal][CosineBusManager] create subscriber. topic name:/pnc/task_service/task_resume/response , middleware:aorta , need async callback:0, frame_skip_rate:1
I0827 00:56:27.948628 1522147 aorta_component.cpp:174] [cosine_internal][AortaComponent] callback_name:/pnc/task_service/task_resume/responsehttp://10.42.0.101:2379
I0827 00:56:27.948668 1522147 buffered_data_export.cpp:115] [cosine_internal]successfully create buffer [bus_buffer___pnc__task_service__task_resume__response, type pnc_msgs.TaskResumeResponse, block num 5, valid_time 0, transfer_type 0, data_size 0, mem_type 0, lib_name , ext_data_size 0, is_protobuf 1, enable_event_sync_subscriber 0], buffer id = 9
I0827 00:56:27.948688 1522147 cosine_bus_message_buffer.cpp:45] [cosine_internal][CosineBusMessageBuffer] create buffer success. name:bus_buffer___pnc__task_service__task_resume__response, type:pnc_msgs.TaskResumeResponse, size:5
I0827 00:56:27.948755 1522147 node_impl.cc:344] [aorta]CreateSubscriber topic:/pnc/task_service/task_resume/response, uid:1bf7bc9f-4d05-4726-92ae-e195c140ecc8-16859347558940246081 topic_uid:-1
I0827 00:56:27.949219 1522147 aorta_component.cpp:326] [cosine_internal][AortaComponent] aorta node create subscriber. node: python3.10_S1, topic:/pnc/task_service/task_resume/response, type:pnc_msgs.TaskResumeResponse, qos:(history:1, depth:5, reliability:1, durability:2), uri:http://10.42.0.101:2379
I0827 00:56:27.949232 1522147 aorta_subscriber.hpp:96] [cosine_internal][AortaSubscriber] initial. topic:/pnc/task_service/task_resume/response, uri:
I0827 00:56:27.949247 1522147 cosine_bus_manager.cpp:400] [cosine_internal][CosineBusManager] create subscriber. topic name:/pnc/task_service/remote_control/response , middleware:aorta , need async callback:0, frame_skip_rate:1
I0827 00:56:27.949263 1522147 aorta_component.cpp:174] [cosine_internal][AortaComponent] callback_name:/pnc/task_service/remote_control/responsehttp://10.42.0.101:2379
I0827 00:56:27.949304 1522147 buffered_data_export.cpp:115] [cosine_internal]successfully create buffer [bus_buffer___pnc__task_service__remote_control__response, type pnc_msgs.RemoteControlResponse, block num 5, valid_time 0, transfer_type 0, data_size 0, mem_type 0, lib_name , ext_data_size 0, is_protobuf 1, enable_event_sync_subscriber 0], buffer id = 10
I0827 00:56:27.949317 1522147 cosine_bus_message_buffer.cpp:45] [cosine_internal][CosineBusMessageBuffer] create buffer success. name:bus_buffer___pnc__task_service__remote_control__response, type:pnc_msgs.RemoteControlResponse, size:5
I0827 00:56:27.949393 1522147 node_impl.cc:344] [aorta]CreateSubscriber topic:/pnc/task_service/remote_control/response, uid:5bc6f013-ecaf-48b8-92c5-a14b0bda0397-11583863028842959166 topic_uid:-1
I0827 00:56:27.949748 1522201 shm_subscriber.cc:120] [aorta]subscriber connect to publisher success, topic /gdk/camera_conf_response, local d2379|python3.10|p1522147|n0|s1|c0, peer d2379|gdk_service|p8963|n0|/gdk/camera_conf_response|p1
I0827 00:56:27.949826 1522185 centralized_discovery.cc:733] [aorta]subscriber uid:8b28f397-861d-45bf-89a7-a74ab9285d1e-9096530589114119892 topic:/pnc/task_state
I0827 00:56:27.950096 1522147 aorta_component.cpp:326] [cosine_internal][AortaComponent] aorta node create subscriber. node: python3.10_S1, topic:/pnc/task_service/remote_control/response, type:pnc_msgs.RemoteControlResponse, qos:(history:1, depth:5, reliability:1, durability:2), uri:http://10.42.0.101:2379
I0827 00:56:27.950109 1522147 aorta_subscriber.hpp:96] [cosine_internal][AortaSubscriber] initial. topic:/pnc/task_service/remote_control/response, uri:
I0827 00:56:27.950138 1522147 cosine_bus_manager.cpp:294] [cosine_internal][CosineBusManager] create publisher. topic name:/pnc/task_service/normal_navigation/request , middleware:aorta
I0827 00:56:27.950557 1522147 tcp_publisher.cc:179] [aorta]topic /pnc/task_service/normal_navigation/request, pub_queue_size_ 5, latch_queue_size_ 0
I0827 00:56:27.950659 1522200 tcp_socket_server.cc:200] [aorta]The ip info is0.0.0.0:43395
I0827 00:56:27.950778 1522200 shm_socket_server.cc:101] [aorta][/pnc/task_service/normal_navigation/request] bind at pipe sock name d2379|python3.10|p1522147|n0|..task_service/normal_navigation/request|p2
I0827 00:56:27.950798 1522201 shm_subscriber.cc:120] [aorta]subscriber connect to publisher success, topic /pnc/task_state, local d2379|python3.10|p1522147|n0|s2|c0, peer d2379|quark_navigation|p1404594|n0|/pnc/task_state|p24
I0827 00:56:27.950865 1522185 centralized_discovery.cc:733] [aorta]subscriber uid:5e63fb73-ecea-41e1-b253-bd526c1fc825-7227396448010854466 topic:/pnc/task_service/normal_navigation/response
I0827 00:56:27.950877 1522147 node_impl.cc:198] [aorta]CreatePublisher, host:0.0.0.0, port:43395, sockname:d2379|python3.10|p1522147|n0|..task_service/normal_navigation/request|p2, topic:/pnc/task_service/normal_navigation/request, uid:f18bb50b-877a-4e06-afd0-2dde8a58c368-11863888217293896894 topic_uid:-1
I0827 00:56:27.950906 1522147 aorta_component.cpp:394] [cosine_internal][AortaComponent] aorta node create publisher. node: python3.10_S1, topic:/pnc/task_service/normal_navigation/request, type:pnc_msgs.NormalNavigationRequest, qos:(history:1, depth:5, reliability:1, durability:2), uri:http://10.42.0.101:2379
I0827 00:56:27.950947 1522147 aorta_publisher.cpp:119] [cosine_internal][AortaPublisher] publisher initialize. topic:/pnc/task_service/normal_navigation/request, uri:
I0827 00:56:27.950958 1522147 publisher.cpp:27] [GDK]create publisher: /pnc/task_service/normal_navigation/request type: pnc_msgs.NormalNavigationRequest qos: 1 1 5 2
I0827 00:56:27.950979 1522147 cosine_bus_manager.cpp:294] [cosine_internal][CosineBusManager] create publisher. topic name:/pnc/task_service/high_precision_navigation/request , middleware:aorta
I0827 00:56:27.951421 1522147 tcp_publisher.cc:179] [aorta]topic /pnc/task_service/high_precision_navigation/request, pub_queue_size_ 5, latch_queue_size_ 0
I0827 00:56:27.951529 1522200 tcp_socket_server.cc:200] [aorta]The ip info is0.0.0.0:44551
I0827 00:56:27.951617 1522200 shm_socket_server.cc:101] [aorta][/pnc/task_service/high_precision_navigation/request] bind at pipe sock name d2379|python3.10|p1522147|n0|..vice/high_precision_navigation/request|p3
I0827 00:56:27.951699 1522147 node_impl.cc:198] [aorta]CreatePublisher, host:0.0.0.0, port:44551, sockname:d2379|python3.10|p1522147|n0|..vice/high_precision_navigation/request|p3, topic:/pnc/task_service/high_precision_navigation/request, uid:b7f4c237-6271-4ac2-b384-a02d07337e86-13581583299462652003 topic_uid:-1
I0827 00:56:27.951722 1522147 aorta_component.cpp:394] [cosine_internal][AortaComponent] aorta node create publisher. node: python3.10_S1, topic:/pnc/task_service/high_precision_navigation/request, type:pnc_msgs.HighPrecisionNavigationRequest, qos:(history:1, depth:5, reliability:1, durability:2), uri:http://10.42.0.101:2379
I0827 00:56:27.951754 1522147 aorta_publisher.cpp:119] [cosine_internal][AortaPublisher] publisher initialize. topic:/pnc/task_service/high_precision_navigation/request, uri:
I0827 00:56:27.951761 1522147 publisher.cpp:27] [GDK]create publisher: /pnc/task_service/high_precision_navigation/request type: pnc_msgs.HighPrecisionNavigationRequest qos: 1 1 5 2
I0827 00:56:27.951776 1522147 cosine_bus_manager.cpp:294] [cosine_internal][CosineBusManager] create publisher. topic name:/pnc/task_service/relative_move/request , middleware:aorta
I0827 00:56:27.952090 1522201 shm_subscriber.cc:120] [aorta]subscriber connect to publisher success, topic /pnc/task_service/normal_navigation/response, local d2379|python3.10|p1522147|n0|s3|c0, peer d2379|quark_navigation|p1404594|n0|..ask_service/normal_navigation/response|p11
I0827 00:56:27.952167 1522185 centralized_discovery.cc:733] [aorta]subscriber uid:04d6936b-3fe9-4403-8532-7a95e1f5f895-4701876173029784314 topic:/pnc/task_service/high_precision_navigation/response
I0827 00:56:27.952199 1522147 tcp_publisher.cc:179] [aorta]topic /pnc/task_service/relative_move/request, pub_queue_size_ 5, latch_queue_size_ 0
I0827 00:56:27.952271 1522200 tcp_socket_server.cc:200] [aorta]The ip info is0.0.0.0:44967
I0827 00:56:27.952363 1522200 shm_socket_server.cc:101] [aorta][/pnc/task_service/relative_move/request] bind at pipe sock name d2379|python3.10|p1522147|n0|/pnc/task_service/relative_move/request|p4
I0827 00:56:27.952433 1522147 node_impl.cc:198] [aorta]CreatePublisher, host:0.0.0.0, port:44967, sockname:d2379|python3.10|p1522147|n0|/pnc/task_service/relative_move/request|p4, topic:/pnc/task_service/relative_move/request, uid:3e1cf840-94f9-40c6-ac58-dd0d1ddf404a-1499998713038698463 topic_uid:-1
I0827 00:56:27.952458 1522147 aorta_component.cpp:394] [cosine_internal][AortaComponent] aorta node create publisher. node: python3.10_S1, topic:/pnc/task_service/relative_move/request, type:pnc_msgs.RelativeMoveRequest, qos:(history:1, depth:5, reliability:1, durability:2), uri:http://10.42.0.101:2379
I0827 00:56:27.952492 1522147 aorta_publisher.cpp:119] [cosine_internal][AortaPublisher] publisher initialize. topic:/pnc/task_service/relative_move/request, uri:
I0827 00:56:27.952502 1522147 publisher.cpp:27] [GDK]create publisher: /pnc/task_service/relative_move/request type: pnc_msgs.RelativeMoveRequest qos: 1 1 5 2
I0827 00:56:27.952518 1522147 cosine_bus_manager.cpp:294] [cosine_internal][CosineBusManager] create publisher. topic name:/pnc/task_service/task_cancel/request , middleware:aorta
I0827 00:56:27.952924 1522147 tcp_publisher.cc:179] [aorta]topic /pnc/task_service/task_cancel/request, pub_queue_size_ 5, latch_queue_size_ 0
I0827 00:56:27.952965 1522200 tcp_socket_server.cc:200] [aorta]The ip info is0.0.0.0:33243
I0827 00:56:27.953013 1522200 shm_socket_server.cc:101] [aorta][/pnc/task_service/task_cancel/request] bind at pipe sock name d2379|python3.10|p1522147|n0|/pnc/task_service/task_cancel/request|p5
I0827 00:56:27.953054 1522147 node_impl.cc:198] [aorta]CreatePublisher, host:0.0.0.0, port:33243, sockname:d2379|python3.10|p1522147|n0|/pnc/task_service/task_cancel/request|p5, topic:/pnc/task_service/task_cancel/request, uid:36003e5c-9809-4f65-9ace-64be06f02127-10250913672907467700 topic_uid:-1
I0827 00:56:27.953071 1522147 aorta_component.cpp:394] [cosine_internal][AortaComponent] aorta node create publisher. node: python3.10_S1, topic:/pnc/task_service/task_cancel/request, type:pnc_msgs.TaskCancelRequest, qos:(history:1, depth:5, reliability:1, durability:2), uri:http://10.42.0.101:2379
I0827 00:56:27.953071 1522201 shm_subscriber.cc:120] [aorta]subscriber connect to publisher success, topic /pnc/task_service/high_precision_navigation/response, local d2379|python3.10|p1522147|n0|s4|c0, peer d2379|quark_navigation|p1404594|n0|..ice/high_precision_navigation/response|p12
I0827 00:56:27.953100 1522147 aorta_publisher.cpp:119] [cosine_internal][AortaPublisher] publisher initialize. topic:/pnc/task_service/task_cancel/request, uri:
I0827 00:56:27.953106 1522147 publisher.cpp:27] [GDK]create publisher: /pnc/task_service/task_cancel/request type: pnc_msgs.TaskCancelRequest qos: 1 1 5 2
I0827 00:56:27.953119 1522147 cosine_bus_manager.cpp:294] [cosine_internal][CosineBusManager] create publisher. topic name:/pnc/task_service/task_pause/request , middleware:aorta
I0827 00:56:27.953122 1522185 centralized_discovery.cc:733] [aorta]subscriber uid:baac72d9-ccbe-48ce-8ef1-98fd0310bd96-4077207897147431090 topic:/pnc/task_service/relative_move/response
I0827 00:56:27.953522 1522147 tcp_publisher.cc:179] [aorta]topic /pnc/task_service/task_pause/request, pub_queue_size_ 5, latch_queue_size_ 0
I0827 00:56:27.953590 1522200 tcp_socket_server.cc:200] [aorta]The ip info is0.0.0.0:42901
I0827 00:56:27.953657 1522200 shm_socket_server.cc:101] [aorta][/pnc/task_service/task_pause/request] bind at pipe sock name d2379|python3.10|p1522147|n0|/pnc/task_service/task_pause/request|p6
I0827 00:56:27.953722 1522147 node_impl.cc:198] [aorta]CreatePublisher, host:0.0.0.0, port:42901, sockname:d2379|python3.10|p1522147|n0|/pnc/task_service/task_pause/request|p6, topic:/pnc/task_service/task_pause/request, uid:b382128a-1059-4c83-bdd6-16f3ae45ce19-2366368184012060648 topic_uid:-1
I0827 00:56:27.953740 1522147 aorta_component.cpp:394] [cosine_internal][AortaComponent] aorta node create publisher. node: python3.10_S1, topic:/pnc/task_service/task_pause/request, type:pnc_msgs.TaskPauseRequest, qos:(history:1, depth:5, reliability:1, durability:2), uri:http://10.42.0.101:2379
I0827 00:56:27.953770 1522147 aorta_publisher.cpp:119] [cosine_internal][AortaPublisher] publisher initialize. topic:/pnc/task_service/task_pause/request, uri:
I0827 00:56:27.953778 1522147 publisher.cpp:27] [GDK]create publisher: /pnc/task_service/task_pause/request type: pnc_msgs.TaskPauseRequest qos: 1 1 5 2
I0827 00:56:27.953792 1522147 cosine_bus_manager.cpp:294] [cosine_internal][CosineBusManager] create publisher. topic name:/pnc/task_service/task_resume/request , middleware:aorta
I0827 00:56:27.954128 1522201 shm_subscriber.cc:120] [aorta]subscriber connect to publisher success, topic /pnc/task_service/relative_move/response, local d2379|python3.10|p1522147|n0|s5|c0, peer d2379|quark_navigation|p1404594|n0|/pnc/task_service/relative_move/response|p15
I0827 00:56:27.954188 1522185 centralized_discovery.cc:733] [aorta]subscriber uid:0e749040-8691-4e35-be36-00a6d5023e22-3654631836754090917 topic:/pnc/task_service/task_cancel/response
I0827 00:56:27.954260 1522147 tcp_publisher.cc:179] [aorta]topic /pnc/task_service/task_resume/request, pub_queue_size_ 5, latch_queue_size_ 0
I0827 00:56:27.954345 1522200 tcp_socket_server.cc:200] [aorta]The ip info is0.0.0.0:38715
I0827 00:56:27.954414 1522200 shm_socket_server.cc:101] [aorta][/pnc/task_service/task_resume/request] bind at pipe sock name d2379|python3.10|p1522147|n0|/pnc/task_service/task_resume/request|p7
I0827 00:56:27.954473 1522147 node_impl.cc:198] [aorta]CreatePublisher, host:0.0.0.0, port:38715, sockname:d2379|python3.10|p1522147|n0|/pnc/task_service/task_resume/request|p7, topic:/pnc/task_service/task_resume/request, uid:532594fa-4291-42c0-a741-e00708aab689-18204958959141007063 topic_uid:-1
I0827 00:56:27.954493 1522147 aorta_component.cpp:394] [cosine_internal][AortaComponent] aorta node create publisher. node: python3.10_S1, topic:/pnc/task_service/task_resume/request, type:pnc_msgs.TaskResumeRequest, qos:(history:1, depth:5, reliability:1, durability:2), uri:http://10.42.0.101:2379
I0827 00:56:27.954525 1522147 aorta_publisher.cpp:119] [cosine_internal][AortaPublisher] publisher initialize. topic:/pnc/task_service/task_resume/request, uri:
I0827 00:56:27.954533 1522147 publisher.cpp:27] [GDK]create publisher: /pnc/task_service/task_resume/request type: pnc_msgs.TaskResumeRequest qos: 1 1 5 2
I0827 00:56:27.954660 1522147 cosine_bus_manager.cpp:294] [cosine_internal][CosineBusManager] create publisher. topic name:/pnc/remote_control_cmd , middleware:aorta
I0827 00:56:27.955009 1522201 shm_subscriber.cc:120] [aorta]subscriber connect to publisher success, topic /pnc/task_service/task_cancel/response, local d2379|python3.10|p1522147|n0|s6|c0, peer d2379|quark_navigation|p1404594|n0|/pnc/task_service/task_cancel/response|p17
I0827 00:56:27.955058 1522185 centralized_discovery.cc:733] [aorta]subscriber uid:c70fbf4d-de24-479d-a4fe-d63a0b0aa8c6-4995236092065324733 topic:/pnc/task_service/task_pause/response
I0827 00:56:27.955165 1522147 tcp_publisher.cc:179] [aorta]topic /pnc/remote_control_cmd, pub_queue_size_ 5, latch_queue_size_ 0
I0827 00:56:27.955209 1522200 tcp_socket_server.cc:200] [aorta]The ip info is0.0.0.0:44397
I0827 00:56:27.955265 1522200 shm_socket_server.cc:101] [aorta][/pnc/remote_control_cmd] bind at pipe sock name d2379|python3.10|p1522147|n0|/pnc/remote_control_cmd|p8
I0827 00:56:27.955312 1522147 node_impl.cc:198] [aorta]CreatePublisher, host:0.0.0.0, port:44397, sockname:d2379|python3.10|p1522147|n0|/pnc/remote_control_cmd|p8, topic:/pnc/remote_control_cmd, uid:29bbcc33-40a5-4d8c-a9f3-9aac4f90a250-2921114360754287628 topic_uid:-1
I0827 00:56:27.955330 1522147 aorta_component.cpp:394] [cosine_internal][AortaComponent] aorta node create publisher. node: python3.10_S1, topic:/pnc/remote_control_cmd, type:geometry_msgs.msg.pb.TwistStamped, qos:(history:1, depth:5, reliability:1, durability:2), uri:http://10.42.0.101:2379
I0827 00:56:27.955361 1522147 aorta_publisher.cpp:119] [cosine_internal][AortaPublisher] publisher initialize. topic:/pnc/remote_control_cmd, uri:
I0827 00:56:27.955368 1522147 publisher.cpp:27] [GDK]create publisher: /pnc/remote_control_cmd type: geometry_msgs.msg.pb.TwistStamped qos: 1 1 5 2
I0827 00:56:27.955396 1522147 cosine_bus_manager.cpp:294] [cosine_internal][CosineBusManager] create publisher. topic name:/pnc/task_service/remote_control/request , middleware:aorta
I0827 00:56:27.955840 1522147 tcp_publisher.cc:179] [aorta]topic /pnc/task_service/remote_control/request, pub_queue_size_ 5, latch_queue_size_ 0
I0827 00:56:27.955915 1522200 tcp_socket_server.cc:200] [aorta]The ip info is0.0.0.0:36763
I0827 00:56:27.955977 1522200 shm_socket_server.cc:101] [aorta][/pnc/task_service/remote_control/request] bind at pipe sock name d2379|python3.10|p1522147|n0|/pnc/task_service/remote_control/request|p9
I0827 00:56:27.956022 1522147 node_impl.cc:198] [aorta]CreatePublisher, host:0.0.0.0, port:36763, sockname:d2379|python3.10|p1522147|n0|/pnc/task_service/remote_control/request|p9, topic:/pnc/task_service/remote_control/request, uid:c735a9e8-a53e-4c30-bce5-3e8940f951bf-10398465225129759782 topic_uid:-1
I0827 00:56:27.956038 1522147 aorta_component.cpp:394] [cosine_internal][AortaComponent] aorta node create publisher. node: python3.10_S1, topic:/pnc/task_service/remote_control/request, type:pnc_msgs.RemoteControlRequest, qos:(history:1, depth:5, reliability:1, durability:2), uri:http://10.42.0.101:2379
I0827 00:56:27.956068 1522147 aorta_publisher.cpp:119] [cosine_internal][AortaPublisher] publisher initialize. topic:/pnc/task_service/remote_control/request, uri:
I0827 00:56:27.956074 1522147 publisher.cpp:27] [GDK]create publisher: /pnc/task_service/remote_control/request type: pnc_msgs.RemoteControlRequest qos: 1 1 5 2
I0827 00:56:27.956094 1522201 shm_subscriber.cc:120] [aorta]subscriber connect to publisher success, topic /pnc/task_service/task_pause/response, local d2379|python3.10|p1522147|n0|s7|c0, peer d2379|quark_navigation|p1404594|n0|/pnc/task_service/task_pause/response|p18
I0827 00:56:27.956138 1522147 cosine_bus_manager.cpp:400] [cosine_internal][CosineBusManager] create subscriber. topic name:/slam/odom , middleware:aorta , need async callback:0, frame_skip_rate:1
I0827 00:56:27.956149 1522147 aorta_component.cpp:174] [cosine_internal][AortaComponent] callback_name:/slam/odomhttp://10.42.0.101:2379
I0827 00:56:27.956148 1522185 centralized_discovery.cc:733] [aorta]subscriber uid:1bf7bc9f-4d05-4726-92ae-e195c140ecc8-16859347558940246081 topic:/pnc/task_service/task_resume/response
I0827 00:56:27.956367 1522147 buffered_data_export.cpp:115] [cosine_internal]successfully create buffer [bus_buffer___slam__odom, type genie_msgs.msg.pb.OdomInfo, block num 5, valid_time 0, transfer_type 0, data_size 0, mem_type 0, lib_name , ext_data_size 0, is_protobuf 1, enable_event_sync_subscriber 0], buffer id = 11
I0827 00:56:27.956393 1522147 cosine_bus_message_buffer.cpp:45] [cosine_internal][CosineBusMessageBuffer] create buffer success. name:bus_buffer___slam__odom, type:genie_msgs.msg.pb.OdomInfo, size:5
I0827 00:56:27.956488 1522147 node_impl.cc:344] [aorta]CreateSubscriber topic:/slam/odom, uid:e4166c13-49e0-4fc1-9ae9-47d2d62f5195-8164318257426434522 topic_uid:-1
I0827 00:56:27.956965 1522201 shm_subscriber.cc:120] [aorta]subscriber connect to publisher success, topic /pnc/task_service/task_resume/response, local d2379|python3.10|p1522147|n0|s8|c0, peer d2379|quark_navigation|p1404594|n0|/pnc/task_service/task_resume/response|p19
I0827 00:56:27.957026 1522147 aorta_component.cpp:326] [cosine_internal][AortaComponent] aorta node create subscriber. node: python3.10_S1, topic:/slam/odom, type:genie_msgs.msg.pb.OdomInfo, qos:(history:1, depth:5, reliability:1, durability:2), uri:http://10.42.0.101:2379
I0827 00:56:27.957031 1522185 centralized_discovery.cc:733] [aorta]subscriber uid:5bc6f013-ecaf-48b8-92c5-a14b0bda0397-11583863028842959166 topic:/pnc/task_service/remote_control/response
I0827 00:56:27.957041 1522147 aorta_subscriber.hpp:96] [cosine_internal][AortaSubscriber] initial. topic:/slam/odom, uri:
I0827 00:56:27.957062 1522147 cosine_bus_manager.cpp:400] [cosine_internal][CosineBusManager] create subscriber. topic name:/slam/state , middleware:aorta , need async callback:0, frame_skip_rate:1
I0827 00:56:27.957072 1522147 aorta_component.cpp:174] [cosine_internal][AortaComponent] callback_name:/slam/statehttp://10.42.0.101:2379
I0827 00:56:27.957115 1522147 buffered_data_export.cpp:115] [cosine_internal]successfully create buffer [bus_buffer___slam__state, type genie_msgs.msg.pb.CommonResponse, block num 5, valid_time 0, transfer_type 0, data_size 0, mem_type 0, lib_name , ext_data_size 0, is_protobuf 1, enable_event_sync_subscriber 0], buffer id = 12
I0827 00:56:27.957129 1522147 cosine_bus_message_buffer.cpp:45] [cosine_internal][CosineBusMessageBuffer] create buffer success. name:bus_buffer___slam__state, type:genie_msgs.msg.pb.CommonResponse, size:5
I0827 00:56:27.957198 1522147 node_impl.cc:344] [aorta]CreateSubscriber topic:/slam/state, uid:cc81169a-9282-4931-8236-e6877e96d835-7791362299214773660 topic_uid:-1
I0827 00:56:27.957573 1522147 aorta_component.cpp:326] [cosine_internal][AortaComponent] aorta node create subscriber. node: python3.10_S1, topic:/slam/state, type:genie_msgs.msg.pb.CommonResponse, qos:(history:1, depth:5, reliability:1, durability:2), uri:http://10.42.0.101:2379
I0827 00:56:27.957588 1522147 aorta_subscriber.hpp:96] [cosine_internal][AortaSubscriber] initial. topic:/slam/state, uri:
I0827 00:56:27.957599 1522147 cosine_bus_manager.cpp:400] [cosine_internal][CosineBusManager] create subscriber. topic name:/slam/mapping_response , middleware:aorta , need async callback:0, frame_skip_rate:1
I0827 00:56:27.957607 1522147 aorta_component.cpp:174] [cosine_internal][AortaComponent] callback_name:/slam/mapping_responsehttp://10.42.0.101:2379
I0827 00:56:27.957636 1522147 buffered_data_export.cpp:115] [cosine_internal]successfully create buffer [bus_buffer___slam__mapping_response, type genie_msgs.msg.pb.CommonResponse, block num 5, valid_time 0, transfer_type 0, data_size 0, mem_type 0, lib_name , ext_data_size 0, is_protobuf 1, enable_event_sync_subscriber 0], buffer id = 13
I0827 00:56:27.957648 1522147 cosine_bus_message_buffer.cpp:45] [cosine_internal][CosineBusMessageBuffer] create buffer success. name:bus_buffer___slam__mapping_response, type:genie_msgs.msg.pb.CommonResponse, size:5
I0827 00:56:27.957715 1522147 node_impl.cc:344] [aorta]CreateSubscriber topic:/slam/mapping_response, uid:482de8ad-02c9-4444-af1c-74509e1d1ed6-3136143855590244141 topic_uid:-1
I0827 00:56:27.957828 1522201 shm_subscriber.cc:120] [aorta]subscriber connect to publisher success, topic /pnc/task_service/remote_control/response, local d2379|python3.10|p1522147|n0|s9|c0, peer d2379|quark_navigation|p1404594|n0|..c/task_service/remote_control/response|p16
I0827 00:56:27.957888 1522185 centralized_discovery.cc:681] [aorta]publisher uid:f18bb50b-877a-4e06-afd0-2dde8a58c368-11863888217293896894 topic:/pnc/task_service/normal_navigation/request
I0827 00:56:27.958125 1522147 aorta_component.cpp:326] [cosine_internal][AortaComponent] aorta node create subscriber. node: python3.10_S1, topic:/slam/mapping_response, type:genie_msgs.msg.pb.CommonResponse, qos:(history:1, depth:5, reliability:1, durability:2), uri:http://10.42.0.101:2379
I0827 00:56:27.958135 1522147 aorta_subscriber.hpp:96] [cosine_internal][AortaSubscriber] initial. topic:/slam/mapping_response, uri:
I0827 00:56:27.958146 1522147 cosine_bus_manager.cpp:400] [cosine_internal][CosineBusManager] create subscriber. topic name:/slam/record_spec_loc_rsp , middleware:aorta , need async callback:0, frame_skip_rate:1
I0827 00:56:27.958153 1522147 aorta_component.cpp:174] [cosine_internal][AortaComponent] callback_name:/slam/record_spec_loc_rsphttp://10.42.0.101:2379
I0827 00:56:27.958185 1522147 buffered_data_export.cpp:115] [cosine_internal]successfully create buffer [bus_buffer___slam__record_spec_loc_rsp, type genie_msgs.msg.pb.CommonResponse, block num 5, valid_time 0, transfer_type 0, data_size 0, mem_type 0, lib_name , ext_data_size 0, is_protobuf 1, enable_event_sync_subscriber 0], buffer id = 14
I0827 00:56:27.958206 1522147 cosine_bus_message_buffer.cpp:45] [cosine_internal][CosineBusMessageBuffer] create buffer success. name:bus_buffer___slam__record_spec_loc_rsp, type:genie_msgs.msg.pb.CommonResponse, size:5
I0827 00:56:27.958273 1522147 node_impl.cc:344] [aorta]CreateSubscriber topic:/slam/record_spec_loc_rsp, uid:993c8345-d429-422d-867a-e8b58bf07b84-16786186340696970127 topic_uid:-1
I0827 00:56:27.958659 1522147 aorta_component.cpp:326] [cosine_internal][AortaComponent] aorta node create subscriber. node: python3.10_S1, topic:/slam/record_spec_loc_rsp, type:genie_msgs.msg.pb.CommonResponse, qos:(history:1, depth:5, reliability:1, durability:2), uri:http://10.42.0.101:2379
I0827 00:56:27.958668 1522147 aorta_subscriber.hpp:96] [cosine_internal][AortaSubscriber] initial. topic:/slam/record_spec_loc_rsp, uri:
I0827 00:56:27.958685 1522147 cosine_bus_manager.cpp:294] [cosine_internal][CosineBusManager] create publisher. topic name:/slam/mapping_request , middleware:aorta
I0827 00:56:27.959023 1522185 centralized_discovery.cc:681] [aorta]publisher uid:b7f4c237-6271-4ac2-b384-a02d07337e86-13581583299462652003 topic:/pnc/task_service/high_precision_navigation/request
