Log file created at: 2025/08/27 00:34:34
Running on machine: G2
Log line format: [IWEF]mmdd hh:mm:ss.uuuuuu threadid file:line] msg
I0827 00:34:34.044549 1136930 dylog_impl.cpp:641] [DYLOG] set dylog default level to INFO
I0827 00:34:34.044629 1136930 dylog_impl.cpp:690] [DYLOG] soc num : R2
I0827 00:34:34.044644 1136930 dylog_impl.cpp:695] [DYLOG] can't read scene_mode, use sud
W0827 00:34:34.044668 1136930 dylog_impl.cpp:757] [DYLOG] can't find available json config file with path : /home/agi/app/conf/scene_server/dylog_sud_default.json, use default.
I0827 00:34:34.044785 1136930 dylog_impl.cpp:293] [DYLOG] register dsd_name : dylog/python3.10/cosine_internal
I0827 00:34:34.048030 1136930 cosine_bus_manager.cpp:88] [cosine_internal][CosineBusManager] cosine bus config path not set, use default config.
I0827 00:34:34.048080 1136930 cosine_bus_manager.cpp:118] [cosine_internal][CosineBusManager] initial cosine_bus_config:
I0827 00:34:34.049520 1136930 cosine_bus_global_sync.cpp:30] [cosine_internal][BusGlobalSync] set default middleware name:aorta
I0827 00:34:34.049561 1136930 scheduler_classic.cpp:28] [cosine_internal]Proc number set to be: 1
I0827 00:34:34.050781 1136930 dynamic_object.cpp:521] [cosine_internal][DynamicObject] open libdynamic_aorta.so success.
I0827 00:34:34.050966 1136930 dynamic_object.cpp:581] [cosine_internal][DynamicObject] Successfully enumerated 57 symbols in libdynamic_aorta.so
I0827 00:34:34.050976 1136930 resource_loader.cpp:13] [cosine_internal][ResourceLoader] Attempting to load function: aorta_get_object
I0827 00:34:34.050979 1136930 resource_loader.cpp:17] [cosine_internal][ResourceLoader] Trying address() method for C++ symbol: aorta_get_object
I0827 00:34:34.050987 1136930 resource_loader.cpp:20] [cosine_internal][ResourceLoader] Successfully loaded C++ symbol: aorta_get_object
I0827 00:34:34.050990 1136930 resource_loader.cpp:13] [cosine_internal][ResourceLoader] Attempting to load function: aorta_call_object_func
I0827 00:34:34.050993 1136930 resource_loader.cpp:17] [cosine_internal][ResourceLoader] Trying address() method for C++ symbol: aorta_call_object_func
I0827 00:34:34.050997 1136930 resource_loader.cpp:20] [cosine_internal][ResourceLoader] Successfully loaded C++ symbol: aorta_call_object_func
I0827 00:34:34.051000 1136930 resource_loader.cpp:13] [cosine_internal][ResourceLoader] Attempting to load function: aorta_clean_up
I0827 00:34:34.051003 1136930 resource_loader.cpp:17] [cosine_internal][ResourceLoader] Trying address() method for C++ symbol: aorta_clean_up
I0827 00:34:34.051017 1136930 resource_loader.cpp:25] [cosine_internal][ResourceLoader] C++ symbol failed, trying c_address() method for C symbol: aorta_clean_up
I0827 00:34:34.051023 1136930 resource_loader.cpp:28] [cosine_internal][ResourceLoader] Successfully loaded C symbol: aorta_clean_up
W0827 00:34:34.051030 1136930 aorta_component.cpp:90] [cosine_internal]Environment variable [LOCATOR_IP/DDS_IP] not set, fallback to 10.42.0.101
I0827 00:34:34.051036 1136930 aorta_component.cpp:496] [cosine_internal][AortaComponent] locator_ip: 10.42.0.101; Check network before domain init 
I0827 00:34:34.051077 1136930 clock.cpp:22] [cosine_internal]load ptp time source from: libptp_clock_time.so
I0827 00:34:34.051239 1136930 dynamic_object.cpp:521] [cosine_internal][DynamicObject] open libptp_clock_time.so success.
I0827 00:34:34.051669 1136930 aorta_component.cpp:515] [cosine_internal][AortaComponent] Network check start. locator_ip: 10.42.0.101, timeout: 60 seconds , check_start_time: 1756226074
I0827 00:34:34.051688 1136930 aorta_component.cpp:526] [cosine_internal][AortaComponent] locator_ip: 10.42.0.101; network is ready.
I0827 00:34:34.051738 1136930 dylog_impl.cpp:293] [DYLOG] register dsd_name : dylog/python3.10/aorta
I0827 00:34:34.051872 1136930 pcie_config.cc:52] [aorta]Get one valid pcie channel. producer: soc-s3 app-map_loc_app endpoint-nvscic2c_pcie_s3_c7_11 consumer: soc-s1 app-worldmodel endpoint-nvscic2c_pcie_s1_c7_11
I0827 00:34:34.051962 1136930 os.cc:88] [aorta]Got host_id from system files: Huixi R1ROBOR2
I0827 00:34:34.052001 1136930 pcie_manager.cc:71] [aorta]There is no pcie config in current process.
I0827 00:34:34.052364 1136930 message_monitor_config.cc:398] [aorta]run in  mode
I0827 00:34:34.053617 1136930 domain_impl.cc:58] [aorta]aorta version:7b1b7ddc
I0827 00:34:34.053647 1136930 json_comm.cc:35] [aorta]file path: /home/agi/app/conf/topology/topology_rule.json not exist.
I0827 00:34:34.053663 1136930 message_monitor_config.cc:398] [aorta]run in  mode
I0827 00:34:34.054378 1136930 message_monitor_config.cc:731] [aorta]message monitor is updated from /home/agi/app/conf/aorta/function/aorta_monitor_conf.json
I0827 00:34:34.055035 1136930 discovery_factory.cc:14] [aorta]type:1, host:10.42.0.101, port:2379, ttl:15, minor_cycle:100, major_cycle:3
I0827 00:34:34.055529 1136930 config.cc:53] [aorta]AORTA_IP_MASK not set.
I0827 00:34:34.055541 1136930 discovery.cc:245] [aorta]get ip masks empty.
I0827 00:34:34.055549 1136930 config.cc:200] [aorta]AORTA_EXTRA_LOCAL_IPS not set.
I0827 00:34:34.055554 1136930 discovery.cc:266] [aorta]local_publisher_ips_ empty.
I0827 00:34:34.055573 1136930 config.cc:124] [aorta]ip match, ip:127.0.0.1
I0827 00:34:34.055583 1136930 discovery.cc:275] [aorta]default emplace ip:10.42.0.101
I0827 00:34:34.055585 1136930 discovery.cc:275] [aorta]default emplace ip:10.42.12.101
I0827 00:34:34.055589 1136930 discovery.cc:275] [aorta]default emplace ip:10.42.1.101
I0827 00:34:34.055593 1136930 discovery.cc:275] [aorta]default emplace ip:10.42.6.101
I0827 00:34:34.055595 1136930 discovery.cc:275] [aorta]default emplace ip:192.168.1.101
I0827 00:34:34.055598 1136930 discovery.cc:275] [aorta]default emplace ip:10.42.30.101
I0827 00:34:34.055600 1136930 discovery.cc:275] [aorta]default emplace ip:10.42.40.101
I0827 00:34:34.055603 1136930 discovery.cc:275] [aorta]default emplace ip:10.20.15.199
I0827 00:34:34.055605 1136930 discovery.cc:275] [aorta]default emplace ip:10.42.6.101
I0827 00:34:34.055610 1136930 centralized_discovery.cc:55] [aorta]lease_ttl_:15
I0827 00:34:34.056039 1136930 aorta_component.cpp:561] [cosine_internal][AortaComponent] aorta create domain success. uri:http://10.42.0.101:2379
I0827 00:34:34.056169 1136930 aorta_component.cpp:447] [cosine_internal][AortaComponent] aorta domain created node: python3.10_S1 , domain_uri:http://10.42.0.101:2379
I0827 00:34:34.056180 1136930 aorta_component.cpp:126] [cosine_internal][AortaComponent] aorta component init success. node:python3.10_S1, uri:http://10.42.0.101:2379, locator_kind(1:shm,2:tcp,3:udp):2, locator_ip:10.42.0.101, locator_port:0, aorta_dispatcher_thread_num:1
I0827 00:34:34.056329 1136965 processor.cpp:40] [cosine_internal]processor_tid: 1136965
I0827 00:34:34.056409 1136968 executor_impl.cc:91] [aorta]aorta-dispatch0 start spinning
I0827 00:34:34.070111 1136967 centralized_discovery.cc:1110] [aorta]poll thread: revision:2082
I0827 00:34:34.070221 1136967 centralized_discovery.cc:1123] [aorta]inotify_fd_:15 inotify_watch_:1 inotify_watch_path:/home/agi/app/conf/aorta/function
I0827 00:34:34.072255 1136967 centralized_discovery.cc:615] [aorta]grant lease for node python3.10_S1 lease_id = 7587889064995181646
I0827 00:34:34.073460 1136967 watch_state.cc:54] [aorta]watch connect success.
I0827 00:34:34.074395 1136967 centralized_discovery.cc:1615] [aorta]recv watch response created.
I0827 00:34:34.112416 1136930 cosine_bus_manager.cpp:294] [cosine_internal][CosineBusManager] create publisher. topic name:/gdk/config_request , middleware:aorta
I0827 00:34:34.113128 1136930 tcp_publisher.cc:179] [aorta]topic /gdk/config_request, pub_queue_size_ 5, latch_queue_size_ 0
I0827 00:34:34.113324 1136982 tcp_socket_server.cc:200] [aorta]The ip info is0.0.0.0:33863
I0827 00:34:34.113441 1136982 shm_socket_server.cc:101] [aorta][/gdk/config_request] bind at pipe sock name d2379|python3.10|p1136930|n0|/gdk/config_request|p0
I0827 00:34:34.113528 1136930 node_impl.cc:198] [aorta]CreatePublisher, host:0.0.0.0, port:33863, sockname:d2379|python3.10|p1136930|n0|/gdk/config_request|p0, topic:/gdk/config_request, uid:e056b463-a0d6-4096-b757-fe224fe11b30-4991715019463590898 topic_uid:-1
I0827 00:34:34.113561 1136930 aorta_component.cpp:394] [cosine_internal][AortaComponent] aorta node create publisher. node: python3.10_S1, topic:/gdk/config_request, type:genie_msgs.msg.pb.CommonRequest, qos:(history:1, depth:5, reliability:1, durability:2), uri:http://10.42.0.101:2379
I0827 00:34:34.113600 1136930 aorta_publisher.cpp:119] [cosine_internal][AortaPublisher] publisher initialize. topic:/gdk/config_request, uri:
I0827 00:34:34.113615 1136930 dylog_impl.cpp:293] [DYLOG] register dsd_name : dylog/python3.10/GDK
I0827 00:34:34.113629 1136967 centralized_discovery.cc:681] [aorta]publisher uid:e056b463-a0d6-4096-b757-fe224fe11b30-4991715019463590898 topic:/gdk/config_request
I0827 00:34:34.113668 1136930 publisher.cpp:27] [GDK]create publisher: /gdk/config_request type: genie_msgs.msg.pb.CommonRequest qos: 1 1 5 2
I0827 00:34:34.113689 1136930 cosine_bus_manager.cpp:294] [cosine_internal][CosineBusManager] create publisher. topic name:/gdk/camera_conf_request , middleware:aorta
I0827 00:34:34.114094 1136930 tcp_publisher.cc:179] [aorta]topic /gdk/camera_conf_request, pub_queue_size_ 5, latch_queue_size_ 0
I0827 00:34:34.114156 1136982 tcp_socket_server.cc:200] [aorta]The ip info is0.0.0.0:41253
I0827 00:34:34.114223 1136982 shm_socket_server.cc:101] [aorta][/gdk/camera_conf_request] bind at pipe sock name d2379|python3.10|p1136930|n0|/gdk/camera_conf_request|p1
I0827 00:34:34.114284 1136930 node_impl.cc:198] [aorta]CreatePublisher, host:0.0.0.0, port:41253, sockname:d2379|python3.10|p1136930|n0|/gdk/camera_conf_request|p1, topic:/gdk/camera_conf_request, uid:868b3309-4ca9-47d1-b8fb-5d6fca77974b-9117180461459404870 topic_uid:-1
I0827 00:34:34.114305 1136930 aorta_component.cpp:394] [cosine_internal][AortaComponent] aorta node create publisher. node: python3.10_S1, topic:/gdk/camera_conf_request, type:genie_msgs.msg.pb.CommonRequest, qos:(history:1, depth:5, reliability:1, durability:2), uri:http://10.42.0.101:2379
I0827 00:34:34.114336 1136930 aorta_publisher.cpp:119] [cosine_internal][AortaPublisher] publisher initialize. topic:/gdk/camera_conf_request, uri:
I0827 00:34:34.114342 1136930 publisher.cpp:27] [GDK]create publisher: /gdk/camera_conf_request type: genie_msgs.msg.pb.CommonRequest qos: 1 1 5 2
I0827 00:34:34.114358 1136930 cosine_bus_manager.cpp:400] [cosine_internal][CosineBusManager] create subscriber. topic name:/gdk/config_response , middleware:aorta , need async callback:0, frame_skip_rate:1
I0827 00:34:34.114369 1136930 aorta_component.cpp:174] [cosine_internal][AortaComponent] callback_name:/gdk/config_responsehttp://10.42.0.101:2379
I0827 00:34:34.114439 1136930 dynamic_object.cpp:521] [cosine_internal][DynamicObject] open  success.
I0827 00:34:34.114578 1136930 buffered_data_export.cpp:115] [cosine_internal]successfully create buffer [bus_buffer___gdk__config_response, type genie_msgs.msg.pb.CommonResponse, block num 5, valid_time 0, transfer_type 0, data_size 0, mem_type 0, lib_name , ext_data_size 0, is_protobuf 1, enable_event_sync_subscriber 0], buffer id = 1
I0827 00:34:34.114604 1136930 cosine_bus_message_buffer.cpp:45] [cosine_internal][CosineBusMessageBuffer] create buffer success. name:bus_buffer___gdk__config_response, type:genie_msgs.msg.pb.CommonResponse, size:5
I0827 00:34:34.114719 1136930 node_impl.cc:344] [aorta]CreateSubscriber topic:/gdk/config_response, uid:1cfa51de-9765-49e2-801b-150d898a0847-9533047780102618842 topic_uid:-1
I0827 00:34:34.115262 1136930 aorta_component.cpp:326] [cosine_internal][AortaComponent] aorta node create subscriber. node: python3.10_S1, topic:/gdk/config_response, type:genie_msgs.msg.pb.CommonResponse, qos:(history:1, depth:5, reliability:1, durability:2), uri:http://10.42.0.101:2379
I0827 00:34:34.115278 1136930 aorta_subscriber.hpp:96] [cosine_internal][AortaSubscriber] initial. topic:/gdk/config_response, uri:
I0827 00:34:34.115293 1136930 cosine_bus_manager.cpp:400] [cosine_internal][CosineBusManager] create subscriber. topic name:/gdk/camera_conf_response , middleware:aorta , need async callback:0, frame_skip_rate:1
I0827 00:34:34.115303 1136930 aorta_component.cpp:174] [cosine_internal][AortaComponent] callback_name:/gdk/camera_conf_responsehttp://10.42.0.101:2379
I0827 00:34:34.115352 1136930 buffered_data_export.cpp:115] [cosine_internal]successfully create buffer [bus_buffer___gdk__camera_conf_response, type genie_msgs.msg.pb.CommonResponse, block num 5, valid_time 0, transfer_type 0, data_size 0, mem_type 0, lib_name , ext_data_size 0, is_protobuf 1, enable_event_sync_subscriber 0], buffer id = 2
I0827 00:34:34.115367 1136930 cosine_bus_message_buffer.cpp:45] [cosine_internal][CosineBusMessageBuffer] create buffer success. name:bus_buffer___gdk__camera_conf_response, type:genie_msgs.msg.pb.CommonResponse, size:5
I0827 00:34:34.115437 1136930 node_impl.cc:344] [aorta]CreateSubscriber topic:/gdk/camera_conf_response, uid:f39ad5c0-2d11-4f30-a3e0-4c33c247f7fd-3551884323222435368 topic_uid:-1
I0827 00:34:34.115684 1136967 centralized_discovery.cc:681] [aorta]publisher uid:868b3309-4ca9-47d1-b8fb-5d6fca77974b-9117180461459404870 topic:/gdk/camera_conf_request
I0827 00:34:34.115834 1136930 aorta_component.cpp:326] [cosine_internal][AortaComponent] aorta node create subscriber. node: python3.10_S1, topic:/gdk/camera_conf_response, type:genie_msgs.msg.pb.CommonResponse, qos:(history:1, depth:5, reliability:1, durability:2), uri:http://10.42.0.101:2379
I0827 00:34:34.115847 1136930 aorta_subscriber.hpp:96] [cosine_internal][AortaSubscriber] initial. topic:/gdk/camera_conf_response, uri:
I0827 00:34:34.115928 1136930 cosine_bus_manager.cpp:400] [cosine_internal][CosineBusManager] create subscriber. topic name:/pnc/task_state , middleware:aorta , need async callback:0, frame_skip_rate:1
I0827 00:34:34.115938 1136930 aorta_component.cpp:174] [cosine_internal][AortaComponent] callback_name:/pnc/task_statehttp://10.42.0.101:2379
I0827 00:34:34.116541 1136930 buffered_data_export.cpp:115] [cosine_internal]successfully create buffer [bus_buffer___pnc__task_state, type pnc_msgs.TaskState, block num 5, valid_time 0, transfer_type 0, data_size 0, mem_type 0, lib_name , ext_data_size 0, is_protobuf 1, enable_event_sync_subscriber 0], buffer id = 3
I0827 00:34:34.116565 1136930 cosine_bus_message_buffer.cpp:45] [cosine_internal][CosineBusMessageBuffer] create buffer success. name:bus_buffer___pnc__task_state, type:pnc_msgs.TaskState, size:5
I0827 00:34:34.116675 1136930 node_impl.cc:344] [aorta]CreateSubscriber topic:/pnc/task_state, uid:be514d34-a9d5-48c1-a167-ecef23db4869-9096530589114119892 topic_uid:-1
I0827 00:34:34.117058 1136930 aorta_component.cpp:326] [cosine_internal][AortaComponent] aorta node create subscriber. node: python3.10_S1, topic:/pnc/task_state, type:pnc_msgs.TaskState, qos:(history:1, depth:5, reliability:1, durability:2), uri:http://10.42.0.101:2379
I0827 00:34:34.117070 1136930 aorta_subscriber.hpp:96] [cosine_internal][AortaSubscriber] initial. topic:/pnc/task_state, uri:
I0827 00:34:34.117079 1136967 centralized_discovery.cc:733] [aorta]subscriber uid:1cfa51de-9765-49e2-801b-150d898a0847-9533047780102618842 topic:/gdk/config_response
I0827 00:34:34.117098 1136930 cosine_bus_manager.cpp:400] [cosine_internal][CosineBusManager] create subscriber. topic name:/pnc/task_service/normal_navigation/response , middleware:aorta , need async callback:0, frame_skip_rate:1
I0827 00:34:34.117107 1136930 aorta_component.cpp:174] [cosine_internal][AortaComponent] callback_name:/pnc/task_service/normal_navigation/responsehttp://10.42.0.101:2379
I0827 00:34:34.117156 1136930 buffered_data_export.cpp:115] [cosine_internal]successfully create buffer [bus_buffer___pnc__task_service__normal_navigation__response, type pnc_msgs.NormalNavigationResponse, block num 5, valid_time 0, transfer_type 0, data_size 0, mem_type 0, lib_name , ext_data_size 0, is_protobuf 1, enable_event_sync_subscriber 0], buffer id = 4
I0827 00:34:34.117168 1136930 cosine_bus_message_buffer.cpp:45] [cosine_internal][CosineBusMessageBuffer] create buffer success. name:bus_buffer___pnc__task_service__normal_navigation__response, type:pnc_msgs.NormalNavigationResponse, size:5
I0827 00:34:34.117250 1136930 node_impl.cc:344] [aorta]CreateSubscriber topic:/pnc/task_service/normal_navigation/response, uid:2f9de638-6642-44ae-9757-18e31eb62df7-7227396448010854466 topic_uid:-1
I0827 00:34:34.117636 1136930 aorta_component.cpp:326] [cosine_internal][AortaComponent] aorta node create subscriber. node: python3.10_S1, topic:/pnc/task_service/normal_navigation/response, type:pnc_msgs.NormalNavigationResponse, qos:(history:1, depth:5, reliability:1, durability:2), uri:http://10.42.0.101:2379
I0827 00:34:34.117647 1136930 aorta_subscriber.hpp:96] [cosine_internal][AortaSubscriber] initial. topic:/pnc/task_service/normal_navigation/response, uri:
I0827 00:34:34.117664 1136930 cosine_bus_manager.cpp:400] [cosine_internal][CosineBusManager] create subscriber. topic name:/pnc/task_service/high_precision_navigation/response , middleware:aorta , need async callback:0, frame_skip_rate:1
I0827 00:34:34.117676 1136930 aorta_component.cpp:174] [cosine_internal][AortaComponent] callback_name:/pnc/task_service/high_precision_navigation/responsehttp://10.42.0.101:2379
I0827 00:34:34.117722 1136930 buffered_data_export.cpp:115] [cosine_internal]successfully create buffer [bus_buffer___pnc__task_service__high_precision_navigation__response, type pnc_msgs.HighPrecisionNavigationResponse, block num 5, valid_time 0, transfer_type 0, data_size 0, mem_type 0, lib_name , ext_data_size 0, is_protobuf 1, enable_event_sync_subscriber 0], buffer id = 5
I0827 00:34:34.117738 1136930 cosine_bus_message_buffer.cpp:45] [cosine_internal][CosineBusMessageBuffer] create buffer success. name:bus_buffer___pnc__task_service__high_precision_navigation__response, type:pnc_msgs.HighPrecisionNavigationResponse, size:5
I0827 00:34:34.117833 1136930 node_impl.cc:344] [aorta]CreateSubscriber topic:/pnc/task_service/high_precision_navigation/response, uid:b2deb262-ca6d-460c-b8a9-0409f1073388-4701876173029784314 topic_uid:-1
I0827 00:34:34.118233 1136930 aorta_component.cpp:326] [cosine_internal][AortaComponent] aorta node create subscriber. node: python3.10_S1, topic:/pnc/task_service/high_precision_navigation/response, type:pnc_msgs.HighPrecisionNavigationResponse, qos:(history:1, depth:5, reliability:1, durability:2), uri:http://10.42.0.101:2379
I0827 00:34:34.118247 1136930 aorta_subscriber.hpp:96] [cosine_internal][AortaSubscriber] initial. topic:/pnc/task_service/high_precision_navigation/response, uri:
I0827 00:34:34.118260 1136930 cosine_bus_manager.cpp:400] [cosine_internal][CosineBusManager] create subscriber. topic name:/pnc/task_service/relative_move/response , middleware:aorta , need async callback:0, frame_skip_rate:1
I0827 00:34:34.118268 1136930 aorta_component.cpp:174] [cosine_internal][AortaComponent] callback_name:/pnc/task_service/relative_move/responsehttp://10.42.0.101:2379
I0827 00:34:34.118316 1136930 buffered_data_export.cpp:115] [cosine_internal]successfully create buffer [bus_buffer___pnc__task_service__relative_move__response, type pnc_msgs.RelativeMoveResponse, block num 5, valid_time 0, transfer_type 0, data_size 0, mem_type 0, lib_name , ext_data_size 0, is_protobuf 1, enable_event_sync_subscriber 0], buffer id = 6
I0827 00:34:34.118330 1136930 cosine_bus_message_buffer.cpp:45] [cosine_internal][CosineBusMessageBuffer] create buffer success. name:bus_buffer___pnc__task_service__relative_move__response, type:pnc_msgs.RelativeMoveResponse, size:5
I0827 00:34:34.118409 1136930 node_impl.cc:344] [aorta]CreateSubscriber topic:/pnc/task_service/relative_move/response, uid:dee0bd49-a928-4465-a61f-631676d4709f-4077207897147431090 topic_uid:-1
I0827 00:34:34.118978 1136930 aorta_component.cpp:326] [cosine_internal][AortaComponent] aorta node create subscriber. node: python3.10_S1, topic:/pnc/task_service/relative_move/response, type:pnc_msgs.RelativeMoveResponse, qos:(history:1, depth:5, reliability:1, durability:2), uri:http://10.42.0.101:2379
I0827 00:34:34.118991 1136930 aorta_subscriber.hpp:96] [cosine_internal][AortaSubscriber] initial. topic:/pnc/task_service/relative_move/response, uri:
I0827 00:34:34.119014 1136930 cosine_bus_manager.cpp:400] [cosine_internal][CosineBusManager] create subscriber. topic name:/pnc/task_service/task_cancel/response , middleware:aorta , need async callback:0, frame_skip_rate:1
I0827 00:34:34.119024 1136930 aorta_component.cpp:174] [cosine_internal][AortaComponent] callback_name:/pnc/task_service/task_cancel/responsehttp://10.42.0.101:2379
I0827 00:34:34.119067 1136930 buffered_data_export.cpp:115] [cosine_internal]successfully create buffer [bus_buffer___pnc__task_service__task_cancel__response, type pnc_msgs.TaskCancelResponse, block num 5, valid_time 0, transfer_type 0, data_size 0, mem_type 0, lib_name , ext_data_size 0, is_protobuf 1, enable_event_sync_subscriber 0], buffer id = 7
I0827 00:34:34.119081 1136930 cosine_bus_message_buffer.cpp:45] [cosine_internal][CosineBusMessageBuffer] create buffer success. name:bus_buffer___pnc__task_service__task_cancel__response, type:pnc_msgs.TaskCancelResponse, size:5
I0827 00:34:34.119161 1136930 node_impl.cc:344] [aorta]CreateSubscriber topic:/pnc/task_service/task_cancel/response, uid:f42b993e-3f9a-4be9-a7ac-c65b3b6a8624-3654631836754090917 topic_uid:-1
I0827 00:34:34.119376 1136983 shm_subscriber.cc:120] [aorta]subscriber connect to publisher success, topic /gdk/config_response, local d2379|python3.10|p1136930|n0|s0|c0, peer d2379|gdk_service|p9011|n0|/gdk/config_response|p0
I0827 00:34:34.119534 1136967 centralized_discovery.cc:733] [aorta]subscriber uid:f39ad5c0-2d11-4f30-a3e0-4c33c247f7fd-3551884323222435368 topic:/gdk/camera_conf_response
I0827 00:34:34.119568 1136930 aorta_component.cpp:326] [cosine_internal][AortaComponent] aorta node create subscriber. node: python3.10_S1, topic:/pnc/task_service/task_cancel/response, type:pnc_msgs.TaskCancelResponse, qos:(history:1, depth:5, reliability:1, durability:2), uri:http://10.42.0.101:2379
I0827 00:34:34.119580 1136930 aorta_subscriber.hpp:96] [cosine_internal][AortaSubscriber] initial. topic:/pnc/task_service/task_cancel/response, uri:
I0827 00:34:34.119599 1136930 cosine_bus_manager.cpp:400] [cosine_internal][CosineBusManager] create subscriber. topic name:/pnc/task_service/task_pause/response , middleware:aorta , need async callback:0, frame_skip_rate:1
I0827 00:34:34.119606 1136930 aorta_component.cpp:174] [cosine_internal][AortaComponent] callback_name:/pnc/task_service/task_pause/responsehttp://10.42.0.101:2379
I0827 00:34:34.119645 1136930 buffered_data_export.cpp:115] [cosine_internal]successfully create buffer [bus_buffer___pnc__task_service__task_pause__response, type pnc_msgs.TaskPauseResponse, block num 5, valid_time 0, transfer_type 0, data_size 0, mem_type 0, lib_name , ext_data_size 0, is_protobuf 1, enable_event_sync_subscriber 0], buffer id = 8
I0827 00:34:34.119657 1136930 cosine_bus_message_buffer.cpp:45] [cosine_internal][CosineBusMessageBuffer] create buffer success. name:bus_buffer___pnc__task_service__task_pause__response, type:pnc_msgs.TaskPauseResponse, size:5
I0827 00:34:34.119728 1136930 node_impl.cc:344] [aorta]CreateSubscriber topic:/pnc/task_service/task_pause/response, uid:e4735807-77f7-4b3d-8621-d9c8ab61f14d-4995236092065324733 topic_uid:-1
I0827 00:34:34.120177 1136930 aorta_component.cpp:326] [cosine_internal][AortaComponent] aorta node create subscriber. node: python3.10_S1, topic:/pnc/task_service/task_pause/response, type:pnc_msgs.TaskPauseResponse, qos:(history:1, depth:5, reliability:1, durability:2), uri:http://10.42.0.101:2379
I0827 00:34:34.120195 1136930 aorta_subscriber.hpp:96] [cosine_internal][AortaSubscriber] initial. topic:/pnc/task_service/task_pause/response, uri:
I0827 00:34:34.120213 1136930 cosine_bus_manager.cpp:400] [cosine_internal][CosineBusManager] create subscriber. topic name:/pnc/task_service/task_resume/response , middleware:aorta , need async callback:0, frame_skip_rate:1
I0827 00:34:34.120221 1136930 aorta_component.cpp:174] [cosine_internal][AortaComponent] callback_name:/pnc/task_service/task_resume/responsehttp://10.42.0.101:2379
I0827 00:34:34.120289 1136930 buffered_data_export.cpp:115] [cosine_internal]successfully create buffer [bus_buffer___pnc__task_service__task_resume__response, type pnc_msgs.TaskResumeResponse, block num 5, valid_time 0, transfer_type 0, data_size 0, mem_type 0, lib_name , ext_data_size 0, is_protobuf 1, enable_event_sync_subscriber 0], buffer id = 9
I0827 00:34:34.120306 1136930 cosine_bus_message_buffer.cpp:45] [cosine_internal][CosineBusMessageBuffer] create buffer success. name:bus_buffer___pnc__task_service__task_resume__response, type:pnc_msgs.TaskResumeResponse, size:5
I0827 00:34:34.120390 1136930 node_impl.cc:344] [aorta]CreateSubscriber topic:/pnc/task_service/task_resume/response, uid:4c8a1d90-03d6-458e-b75d-5d47b7a31fde-16859347558940246081 topic_uid:-1
I0827 00:34:34.120786 1136983 shm_subscriber.cc:120] [aorta]subscriber connect to publisher success, topic /gdk/camera_conf_response, local d2379|python3.10|p1136930|n0|s1|c0, peer d2379|gdk_service|p9011|n0|/gdk/camera_conf_response|p1
I0827 00:34:34.120791 1136930 aorta_component.cpp:326] [cosine_internal][AortaComponent] aorta node create subscriber. node: python3.10_S1, topic:/pnc/task_service/task_resume/response, type:pnc_msgs.TaskResumeResponse, qos:(history:1, depth:5, reliability:1, durability:2), uri:http://10.42.0.101:2379
I0827 00:34:34.120806 1136930 aorta_subscriber.hpp:96] [cosine_internal][AortaSubscriber] initial. topic:/pnc/task_service/task_resume/response, uri:
I0827 00:34:34.120822 1136930 cosine_bus_manager.cpp:400] [cosine_internal][CosineBusManager] create subscriber. topic name:/pnc/task_service/remote_control/response , middleware:aorta , need async callback:0, frame_skip_rate:1
I0827 00:34:34.120831 1136930 aorta_component.cpp:174] [cosine_internal][AortaComponent] callback_name:/pnc/task_service/remote_control/responsehttp://10.42.0.101:2379
I0827 00:34:34.120847 1136967 centralized_discovery.cc:733] [aorta]subscriber uid:be514d34-a9d5-48c1-a167-ecef23db4869-9096530589114119892 topic:/pnc/task_state
I0827 00:34:34.120877 1136930 buffered_data_export.cpp:115] [cosine_internal]successfully create buffer [bus_buffer___pnc__task_service__remote_control__response, type pnc_msgs.RemoteControlResponse, block num 5, valid_time 0, transfer_type 0, data_size 0, mem_type 0, lib_name , ext_data_size 0, is_protobuf 1, enable_event_sync_subscriber 0], buffer id = 10
I0827 00:34:34.120893 1136930 cosine_bus_message_buffer.cpp:45] [cosine_internal][CosineBusMessageBuffer] create buffer success. name:bus_buffer___pnc__task_service__remote_control__response, type:pnc_msgs.RemoteControlResponse, size:5
I0827 00:34:34.120965 1136930 node_impl.cc:344] [aorta]CreateSubscriber topic:/pnc/task_service/remote_control/response, uid:4dcaa6a1-273e-4abe-b856-194ee77b43b0-11583863028842959166 topic_uid:-1
I0827 00:34:34.121389 1136930 aorta_component.cpp:326] [cosine_internal][AortaComponent] aorta node create subscriber. node: python3.10_S1, topic:/pnc/task_service/remote_control/response, type:pnc_msgs.RemoteControlResponse, qos:(history:1, depth:5, reliability:1, durability:2), uri:http://10.42.0.101:2379
I0827 00:34:34.121408 1136930 aorta_subscriber.hpp:96] [cosine_internal][AortaSubscriber] initial. topic:/pnc/task_service/remote_control/response, uri:
I0827 00:34:34.121438 1136930 cosine_bus_manager.cpp:294] [cosine_internal][CosineBusManager] create publisher. topic name:/pnc/task_service/normal_navigation/request , middleware:aorta
I0827 00:34:34.121685 1136983 shm_subscriber.cc:120] [aorta]subscriber connect to publisher success, topic /pnc/task_state, local d2379|python3.10|p1136930|n0|s2|c0, peer d2379|quark_navigation|p329956|n0|/pnc/task_state|p24
I0827 00:34:34.121743 1136967 centralized_discovery.cc:733] [aorta]subscriber uid:2f9de638-6642-44ae-9757-18e31eb62df7-7227396448010854466 topic:/pnc/task_service/normal_navigation/response
I0827 00:34:34.121896 1136930 tcp_publisher.cc:179] [aorta]topic /pnc/task_service/normal_navigation/request, pub_queue_size_ 5, latch_queue_size_ 0
I0827 00:34:34.121987 1136982 tcp_socket_server.cc:200] [aorta]The ip info is0.0.0.0:40153
I0827 00:34:34.122081 1136982 shm_socket_server.cc:101] [aorta][/pnc/task_service/normal_navigation/request] bind at pipe sock name d2379|python3.10|p1136930|n0|..task_service/normal_navigation/request|p2
I0827 00:34:34.122169 1136930 node_impl.cc:198] [aorta]CreatePublisher, host:0.0.0.0, port:40153, sockname:d2379|python3.10|p1136930|n0|..task_service/normal_navigation/request|p2, topic:/pnc/task_service/normal_navigation/request, uid:934702a0-f3fd-480f-93fa-048800e18c78-11863888217293896894 topic_uid:-1
I0827 00:34:34.122192 1136930 aorta_component.cpp:394] [cosine_internal][AortaComponent] aorta node create publisher. node: python3.10_S1, topic:/pnc/task_service/normal_navigation/request, type:pnc_msgs.NormalNavigationRequest, qos:(history:1, depth:5, reliability:1, durability:2), uri:http://10.42.0.101:2379
I0827 00:34:34.122231 1136930 aorta_publisher.cpp:119] [cosine_internal][AortaPublisher] publisher initialize. topic:/pnc/task_service/normal_navigation/request, uri:
I0827 00:34:34.122241 1136930 publisher.cpp:27] [GDK]create publisher: /pnc/task_service/normal_navigation/request type: pnc_msgs.NormalNavigationRequest qos: 1 1 5 2
I0827 00:34:34.122282 1136930 cosine_bus_manager.cpp:294] [cosine_internal][CosineBusManager] create publisher. topic name:/pnc/task_service/high_precision_navigation/request , middleware:aorta
I0827 00:34:34.122870 1136930 tcp_publisher.cc:179] [aorta]topic /pnc/task_service/high_precision_navigation/request, pub_queue_size_ 5, latch_queue_size_ 0
I0827 00:34:34.122979 1136982 tcp_socket_server.cc:200] [aorta]The ip info is0.0.0.0:41767
I0827 00:34:34.123097 1136983 shm_subscriber.cc:120] [aorta]subscriber connect to publisher success, topic /pnc/task_service/normal_navigation/response, local d2379|python3.10|p1136930|n0|s3|c0, peer d2379|quark_navigation|p329956|n0|..ask_service/normal_navigation/response|p11
I0827 00:34:34.123113 1136982 shm_socket_server.cc:101] [aorta][/pnc/task_service/high_precision_navigation/request] bind at pipe sock name d2379|python3.10|p1136930|n0|..vice/high_precision_navigation/request|p3
I0827 00:34:34.123165 1136967 centralized_discovery.cc:733] [aorta]subscriber uid:b2deb262-ca6d-460c-b8a9-0409f1073388-4701876173029784314 topic:/pnc/task_service/high_precision_navigation/response
I0827 00:34:34.123196 1136930 node_impl.cc:198] [aorta]CreatePublisher, host:0.0.0.0, port:41767, sockname:d2379|python3.10|p1136930|n0|..vice/high_precision_navigation/request|p3, topic:/pnc/task_service/high_precision_navigation/request, uid:d686061f-d5e1-41d6-8b40-029a90f49bb7-13581583299462652003 topic_uid:-1
I0827 00:34:34.123219 1136930 aorta_component.cpp:394] [cosine_internal][AortaComponent] aorta node create publisher. node: python3.10_S1, topic:/pnc/task_service/high_precision_navigation/request, type:pnc_msgs.HighPrecisionNavigationRequest, qos:(history:1, depth:5, reliability:1, durability:2), uri:http://10.42.0.101:2379
I0827 00:34:34.123253 1136930 aorta_publisher.cpp:119] [cosine_internal][AortaPublisher] publisher initialize. topic:/pnc/task_service/high_precision_navigation/request, uri:
I0827 00:34:34.123262 1136930 publisher.cpp:27] [GDK]create publisher: /pnc/task_service/high_precision_navigation/request type: pnc_msgs.HighPrecisionNavigationRequest qos: 1 1 5 2
I0827 00:34:34.123286 1136930 cosine_bus_manager.cpp:294] [cosine_internal][CosineBusManager] create publisher. topic name:/pnc/task_service/relative_move/request , middleware:aorta
I0827 00:34:34.123713 1136930 tcp_publisher.cc:179] [aorta]topic /pnc/task_service/relative_move/request, pub_queue_size_ 5, latch_queue_size_ 0
I0827 00:34:34.123802 1136982 tcp_socket_server.cc:200] [aorta]The ip info is0.0.0.0:38399
I0827 00:34:34.123895 1136982 shm_socket_server.cc:101] [aorta][/pnc/task_service/relative_move/request] bind at pipe sock name d2379|python3.10|p1136930|n0|/pnc/task_service/relative_move/request|p4
I0827 00:34:34.123955 1136930 node_impl.cc:198] [aorta]CreatePublisher, host:0.0.0.0, port:38399, sockname:d2379|python3.10|p1136930|n0|/pnc/task_service/relative_move/request|p4, topic:/pnc/task_service/relative_move/request, uid:56b20b0e-65db-450e-b8e5-5387b37c089f-1499998713038698463 topic_uid:-1
I0827 00:34:34.123971 1136930 aorta_component.cpp:394] [cosine_internal][AortaComponent] aorta node create publisher. node: python3.10_S1, topic:/pnc/task_service/relative_move/request, type:pnc_msgs.RelativeMoveRequest, qos:(history:1, depth:5, reliability:1, durability:2), uri:http://10.42.0.101:2379
I0827 00:34:34.124007 1136930 aorta_publisher.cpp:119] [cosine_internal][AortaPublisher] publisher initialize. topic:/pnc/task_service/relative_move/request, uri:
I0827 00:34:34.124013 1136930 publisher.cpp:27] [GDK]create publisher: /pnc/task_service/relative_move/request type: pnc_msgs.RelativeMoveRequest qos: 1 1 5 2
I0827 00:34:34.124027 1136930 cosine_bus_manager.cpp:294] [cosine_internal][CosineBusManager] create publisher. topic name:/pnc/task_service/task_cancel/request , middleware:aorta
I0827 00:34:34.124367 1136983 shm_subscriber.cc:120] [aorta]subscriber connect to publisher success, topic /pnc/task_service/high_precision_navigation/response, local d2379|python3.10|p1136930|n0|s4|c0, peer d2379|quark_navigation|p329956|n0|..ice/high_precision_navigation/response|p12
I0827 00:34:34.124423 1136967 centralized_discovery.cc:733] [aorta]subscriber uid:dee0bd49-a928-4465-a61f-631676d4709f-4077207897147431090 topic:/pnc/task_service/relative_move/response
I0827 00:34:34.124446 1136930 tcp_publisher.cc:179] [aorta]topic /pnc/task_service/task_cancel/request, pub_queue_size_ 5, latch_queue_size_ 0
I0827 00:34:34.124523 1136982 tcp_socket_server.cc:200] [aorta]The ip info is0.0.0.0:38301
I0827 00:34:34.124607 1136982 shm_socket_server.cc:101] [aorta][/pnc/task_service/task_cancel/request] bind at pipe sock name d2379|python3.10|p1136930|n0|/pnc/task_service/task_cancel/request|p5
I0827 00:34:34.124676 1136930 node_impl.cc:198] [aorta]CreatePublisher, host:0.0.0.0, port:38301, sockname:d2379|python3.10|p1136930|n0|/pnc/task_service/task_cancel/request|p5, topic:/pnc/task_service/task_cancel/request, uid:76a9b790-ccf8-4ca2-8760-24b8347e8499-10250913672907467700 topic_uid:-1
I0827 00:34:34.124697 1136930 aorta_component.cpp:394] [cosine_internal][AortaComponent] aorta node create publisher. node: python3.10_S1, topic:/pnc/task_service/task_cancel/request, type:pnc_msgs.TaskCancelRequest, qos:(history:1, depth:5, reliability:1, durability:2), uri:http://10.42.0.101:2379
I0827 00:34:34.124729 1136930 aorta_publisher.cpp:119] [cosine_internal][AortaPublisher] publisher initialize. topic:/pnc/task_service/task_cancel/request, uri:
I0827 00:34:34.124738 1136930 publisher.cpp:27] [GDK]create publisher: /pnc/task_service/task_cancel/request type: pnc_msgs.TaskCancelRequest qos: 1 1 5 2
I0827 00:34:34.124759 1136930 cosine_bus_manager.cpp:294] [cosine_internal][CosineBusManager] create publisher. topic name:/pnc/task_service/task_pause/request , middleware:aorta
I0827 00:34:34.125178 1136930 tcp_publisher.cc:179] [aorta]topic /pnc/task_service/task_pause/request, pub_queue_size_ 5, latch_queue_size_ 0
I0827 00:34:34.125296 1136982 tcp_socket_server.cc:200] [aorta]The ip info is0.0.0.0:45969
I0827 00:34:34.125406 1136982 shm_socket_server.cc:101] [aorta][/pnc/task_service/task_pause/request] bind at pipe sock name d2379|python3.10|p1136930|n0|/pnc/task_service/task_pause/request|p6
I0827 00:34:34.125530 1136930 node_impl.cc:198] [aorta]CreatePublisher, host:0.0.0.0, port:45969, sockname:d2379|python3.10|p1136930|n0|/pnc/task_service/task_pause/request|p6, topic:/pnc/task_service/task_pause/request, uid:20efa188-9d68-4558-b0d6-e609b6135435-2366368184012060648 topic_uid:-1
I0827 00:34:34.125556 1136930 aorta_component.cpp:394] [cosine_internal][AortaComponent] aorta node create publisher. node: python3.10_S1, topic:/pnc/task_service/task_pause/request, type:pnc_msgs.TaskPauseRequest, qos:(history:1, depth:5, reliability:1, durability:2), uri:http://10.42.0.101:2379
I0827 00:34:34.125587 1136930 aorta_publisher.cpp:119] [cosine_internal][AortaPublisher] publisher initialize. topic:/pnc/task_service/task_pause/request, uri:
I0827 00:34:34.125595 1136930 publisher.cpp:27] [GDK]create publisher: /pnc/task_service/task_pause/request type: pnc_msgs.TaskPauseRequest qos: 1 1 5 2
I0827 00:34:34.125612 1136930 cosine_bus_manager.cpp:294] [cosine_internal][CosineBusManager] create publisher. topic name:/pnc/task_service/task_resume/request , middleware:aorta
I0827 00:34:34.125627 1136983 shm_subscriber.cc:120] [aorta]subscriber connect to publisher success, topic /pnc/task_service/relative_move/response, local d2379|python3.10|p1136930|n0|s5|c0, peer d2379|quark_navigation|p329956|n0|/pnc/task_service/relative_move/response|p15
I0827 00:34:34.125741 1136967 centralized_discovery.cc:733] [aorta]subscriber uid:f42b993e-3f9a-4be9-a7ac-c65b3b6a8624-3654631836754090917 topic:/pnc/task_service/task_cancel/response
I0827 00:34:34.126034 1136930 tcp_publisher.cc:179] [aorta]topic /pnc/task_service/task_resume/request, pub_queue_size_ 5, latch_queue_size_ 0
I0827 00:34:34.126114 1136982 tcp_socket_server.cc:200] [aorta]The ip info is0.0.0.0:41137
I0827 00:34:34.126288 1136982 shm_socket_server.cc:101] [aorta][/pnc/task_service/task_resume/request] bind at pipe sock name d2379|python3.10|p1136930|n0|/pnc/task_service/task_resume/request|p7
I0827 00:34:34.126369 1136930 node_impl.cc:198] [aorta]CreatePublisher, host:0.0.0.0, port:41137, sockname:d2379|python3.10|p1136930|n0|/pnc/task_service/task_resume/request|p7, topic:/pnc/task_service/task_resume/request, uid:0f92f115-8b5f-4a19-b479-0a32e84fb7f8-18204958959141007063 topic_uid:-1
I0827 00:34:34.126395 1136930 aorta_component.cpp:394] [cosine_internal][AortaComponent] aorta node create publisher. node: python3.10_S1, topic:/pnc/task_service/task_resume/request, type:pnc_msgs.TaskResumeRequest, qos:(history:1, depth:5, reliability:1, durability:2), uri:http://10.42.0.101:2379
I0827 00:34:34.126431 1136930 aorta_publisher.cpp:119] [cosine_internal][AortaPublisher] publisher initialize. topic:/pnc/task_service/task_resume/request, uri:
I0827 00:34:34.126439 1136930 publisher.cpp:27] [GDK]create publisher: /pnc/task_service/task_resume/request type: pnc_msgs.TaskResumeRequest qos: 1 1 5 2
I0827 00:34:34.126571 1136930 cosine_bus_manager.cpp:294] [cosine_internal][CosineBusManager] create publisher. topic name:/pnc/remote_control_cmd , middleware:aorta
I0827 00:34:34.127028 1136930 tcp_publisher.cc:179] [aorta]topic /pnc/remote_control_cmd, pub_queue_size_ 5, latch_queue_size_ 0
I0827 00:34:34.127090 1136982 tcp_socket_server.cc:200] [aorta]The ip info is0.0.0.0:35519
I0827 00:34:34.127154 1136982 shm_socket_server.cc:101] [aorta][/pnc/remote_control_cmd] bind at pipe sock name d2379|python3.10|p1136930|n0|/pnc/remote_control_cmd|p8
I0827 00:34:34.127214 1136930 node_impl.cc:198] [aorta]CreatePublisher, host:0.0.0.0, port:35519, sockname:d2379|python3.10|p1136930|n0|/pnc/remote_control_cmd|p8, topic:/pnc/remote_control_cmd, uid:33a70368-7b00-4fc4-a9ac-6ba49d174ed8-2921114360754287628 topic_uid:-1
I0827 00:34:34.127233 1136930 aorta_component.cpp:394] [cosine_internal][AortaComponent] aorta node create publisher. node: python3.10_S1, topic:/pnc/remote_control_cmd, type:geometry_msgs.msg.pb.TwistStamped, qos:(history:1, depth:5, reliability:1, durability:2), uri:http://10.42.0.101:2379
I0827 00:34:34.127264 1136930 aorta_publisher.cpp:119] [cosine_internal][AortaPublisher] publisher initialize. topic:/pnc/remote_control_cmd, uri:
I0827 00:34:34.127269 1136930 publisher.cpp:27] [GDK]create publisher: /pnc/remote_control_cmd type: geometry_msgs.msg.pb.TwistStamped qos: 1 1 5 2
I0827 00:34:34.127285 1136930 cosine_bus_manager.cpp:294] [cosine_internal][CosineBusManager] create publisher. topic name:/pnc/task_service/remote_control/request , middleware:aorta
I0827 00:34:34.127743 1136983 shm_subscriber.cc:120] [aorta]subscriber connect to publisher success, topic /pnc/task_service/task_cancel/response, local d2379|python3.10|p1136930|n0|s6|c0, peer d2379|quark_navigation|p329956|n0|/pnc/task_service/task_cancel/response|p17
I0827 00:34:34.127823 1136967 centralized_discovery.cc:733] [aorta]subscriber uid:e4735807-77f7-4b3d-8621-d9c8ab61f14d-4995236092065324733 topic:/pnc/task_service/task_pause/response
I0827 00:34:34.127895 1136930 tcp_publisher.cc:179] [aorta]topic /pnc/task_service/remote_control/request, pub_queue_size_ 5, latch_queue_size_ 0
I0827 00:34:34.127972 1136982 tcp_socket_server.cc:200] [aorta]The ip info is0.0.0.0:42689
I0827 00:34:34.128039 1136982 shm_socket_server.cc:101] [aorta][/pnc/task_service/remote_control/request] bind at pipe sock name d2379|python3.10|p1136930|n0|/pnc/task_service/remote_control/request|p9
I0827 00:34:34.128175 1136930 node_impl.cc:198] [aorta]CreatePublisher, host:0.0.0.0, port:42689, sockname:d2379|python3.10|p1136930|n0|/pnc/task_service/remote_control/request|p9, topic:/pnc/task_service/remote_control/request, uid:0ac1fecb-3ab4-48fc-8e02-63f0ed0e44a3-10398465225129759782 topic_uid:-1
I0827 00:34:34.128204 1136930 aorta_component.cpp:394] [cosine_internal][AortaComponent] aorta node create publisher. node: python3.10_S1, topic:/pnc/task_service/remote_control/request, type:pnc_msgs.RemoteControlRequest, qos:(history:1, depth:5, reliability:1, durability:2), uri:http://10.42.0.101:2379
I0827 00:34:34.128243 1136930 aorta_publisher.cpp:119] [cosine_internal][AortaPublisher] publisher initialize. topic:/pnc/task_service/remote_control/request, uri:
I0827 00:34:34.128254 1136930 publisher.cpp:27] [GDK]create publisher: /pnc/task_service/remote_control/request type: pnc_msgs.RemoteControlRequest qos: 1 1 5 2
I0827 00:34:34.128340 1136930 cosine_bus_manager.cpp:400] [cosine_internal][CosineBusManager] create subscriber. topic name:/slam/odom , middleware:aorta , need async callback:0, frame_skip_rate:1
I0827 00:34:34.128352 1136930 aorta_component.cpp:174] [cosine_internal][AortaComponent] callback_name:/slam/odomhttp://10.42.0.101:2379
I0827 00:34:34.128623 1136930 buffered_data_export.cpp:115] [cosine_internal]successfully create buffer [bus_buffer___slam__odom, type genie_msgs.msg.pb.OdomInfo, block num 5, valid_time 0, transfer_type 0, data_size 0, mem_type 0, lib_name , ext_data_size 0, is_protobuf 1, enable_event_sync_subscriber 0], buffer id = 11
I0827 00:34:34.128649 1136930 cosine_bus_message_buffer.cpp:45] [cosine_internal][CosineBusMessageBuffer] create buffer success. name:bus_buffer___slam__odom, type:genie_msgs.msg.pb.OdomInfo, size:5
I0827 00:34:34.128744 1136930 node_impl.cc:344] [aorta]CreateSubscriber topic:/slam/odom, uid:25c020ee-c80d-4183-9d15-0c4c38d9a030-8164318257426434522 topic_uid:-1
I0827 00:34:34.129076 1136983 shm_subscriber.cc:120] [aorta]subscriber connect to publisher success, topic /pnc/task_service/task_pause/response, local d2379|python3.10|p1136930|n0|s7|c0, peer d2379|quark_navigation|p329956|n0|/pnc/task_service/task_pause/response|p18
I0827 00:34:34.129145 1136967 centralized_discovery.cc:733] [aorta]subscriber uid:4c8a1d90-03d6-458e-b75d-5d47b7a31fde-16859347558940246081 topic:/pnc/task_service/task_resume/response
I0827 00:34:34.129154 1136930 aorta_component.cpp:326] [cosine_internal][AortaComponent] aorta node create subscriber. node: python3.10_S1, topic:/slam/odom, type:genie_msgs.msg.pb.OdomInfo, qos:(history:1, depth:5, reliability:1, durability:2), uri:http://10.42.0.101:2379
I0827 00:34:34.129168 1136930 aorta_subscriber.hpp:96] [cosine_internal][AortaSubscriber] initial. topic:/slam/odom, uri:
I0827 00:34:34.129184 1136930 cosine_bus_manager.cpp:400] [cosine_internal][CosineBusManager] create subscriber. topic name:/slam/state , middleware:aorta , need async callback:0, frame_skip_rate:1
I0827 00:34:34.129190 1136930 aorta_component.cpp:174] [cosine_internal][AortaComponent] callback_name:/slam/statehttp://10.42.0.101:2379
I0827 00:34:34.129247 1136930 buffered_data_export.cpp:115] [cosine_internal]successfully create buffer [bus_buffer___slam__state, type genie_msgs.msg.pb.CommonResponse, block num 5, valid_time 0, transfer_type 0, data_size 0, mem_type 0, lib_name , ext_data_size 0, is_protobuf 1, enable_event_sync_subscriber 0], buffer id = 12
I0827 00:34:34.129261 1136930 cosine_bus_message_buffer.cpp:45] [cosine_internal][CosineBusMessageBuffer] create buffer success. name:bus_buffer___slam__state, type:genie_msgs.msg.pb.CommonResponse, size:5
I0827 00:34:34.129335 1136930 node_impl.cc:344] [aorta]CreateSubscriber topic:/slam/state, uid:ea5155ab-9e91-4d14-a6f7-20cb56121a29-7791362299214773660 topic_uid:-1
I0827 00:34:34.129765 1136930 aorta_component.cpp:326] [cosine_internal][AortaComponent] aorta node create subscriber. node: python3.10_S1, topic:/slam/state, type:genie_msgs.msg.pb.CommonResponse, qos:(history:1, depth:5, reliability:1, durability:2), uri:http://10.42.0.101:2379
I0827 00:34:34.129776 1136930 aorta_subscriber.hpp:96] [cosine_internal][AortaSubscriber] initial. topic:/slam/state, uri:
I0827 00:34:34.129788 1136930 cosine_bus_manager.cpp:400] [cosine_internal][CosineBusManager] create subscriber. topic name:/slam/mapping_response , middleware:aorta , need async callback:0, frame_skip_rate:1
I0827 00:34:34.129796 1136930 aorta_component.cpp:174] [cosine_internal][AortaComponent] callback_name:/slam/mapping_responsehttp://10.42.0.101:2379
I0827 00:34:34.129828 1136930 buffered_data_export.cpp:115] [cosine_internal]successfully create buffer [bus_buffer___slam__mapping_response, type genie_msgs.msg.pb.CommonResponse, block num 5, valid_time 0, transfer_type 0, data_size 0, mem_type 0, lib_name , ext_data_size 0, is_protobuf 1, enable_event_sync_subscriber 0], buffer id = 13
I0827 00:34:34.129840 1136930 cosine_bus_message_buffer.cpp:45] [cosine_internal][CosineBusMessageBuffer] create buffer success. name:bus_buffer___slam__mapping_response, type:genie_msgs.msg.pb.CommonResponse, size:5
I0827 00:34:34.129910 1136930 node_impl.cc:344] [aorta]CreateSubscriber topic:/slam/mapping_response, uid:da7930be-ae8b-4a85-aa92-65ca4000de21-3136143855590244141 topic_uid:-1
I0827 00:34:34.130163 1136983 shm_subscriber.cc:120] [aorta]subscriber connect to publisher success, topic /pnc/task_service/task_resume/response, local d2379|python3.10|p1136930|n0|s8|c0, peer d2379|quark_navigation|p329956|n0|/pnc/task_service/task_resume/response|p19
I0827 00:34:34.130293 1136930 aorta_component.cpp:326] [cosine_internal][AortaComponent] aorta node create subscriber. node: python3.10_S1, topic:/slam/mapping_response, type:genie_msgs.msg.pb.CommonResponse, qos:(history:1, depth:5, reliability:1, durability:2), uri:http://10.42.0.101:2379
I0827 00:34:34.130304 1136930 aorta_subscriber.hpp:96] [cosine_internal][AortaSubscriber] initial. topic:/slam/mapping_response, uri:
I0827 00:34:34.130316 1136930 cosine_bus_manager.cpp:400] [cosine_internal][CosineBusManager] create subscriber. topic name:/slam/record_spec_loc_rsp , middleware:aorta , need async callback:0, frame_skip_rate:1
I0827 00:34:34.130321 1136930 aorta_component.cpp:174] [cosine_internal][AortaComponent] callback_name:/slam/record_spec_loc_rsphttp://10.42.0.101:2379
I0827 00:34:34.130328 1136967 centralized_discovery.cc:733] [aorta]subscriber uid:4dcaa6a1-273e-4abe-b856-194ee77b43b0-11583863028842959166 topic:/pnc/task_service/remote_control/response
I0827 00:34:34.130353 1136930 buffered_data_export.cpp:115] [cosine_internal]successfully create buffer [bus_buffer___slam__record_spec_loc_rsp, type genie_msgs.msg.pb.CommonResponse, block num 5, valid_time 0, transfer_type 0, data_size 0, mem_type 0, lib_name , ext_data_size 0, is_protobuf 1, enable_event_sync_subscriber 0], buffer id = 14
I0827 00:34:34.130373 1136930 cosine_bus_message_buffer.cpp:45] [cosine_internal][CosineBusMessageBuffer] create buffer success. name:bus_buffer___slam__record_spec_loc_rsp, type:genie_msgs.msg.pb.CommonResponse, size:5
I0827 00:34:34.130443 1136930 node_impl.cc:344] [aorta]CreateSubscriber topic:/slam/record_spec_loc_rsp, uid:fc7c965e-c0a5-41f0-86d6-b35adba08c62-16786186340696970127 topic_uid:-1
I0827 00:34:34.130993 1136930 aorta_component.cpp:326] [cosine_internal][AortaComponent] aorta node create subscriber. node: python3.10_S1, topic:/slam/record_spec_loc_rsp, type:genie_msgs.msg.pb.CommonResponse, qos:(history:1, depth:5, reliability:1, durability:2), uri:http://10.42.0.101:2379
I0827 00:34:34.131008 1136930 aorta_subscriber.hpp:96] [cosine_internal][AortaSubscriber] initial. topic:/slam/record_spec_loc_rsp, uri:
I0827 00:34:34.131033 1136930 cosine_bus_manager.cpp:294] [cosine_internal][CosineBusManager] create publisher. topic name:/slam/mapping_request , middleware:aorta
I0827 00:34:34.131435 1136930 tcp_publisher.cc:179] [aorta]topic /slam/mapping_request, pub_queue_size_ 5, latch_queue_size_ 0
I0827 00:34:34.131506 1136983 shm_subscriber.cc:120] [aorta]subscriber connect to publisher success, topic /pnc/task_service/remote_control/response, local d2379|python3.10|p1136930|n0|s9|c0, peer d2379|quark_navigation|p329956|n0|..c/task_service/remote_control/response|p16
I0827 00:34:34.131533 1136982 tcp_socket_server.cc:200] [aorta]The ip info is0.0.0.0:33793
