Log file created at: 2025/08/26 23:55:59
Running on machine: G2
Log line format: [IWEF]mmdd hh:mm:ss.uuuuuu threadid file:line] msg
I0826 23:55:59.105201 532358 dylog_impl.cpp:641] [DYLOG] set dylog default level to INFO
I0826 23:55:59.105291 532358 dylog_impl.cpp:690] [DYLOG] soc num : R2
I0826 23:55:59.105305 532358 dylog_impl.cpp:695] [DYLOG] can't read scene_mode, use sud
W0826 23:55:59.105333 532358 dylog_impl.cpp:757] [DYLOG] can't find available json config file with path : /home/agi/app/conf/scene_server/dylog_sud_default.json, use default.
I0826 23:55:59.105465 532358 dylog_impl.cpp:293] [DYLOG] register dsd_name : dylog/python3.10/cosine_internal
I0826 23:55:59.109020 532358 cosine_bus_manager.cpp:88] [cosine_internal][CosineBusManager] cosine bus config path not set, use default config.
I0826 23:55:59.109066 532358 cosine_bus_manager.cpp:118] [cosine_internal][CosineBusManager] initial cosine_bus_config:
I0826 23:55:59.110522 532358 cosine_bus_global_sync.cpp:30] [cosine_internal][BusGlobalSync] set default middleware name:aorta
I0826 23:55:59.110562 532358 scheduler_classic.cpp:28] [cosine_internal]Proc number set to be: 1
I0826 23:55:59.111775 532358 dynamic_object.cpp:521] [cosine_internal][DynamicObject] open libdynamic_aorta.so success.
I0826 23:55:59.111964 532358 dynamic_object.cpp:581] [cosine_internal][DynamicObject] Successfully enumerated 57 symbols in libdynamic_aorta.so
I0826 23:55:59.111975 532358 resource_loader.cpp:13] [cosine_internal][ResourceLoader] Attempting to load function: aorta_get_object
I0826 23:55:59.111979 532358 resource_loader.cpp:17] [cosine_internal][ResourceLoader] Trying address() method for C++ symbol: aorta_get_object
I0826 23:55:59.111986 532358 resource_loader.cpp:20] [cosine_internal][ResourceLoader] Successfully loaded C++ symbol: aorta_get_object
I0826 23:55:59.111989 532358 resource_loader.cpp:13] [cosine_internal][ResourceLoader] Attempting to load function: aorta_call_object_func
I0826 23:55:59.111992 532358 resource_loader.cpp:17] [cosine_internal][ResourceLoader] Trying address() method for C++ symbol: aorta_call_object_func
I0826 23:55:59.111996 532358 resource_loader.cpp:20] [cosine_internal][ResourceLoader] Successfully loaded C++ symbol: aorta_call_object_func
I0826 23:55:59.111999 532358 resource_loader.cpp:13] [cosine_internal][ResourceLoader] Attempting to load function: aorta_clean_up
I0826 23:55:59.112002 532358 resource_loader.cpp:17] [cosine_internal][ResourceLoader] Trying address() method for C++ symbol: aorta_clean_up
I0826 23:55:59.112017 532358 resource_loader.cpp:25] [cosine_internal][ResourceLoader] C++ symbol failed, trying c_address() method for C symbol: aorta_clean_up
I0826 23:55:59.112022 532358 resource_loader.cpp:28] [cosine_internal][ResourceLoader] Successfully loaded C symbol: aorta_clean_up
W0826 23:55:59.112030 532358 aorta_component.cpp:90] [cosine_internal]Environment variable [LOCATOR_IP/DDS_IP] not set, fallback to 10.42.0.101
I0826 23:55:59.112036 532358 aorta_component.cpp:496] [cosine_internal][AortaComponent] locator_ip: 10.42.0.101; Check network before domain init 
I0826 23:55:59.112072 532358 clock.cpp:22] [cosine_internal]load ptp time source from: libptp_clock_time.so
I0826 23:55:59.112239 532358 dynamic_object.cpp:521] [cosine_internal][DynamicObject] open libptp_clock_time.so success.
I0826 23:55:59.112666 532358 aorta_component.cpp:515] [cosine_internal][AortaComponent] Network check start. locator_ip: 10.42.0.101, timeout: 60 seconds , check_start_time: 1756223759
I0826 23:55:59.112687 532358 aorta_component.cpp:526] [cosine_internal][AortaComponent] locator_ip: 10.42.0.101; network is ready.
I0826 23:55:59.112735 532358 dylog_impl.cpp:293] [DYLOG] register dsd_name : dylog/python3.10/aorta
I0826 23:55:59.112864 532358 pcie_config.cc:52] [aorta]Get one valid pcie channel. producer: soc-s3 app-map_loc_app endpoint-nvscic2c_pcie_s3_c7_11 consumer: soc-s1 app-worldmodel endpoint-nvscic2c_pcie_s1_c7_11
I0826 23:55:59.112949 532358 os.cc:88] [aorta]Got host_id from system files: Huixi R1ROBOR2
I0826 23:55:59.112984 532358 pcie_manager.cc:71] [aorta]There is no pcie config in current process.
I0826 23:55:59.113305 532358 message_monitor_config.cc:398] [aorta]run in  mode
I0826 23:55:59.114502 532358 domain_impl.cc:58] [aorta]aorta version:7b1b7ddc
I0826 23:55:59.114527 532358 json_comm.cc:35] [aorta]file path: /home/agi/app/conf/topology/topology_rule.json not exist.
I0826 23:55:59.114542 532358 message_monitor_config.cc:398] [aorta]run in  mode
I0826 23:55:59.115468 532358 message_monitor_config.cc:731] [aorta]message monitor is updated from /home/agi/app/conf/aorta/function/aorta_monitor_conf.json
I0826 23:55:59.116714 532358 discovery_factory.cc:14] [aorta]type:1, host:10.42.0.101, port:2379, ttl:15, minor_cycle:100, major_cycle:3
I0826 23:55:59.117240 532358 config.cc:53] [aorta]AORTA_IP_MASK not set.
I0826 23:55:59.117249 532358 discovery.cc:245] [aorta]get ip masks empty.
I0826 23:55:59.117256 532358 config.cc:200] [aorta]AORTA_EXTRA_LOCAL_IPS not set.
I0826 23:55:59.117260 532358 discovery.cc:266] [aorta]local_publisher_ips_ empty.
I0826 23:55:59.117280 532358 config.cc:124] [aorta]ip match, ip:127.0.0.1
I0826 23:55:59.117287 532358 discovery.cc:275] [aorta]default emplace ip:10.42.0.101
I0826 23:55:59.117291 532358 discovery.cc:275] [aorta]default emplace ip:10.42.12.101
I0826 23:55:59.117295 532358 discovery.cc:275] [aorta]default emplace ip:10.42.1.101
I0826 23:55:59.117297 532358 discovery.cc:275] [aorta]default emplace ip:192.168.1.101
I0826 23:55:59.117300 532358 discovery.cc:275] [aorta]default emplace ip:10.42.30.101
I0826 23:55:59.117302 532358 discovery.cc:275] [aorta]default emplace ip:10.42.40.101
I0826 23:55:59.117305 532358 discovery.cc:275] [aorta]default emplace ip:10.20.15.199
I0826 23:55:59.117308 532358 discovery.cc:275] [aorta]default emplace ip:10.42.6.101
I0826 23:55:59.117311 532358 discovery.cc:275] [aorta]default emplace ip:10.42.5.105
I0826 23:55:59.117316 532358 centralized_discovery.cc:55] [aorta]lease_ttl_:15
I0826 23:55:59.117775 532358 aorta_component.cpp:561] [cosine_internal][AortaComponent] aorta create domain success. uri:http://10.42.0.101:2379
I0826 23:55:59.117923 532358 aorta_component.cpp:447] [cosine_internal][AortaComponent] aorta domain created node: python3.10_S1 , domain_uri:http://10.42.0.101:2379
I0826 23:55:59.117931 532358 aorta_component.cpp:126] [cosine_internal][AortaComponent] aorta component init success. node:python3.10_S1, uri:http://10.42.0.101:2379, locator_kind(1:shm,2:tcp,3:udp):2, locator_ip:10.42.0.101, locator_port:0, aorta_dispatcher_thread_num:1
I0826 23:55:59.118081 532459 processor.cpp:40] [cosine_internal]processor_tid: 532459
I0826 23:55:59.118149 532462 executor_impl.cc:91] [aorta]aorta-dispatch0 start spinning
I0826 23:55:59.132100 532461 centralized_discovery.cc:1110] [aorta]poll thread: revision:794
I0826 23:55:59.132215 532461 centralized_discovery.cc:1123] [aorta]inotify_fd_:15 inotify_watch_:1 inotify_watch_path:/home/agi/app/conf/aorta/function
I0826 23:55:59.134094 532461 centralized_discovery.cc:615] [aorta]grant lease for node python3.10_S1 lease_id = 7587889064995191680
I0826 23:55:59.135205 532461 watch_state.cc:54] [aorta]watch connect success.
I0826 23:55:59.135987 532461 centralized_discovery.cc:1615] [aorta]recv watch response created.
I0826 23:56:04.366556 532358 cosine_bus_manager.cpp:294] [cosine_internal][CosineBusManager] create publisher. topic name:/gdk/config_request , middleware:aorta
I0826 23:56:04.367473 532358 tcp_publisher.cc:179] [aorta]topic /gdk/config_request, pub_queue_size_ 5, latch_queue_size_ 0
I0826 23:56:04.367727 533903 tcp_socket_server.cc:200] [aorta]The ip info is0.0.0.0:40735
I0826 23:56:04.367854 533903 shm_socket_server.cc:101] [aorta][/gdk/config_request] bind at pipe sock name d2379|python3.10|p532358|n0|/gdk/config_request|p0
I0826 23:56:04.367950 532358 node_impl.cc:198] [aorta]CreatePublisher, host:0.0.0.0, port:40735, sockname:d2379|python3.10|p532358|n0|/gdk/config_request|p0, topic:/gdk/config_request, uid:55c68d92-a64a-48e2-b5c0-6f5c9d82641e-4991715019463590898 topic_uid:-1
I0826 23:56:04.367985 532358 aorta_component.cpp:394] [cosine_internal][AortaComponent] aorta node create publisher. node: python3.10_S1, topic:/gdk/config_request, type:genie_msgs.msg.pb.CommonRequest, qos:(history:1, depth:5, reliability:1, durability:2), uri:http://10.42.0.101:2379
I0826 23:56:04.368026 532358 aorta_publisher.cpp:119] [cosine_internal][AortaPublisher] publisher initialize. topic:/gdk/config_request, uri:
I0826 23:56:04.368043 532358 dylog_impl.cpp:293] [DYLOG] register dsd_name : dylog/python3.10/GDK
I0826 23:56:04.368045 532461 centralized_discovery.cc:681] [aorta]publisher uid:55c68d92-a64a-48e2-b5c0-6f5c9d82641e-4991715019463590898 topic:/gdk/config_request
I0826 23:56:04.368083 532358 publisher.cpp:27] [GDK]create publisher: /gdk/config_request type: genie_msgs.msg.pb.CommonRequest qos: 1 1 5 2
I0826 23:56:04.368109 532358 cosine_bus_manager.cpp:294] [cosine_internal][CosineBusManager] create publisher. topic name:/gdk/camera_conf_request , middleware:aorta
I0826 23:56:04.368584 532358 tcp_publisher.cc:179] [aorta]topic /gdk/camera_conf_request, pub_queue_size_ 5, latch_queue_size_ 0
I0826 23:56:04.368671 533903 tcp_socket_server.cc:200] [aorta]The ip info is0.0.0.0:46251
I0826 23:56:04.368772 533903 shm_socket_server.cc:101] [aorta][/gdk/camera_conf_request] bind at pipe sock name d2379|python3.10|p532358|n0|/gdk/camera_conf_request|p1
I0826 23:56:04.368849 532358 node_impl.cc:198] [aorta]CreatePublisher, host:0.0.0.0, port:46251, sockname:d2379|python3.10|p532358|n0|/gdk/camera_conf_request|p1, topic:/gdk/camera_conf_request, uid:3297f700-081a-4e03-b8f0-0b76051b5ab7-9117180461459404870 topic_uid:-1
I0826 23:56:04.368870 532358 aorta_component.cpp:394] [cosine_internal][AortaComponent] aorta node create publisher. node: python3.10_S1, topic:/gdk/camera_conf_request, type:genie_msgs.msg.pb.CommonRequest, qos:(history:1, depth:5, reliability:1, durability:2), uri:http://10.42.0.101:2379
I0826 23:56:04.368904 532358 aorta_publisher.cpp:119] [cosine_internal][AortaPublisher] publisher initialize. topic:/gdk/camera_conf_request, uri:
I0826 23:56:04.368913 532358 publisher.cpp:27] [GDK]create publisher: /gdk/camera_conf_request type: genie_msgs.msg.pb.CommonRequest qos: 1 1 5 2
I0826 23:56:04.368934 532358 cosine_bus_manager.cpp:400] [cosine_internal][CosineBusManager] create subscriber. topic name:/gdk/config_response , middleware:aorta , need async callback:0, frame_skip_rate:1
I0826 23:56:04.368945 532358 aorta_component.cpp:174] [cosine_internal][AortaComponent] callback_name:/gdk/config_responsehttp://10.42.0.101:2379
I0826 23:56:04.369041 532358 dynamic_object.cpp:521] [cosine_internal][DynamicObject] open  success.
I0826 23:56:04.369244 532358 buffered_data_export.cpp:115] [cosine_internal]successfully create buffer [bus_buffer___gdk__config_response, type genie_msgs.msg.pb.CommonResponse, block num 5, valid_time 0, transfer_type 0, data_size 0, mem_type 0, lib_name , ext_data_size 0, is_protobuf 1, enable_event_sync_subscriber 0], buffer id = 1
I0826 23:56:04.369269 532358 cosine_bus_message_buffer.cpp:45] [cosine_internal][CosineBusMessageBuffer] create buffer success. name:bus_buffer___gdk__config_response, type:genie_msgs.msg.pb.CommonResponse, size:5
I0826 23:56:04.369365 532358 node_impl.cc:344] [aorta]CreateSubscriber topic:/gdk/config_response, uid:2967419a-dd96-42e3-a026-2eff9b6dfdfd-9533047780102618842 topic_uid:-1
I0826 23:56:04.370007 532358 aorta_component.cpp:326] [cosine_internal][AortaComponent] aorta node create subscriber. node: python3.10_S1, topic:/gdk/config_response, type:genie_msgs.msg.pb.CommonResponse, qos:(history:1, depth:5, reliability:1, durability:2), uri:http://10.42.0.101:2379
I0826 23:56:04.370023 532358 aorta_subscriber.hpp:96] [cosine_internal][AortaSubscriber] initial. topic:/gdk/config_response, uri:
I0826 23:56:04.370041 532358 cosine_bus_manager.cpp:400] [cosine_internal][CosineBusManager] create subscriber. topic name:/gdk/camera_conf_response , middleware:aorta , need async callback:0, frame_skip_rate:1
I0826 23:56:04.370049 532358 aorta_component.cpp:174] [cosine_internal][AortaComponent] callback_name:/gdk/camera_conf_responsehttp://10.42.0.101:2379
I0826 23:56:04.370100 532358 buffered_data_export.cpp:115] [cosine_internal]successfully create buffer [bus_buffer___gdk__camera_conf_response, type genie_msgs.msg.pb.CommonResponse, block num 5, valid_time 0, transfer_type 0, data_size 0, mem_type 0, lib_name , ext_data_size 0, is_protobuf 1, enable_event_sync_subscriber 0], buffer id = 2
I0826 23:56:04.370116 532358 cosine_bus_message_buffer.cpp:45] [cosine_internal][CosineBusMessageBuffer] create buffer success. name:bus_buffer___gdk__camera_conf_response, type:genie_msgs.msg.pb.CommonResponse, size:5
I0826 23:56:04.370195 532358 node_impl.cc:344] [aorta]CreateSubscriber topic:/gdk/camera_conf_response, uid:7ac34df6-709d-405d-901e-bf355cbf3a31-3551884323222435368 topic_uid:-1
I0826 23:56:04.370641 532358 aorta_component.cpp:326] [cosine_internal][AortaComponent] aorta node create subscriber. node: python3.10_S1, topic:/gdk/camera_conf_response, type:genie_msgs.msg.pb.CommonResponse, qos:(history:1, depth:5, reliability:1, durability:2), uri:http://10.42.0.101:2379
I0826 23:56:04.370653 532358 aorta_subscriber.hpp:96] [cosine_internal][AortaSubscriber] initial. topic:/gdk/camera_conf_response, uri:
I0826 23:56:04.370707 532461 centralized_discovery.cc:681] [aorta]publisher uid:3297f700-081a-4e03-b8f0-0b76051b5ab7-9117180461459404870 topic:/gdk/camera_conf_request
I0826 23:56:04.370730 532358 cosine_bus_manager.cpp:400] [cosine_internal][CosineBusManager] create subscriber. topic name:/hal/joint_state , middleware:aorta , need async callback:0, frame_skip_rate:1
I0826 23:56:04.370741 532358 aorta_component.cpp:174] [cosine_internal][AortaComponent] callback_name:/hal/joint_statehttp://10.42.0.101:2379
I0826 23:56:04.370883 532358 buffered_data_export.cpp:115] [cosine_internal]successfully create buffer [bus_buffer___hal__joint_state, type genie_msgs.msg.pb.JointState, block num 5, valid_time 0, transfer_type 0, data_size 0, mem_type 0, lib_name , ext_data_size 0, is_protobuf 1, enable_event_sync_subscriber 0], buffer id = 3
I0826 23:56:04.370899 532358 cosine_bus_message_buffer.cpp:45] [cosine_internal][CosineBusMessageBuffer] create buffer success. name:bus_buffer___hal__joint_state, type:genie_msgs.msg.pb.JointState, size:5
I0826 23:56:04.370977 532358 node_impl.cc:344] [aorta]CreateSubscriber topic:/hal/joint_state, uid:d4edc2d8-1b35-4b0b-988b-2bf3d1f77184-17784787521228097140 topic_uid:-1
I0826 23:56:04.371670 532358 aorta_component.cpp:326] [cosine_internal][AortaComponent] aorta node create subscriber. node: python3.10_S1, topic:/hal/joint_state, type:genie_msgs.msg.pb.JointState, qos:(history:1, depth:5, reliability:1, durability:2), uri:http://10.42.0.101:2379
I0826 23:56:04.371685 532358 aorta_subscriber.hpp:96] [cosine_internal][AortaSubscriber] initial. topic:/hal/joint_state, uri:
I0826 23:56:04.371701 532358 cosine_bus_manager.cpp:400] [cosine_internal][CosineBusManager] create subscriber. topic name:/hal/whole_body_status , middleware:aorta , need async callback:0, frame_skip_rate:1
I0826 23:56:04.371711 532358 aorta_component.cpp:174] [cosine_internal][AortaComponent] callback_name:/hal/whole_body_statushttp://10.42.0.101:2379
I0826 23:56:04.371857 532358 buffered_data_export.cpp:115] [cosine_internal]successfully create buffer [bus_buffer___hal__whole_body_status, type genie_msgs.msg.pb.WholeBodyStatus, block num 5, valid_time 0, transfer_type 0, data_size 0, mem_type 0, lib_name , ext_data_size 0, is_protobuf 1, enable_event_sync_subscriber 0], buffer id = 4
I0826 23:56:04.371876 532358 cosine_bus_message_buffer.cpp:45] [cosine_internal][CosineBusMessageBuffer] create buffer success. name:bus_buffer___hal__whole_body_status, type:genie_msgs.msg.pb.WholeBodyStatus, size:5
I0826 23:56:04.371958 532358 node_impl.cc:344] [aorta]CreateSubscriber topic:/hal/whole_body_status, uid:f1300511-5458-4874-aa5e-c647fd49457e-4082625946824470290 topic_uid:-1
I0826 23:56:04.371976 532461 centralized_discovery.cc:733] [aorta]subscriber uid:2967419a-dd96-42e3-a026-2eff9b6dfdfd-9533047780102618842 topic:/gdk/config_response
I0826 23:56:04.372434 532358 aorta_component.cpp:326] [cosine_internal][AortaComponent] aorta node create subscriber. node: python3.10_S1, topic:/hal/whole_body_status, type:genie_msgs.msg.pb.WholeBodyStatus, qos:(history:1, depth:5, reliability:1, durability:2), uri:http://10.42.0.101:2379
I0826 23:56:04.372447 532358 aorta_subscriber.hpp:96] [cosine_internal][AortaSubscriber] initial. topic:/hal/whole_body_status, uri:
I0826 23:56:04.372460 532358 cosine_bus_manager.cpp:400] [cosine_internal][CosineBusManager] create subscriber. topic name:/hal/left_ee_data , middleware:aorta , need async callback:0, frame_skip_rate:1
I0826 23:56:04.372468 532358 aorta_component.cpp:174] [cosine_internal][AortaComponent] callback_name:/hal/left_ee_datahttp://10.42.0.101:2379
I0826 23:56:04.372608 532358 buffered_data_export.cpp:115] [cosine_internal]successfully create buffer [bus_buffer___hal__left_ee_data, type genie_msgs.msg.pb.EndState, block num 5, valid_time 0, transfer_type 0, data_size 0, mem_type 0, lib_name , ext_data_size 0, is_protobuf 1, enable_event_sync_subscriber 0], buffer id = 5
I0826 23:56:04.372628 532358 cosine_bus_message_buffer.cpp:45] [cosine_internal][CosineBusMessageBuffer] create buffer success. name:bus_buffer___hal__left_ee_data, type:genie_msgs.msg.pb.EndState, size:5
I0826 23:56:04.372705 532358 node_impl.cc:344] [aorta]CreateSubscriber topic:/hal/left_ee_data, uid:aa050000-32a3-4241-bd73-0bd32e4ff244-6411614143165937964 topic_uid:-1
I0826 23:56:04.373075 533904 shm_subscriber.cc:120] [aorta]subscriber connect to publisher success, topic /gdk/config_response, local d2379|python3.10|p532358|n0|s0|c0, peer d2379|gdk_service|p9088|n0|/gdk/config_response|p0
I0826 23:56:04.373138 532358 aorta_component.cpp:326] [cosine_internal][AortaComponent] aorta node create subscriber. node: python3.10_S1, topic:/hal/left_ee_data, type:genie_msgs.msg.pb.EndState, qos:(history:1, depth:5, reliability:1, durability:2), uri:http://10.42.0.101:2379
I0826 23:56:04.373148 532358 aorta_subscriber.hpp:96] [cosine_internal][AortaSubscriber] initial. topic:/hal/left_ee_data, uri:
I0826 23:56:04.373160 532358 cosine_bus_manager.cpp:400] [cosine_internal][CosineBusManager] create subscriber. topic name:/hal/right_ee_data , middleware:aorta , need async callback:0, frame_skip_rate:1
I0826 23:56:04.373168 532358 aorta_component.cpp:174] [cosine_internal][AortaComponent] callback_name:/hal/right_ee_datahttp://10.42.0.101:2379
I0826 23:56:04.373160 532461 centralized_discovery.cc:733] [aorta]subscriber uid:7ac34df6-709d-405d-901e-bf355cbf3a31-3551884323222435368 topic:/gdk/camera_conf_response
I0826 23:56:04.373204 532358 buffered_data_export.cpp:115] [cosine_internal]successfully create buffer [bus_buffer___hal__right_ee_data, type genie_msgs.msg.pb.EndState, block num 5, valid_time 0, transfer_type 0, data_size 0, mem_type 0, lib_name , ext_data_size 0, is_protobuf 1, enable_event_sync_subscriber 0], buffer id = 6
I0826 23:56:04.373217 532358 cosine_bus_message_buffer.cpp:45] [cosine_internal][CosineBusMessageBuffer] create buffer success. name:bus_buffer___hal__right_ee_data, type:genie_msgs.msg.pb.EndState, size:5
I0826 23:56:04.373288 532358 node_impl.cc:344] [aorta]CreateSubscriber topic:/hal/right_ee_data, uid:709da9bf-bc96-4385-b52f-6b24596104f1-5071795120000351093 topic_uid:-1
I0826 23:56:04.373713 532358 aorta_component.cpp:326] [cosine_internal][AortaComponent] aorta node create subscriber. node: python3.10_S1, topic:/hal/right_ee_data, type:genie_msgs.msg.pb.EndState, qos:(history:1, depth:5, reliability:1, durability:2), uri:http://10.42.0.101:2379
I0826 23:56:04.373723 532358 aorta_subscriber.hpp:96] [cosine_internal][AortaSubscriber] initial. topic:/hal/right_ee_data, uri:
I0826 23:56:04.373734 532358 cosine_bus_manager.cpp:400] [cosine_internal][CosineBusManager] create subscriber. topic name:/hal/chassis_power_state , middleware:aorta , need async callback:0, frame_skip_rate:1
I0826 23:56:04.373741 532358 aorta_component.cpp:174] [cosine_internal][AortaComponent] callback_name:/hal/chassis_power_statehttp://10.42.0.101:2379
I0826 23:56:04.374053 532358 buffered_data_export.cpp:115] [cosine_internal]successfully create buffer [bus_buffer___hal__chassis_power_state, type genie_msgs.msg.pb.ChassisPowerState, block num 5, valid_time 0, transfer_type 0, data_size 0, mem_type 0, lib_name , ext_data_size 0, is_protobuf 1, enable_event_sync_subscriber 0], buffer id = 7
I0826 23:56:04.374073 532358 cosine_bus_message_buffer.cpp:45] [cosine_internal][CosineBusMessageBuffer] create buffer success. name:bus_buffer___hal__chassis_power_state, type:genie_msgs.msg.pb.ChassisPowerState, size:5
I0826 23:56:04.374154 532358 node_impl.cc:344] [aorta]CreateSubscriber topic:/hal/chassis_power_state, uid:d625837b-4c83-4a26-9142-ebe0f5f571e2-13624413023349153968 topic_uid:-1
I0826 23:56:04.374166 533904 shm_subscriber.cc:120] [aorta]subscriber connect to publisher success, topic /gdk/camera_conf_response, local d2379|python3.10|p532358|n0|s1|c0, peer d2379|gdk_service|p9088|n0|/gdk/camera_conf_response|p1
I0826 23:56:04.374316 532461 centralized_discovery.cc:733] [aorta]subscriber uid:d4edc2d8-1b35-4b0b-988b-2bf3d1f77184-17784787521228097140 topic:/hal/joint_state
I0826 23:56:04.374593 532358 aorta_component.cpp:326] [cosine_internal][AortaComponent] aorta node create subscriber. node: python3.10_S1, topic:/hal/chassis_power_state, type:genie_msgs.msg.pb.ChassisPowerState, qos:(history:1, depth:5, reliability:1, durability:2), uri:http://10.42.0.101:2379
I0826 23:56:04.374603 532358 aorta_subscriber.hpp:96] [cosine_internal][AortaSubscriber] initial. topic:/hal/chassis_power_state, uri:
I0826 23:56:04.374615 532358 cosine_bus_manager.cpp:400] [cosine_internal][CosineBusManager] create subscriber. topic name:/hal/chest_power_state , middleware:aorta , need async callback:0, frame_skip_rate:1
I0826 23:56:04.374622 532358 aorta_component.cpp:174] [cosine_internal][AortaComponent] callback_name:/hal/chest_power_statehttp://10.42.0.101:2379
I0826 23:56:04.374783 532358 buffered_data_export.cpp:115] [cosine_internal]successfully create buffer [bus_buffer___hal__chest_power_state, type genie_msgs.msg.pb.ChestPowerState, block num 5, valid_time 0, transfer_type 0, data_size 0, mem_type 0, lib_name , ext_data_size 0, is_protobuf 1, enable_event_sync_subscriber 0], buffer id = 8
I0826 23:56:04.374799 532358 cosine_bus_message_buffer.cpp:45] [cosine_internal][CosineBusMessageBuffer] create buffer success. name:bus_buffer___hal__chest_power_state, type:genie_msgs.msg.pb.ChestPowerState, size:5
I0826 23:56:04.374869 532358 node_impl.cc:344] [aorta]CreateSubscriber topic:/hal/chest_power_state, uid:2c3dd19d-58f8-4afd-8cb3-0d87aa12bb6e-8918795574175434775 topic_uid:-1
I0826 23:56:04.375160 533904 shm_subscriber.cc:120] [aorta]subscriber connect to publisher success, topic /hal/joint_state, local d2379|python3.10|p532358|n0|s2|c0, peer d2379|hal|p9094|n0|/hal/joint_state|p0
I0826 23:56:04.375283 532461 centralized_discovery.cc:733] [aorta]subscriber uid:f1300511-5458-4874-aa5e-c647fd49457e-4082625946824470290 topic:/hal/whole_body_status
I0826 23:56:04.375555 532358 aorta_component.cpp:326] [cosine_internal][AortaComponent] aorta node create subscriber. node: python3.10_S1, topic:/hal/chest_power_state, type:genie_msgs.msg.pb.ChestPowerState, qos:(history:1, depth:5, reliability:1, durability:2), uri:http://10.42.0.101:2379
I0826 23:56:04.375568 532358 aorta_subscriber.hpp:96] [cosine_internal][AortaSubscriber] initial. topic:/hal/chest_power_state, uri:
I0826 23:56:04.375648 532358 cosine_bus_manager.cpp:294] [cosine_internal][CosineBusManager] create publisher. topic name:/hal/joint_cmd , middleware:aorta
I0826 23:56:04.376093 532358 tcp_publisher.cc:179] [aorta]topic /hal/joint_cmd, pub_queue_size_ 5, latch_queue_size_ 0
I0826 23:56:04.376194 533903 tcp_socket_server.cc:200] [aorta]The ip info is0.0.0.0:46317
I0826 23:56:04.376292 533903 shm_socket_server.cc:101] [aorta][/hal/joint_cmd] bind at pipe sock name d2379|python3.10|p532358|n0|/hal/joint_cmd|p2
I0826 23:56:04.376292 533904 shm_subscriber.cc:120] [aorta]subscriber connect to publisher success, topic /hal/whole_body_status, local d2379|python3.10|p532358|n0|s3|c0, peer d2379|hal|p9094|n0|/hal/whole_body_status|p1
I0826 23:56:04.376360 532461 centralized_discovery.cc:733] [aorta]subscriber uid:aa050000-32a3-4241-bd73-0bd32e4ff244-6411614143165937964 topic:/hal/left_ee_data
I0826 23:56:04.376381 532358 node_impl.cc:198] [aorta]CreatePublisher, host:0.0.0.0, port:46317, sockname:d2379|python3.10|p532358|n0|/hal/joint_cmd|p2, topic:/hal/joint_cmd, uid:c4509252-69c6-4983-aa3c-21a337d6bcff-8113233340941315482 topic_uid:-1
I0826 23:56:04.376406 532358 aorta_component.cpp:394] [cosine_internal][AortaComponent] aorta node create publisher. node: python3.10_S1, topic:/hal/joint_cmd, type:genie_msgs.msg.pb.JointCommand, qos:(history:1, depth:5, reliability:1, durability:2), uri:http://10.42.0.101:2379
I0826 23:56:04.376443 532358 aorta_publisher.cpp:119] [cosine_internal][AortaPublisher] publisher initialize. topic:/hal/joint_cmd, uri:
I0826 23:56:04.376453 532358 publisher.cpp:27] [GDK]create publisher: /hal/joint_cmd type: genie_msgs.msg.pb.JointCommand qos: 1 1 5 2
I0826 23:56:04.376518 532358 cosine_bus_manager.cpp:294] [cosine_internal][CosineBusManager] create publisher. topic name:/wbc/left_ee_command , middleware:aorta
I0826 23:56:04.376965 532358 tcp_publisher.cc:179] [aorta]topic /wbc/left_ee_command, pub_queue_size_ 5, latch_queue_size_ 0
I0826 23:56:04.377242 533903 tcp_socket_server.cc:200] [aorta]The ip info is0.0.0.0:44503
I0826 23:56:04.377291 533904 shm_subscriber.cc:120] [aorta]subscriber connect to publisher success, topic /hal/left_ee_data, local d2379|python3.10|p532358|n0|s4|c0, peer d2379|hal|p9094|n0|/hal/left_ee_data|p2
I0826 23:56:04.377311 533903 shm_socket_server.cc:101] [aorta][/wbc/left_ee_command] bind at pipe sock name d2379|python3.10|p532358|n0|/wbc/left_ee_command|p3
I0826 23:56:04.377346 532461 centralized_discovery.cc:733] [aorta]subscriber uid:709da9bf-bc96-4385-b52f-6b24596104f1-5071795120000351093 topic:/hal/right_ee_data
I0826 23:56:04.377369 532358 node_impl.cc:198] [aorta]CreatePublisher, host:0.0.0.0, port:44503, sockname:d2379|python3.10|p532358|n0|/wbc/left_ee_command|p3, topic:/wbc/left_ee_command, uid:c2bf628a-23fd-42a6-8bbb-327114fcb0b5-15677759012602946526 topic_uid:-1
I0826 23:56:04.377393 532358 aorta_component.cpp:394] [cosine_internal][AortaComponent] aorta node create publisher. node: python3.10_S1, topic:/wbc/left_ee_command, type:sensor_msgs.msg.pb.JointState, qos:(history:1, depth:5, reliability:1, durability:2), uri:http://10.42.0.101:2379
I0826 23:56:04.377445 532358 aorta_publisher.cpp:119] [cosine_internal][AortaPublisher] publisher initialize. topic:/wbc/left_ee_command, uri:
I0826 23:56:04.377454 532358 publisher.cpp:27] [GDK]create publisher: /wbc/left_ee_command type: sensor_msgs.msg.pb.JointState qos: 1 1 5 2
I0826 23:56:04.377471 532358 cosine_bus_manager.cpp:294] [cosine_internal][CosineBusManager] create publisher. topic name:/wbc/right_ee_command , middleware:aorta
I0826 23:56:04.377910 532358 tcp_publisher.cc:179] [aorta]topic /wbc/right_ee_command, pub_queue_size_ 5, latch_queue_size_ 0
I0826 23:56:04.377988 533903 tcp_socket_server.cc:200] [aorta]The ip info is0.0.0.0:39769
I0826 23:56:04.378051 533903 shm_socket_server.cc:101] [aorta][/wbc/right_ee_command] bind at pipe sock name d2379|python3.10|p532358|n0|/wbc/right_ee_command|p4
I0826 23:56:04.378103 533904 shm_subscriber.cc:120] [aorta]subscriber connect to publisher success, topic /hal/right_ee_data, local d2379|python3.10|p532358|n0|s5|c0, peer d2379|hal|p9094|n0|/hal/right_ee_data|p3
I0826 23:56:04.378103 532358 node_impl.cc:198] [aorta]CreatePublisher, host:0.0.0.0, port:39769, sockname:d2379|python3.10|p532358|n0|/wbc/right_ee_command|p4, topic:/wbc/right_ee_command, uid:60381769-4080-4e5c-a3b3-7b6cd246de4e-12160131399292109555 topic_uid:-1
I0826 23:56:04.378136 532358 aorta_component.cpp:394] [cosine_internal][AortaComponent] aorta node create publisher. node: python3.10_S1, topic:/wbc/right_ee_command, type:sensor_msgs.msg.pb.JointState, qos:(history:1, depth:5, reliability:1, durability:2), uri:http://10.42.0.101:2379
I0826 23:56:04.378173 532358 aorta_publisher.cpp:119] [cosine_internal][AortaPublisher] publisher initialize. topic:/wbc/right_ee_command, uri:
I0826 23:56:04.378180 532358 publisher.cpp:27] [GDK]create publisher: /wbc/right_ee_command type: sensor_msgs.msg.pb.JointState qos: 1 1 5 2
I0826 23:56:04.378178 532461 centralized_discovery.cc:733] [aorta]subscriber uid:d625837b-4c83-4a26-9142-ebe0f5f571e2-13624413023349153968 topic:/hal/chassis_power_state
I0826 23:56:04.378214 532358 cosine_bus_manager.cpp:400] [cosine_internal][CosineBusManager] create subscriber. topic name:/wbc/motion_control_status , middleware:aorta , need async callback:0, frame_skip_rate:1
I0826 23:56:04.378223 532358 aorta_component.cpp:174] [cosine_internal][AortaComponent] callback_name:/wbc/motion_control_statushttp://10.42.0.101:2379
I0826 23:56:04.378434 532358 buffered_data_export.cpp:115] [cosine_internal]successfully create buffer [bus_buffer___wbc__motion_control_status, type genie_msgs.msg.pb.MotionControlStatus, block num 5, valid_time 0, transfer_type 0, data_size 0, mem_type 0, lib_name , ext_data_size 0, is_protobuf 1, enable_event_sync_subscriber 0], buffer id = 9
I0826 23:56:04.378453 532358 cosine_bus_message_buffer.cpp:45] [cosine_internal][CosineBusMessageBuffer] create buffer success. name:bus_buffer___wbc__motion_control_status, type:genie_msgs.msg.pb.MotionControlStatus, size:5
I0826 23:56:04.378535 532358 node_impl.cc:344] [aorta]CreateSubscriber topic:/wbc/motion_control_status, uid:e8c54a62-abbf-483c-b99c-616a11c18f28-3835708119707617413 topic_uid:-1
I0826 23:56:04.379014 532358 aorta_component.cpp:326] [cosine_internal][AortaComponent] aorta node create subscriber. node: python3.10_S1, topic:/wbc/motion_control_status, type:genie_msgs.msg.pb.MotionControlStatus, qos:(history:1, depth:5, reliability:1, durability:2), uri:http://10.42.0.101:2379
I0826 23:56:04.379026 532358 aorta_subscriber.hpp:96] [cosine_internal][AortaSubscriber] initial. topic:/wbc/motion_control_status, uri:
I0826 23:56:04.379042 532358 cosine_bus_manager.cpp:400] [cosine_internal][CosineBusManager] create subscriber. topic name:/MotionControlService/JointPosition/response , middleware:aorta , need async callback:0, frame_skip_rate:1
I0826 23:56:04.379050 532358 aorta_component.cpp:174] [cosine_internal][AortaComponent] callback_name:/MotionControlService/JointPosition/responsehttp://10.42.0.101:2379
I0826 23:56:04.379060 533904 shm_subscriber.cc:120] [aorta]subscriber connect to publisher success, topic /hal/chassis_power_state, local d2379|python3.10|p532358|n0|s6|c0, peer d2379|hal_lowerlimb|p9093|n0|/hal/chassis_power_state|p2
I0826 23:56:04.379094 532358 buffered_data_export.cpp:115] [cosine_internal]successfully create buffer [bus_buffer___MotionControlService__JointPosition__response, type genie_msgs.msg.pb.CommonResponse, block num 5, valid_time 0, transfer_type 0, data_size 0, mem_type 0, lib_name , ext_data_size 0, is_protobuf 1, enable_event_sync_subscriber 0], buffer id = 10
I0826 23:56:04.379108 532358 cosine_bus_message_buffer.cpp:45] [cosine_internal][CosineBusMessageBuffer] create buffer success. name:bus_buffer___MotionControlService__JointPosition__response, type:genie_msgs.msg.pb.CommonResponse, size:5
I0826 23:56:04.379127 532461 centralized_discovery.cc:733] [aorta]subscriber uid:2c3dd19d-58f8-4afd-8cb3-0d87aa12bb6e-8918795574175434775 topic:/hal/chest_power_state
I0826 23:56:04.379182 532358 node_impl.cc:344] [aorta]CreateSubscriber topic:/MotionControlService/JointPosition/response, uid:469e052d-0ee6-4f70-9426-5c87cc9b7990-11220515294652701264 topic_uid:-1
I0826 23:56:04.379693 532358 aorta_component.cpp:326] [cosine_internal][AortaComponent] aorta node create subscriber. node: python3.10_S1, topic:/MotionControlService/JointPosition/response, type:genie_msgs.msg.pb.CommonResponse, qos:(history:1, depth:5, reliability:1, durability:2), uri:http://10.42.0.101:2379
I0826 23:56:04.379705 532358 aorta_subscriber.hpp:96] [cosine_internal][AortaSubscriber] initial. topic:/MotionControlService/JointPosition/response, uri:
I0826 23:56:04.379720 532358 cosine_bus_manager.cpp:400] [cosine_internal][CosineBusManager] create subscriber. topic name:/MotionControlService/ControlMode/response , middleware:aorta , need async callback:0, frame_skip_rate:1
I0826 23:56:04.379727 532358 aorta_component.cpp:174] [cosine_internal][AortaComponent] callback_name:/MotionControlService/ControlMode/responsehttp://10.42.0.101:2379
I0826 23:56:04.379769 532358 buffered_data_export.cpp:115] [cosine_internal]successfully create buffer [bus_buffer___MotionControlService__ControlMode__response, type genie_msgs.msg.pb.CommonResponse, block num 5, valid_time 0, transfer_type 0, data_size 0, mem_type 0, lib_name , ext_data_size 0, is_protobuf 1, enable_event_sync_subscriber 0], buffer id = 11
I0826 23:56:04.379782 532358 cosine_bus_message_buffer.cpp:45] [cosine_internal][CosineBusMessageBuffer] create buffer success. name:bus_buffer___MotionControlService__ControlMode__response, type:genie_msgs.msg.pb.CommonResponse, size:5
I0826 23:56:04.379860 532358 node_impl.cc:344] [aorta]CreateSubscriber topic:/MotionControlService/ControlMode/response, uid:c26de7ee-77dc-4a6c-b576-e2ebdb64f7ab-13500083580579056044 topic_uid:-1
I0826 23:56:04.380179 533904 shm_subscriber.cc:120] [aorta]subscriber connect to publisher success, topic /hal/chest_power_state, local d2379|python3.10|p532358|n0|s7|c0, peer d2379|hal_lowerlimb|p9093|n0|/hal/chest_power_state|p4
I0826 23:56:04.380240 532461 centralized_discovery.cc:681] [aorta]publisher uid:c4509252-69c6-4983-aa3c-21a337d6bcff-8113233340941315482 topic:/hal/joint_cmd
I0826 23:56:04.380293 532358 aorta_component.cpp:326] [cosine_internal][AortaComponent] aorta node create subscriber. node: python3.10_S1, topic:/MotionControlService/ControlMode/response, type:genie_msgs.msg.pb.CommonResponse, qos:(history:1, depth:5, reliability:1, durability:2), uri:http://10.42.0.101:2379
I0826 23:56:04.380303 532358 aorta_subscriber.hpp:96] [cosine_internal][AortaSubscriber] initial. topic:/MotionControlService/ControlMode/response, uri:
I0826 23:56:04.380316 532358 cosine_bus_manager.cpp:400] [cosine_internal][CosineBusManager] create subscriber. topic name:/MotionControlService/SetLoad/response , middleware:aorta , need async callback:0, frame_skip_rate:1
I0826 23:56:04.380323 532358 aorta_component.cpp:174] [cosine_internal][AortaComponent] callback_name:/MotionControlService/SetLoad/responsehttp://10.42.0.101:2379
I0826 23:56:04.380357 532358 buffered_data_export.cpp:115] [cosine_internal]successfully create buffer [bus_buffer___MotionControlService__SetLoad__response, type genie_msgs.msg.pb.CommonResponse, block num 5, valid_time 0, transfer_type 0, data_size 0, mem_type 0, lib_name , ext_data_size 0, is_protobuf 1, enable_event_sync_subscriber 0], buffer id = 12
I0826 23:56:04.380370 532358 cosine_bus_message_buffer.cpp:45] [cosine_internal][CosineBusMessageBuffer] create buffer success. name:bus_buffer___MotionControlService__SetLoad__response, type:genie_msgs.msg.pb.CommonResponse, size:5
I0826 23:56:04.380442 532358 node_impl.cc:344] [aorta]CreateSubscriber topic:/MotionControlService/SetLoad/response, uid:da815462-8cfa-4486-bbc7-fb5879a34e05-11741066552301177038 topic_uid:-1
I0826 23:56:04.380873 532358 aorta_component.cpp:326] [cosine_internal][AortaComponent] aorta node create subscriber. node: python3.10_S1, topic:/MotionControlService/SetLoad/response, type:genie_msgs.msg.pb.CommonResponse, qos:(history:1, depth:5, reliability:1, durability:2), uri:http://10.42.0.101:2379
I0826 23:56:04.380882 532358 aorta_subscriber.hpp:96] [cosine_internal][AortaSubscriber] initial. topic:/MotionControlService/SetLoad/response, uri:
I0826 23:56:04.380893 532358 cosine_bus_manager.cpp:400] [cosine_internal][CosineBusManager] create subscriber. topic name:/MotionControlService/SetComplianceParams/response , middleware:aorta , need async callback:0, frame_skip_rate:1
I0826 23:56:04.380900 532358 aorta_component.cpp:174] [cosine_internal][AortaComponent] callback_name:/MotionControlService/SetComplianceParams/responsehttp://10.42.0.101:2379
I0826 23:56:04.380934 532358 buffered_data_export.cpp:115] [cosine_internal]successfully create buffer [bus_buffer___MotionControlService__SetComplianceParams__response, type genie_msgs.msg.pb.CommonResponse, block num 5, valid_time 0, transfer_type 0, data_size 0, mem_type 0, lib_name , ext_data_size 0, is_protobuf 1, enable_event_sync_subscriber 0], buffer id = 13
I0826 23:56:04.380945 532358 cosine_bus_message_buffer.cpp:45] [cosine_internal][CosineBusMessageBuffer] create buffer success. name:bus_buffer___MotionControlService__SetComplianceParams__response, type:genie_msgs.msg.pb.CommonResponse, size:5
I0826 23:56:04.381009 532358 node_impl.cc:344] [aorta]CreateSubscriber topic:/MotionControlService/SetComplianceParams/response, uid:ee0871bf-9e13-4f71-b993-e550488e1e5d-16772690313444795879 topic_uid:-1
I0826 23:56:04.381206 532461 centralized_discovery.cc:681] [aorta]publisher uid:c2bf628a-23fd-42a6-8bbb-327114fcb0b5-15677759012602946526 topic:/wbc/left_ee_command
I0826 23:56:04.381408 532358 aorta_component.cpp:326] [cosine_internal][AortaComponent] aorta node create subscriber. node: python3.10_S1, topic:/MotionControlService/SetComplianceParams/response, type:genie_msgs.msg.pb.CommonResponse, qos:(history:1, depth:5, reliability:1, durability:2), uri:http://10.42.0.101:2379
I0826 23:56:04.381418 532358 aorta_subscriber.hpp:96] [cosine_internal][AortaSubscriber] initial. topic:/MotionControlService/SetComplianceParams/response, uri:
I0826 23:56:04.381430 532358 cosine_bus_manager.cpp:400] [cosine_internal][CosineBusManager] create subscriber. topic name:/MotionControlService/MotionPlan/response , middleware:aorta , need async callback:0, frame_skip_rate:1
I0826 23:56:04.381436 532358 aorta_component.cpp:174] [cosine_internal][AortaComponent] callback_name:/MotionControlService/MotionPlan/responsehttp://10.42.0.101:2379
I0826 23:56:04.381472 532358 buffered_data_export.cpp:115] [cosine_internal]successfully create buffer [bus_buffer___MotionControlService__MotionPlan__response, type genie_msgs.msg.pb.CommonResponse, block num 5, valid_time 0, transfer_type 0, data_size 0, mem_type 0, lib_name , ext_data_size 0, is_protobuf 1, enable_event_sync_subscriber 0], buffer id = 14
I0826 23:56:04.381487 532358 cosine_bus_message_buffer.cpp:45] [cosine_internal][CosineBusMessageBuffer] create buffer success. name:bus_buffer___MotionControlService__MotionPlan__response, type:genie_msgs.msg.pb.CommonResponse, size:5
I0826 23:56:04.381547 532358 node_impl.cc:344] [aorta]CreateSubscriber topic:/MotionControlService/MotionPlan/response, uid:454c07d5-3d55-4fe2-81b8-d07a4c32da08-7265943930381113476 topic_uid:-1
I0826 23:56:04.381954 532358 aorta_component.cpp:326] [cosine_internal][AortaComponent] aorta node create subscriber. node: python3.10_S1, topic:/MotionControlService/MotionPlan/response, type:genie_msgs.msg.pb.CommonResponse, qos:(history:1, depth:5, reliability:1, durability:2), uri:http://10.42.0.101:2379
I0826 23:56:04.381964 532358 aorta_subscriber.hpp:96] [cosine_internal][AortaSubscriber] initial. topic:/MotionControlService/MotionPlan/response, uri:
I0826 23:56:04.382061 532358 cosine_bus_manager.cpp:294] [cosine_internal][CosineBusManager] create publisher. topic name:/wbc/motion_stop , middleware:aorta
I0826 23:56:04.382491 532358 tcp_publisher.cc:179] [aorta]topic /wbc/motion_stop, pub_queue_size_ 5, latch_queue_size_ 0
I0826 23:56:04.382560 533903 tcp_socket_server.cc:200] [aorta]The ip info is0.0.0.0:44065
I0826 23:56:04.382673 533903 shm_socket_server.cc:101] [aorta][/wbc/motion_stop] bind at pipe sock name d2379|python3.10|p532358|n0|/wbc/motion_stop|p5
I0826 23:56:04.382743 532358 node_impl.cc:198] [aorta]CreatePublisher, host:0.0.0.0, port:44065, sockname:d2379|python3.10|p532358|n0|/wbc/motion_stop|p5, topic:/wbc/motion_stop, uid:6f0943cc-312d-4a45-be01-a4f4e6646b2d-13748557535015507650 topic_uid:-1
I0826 23:56:04.382767 532358 aorta_component.cpp:394] [cosine_internal][AortaComponent] aorta node create publisher. node: python3.10_S1, topic:/wbc/motion_stop, type:genie_msgs.msg.pb.MotionStop, qos:(history:1, depth:5, reliability:1, durability:2), uri:http://10.42.0.101:2379
I0826 23:56:04.382803 532358 aorta_publisher.cpp:119] [cosine_internal][AortaPublisher] publisher initialize. topic:/wbc/motion_stop, uri:
I0826 23:56:04.382812 532358 publisher.cpp:27] [GDK]create publisher: /wbc/motion_stop type: genie_msgs.msg.pb.MotionStop qos: 1 1 5 2
I0826 23:56:04.382890 532358 cosine_bus_manager.cpp:294] [cosine_internal][CosineBusManager] create publisher. topic name:/wbc/set_control_mode , middleware:aorta
I0826 23:56:04.383327 532358 tcp_publisher.cc:179] [aorta]topic /wbc/set_control_mode, pub_queue_size_ 5, latch_queue_size_ 0
I0826 23:56:04.383558 533903 tcp_socket_server.cc:200] [aorta]The ip info is0.0.0.0:35303
I0826 23:56:04.383613 533903 shm_socket_server.cc:101] [aorta][/wbc/set_control_mode] bind at pipe sock name d2379|python3.10|p532358|n0|/wbc/set_control_mode|p6
I0826 23:56:04.383661 532358 node_impl.cc:198] [aorta]CreatePublisher, host:0.0.0.0, port:35303, sockname:d2379|python3.10|p532358|n0|/wbc/set_control_mode|p6, topic:/wbc/set_control_mode, uid:3f4e9a7e-7f5c-4178-8a20-18c4c7f10721-14916454457450496029 topic_uid:-1
I0826 23:56:04.383679 532358 aorta_component.cpp:394] [cosine_internal][AortaComponent] aorta node create publisher. node: python3.10_S1, topic:/wbc/set_control_mode, type:genie_msgs.msg.pb.SetControlMode, qos:(history:1, depth:5, reliability:1, durability:2), uri:http://10.42.0.101:2379
I0826 23:56:04.383713 532358 aorta_publisher.cpp:119] [cosine_internal][AortaPublisher] publisher initialize. topic:/wbc/set_control_mode, uri:
I0826 23:56:04.383719 532358 publisher.cpp:27] [GDK]create publisher: /wbc/set_control_mode type: genie_msgs.msg.pb.SetControlMode qos: 1 1 5 2
I0826 23:56:04.383718 532461 centralized_discovery.cc:681] [aorta]publisher uid:60381769-4080-4e5c-a3b3-7b6cd246de4e-12160131399292109555 topic:/wbc/right_ee_command
I0826 23:56:04.383811 532358 cosine_bus_manager.cpp:294] [cosine_internal][CosineBusManager] create publisher. topic name:/wbc/end_effector_pose_control , middleware:aorta
I0826 23:56:04.384224 532358 tcp_publisher.cc:179] [aorta]topic /wbc/end_effector_pose_control, pub_queue_size_ 5, latch_queue_size_ 0
I0826 23:56:04.384305 533903 tcp_socket_server.cc:200] [aorta]The ip info is0.0.0.0:43681
I0826 23:56:04.384371 533903 shm_socket_server.cc:101] [aorta][/wbc/end_effector_pose_control] bind at pipe sock name d2379|python3.10|p532358|n0|/wbc/end_effector_pose_control|p7
I0826 23:56:04.384434 532358 node_impl.cc:198] [aorta]CreatePublisher, host:0.0.0.0, port:43681, sockname:d2379|python3.10|p532358|n0|/wbc/end_effector_pose_control|p7, topic:/wbc/end_effector_pose_control, uid:b7c00194-5bf1-4564-b2ae-f49ae72ed600-8961509146944305143 topic_uid:-1
I0826 23:56:04.384459 532358 aorta_component.cpp:394] [cosine_internal][AortaComponent] aorta node create publisher. node: python3.10_S1, topic:/wbc/end_effector_pose_control, type:genie_msgs.msg.pb.EndEffectorPoseControl, qos:(history:1, depth:5, reliability:1, durability:2), uri:http://10.42.0.101:2379
I0826 23:56:04.384490 532358 aorta_publisher.cpp:119] [cosine_internal][AortaPublisher] publisher initialize. topic:/wbc/end_effector_pose_control, uri:
I0826 23:56:04.384497 532358 publisher.cpp:27] [GDK]create publisher: /wbc/end_effector_pose_control type: genie_msgs.msg.pb.EndEffectorPoseControl qos: 1 1 5 2
I0826 23:56:04.384586 532358 cosine_bus_manager.cpp:294] [cosine_internal][CosineBusManager] create publisher. topic name:/wbc/joint_position_control , middleware:aorta
I0826 23:56:04.385003 532358 tcp_publisher.cc:179] [aorta]topic /wbc/joint_position_control, pub_queue_size_ 5, latch_queue_size_ 0
I0826 23:56:04.385043 533903 tcp_socket_server.cc:200] [aorta]The ip info is0.0.0.0:46341
I0826 23:56:04.385097 533903 shm_socket_server.cc:101] [aorta][/wbc/joint_position_control] bind at pipe sock name d2379|python3.10|p532358|n0|/wbc/joint_position_control|p8
I0826 23:56:04.385157 532358 node_impl.cc:198] [aorta]CreatePublisher, host:0.0.0.0, port:46341, sockname:d2379|python3.10|p532358|n0|/wbc/joint_position_control|p8, topic:/wbc/joint_position_control, uid:a10d7c84-70c5-4daf-bbe1-82c9884e0cbe-17554954426434248758 topic_uid:-1
I0826 23:56:04.385175 532358 aorta_component.cpp:394] [cosine_internal][AortaComponent] aorta node create publisher. node: python3.10_S1, topic:/wbc/joint_position_control, type:genie_msgs.msg.pb.JointPositionControl, qos:(history:1, depth:5, reliability:1, durability:2), uri:http://10.42.0.101:2379
I0826 23:56:04.385206 532358 aorta_publisher.cpp:119] [cosine_internal][AortaPublisher] publisher initialize. topic:/wbc/joint_position_control, uri:
I0826 23:56:04.385212 532358 publisher.cpp:27] [GDK]create publisher: /wbc/joint_position_control type: genie_msgs.msg.pb.JointPositionControl qos: 1 1 5 2
I0826 23:56:04.385268 532358 cosine_bus_manager.cpp:294] [cosine_internal][CosineBusManager] create publisher. topic name:/MotionControlService/JointPosition/request , middleware:aorta
I0826 23:56:04.385681 532358 tcp_publisher.cc:179] [aorta]topic /MotionControlService/JointPosition/request, pub_queue_size_ 5, latch_queue_size_ 0
I0826 23:56:04.385741 533903 tcp_socket_server.cc:200] [aorta]The ip info is0.0.0.0:44431
I0826 23:56:04.385812 533903 shm_socket_server.cc:101] [aorta][/MotionControlService/JointPosition/request] bind at pipe sock name d2379|python3.10|p532358|n0|..onControlService/JointPosition/request|p9
I0826 23:56:04.385865 532358 node_impl.cc:198] [aorta]CreatePublisher, host:0.0.0.0, port:44431, sockname:d2379|python3.10|p532358|n0|..onControlService/JointPosition/request|p9, topic:/MotionControlService/JointPosition/request, uid:e91c569d-6a17-49bc-a8b8-0bcfbc18beb0-13247891859042633557 topic_uid:-1
I0826 23:56:04.385883 532358 aorta_component.cpp:394] [cosine_internal][AortaComponent] aorta node create publisher. node: python3.10_S1, topic:/MotionControlService/JointPosition/request, type:genie_msgs.msg.pb.JointPositionRequst, qos:(history:1, depth:5, reliability:1, durability:2), uri:http://10.42.0.101:2379
I0826 23:56:04.385914 532358 aorta_publisher.cpp:119] [cosine_internal][AortaPublisher] publisher initialize. topic:/MotionControlService/JointPosition/request, uri:
I0826 23:56:04.385922 532358 publisher.cpp:27] [GDK]create publisher: /MotionControlService/JointPosition/request type: genie_msgs.msg.pb.JointPositionRequst qos: 1 1 5 2
I0826 23:56:04.386013 532358 cosine_bus_manager.cpp:294] [cosine_internal][CosineBusManager] create publisher. topic name:/MotionControlService/ControlMode/request , middleware:aorta
I0826 23:56:04.386427 532358 tcp_publisher.cc:179] [aorta]topic /MotionControlService/ControlMode/request, pub_queue_size_ 5, latch_queue_size_ 0
I0826 23:56:04.386508 533903 tcp_socket_server.cc:200] [aorta]The ip info is0.0.0.0:44577
I0826 23:56:04.386586 533903 shm_socket_server.cc:101] [aorta][/MotionControlService/ControlMode/request] bind at pipe sock name d2379|python3.10|p532358|n0|..tionControlService/ControlMode/request|p10
I0826 23:56:04.386642 532358 node_impl.cc:198] [aorta]CreatePublisher, host:0.0.0.0, port:44577, sockname:d2379|python3.10|p532358|n0|..tionControlService/ControlMode/request|p10, topic:/MotionControlService/ControlMode/request, uid:0658b4ca-74d5-44c9-b777-3efdeb62bcc7-7079047142913889307 topic_uid:-1
I0826 23:56:04.386659 532358 aorta_component.cpp:394] [cosine_internal][AortaComponent] aorta node create publisher. node: python3.10_S1, topic:/MotionControlService/ControlMode/request, type:genie_msgs.msg.pb.ControlModeRequest, qos:(history:1, depth:5, reliability:1, durability:2), uri:http://10.42.0.101:2379
I0826 23:56:04.386693 532358 aorta_publisher.cpp:119] [cosine_internal][AortaPublisher] publisher initialize. topic:/MotionControlService/ControlMode/request, uri:
I0826 23:56:04.386699 532358 publisher.cpp:27] [GDK]create publisher: /MotionControlService/ControlMode/request type: genie_msgs.msg.pb.ControlModeRequest qos: 1 1 5 2
I0826 23:56:04.386720 532358 cosine_bus_manager.cpp:294] [cosine_internal][CosineBusManager] create publisher. topic name:/MotionControlService/SetLoad/request , middleware:aorta
I0826 23:56:04.387112 532358 tcp_publisher.cc:179] [aorta]topic /MotionControlService/SetLoad/request, pub_queue_size_ 5, latch_queue_size_ 0
I0826 23:56:04.387193 533903 tcp_socket_server.cc:200] [aorta]The ip info is0.0.0.0:42923
I0826 23:56:04.387279 533903 shm_socket_server.cc:101] [aorta][/MotionControlService/SetLoad/request] bind at pipe sock name d2379|python3.10|p532358|n0|/MotionControlService/SetLoad/request|p11
I0826 23:56:04.387322 532358 node_impl.cc:198] [aorta]CreatePublisher, host:0.0.0.0, port:42923, sockname:d2379|python3.10|p532358|n0|/MotionControlService/SetLoad/request|p11, topic:/MotionControlService/SetLoad/request, uid:d6f5a0ee-356e-41b6-bc0a-6a4e1075188d-13250693701014519938 topic_uid:-1
