Log file created at: 2025/08/27 01:17:22
Running on machine: G2
Log line format: [IWEF]mmdd hh:mm:ss.uuuuuu threadid file:line] msg
I0827 01:17:22.415870 1865263 dylog_impl.cpp:641] [DYLOG] set dylog default level to INFO
I0827 01:17:22.415948 1865263 dylog_impl.cpp:690] [DYLOG] soc num : R2
I0827 01:17:22.415963 1865263 dylog_impl.cpp:695] [DYLOG] can't read scene_mode, use sud
W0827 01:17:22.415989 1865263 dylog_impl.cpp:757] [DYLOG] can't find available json config file with path : /home/agi/app/conf/scene_server/dylog_sud_default.json, use default.
I0827 01:17:22.416123 1865263 dylog_impl.cpp:293] [DYLOG] register dsd_name : dylog/python3.10/cosine_internal
I0827 01:17:22.420147 1865263 cosine_bus_manager.cpp:88] [cosine_internal][CosineBusManager] cosine bus config path not set, use default config.
I0827 01:17:22.420197 1865263 cosine_bus_manager.cpp:118] [cosine_internal][CosineBusManager] initial cosine_bus_config:
I0827 01:17:22.421936 1865263 cosine_bus_global_sync.cpp:30] [cosine_internal][BusGlobalSync] set default middleware name:aorta
I0827 01:17:22.421988 1865263 scheduler_classic.cpp:28] [cosine_internal]Proc number set to be: 1
I0827 01:17:22.423629 1865263 dynamic_object.cpp:521] [cosine_internal][DynamicObject] open libdynamic_aorta.so success.
I0827 01:17:22.423832 1865263 dynamic_object.cpp:581] [cosine_internal][DynamicObject] Successfully enumerated 57 symbols in libdynamic_aorta.so
I0827 01:17:22.423842 1865263 resource_loader.cpp:13] [cosine_internal][ResourceLoader] Attempting to load function: aorta_get_object
I0827 01:17:22.423846 1865263 resource_loader.cpp:17] [cosine_internal][ResourceLoader] Trying address() method for C++ symbol: aorta_get_object
I0827 01:17:22.423853 1865263 resource_loader.cpp:20] [cosine_internal][ResourceLoader] Successfully loaded C++ symbol: aorta_get_object
I0827 01:17:22.423857 1865263 resource_loader.cpp:13] [cosine_internal][ResourceLoader] Attempting to load function: aorta_call_object_func
I0827 01:17:22.423861 1865263 resource_loader.cpp:17] [cosine_internal][ResourceLoader] Trying address() method for C++ symbol: aorta_call_object_func
I0827 01:17:22.423864 1865263 resource_loader.cpp:20] [cosine_internal][ResourceLoader] Successfully loaded C++ symbol: aorta_call_object_func
I0827 01:17:22.423867 1865263 resource_loader.cpp:13] [cosine_internal][ResourceLoader] Attempting to load function: aorta_clean_up
I0827 01:17:22.423870 1865263 resource_loader.cpp:17] [cosine_internal][ResourceLoader] Trying address() method for C++ symbol: aorta_clean_up
I0827 01:17:22.423885 1865263 resource_loader.cpp:25] [cosine_internal][ResourceLoader] C++ symbol failed, trying c_address() method for C symbol: aorta_clean_up
I0827 01:17:22.423889 1865263 resource_loader.cpp:28] [cosine_internal][ResourceLoader] Successfully loaded C symbol: aorta_clean_up
W0827 01:17:22.423898 1865263 aorta_component.cpp:90] [cosine_internal]Environment variable [LOCATOR_IP/DDS_IP] not set, fallback to 10.42.0.101
I0827 01:17:22.423904 1865263 aorta_component.cpp:496] [cosine_internal][AortaComponent] locator_ip: 10.42.0.101; Check network before domain init 
I0827 01:17:22.423946 1865263 clock.cpp:22] [cosine_internal]load ptp time source from: libptp_clock_time.so
I0827 01:17:22.424130 1865263 dynamic_object.cpp:521] [cosine_internal][DynamicObject] open libptp_clock_time.so success.
I0827 01:17:22.424599 1865263 aorta_component.cpp:515] [cosine_internal][AortaComponent] Network check start. locator_ip: 10.42.0.101, timeout: 60 seconds , check_start_time: 1756228642
I0827 01:17:22.424623 1865263 aorta_component.cpp:526] [cosine_internal][AortaComponent] locator_ip: 10.42.0.101; network is ready.
I0827 01:17:22.424679 1865263 dylog_impl.cpp:293] [DYLOG] register dsd_name : dylog/python3.10/aorta
I0827 01:17:22.424823 1865263 pcie_config.cc:52] [aorta]Get one valid pcie channel. producer: soc-s3 app-map_loc_app endpoint-nvscic2c_pcie_s3_c7_11 consumer: soc-s1 app-worldmodel endpoint-nvscic2c_pcie_s1_c7_11
I0827 01:17:22.424917 1865263 os.cc:88] [aorta]Got host_id from system files: Huixi R1ROBOR2
I0827 01:17:22.424962 1865263 pcie_manager.cc:71] [aorta]There is no pcie config in current process.
I0827 01:17:22.425336 1865263 message_monitor_config.cc:398] [aorta]run in  mode
I0827 01:17:22.426600 1865263 domain_impl.cc:58] [aorta]aorta version:7b1b7ddc
I0827 01:17:22.426631 1865263 json_comm.cc:35] [aorta]file path: /home/agi/app/conf/topology/topology_rule.json not exist.
I0827 01:17:22.426647 1865263 message_monitor_config.cc:398] [aorta]run in  mode
I0827 01:17:22.427616 1865263 message_monitor_config.cc:731] [aorta]message monitor is updated from /home/agi/app/conf/aorta/function/aorta_monitor_conf.json
I0827 01:17:22.428524 1865263 discovery_factory.cc:14] [aorta]type:1, host:10.42.0.101, port:2379, ttl:15, minor_cycle:100, major_cycle:3
I0827 01:17:22.429003 1865263 config.cc:53] [aorta]AORTA_IP_MASK not set.
I0827 01:17:22.429010 1865263 discovery.cc:245] [aorta]get ip masks empty.
I0827 01:17:22.429018 1865263 config.cc:200] [aorta]AORTA_EXTRA_LOCAL_IPS not set.
I0827 01:17:22.429021 1865263 discovery.cc:266] [aorta]local_publisher_ips_ empty.
I0827 01:17:22.429041 1865263 config.cc:124] [aorta]ip match, ip:127.0.0.1
I0827 01:17:22.429050 1865263 discovery.cc:275] [aorta]default emplace ip:10.42.0.101
I0827 01:17:22.429054 1865263 discovery.cc:275] [aorta]default emplace ip:10.42.12.101
I0827 01:17:22.429056 1865263 discovery.cc:275] [aorta]default emplace ip:10.42.1.101
I0827 01:17:22.429059 1865263 discovery.cc:275] [aorta]default emplace ip:192.168.1.101
I0827 01:17:22.429061 1865263 discovery.cc:275] [aorta]default emplace ip:10.42.30.101
I0827 01:17:22.429064 1865263 discovery.cc:275] [aorta]default emplace ip:10.42.40.101
I0827 01:17:22.429067 1865263 discovery.cc:275] [aorta]default emplace ip:10.20.15.199
I0827 01:17:22.429069 1865263 discovery.cc:275] [aorta]default emplace ip:10.42.6.101
I0827 01:17:22.429075 1865263 centralized_discovery.cc:55] [aorta]lease_ttl_:15
I0827 01:17:22.429571 1865263 aorta_component.cpp:561] [cosine_internal][AortaComponent] aorta create domain success. uri:http://10.42.0.101:2379
I0827 01:17:22.429726 1865263 aorta_component.cpp:447] [cosine_internal][AortaComponent] aorta domain created node: python3.10_S1 , domain_uri:http://10.42.0.101:2379
I0827 01:17:22.429736 1865263 aorta_component.cpp:126] [cosine_internal][AortaComponent] aorta component init success. node:python3.10_S1, uri:http://10.42.0.101:2379, locator_kind(1:shm,2:tcp,3:udp):2, locator_ip:10.42.0.101, locator_port:0, aorta_dispatcher_thread_num:1
I0827 01:17:22.429877 1865304 processor.cpp:40] [cosine_internal]processor_tid: 1865304
I0827 01:17:22.430344 1865311 executor_impl.cc:91] [aorta]aorta-dispatch0 start spinning
I0827 01:17:22.447590 1865310 centralized_discovery.cc:1110] [aorta]poll thread: revision:2777
I0827 01:17:22.447695 1865310 centralized_discovery.cc:1123] [aorta]inotify_fd_:15 inotify_watch_:1 inotify_watch_path:/home/agi/app/conf/aorta/function
I0827 01:17:22.449193 1865310 centralized_discovery.cc:615] [aorta]grant lease for node python3.10_S1 lease_id = 7587889064995111872
I0827 01:17:22.450438 1865310 watch_state.cc:54] [aorta]watch connect success.
I0827 01:17:22.451447 1865310 centralized_discovery.cc:1615] [aorta]recv watch response created.
I0827 01:17:22.479652 1865263 cosine_bus_manager.cpp:294] [cosine_internal][CosineBusManager] create publisher. topic name:/gdk/config_request , middleware:aorta
I0827 01:17:22.480352 1865263 tcp_publisher.cc:179] [aorta]topic /gdk/config_request, pub_queue_size_ 5, latch_queue_size_ 0
I0827 01:17:22.480547 1865324 tcp_socket_server.cc:200] [aorta]The ip info is0.0.0.0:34483
I0827 01:17:22.480667 1865324 shm_socket_server.cc:101] [aorta][/gdk/config_request] bind at pipe sock name d2379|python3.10|p1865263|n0|/gdk/config_request|p0
I0827 01:17:22.480747 1865263 node_impl.cc:198] [aorta]CreatePublisher, host:0.0.0.0, port:34483, sockname:d2379|python3.10|p1865263|n0|/gdk/config_request|p0, topic:/gdk/config_request, uid:857799cf-549a-4e6f-856a-196cbe74b0ca-4991715019463590898 topic_uid:-1
I0827 01:17:22.480780 1865263 aorta_component.cpp:394] [cosine_internal][AortaComponent] aorta node create publisher. node: python3.10_S1, topic:/gdk/config_request, type:genie_msgs.msg.pb.CommonRequest, qos:(history:1, depth:5, reliability:1, durability:2), uri:http://10.42.0.101:2379
I0827 01:17:22.480820 1865263 aorta_publisher.cpp:119] [cosine_internal][AortaPublisher] publisher initialize. topic:/gdk/config_request, uri:
I0827 01:17:22.480835 1865263 dylog_impl.cpp:293] [DYLOG] register dsd_name : dylog/python3.10/GDK
I0827 01:17:22.480876 1865263 publisher.cpp:27] [GDK]create publisher: /gdk/config_request type: genie_msgs.msg.pb.CommonRequest qos: 1 1 5 2
I0827 01:17:22.480897 1865263 cosine_bus_manager.cpp:294] [cosine_internal][CosineBusManager] create publisher. topic name:/gdk/camera_conf_request , middleware:aorta
I0827 01:17:22.481298 1865263 tcp_publisher.cc:179] [aorta]topic /gdk/camera_conf_request, pub_queue_size_ 5, latch_queue_size_ 0
I0827 01:17:22.481357 1865324 tcp_socket_server.cc:200] [aorta]The ip info is0.0.0.0:43391
I0827 01:17:22.481416 1865324 shm_socket_server.cc:101] [aorta][/gdk/camera_conf_request] bind at pipe sock name d2379|python3.10|p1865263|n0|/gdk/camera_conf_request|p1
I0827 01:17:22.481463 1865263 node_impl.cc:198] [aorta]CreatePublisher, host:0.0.0.0, port:43391, sockname:d2379|python3.10|p1865263|n0|/gdk/camera_conf_request|p1, topic:/gdk/camera_conf_request, uid:5c183837-678d-4f7b-8df7-4e2840c6f86d-9117180461459404870 topic_uid:-1
I0827 01:17:22.481483 1865263 aorta_component.cpp:394] [cosine_internal][AortaComponent] aorta node create publisher. node: python3.10_S1, topic:/gdk/camera_conf_request, type:genie_msgs.msg.pb.CommonRequest, qos:(history:1, depth:5, reliability:1, durability:2), uri:http://10.42.0.101:2379
I0827 01:17:22.481514 1865263 aorta_publisher.cpp:119] [cosine_internal][AortaPublisher] publisher initialize. topic:/gdk/camera_conf_request, uri:
I0827 01:17:22.481521 1865263 publisher.cpp:27] [GDK]create publisher: /gdk/camera_conf_request type: genie_msgs.msg.pb.CommonRequest qos: 1 1 5 2
I0827 01:17:22.481539 1865263 cosine_bus_manager.cpp:400] [cosine_internal][CosineBusManager] create subscriber. topic name:/gdk/config_response , middleware:aorta , need async callback:0, frame_skip_rate:1
I0827 01:17:22.481549 1865263 aorta_component.cpp:174] [cosine_internal][AortaComponent] callback_name:/gdk/config_responsehttp://10.42.0.101:2379
I0827 01:17:22.481626 1865263 dynamic_object.cpp:521] [cosine_internal][DynamicObject] open  success.
I0827 01:17:22.481786 1865263 buffered_data_export.cpp:115] [cosine_internal]successfully create buffer [bus_buffer___gdk__config_response, type genie_msgs.msg.pb.CommonResponse, block num 5, valid_time 0, transfer_type 0, data_size 0, mem_type 0, lib_name , ext_data_size 0, is_protobuf 1, enable_event_sync_subscriber 0], buffer id = 1
I0827 01:17:22.481812 1865263 cosine_bus_message_buffer.cpp:45] [cosine_internal][CosineBusMessageBuffer] create buffer success. name:bus_buffer___gdk__config_response, type:genie_msgs.msg.pb.CommonResponse, size:5
I0827 01:17:22.481896 1865263 node_impl.cc:344] [aorta]CreateSubscriber topic:/gdk/config_response, uid:8de7ff6b-8ef7-427f-8024-daa8e46af97c-9533047780102618842 topic_uid:-1
I0827 01:17:22.482542 1865263 aorta_component.cpp:326] [cosine_internal][AortaComponent] aorta node create subscriber. node: python3.10_S1, topic:/gdk/config_response, type:genie_msgs.msg.pb.CommonResponse, qos:(history:1, depth:5, reliability:1, durability:2), uri:http://10.42.0.101:2379
I0827 01:17:22.482558 1865263 aorta_subscriber.hpp:96] [cosine_internal][AortaSubscriber] initial. topic:/gdk/config_response, uri:
I0827 01:17:22.482573 1865263 cosine_bus_manager.cpp:400] [cosine_internal][CosineBusManager] create subscriber. topic name:/gdk/camera_conf_response , middleware:aorta , need async callback:0, frame_skip_rate:1
I0827 01:17:22.482580 1865263 aorta_component.cpp:174] [cosine_internal][AortaComponent] callback_name:/gdk/camera_conf_responsehttp://10.42.0.101:2379
I0827 01:17:22.482630 1865263 buffered_data_export.cpp:115] [cosine_internal]successfully create buffer [bus_buffer___gdk__camera_conf_response, type genie_msgs.msg.pb.CommonResponse, block num 5, valid_time 0, transfer_type 0, data_size 0, mem_type 0, lib_name , ext_data_size 0, is_protobuf 1, enable_event_sync_subscriber 0], buffer id = 2
I0827 01:17:22.482643 1865263 cosine_bus_message_buffer.cpp:45] [cosine_internal][CosineBusMessageBuffer] create buffer success. name:bus_buffer___gdk__camera_conf_response, type:genie_msgs.msg.pb.CommonResponse, size:5
I0827 01:17:22.482728 1865263 node_impl.cc:344] [aorta]CreateSubscriber topic:/gdk/camera_conf_response, uid:bcf81632-17f8-49ef-b9fb-37dd754880a9-3551884323222435368 topic_uid:-1
I0827 01:17:22.482743 1865310 centralized_discovery.cc:681] [aorta]publisher uid:857799cf-549a-4e6f-856a-196cbe74b0ca-4991715019463590898 topic:/gdk/config_request
I0827 01:17:22.483106 1865263 aorta_component.cpp:326] [cosine_internal][AortaComponent] aorta node create subscriber. node: python3.10_S1, topic:/gdk/camera_conf_response, type:genie_msgs.msg.pb.CommonResponse, qos:(history:1, depth:5, reliability:1, durability:2), uri:http://10.42.0.101:2379
I0827 01:17:22.483119 1865263 aorta_subscriber.hpp:96] [cosine_internal][AortaSubscriber] initial. topic:/gdk/camera_conf_response, uri:
I0827 01:17:22.483193 1865263 cosine_bus_manager.cpp:400] [cosine_internal][CosineBusManager] create subscriber. topic name:/pnc/task_state , middleware:aorta , need async callback:0, frame_skip_rate:1
I0827 01:17:22.483203 1865263 aorta_component.cpp:174] [cosine_internal][AortaComponent] callback_name:/pnc/task_statehttp://10.42.0.101:2379
I0827 01:17:22.483736 1865263 buffered_data_export.cpp:115] [cosine_internal]successfully create buffer [bus_buffer___pnc__task_state, type pnc_msgs.TaskState, block num 5, valid_time 0, transfer_type 0, data_size 0, mem_type 0, lib_name , ext_data_size 0, is_protobuf 1, enable_event_sync_subscriber 0], buffer id = 3
I0827 01:17:22.483757 1865263 cosine_bus_message_buffer.cpp:45] [cosine_internal][CosineBusMessageBuffer] create buffer success. name:bus_buffer___pnc__task_state, type:pnc_msgs.TaskState, size:5
I0827 01:17:22.483841 1865263 node_impl.cc:344] [aorta]CreateSubscriber topic:/pnc/task_state, uid:604ff8db-bf45-48ee-bce0-7ab169b28645-9096530589114119892 topic_uid:-1
I0827 01:17:22.484236 1865263 aorta_component.cpp:326] [cosine_internal][AortaComponent] aorta node create subscriber. node: python3.10_S1, topic:/pnc/task_state, type:pnc_msgs.TaskState, qos:(history:1, depth:5, reliability:1, durability:2), uri:http://10.42.0.101:2379
I0827 01:17:22.484246 1865263 aorta_subscriber.hpp:96] [cosine_internal][AortaSubscriber] initial. topic:/pnc/task_state, uri:
I0827 01:17:22.484272 1865263 cosine_bus_manager.cpp:400] [cosine_internal][CosineBusManager] create subscriber. topic name:/pnc/task_service/normal_navigation/response , middleware:aorta , need async callback:0, frame_skip_rate:1
I0827 01:17:22.484282 1865263 aorta_component.cpp:174] [cosine_internal][AortaComponent] callback_name:/pnc/task_service/normal_navigation/responsehttp://10.42.0.101:2379
I0827 01:17:22.484323 1865263 buffered_data_export.cpp:115] [cosine_internal]successfully create buffer [bus_buffer___pnc__task_service__normal_navigation__response, type pnc_msgs.NormalNavigationResponse, block num 5, valid_time 0, transfer_type 0, data_size 0, mem_type 0, lib_name , ext_data_size 0, is_protobuf 1, enable_event_sync_subscriber 0], buffer id = 4
I0827 01:17:22.484335 1865263 cosine_bus_message_buffer.cpp:45] [cosine_internal][CosineBusMessageBuffer] create buffer success. name:bus_buffer___pnc__task_service__normal_navigation__response, type:pnc_msgs.NormalNavigationResponse, size:5
I0827 01:17:22.484406 1865263 node_impl.cc:344] [aorta]CreateSubscriber topic:/pnc/task_service/normal_navigation/response, uid:cabad744-76e5-4837-b893-ba6cbfc9c19f-7227396448010854466 topic_uid:-1
I0827 01:17:22.484776 1865263 aorta_component.cpp:326] [cosine_internal][AortaComponent] aorta node create subscriber. node: python3.10_S1, topic:/pnc/task_service/normal_navigation/response, type:pnc_msgs.NormalNavigationResponse, qos:(history:1, depth:5, reliability:1, durability:2), uri:http://10.42.0.101:2379
I0827 01:17:22.484786 1865263 aorta_subscriber.hpp:96] [cosine_internal][AortaSubscriber] initial. topic:/pnc/task_service/normal_navigation/response, uri:
I0827 01:17:22.484797 1865263 cosine_bus_manager.cpp:400] [cosine_internal][CosineBusManager] create subscriber. topic name:/pnc/task_service/high_precision_navigation/response , middleware:aorta , need async callback:0, frame_skip_rate:1
I0827 01:17:22.484804 1865263 aorta_component.cpp:174] [cosine_internal][AortaComponent] callback_name:/pnc/task_service/high_precision_navigation/responsehttp://10.42.0.101:2379
I0827 01:17:22.484838 1865263 buffered_data_export.cpp:115] [cosine_internal]successfully create buffer [bus_buffer___pnc__task_service__high_precision_navigation__response, type pnc_msgs.HighPrecisionNavigationResponse, block num 5, valid_time 0, transfer_type 0, data_size 0, mem_type 0, lib_name , ext_data_size 0, is_protobuf 1, enable_event_sync_subscriber 0], buffer id = 5
I0827 01:17:22.484850 1865263 cosine_bus_message_buffer.cpp:45] [cosine_internal][CosineBusMessageBuffer] create buffer success. name:bus_buffer___pnc__task_service__high_precision_navigation__response, type:pnc_msgs.HighPrecisionNavigationResponse, size:5
I0827 01:17:22.484913 1865263 node_impl.cc:344] [aorta]CreateSubscriber topic:/pnc/task_service/high_precision_navigation/response, uid:34c61610-62d0-444a-be27-8d2783933cd3-4701876173029784314 topic_uid:-1
I0827 01:17:22.484970 1865310 centralized_discovery.cc:681] [aorta]publisher uid:5c183837-678d-4f7b-8df7-4e2840c6f86d-9117180461459404870 topic:/gdk/camera_conf_request
I0827 01:17:22.485642 1865263 aorta_component.cpp:326] [cosine_internal][AortaComponent] aorta node create subscriber. node: python3.10_S1, topic:/pnc/task_service/high_precision_navigation/response, type:pnc_msgs.HighPrecisionNavigationResponse, qos:(history:1, depth:5, reliability:1, durability:2), uri:http://10.42.0.101:2379
I0827 01:17:22.485661 1865263 aorta_subscriber.hpp:96] [cosine_internal][AortaSubscriber] initial. topic:/pnc/task_service/high_precision_navigation/response, uri:
I0827 01:17:22.485679 1865263 cosine_bus_manager.cpp:400] [cosine_internal][CosineBusManager] create subscriber. topic name:/pnc/task_service/relative_move/response , middleware:aorta , need async callback:0, frame_skip_rate:1
I0827 01:17:22.485688 1865263 aorta_component.cpp:174] [cosine_internal][AortaComponent] callback_name:/pnc/task_service/relative_move/responsehttp://10.42.0.101:2379
I0827 01:17:22.485739 1865263 buffered_data_export.cpp:115] [cosine_internal]successfully create buffer [bus_buffer___pnc__task_service__relative_move__response, type pnc_msgs.RelativeMoveResponse, block num 5, valid_time 0, transfer_type 0, data_size 0, mem_type 0, lib_name , ext_data_size 0, is_protobuf 1, enable_event_sync_subscriber 0], buffer id = 6
I0827 01:17:22.485764 1865263 cosine_bus_message_buffer.cpp:45] [cosine_internal][CosineBusMessageBuffer] create buffer success. name:bus_buffer___pnc__task_service__relative_move__response, type:pnc_msgs.RelativeMoveResponse, size:5
I0827 01:17:22.485842 1865263 node_impl.cc:344] [aorta]CreateSubscriber topic:/pnc/task_service/relative_move/response, uid:33b33df7-abaf-4e7e-a70c-467c9718197d-4077207897147431090 topic_uid:-1
I0827 01:17:22.486235 1865263 aorta_component.cpp:326] [cosine_internal][AortaComponent] aorta node create subscriber. node: python3.10_S1, topic:/pnc/task_service/relative_move/response, type:pnc_msgs.RelativeMoveResponse, qos:(history:1, depth:5, reliability:1, durability:2), uri:http://10.42.0.101:2379
I0827 01:17:22.486245 1865263 aorta_subscriber.hpp:96] [cosine_internal][AortaSubscriber] initial. topic:/pnc/task_service/relative_move/response, uri:
I0827 01:17:22.486258 1865263 cosine_bus_manager.cpp:400] [cosine_internal][CosineBusManager] create subscriber. topic name:/pnc/task_service/task_cancel/response , middleware:aorta , need async callback:0, frame_skip_rate:1
I0827 01:17:22.486265 1865263 aorta_component.cpp:174] [cosine_internal][AortaComponent] callback_name:/pnc/task_service/task_cancel/responsehttp://10.42.0.101:2379
I0827 01:17:22.486311 1865263 buffered_data_export.cpp:115] [cosine_internal]successfully create buffer [bus_buffer___pnc__task_service__task_cancel__response, type pnc_msgs.TaskCancelResponse, block num 5, valid_time 0, transfer_type 0, data_size 0, mem_type 0, lib_name , ext_data_size 0, is_protobuf 1, enable_event_sync_subscriber 0], buffer id = 7
I0827 01:17:22.486323 1865263 cosine_bus_message_buffer.cpp:45] [cosine_internal][CosineBusMessageBuffer] create buffer success. name:bus_buffer___pnc__task_service__task_cancel__response, type:pnc_msgs.TaskCancelResponse, size:5
I0827 01:17:22.486392 1865263 node_impl.cc:344] [aorta]CreateSubscriber topic:/pnc/task_service/task_cancel/response, uid:15b6f762-f3cb-4a65-8f76-72e92b14f372-3654631836754090917 topic_uid:-1
I0827 01:17:22.487010 1865310 centralized_discovery.cc:733] [aorta]subscriber uid:8de7ff6b-8ef7-427f-8024-daa8e46af97c-9533047780102618842 topic:/gdk/config_response
I0827 01:17:22.489643 1865326 shm_subscriber.cc:120] [aorta]subscriber connect to publisher success, topic /gdk/config_response, local d2379|python3.10|p1865263|n0|s0|c0, peer d2379|gdk_service|p8963|n0|/gdk/config_response|p0
I0827 01:17:22.490032 1865310 centralized_discovery.cc:733] [aorta]subscriber uid:bcf81632-17f8-49ef-b9fb-37dd754880a9-3551884323222435368 topic:/gdk/camera_conf_response
I0827 01:17:22.491214 1865326 shm_subscriber.cc:120] [aorta]subscriber connect to publisher success, topic /gdk/camera_conf_response, local d2379|python3.10|p1865263|n0|s1|c0, peer d2379|gdk_service|p8963|n0|/gdk/camera_conf_response|p1
I0827 01:17:22.491291 1865310 centralized_discovery.cc:733] [aorta]subscriber uid:604ff8db-bf45-48ee-bce0-7ab169b28645-9096530589114119892 topic:/pnc/task_state
I0827 01:17:22.492178 1865263 aorta_component.cpp:326] [cosine_internal][AortaComponent] aorta node create subscriber. node: python3.10_S1, topic:/pnc/task_service/task_cancel/response, type:pnc_msgs.TaskCancelResponse, qos:(history:1, depth:5, reliability:1, durability:2), uri:http://10.42.0.101:2379
I0827 01:17:22.492202 1865263 aorta_subscriber.hpp:96] [cosine_internal][AortaSubscriber] initial. topic:/pnc/task_service/task_cancel/response, uri:
I0827 01:17:22.492239 1865263 cosine_bus_manager.cpp:400] [cosine_internal][CosineBusManager] create subscriber. topic name:/pnc/task_service/task_pause/response , middleware:aorta , need async callback:0, frame_skip_rate:1
I0827 01:17:22.492251 1865263 aorta_component.cpp:174] [cosine_internal][AortaComponent] callback_name:/pnc/task_service/task_pause/responsehttp://10.42.0.101:2379
I0827 01:17:22.492336 1865326 shm_subscriber.cc:120] [aorta]subscriber connect to publisher success, topic /pnc/task_state, local d2379|python3.10|p1865263|n0|s2|c0, peer d2379|quark_navigation|p1404594|n0|/pnc/task_state|p24
I0827 01:17:22.492347 1865263 buffered_data_export.cpp:115] [cosine_internal]successfully create buffer [bus_buffer___pnc__task_service__task_pause__response, type pnc_msgs.TaskPauseResponse, block num 5, valid_time 0, transfer_type 0, data_size 0, mem_type 0, lib_name , ext_data_size 0, is_protobuf 1, enable_event_sync_subscriber 0], buffer id = 8
I0827 01:17:22.492369 1865263 cosine_bus_message_buffer.cpp:45] [cosine_internal][CosineBusMessageBuffer] create buffer success. name:bus_buffer___pnc__task_service__task_pause__response, type:pnc_msgs.TaskPauseResponse, size:5
I0827 01:17:22.492401 1865310 centralized_discovery.cc:733] [aorta]subscriber uid:cabad744-76e5-4837-b893-ba6cbfc9c19f-7227396448010854466 topic:/pnc/task_service/normal_navigation/response
I0827 01:17:22.492484 1865263 node_impl.cc:344] [aorta]CreateSubscriber topic:/pnc/task_service/task_pause/response, uid:30e277ed-6f99-45a0-9965-9460f93072ca-4995236092065324733 topic_uid:-1
I0827 01:17:22.492921 1865263 aorta_component.cpp:326] [cosine_internal][AortaComponent] aorta node create subscriber. node: python3.10_S1, topic:/pnc/task_service/task_pause/response, type:pnc_msgs.TaskPauseResponse, qos:(history:1, depth:5, reliability:1, durability:2), uri:http://10.42.0.101:2379
I0827 01:17:22.492935 1865263 aorta_subscriber.hpp:96] [cosine_internal][AortaSubscriber] initial. topic:/pnc/task_service/task_pause/response, uri:
I0827 01:17:22.492956 1865263 cosine_bus_manager.cpp:400] [cosine_internal][CosineBusManager] create subscriber. topic name:/pnc/task_service/task_resume/response , middleware:aorta , need async callback:0, frame_skip_rate:1
I0827 01:17:22.492964 1865263 aorta_component.cpp:174] [cosine_internal][AortaComponent] callback_name:/pnc/task_service/task_resume/responsehttp://10.42.0.101:2379
I0827 01:17:22.493009 1865263 buffered_data_export.cpp:115] [cosine_internal]successfully create buffer [bus_buffer___pnc__task_service__task_resume__response, type pnc_msgs.TaskResumeResponse, block num 5, valid_time 0, transfer_type 0, data_size 0, mem_type 0, lib_name , ext_data_size 0, is_protobuf 1, enable_event_sync_subscriber 0], buffer id = 9
I0827 01:17:22.493023 1865263 cosine_bus_message_buffer.cpp:45] [cosine_internal][CosineBusMessageBuffer] create buffer success. name:bus_buffer___pnc__task_service__task_resume__response, type:pnc_msgs.TaskResumeResponse, size:5
I0827 01:17:22.493099 1865263 node_impl.cc:344] [aorta]CreateSubscriber topic:/pnc/task_service/task_resume/response, uid:49d04b14-e219-42cd-85ae-98ec7628f461-16859347558940246081 topic_uid:-1
I0827 01:17:22.493419 1865326 shm_subscriber.cc:120] [aorta]subscriber connect to publisher success, topic /pnc/task_service/normal_navigation/response, local d2379|python3.10|p1865263|n0|s3|c0, peer d2379|quark_navigation|p1404594|n0|..ask_service/normal_navigation/response|p11
I0827 01:17:22.493486 1865310 centralized_discovery.cc:733] [aorta]subscriber uid:34c61610-62d0-444a-be27-8d2783933cd3-4701876173029784314 topic:/pnc/task_service/high_precision_navigation/response
I0827 01:17:22.493494 1865263 aorta_component.cpp:326] [cosine_internal][AortaComponent] aorta node create subscriber. node: python3.10_S1, topic:/pnc/task_service/task_resume/response, type:pnc_msgs.TaskResumeResponse, qos:(history:1, depth:5, reliability:1, durability:2), uri:http://10.42.0.101:2379
I0827 01:17:22.493503 1865263 aorta_subscriber.hpp:96] [cosine_internal][AortaSubscriber] initial. topic:/pnc/task_service/task_resume/response, uri:
I0827 01:17:22.493521 1865263 cosine_bus_manager.cpp:400] [cosine_internal][CosineBusManager] create subscriber. topic name:/pnc/task_service/remote_control/response , middleware:aorta , need async callback:0, frame_skip_rate:1
I0827 01:17:22.493530 1865263 aorta_component.cpp:174] [cosine_internal][AortaComponent] callback_name:/pnc/task_service/remote_control/responsehttp://10.42.0.101:2379
I0827 01:17:22.493572 1865263 buffered_data_export.cpp:115] [cosine_internal]successfully create buffer [bus_buffer___pnc__task_service__remote_control__response, type pnc_msgs.RemoteControlResponse, block num 5, valid_time 0, transfer_type 0, data_size 0, mem_type 0, lib_name , ext_data_size 0, is_protobuf 1, enable_event_sync_subscriber 0], buffer id = 10
I0827 01:17:22.493587 1865263 cosine_bus_message_buffer.cpp:45] [cosine_internal][CosineBusMessageBuffer] create buffer success. name:bus_buffer___pnc__task_service__remote_control__response, type:pnc_msgs.RemoteControlResponse, size:5
I0827 01:17:22.493665 1865263 node_impl.cc:344] [aorta]CreateSubscriber topic:/pnc/task_service/remote_control/response, uid:6b0779b1-3ca5-4850-bb11-55b250c60539-11583863028842959166 topic_uid:-1
I0827 01:17:22.494719 1865326 shm_subscriber.cc:120] [aorta]subscriber connect to publisher success, topic /pnc/task_service/high_precision_navigation/response, local d2379|python3.10|p1865263|n0|s4|c0, peer d2379|quark_navigation|p1404594|n0|..ice/high_precision_navigation/response|p12
I0827 01:17:22.494833 1865310 centralized_discovery.cc:733] [aorta]subscriber uid:33b33df7-abaf-4e7e-a70c-467c9718197d-4077207897147431090 topic:/pnc/task_service/relative_move/response
I0827 01:17:22.496011 1865326 shm_subscriber.cc:120] [aorta]subscriber connect to publisher success, topic /pnc/task_service/relative_move/response, local d2379|python3.10|p1865263|n0|s5|c0, peer d2379|quark_navigation|p1404594|n0|/pnc/task_service/relative_move/response|p15
I0827 01:17:22.496133 1865310 centralized_discovery.cc:733] [aorta]subscriber uid:15b6f762-f3cb-4a65-8f76-72e92b14f372-3654631836754090917 topic:/pnc/task_service/task_cancel/response
I0827 01:17:22.497370 1865326 shm_subscriber.cc:120] [aorta]subscriber connect to publisher success, topic /pnc/task_service/task_cancel/response, local d2379|python3.10|p1865263|n0|s6|c0, peer d2379|quark_navigation|p1404594|n0|/pnc/task_service/task_cancel/response|p17
I0827 01:17:22.497480 1865310 centralized_discovery.cc:733] [aorta]subscriber uid:30e277ed-6f99-45a0-9965-9460f93072ca-4995236092065324733 topic:/pnc/task_service/task_pause/response
I0827 01:17:22.498531 1865326 shm_subscriber.cc:120] [aorta]subscriber connect to publisher success, topic /pnc/task_service/task_pause/response, local d2379|python3.10|p1865263|n0|s7|c0, peer d2379|quark_navigation|p1404594|n0|/pnc/task_service/task_pause/response|p18
I0827 01:17:22.498600 1865310 centralized_discovery.cc:733] [aorta]subscriber uid:49d04b14-e219-42cd-85ae-98ec7628f461-16859347558940246081 topic:/pnc/task_service/task_resume/response
I0827 01:17:22.499773 1865326 shm_subscriber.cc:120] [aorta]subscriber connect to publisher success, topic /pnc/task_service/task_resume/response, local d2379|python3.10|p1865263|n0|s8|c0, peer d2379|quark_navigation|p1404594|n0|/pnc/task_service/task_resume/response|p19
I0827 01:17:22.506358 1865263 aorta_component.cpp:326] [cosine_internal][AortaComponent] aorta node create subscriber. node: python3.10_S1, topic:/pnc/task_service/remote_control/response, type:pnc_msgs.RemoteControlResponse, qos:(history:1, depth:5, reliability:1, durability:2), uri:http://10.42.0.101:2379
I0827 01:17:22.506387 1865263 aorta_subscriber.hpp:96] [cosine_internal][AortaSubscriber] initial. topic:/pnc/task_service/remote_control/response, uri:
I0827 01:17:22.506404 1865310 centralized_discovery.cc:733] [aorta]subscriber uid:6b0779b1-3ca5-4850-bb11-55b250c60539-11583863028842959166 topic:/pnc/task_service/remote_control/response
I0827 01:17:22.506445 1865263 cosine_bus_manager.cpp:294] [cosine_internal][CosineBusManager] create publisher. topic name:/pnc/task_service/normal_navigation/request , middleware:aorta
I0827 01:17:22.506894 1865263 tcp_publisher.cc:179] [aorta]topic /pnc/task_service/normal_navigation/request, pub_queue_size_ 5, latch_queue_size_ 0
I0827 01:17:22.507755 1865326 shm_subscriber.cc:120] [aorta]subscriber connect to publisher success, topic /pnc/task_service/remote_control/response, local d2379|python3.10|p1865263|n0|s9|c0, peer d2379|quark_navigation|p1404594|n0|..c/task_service/remote_control/response|p16
I0827 01:17:22.518986 1865324 tcp_socket_server.cc:200] [aorta]The ip info is0.0.0.0:35333
I0827 01:17:22.519220 1865324 shm_socket_server.cc:101] [aorta][/pnc/task_service/normal_navigation/request] bind at pipe sock name d2379|python3.10|p1865263|n0|..task_service/normal_navigation/request|p2
I0827 01:17:22.519316 1865263 node_impl.cc:198] [aorta]CreatePublisher, host:0.0.0.0, port:35333, sockname:d2379|python3.10|p1865263|n0|..task_service/normal_navigation/request|p2, topic:/pnc/task_service/normal_navigation/request, uid:3a8027b4-a823-4f27-b8ff-e77fbeb4d321-11863888217293896894 topic_uid:-1
I0827 01:17:22.519353 1865263 aorta_component.cpp:394] [cosine_internal][AortaComponent] aorta node create publisher. node: python3.10_S1, topic:/pnc/task_service/normal_navigation/request, type:pnc_msgs.NormalNavigationRequest, qos:(history:1, depth:5, reliability:1, durability:2), uri:http://10.42.0.101:2379
I0827 01:17:22.519402 1865263 aorta_publisher.cpp:119] [cosine_internal][AortaPublisher] publisher initialize. topic:/pnc/task_service/normal_navigation/request, uri:
I0827 01:17:22.519407 1865310 centralized_discovery.cc:681] [aorta]publisher uid:3a8027b4-a823-4f27-b8ff-e77fbeb4d321-11863888217293896894 topic:/pnc/task_service/normal_navigation/request
I0827 01:17:22.519420 1865263 publisher.cpp:27] [GDK]create publisher: /pnc/task_service/normal_navigation/request type: pnc_msgs.NormalNavigationRequest qos: 1 1 5 2
I0827 01:17:22.519491 1865263 cosine_bus_manager.cpp:294] [cosine_internal][CosineBusManager] create publisher. topic name:/pnc/task_service/high_precision_navigation/request , middleware:aorta
I0827 01:17:22.519996 1865263 tcp_publisher.cc:179] [aorta]topic /pnc/task_service/high_precision_navigation/request, pub_queue_size_ 5, latch_queue_size_ 0
I0827 01:17:22.520061 1865324 tcp_socket_server.cc:200] [aorta]The ip info is0.0.0.0:36017
I0827 01:17:22.522552 1865324 shm_socket_server.cc:101] [aorta][/pnc/task_service/high_precision_navigation/request] bind at pipe sock name d2379|python3.10|p1865263|n0|..vice/high_precision_navigation/request|p3
I0827 01:17:22.522748 1865263 node_impl.cc:198] [aorta]CreatePublisher, host:0.0.0.0, port:36017, sockname:d2379|python3.10|p1865263|n0|..vice/high_precision_navigation/request|p3, topic:/pnc/task_service/high_precision_navigation/request, uid:018289c4-ee15-4403-8cd8-d8ce8bcbe5f4-13581583299462652003 topic_uid:-1
I0827 01:17:22.522789 1865263 aorta_component.cpp:394] [cosine_internal][AortaComponent] aorta node create publisher. node: python3.10_S1, topic:/pnc/task_service/high_precision_navigation/request, type:pnc_msgs.HighPrecisionNavigationRequest, qos:(history:1, depth:5, reliability:1, durability:2), uri:http://10.42.0.101:2379
I0827 01:17:22.522835 1865263 aorta_publisher.cpp:119] [cosine_internal][AortaPublisher] publisher initialize. topic:/pnc/task_service/high_precision_navigation/request, uri:
I0827 01:17:22.522850 1865263 publisher.cpp:27] [GDK]create publisher: /pnc/task_service/high_precision_navigation/request type: pnc_msgs.HighPrecisionNavigationRequest qos: 1 1 5 2
I0827 01:17:22.522902 1865263 cosine_bus_manager.cpp:294] [cosine_internal][CosineBusManager] create publisher. topic name:/pnc/task_service/relative_move/request , middleware:aorta
I0827 01:17:22.523391 1865263 tcp_publisher.cc:179] [aorta]topic /pnc/task_service/relative_move/request, pub_queue_size_ 5, latch_queue_size_ 0
I0827 01:17:22.523622 1865310 centralized_discovery.cc:681] [aorta]publisher uid:018289c4-ee15-4403-8cd8-d8ce8bcbe5f4-13581583299462652003 topic:/pnc/task_service/high_precision_navigation/request
I0827 01:17:22.523861 1865324 tcp_socket_server.cc:200] [aorta]The ip info is0.0.0.0:45153
I0827 01:17:22.525731 1865324 shm_socket_server.cc:101] [aorta][/pnc/task_service/relative_move/request] bind at pipe sock name d2379|python3.10|p1865263|n0|/pnc/task_service/relative_move/request|p4
I0827 01:17:22.525871 1865263 node_impl.cc:198] [aorta]CreatePublisher, host:0.0.0.0, port:45153, sockname:d2379|python3.10|p1865263|n0|/pnc/task_service/relative_move/request|p4, topic:/pnc/task_service/relative_move/request, uid:5c54f251-7e00-45d0-9a80-3b1c9119c772-1499998713038698463 topic_uid:-1
I0827 01:17:22.525909 1865263 aorta_component.cpp:394] [cosine_internal][AortaComponent] aorta node create publisher. node: python3.10_S1, topic:/pnc/task_service/relative_move/request, type:pnc_msgs.RelativeMoveRequest, qos:(history:1, depth:5, reliability:1, durability:2), uri:http://10.42.0.101:2379
I0827 01:17:22.525952 1865263 aorta_publisher.cpp:119] [cosine_internal][AortaPublisher] publisher initialize. topic:/pnc/task_service/relative_move/request, uri:
I0827 01:17:22.525969 1865263 publisher.cpp:27] [GDK]create publisher: /pnc/task_service/relative_move/request type: pnc_msgs.RelativeMoveRequest qos: 1 1 5 2
I0827 01:17:22.526007 1865263 cosine_bus_manager.cpp:294] [cosine_internal][CosineBusManager] create publisher. topic name:/pnc/task_service/task_cancel/request , middleware:aorta
I0827 01:17:22.525957 1865310 centralized_discovery.cc:681] [aorta]publisher uid:5c54f251-7e00-45d0-9a80-3b1c9119c772-1499998713038698463 topic:/pnc/task_service/relative_move/request
I0827 01:17:22.526494 1865263 tcp_publisher.cc:179] [aorta]topic /pnc/task_service/task_cancel/request, pub_queue_size_ 5, latch_queue_size_ 0
I0827 01:17:22.526574 1865324 tcp_socket_server.cc:200] [aorta]The ip info is0.0.0.0:36527
I0827 01:17:22.526643 1865324 shm_socket_server.cc:101] [aorta][/pnc/task_service/task_cancel/request] bind at pipe sock name d2379|python3.10|p1865263|n0|/pnc/task_service/task_cancel/request|p5
I0827 01:17:22.527123 1865263 node_impl.cc:198] [aorta]CreatePublisher, host:0.0.0.0, port:36527, sockname:d2379|python3.10|p1865263|n0|/pnc/task_service/task_cancel/request|p5, topic:/pnc/task_service/task_cancel/request, uid:15c5d656-166f-45f9-b68f-3a47ad4f82c2-10250913672907467700 topic_uid:-1
I0827 01:17:22.527153 1865263 aorta_component.cpp:394] [cosine_internal][AortaComponent] aorta node create publisher. node: python3.10_S1, topic:/pnc/task_service/task_cancel/request, type:pnc_msgs.TaskCancelRequest, qos:(history:1, depth:5, reliability:1, durability:2), uri:http://10.42.0.101:2379
I0827 01:17:22.527195 1865263 aorta_publisher.cpp:119] [cosine_internal][AortaPublisher] publisher initialize. topic:/pnc/task_service/task_cancel/request, uri:
I0827 01:17:22.527207 1865263 publisher.cpp:27] [GDK]create publisher: /pnc/task_service/task_cancel/request type: pnc_msgs.TaskCancelRequest qos: 1 1 5 2
I0827 01:17:22.527235 1865263 cosine_bus_manager.cpp:294] [cosine_internal][CosineBusManager] create publisher. topic name:/pnc/task_service/task_pause/request , middleware:aorta
I0827 01:17:22.527689 1865263 tcp_publisher.cc:179] [aorta]topic /pnc/task_service/task_pause/request, pub_queue_size_ 5, latch_queue_size_ 0
I0827 01:17:22.527753 1865324 tcp_socket_server.cc:200] [aorta]The ip info is0.0.0.0:42703
I0827 01:17:22.527822 1865324 shm_socket_server.cc:101] [aorta][/pnc/task_service/task_pause/request] bind at pipe sock name d2379|python3.10|p1865263|n0|/pnc/task_service/task_pause/request|p6
I0827 01:17:22.527881 1865263 node_impl.cc:198] [aorta]CreatePublisher, host:0.0.0.0, port:42703, sockname:d2379|python3.10|p1865263|n0|/pnc/task_service/task_pause/request|p6, topic:/pnc/task_service/task_pause/request, uid:7aeabcf2-64f4-4149-b0d8-8f2aafb879a1-2366368184012060648 topic_uid:-1
I0827 01:17:22.527901 1865263 aorta_component.cpp:394] [cosine_internal][AortaComponent] aorta node create publisher. node: python3.10_S1, topic:/pnc/task_service/task_pause/request, type:pnc_msgs.TaskPauseRequest, qos:(history:1, depth:5, reliability:1, durability:2), uri:http://10.42.0.101:2379
I0827 01:17:22.527933 1865263 aorta_publisher.cpp:119] [cosine_internal][AortaPublisher] publisher initialize. topic:/pnc/task_service/task_pause/request, uri:
I0827 01:17:22.527940 1865263 publisher.cpp:27] [GDK]create publisher: /pnc/task_service/task_pause/request type: pnc_msgs.TaskPauseRequest qos: 1 1 5 2
I0827 01:17:22.527956 1865263 cosine_bus_manager.cpp:294] [cosine_internal][CosineBusManager] create publisher. topic name:/pnc/task_service/task_resume/request , middleware:aorta
I0827 01:17:22.528232 1865310 centralized_discovery.cc:681] [aorta]publisher uid:15c5d656-166f-45f9-b68f-3a47ad4f82c2-10250913672907467700 topic:/pnc/task_service/task_cancel/request
I0827 01:17:22.528374 1865263 tcp_publisher.cc:179] [aorta]topic /pnc/task_service/task_resume/request, pub_queue_size_ 5, latch_queue_size_ 0
I0827 01:17:22.528429 1865324 tcp_socket_server.cc:200] [aorta]The ip info is0.0.0.0:40803
I0827 01:17:22.528491 1865324 shm_socket_server.cc:101] [aorta][/pnc/task_service/task_resume/request] bind at pipe sock name d2379|python3.10|p1865263|n0|/pnc/task_service/task_resume/request|p7
I0827 01:17:22.528545 1865263 node_impl.cc:198] [aorta]CreatePublisher, host:0.0.0.0, port:40803, sockname:d2379|python3.10|p1865263|n0|/pnc/task_service/task_resume/request|p7, topic:/pnc/task_service/task_resume/request, uid:24b0244d-b43a-482e-8824-13db0f408e9f-18204958959141007063 topic_uid:-1
I0827 01:17:22.528563 1865263 aorta_component.cpp:394] [cosine_internal][AortaComponent] aorta node create publisher. node: python3.10_S1, topic:/pnc/task_service/task_resume/request, type:pnc_msgs.TaskResumeRequest, qos:(history:1, depth:5, reliability:1, durability:2), uri:http://10.42.0.101:2379
I0827 01:17:22.528594 1865263 aorta_publisher.cpp:119] [cosine_internal][AortaPublisher] publisher initialize. topic:/pnc/task_service/task_resume/request, uri:
I0827 01:17:22.528600 1865263 publisher.cpp:27] [GDK]create publisher: /pnc/task_service/task_resume/request type: pnc_msgs.TaskResumeRequest qos: 1 1 5 2
I0827 01:17:22.528764 1865263 cosine_bus_manager.cpp:294] [cosine_internal][CosineBusManager] create publisher. topic name:/pnc/remote_control_cmd , middleware:aorta
I0827 01:17:22.529198 1865263 tcp_publisher.cc:179] [aorta]topic /pnc/remote_control_cmd, pub_queue_size_ 5, latch_queue_size_ 0
I0827 01:17:22.529647 1865324 tcp_socket_server.cc:200] [aorta]The ip info is0.0.0.0:46515
I0827 01:17:22.529745 1865324 shm_socket_server.cc:101] [aorta][/pnc/remote_control_cmd] bind at pipe sock name d2379|python3.10|p1865263|n0|/pnc/remote_control_cmd|p8
I0827 01:17:22.529819 1865263 node_impl.cc:198] [aorta]CreatePublisher, host:0.0.0.0, port:46515, sockname:d2379|python3.10|p1865263|n0|/pnc/remote_control_cmd|p8, topic:/pnc/remote_control_cmd, uid:fa5d28b5-9574-40b7-a95a-6836003fc440-2921114360754287628 topic_uid:-1
I0827 01:17:22.529840 1865263 aorta_component.cpp:394] [cosine_internal][AortaComponent] aorta node create publisher. node: python3.10_S1, topic:/pnc/remote_control_cmd, type:geometry_msgs.msg.pb.TwistStamped, qos:(history:1, depth:5, reliability:1, durability:2), uri:http://10.42.0.101:2379
I0827 01:17:22.529873 1865263 aorta_publisher.cpp:119] [cosine_internal][AortaPublisher] publisher initialize. topic:/pnc/remote_control_cmd, uri:
I0827 01:17:22.529888 1865263 publisher.cpp:27] [GDK]create publisher: /pnc/remote_control_cmd type: geometry_msgs.msg.pb.TwistStamped qos: 1 1 5 2
I0827 01:17:22.529911 1865263 cosine_bus_manager.cpp:294] [cosine_internal][CosineBusManager] create publisher. topic name:/pnc/task_service/remote_control/request , middleware:aorta
I0827 01:17:22.530368 1865263 tcp_publisher.cc:179] [aorta]topic /pnc/task_service/remote_control/request, pub_queue_size_ 5, latch_queue_size_ 0
I0827 01:17:22.530452 1865324 tcp_socket_server.cc:200] [aorta]The ip info is0.0.0.0:35517
I0827 01:17:22.530529 1865324 shm_socket_server.cc:101] [aorta][/pnc/task_service/remote_control/request] bind at pipe sock name d2379|python3.10|p1865263|n0|/pnc/task_service/remote_control/request|p9
I0827 01:17:22.530583 1865263 node_impl.cc:198] [aorta]CreatePublisher, host:0.0.0.0, port:35517, sockname:d2379|python3.10|p1865263|n0|/pnc/task_service/remote_control/request|p9, topic:/pnc/task_service/remote_control/request, uid:fe2d8e3d-a68c-4f64-b3b7-67384b81f1aa-10398465225129759782 topic_uid:-1
I0827 01:17:22.530601 1865263 aorta_component.cpp:394] [cosine_internal][AortaComponent] aorta node create publisher. node: python3.10_S1, topic:/pnc/task_service/remote_control/request, type:pnc_msgs.RemoteControlRequest, qos:(history:1, depth:5, reliability:1, durability:2), uri:http://10.42.0.101:2379
I0827 01:17:22.530628 1865263 aorta_publisher.cpp:119] [cosine_internal][AortaPublisher] publisher initialize. topic:/pnc/task_service/remote_control/request, uri:
I0827 01:17:22.530635 1865263 publisher.cpp:27] [GDK]create publisher: /pnc/task_service/remote_control/request type: pnc_msgs.RemoteControlRequest qos: 1 1 5 2
I0827 01:17:22.530716 1865263 cosine_bus_manager.cpp:400] [cosine_internal][CosineBusManager] create subscriber. topic name:/slam/odom , middleware:aorta , need async callback:0, frame_skip_rate:1
I0827 01:17:22.530728 1865263 aorta_component.cpp:174] [cosine_internal][AortaComponent] callback_name:/slam/odomhttp://10.42.0.101:2379
I0827 01:17:22.530967 1865263 buffered_data_export.cpp:115] [cosine_internal]successfully create buffer [bus_buffer___slam__odom, type genie_msgs.msg.pb.OdomInfo, block num 5, valid_time 0, transfer_type 0, data_size 0, mem_type 0, lib_name , ext_data_size 0, is_protobuf 1, enable_event_sync_subscriber 0], buffer id = 11
I0827 01:17:22.530995 1865263 cosine_bus_message_buffer.cpp:45] [cosine_internal][CosineBusMessageBuffer] create buffer success. name:bus_buffer___slam__odom, type:genie_msgs.msg.pb.OdomInfo, size:5
I0827 01:17:22.531064 1865263 node_impl.cc:344] [aorta]CreateSubscriber topic:/slam/odom, uid:2bbfb9cf-521c-4b9f-9720-3a9c83e4adc1-8164318257426434522 topic_uid:-1
I0827 01:17:22.531437 1865310 centralized_discovery.cc:681] [aorta]publisher uid:7aeabcf2-64f4-4149-b0d8-8f2aafb879a1-2366368184012060648 topic:/pnc/task_service/task_pause/request
I0827 01:17:22.531904 1865263 aorta_component.cpp:326] [cosine_internal][AortaComponent] aorta node create subscriber. node: python3.10_S1, topic:/slam/odom, type:genie_msgs.msg.pb.OdomInfo, qos:(history:1, depth:5, reliability:1, durability:2), uri:http://10.42.0.101:2379
I0827 01:17:22.531922 1865263 aorta_subscriber.hpp:96] [cosine_internal][AortaSubscriber] initial. topic:/slam/odom, uri:
I0827 01:17:22.531944 1865263 cosine_bus_manager.cpp:400] [cosine_internal][CosineBusManager] create subscriber. topic name:/slam/state , middleware:aorta , need async callback:0, frame_skip_rate:1
I0827 01:17:22.531953 1865263 aorta_component.cpp:174] [cosine_internal][AortaComponent] callback_name:/slam/statehttp://10.42.0.101:2379
I0827 01:17:22.532027 1865263 buffered_data_export.cpp:115] [cosine_internal]successfully create buffer [bus_buffer___slam__state, type genie_msgs.msg.pb.CommonResponse, block num 5, valid_time 0, transfer_type 0, data_size 0, mem_type 0, lib_name , ext_data_size 0, is_protobuf 1, enable_event_sync_subscriber 0], buffer id = 12
I0827 01:17:22.532044 1865263 cosine_bus_message_buffer.cpp:45] [cosine_internal][CosineBusMessageBuffer] create buffer success. name:bus_buffer___slam__state, type:genie_msgs.msg.pb.CommonResponse, size:5
I0827 01:17:22.532142 1865263 node_impl.cc:344] [aorta]CreateSubscriber topic:/slam/state, uid:dd399314-0dad-4855-b852-b0856c985a58-7791362299214773660 topic_uid:-1
I0827 01:17:22.532542 1865263 aorta_component.cpp:326] [cosine_internal][AortaComponent] aorta node create subscriber. node: python3.10_S1, topic:/slam/state, type:genie_msgs.msg.pb.CommonResponse, qos:(history:1, depth:5, reliability:1, durability:2), uri:http://10.42.0.101:2379
I0827 01:17:22.532553 1865263 aorta_subscriber.hpp:96] [cosine_internal][AortaSubscriber] initial. topic:/slam/state, uri:
I0827 01:17:22.533906 1865310 centralized_discovery.cc:681] [aorta]publisher uid:24b0244d-b43a-482e-8824-13db0f408e9f-18204958959141007063 topic:/pnc/task_service/task_resume/request
I0827 01:17:22.536370 1865263 cosine_bus_manager.cpp:400] [cosine_internal][CosineBusManager] create subscriber. topic name:/slam/mapping_response , middleware:aorta , need async callback:0, frame_skip_rate:1
I0827 01:17:22.536405 1865263 aorta_component.cpp:174] [cosine_internal][AortaComponent] callback_name:/slam/mapping_responsehttp://10.42.0.101:2379
I0827 01:17:22.536525 1865263 buffered_data_export.cpp:115] [cosine_internal]successfully create buffer [bus_buffer___slam__mapping_response, type genie_msgs.msg.pb.CommonResponse, block num 5, valid_time 0, transfer_type 0, data_size 0, mem_type 0, lib_name , ext_data_size 0, is_protobuf 1, enable_event_sync_subscriber 0], buffer id = 13
I0827 01:17:22.536547 1865263 cosine_bus_message_buffer.cpp:45] [cosine_internal][CosineBusMessageBuffer] create buffer success. name:bus_buffer___slam__mapping_response, type:genie_msgs.msg.pb.CommonResponse, size:5
I0827 01:17:22.536705 1865263 node_impl.cc:344] [aorta]CreateSubscriber topic:/slam/mapping_response, uid:4ef9ce1f-3a2d-4e73-8898-696dce6671b7-3136143855590244141 topic_uid:-1
I0827 01:17:22.537175 1865263 aorta_component.cpp:326] [cosine_internal][AortaComponent] aorta node create subscriber. node: python3.10_S1, topic:/slam/mapping_response, type:genie_msgs.msg.pb.CommonResponse, qos:(history:1, depth:5, reliability:1, durability:2), uri:http://10.42.0.101:2379
I0827 01:17:22.537190 1865263 aorta_subscriber.hpp:96] [cosine_internal][AortaSubscriber] initial. topic:/slam/mapping_response, uri:
I0827 01:17:22.537214 1865263 cosine_bus_manager.cpp:400] [cosine_internal][CosineBusManager] create subscriber. topic name:/slam/record_spec_loc_rsp , middleware:aorta , need async callback:0, frame_skip_rate:1
I0827 01:17:22.537225 1865263 aorta_component.cpp:174] [cosine_internal][AortaComponent] callback_name:/slam/record_spec_loc_rsphttp://10.42.0.101:2379
I0827 01:17:22.537269 1865263 buffered_data_export.cpp:115] [cosine_internal]successfully create buffer [bus_buffer___slam__record_spec_loc_rsp, type genie_msgs.msg.pb.CommonResponse, block num 5, valid_time 0, transfer_type 0, data_size 0, mem_type 0, lib_name , ext_data_size 0, is_protobuf 1, enable_event_sync_subscriber 0], buffer id = 14
I0827 01:17:22.537288 1865263 cosine_bus_message_buffer.cpp:45] [cosine_internal][CosineBusMessageBuffer] create buffer success. name:bus_buffer___slam__record_spec_loc_rsp, type:genie_msgs.msg.pb.CommonResponse, size:5
