Log file created at: 2025/08/27 00:58:46
Running on machine: G2
Log line format: [IWEF]mmdd hh:mm:ss.uuuuuu threadid file:line] msg
I0827 00:58:46.914592 1559979 dylog_impl.cpp:641] [DYLOG] set dylog default level to INFO
I0827 00:58:46.914669 1559979 dylog_impl.cpp:690] [DYLOG] soc num : R2
I0827 00:58:46.914685 1559979 dylog_impl.cpp:695] [DYLOG] can't read scene_mode, use sud
W0827 00:58:46.914709 1559979 dylog_impl.cpp:757] [DYLOG] can't find available json config file with path : /home/agi/app/conf/scene_server/dylog_sud_default.json, use default.
I0827 00:58:46.914834 1559979 dylog_impl.cpp:293] [DYLOG] register dsd_name : dylog/python3.10/cosine_internal
I0827 00:58:46.918301 1559979 cosine_bus_manager.cpp:88] [cosine_internal][CosineBusManager] cosine bus config path not set, use default config.
I0827 00:58:46.918359 1559979 cosine_bus_manager.cpp:118] [cosine_internal][CosineBusManager] initial cosine_bus_config:
I0827 00:58:46.920053 1559979 cosine_bus_global_sync.cpp:30] [cosine_internal][BusGlobalSync] set default middleware name:aorta
I0827 00:58:46.920174 1559979 scheduler_classic.cpp:28] [cosine_internal]Proc number set to be: 1
I0827 00:58:46.921471 1559979 dynamic_object.cpp:521] [cosine_internal][DynamicObject] open libdynamic_aorta.so success.
I0827 00:58:46.921671 1559979 dynamic_object.cpp:581] [cosine_internal][DynamicObject] Successfully enumerated 57 symbols in libdynamic_aorta.so
I0827 00:58:46.921682 1559979 resource_loader.cpp:13] [cosine_internal][ResourceLoader] Attempting to load function: aorta_get_object
I0827 00:58:46.921687 1559979 resource_loader.cpp:17] [cosine_internal][ResourceLoader] Trying address() method for C++ symbol: aorta_get_object
I0827 00:58:46.921694 1559979 resource_loader.cpp:20] [cosine_internal][ResourceLoader] Successfully loaded C++ symbol: aorta_get_object
I0827 00:58:46.921698 1559979 resource_loader.cpp:13] [cosine_internal][ResourceLoader] Attempting to load function: aorta_call_object_func
I0827 00:58:46.921701 1559979 resource_loader.cpp:17] [cosine_internal][ResourceLoader] Trying address() method for C++ symbol: aorta_call_object_func
I0827 00:58:46.921705 1559979 resource_loader.cpp:20] [cosine_internal][ResourceLoader] Successfully loaded C++ symbol: aorta_call_object_func
I0827 00:58:46.921710 1559979 resource_loader.cpp:13] [cosine_internal][ResourceLoader] Attempting to load function: aorta_clean_up
I0827 00:58:46.921712 1559979 resource_loader.cpp:17] [cosine_internal][ResourceLoader] Trying address() method for C++ symbol: aorta_clean_up
I0827 00:58:46.921726 1559979 resource_loader.cpp:25] [cosine_internal][ResourceLoader] C++ symbol failed, trying c_address() method for C symbol: aorta_clean_up
I0827 00:58:46.921731 1559979 resource_loader.cpp:28] [cosine_internal][ResourceLoader] Successfully loaded C symbol: aorta_clean_up
W0827 00:58:46.921741 1559979 aorta_component.cpp:90] [cosine_internal]Environment variable [LOCATOR_IP/DDS_IP] not set, fallback to 10.42.0.101
I0827 00:58:46.921747 1559979 aorta_component.cpp:496] [cosine_internal][AortaComponent] locator_ip: 10.42.0.101; Check network before domain init 
I0827 00:58:46.921797 1559979 clock.cpp:22] [cosine_internal]load ptp time source from: libptp_clock_time.so
I0827 00:58:46.921998 1559979 dynamic_object.cpp:521] [cosine_internal][DynamicObject] open libptp_clock_time.so success.
I0827 00:58:46.922752 1559979 aorta_component.cpp:515] [cosine_internal][AortaComponent] Network check start. locator_ip: 10.42.0.101, timeout: 60 seconds , check_start_time: 1756227526
I0827 00:58:46.922784 1559979 aorta_component.cpp:526] [cosine_internal][AortaComponent] locator_ip: 10.42.0.101; network is ready.
I0827 00:58:46.922847 1559979 dylog_impl.cpp:293] [DYLOG] register dsd_name : dylog/python3.10/aorta
I0827 00:58:46.923010 1559979 pcie_config.cc:52] [aorta]Get one valid pcie channel. producer: soc-s3 app-map_loc_app endpoint-nvscic2c_pcie_s3_c7_11 consumer: soc-s1 app-worldmodel endpoint-nvscic2c_pcie_s1_c7_11
I0827 00:58:46.923125 1559979 os.cc:88] [aorta]Got host_id from system files: Huixi R1ROBOR2
I0827 00:58:46.923172 1559979 pcie_manager.cc:71] [aorta]There is no pcie config in current process.
I0827 00:58:46.923579 1559979 message_monitor_config.cc:398] [aorta]run in  mode
I0827 00:58:46.924835 1559979 domain_impl.cc:58] [aorta]aorta version:7b1b7ddc
I0827 00:58:46.924863 1559979 json_comm.cc:35] [aorta]file path: /home/agi/app/conf/topology/topology_rule.json not exist.
I0827 00:58:46.924878 1559979 message_monitor_config.cc:398] [aorta]run in  mode
I0827 00:58:46.925740 1559979 message_monitor_config.cc:731] [aorta]message monitor is updated from /home/agi/app/conf/aorta/function/aorta_monitor_conf.json
I0827 00:58:46.926654 1559979 discovery_factory.cc:14] [aorta]type:1, host:10.42.0.101, port:2379, ttl:15, minor_cycle:100, major_cycle:3
I0827 00:58:46.927173 1559979 config.cc:53] [aorta]AORTA_IP_MASK not set.
I0827 00:58:46.927183 1559979 discovery.cc:245] [aorta]get ip masks empty.
I0827 00:58:46.927191 1559979 config.cc:200] [aorta]AORTA_EXTRA_LOCAL_IPS not set.
I0827 00:58:46.927194 1559979 discovery.cc:266] [aorta]local_publisher_ips_ empty.
I0827 00:58:46.927217 1559979 config.cc:124] [aorta]ip match, ip:127.0.0.1
I0827 00:58:46.927224 1559979 discovery.cc:275] [aorta]default emplace ip:10.42.0.101
I0827 00:58:46.927228 1559979 discovery.cc:275] [aorta]default emplace ip:10.42.12.101
I0827 00:58:46.927232 1559979 discovery.cc:275] [aorta]default emplace ip:10.42.1.101
I0827 00:58:46.927234 1559979 discovery.cc:275] [aorta]default emplace ip:192.168.1.101
I0827 00:58:46.927237 1559979 discovery.cc:275] [aorta]default emplace ip:10.42.30.101
I0827 00:58:46.927239 1559979 discovery.cc:275] [aorta]default emplace ip:10.42.40.101
I0827 00:58:46.927242 1559979 discovery.cc:275] [aorta]default emplace ip:10.20.15.199
I0827 00:58:46.927244 1559979 discovery.cc:275] [aorta]default emplace ip:10.42.6.101
I0827 00:58:46.927249 1559979 centralized_discovery.cc:55] [aorta]lease_ttl_:15
I0827 00:58:46.927732 1559979 aorta_component.cpp:561] [cosine_internal][AortaComponent] aorta create domain success. uri:http://10.42.0.101:2379
I0827 00:58:46.927897 1559979 aorta_component.cpp:447] [cosine_internal][AortaComponent] aorta domain created node: python3.10_S1 , domain_uri:http://10.42.0.101:2379
I0827 00:58:46.927906 1559979 aorta_component.cpp:126] [cosine_internal][AortaComponent] aorta component init success. node:python3.10_S1, uri:http://10.42.0.101:2379, locator_kind(1:shm,2:tcp,3:udp):2, locator_ip:10.42.0.101, locator_port:0, aorta_dispatcher_thread_num:1
I0827 00:58:46.928048 1560009 processor.cpp:40] [cosine_internal]processor_tid: 1560009
I0827 00:58:46.928064 1560012 executor_impl.cc:91] [aorta]aorta-dispatch0 start spinning
I0827 00:58:46.939182 1560011 centralized_discovery.cc:1110] [aorta]poll thread: revision:2267
I0827 00:58:46.939318 1560011 centralized_discovery.cc:1123] [aorta]inotify_fd_:15 inotify_watch_:1 inotify_watch_path:/home/agi/app/conf/aorta/function
I0827 00:58:46.941643 1560011 centralized_discovery.cc:615] [aorta]grant lease for node python3.10_S1 lease_id = 7587889064995111334
I0827 00:58:46.942878 1560011 watch_state.cc:54] [aorta]watch connect success.
I0827 00:58:46.944059 1560011 centralized_discovery.cc:1615] [aorta]recv watch response created.
I0827 00:58:46.986173 1559979 cosine_bus_manager.cpp:294] [cosine_internal][CosineBusManager] create publisher. topic name:/gdk/config_request , middleware:aorta
I0827 00:58:46.987016 1559979 tcp_publisher.cc:179] [aorta]topic /gdk/config_request, pub_queue_size_ 5, latch_queue_size_ 0
I0827 00:58:46.987309 1560026 tcp_socket_server.cc:200] [aorta]The ip info is0.0.0.0:36131
I0827 00:58:46.987488 1560026 shm_socket_server.cc:101] [aorta][/gdk/config_request] bind at pipe sock name d2379|python3.10|p1559979|n0|/gdk/config_request|p0
I0827 00:58:46.987609 1559979 node_impl.cc:198] [aorta]CreatePublisher, host:0.0.0.0, port:36131, sockname:d2379|python3.10|p1559979|n0|/gdk/config_request|p0, topic:/gdk/config_request, uid:d98fa622-95e0-410c-926e-49a826698bce-4991715019463590898 topic_uid:-1
I0827 00:58:46.987655 1559979 aorta_component.cpp:394] [cosine_internal][AortaComponent] aorta node create publisher. node: python3.10_S1, topic:/gdk/config_request, type:genie_msgs.msg.pb.CommonRequest, qos:(history:1, depth:5, reliability:1, durability:2), uri:http://10.42.0.101:2379
I0827 00:58:46.987696 1559979 aorta_publisher.cpp:119] [cosine_internal][AortaPublisher] publisher initialize. topic:/gdk/config_request, uri:
I0827 00:58:46.987711 1559979 dylog_impl.cpp:293] [DYLOG] register dsd_name : dylog/python3.10/GDK
I0827 00:58:46.987709 1560011 centralized_discovery.cc:681] [aorta]publisher uid:d98fa622-95e0-410c-926e-49a826698bce-4991715019463590898 topic:/gdk/config_request
I0827 00:58:46.987751 1559979 publisher.cpp:27] [GDK]create publisher: /gdk/config_request type: genie_msgs.msg.pb.CommonRequest qos: 1 1 5 2
I0827 00:58:46.987773 1559979 cosine_bus_manager.cpp:294] [cosine_internal][CosineBusManager] create publisher. topic name:/gdk/camera_conf_request , middleware:aorta
I0827 00:58:46.988181 1559979 tcp_publisher.cc:179] [aorta]topic /gdk/camera_conf_request, pub_queue_size_ 5, latch_queue_size_ 0
I0827 00:58:46.988242 1560026 tcp_socket_server.cc:200] [aorta]The ip info is0.0.0.0:33847
I0827 00:58:46.988322 1560026 shm_socket_server.cc:101] [aorta][/gdk/camera_conf_request] bind at pipe sock name d2379|python3.10|p1559979|n0|/gdk/camera_conf_request|p1
I0827 00:58:46.988369 1559979 node_impl.cc:198] [aorta]CreatePublisher, host:0.0.0.0, port:33847, sockname:d2379|python3.10|p1559979|n0|/gdk/camera_conf_request|p1, topic:/gdk/camera_conf_request, uid:74762dfa-c9cd-4d74-a240-598b7fd0878b-9117180461459404870 topic_uid:-1
I0827 00:58:46.988389 1559979 aorta_component.cpp:394] [cosine_internal][AortaComponent] aorta node create publisher. node: python3.10_S1, topic:/gdk/camera_conf_request, type:genie_msgs.msg.pb.CommonRequest, qos:(history:1, depth:5, reliability:1, durability:2), uri:http://10.42.0.101:2379
I0827 00:58:46.988418 1559979 aorta_publisher.cpp:119] [cosine_internal][AortaPublisher] publisher initialize. topic:/gdk/camera_conf_request, uri:
I0827 00:58:46.988425 1559979 publisher.cpp:27] [GDK]create publisher: /gdk/camera_conf_request type: genie_msgs.msg.pb.CommonRequest qos: 1 1 5 2
I0827 00:58:46.988440 1559979 cosine_bus_manager.cpp:400] [cosine_internal][CosineBusManager] create subscriber. topic name:/gdk/config_response , middleware:aorta , need async callback:0, frame_skip_rate:1
I0827 00:58:46.988451 1559979 aorta_component.cpp:174] [cosine_internal][AortaComponent] callback_name:/gdk/config_responsehttp://10.42.0.101:2379
I0827 00:58:46.988521 1559979 dynamic_object.cpp:521] [cosine_internal][DynamicObject] open  success.
I0827 00:58:46.988691 1559979 buffered_data_export.cpp:115] [cosine_internal]successfully create buffer [bus_buffer___gdk__config_response, type genie_msgs.msg.pb.CommonResponse, block num 5, valid_time 0, transfer_type 0, data_size 0, mem_type 0, lib_name , ext_data_size 0, is_protobuf 1, enable_event_sync_subscriber 0], buffer id = 1
I0827 00:58:46.988718 1559979 cosine_bus_message_buffer.cpp:45] [cosine_internal][CosineBusMessageBuffer] create buffer success. name:bus_buffer___gdk__config_response, type:genie_msgs.msg.pb.CommonResponse, size:5
I0827 00:58:46.988790 1559979 node_impl.cc:344] [aorta]CreateSubscriber topic:/gdk/config_response, uid:48937e6a-879f-47ca-9660-e16a13551804-9533047780102618842 topic_uid:-1
I0827 00:58:46.989328 1559979 aorta_component.cpp:326] [cosine_internal][AortaComponent] aorta node create subscriber. node: python3.10_S1, topic:/gdk/config_response, type:genie_msgs.msg.pb.CommonResponse, qos:(history:1, depth:5, reliability:1, durability:2), uri:http://10.42.0.101:2379
I0827 00:58:46.989344 1559979 aorta_subscriber.hpp:96] [cosine_internal][AortaSubscriber] initial. topic:/gdk/config_response, uri:
I0827 00:58:46.989359 1559979 cosine_bus_manager.cpp:400] [cosine_internal][CosineBusManager] create subscriber. topic name:/gdk/camera_conf_response , middleware:aorta , need async callback:0, frame_skip_rate:1
I0827 00:58:46.989367 1559979 aorta_component.cpp:174] [cosine_internal][AortaComponent] callback_name:/gdk/camera_conf_responsehttp://10.42.0.101:2379
I0827 00:58:46.989406 1559979 buffered_data_export.cpp:115] [cosine_internal]successfully create buffer [bus_buffer___gdk__camera_conf_response, type genie_msgs.msg.pb.CommonResponse, block num 5, valid_time 0, transfer_type 0, data_size 0, mem_type 0, lib_name , ext_data_size 0, is_protobuf 1, enable_event_sync_subscriber 0], buffer id = 2
I0827 00:58:46.989419 1559979 cosine_bus_message_buffer.cpp:45] [cosine_internal][CosineBusMessageBuffer] create buffer success. name:bus_buffer___gdk__camera_conf_response, type:genie_msgs.msg.pb.CommonResponse, size:5
I0827 00:58:46.989491 1559979 node_impl.cc:344] [aorta]CreateSubscriber topic:/gdk/camera_conf_response, uid:4e0efc74-99f0-400c-b2ed-6aed1fbf083c-3551884323222435368 topic_uid:-1
I0827 00:58:46.990067 1559979 aorta_component.cpp:326] [cosine_internal][AortaComponent] aorta node create subscriber. node: python3.10_S1, topic:/gdk/camera_conf_response, type:genie_msgs.msg.pb.CommonResponse, qos:(history:1, depth:5, reliability:1, durability:2), uri:http://10.42.0.101:2379
I0827 00:58:46.990080 1559979 aorta_subscriber.hpp:96] [cosine_internal][AortaSubscriber] initial. topic:/gdk/camera_conf_response, uri:
I0827 00:58:46.990083 1560011 centralized_discovery.cc:681] [aorta]publisher uid:74762dfa-c9cd-4d74-a240-598b7fd0878b-9117180461459404870 topic:/gdk/camera_conf_request
I0827 00:58:46.990159 1559979 cosine_bus_manager.cpp:400] [cosine_internal][CosineBusManager] create subscriber. topic name:/pnc/task_state , middleware:aorta , need async callback:0, frame_skip_rate:1
I0827 00:58:46.990170 1559979 aorta_component.cpp:174] [cosine_internal][AortaComponent] callback_name:/pnc/task_statehttp://10.42.0.101:2379
I0827 00:58:46.990720 1559979 buffered_data_export.cpp:115] [cosine_internal]successfully create buffer [bus_buffer___pnc__task_state, type pnc_msgs.TaskState, block num 5, valid_time 0, transfer_type 0, data_size 0, mem_type 0, lib_name , ext_data_size 0, is_protobuf 1, enable_event_sync_subscriber 0], buffer id = 3
I0827 00:58:46.990739 1559979 cosine_bus_message_buffer.cpp:45] [cosine_internal][CosineBusMessageBuffer] create buffer success. name:bus_buffer___pnc__task_state, type:pnc_msgs.TaskState, size:5
I0827 00:58:46.990823 1559979 node_impl.cc:344] [aorta]CreateSubscriber topic:/pnc/task_state, uid:469a9af6-f949-4245-a56c-7dd452d815d5-9096530589114119892 topic_uid:-1
I0827 00:58:46.991189 1559979 aorta_component.cpp:326] [cosine_internal][AortaComponent] aorta node create subscriber. node: python3.10_S1, topic:/pnc/task_state, type:pnc_msgs.TaskState, qos:(history:1, depth:5, reliability:1, durability:2), uri:http://10.42.0.101:2379
I0827 00:58:46.991197 1559979 aorta_subscriber.hpp:96] [cosine_internal][AortaSubscriber] initial. topic:/pnc/task_state, uri:
I0827 00:58:46.991220 1559979 cosine_bus_manager.cpp:400] [cosine_internal][CosineBusManager] create subscriber. topic name:/pnc/task_service/normal_navigation/response , middleware:aorta , need async callback:0, frame_skip_rate:1
I0827 00:58:46.991228 1559979 aorta_component.cpp:174] [cosine_internal][AortaComponent] callback_name:/pnc/task_service/normal_navigation/responsehttp://10.42.0.101:2379
I0827 00:58:46.991264 1559979 buffered_data_export.cpp:115] [cosine_internal]successfully create buffer [bus_buffer___pnc__task_service__normal_navigation__response, type pnc_msgs.NormalNavigationResponse, block num 5, valid_time 0, transfer_type 0, data_size 0, mem_type 0, lib_name , ext_data_size 0, is_protobuf 1, enable_event_sync_subscriber 0], buffer id = 4
I0827 00:58:46.991282 1559979 cosine_bus_message_buffer.cpp:45] [cosine_internal][CosineBusMessageBuffer] create buffer success. name:bus_buffer___pnc__task_service__normal_navigation__response, type:pnc_msgs.NormalNavigationResponse, size:5
I0827 00:58:46.991353 1559979 node_impl.cc:344] [aorta]CreateSubscriber topic:/pnc/task_service/normal_navigation/response, uid:07974429-21e4-4807-9952-11052fc57074-7227396448010854466 topic_uid:-1
I0827 00:58:46.991797 1560011 centralized_discovery.cc:733] [aorta]subscriber uid:48937e6a-879f-47ca-9660-e16a13551804-9533047780102618842 topic:/gdk/config_response
I0827 00:58:46.991941 1559979 aorta_component.cpp:326] [cosine_internal][AortaComponent] aorta node create subscriber. node: python3.10_S1, topic:/pnc/task_service/normal_navigation/response, type:pnc_msgs.NormalNavigationResponse, qos:(history:1, depth:5, reliability:1, durability:2), uri:http://10.42.0.101:2379
I0827 00:58:46.991955 1559979 aorta_subscriber.hpp:96] [cosine_internal][AortaSubscriber] initial. topic:/pnc/task_service/normal_navigation/response, uri:
I0827 00:58:46.991971 1559979 cosine_bus_manager.cpp:400] [cosine_internal][CosineBusManager] create subscriber. topic name:/pnc/task_service/high_precision_navigation/response , middleware:aorta , need async callback:0, frame_skip_rate:1
I0827 00:58:46.991979 1559979 aorta_component.cpp:174] [cosine_internal][AortaComponent] callback_name:/pnc/task_service/high_precision_navigation/responsehttp://10.42.0.101:2379
I0827 00:58:46.992022 1559979 buffered_data_export.cpp:115] [cosine_internal]successfully create buffer [bus_buffer___pnc__task_service__high_precision_navigation__response, type pnc_msgs.HighPrecisionNavigationResponse, block num 5, valid_time 0, transfer_type 0, data_size 0, mem_type 0, lib_name , ext_data_size 0, is_protobuf 1, enable_event_sync_subscriber 0], buffer id = 5
I0827 00:58:46.992036 1559979 cosine_bus_message_buffer.cpp:45] [cosine_internal][CosineBusMessageBuffer] create buffer success. name:bus_buffer___pnc__task_service__high_precision_navigation__response, type:pnc_msgs.HighPrecisionNavigationResponse, size:5
I0827 00:58:46.992123 1559979 node_impl.cc:344] [aorta]CreateSubscriber topic:/pnc/task_service/high_precision_navigation/response, uid:a838291c-9215-4bba-bc62-696904b11b99-4701876173029784314 topic_uid:-1
I0827 00:58:46.992578 1559979 aorta_component.cpp:326] [cosine_internal][AortaComponent] aorta node create subscriber. node: python3.10_S1, topic:/pnc/task_service/high_precision_navigation/response, type:pnc_msgs.HighPrecisionNavigationResponse, qos:(history:1, depth:5, reliability:1, durability:2), uri:http://10.42.0.101:2379
I0827 00:58:46.992591 1559979 aorta_subscriber.hpp:96] [cosine_internal][AortaSubscriber] initial. topic:/pnc/task_service/high_precision_navigation/response, uri:
I0827 00:58:46.992612 1559979 cosine_bus_manager.cpp:400] [cosine_internal][CosineBusManager] create subscriber. topic name:/pnc/task_service/relative_move/response , middleware:aorta , need async callback:0, frame_skip_rate:1
I0827 00:58:46.992620 1559979 aorta_component.cpp:174] [cosine_internal][AortaComponent] callback_name:/pnc/task_service/relative_move/responsehttp://10.42.0.101:2379
I0827 00:58:46.992658 1559979 buffered_data_export.cpp:115] [cosine_internal]successfully create buffer [bus_buffer___pnc__task_service__relative_move__response, type pnc_msgs.RelativeMoveResponse, block num 5, valid_time 0, transfer_type 0, data_size 0, mem_type 0, lib_name , ext_data_size 0, is_protobuf 1, enable_event_sync_subscriber 0], buffer id = 6
I0827 00:58:46.992671 1559979 cosine_bus_message_buffer.cpp:45] [cosine_internal][CosineBusMessageBuffer] create buffer success. name:bus_buffer___pnc__task_service__relative_move__response, type:pnc_msgs.RelativeMoveResponse, size:5
I0827 00:58:46.992761 1559979 node_impl.cc:344] [aorta]CreateSubscriber topic:/pnc/task_service/relative_move/response, uid:9dd16ef4-c259-4912-b9ac-113394677f52-4077207897147431090 topic_uid:-1
I0827 00:58:46.993145 1559979 aorta_component.cpp:326] [cosine_internal][AortaComponent] aorta node create subscriber. node: python3.10_S1, topic:/pnc/task_service/relative_move/response, type:pnc_msgs.RelativeMoveResponse, qos:(history:1, depth:5, reliability:1, durability:2), uri:http://10.42.0.101:2379
I0827 00:58:46.993155 1559979 aorta_subscriber.hpp:96] [cosine_internal][AortaSubscriber] initial. topic:/pnc/task_service/relative_move/response, uri:
I0827 00:58:46.993170 1559979 cosine_bus_manager.cpp:400] [cosine_internal][CosineBusManager] create subscriber. topic name:/pnc/task_service/task_cancel/response , middleware:aorta , need async callback:0, frame_skip_rate:1
I0827 00:58:46.993177 1559979 aorta_component.cpp:174] [cosine_internal][AortaComponent] callback_name:/pnc/task_service/task_cancel/responsehttp://10.42.0.101:2379
I0827 00:58:46.993208 1559979 buffered_data_export.cpp:115] [cosine_internal]successfully create buffer [bus_buffer___pnc__task_service__task_cancel__response, type pnc_msgs.TaskCancelResponse, block num 5, valid_time 0, transfer_type 0, data_size 0, mem_type 0, lib_name , ext_data_size 0, is_protobuf 1, enable_event_sync_subscriber 0], buffer id = 7
I0827 00:58:46.993220 1559979 cosine_bus_message_buffer.cpp:45] [cosine_internal][CosineBusMessageBuffer] create buffer success. name:bus_buffer___pnc__task_service__task_cancel__response, type:pnc_msgs.TaskCancelResponse, size:5
I0827 00:58:46.993294 1559979 node_impl.cc:344] [aorta]CreateSubscriber topic:/pnc/task_service/task_cancel/response, uid:3869f9c2-5790-4db9-954a-bda646c67630-3654631836754090917 topic_uid:-1
I0827 00:58:46.993673 1559979 aorta_component.cpp:326] [cosine_internal][AortaComponent] aorta node create subscriber. node: python3.10_S1, topic:/pnc/task_service/task_cancel/response, type:pnc_msgs.TaskCancelResponse, qos:(history:1, depth:5, reliability:1, durability:2), uri:http://10.42.0.101:2379
I0827 00:58:46.993683 1559979 aorta_subscriber.hpp:96] [cosine_internal][AortaSubscriber] initial. topic:/pnc/task_service/task_cancel/response, uri:
I0827 00:58:46.993700 1559979 cosine_bus_manager.cpp:400] [cosine_internal][CosineBusManager] create subscriber. topic name:/pnc/task_service/task_pause/response , middleware:aorta , need async callback:0, frame_skip_rate:1
I0827 00:58:46.993706 1559979 aorta_component.cpp:174] [cosine_internal][AortaComponent] callback_name:/pnc/task_service/task_pause/responsehttp://10.42.0.101:2379
I0827 00:58:46.993736 1559979 buffered_data_export.cpp:115] [cosine_internal]successfully create buffer [bus_buffer___pnc__task_service__task_pause__response, type pnc_msgs.TaskPauseResponse, block num 5, valid_time 0, transfer_type 0, data_size 0, mem_type 0, lib_name , ext_data_size 0, is_protobuf 1, enable_event_sync_subscriber 0], buffer id = 8
I0827 00:58:46.993747 1559979 cosine_bus_message_buffer.cpp:45] [cosine_internal][CosineBusMessageBuffer] create buffer success. name:bus_buffer___pnc__task_service__task_pause__response, type:pnc_msgs.TaskPauseResponse, size:5
I0827 00:58:46.993803 1559979 node_impl.cc:344] [aorta]CreateSubscriber topic:/pnc/task_service/task_pause/response, uid:50215a4a-398d-4fc5-9690-13ead223377b-4995236092065324733 topic_uid:-1
I0827 00:58:46.994191 1559979 aorta_component.cpp:326] [cosine_internal][AortaComponent] aorta node create subscriber. node: python3.10_S1, topic:/pnc/task_service/task_pause/response, type:pnc_msgs.TaskPauseResponse, qos:(history:1, depth:5, reliability:1, durability:2), uri:http://10.42.0.101:2379
I0827 00:58:46.994205 1559979 aorta_subscriber.hpp:96] [cosine_internal][AortaSubscriber] initial. topic:/pnc/task_service/task_pause/response, uri:
I0827 00:58:46.994215 1559979 cosine_bus_manager.cpp:400] [cosine_internal][CosineBusManager] create subscriber. topic name:/pnc/task_service/task_resume/response , middleware:aorta , need async callback:0, frame_skip_rate:1
I0827 00:58:46.994222 1559979 aorta_component.cpp:174] [cosine_internal][AortaComponent] callback_name:/pnc/task_service/task_resume/responsehttp://10.42.0.101:2379
I0827 00:58:46.994254 1559979 buffered_data_export.cpp:115] [cosine_internal]successfully create buffer [bus_buffer___pnc__task_service__task_resume__response, type pnc_msgs.TaskResumeResponse, block num 5, valid_time 0, transfer_type 0, data_size 0, mem_type 0, lib_name , ext_data_size 0, is_protobuf 1, enable_event_sync_subscriber 0], buffer id = 9
I0827 00:58:46.994264 1559979 cosine_bus_message_buffer.cpp:45] [cosine_internal][CosineBusMessageBuffer] create buffer success. name:bus_buffer___pnc__task_service__task_resume__response, type:pnc_msgs.TaskResumeResponse, size:5
I0827 00:58:46.994329 1559979 node_impl.cc:344] [aorta]CreateSubscriber topic:/pnc/task_service/task_resume/response, uid:1e189cb1-da55-4eea-aca5-baecc463736a-16859347558940246081 topic_uid:-1
I0827 00:58:46.994720 1559979 aorta_component.cpp:326] [cosine_internal][AortaComponent] aorta node create subscriber. node: python3.10_S1, topic:/pnc/task_service/task_resume/response, type:pnc_msgs.TaskResumeResponse, qos:(history:1, depth:5, reliability:1, durability:2), uri:http://10.42.0.101:2379
I0827 00:58:46.994728 1559979 aorta_subscriber.hpp:96] [cosine_internal][AortaSubscriber] initial. topic:/pnc/task_service/task_resume/response, uri:
I0827 00:58:46.994740 1559979 cosine_bus_manager.cpp:400] [cosine_internal][CosineBusManager] create subscriber. topic name:/pnc/task_service/remote_control/response , middleware:aorta , need async callback:0, frame_skip_rate:1
I0827 00:58:46.994745 1559979 aorta_component.cpp:174] [cosine_internal][AortaComponent] callback_name:/pnc/task_service/remote_control/responsehttp://10.42.0.101:2379
I0827 00:58:46.994776 1559979 buffered_data_export.cpp:115] [cosine_internal]successfully create buffer [bus_buffer___pnc__task_service__remote_control__response, type pnc_msgs.RemoteControlResponse, block num 5, valid_time 0, transfer_type 0, data_size 0, mem_type 0, lib_name , ext_data_size 0, is_protobuf 1, enable_event_sync_subscriber 0], buffer id = 10
I0827 00:58:46.994786 1559979 cosine_bus_message_buffer.cpp:45] [cosine_internal][CosineBusMessageBuffer] create buffer success. name:bus_buffer___pnc__task_service__remote_control__response, type:pnc_msgs.RemoteControlResponse, size:5
I0827 00:58:46.994848 1559979 node_impl.cc:344] [aorta]CreateSubscriber topic:/pnc/task_service/remote_control/response, uid:d3a5dc2f-609c-4e40-ada2-c0127df0e3eb-11583863028842959166 topic_uid:-1
I0827 00:58:46.995258 1559979 aorta_component.cpp:326] [cosine_internal][AortaComponent] aorta node create subscriber. node: python3.10_S1, topic:/pnc/task_service/remote_control/response, type:pnc_msgs.RemoteControlResponse, qos:(history:1, depth:5, reliability:1, durability:2), uri:http://10.42.0.101:2379
I0827 00:58:46.995268 1559979 aorta_subscriber.hpp:96] [cosine_internal][AortaSubscriber] initial. topic:/pnc/task_service/remote_control/response, uri:
I0827 00:58:46.995287 1559979 cosine_bus_manager.cpp:294] [cosine_internal][CosineBusManager] create publisher. topic name:/pnc/task_service/normal_navigation/request , middleware:aorta
I0827 00:58:46.995716 1559979 tcp_publisher.cc:179] [aorta]topic /pnc/task_service/normal_navigation/request, pub_queue_size_ 5, latch_queue_size_ 0
I0827 00:58:46.996441 1560026 tcp_socket_server.cc:200] [aorta]The ip info is0.0.0.0:35991
I0827 00:58:46.996614 1560026 shm_socket_server.cc:101] [aorta][/pnc/task_service/normal_navigation/request] bind at pipe sock name d2379|python3.10|p1559979|n0|..task_service/normal_navigation/request|p2
I0827 00:58:46.996766 1560027 shm_subscriber.cc:120] [aorta]subscriber connect to publisher success, topic /gdk/config_response, local d2379|python3.10|p1559979|n0|s0|c0, peer d2379|gdk_service|p8963|n0|/gdk/config_response|p0
I0827 00:58:46.996937 1559979 node_impl.cc:198] [aorta]CreatePublisher, host:0.0.0.0, port:35991, sockname:d2379|python3.10|p1559979|n0|..task_service/normal_navigation/request|p2, topic:/pnc/task_service/normal_navigation/request, uid:bba40322-5663-4758-8649-0b4d54097135-11863888217293896894 topic_uid:-1
I0827 00:58:46.996956 1560011 centralized_discovery.cc:733] [aorta]subscriber uid:4e0efc74-99f0-400c-b2ed-6aed1fbf083c-3551884323222435368 topic:/gdk/camera_conf_response
I0827 00:58:46.996963 1559979 aorta_component.cpp:394] [cosine_internal][AortaComponent] aorta node create publisher. node: python3.10_S1, topic:/pnc/task_service/normal_navigation/request, type:pnc_msgs.NormalNavigationRequest, qos:(history:1, depth:5, reliability:1, durability:2), uri:http://10.42.0.101:2379
I0827 00:58:46.997004 1559979 aorta_publisher.cpp:119] [cosine_internal][AortaPublisher] publisher initialize. topic:/pnc/task_service/normal_navigation/request, uri:
I0827 00:58:46.997013 1559979 publisher.cpp:27] [GDK]create publisher: /pnc/task_service/normal_navigation/request type: pnc_msgs.NormalNavigationRequest qos: 1 1 5 2
I0827 00:58:46.997040 1559979 cosine_bus_manager.cpp:294] [cosine_internal][CosineBusManager] create publisher. topic name:/pnc/task_service/high_precision_navigation/request , middleware:aorta
I0827 00:58:46.997720 1559979 tcp_publisher.cc:179] [aorta]topic /pnc/task_service/high_precision_navigation/request, pub_queue_size_ 5, latch_queue_size_ 0
I0827 00:58:46.997807 1560026 tcp_socket_server.cc:200] [aorta]The ip info is0.0.0.0:43657
I0827 00:58:46.997874 1560026 shm_socket_server.cc:101] [aorta][/pnc/task_service/high_precision_navigation/request] bind at pipe sock name d2379|python3.10|p1559979|n0|..vice/high_precision_navigation/request|p3
I0827 00:58:46.997936 1559979 node_impl.cc:198] [aorta]CreatePublisher, host:0.0.0.0, port:43657, sockname:d2379|python3.10|p1559979|n0|..vice/high_precision_navigation/request|p3, topic:/pnc/task_service/high_precision_navigation/request, uid:6d344576-5ba0-4599-837a-0eedb49c18d5-13581583299462652003 topic_uid:-1
I0827 00:58:46.997954 1559979 aorta_component.cpp:394] [cosine_internal][AortaComponent] aorta node create publisher. node: python3.10_S1, topic:/pnc/task_service/high_precision_navigation/request, type:pnc_msgs.HighPrecisionNavigationRequest, qos:(history:1, depth:5, reliability:1, durability:2), uri:http://10.42.0.101:2379
I0827 00:58:46.997989 1559979 aorta_publisher.cpp:119] [cosine_internal][AortaPublisher] publisher initialize. topic:/pnc/task_service/high_precision_navigation/request, uri:
I0827 00:58:46.997988 1560027 shm_subscriber.cc:120] [aorta]subscriber connect to publisher success, topic /gdk/camera_conf_response, local d2379|python3.10|p1559979|n0|s1|c0, peer d2379|gdk_service|p8963|n0|/gdk/camera_conf_response|p1
I0827 00:58:46.998000 1559979 publisher.cpp:27] [GDK]create publisher: /pnc/task_service/high_precision_navigation/request type: pnc_msgs.HighPrecisionNavigationRequest qos: 1 1 5 2
I0827 00:58:46.998023 1559979 cosine_bus_manager.cpp:294] [cosine_internal][CosineBusManager] create publisher. topic name:/pnc/task_service/relative_move/request , middleware:aorta
I0827 00:58:46.998044 1560011 centralized_discovery.cc:733] [aorta]subscriber uid:469a9af6-f949-4245-a56c-7dd452d815d5-9096530589114119892 topic:/pnc/task_state
I0827 00:58:46.998428 1559979 tcp_publisher.cc:179] [aorta]topic /pnc/task_service/relative_move/request, pub_queue_size_ 5, latch_queue_size_ 0
I0827 00:58:46.998521 1560026 tcp_socket_server.cc:200] [aorta]The ip info is0.0.0.0:46243
I0827 00:58:46.998587 1560026 shm_socket_server.cc:101] [aorta][/pnc/task_service/relative_move/request] bind at pipe sock name d2379|python3.10|p1559979|n0|/pnc/task_service/relative_move/request|p4
I0827 00:58:46.998636 1559979 node_impl.cc:198] [aorta]CreatePublisher, host:0.0.0.0, port:46243, sockname:d2379|python3.10|p1559979|n0|/pnc/task_service/relative_move/request|p4, topic:/pnc/task_service/relative_move/request, uid:b3279208-b558-44de-88e4-d7534b283b31-1499998713038698463 topic_uid:-1
I0827 00:58:46.998651 1559979 aorta_component.cpp:394] [cosine_internal][AortaComponent] aorta node create publisher. node: python3.10_S1, topic:/pnc/task_service/relative_move/request, type:pnc_msgs.RelativeMoveRequest, qos:(history:1, depth:5, reliability:1, durability:2), uri:http://10.42.0.101:2379
I0827 00:58:46.998678 1559979 aorta_publisher.cpp:119] [cosine_internal][AortaPublisher] publisher initialize. topic:/pnc/task_service/relative_move/request, uri:
I0827 00:58:46.998684 1559979 publisher.cpp:27] [GDK]create publisher: /pnc/task_service/relative_move/request type: pnc_msgs.RelativeMoveRequest qos: 1 1 5 2
I0827 00:58:46.998695 1559979 cosine_bus_manager.cpp:294] [cosine_internal][CosineBusManager] create publisher. topic name:/pnc/task_service/task_cancel/request , middleware:aorta
I0827 00:58:46.999030 1560027 shm_subscriber.cc:120] [aorta]subscriber connect to publisher success, topic /pnc/task_state, local d2379|python3.10|p1559979|n0|s2|c0, peer d2379|quark_navigation|p1404594|n0|/pnc/task_state|p24
I0827 00:58:46.999086 1560011 centralized_discovery.cc:733] [aorta]subscriber uid:07974429-21e4-4807-9952-11052fc57074-7227396448010854466 topic:/pnc/task_service/normal_navigation/response
I0827 00:58:46.999107 1559979 tcp_publisher.cc:179] [aorta]topic /pnc/task_service/task_cancel/request, pub_queue_size_ 5, latch_queue_size_ 0
I0827 00:58:46.999209 1560026 tcp_socket_server.cc:200] [aorta]The ip info is0.0.0.0:45557
I0827 00:58:46.999351 1560026 shm_socket_server.cc:101] [aorta][/pnc/task_service/task_cancel/request] bind at pipe sock name d2379|python3.10|p1559979|n0|/pnc/task_service/task_cancel/request|p5
I0827 00:58:46.999413 1559979 node_impl.cc:198] [aorta]CreatePublisher, host:0.0.0.0, port:45557, sockname:d2379|python3.10|p1559979|n0|/pnc/task_service/task_cancel/request|p5, topic:/pnc/task_service/task_cancel/request, uid:2d464fe0-f580-4329-8416-29df12b88e09-10250913672907467700 topic_uid:-1
I0827 00:58:46.999444 1559979 aorta_component.cpp:394] [cosine_internal][AortaComponent] aorta node create publisher. node: python3.10_S1, topic:/pnc/task_service/task_cancel/request, type:pnc_msgs.TaskCancelRequest, qos:(history:1, depth:5, reliability:1, durability:2), uri:http://10.42.0.101:2379
I0827 00:58:46.999502 1559979 aorta_publisher.cpp:119] [cosine_internal][AortaPublisher] publisher initialize. topic:/pnc/task_service/task_cancel/request, uri:
I0827 00:58:46.999511 1559979 publisher.cpp:27] [GDK]create publisher: /pnc/task_service/task_cancel/request type: pnc_msgs.TaskCancelRequest qos: 1 1 5 2
I0827 00:58:46.999528 1559979 cosine_bus_manager.cpp:294] [cosine_internal][CosineBusManager] create publisher. topic name:/pnc/task_service/task_pause/request , middleware:aorta
I0827 00:58:46.999969 1559979 tcp_publisher.cc:179] [aorta]topic /pnc/task_service/task_pause/request, pub_queue_size_ 5, latch_queue_size_ 0
I0827 00:58:47.000015 1560027 shm_subscriber.cc:120] [aorta]subscriber connect to publisher success, topic /pnc/task_service/normal_navigation/response, local d2379|python3.10|p1559979|n0|s3|c0, peer d2379|quark_navigation|p1404594|n0|..ask_service/normal_navigation/response|p11
I0827 00:58:47.000048 1560026 tcp_socket_server.cc:200] [aorta]The ip info is0.0.0.0:39621
I0827 00:58:47.000070 1560011 centralized_discovery.cc:733] [aorta]subscriber uid:a838291c-9215-4bba-bc62-696904b11b99-4701876173029784314 topic:/pnc/task_service/high_precision_navigation/response
I0827 00:58:47.000113 1560026 shm_socket_server.cc:101] [aorta][/pnc/task_service/task_pause/request] bind at pipe sock name d2379|python3.10|p1559979|n0|/pnc/task_service/task_pause/request|p6
I0827 00:58:47.000166 1559979 node_impl.cc:198] [aorta]CreatePublisher, host:0.0.0.0, port:39621, sockname:d2379|python3.10|p1559979|n0|/pnc/task_service/task_pause/request|p6, topic:/pnc/task_service/task_pause/request, uid:eb27651c-c063-41b3-a3a6-6ce12d8ce798-2366368184012060648 topic_uid:-1
I0827 00:58:47.000186 1559979 aorta_component.cpp:394] [cosine_internal][AortaComponent] aorta node create publisher. node: python3.10_S1, topic:/pnc/task_service/task_pause/request, type:pnc_msgs.TaskPauseRequest, qos:(history:1, depth:5, reliability:1, durability:2), uri:http://10.42.0.101:2379
I0827 00:58:47.000233 1559979 aorta_publisher.cpp:119] [cosine_internal][AortaPublisher] publisher initialize. topic:/pnc/task_service/task_pause/request, uri:
I0827 00:58:47.000242 1559979 publisher.cpp:27] [GDK]create publisher: /pnc/task_service/task_pause/request type: pnc_msgs.TaskPauseRequest qos: 1 1 5 2
I0827 00:58:47.000263 1559979 cosine_bus_manager.cpp:294] [cosine_internal][CosineBusManager] create publisher. topic name:/pnc/task_service/task_resume/request , middleware:aorta
I0827 00:58:47.000674 1559979 tcp_publisher.cc:179] [aorta]topic /pnc/task_service/task_resume/request, pub_queue_size_ 5, latch_queue_size_ 0
I0827 00:58:47.000746 1560026 tcp_socket_server.cc:200] [aorta]The ip info is0.0.0.0:46737
I0827 00:58:47.000856 1560026 shm_socket_server.cc:101] [aorta][/pnc/task_service/task_resume/request] bind at pipe sock name d2379|python3.10|p1559979|n0|/pnc/task_service/task_resume/request|p7
I0827 00:58:47.000921 1559979 node_impl.cc:198] [aorta]CreatePublisher, host:0.0.0.0, port:46737, sockname:d2379|python3.10|p1559979|n0|/pnc/task_service/task_resume/request|p7, topic:/pnc/task_service/task_resume/request, uid:efa8b2e6-4e7f-457b-a079-3665af6d7c38-18204958959141007063 topic_uid:-1
I0827 00:58:47.000942 1559979 aorta_component.cpp:394] [cosine_internal][AortaComponent] aorta node create publisher. node: python3.10_S1, topic:/pnc/task_service/task_resume/request, type:pnc_msgs.TaskResumeRequest, qos:(history:1, depth:5, reliability:1, durability:2), uri:http://10.42.0.101:2379
I0827 00:58:47.000979 1559979 aorta_publisher.cpp:119] [cosine_internal][AortaPublisher] publisher initialize. topic:/pnc/task_service/task_resume/request, uri:
I0827 00:58:47.000986 1559979 publisher.cpp:27] [GDK]create publisher: /pnc/task_service/task_resume/request type: pnc_msgs.TaskResumeRequest qos: 1 1 5 2
I0827 00:58:47.001097 1559979 cosine_bus_manager.cpp:294] [cosine_internal][CosineBusManager] create publisher. topic name:/pnc/remote_control_cmd , middleware:aorta
I0827 00:58:47.001139 1560027 shm_subscriber.cc:120] [aorta]subscriber connect to publisher success, topic /pnc/task_service/high_precision_navigation/response, local d2379|python3.10|p1559979|n0|s4|c0, peer d2379|quark_navigation|p1404594|n0|..ice/high_precision_navigation/response|p12
I0827 00:58:47.001201 1560011 centralized_discovery.cc:733] [aorta]subscriber uid:9dd16ef4-c259-4912-b9ac-113394677f52-4077207897147431090 topic:/pnc/task_service/relative_move/response
I0827 00:58:47.001551 1559979 tcp_publisher.cc:179] [aorta]topic /pnc/remote_control_cmd, pub_queue_size_ 5, latch_queue_size_ 0
I0827 00:58:47.001628 1560026 tcp_socket_server.cc:200] [aorta]The ip info is0.0.0.0:41795
I0827 00:58:47.001888 1560026 shm_socket_server.cc:101] [aorta][/pnc/remote_control_cmd] bind at pipe sock name d2379|python3.10|p1559979|n0|/pnc/remote_control_cmd|p8
I0827 00:58:47.001968 1559979 node_impl.cc:198] [aorta]CreatePublisher, host:0.0.0.0, port:41795, sockname:d2379|python3.10|p1559979|n0|/pnc/remote_control_cmd|p8, topic:/pnc/remote_control_cmd, uid:0656836d-1dfb-48d8-a0e2-f2373b9d519b-2921114360754287628 topic_uid:-1
I0827 00:58:47.001991 1559979 aorta_component.cpp:394] [cosine_internal][AortaComponent] aorta node create publisher. node: python3.10_S1, topic:/pnc/remote_control_cmd, type:geometry_msgs.msg.pb.TwistStamped, qos:(history:1, depth:5, reliability:1, durability:2), uri:http://10.42.0.101:2379
I0827 00:58:47.002023 1559979 aorta_publisher.cpp:119] [cosine_internal][AortaPublisher] publisher initialize. topic:/pnc/remote_control_cmd, uri:
I0827 00:58:47.002030 1559979 publisher.cpp:27] [GDK]create publisher: /pnc/remote_control_cmd type: geometry_msgs.msg.pb.TwistStamped qos: 1 1 5 2
I0827 00:58:47.002045 1559979 cosine_bus_manager.cpp:294] [cosine_internal][CosineBusManager] create publisher. topic name:/pnc/task_service/remote_control/request , middleware:aorta
I0827 00:58:47.002077 1560027 shm_subscriber.cc:120] [aorta]subscriber connect to publisher success, topic /pnc/task_service/relative_move/response, local d2379|python3.10|p1559979|n0|s5|c0, peer d2379|quark_navigation|p1404594|n0|/pnc/task_service/relative_move/response|p15
I0827 00:58:47.002228 1560011 centralized_discovery.cc:733] [aorta]subscriber uid:3869f9c2-5790-4db9-954a-bda646c67630-3654631836754090917 topic:/pnc/task_service/task_cancel/response
I0827 00:58:47.002803 1559979 tcp_publisher.cc:179] [aorta]topic /pnc/task_service/remote_control/request, pub_queue_size_ 5, latch_queue_size_ 0
I0827 00:58:47.002887 1560026 tcp_socket_server.cc:200] [aorta]The ip info is0.0.0.0:34423
I0827 00:58:47.002954 1560026 shm_socket_server.cc:101] [aorta][/pnc/task_service/remote_control/request] bind at pipe sock name d2379|python3.10|p1559979|n0|/pnc/task_service/remote_control/request|p9
I0827 00:58:47.003017 1559979 node_impl.cc:198] [aorta]CreatePublisher, host:0.0.0.0, port:34423, sockname:d2379|python3.10|p1559979|n0|/pnc/task_service/remote_control/request|p9, topic:/pnc/task_service/remote_control/request, uid:a3fa9a31-58ee-48d0-9085-429024fce028-10398465225129759782 topic_uid:-1
I0827 00:58:47.003038 1559979 aorta_component.cpp:394] [cosine_internal][AortaComponent] aorta node create publisher. node: python3.10_S1, topic:/pnc/task_service/remote_control/request, type:pnc_msgs.RemoteControlRequest, qos:(history:1, depth:5, reliability:1, durability:2), uri:http://10.42.0.101:2379
I0827 00:58:47.003053 1560027 shm_subscriber.cc:120] [aorta]subscriber connect to publisher success, topic /pnc/task_service/task_cancel/response, local d2379|python3.10|p1559979|n0|s6|c0, peer d2379|quark_navigation|p1404594|n0|/pnc/task_service/task_cancel/response|p17
I0827 00:58:47.003067 1559979 aorta_publisher.cpp:119] [cosine_internal][AortaPublisher] publisher initialize. topic:/pnc/task_service/remote_control/request, uri:
I0827 00:58:47.003074 1559979 publisher.cpp:27] [GDK]create publisher: /pnc/task_service/remote_control/request type: pnc_msgs.RemoteControlRequest qos: 1 1 5 2
I0827 00:58:47.003116 1560011 centralized_discovery.cc:733] [aorta]subscriber uid:50215a4a-398d-4fc5-9690-13ead223377b-4995236092065324733 topic:/pnc/task_service/task_pause/response
I0827 00:58:47.003137 1559979 cosine_bus_manager.cpp:400] [cosine_internal][CosineBusManager] create subscriber. topic name:/slam/odom , middleware:aorta , need async callback:0, frame_skip_rate:1
I0827 00:58:47.003149 1559979 aorta_component.cpp:174] [cosine_internal][AortaComponent] callback_name:/slam/odomhttp://10.42.0.101:2379
I0827 00:58:47.003340 1559979 buffered_data_export.cpp:115] [cosine_internal]successfully create buffer [bus_buffer___slam__odom, type genie_msgs.msg.pb.OdomInfo, block num 5, valid_time 0, transfer_type 0, data_size 0, mem_type 0, lib_name , ext_data_size 0, is_protobuf 1, enable_event_sync_subscriber 0], buffer id = 11
I0827 00:58:47.003363 1559979 cosine_bus_message_buffer.cpp:45] [cosine_internal][CosineBusMessageBuffer] create buffer success. name:bus_buffer___slam__odom, type:genie_msgs.msg.pb.OdomInfo, size:5
I0827 00:58:47.003439 1559979 node_impl.cc:344] [aorta]CreateSubscriber topic:/slam/odom, uid:6212d2d1-aa40-4122-a2cc-00c4bc3ba8e5-8164318257426434522 topic_uid:-1
I0827 00:58:47.003877 1559979 aorta_component.cpp:326] [cosine_internal][AortaComponent] aorta node create subscriber. node: python3.10_S1, topic:/slam/odom, type:genie_msgs.msg.pb.OdomInfo, qos:(history:1, depth:5, reliability:1, durability:2), uri:http://10.42.0.101:2379
I0827 00:58:47.003890 1559979 aorta_subscriber.hpp:96] [cosine_internal][AortaSubscriber] initial. topic:/slam/odom, uri:
I0827 00:58:47.003903 1559979 cosine_bus_manager.cpp:400] [cosine_internal][CosineBusManager] create subscriber. topic name:/slam/state , middleware:aorta , need async callback:0, frame_skip_rate:1
I0827 00:58:47.003911 1559979 aorta_component.cpp:174] [cosine_internal][AortaComponent] callback_name:/slam/statehttp://10.42.0.101:2379
I0827 00:58:47.003955 1559979 buffered_data_export.cpp:115] [cosine_internal]successfully create buffer [bus_buffer___slam__state, type genie_msgs.msg.pb.CommonResponse, block num 5, valid_time 0, transfer_type 0, data_size 0, mem_type 0, lib_name , ext_data_size 0, is_protobuf 1, enable_event_sync_subscriber 0], buffer id = 12
I0827 00:58:47.003968 1559979 cosine_bus_message_buffer.cpp:45] [cosine_internal][CosineBusMessageBuffer] create buffer success. name:bus_buffer___slam__state, type:genie_msgs.msg.pb.CommonResponse, size:5
I0827 00:58:47.003981 1560027 shm_subscriber.cc:120] [aorta]subscriber connect to publisher success, topic /pnc/task_service/task_pause/response, local d2379|python3.10|p1559979|n0|s7|c0, peer d2379|quark_navigation|p1404594|n0|/pnc/task_service/task_pause/response|p18
I0827 00:58:47.004041 1559979 node_impl.cc:344] [aorta]CreateSubscriber topic:/slam/state, uid:3f35db33-af3e-4401-a158-ea269555e51d-7791362299214773660 topic_uid:-1
I0827 00:58:47.004042 1560011 centralized_discovery.cc:733] [aorta]subscriber uid:1e189cb1-da55-4eea-aca5-baecc463736a-16859347558940246081 topic:/pnc/task_service/task_resume/response
I0827 00:58:47.004525 1559979 aorta_component.cpp:326] [cosine_internal][AortaComponent] aorta node create subscriber. node: python3.10_S1, topic:/slam/state, type:genie_msgs.msg.pb.CommonResponse, qos:(history:1, depth:5, reliability:1, durability:2), uri:http://10.42.0.101:2379
I0827 00:58:47.004537 1559979 aorta_subscriber.hpp:96] [cosine_internal][AortaSubscriber] initial. topic:/slam/state, uri:
I0827 00:58:47.004558 1559979 cosine_bus_manager.cpp:400] [cosine_internal][CosineBusManager] create subscriber. topic name:/slam/mapping_response , middleware:aorta , need async callback:0, frame_skip_rate:1
I0827 00:58:47.004566 1559979 aorta_component.cpp:174] [cosine_internal][AortaComponent] callback_name:/slam/mapping_responsehttp://10.42.0.101:2379
I0827 00:58:47.004601 1559979 buffered_data_export.cpp:115] [cosine_internal]successfully create buffer [bus_buffer___slam__mapping_response, type genie_msgs.msg.pb.CommonResponse, block num 5, valid_time 0, transfer_type 0, data_size 0, mem_type 0, lib_name , ext_data_size 0, is_protobuf 1, enable_event_sync_subscriber 0], buffer id = 13
I0827 00:58:47.004613 1559979 cosine_bus_message_buffer.cpp:45] [cosine_internal][CosineBusMessageBuffer] create buffer success. name:bus_buffer___slam__mapping_response, type:genie_msgs.msg.pb.CommonResponse, size:5
I0827 00:58:47.004706 1559979 node_impl.cc:344] [aorta]CreateSubscriber topic:/slam/mapping_response, uid:bc489207-9099-4dc0-9686-4dae72471afe-3136143855590244141 topic_uid:-1
I0827 00:58:47.004809 1560027 shm_subscriber.cc:120] [aorta]subscriber connect to publisher success, topic /pnc/task_service/task_resume/response, local d2379|python3.10|p1559979|n0|s8|c0, peer d2379|quark_navigation|p1404594|n0|/pnc/task_service/task_resume/response|p19
I0827 00:58:47.004873 1560011 centralized_discovery.cc:733] [aorta]subscriber uid:d3a5dc2f-609c-4e40-ada2-c0127df0e3eb-11583863028842959166 topic:/pnc/task_service/remote_control/response
I0827 00:58:47.005100 1559979 aorta_component.cpp:326] [cosine_internal][AortaComponent] aorta node create subscriber. node: python3.10_S1, topic:/slam/mapping_response, type:genie_msgs.msg.pb.CommonResponse, qos:(history:1, depth:5, reliability:1, durability:2), uri:http://10.42.0.101:2379
I0827 00:58:47.005113 1559979 aorta_subscriber.hpp:96] [cosine_internal][AortaSubscriber] initial. topic:/slam/mapping_response, uri:
I0827 00:58:47.005125 1559979 cosine_bus_manager.cpp:400] [cosine_internal][CosineBusManager] create subscriber. topic name:/slam/record_spec_loc_rsp , middleware:aorta , need async callback:0, frame_skip_rate:1
I0827 00:58:47.005132 1559979 aorta_component.cpp:174] [cosine_internal][AortaComponent] callback_name:/slam/record_spec_loc_rsphttp://10.42.0.101:2379
I0827 00:58:47.005163 1559979 buffered_data_export.cpp:115] [cosine_internal]successfully create buffer [bus_buffer___slam__record_spec_loc_rsp, type genie_msgs.msg.pb.CommonResponse, block num 5, valid_time 0, transfer_type 0, data_size 0, mem_type 0, lib_name , ext_data_size 0, is_protobuf 1, enable_event_sync_subscriber 0], buffer id = 14
I0827 00:58:47.005178 1559979 cosine_bus_message_buffer.cpp:45] [cosine_internal][CosineBusMessageBuffer] create buffer success. name:bus_buffer___slam__record_spec_loc_rsp, type:genie_msgs.msg.pb.CommonResponse, size:5
I0827 00:58:47.005254 1559979 node_impl.cc:344] [aorta]CreateSubscriber topic:/slam/record_spec_loc_rsp, uid:a168d157-234c-4c8e-9a2b-89a4783eb18a-16786186340696970127 topic_uid:-1
I0827 00:58:47.005645 1559979 aorta_component.cpp:326] [cosine_internal][AortaComponent] aorta node create subscriber. node: python3.10_S1, topic:/slam/record_spec_loc_rsp, type:genie_msgs.msg.pb.CommonResponse, qos:(history:1, depth:5, reliability:1, durability:2), uri:http://10.42.0.101:2379
I0827 00:58:47.005654 1559979 aorta_subscriber.hpp:96] [cosine_internal][AortaSubscriber] initial. topic:/slam/record_spec_loc_rsp, uri:
I0827 00:58:47.005671 1559979 cosine_bus_manager.cpp:294] [cosine_internal][CosineBusManager] create publisher. topic name:/slam/mapping_request , middleware:aorta
I0827 00:58:47.005677 1560027 shm_subscriber.cc:120] [aorta]subscriber connect to publisher success, topic /pnc/task_service/remote_control/response, local d2379|python3.10|p1559979|n0|s9|c0, peer d2379|quark_navigation|p1404594|n0|..c/task_service/remote_control/response|p16
I0827 00:58:47.005730 1560011 centralized_discovery.cc:681] [aorta]publisher uid:bba40322-5663-4758-8649-0b4d54097135-11863888217293896894 topic:/pnc/task_service/normal_navigation/request
I0827 00:58:47.006078 1559979 tcp_publisher.cc:179] [aorta]topic /slam/mapping_request, pub_queue_size_ 5, latch_queue_size_ 0
I0827 00:58:47.006161 1560026 tcp_socket_server.cc:200] [aorta]The ip info is0.0.0.0:42715
