I0827 00:30:03.537436 1088358 aorta_component.cpp:326] [cosine_internal][AortaComponent] aorta node create subscriber. node: python3.10_S1, topic:/pnc/task_service/relative_move/response, type:pnc_msgs.RelativeMoveResponse, qos:(history:1, depth:5, reliability:1, durability:2), uri:http://10.42.0.101:2379
I0827 00:30:03.537458 1088358 aorta_subscriber.hpp:96] [cosine_internal][AortaSubscriber] initial. topic:/pnc/task_service/relative_move/response, uri:
I0827 00:30:03.537477 1088358 cosine_bus_manager.cpp:400] [cosine_internal][CosineBusManager] create subscriber. topic name:/pnc/task_service/task_cancel/response , middleware:aorta , need async callback:0, frame_skip_rate:1
I0827 00:30:03.537505 1088446 buffered_data_export.cpp:320] [cosine_internal]successfully expanded buffer [bus_buffer___hal__chest_power_state, type genie_msgs.msg.pb.ChestPowerState, block num 7, valid_time 0, transfer_type 0, data_size 216, mem_type 0, lib_name , ext_data_size 0, is_protobuf 1, enable_event_sync_subscriber 0] to size: 7
I0827 00:30:03.537642 1088358 aorta_component.cpp:174] [cosine_internal][AortaComponent] callback_name:/pnc/task_service/task_cancel/responsehttp://10.42.0.101:2379
I0827 00:30:03.537707 1088358 buffered_data_export.cpp:115] [cosine_internal]successfully create buffer [bus_buffer___pnc__task_service__task_cancel__response, type pnc_msgs.TaskCancelResponse, block num 5, valid_time 0, transfer_type 0, data_size 0, mem_type 0, lib_name , ext_data_size 0, is_protobuf 1, enable_event_sync_subscriber 0], buffer id = 38
I0827 00:30:03.537725 1088358 cosine_bus_message_buffer.cpp:45] [cosine_internal][CosineBusMessageBuffer] create buffer success. name:bus_buffer___pnc__task_service__task_cancel__response, type:pnc_msgs.TaskCancelResponse, size:5
I0827 00:30:03.537824 1088358 node_impl.cc:344] [aorta]CreateSubscriber topic:/pnc/task_service/task_cancel/response, uid:18d86944-2965-480c-ba5a-deb96ef5eb30-3654631836754090917 topic_uid:-1
I0827 00:30:03.538272 1088445 centralized_discovery.cc:681] [aorta]publisher uid:e269e384-8286-4a1b-9cb6-45a9b5d98147-10549331913175888813 topic:/wbc/retarget
I0827 00:30:03.538367 1088358 aorta_component.cpp:326] [cosine_internal][AortaComponent] aorta node create subscriber. node: python3.10_S1, topic:/pnc/task_service/task_cancel/response, type:pnc_msgs.TaskCancelResponse, qos:(history:1, depth:5, reliability:1, durability:2), uri:http://10.42.0.101:2379
I0827 00:30:03.538379 1088358 aorta_subscriber.hpp:96] [cosine_internal][AortaSubscriber] initial. topic:/pnc/task_service/task_cancel/response, uri:
I0827 00:30:03.538398 1088358 cosine_bus_manager.cpp:400] [cosine_internal][CosineBusManager] create subscriber. topic name:/pnc/task_service/task_pause/response , middleware:aorta , need async callback:0, frame_skip_rate:1
I0827 00:30:03.538405 1088358 aorta_component.cpp:174] [cosine_internal][AortaComponent] callback_name:/pnc/task_service/task_pause/responsehttp://10.42.0.101:2379
I0827 00:30:03.538450 1088358 buffered_data_export.cpp:115] [cosine_internal]successfully create buffer [bus_buffer___pnc__task_service__task_pause__response, type pnc_msgs.TaskPauseResponse, block num 5, valid_time 0, transfer_type 0, data_size 0, mem_type 0, lib_name , ext_data_size 0, is_protobuf 1, enable_event_sync_subscriber 0], buffer id = 39
I0827 00:30:03.538787 1088358 cosine_bus_message_buffer.cpp:45] [cosine_internal][CosineBusMessageBuffer] create buffer success. name:bus_buffer___pnc__task_service__task_pause__response, type:pnc_msgs.TaskPauseResponse, size:5
I0827 00:30:03.538893 1088358 node_impl.cc:344] [aorta]CreateSubscriber topic:/pnc/task_service/task_pause/response, uid:6ab7a1e5-8f11-417c-b793-3ace520ddee5-4995236092065324733 topic_uid:-1
I0827 00:30:03.539304 1088358 aorta_component.cpp:326] [cosine_internal][AortaComponent] aorta node create subscriber. node: python3.10_S1, topic:/pnc/task_service/task_pause/response, type:pnc_msgs.TaskPauseResponse, qos:(history:1, depth:5, reliability:1, durability:2), uri:http://10.42.0.101:2379
I0827 00:30:03.539316 1088358 aorta_subscriber.hpp:96] [cosine_internal][AortaSubscriber] initial. topic:/pnc/task_service/task_pause/response, uri:
I0827 00:30:03.539346 1088358 cosine_bus_manager.cpp:400] [cosine_internal][CosineBusManager] create subscriber. topic name:/pnc/task_service/task_resume/response , middleware:aorta , need async callback:0, frame_skip_rate:1
I0827 00:30:03.539355 1088358 aorta_component.cpp:174] [cosine_internal][AortaComponent] callback_name:/pnc/task_service/task_resume/responsehttp://10.42.0.101:2379
I0827 00:30:03.539407 1088358 buffered_data_export.cpp:115] [cosine_internal]successfully create buffer [bus_buffer___pnc__task_service__task_resume__response, type pnc_msgs.TaskResumeResponse, block num 5, valid_time 0, transfer_type 0, data_size 0, mem_type 0, lib_name , ext_data_size 0, is_protobuf 1, enable_event_sync_subscriber 0], buffer id = 40
I0827 00:30:03.539422 1088358 cosine_bus_message_buffer.cpp:45] [cosine_internal][CosineBusMessageBuffer] create buffer success. name:bus_buffer___pnc__task_service__task_resume__response, type:pnc_msgs.TaskResumeResponse, size:5
I0827 00:30:03.539501 1088358 node_impl.cc:344] [aorta]CreateSubscriber topic:/pnc/task_service/task_resume/response, uid:56daf832-b1bf-4be8-8f03-63bba93d28f1-16859347558940246081 topic_uid:-1
I0827 00:30:03.539646 1088445 centralized_discovery.cc:733] [aorta]subscriber uid:eac6689d-c164-44ec-b69c-3593e346cdfd-10407449922038425096 topic:/camera/head_back_fisheye
I0827 00:30:03.540041 1088358 aorta_component.cpp:326] [cosine_internal][AortaComponent] aorta node create subscriber. node: python3.10_S1, topic:/pnc/task_service/task_resume/response, type:pnc_msgs.TaskResumeResponse, qos:(history:1, depth:5, reliability:1, durability:2), uri:http://10.42.0.101:2379
I0827 00:30:03.540057 1088358 aorta_subscriber.hpp:96] [cosine_internal][AortaSubscriber] initial. topic:/pnc/task_service/task_resume/response, uri:
I0827 00:30:03.540076 1088358 cosine_bus_manager.cpp:400] [cosine_internal][CosineBusManager] create subscriber. topic name:/pnc/task_service/remote_control/response , middleware:aorta , need async callback:0, frame_skip_rate:1
I0827 00:30:03.540084 1088358 aorta_component.cpp:174] [cosine_internal][AortaComponent] callback_name:/pnc/task_service/remote_control/responsehttp://10.42.0.101:2379
I0827 00:30:03.540133 1088358 buffered_data_export.cpp:115] [cosine_internal]successfully create buffer [bus_buffer___pnc__task_service__remote_control__response, type pnc_msgs.RemoteControlResponse, block num 5, valid_time 0, transfer_type 0, data_size 0, mem_type 0, lib_name , ext_data_size 0, is_protobuf 1, enable_event_sync_subscriber 0], buffer id = 41
I0827 00:30:03.540154 1088358 cosine_bus_message_buffer.cpp:45] [cosine_internal][CosineBusMessageBuffer] create buffer success. name:bus_buffer___pnc__task_service__remote_control__response, type:pnc_msgs.RemoteControlResponse, size:5
I0827 00:30:03.540233 1088358 node_impl.cc:344] [aorta]CreateSubscriber topic:/pnc/task_service/remote_control/response, uid:9427b3e5-0f5f-4b23-aeee-804d4f35f29e-11583863028842959166 topic_uid:-1
I0827 00:30:03.540894 1088445 centralized_discovery.cc:733] [aorta]subscriber uid:1e454919-c69d-4ca8-a311-3e223898632f-14591831445956696588 topic:/camera/head_left_fisheye
I0827 00:30:03.541100 1088358 aorta_component.cpp:326] [cosine_internal][AortaComponent] aorta node create subscriber. node: python3.10_S1, topic:/pnc/task_service/remote_control/response, type:pnc_msgs.RemoteControlResponse, qos:(history:1, depth:5, reliability:1, durability:2), uri:http://10.42.0.101:2379
I0827 00:30:03.541115 1088358 aorta_subscriber.hpp:96] [cosine_internal][AortaSubscriber] initial. topic:/pnc/task_service/remote_control/response, uri:
I0827 00:30:03.541146 1088358 cosine_bus_manager.cpp:294] [cosine_internal][CosineBusManager] create publisher. topic name:/pnc/task_service/normal_navigation/request , middleware:aorta
I0827 00:30:03.541633 1088445 centralized_discovery.cc:733] [aorta]subscriber uid:3e952842-645b-4235-8e04-4d60aa8a6713-11724137809755197201 topic:/camera/head_right_fisheye
I0827 00:30:03.541587 1088358 tcp_publisher.cc:179] [aorta]topic /pnc/task_service/normal_navigation/request, pub_queue_size_ 5, latch_queue_size_ 0
I0827 00:30:03.541843 1088446 buffered_data_export.cpp:320] [cosine_internal]successfully expanded buffer [bus_buffer___hal__chassis_power_state, type genie_msgs.msg.pb.ChassisPowerState, block num 8, valid_time 0, transfer_type 0, data_size 192, mem_type 0, lib_name , ext_data_size 0, is_protobuf 1, enable_event_sync_subscriber 0] to size: 8
I0827 00:30:03.541875 1089567 tcp_socket_server.cc:200] [aorta]The ip info is0.0.0.0:46239
I0827 00:30:03.541944 1088446 buffered_data_export.cpp:320] [cosine_internal]successfully expanded buffer [bus_buffer___hal__chest_power_state, type genie_msgs.msg.pb.ChestPowerState, block num 8, valid_time 0, transfer_type 0, data_size 216, mem_type 0, lib_name , ext_data_size 0, is_protobuf 1, enable_event_sync_subscriber 0] to size: 8
I0827 00:30:03.541973 1089567 shm_socket_server.cc:101] [aorta][/pnc/task_service/normal_navigation/request] bind at pipe sock name d2379|python3.10|p1088358|n0|..task_service/normal_navigation/request|p17
I0827 00:30:03.542054 1088358 node_impl.cc:198] [aorta]CreatePublisher, host:0.0.0.0, port:46239, sockname:d2379|python3.10|p1088358|n0|..task_service/normal_navigation/request|p17, topic:/pnc/task_service/normal_navigation/request, uid:5b45f4ae-80e3-4df0-8142-53508d72c069-11863888217293896894 topic_uid:-1
I0827 00:30:03.542078 1088358 aorta_component.cpp:394] [cosine_internal][AortaComponent] aorta node create publisher. node: python3.10_S1, topic:/pnc/task_service/normal_navigation/request, type:pnc_msgs.NormalNavigationRequest, qos:(history:1, depth:5, reliability:1, durability:2), uri:http://10.42.0.101:2379
I0827 00:30:03.542116 1088358 aorta_publisher.cpp:119] [cosine_internal][AortaPublisher] publisher initialize. topic:/pnc/task_service/normal_navigation/request, uri:
I0827 00:30:03.542124 1088358 publisher.cpp:27] [GDK]create publisher: /pnc/task_service/normal_navigation/request type: pnc_msgs.NormalNavigationRequest qos: 1 1 5 2
I0827 00:30:03.542148 1088358 cosine_bus_manager.cpp:294] [cosine_internal][CosineBusManager] create publisher. topic name:/pnc/task_service/high_precision_navigation/request , middleware:aorta
I0827 00:30:03.542351 1088445 centralized_discovery.cc:733] [aorta]subscriber uid:d89bbfa9-8a1c-4f4f-9096-55e0b859237e-2772564262404746643 topic:/camera/head_stereo_left
I0827 00:30:03.543303 1089568 shm_subscriber.cc:120] [aorta]subscriber connect to publisher success, topic /camera/head_stereo_left, local d2379|python3.10|p1088358|n0|s17|c0, peer d2379|cosine_runner|p9520|n0|/camera/head_stereo_left|p3
I0827 00:30:03.543380 1088445 centralized_discovery.cc:733] [aorta]subscriber uid:731f29c0-2e79-4aa5-ab65-312bb2f8bab3-8400981831882539399 topic:/camera/head_stereo_right
I0827 00:30:03.543402 1088358 tcp_publisher.cc:179] [aorta]topic /pnc/task_service/high_precision_navigation/request, pub_queue_size_ 5, latch_queue_size_ 0
I0827 00:30:03.543545 1089567 tcp_socket_server.cc:200] [aorta]The ip info is0.0.0.0:45483
I0827 00:30:03.543627 1089567 shm_socket_server.cc:101] [aorta][/pnc/task_service/high_precision_navigation/request] bind at pipe sock name d2379|python3.10|p1088358|n0|..vice/high_precision_navigation/request|p18
I0827 00:30:03.543689 1088358 node_impl.cc:198] [aorta]CreatePublisher, host:0.0.0.0, port:45483, sockname:d2379|python3.10|p1088358|n0|..vice/high_precision_navigation/request|p18, topic:/pnc/task_service/high_precision_navigation/request, uid:41f67e66-0142-4c34-8f75-500de06e3e21-13581583299462652003 topic_uid:-1
I0827 00:30:03.543709 1088358 aorta_component.cpp:394] [cosine_internal][AortaComponent] aorta node create publisher. node: python3.10_S1, topic:/pnc/task_service/high_precision_navigation/request, type:pnc_msgs.HighPrecisionNavigationRequest, qos:(history:1, depth:5, reliability:1, durability:2), uri:http://10.42.0.101:2379
I0827 00:30:03.543741 1088358 aorta_publisher.cpp:119] [cosine_internal][AortaPublisher] publisher initialize. topic:/pnc/task_service/high_precision_navigation/request, uri:
I0827 00:30:03.543751 1088358 publisher.cpp:27] [GDK]create publisher: /pnc/task_service/high_precision_navigation/request type: pnc_msgs.HighPrecisionNavigationRequest qos: 1 1 5 2
I0827 00:30:03.543773 1088358 cosine_bus_manager.cpp:294] [cosine_internal][CosineBusManager] create publisher. topic name:/pnc/task_service/relative_move/request , middleware:aorta
I0827 00:30:03.544193 1088358 tcp_publisher.cc:179] [aorta]topic /pnc/task_service/relative_move/request, pub_queue_size_ 5, latch_queue_size_ 0
I0827 00:30:03.544241 1089567 tcp_socket_server.cc:200] [aorta]The ip info is0.0.0.0:45303
I0827 00:30:03.544301 1089567 shm_socket_server.cc:101] [aorta][/pnc/task_service/relative_move/request] bind at pipe sock name d2379|python3.10|p1088358|n0|/pnc/task_service/relative_move/request|p19
I0827 00:30:03.544355 1088358 node_impl.cc:198] [aorta]CreatePublisher, host:0.0.0.0, port:45303, sockname:d2379|python3.10|p1088358|n0|/pnc/task_service/relative_move/request|p19, topic:/pnc/task_service/relative_move/request, uid:3f69ea2e-2d0c-454a-8ab1-95a9242879fb-1499998713038698463 topic_uid:-1
I0827 00:30:03.544373 1088358 aorta_component.cpp:394] [cosine_internal][AortaComponent] aorta node create publisher. node: python3.10_S1, topic:/pnc/task_service/relative_move/request, type:pnc_msgs.RelativeMoveRequest, qos:(history:1, depth:5, reliability:1, durability:2), uri:http://10.42.0.101:2379
I0827 00:30:03.544401 1088358 aorta_publisher.cpp:119] [cosine_internal][AortaPublisher] publisher initialize. topic:/pnc/task_service/relative_move/request, uri:
I0827 00:30:03.544409 1088358 publisher.cpp:27] [GDK]create publisher: /pnc/task_service/relative_move/request type: pnc_msgs.RelativeMoveRequest qos: 1 1 5 2
I0827 00:30:03.544422 1088358 cosine_bus_manager.cpp:294] [cosine_internal][CosineBusManager] create publisher. topic name:/pnc/task_service/task_cancel/request , middleware:aorta
I0827 00:30:03.544523 1089568 shm_subscriber.cc:120] [aorta]subscriber connect to publisher success, topic /camera/head_stereo_right, local d2379|python3.10|p1088358|n0|s18|c0, peer d2379|cosine_runner|p9520|n0|/camera/head_stereo_right|p0
I0827 00:30:03.544584 1088445 centralized_discovery.cc:733] [aorta]subscriber uid:769df821-37c7-429f-91c7-f5c6fbb0f98b-16768487626907404343 topic:/camera/hand_left_color
I0827 00:30:03.544834 1088358 tcp_publisher.cc:179] [aorta]topic /pnc/task_service/task_cancel/request, pub_queue_size_ 5, latch_queue_size_ 0
I0827 00:30:03.544881 1089567 tcp_socket_server.cc:200] [aorta]The ip info is0.0.0.0:43325
I0827 00:30:03.544943 1089567 shm_socket_server.cc:101] [aorta][/pnc/task_service/task_cancel/request] bind at pipe sock name d2379|python3.10|p1088358|n0|/pnc/task_service/task_cancel/request|p20
I0827 00:30:03.545002 1088358 node_impl.cc:198] [aorta]CreatePublisher, host:0.0.0.0, port:43325, sockname:d2379|python3.10|p1088358|n0|/pnc/task_service/task_cancel/request|p20, topic:/pnc/task_service/task_cancel/request, uid:8d4aed7f-2633-4a1e-b557-7e3ec11a3864-10250913672907467700 topic_uid:-1
I0827 00:30:03.545020 1088358 aorta_component.cpp:394] [cosine_internal][AortaComponent] aorta node create publisher. node: python3.10_S1, topic:/pnc/task_service/task_cancel/request, type:pnc_msgs.TaskCancelRequest, qos:(history:1, depth:5, reliability:1, durability:2), uri:http://10.42.0.101:2379
I0827 00:30:03.545053 1088358 aorta_publisher.cpp:119] [cosine_internal][AortaPublisher] publisher initialize. topic:/pnc/task_service/task_cancel/request, uri:
I0827 00:30:03.545059 1088358 publisher.cpp:27] [GDK]create publisher: /pnc/task_service/task_cancel/request type: pnc_msgs.TaskCancelRequest qos: 1 1 5 2
I0827 00:30:03.545074 1088358 cosine_bus_manager.cpp:294] [cosine_internal][CosineBusManager] create publisher. topic name:/pnc/task_service/task_pause/request , middleware:aorta
I0827 00:30:03.545370 1089568 shm_subscriber.cc:120] [aorta]subscriber connect to publisher success, topic /camera/hand_left_color, local d2379|python3.10|p1088358|n0|s19|c0, peer d2379|cosine_runner|p9520|n0|/camera/hand_left_color|p4
I0827 00:30:03.545424 1088445 centralized_discovery.cc:733] [aorta]subscriber uid:0c782ae1-6d5f-479a-b6ec-5485f790ae68-8629761233962563373 topic:/camera/hand_right_color
I0827 00:30:03.545535 1088358 tcp_publisher.cc:179] [aorta]topic /pnc/task_service/task_pause/request, pub_queue_size_ 5, latch_queue_size_ 0
I0827 00:30:03.545586 1089567 tcp_socket_server.cc:200] [aorta]The ip info is0.0.0.0:46729
I0827 00:30:03.545650 1089567 shm_socket_server.cc:101] [aorta][/pnc/task_service/task_pause/request] bind at pipe sock name d2379|python3.10|p1088358|n0|/pnc/task_service/task_pause/request|p21
I0827 00:30:03.545703 1088358 node_impl.cc:198] [aorta]CreatePublisher, host:0.0.0.0, port:46729, sockname:d2379|python3.10|p1088358|n0|/pnc/task_service/task_pause/request|p21, topic:/pnc/task_service/task_pause/request, uid:ce38e5a4-7baa-4860-a963-5ea14b741f17-2366368184012060648 topic_uid:-1
I0827 00:30:03.545739 1088358 aorta_component.cpp:394] [cosine_internal][AortaComponent] aorta node create publisher. node: python3.10_S1, topic:/pnc/task_service/task_pause/request, type:pnc_msgs.TaskPauseRequest, qos:(history:1, depth:5, reliability:1, durability:2), uri:http://10.42.0.101:2379
I0827 00:30:03.545771 1088358 aorta_publisher.cpp:119] [cosine_internal][AortaPublisher] publisher initialize. topic:/pnc/task_service/task_pause/request, uri:
I0827 00:30:03.545778 1088358 publisher.cpp:27] [GDK]create publisher: /pnc/task_service/task_pause/request type: pnc_msgs.TaskPauseRequest qos: 1 1 5 2
I0827 00:30:03.545794 1088358 cosine_bus_manager.cpp:294] [cosine_internal][CosineBusManager] create publisher. topic name:/pnc/task_service/task_resume/request , middleware:aorta
I0827 00:30:03.546200 1088358 tcp_publisher.cc:179] [aorta]topic /pnc/task_service/task_resume/request, pub_queue_size_ 5, latch_queue_size_ 0
I0827 00:30:03.546263 1089567 tcp_socket_server.cc:200] [aorta]The ip info is0.0.0.0:34823
I0827 00:30:03.546283 1089568 shm_subscriber.cc:120] [aorta]subscriber connect to publisher success, topic /camera/hand_right_color, local d2379|python3.10|p1088358|n0|s20|c0, peer d2379|cosine_runner|p9520|n0|/camera/hand_right_color|p5
I0827 00:30:03.546319 1089567 shm_socket_server.cc:101] [aorta][/pnc/task_service/task_resume/request] bind at pipe sock name d2379|python3.10|p1088358|n0|/pnc/task_service/task_resume/request|p22
I0827 00:30:03.546389 1088358 node_impl.cc:198] [aorta]CreatePublisher, host:0.0.0.0, port:34823, sockname:d2379|python3.10|p1088358|n0|/pnc/task_service/task_resume/request|p22, topic:/pnc/task_service/task_resume/request, uid:5231e83a-4ed7-4780-bec7-9d82b1c51294-18204958959141007063 topic_uid:-1
I0827 00:30:03.546407 1088358 aorta_component.cpp:394] [cosine_internal][AortaComponent] aorta node create publisher. node: python3.10_S1, topic:/pnc/task_service/task_resume/request, type:pnc_msgs.TaskResumeRequest, qos:(history:1, depth:5, reliability:1, durability:2), uri:http://10.42.0.101:2379
I0827 00:30:03.546442 1088358 aorta_publisher.cpp:119] [cosine_internal][AortaPublisher] publisher initialize. topic:/pnc/task_service/task_resume/request, uri:
I0827 00:30:03.546447 1088358 publisher.cpp:27] [GDK]create publisher: /pnc/task_service/task_resume/request type: pnc_msgs.TaskResumeRequest qos: 1 1 5 2
I0827 00:30:03.546574 1088358 cosine_bus_manager.cpp:294] [cosine_internal][CosineBusManager] create publisher. topic name:/pnc/remote_control_cmd , middleware:aorta
I0827 00:30:03.546895 1088445 centralized_discovery.cc:733] [aorta]subscriber uid:7db999ab-7553-4c67-a219-fa3be2100cc4-2515219504367417955 topic:/camera/head_color
I0827 00:30:03.546998 1088358 tcp_publisher.cc:179] [aorta]topic /pnc/remote_control_cmd, pub_queue_size_ 5, latch_queue_size_ 0
I0827 00:30:03.547109 1089567 tcp_socket_server.cc:200] [aorta]The ip info is0.0.0.0:40881
I0827 00:30:03.547271 1089567 shm_socket_server.cc:101] [aorta][/pnc/remote_control_cmd] bind at pipe sock name d2379|python3.10|p1088358|n0|/pnc/remote_control_cmd|p23
I0827 00:30:03.547339 1088358 node_impl.cc:198] [aorta]CreatePublisher, host:0.0.0.0, port:40881, sockname:d2379|python3.10|p1088358|n0|/pnc/remote_control_cmd|p23, topic:/pnc/remote_control_cmd, uid:bb912e8d-5ebc-45c2-b0a3-f89a2a324514-2921114360754287628 topic_uid:-1
I0827 00:30:03.547363 1088358 aorta_component.cpp:394] [cosine_internal][AortaComponent] aorta node create publisher. node: python3.10_S1, topic:/pnc/remote_control_cmd, type:geometry_msgs.msg.pb.TwistStamped, qos:(history:1, depth:5, reliability:1, durability:2), uri:http://10.42.0.101:2379
I0827 00:30:03.547374 1088446 buffered_data_export.cpp:320] [cosine_internal]successfully expanded buffer [bus_buffer___hal__chassis_power_state, type genie_msgs.msg.pb.ChassisPowerState, block num 9, valid_time 0, transfer_type 0, data_size 192, mem_type 0, lib_name , ext_data_size 0, is_protobuf 1, enable_event_sync_subscriber 0] to size: 9
I0827 00:30:03.547400 1088358 aorta_publisher.cpp:119] [cosine_internal][AortaPublisher] publisher initialize. topic:/pnc/remote_control_cmd, uri:
I0827 00:30:03.547410 1088358 publisher.cpp:27] [GDK]create publisher: /pnc/remote_control_cmd type: geometry_msgs.msg.pb.TwistStamped qos: 1 1 5 2
I0827 00:30:03.547428 1088358 cosine_bus_manager.cpp:294] [cosine_internal][CosineBusManager] create publisher. topic name:/pnc/task_service/remote_control/request , middleware:aorta
I0827 00:30:03.547453 1088446 buffered_data_export.cpp:320] [cosine_internal]successfully expanded buffer [bus_buffer___hal__chest_power_state, type genie_msgs.msg.pb.ChestPowerState, block num 9, valid_time 0, transfer_type 0, data_size 216, mem_type 0, lib_name , ext_data_size 0, is_protobuf 1, enable_event_sync_subscriber 0] to size: 9
I0827 00:30:03.547905 1088358 tcp_publisher.cc:179] [aorta]topic /pnc/task_service/remote_control/request, pub_queue_size_ 5, latch_queue_size_ 0
I0827 00:30:03.547987 1089567 tcp_socket_server.cc:200] [aorta]The ip info is0.0.0.0:35815
I0827 00:30:03.548122 1089568 shm_subscriber.cc:120] [aorta]subscriber connect to publisher success, topic /camera/head_color, local d2379|python3.10|p1088358|n0|s21|c0, peer d2379|cosine_runner|p9520|n0|/camera/head_color|p2
I0827 00:30:03.548198 1088445 centralized_discovery.cc:733] [aorta]subscriber uid:dc7fdd01-86b6-49e8-9283-6ec51c69fb69-14849645885661810178 topic:/camera/head_depth
I0827 00:30:03.548382 1089567 shm_socket_server.cc:101] [aorta][/pnc/task_service/remote_control/request] bind at pipe sock name d2379|python3.10|p1088358|n0|/pnc/task_service/remote_control/request|p24
I0827 00:30:03.548451 1088358 node_impl.cc:198] [aorta]CreatePublisher, host:0.0.0.0, port:35815, sockname:d2379|python3.10|p1088358|n0|/pnc/task_service/remote_control/request|p24, topic:/pnc/task_service/remote_control/request, uid:73b6ce5f-ac05-495c-8398-5f589a93a062-10398465225129759782 topic_uid:-1
I0827 00:30:03.548473 1088358 aorta_component.cpp:394] [cosine_internal][AortaComponent] aorta node create publisher. node: python3.10_S1, topic:/pnc/task_service/remote_control/request, type:pnc_msgs.RemoteControlRequest, qos:(history:1, depth:5, reliability:1, durability:2), uri:http://10.42.0.101:2379
I0827 00:30:03.548507 1088358 aorta_publisher.cpp:119] [cosine_internal][AortaPublisher] publisher initialize. topic:/pnc/task_service/remote_control/request, uri:
I0827 00:30:03.548516 1088358 publisher.cpp:27] [GDK]create publisher: /pnc/task_service/remote_control/request type: pnc_msgs.RemoteControlRequest qos: 1 1 5 2
I0827 00:30:03.549080 1089568 shm_subscriber.cc:120] [aorta]subscriber connect to publisher success, topic /camera/head_depth, local d2379|python3.10|p1088358|n0|s22|c0, peer d2379|cosine_runner|p9520|n0|/camera/head_depth|p1
I0827 00:30:03.549142 1088445 centralized_discovery.cc:733] [aorta]subscriber uid:23ef3adb-8356-442f-b12d-991d0be8b716-13237741933269507762 topic:/camera/hand_left_depth
I0827 00:30:03.549861 1088445 centralized_discovery.cc:733] [aorta]subscriber uid:f1ea7b72-5d25-464e-b9af-e50ec7d019b8-17867573658284279546 topic:/camera/hand_right_depth
I0827 00:30:03.550526 1088445 centralized_discovery.cc:733] [aorta]subscriber uid:51e50bb0-3952-492b-816f-8c5fbfb32385-10419009240684809358 topic:/camera/hand_left_upper_color
I0827 00:30:03.551326 1088445 centralized_discovery.cc:733] [aorta]subscriber uid:c54492f5-5729-4177-b02f-ba744ebae45a-14436869942545931775 topic:/camera/hand_right_upper_color
I0827 00:30:03.551918 1088446 buffered_data_export.cpp:320] [cosine_internal]successfully expanded buffer [bus_buffer___hal__chassis_power_state, type genie_msgs.msg.pb.ChassisPowerState, block num 10, valid_time 0, transfer_type 0, data_size 192, mem_type 0, lib_name , ext_data_size 0, is_protobuf 1, enable_event_sync_subscriber 0] to size: 10
I0827 00:30:03.551986 1088446 buffered_data_export.cpp:320] [cosine_internal]successfully expanded buffer [bus_buffer___hal__chest_power_state, type genie_msgs.msg.pb.ChestPowerState, block num 10, valid_time 0, transfer_type 0, data_size 216, mem_type 0, lib_name , ext_data_size 0, is_protobuf 1, enable_event_sync_subscriber 0] to size: 10
I0827 00:30:03.552095 1088445 centralized_discovery.cc:733] [aorta]subscriber uid:a107e56b-0f5a-45cf-ba98-a3a8e0b4e41b-4503626684902531612 topic:/camera/hand_left_lower_color
I0827 00:30:03.552820 1088445 centralized_discovery.cc:733] [aorta]subscriber uid:ff1074b9-369b-42c5-823c-b6525e764d93-8186110446424813557 topic:/camera/hand_right_lower_color
I0827 00:30:03.553638 1088445 centralized_discovery.cc:733] [aorta]subscriber uid:65b46f7b-0549-46c4-8c65-6157be2100ef-12072037676595526463 topic:/camera/hand_left_upper_depth
I0827 00:30:03.553916 1088446 buffered_data_export.cpp:320] [cosine_internal]successfully expanded buffer [bus_buffer___hal__joint_state, type genie_msgs.msg.pb.JointState, block num 6, valid_time 0, transfer_type 0, data_size 184, mem_type 0, lib_name , ext_data_size 0, is_protobuf 1, enable_event_sync_subscriber 0] to size: 6
I0827 00:30:03.554040 1088446 buffered_data_export.cpp:320] [cosine_internal]successfully expanded buffer [bus_buffer___hal__right_ee_data, type genie_msgs.msg.pb.EndState, block num 6, valid_time 0, transfer_type 0, data_size 88, mem_type 0, lib_name , ext_data_size 0, is_protobuf 1, enable_event_sync_subscriber 0] to size: 6
I0827 00:30:03.554100 1088446 buffered_data_export.cpp:320] [cosine_internal]successfully expanded buffer [bus_buffer___hal__left_ee_data, type genie_msgs.msg.pb.EndState, block num 6, valid_time 0, transfer_type 0, data_size 88, mem_type 0, lib_name , ext_data_size 0, is_protobuf 1, enable_event_sync_subscriber 0] to size: 6
I0827 00:30:03.554364 1088445 centralized_discovery.cc:733] [aorta]subscriber uid:d4ab6030-0c7c-4576-965d-0711fcc332dd-15534589775061933553 topic:/camera/hand_right_upper_depth
I0827 00:30:03.555106 1088445 centralized_discovery.cc:733] [aorta]subscriber uid:dc6ebf4d-514d-4312-999c-99caea243605-14499789538593900557 topic:/camera/hand_left_lower_depth
I0827 00:30:03.555948 1088445 centralized_discovery.cc:733] [aorta]subscriber uid:db08e9cd-d0c6-40e1-921f-c3a8d937354f-9839082178762803487 topic:/camera/hand_right_lower_depth
I0827 00:30:03.556607 1088445 centralized_discovery.cc:733] [aorta]subscriber uid:1f1b5ff9-c20b-48da-b26e-9979db333f2a-9096530589114119892 topic:/pnc/task_state
I0827 00:30:03.556918 1088446 buffered_data_export.cpp:320] [cosine_internal]successfully expanded buffer [bus_buffer___hal__chassis_power_state, type genie_msgs.msg.pb.ChassisPowerState, block num 11, valid_time 0, transfer_type 0, data_size 192, mem_type 0, lib_name , ext_data_size 0, is_protobuf 1, enable_event_sync_subscriber 0] to size: 11
I0827 00:30:03.556990 1088446 buffered_data_export.cpp:320] [cosine_internal]successfully expanded buffer [bus_buffer___hal__chest_power_state, type genie_msgs.msg.pb.ChestPowerState, block num 11, valid_time 0, transfer_type 0, data_size 216, mem_type 0, lib_name , ext_data_size 0, is_protobuf 1, enable_event_sync_subscriber 0] to size: 11
I0827 00:30:03.557554 1089568 shm_subscriber.cc:120] [aorta]subscriber connect to publisher success, topic /pnc/task_state, local d2379|python3.10|p1088358|n0|s33|c0, peer d2379|quark_navigation|p9765|n0|/pnc/task_state|p24
I0827 00:30:03.557626 1088445 centralized_discovery.cc:733] [aorta]subscriber uid:e4f98605-97f3-4d62-9a78-91becaa3db32-7227396448010854466 topic:/pnc/task_service/normal_navigation/response
I0827 00:30:03.558588 1089568 shm_subscriber.cc:120] [aorta]subscriber connect to publisher success, topic /pnc/task_service/normal_navigation/response, local d2379|python3.10|p1088358|n0|s34|c0, peer d2379|quark_navigation|p9765|n0|..ask_service/normal_navigation/response|p11
I0827 00:30:03.558647 1088445 centralized_discovery.cc:733] [aorta]subscriber uid:ecbb5a99-ae7a-4c5a-a24d-d61f166677d6-4701876173029784314 topic:/pnc/task_service/high_precision_navigation/response
I0827 00:30:03.559942 1089568 shm_subscriber.cc:120] [aorta]subscriber connect to publisher success, topic /pnc/task_service/high_precision_navigation/response, local d2379|python3.10|p1088358|n0|s35|c0, peer d2379|quark_navigation|p9765|n0|..ice/high_precision_navigation/response|p12
I0827 00:30:03.560001 1088445 centralized_discovery.cc:733] [aorta]subscriber uid:28b07895-1cff-41b0-809b-887dd7f37362-4077207897147431090 topic:/pnc/task_service/relative_move/response
I0827 00:30:03.561884 1088446 buffered_data_export.cpp:320] [cosine_internal]successfully expanded buffer [bus_buffer___hal__chassis_power_state, type genie_msgs.msg.pb.ChassisPowerState, block num 12, valid_time 0, transfer_type 0, data_size 192, mem_type 0, lib_name , ext_data_size 0, is_protobuf 1, enable_event_sync_subscriber 0] to size: 12
I0827 00:30:03.561960 1088446 buffered_data_export.cpp:320] [cosine_internal]successfully expanded buffer [bus_buffer___hal__chest_power_state, type genie_msgs.msg.pb.ChestPowerState, block num 12, valid_time 0, transfer_type 0, data_size 216, mem_type 0, lib_name , ext_data_size 0, is_protobuf 1, enable_event_sync_subscriber 0] to size: 12
I0827 00:30:03.562824 1088446 pnc_impl.cpp:36] [GDK]Received pnc task state
I0827 00:30:03.563758 1088446 buffered_data_export.cpp:320] [cosine_internal]successfully expanded buffer [bus_buffer___hal__joint_state, type genie_msgs.msg.pb.JointState, block num 7, valid_time 0, transfer_type 0, data_size 184, mem_type 0, lib_name , ext_data_size 0, is_protobuf 1, enable_event_sync_subscriber 0] to size: 7
I0827 00:30:03.564052 1088446 buffered_data_export.cpp:320] [cosine_internal]successfully expanded buffer [bus_buffer___hal__right_ee_data, type genie_msgs.msg.pb.EndState, block num 7, valid_time 0, transfer_type 0, data_size 88, mem_type 0, lib_name , ext_data_size 0, is_protobuf 1, enable_event_sync_subscriber 0] to size: 7
I0827 00:30:03.564111 1088446 buffered_data_export.cpp:320] [cosine_internal]successfully expanded buffer [bus_buffer___hal__left_ee_data, type genie_msgs.msg.pb.EndState, block num 7, valid_time 0, transfer_type 0, data_size 88, mem_type 0, lib_name , ext_data_size 0, is_protobuf 1, enable_event_sync_subscriber 0] to size: 7
I0827 00:30:03.564549 1089568 shm_subscriber.cc:120] [aorta]subscriber connect to publisher success, topic /pnc/task_service/relative_move/response, local d2379|python3.10|p1088358|n0|s36|c0, peer d2379|quark_navigation|p9765|n0|/pnc/task_service/relative_move/response|p15
I0827 00:30:03.564628 1088445 centralized_discovery.cc:733] [aorta]subscriber uid:18d86944-2965-480c-ba5a-deb96ef5eb30-3654631836754090917 topic:/pnc/task_service/task_cancel/response
I0827 00:30:03.565673 1089568 shm_subscriber.cc:120] [aorta]subscriber connect to publisher success, topic /pnc/task_service/task_cancel/response, local d2379|python3.10|p1088358|n0|s37|c0, peer d2379|quark_navigation|p9765|n0|/pnc/task_service/task_cancel/response|p17
I0827 00:30:03.565740 1088445 centralized_discovery.cc:733] [aorta]subscriber uid:6ab7a1e5-8f11-417c-b793-3ace520ddee5-4995236092065324733 topic:/pnc/task_service/task_pause/response
I0827 00:30:03.566572 1089568 shm_subscriber.cc:120] [aorta]subscriber connect to publisher success, topic /pnc/task_service/task_pause/response, local d2379|python3.10|p1088358|n0|s38|c0, peer d2379|quark_navigation|p9765|n0|/pnc/task_service/task_pause/response|p18
I0827 00:30:03.566638 1088445 centralized_discovery.cc:733] [aorta]subscriber uid:56daf832-b1bf-4be8-8f03-63bba93d28f1-16859347558940246081 topic:/pnc/task_service/task_resume/response
I0827 00:30:03.566968 1088446 buffered_data_export.cpp:320] [cosine_internal]successfully expanded buffer [bus_buffer___hal__chassis_power_state, type genie_msgs.msg.pb.ChassisPowerState, block num 13, valid_time 0, transfer_type 0, data_size 192, mem_type 0, lib_name , ext_data_size 0, is_protobuf 1, enable_event_sync_subscriber 0] to size: 13
I0827 00:30:03.567051 1088446 buffered_data_export.cpp:320] [cosine_internal]successfully expanded buffer [bus_buffer___hal__chest_power_state, type genie_msgs.msg.pb.ChestPowerState, block num 13, valid_time 0, transfer_type 0, data_size 216, mem_type 0, lib_name , ext_data_size 0, is_protobuf 1, enable_event_sync_subscriber 0] to size: 13
I0827 00:30:03.567626 1089568 shm_subscriber.cc:120] [aorta]subscriber connect to publisher success, topic /pnc/task_service/task_resume/response, local d2379|python3.10|p1088358|n0|s39|c0, peer d2379|quark_navigation|p9765|n0|/pnc/task_service/task_resume/response|p19
I0827 00:30:03.567692 1088445 centralized_discovery.cc:733] [aorta]subscriber uid:9427b3e5-0f5f-4b23-aeee-804d4f35f29e-11583863028842959166 topic:/pnc/task_service/remote_control/response
I0827 00:30:03.568552 1089568 shm_subscriber.cc:120] [aorta]subscriber connect to publisher success, topic /pnc/task_service/remote_control/response, local d2379|python3.10|p1088358|n0|s40|c0, peer d2379|quark_navigation|p9765|n0|..c/task_service/remote_control/response|p16
I0827 00:30:03.568606 1088445 centralized_discovery.cc:681] [aorta]publisher uid:5b45f4ae-80e3-4df0-8142-53508d72c069-11863888217293896894 topic:/pnc/task_service/normal_navigation/request
I0827 00:30:03.569530 1088446 buffered_data_export.cpp:320] [cosine_internal]successfully expanded buffer [bus_buffer___wbc__motion_control_status, type genie_msgs.msg.pb.MotionControlStatus, block num 6, valid_time 0, transfer_type 0, data_size 192, mem_type 0, lib_name , ext_data_size 0, is_protobuf 1, enable_event_sync_subscriber 0] to size: 6
I0827 00:30:03.570267 1088445 centralized_discovery.cc:681] [aorta]publisher uid:41f67e66-0142-4c34-8f75-500de06e3e21-13581583299462652003 topic:/pnc/task_service/high_precision_navigation/request
I0827 00:30:03.572072 1088446 buffered_data_export.cpp:320] [cosine_internal]successfully expanded buffer [bus_buffer___hal__chassis_power_state, type genie_msgs.msg.pb.ChassisPowerState, block num 14, valid_time 0, transfer_type 0, data_size 192, mem_type 0, lib_name , ext_data_size 0, is_protobuf 1, enable_event_sync_subscriber 0] to size: 14
I0827 00:30:03.572142 1088446 buffered_data_export.cpp:320] [cosine_internal]successfully expanded buffer [bus_buffer___hal__chest_power_state, type genie_msgs.msg.pb.ChestPowerState, block num 14, valid_time 0, transfer_type 0, data_size 216, mem_type 0, lib_name , ext_data_size 0, is_protobuf 1, enable_event_sync_subscriber 0] to size: 14
I0827 00:30:03.572532 1088445 centralized_discovery.cc:681] [aorta]publisher uid:3f69ea2e-2d0c-454a-8ab1-95a9242879fb-1499998713038698463 topic:/pnc/task_service/relative_move/request
I0827 00:30:03.573763 1088446 buffered_data_export.cpp:320] [cosine_internal]successfully expanded buffer [bus_buffer___hal__joint_state, type genie_msgs.msg.pb.JointState, block num 8, valid_time 0, transfer_type 0, data_size 184, mem_type 0, lib_name , ext_data_size 0, is_protobuf 1, enable_event_sync_subscriber 0] to size: 8
I0827 00:30:03.573896 1088446 buffered_data_export.cpp:320] [cosine_internal]successfully expanded buffer [bus_buffer___hal__right_ee_data, type genie_msgs.msg.pb.EndState, block num 8, valid_time 0, transfer_type 0, data_size 88, mem_type 0, lib_name , ext_data_size 0, is_protobuf 1, enable_event_sync_subscriber 0] to size: 8
I0827 00:30:03.573980 1088446 buffered_data_export.cpp:320] [cosine_internal]successfully expanded buffer [bus_buffer___hal__left_ee_data, type genie_msgs.msg.pb.EndState, block num 8, valid_time 0, transfer_type 0, data_size 88, mem_type 0, lib_name , ext_data_size 0, is_protobuf 1, enable_event_sync_subscriber 0] to size: 8
I0827 00:30:03.574882 1088445 centralized_discovery.cc:681] [aorta]publisher uid:8d4aed7f-2633-4a1e-b557-7e3ec11a3864-10250913672907467700 topic:/pnc/task_service/task_cancel/request
I0827 00:30:03.576735 1088446 buffered_data_export.cpp:320] [cosine_internal]successfully expanded buffer [bus_buffer___hal__chassis_power_state, type genie_msgs.msg.pb.ChassisPowerState, block num 15, valid_time 0, transfer_type 0, data_size 192, mem_type 0, lib_name , ext_data_size 0, is_protobuf 1, enable_event_sync_subscriber 0] to size: 15
I0827 00:30:03.576856 1088446 buffered_data_export.cpp:320] [cosine_internal]successfully expanded buffer [bus_buffer___hal__chest_power_state, type genie_msgs.msg.pb.ChestPowerState, block num 15, valid_time 0, transfer_type 0, data_size 216, mem_type 0, lib_name , ext_data_size 0, is_protobuf 1, enable_event_sync_subscriber 0] to size: 15
I0827 00:30:03.579097 1088445 centralized_discovery.cc:681] [aorta]publisher uid:ce38e5a4-7baa-4860-a963-5ea14b741f17-2366368184012060648 topic:/pnc/task_service/task_pause/request
I0827 00:30:03.579634 1088446 buffered_data_export.cpp:320] [cosine_internal]successfully expanded buffer [bus_buffer___wbc__motion_control_status, type genie_msgs.msg.pb.MotionControlStatus, block num 7, valid_time 0, transfer_type 0, data_size 192, mem_type 0, lib_name , ext_data_size 0, is_protobuf 1, enable_event_sync_subscriber 0] to size: 7
I0827 00:30:03.580339 1088445 centralized_discovery.cc:681] [aorta]publisher uid:5231e83a-4ed7-4780-bec7-9d82b1c51294-18204958959141007063 topic:/pnc/task_service/task_resume/request
I0827 00:30:03.581911 1088446 buffered_data_export.cpp:320] [cosine_internal]successfully expanded buffer [bus_buffer___hal__chassis_power_state, type genie_msgs.msg.pb.ChassisPowerState, block num 16, valid_time 0, transfer_type 0, data_size 192, mem_type 0, lib_name , ext_data_size 0, is_protobuf 1, enable_event_sync_subscriber 0] to size: 16
I0827 00:30:03.582031 1088446 buffered_data_export.cpp:320] [cosine_internal]successfully expanded buffer [bus_buffer___hal__chest_power_state, type genie_msgs.msg.pb.ChestPowerState, block num 16, valid_time 0, transfer_type 0, data_size 216, mem_type 0, lib_name , ext_data_size 0, is_protobuf 1, enable_event_sync_subscriber 0] to size: 16
I0827 00:30:03.582175 1088445 centralized_discovery.cc:681] [aorta]publisher uid:bb912e8d-5ebc-45c2-b0a3-f89a2a324514-2921114360754287628 topic:/pnc/remote_control_cmd
I0827 00:30:03.583607 1088445 centralized_discovery.cc:681] [aorta]publisher uid:73b6ce5f-ac05-495c-8398-5f589a93a062-10398465225129759782 topic:/pnc/task_service/remote_control/request
I0827 00:30:03.583817 1088446 buffered_data_export.cpp:320] [cosine_internal]successfully expanded buffer [bus_buffer___hal__joint_state, type genie_msgs.msg.pb.JointState, block num 9, valid_time 0, transfer_type 0, data_size 184, mem_type 0, lib_name , ext_data_size 0, is_protobuf 1, enable_event_sync_subscriber 0] to size: 9
I0827 00:30:03.583968 1088446 buffered_data_export.cpp:320] [cosine_internal]successfully expanded buffer [bus_buffer___hal__left_ee_data, type genie_msgs.msg.pb.EndState, block num 9, valid_time 0, transfer_type 0, data_size 88, mem_type 0, lib_name , ext_data_size 0, is_protobuf 1, enable_event_sync_subscriber 0] to size: 9
I0827 00:30:03.584025 1088446 buffered_data_export.cpp:320] [cosine_internal]successfully expanded buffer [bus_buffer___hal__right_ee_data, type genie_msgs.msg.pb.EndState, block num 9, valid_time 0, transfer_type 0, data_size 88, mem_type 0, lib_name , ext_data_size 0, is_protobuf 1, enable_event_sync_subscriber 0] to size: 9
I0827 00:30:03.586794 1088446 buffered_data_export.cpp:320] [cosine_internal]successfully expanded buffer [bus_buffer___hal__chassis_power_state, type genie_msgs.msg.pb.ChassisPowerState, block num 17, valid_time 0, transfer_type 0, data_size 192, mem_type 0, lib_name , ext_data_size 0, is_protobuf 1, enable_event_sync_subscriber 0] to size: 17
I0827 00:30:03.586927 1088446 buffered_data_export.cpp:320] [cosine_internal]successfully expanded buffer [bus_buffer___hal__chest_power_state, type genie_msgs.msg.pb.ChestPowerState, block num 17, valid_time 0, transfer_type 0, data_size 216, mem_type 0, lib_name , ext_data_size 0, is_protobuf 1, enable_event_sync_subscriber 0] to size: 17
I0827 00:30:03.589598 1088446 buffered_data_export.cpp:320] [cosine_internal]successfully expanded buffer [bus_buffer___wbc__motion_control_status, type genie_msgs.msg.pb.MotionControlStatus, block num 8, valid_time 0, transfer_type 0, data_size 192, mem_type 0, lib_name , ext_data_size 0, is_protobuf 1, enable_event_sync_subscriber 0] to size: 8
I0827 00:30:03.591885 1088446 buffered_data_export.cpp:320] [cosine_internal]successfully expanded buffer [bus_buffer___hal__chassis_power_state, type genie_msgs.msg.pb.ChassisPowerState, block num 18, valid_time 0, transfer_type 0, data_size 192, mem_type 0, lib_name , ext_data_size 0, is_protobuf 1, enable_event_sync_subscriber 0] to size: 18
I0827 00:30:03.591951 1088446 buffered_data_export.cpp:320] [cosine_internal]successfully expanded buffer [bus_buffer___hal__chest_power_state, type genie_msgs.msg.pb.ChestPowerState, block num 18, valid_time 0, transfer_type 0, data_size 216, mem_type 0, lib_name , ext_data_size 0, is_protobuf 1, enable_event_sync_subscriber 0] to size: 18
I0827 00:30:03.593811 1088446 buffered_data_export.cpp:320] [cosine_internal]successfully expanded buffer [bus_buffer___hal__joint_state, type genie_msgs.msg.pb.JointState, block num 10, valid_time 0, transfer_type 0, data_size 184, mem_type 0, lib_name , ext_data_size 0, is_protobuf 1, enable_event_sync_subscriber 0] to size: 10
I0827 00:30:03.593943 1088446 buffered_data_export.cpp:320] [cosine_internal]successfully expanded buffer [bus_buffer___hal__right_ee_data, type genie_msgs.msg.pb.EndState, block num 10, valid_time 0, transfer_type 0, data_size 88, mem_type 0, lib_name , ext_data_size 0, is_protobuf 1, enable_event_sync_subscriber 0] to size: 10
I0827 00:30:03.593997 1088446 buffered_data_export.cpp:320] [cosine_internal]successfully expanded buffer [bus_buffer___hal__left_ee_data, type genie_msgs.msg.pb.EndState, block num 10, valid_time 0, transfer_type 0, data_size 88, mem_type 0, lib_name , ext_data_size 0, is_protobuf 1, enable_event_sync_subscriber 0] to size: 10
I0827 00:30:03.596714 1088446 buffered_data_export.cpp:320] [cosine_internal]successfully expanded buffer [bus_buffer___hal__chassis_power_state, type genie_msgs.msg.pb.ChassisPowerState, block num 19, valid_time 0, transfer_type 0, data_size 192, mem_type 0, lib_name , ext_data_size 0, is_protobuf 1, enable_event_sync_subscriber 0] to size: 19
I0827 00:30:03.596837 1088446 buffered_data_export.cpp:320] [cosine_internal]successfully expanded buffer [bus_buffer___hal__chest_power_state, type genie_msgs.msg.pb.ChestPowerState, block num 19, valid_time 0, transfer_type 0, data_size 216, mem_type 0, lib_name , ext_data_size 0, is_protobuf 1, enable_event_sync_subscriber 0] to size: 19
I0827 00:30:03.599749 1088446 buffered_data_export.cpp:320] [cosine_internal]successfully expanded buffer [bus_buffer___wbc__motion_control_status, type genie_msgs.msg.pb.MotionControlStatus, block num 9, valid_time 0, transfer_type 0, data_size 192, mem_type 0, lib_name , ext_data_size 0, is_protobuf 1, enable_event_sync_subscriber 0] to size: 9
I0827 00:30:03.601851 1088446 buffered_data_export.cpp:320] [cosine_internal]successfully expanded buffer [bus_buffer___hal__chassis_power_state, type genie_msgs.msg.pb.ChassisPowerState, block num 20, valid_time 0, transfer_type 0, data_size 192, mem_type 0, lib_name , ext_data_size 0, is_protobuf 1, enable_event_sync_subscriber 0] to size: 20
I0827 00:30:03.601907 1088446 buffered_data_export.cpp:320] [cosine_internal]successfully expanded buffer [bus_buffer___hal__chest_power_state, type genie_msgs.msg.pb.ChestPowerState, block num 20, valid_time 0, transfer_type 0, data_size 216, mem_type 0, lib_name , ext_data_size 0, is_protobuf 1, enable_event_sync_subscriber 0] to size: 20
I0827 00:30:03.603802 1088446 buffered_data_export.cpp:320] [cosine_internal]successfully expanded buffer [bus_buffer___hal__joint_state, type genie_msgs.msg.pb.JointState, block num 11, valid_time 0, transfer_type 0, data_size 184, mem_type 0, lib_name , ext_data_size 0, is_protobuf 1, enable_event_sync_subscriber 0] to size: 11
I0827 00:30:03.603878 1088446 buffered_data_export.cpp:320] [cosine_internal]successfully expanded buffer [bus_buffer___hal__left_ee_data, type genie_msgs.msg.pb.EndState, block num 11, valid_time 0, transfer_type 0, data_size 88, mem_type 0, lib_name , ext_data_size 0, is_protobuf 1, enable_event_sync_subscriber 0] to size: 11
I0827 00:30:03.603925 1088446 buffered_data_export.cpp:320] [cosine_internal]successfully expanded buffer [bus_buffer___hal__right_ee_data, type genie_msgs.msg.pb.EndState, block num 11, valid_time 0, transfer_type 0, data_size 88, mem_type 0, lib_name , ext_data_size 0, is_protobuf 1, enable_event_sync_subscriber 0] to size: 11
I0827 00:30:03.606907 1088446 buffered_data_export.cpp:320] [cosine_internal]successfully expanded buffer [bus_buffer___hal__chassis_power_state, type genie_msgs.msg.pb.ChassisPowerState, block num 21, valid_time 0, transfer_type 0, data_size 192, mem_type 0, lib_name , ext_data_size 0, is_protobuf 1, enable_event_sync_subscriber 0] to size: 21
I0827 00:30:03.606969 1088446 buffered_data_export.cpp:320] [cosine_internal]successfully expanded buffer [bus_buffer___hal__chest_power_state, type genie_msgs.msg.pb.ChestPowerState, block num 21, valid_time 0, transfer_type 0, data_size 216, mem_type 0, lib_name , ext_data_size 0, is_protobuf 1, enable_event_sync_subscriber 0] to size: 21
I0827 00:30:03.609620 1088446 buffered_data_export.cpp:320] [cosine_internal]successfully expanded buffer [bus_buffer___wbc__motion_control_status, type genie_msgs.msg.pb.MotionControlStatus, block num 10, valid_time 0, transfer_type 0, data_size 192, mem_type 0, lib_name , ext_data_size 0, is_protobuf 1, enable_event_sync_subscriber 0] to size: 10
I0827 00:30:03.612191 1088446 buffered_data_export.cpp:320] [cosine_internal]successfully expanded buffer [bus_buffer___hal__chassis_power_state, type genie_msgs.msg.pb.ChassisPowerState, block num 22, valid_time 0, transfer_type 0, data_size 192, mem_type 0, lib_name , ext_data_size 0, is_protobuf 1, enable_event_sync_subscriber 0] to size: 22
I0827 00:30:03.612318 1088446 buffered_data_export.cpp:320] [cosine_internal]successfully expanded buffer [bus_buffer___hal__chest_power_state, type genie_msgs.msg.pb.ChestPowerState, block num 22, valid_time 0, transfer_type 0, data_size 216, mem_type 0, lib_name , ext_data_size 0, is_protobuf 1, enable_event_sync_subscriber 0] to size: 22
I0827 00:30:03.613986 1088446 buffered_data_export.cpp:320] [cosine_internal]successfully expanded buffer [bus_buffer___hal__joint_state, type genie_msgs.msg.pb.JointState, block num 12, valid_time 0, transfer_type 0, data_size 184, mem_type 0, lib_name , ext_data_size 0, is_protobuf 1, enable_event_sync_subscriber 0] to size: 12
I0827 00:30:03.614122 1088446 buffered_data_export.cpp:320] [cosine_internal]successfully expanded buffer [bus_buffer___hal__left_ee_data, type genie_msgs.msg.pb.EndState, block num 12, valid_time 0, transfer_type 0, data_size 88, mem_type 0, lib_name , ext_data_size 0, is_protobuf 1, enable_event_sync_subscriber 0] to size: 12
I0827 00:30:03.614169 1088446 buffered_data_export.cpp:320] [cosine_internal]successfully expanded buffer [bus_buffer___hal__right_ee_data, type genie_msgs.msg.pb.EndState, block num 12, valid_time 0, transfer_type 0, data_size 88, mem_type 0, lib_name , ext_data_size 0, is_protobuf 1, enable_event_sync_subscriber 0] to size: 12
I0827 00:30:03.617182 1088446 buffered_data_export.cpp:320] [cosine_internal]successfully expanded buffer [bus_buffer___hal__chassis_power_state, type genie_msgs.msg.pb.ChassisPowerState, block num 23, valid_time 0, transfer_type 0, data_size 192, mem_type 0, lib_name , ext_data_size 0, is_protobuf 1, enable_event_sync_subscriber 0] to size: 23
I0827 00:30:03.617307 1088446 buffered_data_export.cpp:320] [cosine_internal]successfully expanded buffer [bus_buffer___hal__chest_power_state, type genie_msgs.msg.pb.ChestPowerState, block num 23, valid_time 0, transfer_type 0, data_size 216, mem_type 0, lib_name , ext_data_size 0, is_protobuf 1, enable_event_sync_subscriber 0] to size: 23
I0827 00:30:03.619741 1088446 buffered_data_export.cpp:320] [cosine_internal]successfully expanded buffer [bus_buffer___wbc__motion_control_status, type genie_msgs.msg.pb.MotionControlStatus, block num 11, valid_time 0, transfer_type 0, data_size 192, mem_type 0, lib_name , ext_data_size 0, is_protobuf 1, enable_event_sync_subscriber 0] to size: 11
