Log file created at: 2025/08/27 04:44:52
Running on machine: G2
Log line format: [IWEF]mmdd hh:mm:ss.uuuuuu threadid file:line] msg
I0827 04:44:52.453701 948771 dylog_impl.cpp:641] [DYLOG] set dylog default level to INFO
I0827 04:44:52.453779 948771 dylog_impl.cpp:690] [DYLOG] soc num : R2
I0827 04:44:52.453794 948771 dylog_impl.cpp:695] [DYLOG] can't read scene_mode, use sud
W0827 04:44:52.453819 948771 dylog_impl.cpp:757] [DYLOG] can't find available json config file with path : /home/agi/app/conf/scene_server/dylog_sud_default.json, use default.
I0827 04:44:52.453929 948771 dylog_impl.cpp:293] [DYLOG] register dsd_name : dylog/python3.10/cosine_internal
I0827 04:44:52.457176 948771 cosine_bus_manager.cpp:88] [cosine_internal][CosineBusManager] cosine bus config path not set, use default config.
I0827 04:44:52.457238 948771 cosine_bus_manager.cpp:118] [cosine_internal][CosineBusManager] initial cosine_bus_config:
I0827 04:44:52.458770 948771 cosine_bus_global_sync.cpp:30] [cosine_internal][BusGlobalSync] set default middleware name:aorta
I0827 04:44:52.458809 948771 scheduler_classic.cpp:28] [cosine_internal]Proc number set to be: 1
I0827 04:44:52.460280 948771 dynamic_object.cpp:521] [cosine_internal][DynamicObject] open libdynamic_aorta.so success.
I0827 04:44:52.460582 948771 dynamic_object.cpp:581] [cosine_internal][DynamicObject] Successfully enumerated 57 symbols in libdynamic_aorta.so
I0827 04:44:52.460597 948771 resource_loader.cpp:13] [cosine_internal][ResourceLoader] Attempting to load function: aorta_get_object
I0827 04:44:52.460602 948771 resource_loader.cpp:17] [cosine_internal][ResourceLoader] Trying address() method for C++ symbol: aorta_get_object
I0827 04:44:52.460613 948771 resource_loader.cpp:20] [cosine_internal][ResourceLoader] Successfully loaded C++ symbol: aorta_get_object
I0827 04:44:52.460616 948771 resource_loader.cpp:13] [cosine_internal][ResourceLoader] Attempting to load function: aorta_call_object_func
I0827 04:44:52.460620 948771 resource_loader.cpp:17] [cosine_internal][ResourceLoader] Trying address() method for C++ symbol: aorta_call_object_func
I0827 04:44:52.460623 948771 resource_loader.cpp:20] [cosine_internal][ResourceLoader] Successfully loaded C++ symbol: aorta_call_object_func
I0827 04:44:52.460628 948771 resource_loader.cpp:13] [cosine_internal][ResourceLoader] Attempting to load function: aorta_clean_up
I0827 04:44:52.460630 948771 resource_loader.cpp:17] [cosine_internal][ResourceLoader] Trying address() method for C++ symbol: aorta_clean_up
I0827 04:44:52.460644 948771 resource_loader.cpp:25] [cosine_internal][ResourceLoader] C++ symbol failed, trying c_address() method for C symbol: aorta_clean_up
I0827 04:44:52.460649 948771 resource_loader.cpp:28] [cosine_internal][ResourceLoader] Successfully loaded C symbol: aorta_clean_up
W0827 04:44:52.460656 948771 aorta_component.cpp:90] [cosine_internal]Environment variable [LOCATOR_IP/DDS_IP] not set, fallback to 10.42.0.101
I0827 04:44:52.460661 948771 aorta_component.cpp:496] [cosine_internal][AortaComponent] locator_ip: 10.42.0.101; Check network before domain init 
I0827 04:44:52.460700 948771 clock.cpp:22] [cosine_internal]load ptp time source from: libptp_clock_time.so
I0827 04:44:52.460884 948771 dynamic_object.cpp:521] [cosine_internal][DynamicObject] open libptp_clock_time.so success.
I0827 04:44:52.461339 948771 aorta_component.cpp:515] [cosine_internal][AortaComponent] Network check start. locator_ip: 10.42.0.101, timeout: 60 seconds , check_start_time: 1756241092
I0827 04:44:52.461359 948771 aorta_component.cpp:526] [cosine_internal][AortaComponent] locator_ip: 10.42.0.101; network is ready.
I0827 04:44:52.461402 948771 dylog_impl.cpp:293] [DYLOG] register dsd_name : dylog/python3.10/aorta
I0827 04:44:52.461539 948771 pcie_config.cc:52] [aorta]Get one valid pcie channel. producer: soc-s3 app-map_loc_app endpoint-nvscic2c_pcie_s3_c7_11 consumer: soc-s1 app-worldmodel endpoint-nvscic2c_pcie_s1_c7_11
I0827 04:44:52.461627 948771 os.cc:88] [aorta]Got host_id from system files: Huixi R1ROBOR2
I0827 04:44:52.461665 948771 pcie_manager.cc:71] [aorta]There is no pcie config in current process.
I0827 04:44:52.461988 948771 message_monitor_config.cc:398] [aorta]run in  mode
I0827 04:44:52.463245 948771 domain_impl.cc:58] [aorta]aorta version:7b1b7ddc
I0827 04:44:52.463292 948771 json_comm.cc:35] [aorta]file path: /home/agi/app/conf/topology/topology_rule.json not exist.
I0827 04:44:52.463310 948771 message_monitor_config.cc:398] [aorta]run in  mode
I0827 04:44:52.463846 948771 message_monitor_config.cc:731] [aorta]message monitor is updated from /home/agi/app/conf/aorta/function/aorta_monitor_conf.json
I0827 04:44:52.464409 948771 discovery_factory.cc:14] [aorta]type:1, host:10.42.0.101, port:2379, ttl:15, minor_cycle:100, major_cycle:3
I0827 04:44:52.464924 948771 config.cc:53] [aorta]AORTA_IP_MASK not set.
I0827 04:44:52.464933 948771 discovery.cc:245] [aorta]get ip masks empty.
I0827 04:44:52.464941 948771 config.cc:200] [aorta]AORTA_EXTRA_LOCAL_IPS not set.
I0827 04:44:52.464944 948771 discovery.cc:266] [aorta]local_publisher_ips_ empty.
I0827 04:44:52.464963 948771 config.cc:124] [aorta]ip match, ip:127.0.0.1
I0827 04:44:52.464972 948771 discovery.cc:275] [aorta]default emplace ip:10.42.0.101
I0827 04:44:52.464975 948771 discovery.cc:275] [aorta]default emplace ip:10.42.12.101
I0827 04:44:52.464977 948771 discovery.cc:275] [aorta]default emplace ip:10.42.1.101
I0827 04:44:52.464980 948771 discovery.cc:275] [aorta]default emplace ip:10.42.6.101
I0827 04:44:52.464983 948771 discovery.cc:275] [aorta]default emplace ip:192.168.1.101
I0827 04:44:52.464987 948771 discovery.cc:275] [aorta]default emplace ip:10.42.30.101
I0827 04:44:52.464988 948771 discovery.cc:275] [aorta]default emplace ip:10.42.40.101
I0827 04:44:52.464991 948771 discovery.cc:275] [aorta]default emplace ip:10.20.15.199
I0827 04:44:52.464994 948771 discovery.cc:275] [aorta]default emplace ip:10.42.6.101
I0827 04:44:52.464998 948771 centralized_discovery.cc:55] [aorta]lease_ttl_:15
I0827 04:44:52.465363 948771 aorta_component.cpp:561] [cosine_internal][AortaComponent] aorta create domain success. uri:http://10.42.0.101:2379
I0827 04:44:52.465498 948771 aorta_component.cpp:447] [cosine_internal][AortaComponent] aorta domain created node: python3.10_S1 , domain_uri:http://10.42.0.101:2379
I0827 04:44:52.465508 948771 aorta_component.cpp:126] [cosine_internal][AortaComponent] aorta component init success. node:python3.10_S1, uri:http://10.42.0.101:2379, locator_kind(1:shm,2:tcp,3:udp):2, locator_ip:10.42.0.101, locator_port:0, aorta_dispatcher_thread_num:1
I0827 04:44:52.465643 948867 processor.cpp:40] [cosine_internal]processor_tid: 948867
I0827 04:44:52.465708 948870 executor_impl.cc:91] [aorta]aorta-dispatch0 start spinning
I0827 04:44:52.486717 948869 centralized_discovery.cc:1110] [aorta]poll thread: revision:3612
I0827 04:44:52.486860 948869 centralized_discovery.cc:1123] [aorta]inotify_fd_:15 inotify_watch_:1 inotify_watch_path:/home/agi/app/conf/aorta/function
I0827 04:44:52.488476 948869 centralized_discovery.cc:615] [aorta]grant lease for node python3.10_S1 lease_id = 7587889064995225605
I0827 04:44:52.490083 948869 watch_state.cc:54] [aorta]watch connect success.
I0827 04:44:52.490976 948869 centralized_discovery.cc:1615] [aorta]recv watch response created.
I0827 04:44:56.663326 948771 cosine_bus_manager.cpp:294] [cosine_internal][CosineBusManager] create publisher. topic name:/gdk/config_request , middleware:aorta
I0827 04:44:56.664220 948771 tcp_publisher.cc:179] [aorta]topic /gdk/config_request, pub_queue_size_ 5, latch_queue_size_ 0
I0827 04:44:56.664458 949971 tcp_socket_server.cc:200] [aorta]The ip info is0.0.0.0:34111
I0827 04:44:56.664889 949971 shm_socket_server.cc:101] [aorta][/gdk/config_request] bind at pipe sock name d2379|python3.10|p948771|n0|/gdk/config_request|p0
I0827 04:44:56.665015 948771 node_impl.cc:198] [aorta]CreatePublisher, host:0.0.0.0, port:34111, sockname:d2379|python3.10|p948771|n0|/gdk/config_request|p0, topic:/gdk/config_request, uid:fb5850bf-d11b-498e-8afc-9b2551e64bc8-4991715019463590898 topic_uid:-1
I0827 04:44:56.665052 948771 aorta_component.cpp:394] [cosine_internal][AortaComponent] aorta node create publisher. node: python3.10_S1, topic:/gdk/config_request, type:genie_msgs.msg.pb.CommonRequest, qos:(history:1, depth:5, reliability:1, durability:2), uri:http://10.42.0.101:2379
I0827 04:44:56.665097 948771 aorta_publisher.cpp:119] [cosine_internal][AortaPublisher] publisher initialize. topic:/gdk/config_request, uri:
I0827 04:44:56.665113 948771 dylog_impl.cpp:293] [DYLOG] register dsd_name : dylog/python3.10/GDK
I0827 04:44:56.665110 948869 centralized_discovery.cc:681] [aorta]publisher uid:fb5850bf-d11b-498e-8afc-9b2551e64bc8-4991715019463590898 topic:/gdk/config_request
I0827 04:44:56.665187 948771 publisher.cpp:27] [GDK]create publisher: /gdk/config_request type: genie_msgs.msg.pb.CommonRequest qos: 1 1 5 2
I0827 04:44:56.665213 948771 cosine_bus_manager.cpp:294] [cosine_internal][CosineBusManager] create publisher. topic name:/gdk/camera_conf_request , middleware:aorta
I0827 04:44:56.665699 948771 tcp_publisher.cc:179] [aorta]topic /gdk/camera_conf_request, pub_queue_size_ 5, latch_queue_size_ 0
I0827 04:44:56.665758 949971 tcp_socket_server.cc:200] [aorta]The ip info is0.0.0.0:46685
I0827 04:44:56.665832 949971 shm_socket_server.cc:101] [aorta][/gdk/camera_conf_request] bind at pipe sock name d2379|python3.10|p948771|n0|/gdk/camera_conf_request|p1
I0827 04:44:56.665894 948771 node_impl.cc:198] [aorta]CreatePublisher, host:0.0.0.0, port:46685, sockname:d2379|python3.10|p948771|n0|/gdk/camera_conf_request|p1, topic:/gdk/camera_conf_request, uid:d9b9cf30-d0c7-49ab-8e18-031d6dc409a1-9117180461459404870 topic_uid:-1
I0827 04:44:56.665912 948771 aorta_component.cpp:394] [cosine_internal][AortaComponent] aorta node create publisher. node: python3.10_S1, topic:/gdk/camera_conf_request, type:genie_msgs.msg.pb.CommonRequest, qos:(history:1, depth:5, reliability:1, durability:2), uri:http://10.42.0.101:2379
I0827 04:44:56.665944 948771 aorta_publisher.cpp:119] [cosine_internal][AortaPublisher] publisher initialize. topic:/gdk/camera_conf_request, uri:
I0827 04:44:56.665952 948771 publisher.cpp:27] [GDK]create publisher: /gdk/camera_conf_request type: genie_msgs.msg.pb.CommonRequest qos: 1 1 5 2
I0827 04:44:56.665969 948771 cosine_bus_manager.cpp:400] [cosine_internal][CosineBusManager] create subscriber. topic name:/gdk/config_response , middleware:aorta , need async callback:0, frame_skip_rate:1
I0827 04:44:56.665980 948771 aorta_component.cpp:174] [cosine_internal][AortaComponent] callback_name:/gdk/config_responsehttp://10.42.0.101:2379
I0827 04:44:56.666059 948771 dynamic_object.cpp:521] [cosine_internal][DynamicObject] open  success.
I0827 04:44:56.666229 948771 buffered_data_export.cpp:115] [cosine_internal]successfully create buffer [bus_buffer___gdk__config_response, type genie_msgs.msg.pb.CommonResponse, block num 5, valid_time 0, transfer_type 0, data_size 0, mem_type 0, lib_name , ext_data_size 0, is_protobuf 1, enable_event_sync_subscriber 0], buffer id = 1
I0827 04:44:56.666252 948771 cosine_bus_message_buffer.cpp:45] [cosine_internal][CosineBusMessageBuffer] create buffer success. name:bus_buffer___gdk__config_response, type:genie_msgs.msg.pb.CommonResponse, size:5
I0827 04:44:56.666344 948771 node_impl.cc:344] [aorta]CreateSubscriber topic:/gdk/config_response, uid:2f4b781e-f3e0-4029-8801-ae8c3895e11e-9533047780102618842 topic_uid:-1
I0827 04:44:56.666929 948771 aorta_component.cpp:326] [cosine_internal][AortaComponent] aorta node create subscriber. node: python3.10_S1, topic:/gdk/config_response, type:genie_msgs.msg.pb.CommonResponse, qos:(history:1, depth:5, reliability:1, durability:2), uri:http://10.42.0.101:2379
I0827 04:44:56.666944 948771 aorta_subscriber.hpp:96] [cosine_internal][AortaSubscriber] initial. topic:/gdk/config_response, uri:
I0827 04:44:56.666960 948771 cosine_bus_manager.cpp:400] [cosine_internal][CosineBusManager] create subscriber. topic name:/gdk/camera_conf_response , middleware:aorta , need async callback:0, frame_skip_rate:1
I0827 04:44:56.666967 948771 aorta_component.cpp:174] [cosine_internal][AortaComponent] callback_name:/gdk/camera_conf_responsehttp://10.42.0.101:2379
I0827 04:44:56.667011 948771 buffered_data_export.cpp:115] [cosine_internal]successfully create buffer [bus_buffer___gdk__camera_conf_response, type genie_msgs.msg.pb.CommonResponse, block num 5, valid_time 0, transfer_type 0, data_size 0, mem_type 0, lib_name , ext_data_size 0, is_protobuf 1, enable_event_sync_subscriber 0], buffer id = 2
I0827 04:44:56.667024 948771 cosine_bus_message_buffer.cpp:45] [cosine_internal][CosineBusMessageBuffer] create buffer success. name:bus_buffer___gdk__camera_conf_response, type:genie_msgs.msg.pb.CommonResponse, size:5
I0827 04:44:56.667102 948771 node_impl.cc:344] [aorta]CreateSubscriber topic:/gdk/camera_conf_response, uid:8f4e31cc-9706-4b41-8aa9-955d87883f71-3551884323222435368 topic_uid:-1
I0827 04:44:56.667482 948869 centralized_discovery.cc:681] [aorta]publisher uid:d9b9cf30-d0c7-49ab-8e18-031d6dc409a1-9117180461459404870 topic:/gdk/camera_conf_request
I0827 04:44:56.667573 948771 aorta_component.cpp:326] [cosine_internal][AortaComponent] aorta node create subscriber. node: python3.10_S1, topic:/gdk/camera_conf_response, type:genie_msgs.msg.pb.CommonResponse, qos:(history:1, depth:5, reliability:1, durability:2), uri:http://10.42.0.101:2379
I0827 04:44:56.667585 948771 aorta_subscriber.hpp:96] [cosine_internal][AortaSubscriber] initial. topic:/gdk/camera_conf_response, uri:
I0827 04:44:56.667665 948771 cosine_bus_manager.cpp:400] [cosine_internal][CosineBusManager] create subscriber. topic name:/hal/joint_state , middleware:aorta , need async callback:0, frame_skip_rate:1
I0827 04:44:56.667678 948771 aorta_component.cpp:174] [cosine_internal][AortaComponent] callback_name:/hal/joint_statehttp://10.42.0.101:2379
I0827 04:44:56.667830 948771 buffered_data_export.cpp:115] [cosine_internal]successfully create buffer [bus_buffer___hal__joint_state, type genie_msgs.msg.pb.JointState, block num 5, valid_time 0, transfer_type 0, data_size 0, mem_type 0, lib_name , ext_data_size 0, is_protobuf 1, enable_event_sync_subscriber 0], buffer id = 3
I0827 04:44:56.667848 948771 cosine_bus_message_buffer.cpp:45] [cosine_internal][CosineBusMessageBuffer] create buffer success. name:bus_buffer___hal__joint_state, type:genie_msgs.msg.pb.JointState, size:5
I0827 04:44:56.667938 948771 node_impl.cc:344] [aorta]CreateSubscriber topic:/hal/joint_state, uid:0b4984dc-2269-4c29-ba75-c45e886f94f2-17784787521228097140 topic_uid:-1
I0827 04:44:56.668383 948771 aorta_component.cpp:326] [cosine_internal][AortaComponent] aorta node create subscriber. node: python3.10_S1, topic:/hal/joint_state, type:genie_msgs.msg.pb.JointState, qos:(history:1, depth:5, reliability:1, durability:2), uri:http://10.42.0.101:2379
I0827 04:44:56.668396 948771 aorta_subscriber.hpp:96] [cosine_internal][AortaSubscriber] initial. topic:/hal/joint_state, uri:
I0827 04:44:56.668412 948771 cosine_bus_manager.cpp:400] [cosine_internal][CosineBusManager] create subscriber. topic name:/hal/whole_body_status , middleware:aorta , need async callback:0, frame_skip_rate:1
I0827 04:44:56.668419 948771 aorta_component.cpp:174] [cosine_internal][AortaComponent] callback_name:/hal/whole_body_statushttp://10.42.0.101:2379
I0827 04:44:56.668568 948771 buffered_data_export.cpp:115] [cosine_internal]successfully create buffer [bus_buffer___hal__whole_body_status, type genie_msgs.msg.pb.WholeBodyStatus, block num 5, valid_time 0, transfer_type 0, data_size 0, mem_type 0, lib_name , ext_data_size 0, is_protobuf 1, enable_event_sync_subscriber 0], buffer id = 4
I0827 04:44:56.668587 948771 cosine_bus_message_buffer.cpp:45] [cosine_internal][CosineBusMessageBuffer] create buffer success. name:bus_buffer___hal__whole_body_status, type:genie_msgs.msg.pb.WholeBodyStatus, size:5
I0827 04:44:56.668666 948771 node_impl.cc:344] [aorta]CreateSubscriber topic:/hal/whole_body_status, uid:be22cb16-9217-43bc-b161-30f251d7bc66-4082625946824470290 topic_uid:-1
I0827 04:44:56.669131 948771 aorta_component.cpp:326] [cosine_internal][AortaComponent] aorta node create subscriber. node: python3.10_S1, topic:/hal/whole_body_status, type:genie_msgs.msg.pb.WholeBodyStatus, qos:(history:1, depth:5, reliability:1, durability:2), uri:http://10.42.0.101:2379
I0827 04:44:56.669144 948771 aorta_subscriber.hpp:96] [cosine_internal][AortaSubscriber] initial. topic:/hal/whole_body_status, uri:
I0827 04:44:56.669159 948771 cosine_bus_manager.cpp:400] [cosine_internal][CosineBusManager] create subscriber. topic name:/hal/left_ee_data , middleware:aorta , need async callback:0, frame_skip_rate:1
I0827 04:44:56.669166 948771 aorta_component.cpp:174] [cosine_internal][AortaComponent] callback_name:/hal/left_ee_datahttp://10.42.0.101:2379
I0827 04:44:56.669317 948771 buffered_data_export.cpp:115] [cosine_internal]successfully create buffer [bus_buffer___hal__left_ee_data, type genie_msgs.msg.pb.EndState, block num 5, valid_time 0, transfer_type 0, data_size 0, mem_type 0, lib_name , ext_data_size 0, is_protobuf 1, enable_event_sync_subscriber 0], buffer id = 5
I0827 04:44:56.669335 948771 cosine_bus_message_buffer.cpp:45] [cosine_internal][CosineBusMessageBuffer] create buffer success. name:bus_buffer___hal__left_ee_data, type:genie_msgs.msg.pb.EndState, size:5
I0827 04:44:56.669399 948869 centralized_discovery.cc:733] [aorta]subscriber uid:2f4b781e-f3e0-4029-8801-ae8c3895e11e-9533047780102618842 topic:/gdk/config_response
I0827 04:44:56.669420 948771 node_impl.cc:344] [aorta]CreateSubscriber topic:/hal/left_ee_data, uid:97083929-4b55-4779-b092-1a3d2034840c-6411614143165937964 topic_uid:-1
I0827 04:44:56.669865 948771 aorta_component.cpp:326] [cosine_internal][AortaComponent] aorta node create subscriber. node: python3.10_S1, topic:/hal/left_ee_data, type:genie_msgs.msg.pb.EndState, qos:(history:1, depth:5, reliability:1, durability:2), uri:http://10.42.0.101:2379
I0827 04:44:56.669878 948771 aorta_subscriber.hpp:96] [cosine_internal][AortaSubscriber] initial. topic:/hal/left_ee_data, uri:
I0827 04:44:56.669891 948771 cosine_bus_manager.cpp:400] [cosine_internal][CosineBusManager] create subscriber. topic name:/hal/right_ee_data , middleware:aorta , need async callback:0, frame_skip_rate:1
I0827 04:44:56.669898 948771 aorta_component.cpp:174] [cosine_internal][AortaComponent] callback_name:/hal/right_ee_datahttp://10.42.0.101:2379
I0827 04:44:56.669941 948771 buffered_data_export.cpp:115] [cosine_internal]successfully create buffer [bus_buffer___hal__right_ee_data, type genie_msgs.msg.pb.EndState, block num 5, valid_time 0, transfer_type 0, data_size 0, mem_type 0, lib_name , ext_data_size 0, is_protobuf 1, enable_event_sync_subscriber 0], buffer id = 6
I0827 04:44:56.669955 948771 cosine_bus_message_buffer.cpp:45] [cosine_internal][CosineBusMessageBuffer] create buffer success. name:bus_buffer___hal__right_ee_data, type:genie_msgs.msg.pb.EndState, size:5
I0827 04:44:56.670023 948771 node_impl.cc:344] [aorta]CreateSubscriber topic:/hal/right_ee_data, uid:d74119bc-00f0-4054-9f63-dd592b1bc6be-5071795120000351093 topic_uid:-1
I0827 04:44:56.670460 948771 aorta_component.cpp:326] [cosine_internal][AortaComponent] aorta node create subscriber. node: python3.10_S1, topic:/hal/right_ee_data, type:genie_msgs.msg.pb.EndState, qos:(history:1, depth:5, reliability:1, durability:2), uri:http://10.42.0.101:2379
I0827 04:44:56.670471 948771 aorta_subscriber.hpp:96] [cosine_internal][AortaSubscriber] initial. topic:/hal/right_ee_data, uri:
I0827 04:44:56.670485 948771 cosine_bus_manager.cpp:400] [cosine_internal][CosineBusManager] create subscriber. topic name:/hal/chassis_power_state , middleware:aorta , need async callback:0, frame_skip_rate:1
I0827 04:44:56.670490 948771 aorta_component.cpp:174] [cosine_internal][AortaComponent] callback_name:/hal/chassis_power_statehttp://10.42.0.101:2379
I0827 04:44:56.670822 948771 buffered_data_export.cpp:115] [cosine_internal]successfully create buffer [bus_buffer___hal__chassis_power_state, type genie_msgs.msg.pb.ChassisPowerState, block num 5, valid_time 0, transfer_type 0, data_size 0, mem_type 0, lib_name , ext_data_size 0, is_protobuf 1, enable_event_sync_subscriber 0], buffer id = 7
I0827 04:44:56.670841 948771 cosine_bus_message_buffer.cpp:45] [cosine_internal][CosineBusMessageBuffer] create buffer success. name:bus_buffer___hal__chassis_power_state, type:genie_msgs.msg.pb.ChassisPowerState, size:5
I0827 04:44:56.670925 948771 node_impl.cc:344] [aorta]CreateSubscriber topic:/hal/chassis_power_state, uid:0fecffed-c5bc-4c41-83ab-73c6c418432e-13624413023349153968 topic_uid:-1
I0827 04:44:56.671437 949972 shm_subscriber.cc:120] [aorta]subscriber connect to publisher success, topic /gdk/config_response, local d2379|python3.10|p948771|n0|s0|c0, peer d2379|gdk_service|p9001|n0|/gdk/config_response|p0
I0827 04:44:56.671522 948869 centralized_discovery.cc:733] [aorta]subscriber uid:8f4e31cc-9706-4b41-8aa9-955d87883f71-3551884323222435368 topic:/gdk/camera_conf_response
I0827 04:44:56.671998 948771 aorta_component.cpp:326] [cosine_internal][AortaComponent] aorta node create subscriber. node: python3.10_S1, topic:/hal/chassis_power_state, type:genie_msgs.msg.pb.ChassisPowerState, qos:(history:1, depth:5, reliability:1, durability:2), uri:http://10.42.0.101:2379
I0827 04:44:56.672014 948771 aorta_subscriber.hpp:96] [cosine_internal][AortaSubscriber] initial. topic:/hal/chassis_power_state, uri:
I0827 04:44:56.672035 948771 cosine_bus_manager.cpp:400] [cosine_internal][CosineBusManager] create subscriber. topic name:/hal/chest_power_state , middleware:aorta , need async callback:0, frame_skip_rate:1
I0827 04:44:56.672044 948771 aorta_component.cpp:174] [cosine_internal][AortaComponent] callback_name:/hal/chest_power_statehttp://10.42.0.101:2379
I0827 04:44:56.672259 948771 buffered_data_export.cpp:115] [cosine_internal]successfully create buffer [bus_buffer___hal__chest_power_state, type genie_msgs.msg.pb.ChestPowerState, block num 5, valid_time 0, transfer_type 0, data_size 0, mem_type 0, lib_name , ext_data_size 0, is_protobuf 1, enable_event_sync_subscriber 0], buffer id = 8
I0827 04:44:56.672278 948771 cosine_bus_message_buffer.cpp:45] [cosine_internal][CosineBusMessageBuffer] create buffer success. name:bus_buffer___hal__chest_power_state, type:genie_msgs.msg.pb.ChestPowerState, size:5
I0827 04:44:56.672372 948771 node_impl.cc:344] [aorta]CreateSubscriber topic:/hal/chest_power_state, uid:6bbc9012-7bf5-43d7-9b62-bad9ae3e2b7c-8918795574175434775 topic_uid:-1
I0827 04:44:56.672447 949972 shm_subscriber.cc:120] [aorta]subscriber connect to publisher success, topic /gdk/camera_conf_response, local d2379|python3.10|p948771|n0|s1|c0, peer d2379|gdk_service|p9001|n0|/gdk/camera_conf_response|p1
I0827 04:44:56.672508 948869 centralized_discovery.cc:733] [aorta]subscriber uid:0b4984dc-2269-4c29-ba75-c45e886f94f2-17784787521228097140 topic:/hal/joint_state
I0827 04:44:56.672822 948771 aorta_component.cpp:326] [cosine_internal][AortaComponent] aorta node create subscriber. node: python3.10_S1, topic:/hal/chest_power_state, type:genie_msgs.msg.pb.ChestPowerState, qos:(history:1, depth:5, reliability:1, durability:2), uri:http://10.42.0.101:2379
I0827 04:44:56.672834 948771 aorta_subscriber.hpp:96] [cosine_internal][AortaSubscriber] initial. topic:/hal/chest_power_state, uri:
I0827 04:44:56.672914 948771 cosine_bus_manager.cpp:294] [cosine_internal][CosineBusManager] create publisher. topic name:/hal/joint_cmd , middleware:aorta
I0827 04:44:56.673367 948771 tcp_publisher.cc:179] [aorta]topic /hal/joint_cmd, pub_queue_size_ 5, latch_queue_size_ 0
I0827 04:44:56.673445 949971 tcp_socket_server.cc:200] [aorta]The ip info is0.0.0.0:44097
I0827 04:44:56.673499 949972 shm_subscriber.cc:120] [aorta]subscriber connect to publisher success, topic /hal/joint_state, local d2379|python3.10|p948771|n0|s2|c0, peer d2379|hal|p9008|n0|/hal/joint_state|p0
I0827 04:44:56.673544 949971 shm_socket_server.cc:101] [aorta][/hal/joint_cmd] bind at pipe sock name d2379|python3.10|p948771|n0|/hal/joint_cmd|p2
I0827 04:44:56.673560 948869 centralized_discovery.cc:733] [aorta]subscriber uid:be22cb16-9217-43bc-b161-30f251d7bc66-4082625946824470290 topic:/hal/whole_body_status
I0827 04:44:56.673687 948771 node_impl.cc:198] [aorta]CreatePublisher, host:0.0.0.0, port:44097, sockname:d2379|python3.10|p948771|n0|/hal/joint_cmd|p2, topic:/hal/joint_cmd, uid:54eff16a-9bda-46d0-97c5-ebed598bdb76-8113233340941315482 topic_uid:-1
I0827 04:44:56.673708 948771 aorta_component.cpp:394] [cosine_internal][AortaComponent] aorta node create publisher. node: python3.10_S1, topic:/hal/joint_cmd, type:genie_msgs.msg.pb.JointCommand, qos:(history:1, depth:5, reliability:1, durability:2), uri:http://10.42.0.101:2379
I0827 04:44:56.673744 948771 aorta_publisher.cpp:119] [cosine_internal][AortaPublisher] publisher initialize. topic:/hal/joint_cmd, uri:
I0827 04:44:56.673753 948771 publisher.cpp:27] [GDK]create publisher: /hal/joint_cmd type: genie_msgs.msg.pb.JointCommand qos: 1 1 5 2
I0827 04:44:56.673841 948771 cosine_bus_manager.cpp:294] [cosine_internal][CosineBusManager] create publisher. topic name:/wbc/left_ee_command , middleware:aorta
I0827 04:44:56.674376 949972 shm_subscriber.cc:120] [aorta]subscriber connect to publisher success, topic /hal/whole_body_status, local d2379|python3.10|p948771|n0|s3|c0, peer d2379|hal|p9008|n0|/hal/whole_body_status|p1
I0827 04:44:56.674424 948869 centralized_discovery.cc:733] [aorta]subscriber uid:97083929-4b55-4779-b092-1a3d2034840c-6411614143165937964 topic:/hal/left_ee_data
I0827 04:44:56.674571 948771 tcp_publisher.cc:179] [aorta]topic /wbc/left_ee_command, pub_queue_size_ 5, latch_queue_size_ 0
I0827 04:44:56.674685 949971 tcp_socket_server.cc:200] [aorta]The ip info is0.0.0.0:43407
I0827 04:44:56.674778 949971 shm_socket_server.cc:101] [aorta][/wbc/left_ee_command] bind at pipe sock name d2379|python3.10|p948771|n0|/wbc/left_ee_command|p3
I0827 04:44:56.674850 948771 node_impl.cc:198] [aorta]CreatePublisher, host:0.0.0.0, port:43407, sockname:d2379|python3.10|p948771|n0|/wbc/left_ee_command|p3, topic:/wbc/left_ee_command, uid:799030ee-6860-4612-b3a5-5a0a5a126633-15677759012602946526 topic_uid:-1
I0827 04:44:56.674872 948771 aorta_component.cpp:394] [cosine_internal][AortaComponent] aorta node create publisher. node: python3.10_S1, topic:/wbc/left_ee_command, type:sensor_msgs.msg.pb.JointState, qos:(history:1, depth:5, reliability:1, durability:2), uri:http://10.42.0.101:2379
I0827 04:44:56.674908 948771 aorta_publisher.cpp:119] [cosine_internal][AortaPublisher] publisher initialize. topic:/wbc/left_ee_command, uri:
I0827 04:44:56.674918 948771 publisher.cpp:27] [GDK]create publisher: /wbc/left_ee_command type: sensor_msgs.msg.pb.JointState qos: 1 1 5 2
I0827 04:44:56.674937 948771 cosine_bus_manager.cpp:294] [cosine_internal][CosineBusManager] create publisher. topic name:/wbc/right_ee_command , middleware:aorta
I0827 04:44:56.675540 949972 shm_subscriber.cc:120] [aorta]subscriber connect to publisher success, topic /hal/left_ee_data, local d2379|python3.10|p948771|n0|s4|c0, peer d2379|hal|p9008|n0|/hal/left_ee_data|p2
I0827 04:44:56.675590 948869 centralized_discovery.cc:733] [aorta]subscriber uid:d74119bc-00f0-4054-9f63-dd592b1bc6be-5071795120000351093 topic:/hal/right_ee_data
I0827 04:44:56.675767 948771 tcp_publisher.cc:179] [aorta]topic /wbc/right_ee_command, pub_queue_size_ 5, latch_queue_size_ 0
I0827 04:44:56.675860 949971 tcp_socket_server.cc:200] [aorta]The ip info is0.0.0.0:40165
I0827 04:44:56.676019 949971 shm_socket_server.cc:101] [aorta][/wbc/right_ee_command] bind at pipe sock name d2379|python3.10|p948771|n0|/wbc/right_ee_command|p4
I0827 04:44:56.676137 948771 node_impl.cc:198] [aorta]CreatePublisher, host:0.0.0.0, port:40165, sockname:d2379|python3.10|p948771|n0|/wbc/right_ee_command|p4, topic:/wbc/right_ee_command, uid:f77da6e4-5260-4227-a14a-f3dde20b47a8-12160131399292109555 topic_uid:-1
I0827 04:44:56.676163 948771 aorta_component.cpp:394] [cosine_internal][AortaComponent] aorta node create publisher. node: python3.10_S1, topic:/wbc/right_ee_command, type:sensor_msgs.msg.pb.JointState, qos:(history:1, depth:5, reliability:1, durability:2), uri:http://10.42.0.101:2379
I0827 04:44:56.676194 948771 aorta_publisher.cpp:119] [cosine_internal][AortaPublisher] publisher initialize. topic:/wbc/right_ee_command, uri:
I0827 04:44:56.676203 948771 publisher.cpp:27] [GDK]create publisher: /wbc/right_ee_command type: sensor_msgs.msg.pb.JointState qos: 1 1 5 2
I0827 04:44:56.676236 948771 cosine_bus_manager.cpp:400] [cosine_internal][CosineBusManager] create subscriber. topic name:/wbc/motion_control_status , middleware:aorta , need async callback:0, frame_skip_rate:1
I0827 04:44:56.676247 948771 aorta_component.cpp:174] [cosine_internal][AortaComponent] callback_name:/wbc/motion_control_statushttp://10.42.0.101:2379
I0827 04:44:56.676506 948771 buffered_data_export.cpp:115] [cosine_internal]successfully create buffer [bus_buffer___wbc__motion_control_status, type genie_msgs.msg.pb.MotionControlStatus, block num 5, valid_time 0, transfer_type 0, data_size 0, mem_type 0, lib_name , ext_data_size 0, is_protobuf 1, enable_event_sync_subscriber 0], buffer id = 9
I0827 04:44:56.676527 948771 cosine_bus_message_buffer.cpp:45] [cosine_internal][CosineBusMessageBuffer] create buffer success. name:bus_buffer___wbc__motion_control_status, type:genie_msgs.msg.pb.MotionControlStatus, size:5
I0827 04:44:56.676611 948771 node_impl.cc:344] [aorta]CreateSubscriber topic:/wbc/motion_control_status, uid:f15e42af-1e31-488c-a139-7e82c6ced078-3835708119707617413 topic_uid:-1
I0827 04:44:56.677044 948771 aorta_component.cpp:326] [cosine_internal][AortaComponent] aorta node create subscriber. node: python3.10_S1, topic:/wbc/motion_control_status, type:genie_msgs.msg.pb.MotionControlStatus, qos:(history:1, depth:5, reliability:1, durability:2), uri:http://10.42.0.101:2379
I0827 04:44:56.677057 948771 aorta_subscriber.hpp:96] [cosine_internal][AortaSubscriber] initial. topic:/wbc/motion_control_status, uri:
I0827 04:44:56.677070 948771 cosine_bus_manager.cpp:400] [cosine_internal][CosineBusManager] create subscriber. topic name:/MotionControlService/JointPosition/response , middleware:aorta , need async callback:0, frame_skip_rate:1
I0827 04:44:56.677076 948771 aorta_component.cpp:174] [cosine_internal][AortaComponent] callback_name:/MotionControlService/JointPosition/responsehttp://10.42.0.101:2379
I0827 04:44:56.677119 948771 buffered_data_export.cpp:115] [cosine_internal]successfully create buffer [bus_buffer___MotionControlService__JointPosition__response, type genie_msgs.msg.pb.CommonResponse, block num 5, valid_time 0, transfer_type 0, data_size 0, mem_type 0, lib_name , ext_data_size 0, is_protobuf 1, enable_event_sync_subscriber 0], buffer id = 10
I0827 04:44:56.677131 948771 cosine_bus_message_buffer.cpp:45] [cosine_internal][CosineBusMessageBuffer] create buffer success. name:bus_buffer___MotionControlService__JointPosition__response, type:genie_msgs.msg.pb.CommonResponse, size:5
I0827 04:44:56.677199 948771 node_impl.cc:344] [aorta]CreateSubscriber topic:/MotionControlService/JointPosition/response, uid:2767991a-12b7-47d0-8ae6-3d4c1ba3ca54-11220515294652701264 topic_uid:-1
I0827 04:44:56.677613 948771 aorta_component.cpp:326] [cosine_internal][AortaComponent] aorta node create subscriber. node: python3.10_S1, topic:/MotionControlService/JointPosition/response, type:genie_msgs.msg.pb.CommonResponse, qos:(history:1, depth:5, reliability:1, durability:2), uri:http://10.42.0.101:2379
I0827 04:44:56.677623 948771 aorta_subscriber.hpp:96] [cosine_internal][AortaSubscriber] initial. topic:/MotionControlService/JointPosition/response, uri:
I0827 04:44:56.677634 948771 cosine_bus_manager.cpp:400] [cosine_internal][CosineBusManager] create subscriber. topic name:/MotionControlService/ControlMode/response , middleware:aorta , need async callback:0, frame_skip_rate:1
I0827 04:44:56.677641 948771 aorta_component.cpp:174] [cosine_internal][AortaComponent] callback_name:/MotionControlService/ControlMode/responsehttp://10.42.0.101:2379
I0827 04:44:56.677675 948771 buffered_data_export.cpp:115] [cosine_internal]successfully create buffer [bus_buffer___MotionControlService__ControlMode__response, type genie_msgs.msg.pb.CommonResponse, block num 5, valid_time 0, transfer_type 0, data_size 0, mem_type 0, lib_name , ext_data_size 0, is_protobuf 1, enable_event_sync_subscriber 0], buffer id = 11
I0827 04:44:56.677685 948771 cosine_bus_message_buffer.cpp:45] [cosine_internal][CosineBusMessageBuffer] create buffer success. name:bus_buffer___MotionControlService__ControlMode__response, type:genie_msgs.msg.pb.CommonResponse, size:5
I0827 04:44:56.677754 948771 node_impl.cc:344] [aorta]CreateSubscriber topic:/MotionControlService/ControlMode/response, uid:1e2b3977-dc40-4282-9e7a-0d53cf9bd4a0-13500083580579056044 topic_uid:-1
I0827 04:44:56.678167 948771 aorta_component.cpp:326] [cosine_internal][AortaComponent] aorta node create subscriber. node: python3.10_S1, topic:/MotionControlService/ControlMode/response, type:genie_msgs.msg.pb.CommonResponse, qos:(history:1, depth:5, reliability:1, durability:2), uri:http://10.42.0.101:2379
I0827 04:44:56.678177 948771 aorta_subscriber.hpp:96] [cosine_internal][AortaSubscriber] initial. topic:/MotionControlService/ControlMode/response, uri:
I0827 04:44:56.678190 948771 cosine_bus_manager.cpp:400] [cosine_internal][CosineBusManager] create subscriber. topic name:/MotionControlService/SetLoad/response , middleware:aorta , need async callback:0, frame_skip_rate:1
I0827 04:44:56.678197 948771 aorta_component.cpp:174] [cosine_internal][AortaComponent] callback_name:/MotionControlService/SetLoad/responsehttp://10.42.0.101:2379
I0827 04:44:56.678232 948771 buffered_data_export.cpp:115] [cosine_internal]successfully create buffer [bus_buffer___MotionControlService__SetLoad__response, type genie_msgs.msg.pb.CommonResponse, block num 5, valid_time 0, transfer_type 0, data_size 0, mem_type 0, lib_name , ext_data_size 0, is_protobuf 1, enable_event_sync_subscriber 0], buffer id = 12
I0827 04:44:56.678246 948771 cosine_bus_message_buffer.cpp:45] [cosine_internal][CosineBusMessageBuffer] create buffer success. name:bus_buffer___MotionControlService__SetLoad__response, type:genie_msgs.msg.pb.CommonResponse, size:5
I0827 04:44:56.678313 948771 node_impl.cc:344] [aorta]CreateSubscriber topic:/MotionControlService/SetLoad/response, uid:ad951873-5812-478e-b72d-d710f612df06-11741066552301177038 topic_uid:-1
I0827 04:44:56.678718 948771 aorta_component.cpp:326] [cosine_internal][AortaComponent] aorta node create subscriber. node: python3.10_S1, topic:/MotionControlService/SetLoad/response, type:genie_msgs.msg.pb.CommonResponse, qos:(history:1, depth:5, reliability:1, durability:2), uri:http://10.42.0.101:2379
I0827 04:44:56.678727 948771 aorta_subscriber.hpp:96] [cosine_internal][AortaSubscriber] initial. topic:/MotionControlService/SetLoad/response, uri:
I0827 04:44:56.678740 948771 cosine_bus_manager.cpp:400] [cosine_internal][CosineBusManager] create subscriber. topic name:/MotionControlService/SetComplianceParams/response , middleware:aorta , need async callback:0, frame_skip_rate:1
I0827 04:44:56.678745 948771 aorta_component.cpp:174] [cosine_internal][AortaComponent] callback_name:/MotionControlService/SetComplianceParams/responsehttp://10.42.0.101:2379
I0827 04:44:56.678776 948771 buffered_data_export.cpp:115] [cosine_internal]successfully create buffer [bus_buffer___MotionControlService__SetComplianceParams__response, type genie_msgs.msg.pb.CommonResponse, block num 5, valid_time 0, transfer_type 0, data_size 0, mem_type 0, lib_name , ext_data_size 0, is_protobuf 1, enable_event_sync_subscriber 0], buffer id = 13
I0827 04:44:56.678787 948771 cosine_bus_message_buffer.cpp:45] [cosine_internal][CosineBusMessageBuffer] create buffer success. name:bus_buffer___MotionControlService__SetComplianceParams__response, type:genie_msgs.msg.pb.CommonResponse, size:5
I0827 04:44:56.678845 948771 node_impl.cc:344] [aorta]CreateSubscriber topic:/MotionControlService/SetComplianceParams/response, uid:20711aec-5be3-4e6d-8db0-a925196c9ddb-16772690313444795879 topic_uid:-1
I0827 04:44:56.679260 948771 aorta_component.cpp:326] [cosine_internal][AortaComponent] aorta node create subscriber. node: python3.10_S1, topic:/MotionControlService/SetComplianceParams/response, type:genie_msgs.msg.pb.CommonResponse, qos:(history:1, depth:5, reliability:1, durability:2), uri:http://10.42.0.101:2379
I0827 04:44:56.679271 948771 aorta_subscriber.hpp:96] [cosine_internal][AortaSubscriber] initial. topic:/MotionControlService/SetComplianceParams/response, uri:
I0827 04:44:56.679282 948771 cosine_bus_manager.cpp:400] [cosine_internal][CosineBusManager] create subscriber. topic name:/MotionControlService/MotionPlan/response , middleware:aorta , need async callback:0, frame_skip_rate:1
I0827 04:44:56.679288 948771 aorta_component.cpp:174] [cosine_internal][AortaComponent] callback_name:/MotionControlService/MotionPlan/responsehttp://10.42.0.101:2379
I0827 04:44:56.679451 949972 shm_subscriber.cc:120] [aorta]subscriber connect to publisher success, topic /hal/right_ee_data, local d2379|python3.10|p948771|n0|s5|c0, peer d2379|hal|p9008|n0|/hal/right_ee_data|p3
I0827 04:44:56.679325 948771 buffered_data_export.cpp:115] [cosine_internal]successfully create buffer [bus_buffer___MotionControlService__MotionPlan__response, type genie_msgs.msg.pb.CommonResponse, block num 5, valid_time 0, transfer_type 0, data_size 0, mem_type 0, lib_name , ext_data_size 0, is_protobuf 1, enable_event_sync_subscriber 0], buffer id = 14
I0827 04:44:56.679543 948771 cosine_bus_message_buffer.cpp:45] [cosine_internal][CosineBusMessageBuffer] create buffer success. name:bus_buffer___MotionControlService__MotionPlan__response, type:genie_msgs.msg.pb.CommonResponse, size:5
I0827 04:44:56.679613 948771 node_impl.cc:344] [aorta]CreateSubscriber topic:/MotionControlService/MotionPlan/response, uid:5510adec-1044-471e-a9a4-07d35e65f3f7-7265943930381113476 topic_uid:-1
I0827 04:44:56.679668 948869 centralized_discovery.cc:733] [aorta]subscriber uid:0fecffed-c5bc-4c41-83ab-73c6c418432e-13624413023349153968 topic:/hal/chassis_power_state
I0827 04:44:56.680032 948771 aorta_component.cpp:326] [cosine_internal][AortaComponent] aorta node create subscriber. node: python3.10_S1, topic:/MotionControlService/MotionPlan/response, type:genie_msgs.msg.pb.CommonResponse, qos:(history:1, depth:5, reliability:1, durability:2), uri:http://10.42.0.101:2379
I0827 04:44:56.680042 948771 aorta_subscriber.hpp:96] [cosine_internal][AortaSubscriber] initial. topic:/MotionControlService/MotionPlan/response, uri:
I0827 04:44:56.680157 948771 cosine_bus_manager.cpp:294] [cosine_internal][CosineBusManager] create publisher. topic name:/wbc/motion_stop , middleware:aorta
I0827 04:44:56.680586 948771 tcp_publisher.cc:179] [aorta]topic /wbc/motion_stop, pub_queue_size_ 5, latch_queue_size_ 0
I0827 04:44:56.680680 949972 shm_subscriber.cc:120] [aorta]subscriber connect to publisher success, topic /hal/chassis_power_state, local d2379|python3.10|p948771|n0|s6|c0, peer d2379|hal_lowerlimb|p9007|n0|/hal/chassis_power_state|p2
I0827 04:44:56.680734 948869 centralized_discovery.cc:733] [aorta]subscriber uid:6bbc9012-7bf5-43d7-9b62-bad9ae3e2b7c-8918795574175434775 topic:/hal/chest_power_state
I0827 04:44:56.680850 949971 tcp_socket_server.cc:200] [aorta]The ip info is0.0.0.0:33623
I0827 04:44:56.681164 949971 shm_socket_server.cc:101] [aorta][/wbc/motion_stop] bind at pipe sock name d2379|python3.10|p948771|n0|/wbc/motion_stop|p5
I0827 04:44:56.681237 948771 node_impl.cc:198] [aorta]CreatePublisher, host:0.0.0.0, port:33623, sockname:d2379|python3.10|p948771|n0|/wbc/motion_stop|p5, topic:/wbc/motion_stop, uid:008dc116-f8f4-468e-8b2e-f26bd6658f55-13748557535015507650 topic_uid:-1
I0827 04:44:56.681264 948771 aorta_component.cpp:394] [cosine_internal][AortaComponent] aorta node create publisher. node: python3.10_S1, topic:/wbc/motion_stop, type:genie_msgs.msg.pb.MotionStop, qos:(history:1, depth:5, reliability:1, durability:2), uri:http://10.42.0.101:2379
I0827 04:44:56.681303 948771 aorta_publisher.cpp:119] [cosine_internal][AortaPublisher] publisher initialize. topic:/wbc/motion_stop, uri:
I0827 04:44:56.681313 948771 publisher.cpp:27] [GDK]create publisher: /wbc/motion_stop type: genie_msgs.msg.pb.MotionStop qos: 1 1 5 2
I0827 04:44:56.681404 948771 cosine_bus_manager.cpp:294] [cosine_internal][CosineBusManager] create publisher. topic name:/wbc/set_control_mode , middleware:aorta
I0827 04:44:56.681860 949972 shm_subscriber.cc:120] [aorta]subscriber connect to publisher success, topic /hal/chest_power_state, local d2379|python3.10|p948771|n0|s7|c0, peer d2379|hal_lowerlimb|p9007|n0|/hal/chest_power_state|p4
I0827 04:44:56.681921 948869 centralized_discovery.cc:681] [aorta]publisher uid:54eff16a-9bda-46d0-97c5-ebed598bdb76-8113233340941315482 topic:/hal/joint_cmd
I0827 04:44:56.682003 948771 tcp_publisher.cc:179] [aorta]topic /wbc/set_control_mode, pub_queue_size_ 5, latch_queue_size_ 0
I0827 04:44:56.682071 949971 tcp_socket_server.cc:200] [aorta]The ip info is0.0.0.0:41843
I0827 04:44:56.682135 949971 shm_socket_server.cc:101] [aorta][/wbc/set_control_mode] bind at pipe sock name d2379|python3.10|p948771|n0|/wbc/set_control_mode|p6
I0827 04:44:56.682219 948771 node_impl.cc:198] [aorta]CreatePublisher, host:0.0.0.0, port:41843, sockname:d2379|python3.10|p948771|n0|/wbc/set_control_mode|p6, topic:/wbc/set_control_mode, uid:716ea2e0-fa8d-4755-a52d-abe95f2c407c-14916454457450496029 topic_uid:-1
I0827 04:44:56.682240 948771 aorta_component.cpp:394] [cosine_internal][AortaComponent] aorta node create publisher. node: python3.10_S1, topic:/wbc/set_control_mode, type:genie_msgs.msg.pb.SetControlMode, qos:(history:1, depth:5, reliability:1, durability:2), uri:http://10.42.0.101:2379
I0827 04:44:56.682272 948771 aorta_publisher.cpp:119] [cosine_internal][AortaPublisher] publisher initialize. topic:/wbc/set_control_mode, uri:
I0827 04:44:56.682281 948771 publisher.cpp:27] [GDK]create publisher: /wbc/set_control_mode type: genie_msgs.msg.pb.SetControlMode qos: 1 1 5 2
I0827 04:44:56.682375 948771 cosine_bus_manager.cpp:294] [cosine_internal][CosineBusManager] create publisher. topic name:/wbc/end_effector_pose_control , middleware:aorta
I0827 04:44:56.682971 948771 tcp_publisher.cc:179] [aorta]topic /wbc/end_effector_pose_control, pub_queue_size_ 5, latch_queue_size_ 0
I0827 04:44:56.683039 948869 centralized_discovery.cc:681] [aorta]publisher uid:799030ee-6860-4612-b3a5-5a0a5a126633-15677759012602946526 topic:/wbc/left_ee_command
I0827 04:44:56.683187 949971 tcp_socket_server.cc:200] [aorta]The ip info is0.0.0.0:45695
I0827 04:44:56.683749 949971 shm_socket_server.cc:101] [aorta][/wbc/end_effector_pose_control] bind at pipe sock name d2379|python3.10|p948771|n0|/wbc/end_effector_pose_control|p7
I0827 04:44:56.683846 948771 node_impl.cc:198] [aorta]CreatePublisher, host:0.0.0.0, port:45695, sockname:d2379|python3.10|p948771|n0|/wbc/end_effector_pose_control|p7, topic:/wbc/end_effector_pose_control, uid:1e8e47a5-1bc3-4bcb-9f3d-1788134e3d0a-8961509146944305143 topic_uid:-1
I0827 04:44:56.683876 948771 aorta_component.cpp:394] [cosine_internal][AortaComponent] aorta node create publisher. node: python3.10_S1, topic:/wbc/end_effector_pose_control, type:genie_msgs.msg.pb.EndEffectorPoseControl, qos:(history:1, depth:5, reliability:1, durability:2), uri:http://10.42.0.101:2379
I0827 04:44:56.683915 948771 aorta_publisher.cpp:119] [cosine_internal][AortaPublisher] publisher initialize. topic:/wbc/end_effector_pose_control, uri:
I0827 04:44:56.683925 948771 publisher.cpp:27] [GDK]create publisher: /wbc/end_effector_pose_control type: genie_msgs.msg.pb.EndEffectorPoseControl qos: 1 1 5 2
I0827 04:44:56.684078 948771 cosine_bus_manager.cpp:294] [cosine_internal][CosineBusManager] create publisher. topic name:/wbc/joint_position_control , middleware:aorta
I0827 04:44:56.684545 948771 tcp_publisher.cc:179] [aorta]topic /wbc/joint_position_control, pub_queue_size_ 5, latch_queue_size_ 0
I0827 04:44:56.684633 949971 tcp_socket_server.cc:200] [aorta]The ip info is0.0.0.0:38505
I0827 04:44:56.684826 949971 shm_socket_server.cc:101] [aorta][/wbc/joint_position_control] bind at pipe sock name d2379|python3.10|p948771|n0|/wbc/joint_position_control|p8
I0827 04:44:56.684967 948869 centralized_discovery.cc:681] [aorta]publisher uid:f77da6e4-5260-4227-a14a-f3dde20b47a8-12160131399292109555 topic:/wbc/right_ee_command
I0827 04:44:56.685065 948771 node_impl.cc:198] [aorta]CreatePublisher, host:0.0.0.0, port:38505, sockname:d2379|python3.10|p948771|n0|/wbc/joint_position_control|p8, topic:/wbc/joint_position_control, uid:7b767f8f-6b15-4de6-b4db-01db5d3a9e56-17554954426434248758 topic_uid:-1
I0827 04:44:56.685091 948771 aorta_component.cpp:394] [cosine_internal][AortaComponent] aorta node create publisher. node: python3.10_S1, topic:/wbc/joint_position_control, type:genie_msgs.msg.pb.JointPositionControl, qos:(history:1, depth:5, reliability:1, durability:2), uri:http://10.42.0.101:2379
I0827 04:44:56.685127 948771 aorta_publisher.cpp:119] [cosine_internal][AortaPublisher] publisher initialize. topic:/wbc/joint_position_control, uri:
I0827 04:44:56.685135 948771 publisher.cpp:27] [GDK]create publisher: /wbc/joint_position_control type: genie_msgs.msg.pb.JointPositionControl qos: 1 1 5 2
I0827 04:44:56.685222 948771 cosine_bus_manager.cpp:294] [cosine_internal][CosineBusManager] create publisher. topic name:/MotionControlService/JointPosition/request , middleware:aorta
I0827 04:44:56.685658 948771 tcp_publisher.cc:179] [aorta]topic /MotionControlService/JointPosition/request, pub_queue_size_ 5, latch_queue_size_ 0
I0827 04:44:56.685738 949971 tcp_socket_server.cc:200] [aorta]The ip info is0.0.0.0:40423
I0827 04:44:56.685827 949971 shm_socket_server.cc:101] [aorta][/MotionControlService/JointPosition/request] bind at pipe sock name d2379|python3.10|p948771|n0|..onControlService/JointPosition/request|p9
I0827 04:44:56.685953 948771 node_impl.cc:198] [aorta]CreatePublisher, host:0.0.0.0, port:40423, sockname:d2379|python3.10|p948771|n0|..onControlService/JointPosition/request|p9, topic:/MotionControlService/JointPosition/request, uid:dd4b9aaf-2102-46b1-ac87-47b7fb011e65-13247891859042633557 topic_uid:-1
I0827 04:44:56.685974 948771 aorta_component.cpp:394] [cosine_internal][AortaComponent] aorta node create publisher. node: python3.10_S1, topic:/MotionControlService/JointPosition/request, type:genie_msgs.msg.pb.JointPositionRequst, qos:(history:1, depth:5, reliability:1, durability:2), uri:http://10.42.0.101:2379
I0827 04:44:56.686008 948771 aorta_publisher.cpp:119] [cosine_internal][AortaPublisher] publisher initialize. topic:/MotionControlService/JointPosition/request, uri:
I0827 04:44:56.686015 948771 publisher.cpp:27] [GDK]create publisher: /MotionControlService/JointPosition/request type: genie_msgs.msg.pb.JointPositionRequst qos: 1 1 5 2
I0827 04:44:56.686123 948771 cosine_bus_manager.cpp:294] [cosine_internal][CosineBusManager] create publisher. topic name:/MotionControlService/ControlMode/request , middleware:aorta
I0827 04:44:56.686324 948869 centralized_discovery.cc:733] [aorta]subscriber uid:f15e42af-1e31-488c-a139-7e82c6ced078-3835708119707617413 topic:/wbc/motion_control_status
I0827 04:44:56.686549 948771 tcp_publisher.cc:179] [aorta]topic /MotionControlService/ControlMode/request, pub_queue_size_ 5, latch_queue_size_ 0
I0827 04:44:56.686698 949971 tcp_socket_server.cc:200] [aorta]The ip info is0.0.0.0:45151
I0827 04:44:56.686782 949971 shm_socket_server.cc:101] [aorta][/MotionControlService/ControlMode/request] bind at pipe sock name d2379|python3.10|p948771|n0|..tionControlService/ControlMode/request|p10
I0827 04:44:56.686923 948771 node_impl.cc:198] [aorta]CreatePublisher, host:0.0.0.0, port:45151, sockname:d2379|python3.10|p948771|n0|..tionControlService/ControlMode/request|p10, topic:/MotionControlService/ControlMode/request, uid:b2803256-f009-4bf7-8570-9fd3dbb4800d-7079047142913889307 topic_uid:-1
I0827 04:44:56.686946 948771 aorta_component.cpp:394] [cosine_internal][AortaComponent] aorta node create publisher. node: python3.10_S1, topic:/MotionControlService/ControlMode/request, type:genie_msgs.msg.pb.ControlModeRequest, qos:(history:1, depth:5, reliability:1, durability:2), uri:http://10.42.0.101:2379
I0827 04:44:56.686983 948771 aorta_publisher.cpp:119] [cosine_internal][AortaPublisher] publisher initialize. topic:/MotionControlService/ControlMode/request, uri:
I0827 04:44:56.686991 948771 publisher.cpp:27] [GDK]create publisher: /MotionControlService/ControlMode/request type: genie_msgs.msg.pb.ControlModeRequest qos: 1 1 5 2
I0827 04:44:56.687018 948771 cosine_bus_manager.cpp:294] [cosine_internal][CosineBusManager] create publisher. topic name:/MotionControlService/SetLoad/request , middleware:aorta
I0827 04:44:56.687474 948771 tcp_publisher.cc:179] [aorta]topic /MotionControlService/SetLoad/request, pub_queue_size_ 5, latch_queue_size_ 0
I0827 04:44:56.687552 949971 tcp_socket_server.cc:200] [aorta]The ip info is0.0.0.0:41731
I0827 04:44:56.687655 949971 shm_socket_server.cc:101] [aorta][/MotionControlService/SetLoad/request] bind at pipe sock name d2379|python3.10|p948771|n0|/MotionControlService/SetLoad/request|p11
I0827 04:44:56.688220 949972 shm_subscriber.cc:120] [aorta]subscriber connect to publisher success, topic /wbc/motion_control_status, local d2379|python3.10|p948771|n0|s8|c0, peer d2379|genie_motion_control|p11068|n0|/wbc/motion_control_status|p4
