I0827 00:29:05.267210 1072647 tcp_publisher.cc:179] [aorta]topic /MotionControlService/SetLoad/request, pub_queue_size_ 5, latch_queue_size_ 0
I0827 00:29:05.267299 1073831 tcp_socket_server.cc:200] [aorta]The ip info is0.0.0.0:36737
I0827 00:29:05.267376 1073831 shm_socket_server.cc:101] [aorta][/MotionControlService/SetLoad/request] bind at pipe sock name d2379|python3.10|p1072647|n0|/MotionControlService/SetLoad/request|p11
I0827 00:29:05.267460 1073835 shm_subscriber.cc:120] [aorta]subscriber connect to publisher success, topic /MotionControlService/JointPosition/response, local d2379|python3.10|p1072647|n0|s9|c0, peer d2379|genie_motion_control|p11269|n0|..nControlService/JointPosition/response|p20
I0827 00:29:05.267539 1072760 centralized_discovery.cc:733] [aorta]subscriber uid:a5c58e2a-b5de-481f-b14b-08c3dd44b544-13500083580579056044 topic:/MotionControlService/ControlMode/response
I0827 00:29:05.267601 1072647 node_impl.cc:198] [aorta]CreatePublisher, host:0.0.0.0, port:36737, sockname:d2379|python3.10|p1072647|n0|/MotionControlService/SetLoad/request|p11, topic:/MotionControlService/SetLoad/request, uid:d60c58af-d1e1-4f2c-af40-d5651533fd32-13250693701014519938 topic_uid:-1
I0827 00:29:05.267621 1072647 aorta_component.cpp:394] [cosine_internal][AortaComponent] aorta node create publisher. node: python3.10_S1, topic:/MotionControlService/SetLoad/request, type:genie_msgs.msg.pb.SetLoadRequest, qos:(history:1, depth:5, reliability:1, durability:2), uri:http://10.42.0.101:2379
I0827 00:29:05.267654 1072647 aorta_publisher.cpp:119] [cosine_internal][AortaPublisher] publisher initialize. topic:/MotionControlService/SetLoad/request, uri:
I0827 00:29:05.267663 1072647 publisher.cpp:27] [GDK]create publisher: /MotionControlService/SetLoad/request type: genie_msgs.msg.pb.SetLoadRequest qos: 1 1 5 2
I0827 00:29:05.267747 1072647 cosine_bus_manager.cpp:294] [cosine_internal][CosineBusManager] create publisher. topic name:/gdk/model_predict , middleware:aorta
I0827 00:29:05.268174 1072647 tcp_publisher.cc:179] [aorta]topic /gdk/model_predict, pub_queue_size_ 5, latch_queue_size_ 0
I0827 00:29:05.268249 1073831 tcp_socket_server.cc:200] [aorta]The ip info is0.0.0.0:42465
I0827 00:29:05.268317 1073831 shm_socket_server.cc:101] [aorta][/gdk/model_predict] bind at pipe sock name d2379|python3.10|p1072647|n0|/gdk/model_predict|p12
I0827 00:29:05.268425 1072647 node_impl.cc:198] [aorta]CreatePublisher, host:0.0.0.0, port:42465, sockname:d2379|python3.10|p1072647|n0|/gdk/model_predict|p12, topic:/gdk/model_predict, uid:94fac4e9-2b9f-4750-898c-272fbf49cb3e-732077211275631522 topic_uid:-1
I0827 00:29:05.268445 1072647 aorta_component.cpp:394] [cosine_internal][AortaComponent] aorta node create publisher. node: python3.10_S1, topic:/gdk/model_predict, type:genie_msgs.msg.pb.TrajectoryTrackingControl, qos:(history:1, depth:5, reliability:1, durability:2), uri:http://10.42.0.101:2379
I0827 00:29:05.268445 1073835 shm_subscriber.cc:120] [aorta]subscriber connect to publisher success, topic /MotionControlService/ControlMode/response, local d2379|python3.10|p1072647|n0|s10|c0, peer d2379|genie_motion_control|p11269|n0|..ionControlService/ControlMode/response|p16
I0827 00:29:05.268476 1072647 aorta_publisher.cpp:119] [cosine_internal][AortaPublisher] publisher initialize. topic:/gdk/model_predict, uri:
I0827 00:29:05.268482 1072647 publisher.cpp:27] [GDK]create publisher: /gdk/model_predict type: genie_msgs.msg.pb.TrajectoryTrackingControl qos: 1 1 5 2
I0827 00:29:05.268510 1072760 centralized_discovery.cc:733] [aorta]subscriber uid:63e4d079-3926-4db1-8b68-7e556201d1e9-11741066552301177038 topic:/MotionControlService/SetLoad/response
I0827 00:29:05.268570 1072647 cosine_bus_manager.cpp:294] [cosine_internal][CosineBusManager] create publisher. topic name:/wbc/force_position_cmd , middleware:aorta
I0827 00:29:05.269028 1072647 tcp_publisher.cc:179] [aorta]topic /wbc/force_position_cmd, pub_queue_size_ 5, latch_queue_size_ 0
I0827 00:29:05.269080 1073831 tcp_socket_server.cc:200] [aorta]The ip info is0.0.0.0:45337
I0827 00:29:05.269155 1073831 shm_socket_server.cc:101] [aorta][/wbc/force_position_cmd] bind at pipe sock name d2379|python3.10|p1072647|n0|/wbc/force_position_cmd|p13
I0827 00:29:05.269219 1072647 node_impl.cc:198] [aorta]CreatePublisher, host:0.0.0.0, port:45337, sockname:d2379|python3.10|p1072647|n0|/wbc/force_position_cmd|p13, topic:/wbc/force_position_cmd, uid:5db1f3e5-1f3f-4859-87f7-a45f7729c164-7688843706006148097 topic_uid:-1
I0827 00:29:05.269240 1072647 aorta_component.cpp:394] [cosine_internal][AortaComponent] aorta node create publisher. node: python3.10_S1, topic:/wbc/force_position_cmd, type:genie_msgs.msg.pb.ForcePositionCmd, qos:(history:1, depth:5, reliability:1, durability:2), uri:http://10.42.0.101:2379
I0827 00:29:05.269253 1073835 shm_subscriber.cc:120] [aorta]subscriber connect to publisher success, topic /MotionControlService/SetLoad/response, local d2379|python3.10|p1072647|n0|s11|c0, peer d2379|genie_motion_control|p11269|n0|/MotionControlService/SetLoad/response|p15
I0827 00:29:05.269270 1072647 aorta_publisher.cpp:119] [cosine_internal][AortaPublisher] publisher initialize. topic:/wbc/force_position_cmd, uri:
I0827 00:29:05.269279 1072647 publisher.cpp:27] [GDK]create publisher: /wbc/force_position_cmd type: genie_msgs.msg.pb.ForcePositionCmd qos: 1 1 5 2
I0827 00:29:05.269304 1072760 centralized_discovery.cc:733] [aorta]subscriber uid:cb0d521f-0124-406b-8826-dad54d8e2e09-16772690313444795879 topic:/MotionControlService/SetComplianceParams/response
I0827 00:29:05.269353 1072647 cosine_bus_manager.cpp:294] [cosine_internal][CosineBusManager] create publisher. topic name:/MotionControlService/SetComplianceParams/request , middleware:aorta
I0827 00:29:05.269778 1072647 tcp_publisher.cc:179] [aorta]topic /MotionControlService/SetComplianceParams/request, pub_queue_size_ 5, latch_queue_size_ 0
I0827 00:29:05.269836 1073831 tcp_socket_server.cc:200] [aorta]The ip info is0.0.0.0:35745
I0827 00:29:05.269903 1073831 shm_socket_server.cc:101] [aorta][/MotionControlService/SetComplianceParams/request] bind at pipe sock name d2379|python3.10|p1072647|n0|..rolService/SetComplianceParams/request|p14
I0827 00:29:05.269968 1072647 node_impl.cc:198] [aorta]CreatePublisher, host:0.0.0.0, port:35745, sockname:d2379|python3.10|p1072647|n0|..rolService/SetComplianceParams/request|p14, topic:/MotionControlService/SetComplianceParams/request, uid:d598c0c4-cc0d-4873-99e3-7d2d637dbb9f-14162462508962048716 topic_uid:-1
I0827 00:29:05.269992 1072647 aorta_component.cpp:394] [cosine_internal][AortaComponent] aorta node create publisher. node: python3.10_S1, topic:/MotionControlService/SetComplianceParams/request, type:genie_msgs.msg.pb.SetComplianceParamsRequest, qos:(history:1, depth:5, reliability:1, durability:2), uri:http://10.42.0.101:2379
I0827 00:29:05.270023 1072647 aorta_publisher.cpp:119] [cosine_internal][AortaPublisher] publisher initialize. topic:/MotionControlService/SetComplianceParams/request, uri:
I0827 00:29:05.270031 1072647 publisher.cpp:27] [GDK]create publisher: /MotionControlService/SetComplianceParams/request type: genie_msgs.msg.pb.SetComplianceParamsRequest qos: 1 1 5 2
I0827 00:29:05.270036 1073835 shm_subscriber.cc:120] [aorta]subscriber connect to publisher success, topic /MotionControlService/SetComplianceParams/response, local d2379|python3.10|p1072647|n0|s12|c0, peer d2379|genie_motion_control|p11269|n0|..olService/SetComplianceParams/response|p21
I0827 00:29:05.270085 1072760 centralized_discovery.cc:733] [aorta]subscriber uid:86c85144-8e46-4fba-870d-2a7211be3c60-7265943930381113476 topic:/MotionControlService/MotionPlan/response
I0827 00:29:05.270176 1072647 cosine_bus_manager.cpp:294] [cosine_internal][CosineBusManager] create publisher. topic name:/MotionControlService/MotionPlan/request , middleware:aorta
I0827 00:29:05.270609 1072647 tcp_publisher.cc:179] [aorta]topic /MotionControlService/MotionPlan/request, pub_queue_size_ 5, latch_queue_size_ 0
I0827 00:29:05.270684 1073831 tcp_socket_server.cc:200] [aorta]The ip info is0.0.0.0:43073
I0827 00:29:05.270754 1073831 shm_socket_server.cc:101] [aorta][/MotionControlService/MotionPlan/request] bind at pipe sock name d2379|python3.10|p1072647|n0|/MotionControlService/MotionPlan/request|p15
I0827 00:29:05.270954 1072647 node_impl.cc:198] [aorta]CreatePublisher, host:0.0.0.0, port:43073, sockname:d2379|python3.10|p1072647|n0|/MotionControlService/MotionPlan/request|p15, topic:/MotionControlService/MotionPlan/request, uid:eb5680e7-d41b-4604-95bd-c25a775f64ce-8174779158326670585 topic_uid:-1
I0827 00:29:05.270975 1072647 aorta_component.cpp:394] [cosine_internal][AortaComponent] aorta node create publisher. node: python3.10_S1, topic:/MotionControlService/MotionPlan/request, type:genie_msgs.msg.pb.MotionPlanRequest, qos:(history:1, depth:5, reliability:1, durability:2), uri:http://10.42.0.101:2379
I0827 00:29:05.270991 1073835 shm_subscriber.cc:120] [aorta]subscriber connect to publisher success, topic /MotionControlService/MotionPlan/response, local d2379|python3.10|p1072647|n0|s13|c0, peer d2379|genie_motion_control|p11269|n0|..tionControlService/MotionPlan/response|p26
I0827 00:29:05.271008 1072647 aorta_publisher.cpp:119] [cosine_internal][AortaPublisher] publisher initialize. topic:/MotionControlService/MotionPlan/request, uri:
I0827 00:29:05.271014 1072647 publisher.cpp:27] [GDK]create publisher: /MotionControlService/MotionPlan/request type: genie_msgs.msg.pb.MotionPlanRequest qos: 1 1 5 2
I0827 00:29:05.271054 1072760 centralized_discovery.cc:681] [aorta]publisher uid:65d3f6ae-3878-4e9d-a9e9-dd24dc854f4e-13748557535015507650 topic:/wbc/motion_stop
I0827 00:29:05.271085 1072647 cosine_bus_manager.cpp:294] [cosine_internal][CosineBusManager] create publisher. topic name:/wbc/retarget , middleware:aorta
I0827 00:29:05.271528 1072647 tcp_publisher.cc:179] [aorta]topic /wbc/retarget, pub_queue_size_ 5, latch_queue_size_ 0
I0827 00:29:05.271576 1073831 tcp_socket_server.cc:200] [aorta]The ip info is0.0.0.0:45935
I0827 00:29:05.271627 1073831 shm_socket_server.cc:101] [aorta][/wbc/retarget] bind at pipe sock name d2379|python3.10|p1072647|n0|/wbc/retarget|p16
I0827 00:29:05.271912 1072647 node_impl.cc:198] [aorta]CreatePublisher, host:0.0.0.0, port:45935, sockname:d2379|python3.10|p1072647|n0|/wbc/retarget|p16, topic:/wbc/retarget, uid:bf13ef7c-1b69-4306-9eb5-fb95d3dce33a-10549331913175888813 topic_uid:-1
I0827 00:29:05.271936 1072647 aorta_component.cpp:394] [cosine_internal][AortaComponent] aorta node create publisher. node: python3.10_S1, topic:/wbc/retarget, type:genie_msgs.msg.pb.ReactiveControl, qos:(history:1, depth:5, reliability:1, durability:2), uri:http://10.42.0.101:2379
I0827 00:29:05.271972 1072647 aorta_publisher.cpp:119] [cosine_internal][AortaPublisher] publisher initialize. topic:/wbc/retarget, uri:
I0827 00:29:05.271979 1072647 publisher.cpp:27] [GDK]create publisher: /wbc/retarget type: genie_msgs.msg.pb.ReactiveControl qos: 1 1 5 2
I0827 00:29:05.271991 1072760 centralized_discovery.cc:681] [aorta]publisher uid:3939cea5-8fd8-48fd-93c4-e89f06d29dda-14916454457450496029 topic:/wbc/set_control_mode
I0827 00:29:05.271991 1072647 robot.cpp:28] [GDK]RobotBody constructor
I0827 00:29:05.272087 1072647 cosine_bus_manager.cpp:76] [cosine_internal][CosineBusManager] cosine bus already initialised
I0827 00:29:05.272112 1072647 cosine_bus_manager.cpp:351] [cosine_internal][CosineBusManager] create default subscriber. topic name:/camera/head_back_fisheye
I0827 00:29:05.272125 1072647 aorta_component.cpp:174] [cosine_internal][AortaComponent] callback_name:/camera/head_back_fisheyehttp://10.42.0.101:2379
I0827 00:29:05.272212 1072647 buffered_data_export.cpp:115] [cosine_internal]successfully create buffer [bus_buffer___camera__head_back_fisheye, type CosineDataPacket, block num 5, valid_time 0, transfer_type 0, data_size 0, mem_type 0, lib_name , ext_data_size 0, is_protobuf 0, enable_event_sync_subscriber 0], buffer id = 15
I0827 00:29:05.272233 1072647 cosine_bus_message_buffer.cpp:45] [cosine_internal][CosineBusMessageBuffer] create buffer success. name:bus_buffer___camera__head_back_fisheye, type:CosineDataPacket, size:5
I0827 00:29:05.272330 1072647 node_impl.cc:344] [aorta]CreateSubscriber topic:/camera/head_back_fisheye, uid:15472579-a58a-44fc-aaae-d87169c2273b-10407449922038425096 topic_uid:-1
I0827 00:29:05.272771 1072647 aorta_component.cpp:326] [cosine_internal][AortaComponent] aorta node create subscriber. node: python3.10_S1, topic:/camera/head_back_fisheye, type:CosineDataPacket, qos:(history:1, depth:5, reliability:1, durability:2), uri:http://10.42.0.101:2379
I0827 00:29:05.272783 1072647 aorta_subscriber.hpp:96] [cosine_internal][AortaSubscriber] initial. topic:/camera/head_back_fisheye, uri:
I0827 00:29:05.272806 1072647 cosine_bus_manager.cpp:76] [cosine_internal][CosineBusManager] cosine bus already initialised
I0827 00:29:05.272818 1072647 cosine_bus_manager.cpp:351] [cosine_internal][CosineBusManager] create default subscriber. topic name:/camera/head_left_fisheye
I0827 00:29:05.272825 1072647 aorta_component.cpp:174] [cosine_internal][AortaComponent] callback_name:/camera/head_left_fisheyehttp://10.42.0.101:2379
I0827 00:29:05.272902 1072647 buffered_data_export.cpp:115] [cosine_internal]successfully create buffer [bus_buffer___camera__head_left_fisheye, type CosineDataPacket, block num 5, valid_time 0, transfer_type 0, data_size 0, mem_type 0, lib_name , ext_data_size 0, is_protobuf 0, enable_event_sync_subscriber 0], buffer id = 16
I0827 00:29:05.272915 1072647 cosine_bus_message_buffer.cpp:45] [cosine_internal][CosineBusMessageBuffer] create buffer success. name:bus_buffer___camera__head_left_fisheye, type:CosineDataPacket, size:5
I0827 00:29:05.272993 1072647 node_impl.cc:344] [aorta]CreateSubscriber topic:/camera/head_left_fisheye, uid:901f5097-e839-4dd2-96bb-beed07c43ccf-14591831445956696588 topic_uid:-1
I0827 00:29:05.273380 1072760 centralized_discovery.cc:681] [aorta]publisher uid:c244705b-5cf7-42ad-a0ca-ccaf238e909d-8961509146944305143 topic:/wbc/end_effector_pose_control
I0827 00:29:05.273396 1072647 aorta_component.cpp:326] [cosine_internal][AortaComponent] aorta node create subscriber. node: python3.10_S1, topic:/camera/head_left_fisheye, type:CosineDataPacket, qos:(history:1, depth:5, reliability:1, durability:2), uri:http://10.42.0.101:2379
I0827 00:29:05.273406 1072647 aorta_subscriber.hpp:96] [cosine_internal][AortaSubscriber] initial. topic:/camera/head_left_fisheye, uri:
I0827 00:29:05.273422 1072647 cosine_bus_manager.cpp:76] [cosine_internal][CosineBusManager] cosine bus already initialised
I0827 00:29:05.273434 1072647 cosine_bus_manager.cpp:351] [cosine_internal][CosineBusManager] create default subscriber. topic name:/camera/head_right_fisheye
I0827 00:29:05.273440 1072647 aorta_component.cpp:174] [cosine_internal][AortaComponent] callback_name:/camera/head_right_fisheyehttp://10.42.0.101:2379
I0827 00:29:05.273468 1072647 buffered_data_export.cpp:115] [cosine_internal]successfully create buffer [bus_buffer___camera__head_right_fisheye, type CosineDataPacket, block num 5, valid_time 0, transfer_type 0, data_size 0, mem_type 0, lib_name , ext_data_size 0, is_protobuf 0, enable_event_sync_subscriber 0], buffer id = 17
I0827 00:29:05.273480 1072647 cosine_bus_message_buffer.cpp:45] [cosine_internal][CosineBusMessageBuffer] create buffer success. name:bus_buffer___camera__head_right_fisheye, type:CosineDataPacket, size:5
I0827 00:29:05.273540 1072647 node_impl.cc:344] [aorta]CreateSubscriber topic:/camera/head_right_fisheye, uid:c5a161f9-2734-4c9b-8c8a-784d5388dacb-11724137809755197201 topic_uid:-1
I0827 00:29:05.274168 1072647 aorta_component.cpp:326] [cosine_internal][AortaComponent] aorta node create subscriber. node: python3.10_S1, topic:/camera/head_right_fisheye, type:CosineDataPacket, qos:(history:1, depth:5, reliability:1, durability:2), uri:http://10.42.0.101:2379
I0827 00:29:05.274183 1072647 aorta_subscriber.hpp:96] [cosine_internal][AortaSubscriber] initial. topic:/camera/head_right_fisheye, uri:
I0827 00:29:05.274206 1072647 cosine_bus_manager.cpp:76] [cosine_internal][CosineBusManager] cosine bus already initialised
I0827 00:29:05.274219 1072647 cosine_bus_manager.cpp:351] [cosine_internal][CosineBusManager] create default subscriber. topic name:/camera/head_stereo_left
I0827 00:29:05.274226 1072647 aorta_component.cpp:174] [cosine_internal][AortaComponent] callback_name:/camera/head_stereo_lefthttp://10.42.0.101:2379
I0827 00:29:05.274262 1072647 buffered_data_export.cpp:115] [cosine_internal]successfully create buffer [bus_buffer___camera__head_stereo_left, type CosineDataPacket, block num 5, valid_time 0, transfer_type 0, data_size 0, mem_type 0, lib_name , ext_data_size 0, is_protobuf 0, enable_event_sync_subscriber 0], buffer id = 18
I0827 00:29:05.274277 1072647 cosine_bus_message_buffer.cpp:45] [cosine_internal][CosineBusMessageBuffer] create buffer success. name:bus_buffer___camera__head_stereo_left, type:CosineDataPacket, size:5
I0827 00:29:05.274350 1072647 node_impl.cc:344] [aorta]CreateSubscriber topic:/camera/head_stereo_left, uid:a2cd4a9f-f92e-42af-96fe-30f1369452ca-2772564262404746643 topic_uid:-1
I0827 00:29:05.274722 1072647 aorta_component.cpp:326] [cosine_internal][AortaComponent] aorta node create subscriber. node: python3.10_S1, topic:/camera/head_stereo_left, type:CosineDataPacket, qos:(history:1, depth:5, reliability:1, durability:2), uri:http://10.42.0.101:2379
I0827 00:29:05.274731 1072647 aorta_subscriber.hpp:96] [cosine_internal][AortaSubscriber] initial. topic:/camera/head_stereo_left, uri:
I0827 00:29:05.274746 1072647 cosine_bus_manager.cpp:76] [cosine_internal][CosineBusManager] cosine bus already initialised
I0827 00:29:05.274757 1072647 cosine_bus_manager.cpp:351] [cosine_internal][CosineBusManager] create default subscriber. topic name:/camera/head_stereo_right
I0827 00:29:05.274763 1072647 aorta_component.cpp:174] [cosine_internal][AortaComponent] callback_name:/camera/head_stereo_righthttp://10.42.0.101:2379
I0827 00:29:05.274788 1072647 buffered_data_export.cpp:115] [cosine_internal]successfully create buffer [bus_buffer___camera__head_stereo_right, type CosineDataPacket, block num 5, valid_time 0, transfer_type 0, data_size 0, mem_type 0, lib_name , ext_data_size 0, is_protobuf 0, enable_event_sync_subscriber 0], buffer id = 19
I0827 00:29:05.274799 1072647 cosine_bus_message_buffer.cpp:45] [cosine_internal][CosineBusMessageBuffer] create buffer success. name:bus_buffer___camera__head_stereo_right, type:CosineDataPacket, size:5
I0827 00:29:05.274859 1072647 node_impl.cc:344] [aorta]CreateSubscriber topic:/camera/head_stereo_right, uid:2a7f7210-961e-4f01-b91b-918135aed268-8400981831882539399 topic_uid:-1
I0827 00:29:05.275228 1072647 aorta_component.cpp:326] [cosine_internal][AortaComponent] aorta node create subscriber. node: python3.10_S1, topic:/camera/head_stereo_right, type:CosineDataPacket, qos:(history:1, depth:5, reliability:1, durability:2), uri:http://10.42.0.101:2379
I0827 00:29:05.275238 1072647 aorta_subscriber.hpp:96] [cosine_internal][AortaSubscriber] initial. topic:/camera/head_stereo_right, uri:
I0827 00:29:05.275252 1072647 cosine_bus_manager.cpp:76] [cosine_internal][CosineBusManager] cosine bus already initialised
I0827 00:29:05.275262 1072647 cosine_bus_manager.cpp:351] [cosine_internal][CosineBusManager] create default subscriber. topic name:/camera/hand_left_color
I0827 00:29:05.275267 1072647 aorta_component.cpp:174] [cosine_internal][AortaComponent] callback_name:/camera/hand_left_colorhttp://10.42.0.101:2379
I0827 00:29:05.275292 1072647 buffered_data_export.cpp:115] [cosine_internal]successfully create buffer [bus_buffer___camera__hand_left_color, type CosineDataPacket, block num 5, valid_time 0, transfer_type 0, data_size 0, mem_type 0, lib_name , ext_data_size 0, is_protobuf 0, enable_event_sync_subscriber 0], buffer id = 20
I0827 00:29:05.275303 1072647 cosine_bus_message_buffer.cpp:45] [cosine_internal][CosineBusMessageBuffer] create buffer success. name:bus_buffer___camera__hand_left_color, type:CosineDataPacket, size:5
I0827 00:29:05.275348 1072760 centralized_discovery.cc:681] [aorta]publisher uid:c04317da-2508-4b87-b2b1-11972e1756d6-17554954426434248758 topic:/wbc/joint_position_control
I0827 00:29:05.275362 1072647 node_impl.cc:344] [aorta]CreateSubscriber topic:/camera/hand_left_color, uid:6f742c1c-1304-4162-8e56-5eac2ba11c9f-16768487626907404343 topic_uid:-1
I0827 00:29:05.275776 1072647 aorta_component.cpp:326] [cosine_internal][AortaComponent] aorta node create subscriber. node: python3.10_S1, topic:/camera/hand_left_color, type:CosineDataPacket, qos:(history:1, depth:5, reliability:1, durability:2), uri:http://10.42.0.101:2379
I0827 00:29:05.275786 1072647 aorta_subscriber.hpp:96] [cosine_internal][AortaSubscriber] initial. topic:/camera/hand_left_color, uri:
I0827 00:29:05.275803 1072647 cosine_bus_manager.cpp:76] [cosine_internal][CosineBusManager] cosine bus already initialised
I0827 00:29:05.275840 1072647 cosine_bus_manager.cpp:351] [cosine_internal][CosineBusManager] create default subscriber. topic name:/camera/hand_right_color
I0827 00:29:05.275864 1072647 aorta_component.cpp:174] [cosine_internal][AortaComponent] callback_name:/camera/hand_right_colorhttp://10.42.0.101:2379
I0827 00:29:05.275893 1072647 buffered_data_export.cpp:115] [cosine_internal]successfully create buffer [bus_buffer___camera__hand_right_color, type CosineDataPacket, block num 5, valid_time 0, transfer_type 0, data_size 0, mem_type 0, lib_name , ext_data_size 0, is_protobuf 0, enable_event_sync_subscriber 0], buffer id = 21
I0827 00:29:05.275905 1072647 cosine_bus_message_buffer.cpp:45] [cosine_internal][CosineBusMessageBuffer] create buffer success. name:bus_buffer___camera__hand_right_color, type:CosineDataPacket, size:5
I0827 00:29:05.275976 1072647 node_impl.cc:344] [aorta]CreateSubscriber topic:/camera/hand_right_color, uid:f3d509df-3caa-4931-8619-9c2600e37d50-8629761233962563373 topic_uid:-1
I0827 00:29:05.276296 1072760 centralized_discovery.cc:681] [aorta]publisher uid:c3611d78-4f74-4446-b1b0-60a3826240cb-13247891859042633557 topic:/MotionControlService/JointPosition/request
I0827 00:29:05.276351 1072647 aorta_component.cpp:326] [cosine_internal][AortaComponent] aorta node create subscriber. node: python3.10_S1, topic:/camera/hand_right_color, type:CosineDataPacket, qos:(history:1, depth:5, reliability:1, durability:2), uri:http://10.42.0.101:2379
I0827 00:29:05.276361 1072647 aorta_subscriber.hpp:96] [cosine_internal][AortaSubscriber] initial. topic:/camera/hand_right_color, uri:
I0827 00:29:05.276422 1072647 cosine_bus_manager.cpp:76] [cosine_internal][CosineBusManager] cosine bus already initialised
I0827 00:29:05.276458 1072647 cosine_bus_manager.cpp:351] [cosine_internal][CosineBusManager] create default subscriber. topic name:/camera/head_color
I0827 00:29:05.276468 1072647 aorta_component.cpp:174] [cosine_internal][AortaComponent] callback_name:/camera/head_colorhttp://10.42.0.101:2379
I0827 00:29:05.276501 1072647 buffered_data_export.cpp:115] [cosine_internal]successfully create buffer [bus_buffer___camera__head_color, type CosineDataPacket, block num 5, valid_time 0, transfer_type 0, data_size 0, mem_type 0, lib_name , ext_data_size 0, is_protobuf 0, enable_event_sync_subscriber 0], buffer id = 22
I0827 00:29:05.276512 1072647 cosine_bus_message_buffer.cpp:45] [cosine_internal][CosineBusMessageBuffer] create buffer success. name:bus_buffer___camera__head_color, type:CosineDataPacket, size:5
I0827 00:29:05.276587 1072647 node_impl.cc:344] [aorta]CreateSubscriber topic:/camera/head_color, uid:5e694892-ff5b-44b6-a0e4-e19f11b59127-2515219504367417955 topic_uid:-1
I0827 00:29:05.277158 1072647 aorta_component.cpp:326] [cosine_internal][AortaComponent] aorta node create subscriber. node: python3.10_S1, topic:/camera/head_color, type:CosineDataPacket, qos:(history:1, depth:5, reliability:1, durability:2), uri:http://10.42.0.101:2379
I0827 00:29:05.277174 1072647 aorta_subscriber.hpp:96] [cosine_internal][AortaSubscriber] initial. topic:/camera/head_color, uri:
I0827 00:29:05.277200 1072647 cosine_bus_manager.cpp:76] [cosine_internal][CosineBusManager] cosine bus already initialised
I0827 00:29:05.277232 1072647 cosine_bus_manager.cpp:351] [cosine_internal][CosineBusManager] create default subscriber. topic name:/camera/head_depth
I0827 00:29:05.277240 1072647 aorta_component.cpp:174] [cosine_internal][AortaComponent] callback_name:/camera/head_depthhttp://10.42.0.101:2379
I0827 00:29:05.277279 1072647 buffered_data_export.cpp:115] [cosine_internal]successfully create buffer [bus_buffer___camera__head_depth, type CosineDataPacket, block num 5, valid_time 0, transfer_type 0, data_size 0, mem_type 0, lib_name , ext_data_size 0, is_protobuf 0, enable_event_sync_subscriber 0], buffer id = 23
I0827 00:29:05.277297 1072647 cosine_bus_message_buffer.cpp:45] [cosine_internal][CosineBusMessageBuffer] create buffer success. name:bus_buffer___camera__head_depth, type:CosineDataPacket, size:5
I0827 00:29:05.277380 1072647 node_impl.cc:344] [aorta]CreateSubscriber topic:/camera/head_depth, uid:9ace1ab0-683a-4f6a-a40a-c8f5c0283b1d-14849645885661810178 topic_uid:-1
I0827 00:29:05.277748 1072647 aorta_component.cpp:326] [cosine_internal][AortaComponent] aorta node create subscriber. node: python3.10_S1, topic:/camera/head_depth, type:CosineDataPacket, qos:(history:1, depth:5, reliability:1, durability:2), uri:http://10.42.0.101:2379
I0827 00:29:05.277757 1072647 aorta_subscriber.hpp:96] [cosine_internal][AortaSubscriber] initial. topic:/camera/head_depth, uri:
I0827 00:29:05.277773 1072647 cosine_bus_manager.cpp:76] [cosine_internal][CosineBusManager] cosine bus already initialised
I0827 00:29:05.277808 1072647 cosine_bus_manager.cpp:351] [cosine_internal][CosineBusManager] create default subscriber. topic name:/camera/hand_left_depth
I0827 00:29:05.277815 1072647 aorta_component.cpp:174] [cosine_internal][AortaComponent] callback_name:/camera/hand_left_depthhttp://10.42.0.101:2379
I0827 00:29:05.277843 1072647 buffered_data_export.cpp:115] [cosine_internal]successfully create buffer [bus_buffer___camera__hand_left_depth, type CosineDataPacket, block num 5, valid_time 0, transfer_type 0, data_size 0, mem_type 0, lib_name , ext_data_size 0, is_protobuf 0, enable_event_sync_subscriber 0], buffer id = 24
I0827 00:29:05.277856 1072647 cosine_bus_message_buffer.cpp:45] [cosine_internal][CosineBusMessageBuffer] create buffer success. name:bus_buffer___camera__hand_left_depth, type:CosineDataPacket, size:5
I0827 00:29:05.277937 1072647 node_impl.cc:344] [aorta]CreateSubscriber topic:/camera/hand_left_depth, uid:824b6fa5-0499-4804-9b95-023c8ab2c94c-13237741933269507762 topic_uid:-1
I0827 00:29:05.278308 1072647 aorta_component.cpp:326] [cosine_internal][AortaComponent] aorta node create subscriber. node: python3.10_S1, topic:/camera/hand_left_depth, type:CosineDataPacket, qos:(history:1, depth:5, reliability:1, durability:2), uri:http://10.42.0.101:2379
I0827 00:29:05.278318 1072647 aorta_subscriber.hpp:96] [cosine_internal][AortaSubscriber] initial. topic:/camera/hand_left_depth, uri:
I0827 00:29:05.278334 1072647 cosine_bus_manager.cpp:76] [cosine_internal][CosineBusManager] cosine bus already initialised
I0827 00:29:05.278328 1072760 centralized_discovery.cc:681] [aorta]publisher uid:12557a9e-be72-4fe2-8540-c01e6d831c1f-7079047142913889307 topic:/MotionControlService/ControlMode/request
I0827 00:29:05.278370 1072647 cosine_bus_manager.cpp:351] [cosine_internal][CosineBusManager] create default subscriber. topic name:/camera/hand_right_depth
I0827 00:29:05.278378 1072647 aorta_component.cpp:174] [cosine_internal][AortaComponent] callback_name:/camera/hand_right_depthhttp://10.42.0.101:2379
I0827 00:29:05.278406 1072647 buffered_data_export.cpp:115] [cosine_internal]successfully create buffer [bus_buffer___camera__hand_right_depth, type CosineDataPacket, block num 5, valid_time 0, transfer_type 0, data_size 0, mem_type 0, lib_name , ext_data_size 0, is_protobuf 0, enable_event_sync_subscriber 0], buffer id = 25
I0827 00:29:05.278419 1072647 cosine_bus_message_buffer.cpp:45] [cosine_internal][CosineBusMessageBuffer] create buffer success. name:bus_buffer___camera__hand_right_depth, type:CosineDataPacket, size:5
I0827 00:29:05.278481 1072647 node_impl.cc:344] [aorta]CreateSubscriber topic:/camera/hand_right_depth, uid:c56035b0-f48b-496b-a758-6dad0c9fe067-17867573658284279546 topic_uid:-1
I0827 00:29:05.278891 1072647 aorta_component.cpp:326] [cosine_internal][AortaComponent] aorta node create subscriber. node: python3.10_S1, topic:/camera/hand_right_depth, type:CosineDataPacket, qos:(history:1, depth:5, reliability:1, durability:2), uri:http://10.42.0.101:2379
I0827 00:29:05.278901 1072647 aorta_subscriber.hpp:96] [cosine_internal][AortaSubscriber] initial. topic:/camera/hand_right_depth, uri:
I0827 00:29:05.278918 1072647 cosine_bus_manager.cpp:76] [cosine_internal][CosineBusManager] cosine bus already initialised
I0827 00:29:05.278940 1072647 cosine_bus_manager.cpp:351] [cosine_internal][CosineBusManager] create default subscriber. topic name:/camera/hand_left_upper_color
I0827 00:29:05.278949 1072647 aorta_component.cpp:174] [cosine_internal][AortaComponent] callback_name:/camera/hand_left_upper_colorhttp://10.42.0.101:2379
I0827 00:29:05.278981 1072647 buffered_data_export.cpp:115] [cosine_internal]successfully create buffer [bus_buffer___camera__hand_left_upper_color, type CosineDataPacket, block num 5, valid_time 0, transfer_type 0, data_size 0, mem_type 0, lib_name , ext_data_size 0, is_protobuf 0, enable_event_sync_subscriber 0], buffer id = 26
I0827 00:29:05.278993 1072647 cosine_bus_message_buffer.cpp:45] [cosine_internal][CosineBusMessageBuffer] create buffer success. name:bus_buffer___camera__hand_left_upper_color, type:CosineDataPacket, size:5
I0827 00:29:05.279054 1072647 node_impl.cc:344] [aorta]CreateSubscriber topic:/camera/hand_left_upper_color, uid:f7fe1b10-7a96-4e96-bbb1-7a4b70fad532-10419009240684809358 topic_uid:-1
I0827 00:29:05.279529 1072647 aorta_component.cpp:326] [cosine_internal][AortaComponent] aorta node create subscriber. node: python3.10_S1, topic:/camera/hand_left_upper_color, type:CosineDataPacket, qos:(history:1, depth:5, reliability:1, durability:2), uri:http://10.42.0.101:2379
I0827 00:29:05.279541 1072647 aorta_subscriber.hpp:96] [cosine_internal][AortaSubscriber] initial. topic:/camera/hand_left_upper_color, uri:
I0827 00:29:05.279558 1072647 cosine_bus_manager.cpp:76] [cosine_internal][CosineBusManager] cosine bus already initialised
I0827 00:29:05.279582 1072647 cosine_bus_manager.cpp:351] [cosine_internal][CosineBusManager] create default subscriber. topic name:/camera/hand_right_upper_color
I0827 00:29:05.279588 1072647 aorta_component.cpp:174] [cosine_internal][AortaComponent] callback_name:/camera/hand_right_upper_colorhttp://10.42.0.101:2379
I0827 00:29:05.279618 1072647 buffered_data_export.cpp:115] [cosine_internal]successfully create buffer [bus_buffer___camera__hand_right_upper_color, type CosineDataPacket, block num 5, valid_time 0, transfer_type 0, data_size 0, mem_type 0, lib_name , ext_data_size 0, is_protobuf 0, enable_event_sync_subscriber 0], buffer id = 27
I0827 00:29:05.279630 1072647 cosine_bus_message_buffer.cpp:45] [cosine_internal][CosineBusMessageBuffer] create buffer success. name:bus_buffer___camera__hand_right_upper_color, type:CosineDataPacket, size:5
I0827 00:29:05.279691 1072760 centralized_discovery.cc:681] [aorta]publisher uid:d60c58af-d1e1-4f2c-af40-d5651533fd32-13250693701014519938 topic:/MotionControlService/SetLoad/request
I0827 00:29:05.279691 1072647 node_impl.cc:344] [aorta]CreateSubscriber topic:/camera/hand_right_upper_color, uid:c99a067a-4c94-4656-a7ec-542cb61d9a8b-14436869942545931775 topic_uid:-1
I0827 00:29:05.280088 1072647 aorta_component.cpp:326] [cosine_internal][AortaComponent] aorta node create subscriber. node: python3.10_S1, topic:/camera/hand_right_upper_color, type:CosineDataPacket, qos:(history:1, depth:5, reliability:1, durability:2), uri:http://10.42.0.101:2379
I0827 00:29:05.280098 1072647 aorta_subscriber.hpp:96] [cosine_internal][AortaSubscriber] initial. topic:/camera/hand_right_upper_color, uri:
I0827 00:29:05.280117 1072647 cosine_bus_manager.cpp:76] [cosine_internal][CosineBusManager] cosine bus already initialised
I0827 00:29:05.280144 1072647 cosine_bus_manager.cpp:351] [cosine_internal][CosineBusManager] create default subscriber. topic name:/camera/hand_left_lower_color
I0827 00:29:05.280151 1072647 aorta_component.cpp:174] [cosine_internal][AortaComponent] callback_name:/camera/hand_left_lower_colorhttp://10.42.0.101:2379
I0827 00:29:05.280181 1072647 buffered_data_export.cpp:115] [cosine_internal]successfully create buffer [bus_buffer___camera__hand_left_lower_color, type CosineDataPacket, block num 5, valid_time 0, transfer_type 0, data_size 0, mem_type 0, lib_name , ext_data_size 0, is_protobuf 0, enable_event_sync_subscriber 0], buffer id = 28
I0827 00:29:05.280194 1072647 cosine_bus_message_buffer.cpp:45] [cosine_internal][CosineBusMessageBuffer] create buffer success. name:bus_buffer___camera__hand_left_lower_color, type:CosineDataPacket, size:5
I0827 00:29:05.280258 1072647 node_impl.cc:344] [aorta]CreateSubscriber topic:/camera/hand_left_lower_color, uid:beb5e3bf-035e-4bbd-af6a-67b5645ac833-4503626684902531612 topic_uid:-1
I0827 00:29:05.280627 1072647 aorta_component.cpp:326] [cosine_internal][AortaComponent] aorta node create subscriber. node: python3.10_S1, topic:/camera/hand_left_lower_color, type:CosineDataPacket, qos:(history:1, depth:5, reliability:1, durability:2), uri:http://10.42.0.101:2379
I0827 00:29:05.280634 1072647 aorta_subscriber.hpp:96] [cosine_internal][AortaSubscriber] initial. topic:/camera/hand_left_lower_color, uri:
I0827 00:29:05.280650 1072647 cosine_bus_manager.cpp:76] [cosine_internal][CosineBusManager] cosine bus already initialised
I0827 00:29:05.280670 1072647 cosine_bus_manager.cpp:351] [cosine_internal][CosineBusManager] create default subscriber. topic name:/camera/hand_right_lower_color
I0827 00:29:05.280678 1072647 aorta_component.cpp:174] [cosine_internal][AortaComponent] callback_name:/camera/hand_right_lower_colorhttp://10.42.0.101:2379
I0827 00:29:05.280705 1072647 buffered_data_export.cpp:115] [cosine_internal]successfully create buffer [bus_buffer___camera__hand_right_lower_color, type CosineDataPacket, block num 5, valid_time 0, transfer_type 0, data_size 0, mem_type 0, lib_name , ext_data_size 0, is_protobuf 0, enable_event_sync_subscriber 0], buffer id = 29
I0827 00:29:05.280716 1072647 cosine_bus_message_buffer.cpp:45] [cosine_internal][CosineBusMessageBuffer] create buffer success. name:bus_buffer___camera__hand_right_lower_color, type:CosineDataPacket, size:5
I0827 00:29:05.280772 1072647 node_impl.cc:344] [aorta]CreateSubscriber topic:/camera/hand_right_lower_color, uid:c415db2d-651a-410f-bb3c-a23e789e0686-8186110446424813557 topic_uid:-1
I0827 00:29:05.281054 1072760 centralized_discovery.cc:681] [aorta]publisher uid:94fac4e9-2b9f-4750-898c-272fbf49cb3e-732077211275631522 topic:/gdk/model_predict
I0827 00:29:05.281143 1072647 aorta_component.cpp:326] [cosine_internal][AortaComponent] aorta node create subscriber. node: python3.10_S1, topic:/camera/hand_right_lower_color, type:CosineDataPacket, qos:(history:1, depth:5, reliability:1, durability:2), uri:http://10.42.0.101:2379
I0827 00:29:05.281152 1072647 aorta_subscriber.hpp:96] [cosine_internal][AortaSubscriber] initial. topic:/camera/hand_right_lower_color, uri:
I0827 00:29:05.281168 1072647 cosine_bus_manager.cpp:76] [cosine_internal][CosineBusManager] cosine bus already initialised
I0827 00:29:05.281188 1072647 cosine_bus_manager.cpp:351] [cosine_internal][CosineBusManager] create default subscriber. topic name:/camera/hand_left_upper_depth
I0827 00:29:05.281194 1072647 aorta_component.cpp:174] [cosine_internal][AortaComponent] callback_name:/camera/hand_left_upper_depthhttp://10.42.0.101:2379
I0827 00:29:05.281226 1072647 buffered_data_export.cpp:115] [cosine_internal]successfully create buffer [bus_buffer___camera__hand_left_upper_depth, type CosineDataPacket, block num 5, valid_time 0, transfer_type 0, data_size 0, mem_type 0, lib_name , ext_data_size 0, is_protobuf 0, enable_event_sync_subscriber 0], buffer id = 30
I0827 00:29:05.281248 1072647 cosine_bus_message_buffer.cpp:45] [cosine_internal][CosineBusMessageBuffer] create buffer success. name:bus_buffer___camera__hand_left_upper_depth, type:CosineDataPacket, size:5
I0827 00:29:05.281316 1072647 node_impl.cc:344] [aorta]CreateSubscriber topic:/camera/hand_left_upper_depth, uid:99183500-733f-445e-8e7b-fa656a075a30-12072037676595526463 topic_uid:-1
I0827 00:29:05.281687 1072647 aorta_component.cpp:326] [cosine_internal][AortaComponent] aorta node create subscriber. node: python3.10_S1, topic:/camera/hand_left_upper_depth, type:CosineDataPacket, qos:(history:1, depth:5, reliability:1, durability:2), uri:http://10.42.0.101:2379
I0827 00:29:05.281697 1072647 aorta_subscriber.hpp:96] [cosine_internal][AortaSubscriber] initial. topic:/camera/hand_left_upper_depth, uri:
I0827 00:29:05.281714 1072647 cosine_bus_manager.cpp:76] [cosine_internal][CosineBusManager] cosine bus already initialised
I0827 00:29:05.281735 1072647 cosine_bus_manager.cpp:351] [cosine_internal][CosineBusManager] create default subscriber. topic name:/camera/hand_right_upper_depth
I0827 00:29:05.281828 1072647 aorta_component.cpp:174] [cosine_internal][AortaComponent] callback_name:/camera/hand_right_upper_depthhttp://10.42.0.101:2379
I0827 00:29:05.281874 1072647 buffered_data_export.cpp:115] [cosine_internal]successfully create buffer [bus_buffer___camera__hand_right_upper_depth, type CosineDataPacket, block num 5, valid_time 0, transfer_type 0, data_size 0, mem_type 0, lib_name , ext_data_size 0, is_protobuf 0, enable_event_sync_subscriber 0], buffer id = 31
I0827 00:29:05.281888 1072647 cosine_bus_message_buffer.cpp:45] [cosine_internal][CosineBusMessageBuffer] create buffer success. name:bus_buffer___camera__hand_right_upper_depth, type:CosineDataPacket, size:5
I0827 00:29:05.281968 1072647 node_impl.cc:344] [aorta]CreateSubscriber topic:/camera/hand_right_upper_depth, uid:10f4754e-6566-445c-854c-c4fc54d7157e-15534589775061933553 topic_uid:-1
I0827 00:29:05.282349 1072647 aorta_component.cpp:326] [cosine_internal][AortaComponent] aorta node create subscriber. node: python3.10_S1, topic:/camera/hand_right_upper_depth, type:CosineDataPacket, qos:(history:1, depth:5, reliability:1, durability:2), uri:http://10.42.0.101:2379
I0827 00:29:05.282359 1072647 aorta_subscriber.hpp:96] [cosine_internal][AortaSubscriber] initial. topic:/camera/hand_right_upper_depth, uri:
I0827 00:29:05.282379 1072647 cosine_bus_manager.cpp:76] [cosine_internal][CosineBusManager] cosine bus already initialised
I0827 00:29:05.282403 1072647 cosine_bus_manager.cpp:351] [cosine_internal][CosineBusManager] create default subscriber. topic name:/camera/hand_left_lower_depth
I0827 00:29:05.282410 1072647 aorta_component.cpp:174] [cosine_internal][AortaComponent] callback_name:/camera/hand_left_lower_depthhttp://10.42.0.101:2379
I0827 00:29:05.282440 1072647 buffered_data_export.cpp:115] [cosine_internal]successfully create buffer [bus_buffer___camera__hand_left_lower_depth, type CosineDataPacket, block num 5, valid_time 0, transfer_type 0, data_size 0, mem_type 0, lib_name , ext_data_size 0, is_protobuf 0, enable_event_sync_subscriber 0], buffer id = 32
I0827 00:29:05.282452 1072647 cosine_bus_message_buffer.cpp:45] [cosine_internal][CosineBusMessageBuffer] create buffer success. name:bus_buffer___camera__hand_left_lower_depth, type:CosineDataPacket, size:5
I0827 00:29:05.282517 1072647 node_impl.cc:344] [aorta]CreateSubscriber topic:/camera/hand_left_lower_depth, uid:67469ee9-b473-4eab-8455-5d5c078a9467-14499789538593900557 topic_uid:-1
I0827 00:29:05.282888 1072647 aorta_component.cpp:326] [cosine_internal][AortaComponent] aorta node create subscriber. node: python3.10_S1, topic:/camera/hand_left_lower_depth, type:CosineDataPacket, qos:(history:1, depth:5, reliability:1, durability:2), uri:http://10.42.0.101:2379
I0827 00:29:05.282898 1072647 aorta_subscriber.hpp:96] [cosine_internal][AortaSubscriber] initial. topic:/camera/hand_left_lower_depth, uri:
I0827 00:29:05.282940 1072647 cosine_bus_manager.cpp:76] [cosine_internal][CosineBusManager] cosine bus already initialised
I0827 00:29:05.282965 1072647 cosine_bus_manager.cpp:351] [cosine_internal][CosineBusManager] create default subscriber. topic name:/camera/hand_right_lower_depth
I0827 00:29:05.282972 1072647 aorta_component.cpp:174] [cosine_internal][AortaComponent] callback_name:/camera/hand_right_lower_depthhttp://10.42.0.101:2379
I0827 00:29:05.283004 1072647 buffered_data_export.cpp:115] [cosine_internal]successfully create buffer [bus_buffer___camera__hand_right_lower_depth, type CosineDataPacket, block num 5, valid_time 0, transfer_type 0, data_size 0, mem_type 0, lib_name , ext_data_size 0, is_protobuf 0, enable_event_sync_subscriber 0], buffer id = 33
I0827 00:29:05.283017 1072647 cosine_bus_message_buffer.cpp:45] [cosine_internal][CosineBusMessageBuffer] create buffer success. name:bus_buffer___camera__hand_right_lower_depth, type:CosineDataPacket, size:5
I0827 00:29:05.283080 1072647 node_impl.cc:344] [aorta]CreateSubscriber topic:/camera/hand_right_lower_depth, uid:5a5dfc7f-a229-4cf5-980e-2ccfcd9a8daf-9839082178762803487 topic_uid:-1
I0827 00:29:05.283113 1072760 centralized_discovery.cc:681] [aorta]publisher uid:5db1f3e5-1f3f-4859-87f7-a45f7729c164-7688843706006148097 topic:/wbc/force_position_cmd
I0827 00:29:05.283488 1072647 aorta_component.cpp:326] [cosine_internal][AortaComponent] aorta node create subscriber. node: python3.10_S1, topic:/camera/hand_right_lower_depth, type:CosineDataPacket, qos:(history:1, depth:5, reliability:1, durability:2), uri:http://10.42.0.101:2379
I0827 00:29:05.283499 1072647 aorta_subscriber.hpp:96] [cosine_internal][AortaSubscriber] initial. topic:/camera/hand_right_lower_depth, uri:
I0827 00:29:05.283584 1072647 cosine_bus_manager.cpp:400] [cosine_internal][CosineBusManager] create subscriber. topic name:/pnc/task_state , middleware:aorta , need async callback:0, frame_skip_rate:1
I0827 00:29:05.283596 1072647 aorta_component.cpp:174] [cosine_internal][AortaComponent] callback_name:/pnc/task_statehttp://10.42.0.101:2379
I0827 00:29:05.284209 1072647 buffered_data_export.cpp:115] [cosine_internal]successfully create buffer [bus_buffer___pnc__task_state, type pnc_msgs.TaskState, block num 5, valid_time 0, transfer_type 0, data_size 0, mem_type 0, lib_name , ext_data_size 0, is_protobuf 1, enable_event_sync_subscriber 0], buffer id = 34
I0827 00:29:05.284231 1072647 cosine_bus_message_buffer.cpp:45] [cosine_internal][CosineBusMessageBuffer] create buffer success. name:bus_buffer___pnc__task_state, type:pnc_msgs.TaskState, size:5
I0827 00:29:05.284322 1072647 node_impl.cc:344] [aorta]CreateSubscriber topic:/pnc/task_state, uid:39fdad61-b4b1-409c-87de-a40decf41e2a-9096530589114119892 topic_uid:-1
I0827 00:29:05.284364 1072760 centralized_discovery.cc:681] [aorta]publisher uid:d598c0c4-cc0d-4873-99e3-7d2d637dbb9f-14162462508962048716 topic:/MotionControlService/SetComplianceParams/request
I0827 00:29:05.284782 1072647 aorta_component.cpp:326] [cosine_internal][AortaComponent] aorta node create subscriber. node: python3.10_S1, topic:/pnc/task_state, type:pnc_msgs.TaskState, qos:(history:1, depth:5, reliability:1, durability:2), uri:http://10.42.0.101:2379
I0827 00:29:05.284795 1072647 aorta_subscriber.hpp:96] [cosine_internal][AortaSubscriber] initial. topic:/pnc/task_state, uri:
I0827 00:29:05.284814 1072647 cosine_bus_manager.cpp:400] [cosine_internal][CosineBusManager] create subscriber. topic name:/pnc/task_service/normal_navigation/response , middleware:aorta , need async callback:0, frame_skip_rate:1
I0827 00:29:05.284823 1072647 aorta_component.cpp:174] [cosine_internal][AortaComponent] callback_name:/pnc/task_service/normal_navigation/responsehttp://10.42.0.101:2379
I0827 00:29:05.284871 1072647 buffered_data_export.cpp:115] [cosine_internal]successfully create buffer [bus_buffer___pnc__task_service__normal_navigation__response, type pnc_msgs.NormalNavigationResponse, block num 5, valid_time 0, transfer_type 0, data_size 0, mem_type 0, lib_name , ext_data_size 0, is_protobuf 1, enable_event_sync_subscriber 0], buffer id = 35
I0827 00:29:05.284884 1072647 cosine_bus_message_buffer.cpp:45] [cosine_internal][CosineBusMessageBuffer] create buffer success. name:bus_buffer___pnc__task_service__normal_navigation__response, type:pnc_msgs.NormalNavigationResponse, size:5
I0827 00:29:05.284956 1072647 node_impl.cc:344] [aorta]CreateSubscriber topic:/pnc/task_service/normal_navigation/response, uid:cd44baee-86c7-4205-8c5c-30a5777b8895-7227396448010854466 topic_uid:-1
I0827 00:29:05.285346 1072647 aorta_component.cpp:326] [cosine_internal][AortaComponent] aorta node create subscriber. node: python3.10_S1, topic:/pnc/task_service/normal_navigation/response, type:pnc_msgs.NormalNavigationResponse, qos:(history:1, depth:5, reliability:1, durability:2), uri:http://10.42.0.101:2379
I0827 00:29:05.285358 1072647 aorta_subscriber.hpp:96] [cosine_internal][AortaSubscriber] initial. topic:/pnc/task_service/normal_navigation/response, uri:
I0827 00:29:05.285369 1072647 cosine_bus_manager.cpp:400] [cosine_internal][CosineBusManager] create subscriber. topic name:/pnc/task_service/high_precision_navigation/response , middleware:aorta , need async callback:0, frame_skip_rate:1
I0827 00:29:05.285375 1072647 aorta_component.cpp:174] [cosine_internal][AortaComponent] callback_name:/pnc/task_service/high_precision_navigation/responsehttp://10.42.0.101:2379
I0827 00:29:05.285415 1072647 buffered_data_export.cpp:115] [cosine_internal]successfully create buffer [bus_buffer___pnc__task_service__high_precision_navigation__response, type pnc_msgs.HighPrecisionNavigationResponse, block num 5, valid_time 0, transfer_type 0, data_size 0, mem_type 0, lib_name , ext_data_size 0, is_protobuf 1, enable_event_sync_subscriber 0], buffer id = 36
I0827 00:29:05.285426 1072647 cosine_bus_message_buffer.cpp:45] [cosine_internal][CosineBusMessageBuffer] create buffer success. name:bus_buffer___pnc__task_service__high_precision_navigation__response, type:pnc_msgs.HighPrecisionNavigationResponse, size:5
I0827 00:29:05.285483 1072647 node_impl.cc:344] [aorta]CreateSubscriber topic:/pnc/task_service/high_precision_navigation/response, uid:25377d53-a976-43a7-948f-f4398a2bd883-4701876173029784314 topic_uid:-1
I0827 00:29:05.285856 1072647 aorta_component.cpp:326] [cosine_internal][AortaComponent] aorta node create subscriber. node: python3.10_S1, topic:/pnc/task_service/high_precision_navigation/response, type:pnc_msgs.HighPrecisionNavigationResponse, qos:(history:1, depth:5, reliability:1, durability:2), uri:http://10.42.0.101:2379
I0827 00:29:05.285866 1072647 aorta_subscriber.hpp:96] [cosine_internal][AortaSubscriber] initial. topic:/pnc/task_service/high_precision_navigation/response, uri:
I0827 00:29:05.285881 1072647 cosine_bus_manager.cpp:400] [cosine_internal][CosineBusManager] create subscriber. topic name:/pnc/task_service/relative_move/response , middleware:aorta , need async callback:0, frame_skip_rate:1
I0827 00:29:05.285887 1072647 aorta_component.cpp:174] [cosine_internal][AortaComponent] callback_name:/pnc/task_service/relative_move/responsehttp://10.42.0.101:2379
I0827 00:29:05.285923 1072647 buffered_data_export.cpp:115] [cosine_internal]successfully create buffer [bus_buffer___pnc__task_service__relative_move__response, type pnc_msgs.RelativeMoveResponse, block num 5, valid_time 0, transfer_type 0, data_size 0, mem_type 0, lib_name , ext_data_size 0, is_protobuf 1, enable_event_sync_subscriber 0], buffer id = 37
I0827 00:29:05.285934 1072647 cosine_bus_message_buffer.cpp:45] [cosine_internal][CosineBusMessageBuffer] create buffer success. name:bus_buffer___pnc__task_service__relative_move__response, type:pnc_msgs.RelativeMoveResponse, size:5
I0827 00:29:05.285997 1072647 node_impl.cc:344] [aorta]CreateSubscriber topic:/pnc/task_service/relative_move/response, uid:a67ed299-13c3-4322-a47e-b8969a13feaf-4077207897147431090 topic_uid:-1
I0827 00:29:05.286199 1072760 centralized_discovery.cc:681] [aorta]publisher uid:eb5680e7-d41b-4604-95bd-c25a775f64ce-8174779158326670585 topic:/MotionControlService/MotionPlan/request
I0827 00:29:05.286381 1072647 aorta_component.cpp:326] [cosine_internal][AortaComponent] aorta node create subscriber. node: python3.10_S1, topic:/pnc/task_service/relative_move/response, type:pnc_msgs.RelativeMoveResponse, qos:(history:1, depth:5, reliability:1, durability:2), uri:http://10.42.0.101:2379
I0827 00:29:05.286391 1072647 aorta_subscriber.hpp:96] [cosine_internal][AortaSubscriber] initial. topic:/pnc/task_service/relative_move/response, uri:
I0827 00:29:05.286410 1072647 cosine_bus_manager.cpp:400] [cosine_internal][CosineBusManager] create subscriber. topic name:/pnc/task_service/task_cancel/response , middleware:aorta , need async callback:0, frame_skip_rate:1
I0827 00:29:05.286418 1072647 aorta_component.cpp:174] [cosine_internal][AortaComponent] callback_name:/pnc/task_service/task_cancel/responsehttp://10.42.0.101:2379
I0827 00:29:05.286473 1072647 buffered_data_export.cpp:115] [cosine_internal]successfully create buffer [bus_buffer___pnc__task_service__task_cancel__response, type pnc_msgs.TaskCancelResponse, block num 5, valid_time 0, transfer_type 0, data_size 0, mem_type 0, lib_name , ext_data_size 0, is_protobuf 1, enable_event_sync_subscriber 0], buffer id = 38
