Log file created at: 2025/08/26 23:28:54
Running on machine: G2
Log line format: [IWEF]mmdd hh:mm:ss.uuuuuu threadid file:line] msg
I0826 23:28:54.913090 89037 dylog_impl.cpp:641] [DYLOG] set dylog default level to INFO
I0826 23:28:54.913172 89037 dylog_impl.cpp:690] [DYLOG] soc num : R2
I0826 23:28:54.913185 89037 dylog_impl.cpp:695] [DYLOG] can't read scene_mode, use sud
W0826 23:28:54.913210 89037 dylog_impl.cpp:757] [DYLOG] can't find available json config file with path : /home/agi/app/conf/scene_server/dylog_sud_default.json, use default.
I0826 23:28:54.913321 89037 dylog_impl.cpp:293] [DYLOG] register dsd_name : dylog/python3.10/cosine_internal
I0826 23:28:54.916527 89037 cosine_bus_manager.cpp:88] [cosine_internal][CosineBusManager] cosine bus config path not set, use default config.
I0826 23:28:54.916576 89037 cosine_bus_manager.cpp:118] [cosine_internal][CosineBusManager] initial cosine_bus_config:
I0826 23:28:54.918243 89037 cosine_bus_global_sync.cpp:30] [cosine_internal][BusGlobalSync] set default middleware name:aorta
I0826 23:28:54.918382 89037 scheduler_classic.cpp:28] [cosine_internal]Proc number set to be: 1
I0826 23:28:54.919286 89037 dynamic_object.cpp:521] [cosine_internal][DynamicObject] open libdynamic_aorta.so success.
I0826 23:28:54.919466 89037 dynamic_object.cpp:581] [cosine_internal][DynamicObject] Successfully enumerated 57 symbols in libdynamic_aorta.so
I0826 23:28:54.919476 89037 resource_loader.cpp:13] [cosine_internal][ResourceLoader] Attempting to load function: aorta_get_object
I0826 23:28:54.919481 89037 resource_loader.cpp:17] [cosine_internal][ResourceLoader] Trying address() method for C++ symbol: aorta_get_object
I0826 23:28:54.919486 89037 resource_loader.cpp:20] [cosine_internal][ResourceLoader] Successfully loaded C++ symbol: aorta_get_object
I0826 23:28:54.919489 89037 resource_loader.cpp:13] [cosine_internal][ResourceLoader] Attempting to load function: aorta_call_object_func
I0826 23:28:54.919493 89037 resource_loader.cpp:17] [cosine_internal][ResourceLoader] Trying address() method for C++ symbol: aorta_call_object_func
I0826 23:28:54.919497 89037 resource_loader.cpp:20] [cosine_internal][ResourceLoader] Successfully loaded C++ symbol: aorta_call_object_func
I0826 23:28:54.919502 89037 resource_loader.cpp:13] [cosine_internal][ResourceLoader] Attempting to load function: aorta_clean_up
I0826 23:28:54.919504 89037 resource_loader.cpp:17] [cosine_internal][ResourceLoader] Trying address() method for C++ symbol: aorta_clean_up
I0826 23:28:54.919518 89037 resource_loader.cpp:25] [cosine_internal][ResourceLoader] C++ symbol failed, trying c_address() method for C symbol: aorta_clean_up
I0826 23:28:54.919523 89037 resource_loader.cpp:28] [cosine_internal][ResourceLoader] Successfully loaded C symbol: aorta_clean_up
W0826 23:28:54.919530 89037 aorta_component.cpp:90] [cosine_internal]Environment variable [LOCATOR_IP/DDS_IP] not set, fallback to 10.42.0.101
I0826 23:28:54.919535 89037 aorta_component.cpp:496] [cosine_internal][AortaComponent] locator_ip: 10.42.0.101; Check network before domain init 
I0826 23:28:54.919570 89037 clock.cpp:22] [cosine_internal]load ptp time source from: libptp_clock_time.so
I0826 23:28:54.919736 89037 dynamic_object.cpp:521] [cosine_internal][DynamicObject] open libptp_clock_time.so success.
I0826 23:28:54.920208 89037 aorta_component.cpp:515] [cosine_internal][AortaComponent] Network check start. locator_ip: 10.42.0.101, timeout: 60 seconds , check_start_time: 1756222134
I0826 23:28:54.920235 89037 aorta_component.cpp:526] [cosine_internal][AortaComponent] locator_ip: 10.42.0.101; network is ready.
I0826 23:28:54.920297 89037 dylog_impl.cpp:293] [DYLOG] register dsd_name : dylog/python3.10/aorta
I0826 23:28:54.920476 89037 pcie_config.cc:52] [aorta]Get one valid pcie channel. producer: soc-s3 app-map_loc_app endpoint-nvscic2c_pcie_s3_c7_11 consumer: soc-s1 app-worldmodel endpoint-nvscic2c_pcie_s1_c7_11
I0826 23:28:54.920586 89037 os.cc:88] [aorta]Got host_id from system files: Huixi R1ROBOR2
I0826 23:28:54.920629 89037 pcie_manager.cc:71] [aorta]There is no pcie config in current process.
I0826 23:28:54.921012 89037 message_monitor_config.cc:398] [aorta]run in  mode
I0826 23:28:54.922242 89037 domain_impl.cc:58] [aorta]aorta version:7b1b7ddc
I0826 23:28:54.922284 89037 json_comm.cc:35] [aorta]file path: /home/agi/app/conf/topology/topology_rule.json not exist.
I0826 23:28:54.922302 89037 message_monitor_config.cc:398] [aorta]run in  mode
I0826 23:28:54.923851 89037 message_monitor_config.cc:731] [aorta]message monitor is updated from /home/agi/app/conf/aorta/function/aorta_monitor_conf.json
I0826 23:28:54.925068 89037 discovery_factory.cc:14] [aorta]type:1, host:10.42.0.101, port:2379, ttl:15, minor_cycle:100, major_cycle:3
I0826 23:28:54.925611 89037 config.cc:53] [aorta]AORTA_IP_MASK not set.
I0826 23:28:54.925618 89037 discovery.cc:245] [aorta]get ip masks empty.
I0826 23:28:54.925627 89037 config.cc:200] [aorta]AORTA_EXTRA_LOCAL_IPS not set.
I0826 23:28:54.925630 89037 discovery.cc:266] [aorta]local_publisher_ips_ empty.
I0826 23:28:54.925653 89037 config.cc:124] [aorta]ip match, ip:127.0.0.1
I0826 23:28:54.925661 89037 discovery.cc:275] [aorta]default emplace ip:10.42.0.101
I0826 23:28:54.925665 89037 discovery.cc:275] [aorta]default emplace ip:10.42.12.101
I0826 23:28:54.925668 89037 discovery.cc:275] [aorta]default emplace ip:10.42.1.101
I0826 23:28:54.925671 89037 discovery.cc:275] [aorta]default emplace ip:10.42.6.101
I0826 23:28:54.925673 89037 discovery.cc:275] [aorta]default emplace ip:192.168.1.101
I0826 23:28:54.925676 89037 discovery.cc:275] [aorta]default emplace ip:10.42.30.101
I0826 23:28:54.925679 89037 discovery.cc:275] [aorta]default emplace ip:10.42.40.101
I0826 23:28:54.925683 89037 discovery.cc:275] [aorta]default emplace ip:10.20.15.199
I0826 23:28:54.925684 89037 discovery.cc:275] [aorta]default emplace ip:10.42.6.101
I0826 23:28:54.925689 89037 centralized_discovery.cc:55] [aorta]lease_ttl_:15
I0826 23:28:54.926250 89037 aorta_component.cpp:561] [cosine_internal][AortaComponent] aorta create domain success. uri:http://10.42.0.101:2379
I0826 23:28:54.926405 89037 aorta_component.cpp:447] [cosine_internal][AortaComponent] aorta domain created node: python3.10_S1 , domain_uri:http://10.42.0.101:2379
I0826 23:28:54.926414 89037 aorta_component.cpp:126] [cosine_internal][AortaComponent] aorta component init success. node:python3.10_S1, uri:http://10.42.0.101:2379, locator_kind(1:shm,2:tcp,3:udp):2, locator_ip:10.42.0.101, locator_port:0, aorta_dispatcher_thread_num:1
I0826 23:28:54.926609 89081 executor_impl.cc:91] [aorta]aorta-dispatch0 start spinning
I0826 23:28:54.927819 89078 processor.cpp:40] [cosine_internal]processor_tid: 89078
I0826 23:28:54.950944 89080 centralized_discovery.cc:1110] [aorta]poll thread: revision:1021
I0826 23:28:54.951118 89080 centralized_discovery.cc:1123] [aorta]inotify_fd_:15 inotify_watch_:1 inotify_watch_path:/home/agi/app/conf/aorta/function
I0826 23:28:54.953775 89080 centralized_discovery.cc:615] [aorta]grant lease for node python3.10_S1 lease_id = 7587889064995180476
I0826 23:28:54.955160 89080 watch_state.cc:54] [aorta]watch connect success.
I0826 23:28:54.955961 89080 centralized_discovery.cc:1615] [aorta]recv watch response created.
I0826 23:28:54.986537 89037 cosine_bus_manager.cpp:294] [cosine_internal][CosineBusManager] create publisher. topic name:/gdk/config_request , middleware:aorta
I0826 23:28:54.987246 89037 tcp_publisher.cc:179] [aorta]topic /gdk/config_request, pub_queue_size_ 5, latch_queue_size_ 0
I0826 23:28:54.987462 89106 tcp_socket_server.cc:200] [aorta]The ip info is0.0.0.0:45709
I0826 23:28:54.987677 89106 shm_socket_server.cc:101] [aorta][/gdk/config_request] bind at pipe sock name d2379|python3.10|p89037|n0|/gdk/config_request|p0
I0826 23:28:54.987777 89037 node_impl.cc:198] [aorta]CreatePublisher, host:0.0.0.0, port:45709, sockname:d2379|python3.10|p89037|n0|/gdk/config_request|p0, topic:/gdk/config_request, uid:488cce61-33e6-42e8-928f-525f3b916fa6-4991715019463590898 topic_uid:-1
I0826 23:28:54.987816 89037 aorta_component.cpp:394] [cosine_internal][AortaComponent] aorta node create publisher. node: python3.10_S1, topic:/gdk/config_request, type:genie_msgs.msg.pb.CommonRequest, qos:(history:1, depth:5, reliability:1, durability:2), uri:http://10.42.0.101:2379
I0826 23:28:54.987861 89037 aorta_publisher.cpp:119] [cosine_internal][AortaPublisher] publisher initialize. topic:/gdk/config_request, uri:
I0826 23:28:54.987875 89037 dylog_impl.cpp:293] [DYLOG] register dsd_name : dylog/python3.10/GDK
I0826 23:28:54.987919 89037 publisher.cpp:27] [GDK]create publisher: /gdk/config_request type: genie_msgs.msg.pb.CommonRequest qos: 1 1 5 2
I0826 23:28:54.987939 89037 cosine_bus_manager.cpp:294] [cosine_internal][CosineBusManager] create publisher. topic name:/gdk/camera_conf_request , middleware:aorta
I0826 23:28:54.988345 89037 tcp_publisher.cc:179] [aorta]topic /gdk/camera_conf_request, pub_queue_size_ 5, latch_queue_size_ 0
I0826 23:28:54.988416 89080 centralized_discovery.cc:681] [aorta]publisher uid:488cce61-33e6-42e8-928f-525f3b916fa6-4991715019463590898 topic:/gdk/config_request
I0826 23:28:54.988572 89106 tcp_socket_server.cc:200] [aorta]The ip info is0.0.0.0:39641
I0826 23:28:54.988651 89106 shm_socket_server.cc:101] [aorta][/gdk/camera_conf_request] bind at pipe sock name d2379|python3.10|p89037|n0|/gdk/camera_conf_request|p1
I0826 23:28:54.988709 89037 node_impl.cc:198] [aorta]CreatePublisher, host:0.0.0.0, port:39641, sockname:d2379|python3.10|p89037|n0|/gdk/camera_conf_request|p1, topic:/gdk/camera_conf_request, uid:ce2b5164-c8d7-4f93-bd59-9e2134cfc439-9117180461459404870 topic_uid:-1
I0826 23:28:54.988727 89037 aorta_component.cpp:394] [cosine_internal][AortaComponent] aorta node create publisher. node: python3.10_S1, topic:/gdk/camera_conf_request, type:genie_msgs.msg.pb.CommonRequest, qos:(history:1, depth:5, reliability:1, durability:2), uri:http://10.42.0.101:2379
I0826 23:28:54.988759 89037 aorta_publisher.cpp:119] [cosine_internal][AortaPublisher] publisher initialize. topic:/gdk/camera_conf_request, uri:
I0826 23:28:54.988767 89037 publisher.cpp:27] [GDK]create publisher: /gdk/camera_conf_request type: genie_msgs.msg.pb.CommonRequest qos: 1 1 5 2
I0826 23:28:54.988788 89037 cosine_bus_manager.cpp:400] [cosine_internal][CosineBusManager] create subscriber. topic name:/gdk/config_response , middleware:aorta , need async callback:0, frame_skip_rate:1
I0826 23:28:54.988798 89037 aorta_component.cpp:174] [cosine_internal][AortaComponent] callback_name:/gdk/config_responsehttp://10.42.0.101:2379
I0826 23:28:54.988866 89037 dynamic_object.cpp:521] [cosine_internal][DynamicObject] open  success.
I0826 23:28:54.989012 89037 buffered_data_export.cpp:115] [cosine_internal]successfully create buffer [bus_buffer___gdk__config_response, type genie_msgs.msg.pb.CommonResponse, block num 5, valid_time 0, transfer_type 0, data_size 0, mem_type 0, lib_name , ext_data_size 0, is_protobuf 1, enable_event_sync_subscriber 0], buffer id = 1
I0826 23:28:54.989037 89037 cosine_bus_message_buffer.cpp:45] [cosine_internal][CosineBusMessageBuffer] create buffer success. name:bus_buffer___gdk__config_response, type:genie_msgs.msg.pb.CommonResponse, size:5
I0826 23:28:54.989123 89037 node_impl.cc:344] [aorta]CreateSubscriber topic:/gdk/config_response, uid:6a2698da-0ecf-4597-bb0e-f6012c87f09e-9533047780102618842 topic_uid:-1
I0826 23:28:54.989660 89037 aorta_component.cpp:326] [cosine_internal][AortaComponent] aorta node create subscriber. node: python3.10_S1, topic:/gdk/config_response, type:genie_msgs.msg.pb.CommonResponse, qos:(history:1, depth:5, reliability:1, durability:2), uri:http://10.42.0.101:2379
I0826 23:28:54.989674 89037 aorta_subscriber.hpp:96] [cosine_internal][AortaSubscriber] initial. topic:/gdk/config_response, uri:
I0826 23:28:54.989687 89037 cosine_bus_manager.cpp:400] [cosine_internal][CosineBusManager] create subscriber. topic name:/gdk/camera_conf_response , middleware:aorta , need async callback:0, frame_skip_rate:1
I0826 23:28:54.989696 89037 aorta_component.cpp:174] [cosine_internal][AortaComponent] callback_name:/gdk/camera_conf_responsehttp://10.42.0.101:2379
I0826 23:28:54.989737 89037 buffered_data_export.cpp:115] [cosine_internal]successfully create buffer [bus_buffer___gdk__camera_conf_response, type genie_msgs.msg.pb.CommonResponse, block num 5, valid_time 0, transfer_type 0, data_size 0, mem_type 0, lib_name , ext_data_size 0, is_protobuf 1, enable_event_sync_subscriber 0], buffer id = 2
I0826 23:28:54.989749 89037 cosine_bus_message_buffer.cpp:45] [cosine_internal][CosineBusMessageBuffer] create buffer success. name:bus_buffer___gdk__camera_conf_response, type:genie_msgs.msg.pb.CommonResponse, size:5
I0826 23:28:54.989830 89037 node_impl.cc:344] [aorta]CreateSubscriber topic:/gdk/camera_conf_response, uid:967c3c37-0ab1-456b-b3b6-6ddd44ed420f-3551884323222435368 topic_uid:-1
I0826 23:28:54.990221 89037 aorta_component.cpp:326] [cosine_internal][AortaComponent] aorta node create subscriber. node: python3.10_S1, topic:/gdk/camera_conf_response, type:genie_msgs.msg.pb.CommonResponse, qos:(history:1, depth:5, reliability:1, durability:2), uri:http://10.42.0.101:2379
I0826 23:28:54.990231 89037 aorta_subscriber.hpp:96] [cosine_internal][AortaSubscriber] initial. topic:/gdk/camera_conf_response, uri:
I0826 23:28:54.990299 89037 cosine_bus_manager.cpp:400] [cosine_internal][CosineBusManager] create subscriber. topic name:/pnc/task_state , middleware:aorta , need async callback:0, frame_skip_rate:1
I0826 23:28:54.990309 89037 aorta_component.cpp:174] [cosine_internal][AortaComponent] callback_name:/pnc/task_statehttp://10.42.0.101:2379
I0826 23:28:54.990742 89080 centralized_discovery.cc:681] [aorta]publisher uid:ce2b5164-c8d7-4f93-bd59-9e2134cfc439-9117180461459404870 topic:/gdk/camera_conf_request
I0826 23:28:54.991169 89037 buffered_data_export.cpp:115] [cosine_internal]successfully create buffer [bus_buffer___pnc__task_state, type pnc_msgs.TaskState, block num 5, valid_time 0, transfer_type 0, data_size 0, mem_type 0, lib_name , ext_data_size 0, is_protobuf 1, enable_event_sync_subscriber 0], buffer id = 3
I0826 23:28:54.991189 89037 cosine_bus_message_buffer.cpp:45] [cosine_internal][CosineBusMessageBuffer] create buffer success. name:bus_buffer___pnc__task_state, type:pnc_msgs.TaskState, size:5
I0826 23:28:54.991281 89037 node_impl.cc:344] [aorta]CreateSubscriber topic:/pnc/task_state, uid:7294f3ea-4416-4164-9f5a-5c6fdba02fa2-9096530589114119892 topic_uid:-1
I0826 23:28:54.991659 89037 aorta_component.cpp:326] [cosine_internal][AortaComponent] aorta node create subscriber. node: python3.10_S1, topic:/pnc/task_state, type:pnc_msgs.TaskState, qos:(history:1, depth:5, reliability:1, durability:2), uri:http://10.42.0.101:2379
I0826 23:28:54.991670 89037 aorta_subscriber.hpp:96] [cosine_internal][AortaSubscriber] initial. topic:/pnc/task_state, uri:
I0826 23:28:54.991695 89037 cosine_bus_manager.cpp:400] [cosine_internal][CosineBusManager] create subscriber. topic name:/pnc/task_service/normal_navigation/response , middleware:aorta , need async callback:0, frame_skip_rate:1
I0826 23:28:54.991703 89037 aorta_component.cpp:174] [cosine_internal][AortaComponent] callback_name:/pnc/task_service/normal_navigation/responsehttp://10.42.0.101:2379
I0826 23:28:54.991741 89037 buffered_data_export.cpp:115] [cosine_internal]successfully create buffer [bus_buffer___pnc__task_service__normal_navigation__response, type pnc_msgs.NormalNavigationResponse, block num 5, valid_time 0, transfer_type 0, data_size 0, mem_type 0, lib_name , ext_data_size 0, is_protobuf 1, enable_event_sync_subscriber 0], buffer id = 4
I0826 23:28:54.991752 89037 cosine_bus_message_buffer.cpp:45] [cosine_internal][CosineBusMessageBuffer] create buffer success. name:bus_buffer___pnc__task_service__normal_navigation__response, type:pnc_msgs.NormalNavigationResponse, size:5
I0826 23:28:54.991825 89037 node_impl.cc:344] [aorta]CreateSubscriber topic:/pnc/task_service/normal_navigation/response, uid:655df37b-e332-4ed7-989f-9a22ec9406e6-7227396448010854466 topic_uid:-1
I0826 23:28:54.992203 89037 aorta_component.cpp:326] [cosine_internal][AortaComponent] aorta node create subscriber. node: python3.10_S1, topic:/pnc/task_service/normal_navigation/response, type:pnc_msgs.NormalNavigationResponse, qos:(history:1, depth:5, reliability:1, durability:2), uri:http://10.42.0.101:2379
I0826 23:28:54.992213 89037 aorta_subscriber.hpp:96] [cosine_internal][AortaSubscriber] initial. topic:/pnc/task_service/normal_navigation/response, uri:
I0826 23:28:54.992226 89037 cosine_bus_manager.cpp:400] [cosine_internal][CosineBusManager] create subscriber. topic name:/pnc/task_service/high_precision_navigation/response , middleware:aorta , need async callback:0, frame_skip_rate:1
I0826 23:28:54.992233 89037 aorta_component.cpp:174] [cosine_internal][AortaComponent] callback_name:/pnc/task_service/high_precision_navigation/responsehttp://10.42.0.101:2379
I0826 23:28:54.992238 89080 centralized_discovery.cc:733] [aorta]subscriber uid:6a2698da-0ecf-4597-bb0e-f6012c87f09e-9533047780102618842 topic:/gdk/config_response
I0826 23:28:54.992267 89037 buffered_data_export.cpp:115] [cosine_internal]successfully create buffer [bus_buffer___pnc__task_service__high_precision_navigation__response, type pnc_msgs.HighPrecisionNavigationResponse, block num 5, valid_time 0, transfer_type 0, data_size 0, mem_type 0, lib_name , ext_data_size 0, is_protobuf 1, enable_event_sync_subscriber 0], buffer id = 5
I0826 23:28:54.992280 89037 cosine_bus_message_buffer.cpp:45] [cosine_internal][CosineBusMessageBuffer] create buffer success. name:bus_buffer___pnc__task_service__high_precision_navigation__response, type:pnc_msgs.HighPrecisionNavigationResponse, size:5
I0826 23:28:54.992355 89037 node_impl.cc:344] [aorta]CreateSubscriber topic:/pnc/task_service/high_precision_navigation/response, uid:ca2938b3-29e4-4714-bd98-bbceea9cb0c9-4701876173029784314 topic_uid:-1
I0826 23:28:54.992749 89037 aorta_component.cpp:326] [cosine_internal][AortaComponent] aorta node create subscriber. node: python3.10_S1, topic:/pnc/task_service/high_precision_navigation/response, type:pnc_msgs.HighPrecisionNavigationResponse, qos:(history:1, depth:5, reliability:1, durability:2), uri:http://10.42.0.101:2379
I0826 23:28:54.992760 89037 aorta_subscriber.hpp:96] [cosine_internal][AortaSubscriber] initial. topic:/pnc/task_service/high_precision_navigation/response, uri:
I0826 23:28:54.992779 89037 cosine_bus_manager.cpp:400] [cosine_internal][CosineBusManager] create subscriber. topic name:/pnc/task_service/relative_move/response , middleware:aorta , need async callback:0, frame_skip_rate:1
I0826 23:28:54.992786 89037 aorta_component.cpp:174] [cosine_internal][AortaComponent] callback_name:/pnc/task_service/relative_move/responsehttp://10.42.0.101:2379
I0826 23:28:54.992823 89037 buffered_data_export.cpp:115] [cosine_internal]successfully create buffer [bus_buffer___pnc__task_service__relative_move__response, type pnc_msgs.RelativeMoveResponse, block num 5, valid_time 0, transfer_type 0, data_size 0, mem_type 0, lib_name , ext_data_size 0, is_protobuf 1, enable_event_sync_subscriber 0], buffer id = 6
I0826 23:28:54.992836 89037 cosine_bus_message_buffer.cpp:45] [cosine_internal][CosineBusMessageBuffer] create buffer success. name:bus_buffer___pnc__task_service__relative_move__response, type:pnc_msgs.RelativeMoveResponse, size:5
I0826 23:28:54.992908 89037 node_impl.cc:344] [aorta]CreateSubscriber topic:/pnc/task_service/relative_move/response, uid:f5e1f420-3ef8-4203-81a4-2d6441a8ebc4-4077207897147431090 topic_uid:-1
I0826 23:28:54.993294 89037 aorta_component.cpp:326] [cosine_internal][AortaComponent] aorta node create subscriber. node: python3.10_S1, topic:/pnc/task_service/relative_move/response, type:pnc_msgs.RelativeMoveResponse, qos:(history:1, depth:5, reliability:1, durability:2), uri:http://10.42.0.101:2379
I0826 23:28:54.993306 89037 aorta_subscriber.hpp:96] [cosine_internal][AortaSubscriber] initial. topic:/pnc/task_service/relative_move/response, uri:
I0826 23:28:54.993319 89037 cosine_bus_manager.cpp:400] [cosine_internal][CosineBusManager] create subscriber. topic name:/pnc/task_service/task_cancel/response , middleware:aorta , need async callback:0, frame_skip_rate:1
I0826 23:28:54.993325 89037 aorta_component.cpp:174] [cosine_internal][AortaComponent] callback_name:/pnc/task_service/task_cancel/responsehttp://10.42.0.101:2379
I0826 23:28:54.993361 89037 buffered_data_export.cpp:115] [cosine_internal]successfully create buffer [bus_buffer___pnc__task_service__task_cancel__response, type pnc_msgs.TaskCancelResponse, block num 5, valid_time 0, transfer_type 0, data_size 0, mem_type 0, lib_name , ext_data_size 0, is_protobuf 1, enable_event_sync_subscriber 0], buffer id = 7
I0826 23:28:54.993373 89037 cosine_bus_message_buffer.cpp:45] [cosine_internal][CosineBusMessageBuffer] create buffer success. name:bus_buffer___pnc__task_service__task_cancel__response, type:pnc_msgs.TaskCancelResponse, size:5
I0826 23:28:54.993446 89037 node_impl.cc:344] [aorta]CreateSubscriber topic:/pnc/task_service/task_cancel/response, uid:081298ad-2ea0-43c9-8eea-c2a5a46f605c-3654631836754090917 topic_uid:-1
I0826 23:28:54.993836 89037 aorta_component.cpp:326] [cosine_internal][AortaComponent] aorta node create subscriber. node: python3.10_S1, topic:/pnc/task_service/task_cancel/response, type:pnc_msgs.TaskCancelResponse, qos:(history:1, depth:5, reliability:1, durability:2), uri:http://10.42.0.101:2379
I0826 23:28:54.993846 89037 aorta_subscriber.hpp:96] [cosine_internal][AortaSubscriber] initial. topic:/pnc/task_service/task_cancel/response, uri:
I0826 23:28:54.993857 89037 cosine_bus_manager.cpp:400] [cosine_internal][CosineBusManager] create subscriber. topic name:/pnc/task_service/task_pause/response , middleware:aorta , need async callback:0, frame_skip_rate:1
I0826 23:28:54.993863 89037 aorta_component.cpp:174] [cosine_internal][AortaComponent] callback_name:/pnc/task_service/task_pause/responsehttp://10.42.0.101:2379
I0826 23:28:54.993896 89037 buffered_data_export.cpp:115] [cosine_internal]successfully create buffer [bus_buffer___pnc__task_service__task_pause__response, type pnc_msgs.TaskPauseResponse, block num 5, valid_time 0, transfer_type 0, data_size 0, mem_type 0, lib_name , ext_data_size 0, is_protobuf 1, enable_event_sync_subscriber 0], buffer id = 8
I0826 23:28:54.993908 89037 cosine_bus_message_buffer.cpp:45] [cosine_internal][CosineBusMessageBuffer] create buffer success. name:bus_buffer___pnc__task_service__task_pause__response, type:pnc_msgs.TaskPauseResponse, size:5
I0826 23:28:54.993979 89037 node_impl.cc:344] [aorta]CreateSubscriber topic:/pnc/task_service/task_pause/response, uid:896bab47-d959-4797-a819-0e7942db8fdc-4995236092065324733 topic_uid:-1
I0826 23:28:54.994369 89037 aorta_component.cpp:326] [cosine_internal][AortaComponent] aorta node create subscriber. node: python3.10_S1, topic:/pnc/task_service/task_pause/response, type:pnc_msgs.TaskPauseResponse, qos:(history:1, depth:5, reliability:1, durability:2), uri:http://10.42.0.101:2379
I0826 23:28:54.994378 89037 aorta_subscriber.hpp:96] [cosine_internal][AortaSubscriber] initial. topic:/pnc/task_service/task_pause/response, uri:
I0826 23:28:54.994392 89037 cosine_bus_manager.cpp:400] [cosine_internal][CosineBusManager] create subscriber. topic name:/pnc/task_service/task_resume/response , middleware:aorta , need async callback:0, frame_skip_rate:1
I0826 23:28:54.994398 89037 aorta_component.cpp:174] [cosine_internal][AortaComponent] callback_name:/pnc/task_service/task_resume/responsehttp://10.42.0.101:2379
I0826 23:28:54.994433 89037 buffered_data_export.cpp:115] [cosine_internal]successfully create buffer [bus_buffer___pnc__task_service__task_resume__response, type pnc_msgs.TaskResumeResponse, block num 5, valid_time 0, transfer_type 0, data_size 0, mem_type 0, lib_name , ext_data_size 0, is_protobuf 1, enable_event_sync_subscriber 0], buffer id = 9
I0826 23:28:54.994453 89037 cosine_bus_message_buffer.cpp:45] [cosine_internal][CosineBusMessageBuffer] create buffer success. name:bus_buffer___pnc__task_service__task_resume__response, type:pnc_msgs.TaskResumeResponse, size:5
I0826 23:28:54.994521 89037 node_impl.cc:344] [aorta]CreateSubscriber topic:/pnc/task_service/task_resume/response, uid:683a3991-d749-4b47-bdf7-d87b7f0a8466-16859347558940246081 topic_uid:-1
I0826 23:28:54.995078 89037 aorta_component.cpp:326] [cosine_internal][AortaComponent] aorta node create subscriber. node: python3.10_S1, topic:/pnc/task_service/task_resume/response, type:pnc_msgs.TaskResumeResponse, qos:(history:1, depth:5, reliability:1, durability:2), uri:http://10.42.0.101:2379
I0826 23:28:54.995096 89037 aorta_subscriber.hpp:96] [cosine_internal][AortaSubscriber] initial. topic:/pnc/task_service/task_resume/response, uri:
I0826 23:28:54.995112 89037 cosine_bus_manager.cpp:400] [cosine_internal][CosineBusManager] create subscriber. topic name:/pnc/task_service/remote_control/response , middleware:aorta , need async callback:0, frame_skip_rate:1
I0826 23:28:54.995119 89037 aorta_component.cpp:174] [cosine_internal][AortaComponent] callback_name:/pnc/task_service/remote_control/responsehttp://10.42.0.101:2379
I0826 23:28:54.995174 89037 buffered_data_export.cpp:115] [cosine_internal]successfully create buffer [bus_buffer___pnc__task_service__remote_control__response, type pnc_msgs.RemoteControlResponse, block num 5, valid_time 0, transfer_type 0, data_size 0, mem_type 0, lib_name , ext_data_size 0, is_protobuf 1, enable_event_sync_subscriber 0], buffer id = 10
I0826 23:28:54.995191 89037 cosine_bus_message_buffer.cpp:45] [cosine_internal][CosineBusMessageBuffer] create buffer success. name:bus_buffer___pnc__task_service__remote_control__response, type:pnc_msgs.RemoteControlResponse, size:5
I0826 23:28:54.995271 89037 node_impl.cc:344] [aorta]CreateSubscriber topic:/pnc/task_service/remote_control/response, uid:3627f87c-9608-41c3-a879-1a8ea5c9945e-11583863028842959166 topic_uid:-1
I0826 23:28:54.995316 89108 shm_subscriber.cc:120] [aorta]subscriber connect to publisher success, topic /gdk/config_response, local d2379|python3.10|p89037|n0|s0|c0, peer d2379|gdk_service|p9011|n0|/gdk/config_response|p0
I0826 23:28:54.995434 89080 centralized_discovery.cc:733] [aorta]subscriber uid:967c3c37-0ab1-456b-b3b6-6ddd44ed420f-3551884323222435368 topic:/gdk/camera_conf_response
I0826 23:28:54.995658 89037 aorta_component.cpp:326] [cosine_internal][AortaComponent] aorta node create subscriber. node: python3.10_S1, topic:/pnc/task_service/remote_control/response, type:pnc_msgs.RemoteControlResponse, qos:(history:1, depth:5, reliability:1, durability:2), uri:http://10.42.0.101:2379
I0826 23:28:54.995667 89037 aorta_subscriber.hpp:96] [cosine_internal][AortaSubscriber] initial. topic:/pnc/task_service/remote_control/response, uri:
I0826 23:28:54.995688 89037 cosine_bus_manager.cpp:294] [cosine_internal][CosineBusManager] create publisher. topic name:/pnc/task_service/normal_navigation/request , middleware:aorta
I0826 23:28:54.996084 89037 tcp_publisher.cc:179] [aorta]topic /pnc/task_service/normal_navigation/request, pub_queue_size_ 5, latch_queue_size_ 0
I0826 23:28:54.996186 89106 tcp_socket_server.cc:200] [aorta]The ip info is0.0.0.0:44969
I0826 23:28:54.996287 89106 shm_socket_server.cc:101] [aorta][/pnc/task_service/normal_navigation/request] bind at pipe sock name d2379|python3.10|p89037|n0|..task_service/normal_navigation/request|p2
I0826 23:28:54.996353 89037 node_impl.cc:198] [aorta]CreatePublisher, host:0.0.0.0, port:44969, sockname:d2379|python3.10|p89037|n0|..task_service/normal_navigation/request|p2, topic:/pnc/task_service/normal_navigation/request, uid:eaa499bb-6d67-4b8e-8212-087e4140674f-11863888217293896894 topic_uid:-1
I0826 23:28:54.996376 89037 aorta_component.cpp:394] [cosine_internal][AortaComponent] aorta node create publisher. node: python3.10_S1, topic:/pnc/task_service/normal_navigation/request, type:pnc_msgs.NormalNavigationRequest, qos:(history:1, depth:5, reliability:1, durability:2), uri:http://10.42.0.101:2379
I0826 23:28:54.996412 89037 aorta_publisher.cpp:119] [cosine_internal][AortaPublisher] publisher initialize. topic:/pnc/task_service/normal_navigation/request, uri:
I0826 23:28:54.996426 89037 publisher.cpp:27] [GDK]create publisher: /pnc/task_service/normal_navigation/request type: pnc_msgs.NormalNavigationRequest qos: 1 1 5 2
I0826 23:28:54.996446 89037 cosine_bus_manager.cpp:294] [cosine_internal][CosineBusManager] create publisher. topic name:/pnc/task_service/high_precision_navigation/request , middleware:aorta
I0826 23:28:54.996680 89108 shm_subscriber.cc:120] [aorta]subscriber connect to publisher success, topic /gdk/camera_conf_response, local d2379|python3.10|p89037|n0|s1|c0, peer d2379|gdk_service|p9011|n0|/gdk/camera_conf_response|p1
I0826 23:28:54.996757 89080 centralized_discovery.cc:733] [aorta]subscriber uid:7294f3ea-4416-4164-9f5a-5c6fdba02fa2-9096530589114119892 topic:/pnc/task_state
I0826 23:28:54.996857 89037 tcp_publisher.cc:179] [aorta]topic /pnc/task_service/high_precision_navigation/request, pub_queue_size_ 5, latch_queue_size_ 0
I0826 23:28:54.996934 89106 tcp_socket_server.cc:200] [aorta]The ip info is0.0.0.0:43249
I0826 23:28:54.997005 89106 shm_socket_server.cc:101] [aorta][/pnc/task_service/high_precision_navigation/request] bind at pipe sock name d2379|python3.10|p89037|n0|..vice/high_precision_navigation/request|p3
I0826 23:28:54.997077 89037 node_impl.cc:198] [aorta]CreatePublisher, host:0.0.0.0, port:43249, sockname:d2379|python3.10|p89037|n0|..vice/high_precision_navigation/request|p3, topic:/pnc/task_service/high_precision_navigation/request, uid:a8e7caad-16f0-4e24-ab24-bd7c8df5f631-13581583299462652003 topic_uid:-1
I0826 23:28:54.997097 89037 aorta_component.cpp:394] [cosine_internal][AortaComponent] aorta node create publisher. node: python3.10_S1, topic:/pnc/task_service/high_precision_navigation/request, type:pnc_msgs.HighPrecisionNavigationRequest, qos:(history:1, depth:5, reliability:1, durability:2), uri:http://10.42.0.101:2379
I0826 23:28:54.997135 89037 aorta_publisher.cpp:119] [cosine_internal][AortaPublisher] publisher initialize. topic:/pnc/task_service/high_precision_navigation/request, uri:
I0826 23:28:54.997143 89037 publisher.cpp:27] [GDK]create publisher: /pnc/task_service/high_precision_navigation/request type: pnc_msgs.HighPrecisionNavigationRequest qos: 1 1 5 2
I0826 23:28:54.997159 89037 cosine_bus_manager.cpp:294] [cosine_internal][CosineBusManager] create publisher. topic name:/pnc/task_service/relative_move/request , middleware:aorta
I0826 23:28:54.997591 89037 tcp_publisher.cc:179] [aorta]topic /pnc/task_service/relative_move/request, pub_queue_size_ 5, latch_queue_size_ 0
I0826 23:28:54.997671 89106 tcp_socket_server.cc:200] [aorta]The ip info is0.0.0.0:44939
I0826 23:28:54.997751 89106 shm_socket_server.cc:101] [aorta][/pnc/task_service/relative_move/request] bind at pipe sock name d2379|python3.10|p89037|n0|/pnc/task_service/relative_move/request|p4
I0826 23:28:54.997848 89037 node_impl.cc:198] [aorta]CreatePublisher, host:0.0.0.0, port:44939, sockname:d2379|python3.10|p89037|n0|/pnc/task_service/relative_move/request|p4, topic:/pnc/task_service/relative_move/request, uid:4187ba8a-6299-48c6-9bb8-eaab65c10b6e-1499998713038698463 topic_uid:-1
I0826 23:28:54.997874 89108 shm_subscriber.cc:120] [aorta]subscriber connect to publisher success, topic /pnc/task_state, local d2379|python3.10|p89037|n0|s2|c0, peer d2379|quark_navigation|p44209|n0|/pnc/task_state|p24
I0826 23:28:54.997889 89037 aorta_component.cpp:394] [cosine_internal][AortaComponent] aorta node create publisher. node: python3.10_S1, topic:/pnc/task_service/relative_move/request, type:pnc_msgs.RelativeMoveRequest, qos:(history:1, depth:5, reliability:1, durability:2), uri:http://10.42.0.101:2379
I0826 23:28:54.997925 89037 aorta_publisher.cpp:119] [cosine_internal][AortaPublisher] publisher initialize. topic:/pnc/task_service/relative_move/request, uri:
I0826 23:28:54.997932 89080 centralized_discovery.cc:733] [aorta]subscriber uid:655df37b-e332-4ed7-989f-9a22ec9406e6-7227396448010854466 topic:/pnc/task_service/normal_navigation/response
I0826 23:28:54.997934 89037 publisher.cpp:27] [GDK]create publisher: /pnc/task_service/relative_move/request type: pnc_msgs.RelativeMoveRequest qos: 1 1 5 2
I0826 23:28:54.997956 89037 cosine_bus_manager.cpp:294] [cosine_internal][CosineBusManager] create publisher. topic name:/pnc/task_service/task_cancel/request , middleware:aorta
I0826 23:28:54.998375 89037 tcp_publisher.cc:179] [aorta]topic /pnc/task_service/task_cancel/request, pub_queue_size_ 5, latch_queue_size_ 0
I0826 23:28:54.998463 89106 tcp_socket_server.cc:200] [aorta]The ip info is0.0.0.0:39969
I0826 23:28:54.998579 89106 shm_socket_server.cc:101] [aorta][/pnc/task_service/task_cancel/request] bind at pipe sock name d2379|python3.10|p89037|n0|/pnc/task_service/task_cancel/request|p5
I0826 23:28:54.998674 89037 node_impl.cc:198] [aorta]CreatePublisher, host:0.0.0.0, port:39969, sockname:d2379|python3.10|p89037|n0|/pnc/task_service/task_cancel/request|p5, topic:/pnc/task_service/task_cancel/request, uid:91b46cd7-c9fb-4cb1-9f70-0ac05d94b97b-10250913672907467700 topic_uid:-1
I0826 23:28:54.998703 89037 aorta_component.cpp:394] [cosine_internal][AortaComponent] aorta node create publisher. node: python3.10_S1, topic:/pnc/task_service/task_cancel/request, type:pnc_msgs.TaskCancelRequest, qos:(history:1, depth:5, reliability:1, durability:2), uri:http://10.42.0.101:2379
I0826 23:28:54.998737 89037 aorta_publisher.cpp:119] [cosine_internal][AortaPublisher] publisher initialize. topic:/pnc/task_service/task_cancel/request, uri:
I0826 23:28:54.998745 89037 publisher.cpp:27] [GDK]create publisher: /pnc/task_service/task_cancel/request type: pnc_msgs.TaskCancelRequest qos: 1 1 5 2
I0826 23:28:54.998762 89037 cosine_bus_manager.cpp:294] [cosine_internal][CosineBusManager] create publisher. topic name:/pnc/task_service/task_pause/request , middleware:aorta
I0826 23:28:54.998843 89108 shm_subscriber.cc:120] [aorta]subscriber connect to publisher success, topic /pnc/task_service/normal_navigation/response, local d2379|python3.10|p89037|n0|s3|c0, peer d2379|quark_navigation|p44209|n0|..ask_service/normal_navigation/response|p11
I0826 23:28:54.998911 89080 centralized_discovery.cc:733] [aorta]subscriber uid:ca2938b3-29e4-4714-bd98-bbceea9cb0c9-4701876173029784314 topic:/pnc/task_service/high_precision_navigation/response
I0826 23:28:54.999210 89037 tcp_publisher.cc:179] [aorta]topic /pnc/task_service/task_pause/request, pub_queue_size_ 5, latch_queue_size_ 0
I0826 23:28:54.999292 89106 tcp_socket_server.cc:200] [aorta]The ip info is0.0.0.0:46627
I0826 23:28:54.999411 89106 shm_socket_server.cc:101] [aorta][/pnc/task_service/task_pause/request] bind at pipe sock name d2379|python3.10|p89037|n0|/pnc/task_service/task_pause/request|p6
I0826 23:28:54.999476 89037 node_impl.cc:198] [aorta]CreatePublisher, host:0.0.0.0, port:46627, sockname:d2379|python3.10|p89037|n0|/pnc/task_service/task_pause/request|p6, topic:/pnc/task_service/task_pause/request, uid:0cd9380e-c975-4449-b55b-fb4bfa395431-2366368184012060648 topic_uid:-1
I0826 23:28:54.999506 89037 aorta_component.cpp:394] [cosine_internal][AortaComponent] aorta node create publisher. node: python3.10_S1, topic:/pnc/task_service/task_pause/request, type:pnc_msgs.TaskPauseRequest, qos:(history:1, depth:5, reliability:1, durability:2), uri:http://10.42.0.101:2379
I0826 23:28:54.999539 89037 aorta_publisher.cpp:119] [cosine_internal][AortaPublisher] publisher initialize. topic:/pnc/task_service/task_pause/request, uri:
I0826 23:28:54.999548 89037 publisher.cpp:27] [GDK]create publisher: /pnc/task_service/task_pause/request type: pnc_msgs.TaskPauseRequest qos: 1 1 5 2
I0826 23:28:54.999567 89037 cosine_bus_manager.cpp:294] [cosine_internal][CosineBusManager] create publisher. topic name:/pnc/task_service/task_resume/request , middleware:aorta
I0826 23:28:54.999994 89037 tcp_publisher.cc:179] [aorta]topic /pnc/task_service/task_resume/request, pub_queue_size_ 5, latch_queue_size_ 0
I0826 23:28:55.000072 89106 tcp_socket_server.cc:200] [aorta]The ip info is0.0.0.0:43489
I0826 23:28:55.000146 89106 shm_socket_server.cc:101] [aorta][/pnc/task_service/task_resume/request] bind at pipe sock name d2379|python3.10|p89037|n0|/pnc/task_service/task_resume/request|p7
I0826 23:28:55.000171 89108 shm_subscriber.cc:120] [aorta]subscriber connect to publisher success, topic /pnc/task_service/high_precision_navigation/response, local d2379|python3.10|p89037|n0|s4|c0, peer d2379|quark_navigation|p44209|n0|..ice/high_precision_navigation/response|p12
I0826 23:28:55.000226 89080 centralized_discovery.cc:733] [aorta]subscriber uid:f5e1f420-3ef8-4203-81a4-2d6441a8ebc4-4077207897147431090 topic:/pnc/task_service/relative_move/response
I0826 23:28:55.000358 89037 node_impl.cc:198] [aorta]CreatePublisher, host:0.0.0.0, port:43489, sockname:d2379|python3.10|p89037|n0|/pnc/task_service/task_resume/request|p7, topic:/pnc/task_service/task_resume/request, uid:3f5c0fd5-fe54-42b2-8392-712f80474b11-18204958959141007063 topic_uid:-1
I0826 23:28:55.000385 89037 aorta_component.cpp:394] [cosine_internal][AortaComponent] aorta node create publisher. node: python3.10_S1, topic:/pnc/task_service/task_resume/request, type:pnc_msgs.TaskResumeRequest, qos:(history:1, depth:5, reliability:1, durability:2), uri:http://10.42.0.101:2379
I0826 23:28:55.000422 89037 aorta_publisher.cpp:119] [cosine_internal][AortaPublisher] publisher initialize. topic:/pnc/task_service/task_resume/request, uri:
I0826 23:28:55.000430 89037 publisher.cpp:27] [GDK]create publisher: /pnc/task_service/task_resume/request type: pnc_msgs.TaskResumeRequest qos: 1 1 5 2
I0826 23:28:55.000576 89037 cosine_bus_manager.cpp:294] [cosine_internal][CosineBusManager] create publisher. topic name:/pnc/remote_control_cmd , middleware:aorta
I0826 23:28:55.001012 89037 tcp_publisher.cc:179] [aorta]topic /pnc/remote_control_cmd, pub_queue_size_ 5, latch_queue_size_ 0
I0826 23:28:55.001101 89106 tcp_socket_server.cc:200] [aorta]The ip info is0.0.0.0:33803
I0826 23:28:55.001215 89106 shm_socket_server.cc:101] [aorta][/pnc/remote_control_cmd] bind at pipe sock name d2379|python3.10|p89037|n0|/pnc/remote_control_cmd|p8
I0826 23:28:55.001279 89108 shm_subscriber.cc:120] [aorta]subscriber connect to publisher success, topic /pnc/task_service/relative_move/response, local d2379|python3.10|p89037|n0|s5|c0, peer d2379|quark_navigation|p44209|n0|/pnc/task_service/relative_move/response|p15
I0826 23:28:55.001324 89037 node_impl.cc:198] [aorta]CreatePublisher, host:0.0.0.0, port:33803, sockname:d2379|python3.10|p89037|n0|/pnc/remote_control_cmd|p8, topic:/pnc/remote_control_cmd, uid:2e81582d-5b23-42c7-b686-c2346197294e-2921114360754287628 topic_uid:-1
I0826 23:28:55.001334 89080 centralized_discovery.cc:733] [aorta]subscriber uid:081298ad-2ea0-43c9-8eea-c2a5a46f605c-3654631836754090917 topic:/pnc/task_service/task_cancel/response
I0826 23:28:55.001392 89037 aorta_component.cpp:394] [cosine_internal][AortaComponent] aorta node create publisher. node: python3.10_S1, topic:/pnc/remote_control_cmd, type:geometry_msgs.msg.pb.TwistStamped, qos:(history:1, depth:5, reliability:1, durability:2), uri:http://10.42.0.101:2379
I0826 23:28:55.001430 89037 aorta_publisher.cpp:119] [cosine_internal][AortaPublisher] publisher initialize. topic:/pnc/remote_control_cmd, uri:
I0826 23:28:55.001438 89037 publisher.cpp:27] [GDK]create publisher: /pnc/remote_control_cmd type: geometry_msgs.msg.pb.TwistStamped qos: 1 1 5 2
I0826 23:28:55.001453 89037 cosine_bus_manager.cpp:294] [cosine_internal][CosineBusManager] create publisher. topic name:/pnc/task_service/remote_control/request , middleware:aorta
I0826 23:28:55.001904 89037 tcp_publisher.cc:179] [aorta]topic /pnc/task_service/remote_control/request, pub_queue_size_ 5, latch_queue_size_ 0
I0826 23:28:55.001979 89106 tcp_socket_server.cc:200] [aorta]The ip info is0.0.0.0:39557
I0826 23:28:55.002060 89106 shm_socket_server.cc:101] [aorta][/pnc/task_service/remote_control/request] bind at pipe sock name d2379|python3.10|p89037|n0|/pnc/task_service/remote_control/request|p9
I0826 23:28:55.002123 89037 node_impl.cc:198] [aorta]CreatePublisher, host:0.0.0.0, port:39557, sockname:d2379|python3.10|p89037|n0|/pnc/task_service/remote_control/request|p9, topic:/pnc/task_service/remote_control/request, uid:e798f004-8de8-4d98-a19b-fc1cf3e552a7-10398465225129759782 topic_uid:-1
I0826 23:28:55.002171 89037 aorta_component.cpp:394] [cosine_internal][AortaComponent] aorta node create publisher. node: python3.10_S1, topic:/pnc/task_service/remote_control/request, type:pnc_msgs.RemoteControlRequest, qos:(history:1, depth:5, reliability:1, durability:2), uri:http://10.42.0.101:2379
I0826 23:28:55.002223 89037 aorta_publisher.cpp:119] [cosine_internal][AortaPublisher] publisher initialize. topic:/pnc/task_service/remote_control/request, uri:
I0826 23:28:55.002233 89037 publisher.cpp:27] [GDK]create publisher: /pnc/task_service/remote_control/request type: pnc_msgs.RemoteControlRequest qos: 1 1 5 2
I0826 23:28:55.002301 89037 cosine_bus_manager.cpp:400] [cosine_internal][CosineBusManager] create subscriber. topic name:/slam/odom , middleware:aorta , need async callback:0, frame_skip_rate:1
I0826 23:28:55.002314 89037 aorta_component.cpp:174] [cosine_internal][AortaComponent] callback_name:/slam/odomhttp://10.42.0.101:2379
I0826 23:28:55.002512 89037 buffered_data_export.cpp:115] [cosine_internal]successfully create buffer [bus_buffer___slam__odom, type genie_msgs.msg.pb.OdomInfo, block num 5, valid_time 0, transfer_type 0, data_size 0, mem_type 0, lib_name , ext_data_size 0, is_protobuf 1, enable_event_sync_subscriber 0], buffer id = 11
I0826 23:28:55.002538 89037 cosine_bus_message_buffer.cpp:45] [cosine_internal][CosineBusMessageBuffer] create buffer success. name:bus_buffer___slam__odom, type:genie_msgs.msg.pb.OdomInfo, size:5
I0826 23:28:55.002631 89037 node_impl.cc:344] [aorta]CreateSubscriber topic:/slam/odom, uid:4e12038b-dbd4-4222-9f10-2ef2318a09f3-8164318257426434522 topic_uid:-1
I0826 23:28:55.002895 89108 shm_subscriber.cc:120] [aorta]subscriber connect to publisher success, topic /pnc/task_service/task_cancel/response, local d2379|python3.10|p89037|n0|s6|c0, peer d2379|quark_navigation|p44209|n0|/pnc/task_service/task_cancel/response|p17
I0826 23:28:55.002976 89080 centralized_discovery.cc:733] [aorta]subscriber uid:896bab47-d959-4797-a819-0e7942db8fdc-4995236092065324733 topic:/pnc/task_service/task_pause/response
I0826 23:28:55.003121 89037 aorta_component.cpp:326] [cosine_internal][AortaComponent] aorta node create subscriber. node: python3.10_S1, topic:/slam/odom, type:genie_msgs.msg.pb.OdomInfo, qos:(history:1, depth:5, reliability:1, durability:2), uri:http://10.42.0.101:2379
I0826 23:28:55.003134 89037 aorta_subscriber.hpp:96] [cosine_internal][AortaSubscriber] initial. topic:/slam/odom, uri:
I0826 23:28:55.003151 89037 cosine_bus_manager.cpp:400] [cosine_internal][CosineBusManager] create subscriber. topic name:/slam/state , middleware:aorta , need async callback:0, frame_skip_rate:1
I0826 23:28:55.003158 89037 aorta_component.cpp:174] [cosine_internal][AortaComponent] callback_name:/slam/statehttp://10.42.0.101:2379
I0826 23:28:55.003201 89037 buffered_data_export.cpp:115] [cosine_internal]successfully create buffer [bus_buffer___slam__state, type genie_msgs.msg.pb.CommonResponse, block num 5, valid_time 0, transfer_type 0, data_size 0, mem_type 0, lib_name , ext_data_size 0, is_protobuf 1, enable_event_sync_subscriber 0], buffer id = 12
I0826 23:28:55.003237 89037 cosine_bus_message_buffer.cpp:45] [cosine_internal][CosineBusMessageBuffer] create buffer success. name:bus_buffer___slam__state, type:genie_msgs.msg.pb.CommonResponse, size:5
I0826 23:28:55.003312 89037 node_impl.cc:344] [aorta]CreateSubscriber topic:/slam/state, uid:a351beb9-c080-4930-a93e-434bffa917c9-7791362299214773660 topic_uid:-1
I0826 23:28:55.003698 89037 aorta_component.cpp:326] [cosine_internal][AortaComponent] aorta node create subscriber. node: python3.10_S1, topic:/slam/state, type:genie_msgs.msg.pb.CommonResponse, qos:(history:1, depth:5, reliability:1, durability:2), uri:http://10.42.0.101:2379
I0826 23:28:55.003708 89037 aorta_subscriber.hpp:96] [cosine_internal][AortaSubscriber] initial. topic:/slam/state, uri:
I0826 23:28:55.003731 89037 cosine_bus_manager.cpp:400] [cosine_internal][CosineBusManager] create subscriber. topic name:/slam/mapping_response , middleware:aorta , need async callback:0, frame_skip_rate:1
I0826 23:28:55.003736 89037 aorta_component.cpp:174] [cosine_internal][AortaComponent] callback_name:/slam/mapping_responsehttp://10.42.0.101:2379
I0826 23:28:55.003782 89037 buffered_data_export.cpp:115] [cosine_internal]successfully create buffer [bus_buffer___slam__mapping_response, type genie_msgs.msg.pb.CommonResponse, block num 5, valid_time 0, transfer_type 0, data_size 0, mem_type 0, lib_name , ext_data_size 0, is_protobuf 1, enable_event_sync_subscriber 0], buffer id = 13
I0826 23:28:55.003795 89037 cosine_bus_message_buffer.cpp:45] [cosine_internal][CosineBusMessageBuffer] create buffer success. name:bus_buffer___slam__mapping_response, type:genie_msgs.msg.pb.CommonResponse, size:5
I0826 23:28:55.003865 89037 node_impl.cc:344] [aorta]CreateSubscriber topic:/slam/mapping_response, uid:bf6ccefc-a669-4732-ad19-4f5a22eae15f-3136143855590244141 topic_uid:-1
I0826 23:28:55.003898 89108 shm_subscriber.cc:120] [aorta]subscriber connect to publisher success, topic /pnc/task_service/task_pause/response, local d2379|python3.10|p89037|n0|s7|c0, peer d2379|quark_navigation|p44209|n0|/pnc/task_service/task_pause/response|p18
I0826 23:28:55.003955 89080 centralized_discovery.cc:733] [aorta]subscriber uid:683a3991-d749-4b47-bdf7-d87b7f0a8466-16859347558940246081 topic:/pnc/task_service/task_resume/response
I0826 23:28:55.004272 89037 aorta_component.cpp:326] [cosine_internal][AortaComponent] aorta node create subscriber. node: python3.10_S1, topic:/slam/mapping_response, type:genie_msgs.msg.pb.CommonResponse, qos:(history:1, depth:5, reliability:1, durability:2), uri:http://10.42.0.101:2379
I0826 23:28:55.004284 89037 aorta_subscriber.hpp:96] [cosine_internal][AortaSubscriber] initial. topic:/slam/mapping_response, uri:
I0826 23:28:55.004297 89037 cosine_bus_manager.cpp:400] [cosine_internal][CosineBusManager] create subscriber. topic name:/slam/record_spec_loc_rsp , middleware:aorta , need async callback:0, frame_skip_rate:1
I0826 23:28:55.004303 89037 aorta_component.cpp:174] [cosine_internal][AortaComponent] callback_name:/slam/record_spec_loc_rsphttp://10.42.0.101:2379
I0826 23:28:55.004339 89037 buffered_data_export.cpp:115] [cosine_internal]successfully create buffer [bus_buffer___slam__record_spec_loc_rsp, type genie_msgs.msg.pb.CommonResponse, block num 5, valid_time 0, transfer_type 0, data_size 0, mem_type 0, lib_name , ext_data_size 0, is_protobuf 1, enable_event_sync_subscriber 0], buffer id = 14
I0826 23:28:55.004355 89037 cosine_bus_message_buffer.cpp:45] [cosine_internal][CosineBusMessageBuffer] create buffer success. name:bus_buffer___slam__record_spec_loc_rsp, type:genie_msgs.msg.pb.CommonResponse, size:5
I0826 23:28:55.004419 89037 node_impl.cc:344] [aorta]CreateSubscriber topic:/slam/record_spec_loc_rsp, uid:fa3af7e5-a8bd-46f1-af60-2aaffe72a7e6-16786186340696970127 topic_uid:-1
I0826 23:28:55.004810 89037 aorta_component.cpp:326] [cosine_internal][AortaComponent] aorta node create subscriber. node: python3.10_S1, topic:/slam/record_spec_loc_rsp, type:genie_msgs.msg.pb.CommonResponse, qos:(history:1, depth:5, reliability:1, durability:2), uri:http://10.42.0.101:2379
I0826 23:28:55.004819 89037 aorta_subscriber.hpp:96] [cosine_internal][AortaSubscriber] initial. topic:/slam/record_spec_loc_rsp, uri:
I0826 23:28:55.004839 89037 cosine_bus_manager.cpp:294] [cosine_internal][CosineBusManager] create publisher. topic name:/slam/mapping_request , middleware:aorta
I0826 23:28:55.004839 89108 shm_subscriber.cc:120] [aorta]subscriber connect to publisher success, topic /pnc/task_service/task_resume/response, local d2379|python3.10|p89037|n0|s8|c0, peer d2379|quark_navigation|p44209|n0|/pnc/task_service/task_resume/response|p19
I0826 23:28:55.004930 89080 centralized_discovery.cc:733] [aorta]subscriber uid:3627f87c-9608-41c3-a879-1a8ea5c9945e-11583863028842959166 topic:/pnc/task_service/remote_control/response
I0826 23:28:55.005251 89037 tcp_publisher.cc:179] [aorta]topic /slam/mapping_request, pub_queue_size_ 5, latch_queue_size_ 0
I0826 23:28:55.005328 89106 tcp_socket_server.cc:200] [aorta]The ip info is0.0.0.0:42827
I0826 23:28:55.005543 89106 shm_socket_server.cc:101] [aorta][/slam/mapping_request] bind at pipe sock name d2379|python3.10|p89037|n0|/slam/mapping_request|p10
I0826 23:28:55.005621 89037 node_impl.cc:198] [aorta]CreatePublisher, host:0.0.0.0, port:42827, sockname:d2379|python3.10|p89037|n0|/slam/mapping_request|p10, topic:/slam/mapping_request, uid:55e99430-e482-43de-a38d-1244b9d35417-13788692708863539056 topic_uid:-1
I0826 23:28:55.005647 89037 aorta_component.cpp:394] [cosine_internal][AortaComponent] aorta node create publisher. node: python3.10_S1, topic:/slam/mapping_request, type:genie_msgs.msg.pb.CommonRequest, qos:(history:1, depth:5, reliability:1, durability:2), uri:http://10.42.0.101:2379
I0826 23:28:55.005684 89037 aorta_publisher.cpp:119] [cosine_internal][AortaPublisher] publisher initialize. topic:/slam/mapping_request, uri:
I0826 23:28:55.005692 89037 publisher.cpp:27] [GDK]create publisher: /slam/mapping_request type: genie_msgs.msg.pb.CommonRequest qos: 1 1 5 2
