I0827 04:37:55.988600 837033 aorta_component.cpp:394] [cosine_internal][AortaComponent] aorta node create publisher. node: python3.10_S1, topic:/MotionControlService/SetLoad/request, type:genie_msgs.msg.pb.SetLoadRequest, qos:(history:1, depth:5, reliability:1, durability:2), uri:http://10.42.0.101:2379
I0827 04:37:55.988613 837133 centralized_discovery.cc:733] [aorta]subscriber uid:6ff78af7-89b8-4e6a-8963-5d7bfcd0598b-3835708119707617413 topic:/wbc/motion_control_status
I0827 04:37:55.988634 837033 aorta_publisher.cpp:119] [cosine_internal][AortaPublisher] publisher initialize. topic:/MotionControlService/SetLoad/request, uri:
I0827 04:37:55.988641 837033 publisher.cpp:27] [GDK]create publisher: /MotionControlService/SetLoad/request type: genie_msgs.msg.pb.SetLoadRequest qos: 1 1 5 2
I0827 04:37:55.988718 837033 cosine_bus_manager.cpp:294] [cosine_internal][CosineBusManager] create publisher. topic name:/gdk/model_predict , middleware:aorta
I0827 04:37:55.989130 837033 tcp_publisher.cc:179] [aorta]topic /gdk/model_predict, pub_queue_size_ 5, latch_queue_size_ 0
I0827 04:37:55.989475 838204 tcp_socket_server.cc:200] [aorta]The ip info is0.0.0.0:44551
I0827 04:37:55.989542 838204 shm_socket_server.cc:101] [aorta][/gdk/model_predict] bind at pipe sock name d2379|python3.10|p837033|n0|/gdk/model_predict|p12
I0827 04:37:55.989619 837033 node_impl.cc:198] [aorta]CreatePublisher, host:0.0.0.0, port:44551, sockname:d2379|python3.10|p837033|n0|/gdk/model_predict|p12, topic:/gdk/model_predict, uid:cbdd3b3a-ff34-425e-b6af-2146241b94ab-732077211275631522 topic_uid:-1
I0827 04:37:55.989646 837033 aorta_component.cpp:394] [cosine_internal][AortaComponent] aorta node create publisher. node: python3.10_S1, topic:/gdk/model_predict, type:genie_msgs.msg.pb.TrajectoryTrackingControl, qos:(history:1, depth:5, reliability:1, durability:2), uri:http://10.42.0.101:2379
I0827 04:37:55.989682 837033 aorta_publisher.cpp:119] [cosine_internal][AortaPublisher] publisher initialize. topic:/gdk/model_predict, uri:
I0827 04:37:55.989691 837033 publisher.cpp:27] [GDK]create publisher: /gdk/model_predict type: genie_msgs.msg.pb.TrajectoryTrackingControl qos: 1 1 5 2
I0827 04:37:55.989769 837033 cosine_bus_manager.cpp:294] [cosine_internal][CosineBusManager] create publisher. topic name:/wbc/force_position_cmd , middleware:aorta
I0827 04:37:55.990226 837033 tcp_publisher.cc:179] [aorta]topic /wbc/force_position_cmd, pub_queue_size_ 5, latch_queue_size_ 0
I0827 04:37:55.990296 838204 tcp_socket_server.cc:200] [aorta]The ip info is0.0.0.0:43261
I0827 04:37:55.990399 838204 shm_socket_server.cc:101] [aorta][/wbc/force_position_cmd] bind at pipe sock name d2379|python3.10|p837033|n0|/wbc/force_position_cmd|p13
I0827 04:37:55.990423 838205 shm_subscriber.cc:120] [aorta]subscriber connect to publisher success, topic /wbc/motion_control_status, local d2379|python3.10|p837033|n0|s8|c0, peer d2379|genie_motion_control|p11068|n0|/wbc/motion_control_status|p4
I0827 04:37:55.990478 837033 node_impl.cc:198] [aorta]CreatePublisher, host:0.0.0.0, port:43261, sockname:d2379|python3.10|p837033|n0|/wbc/force_position_cmd|p13, topic:/wbc/force_position_cmd, uid:2ef6d962-8dda-4130-ba12-d709d33587aa-7688843706006148097 topic_uid:-1
I0827 04:37:55.990479 837133 centralized_discovery.cc:733] [aorta]subscriber uid:f7875edb-cae5-47a2-aa47-c558d3eba67a-11220515294652701264 topic:/MotionControlService/JointPosition/response
I0827 04:37:55.990510 837033 aorta_component.cpp:394] [cosine_internal][AortaComponent] aorta node create publisher. node: python3.10_S1, topic:/wbc/force_position_cmd, type:genie_msgs.msg.pb.ForcePositionCmd, qos:(history:1, depth:5, reliability:1, durability:2), uri:http://10.42.0.101:2379
I0827 04:37:55.990549 837033 aorta_publisher.cpp:119] [cosine_internal][AortaPublisher] publisher initialize. topic:/wbc/force_position_cmd, uri:
I0827 04:37:55.990558 837033 publisher.cpp:27] [GDK]create publisher: /wbc/force_position_cmd type: genie_msgs.msg.pb.ForcePositionCmd qos: 1 1 5 2
I0827 04:37:55.990628 837033 cosine_bus_manager.cpp:294] [cosine_internal][CosineBusManager] create publisher. topic name:/MotionControlService/SetComplianceParams/request , middleware:aorta
I0827 04:37:55.991214 837033 tcp_publisher.cc:179] [aorta]topic /MotionControlService/SetComplianceParams/request, pub_queue_size_ 5, latch_queue_size_ 0
I0827 04:37:55.991276 838204 tcp_socket_server.cc:200] [aorta]The ip info is0.0.0.0:46701
I0827 04:37:55.991384 838205 shm_subscriber.cc:120] [aorta]subscriber connect to publisher success, topic /MotionControlService/JointPosition/response, local d2379|python3.10|p837033|n0|s9|c0, peer d2379|genie_motion_control|p11068|n0|..nControlService/JointPosition/response|p20
I0827 04:37:55.991434 838204 shm_socket_server.cc:101] [aorta][/MotionControlService/SetComplianceParams/request] bind at pipe sock name d2379|python3.10|p837033|n0|..rolService/SetComplianceParams/request|p14
I0827 04:37:55.991446 837133 centralized_discovery.cc:733] [aorta]subscriber uid:505543e8-a4f6-4232-8782-049f9c4bccec-13500083580579056044 topic:/MotionControlService/ControlMode/response
I0827 04:37:55.991536 837033 node_impl.cc:198] [aorta]CreatePublisher, host:0.0.0.0, port:46701, sockname:d2379|python3.10|p837033|n0|..rolService/SetComplianceParams/request|p14, topic:/MotionControlService/SetComplianceParams/request, uid:3ef89519-3bf2-437e-b51f-6aee77dbd834-14162462508962048716 topic_uid:-1
I0827 04:37:55.991561 837033 aorta_component.cpp:394] [cosine_internal][AortaComponent] aorta node create publisher. node: python3.10_S1, topic:/MotionControlService/SetComplianceParams/request, type:genie_msgs.msg.pb.SetComplianceParamsRequest, qos:(history:1, depth:5, reliability:1, durability:2), uri:http://10.42.0.101:2379
I0827 04:37:55.991596 837033 aorta_publisher.cpp:119] [cosine_internal][AortaPublisher] publisher initialize. topic:/MotionControlService/SetComplianceParams/request, uri:
I0827 04:37:55.991604 837033 publisher.cpp:27] [GDK]create publisher: /MotionControlService/SetComplianceParams/request type: genie_msgs.msg.pb.SetComplianceParamsRequest qos: 1 1 5 2
I0827 04:37:55.991726 837033 cosine_bus_manager.cpp:294] [cosine_internal][CosineBusManager] create publisher. topic name:/MotionControlService/MotionPlan/request , middleware:aorta
I0827 04:37:55.992194 837033 tcp_publisher.cc:179] [aorta]topic /MotionControlService/MotionPlan/request, pub_queue_size_ 5, latch_queue_size_ 0
I0827 04:37:55.992280 838204 tcp_socket_server.cc:200] [aorta]The ip info is0.0.0.0:41901
I0827 04:37:55.992352 838204 shm_socket_server.cc:101] [aorta][/MotionControlService/MotionPlan/request] bind at pipe sock name d2379|python3.10|p837033|n0|/MotionControlService/MotionPlan/request|p15
I0827 04:37:55.992398 837033 node_impl.cc:198] [aorta]CreatePublisher, host:0.0.0.0, port:41901, sockname:d2379|python3.10|p837033|n0|/MotionControlService/MotionPlan/request|p15, topic:/MotionControlService/MotionPlan/request, uid:4ce8a3ce-19ce-4491-8142-880ac235aa3e-8174779158326670585 topic_uid:-1
I0827 04:37:55.992416 837033 aorta_component.cpp:394] [cosine_internal][AortaComponent] aorta node create publisher. node: python3.10_S1, topic:/MotionControlService/MotionPlan/request, type:genie_msgs.msg.pb.MotionPlanRequest, qos:(history:1, depth:5, reliability:1, durability:2), uri:http://10.42.0.101:2379
I0827 04:37:55.992445 837033 aorta_publisher.cpp:119] [cosine_internal][AortaPublisher] publisher initialize. topic:/MotionControlService/MotionPlan/request, uri:
I0827 04:37:55.992451 837033 publisher.cpp:27] [GDK]create publisher: /MotionControlService/MotionPlan/request type: genie_msgs.msg.pb.MotionPlanRequest qos: 1 1 5 2
I0827 04:37:55.992461 838205 shm_subscriber.cc:120] [aorta]subscriber connect to publisher success, topic /MotionControlService/ControlMode/response, local d2379|python3.10|p837033|n0|s10|c0, peer d2379|genie_motion_control|p11068|n0|..ionControlService/ControlMode/response|p16
I0827 04:37:55.992512 837133 centralized_discovery.cc:733] [aorta]subscriber uid:d8894cbb-4d77-4bba-8f0c-497eb89b8293-11741066552301177038 topic:/MotionControlService/SetLoad/response
I0827 04:37:55.992532 837033 cosine_bus_manager.cpp:294] [cosine_internal][CosineBusManager] create publisher. topic name:/wbc/retarget , middleware:aorta
I0827 04:37:55.992924 837033 tcp_publisher.cc:179] [aorta]topic /wbc/retarget, pub_queue_size_ 5, latch_queue_size_ 0
I0827 04:37:55.992990 838204 tcp_socket_server.cc:200] [aorta]The ip info is0.0.0.0:42027
I0827 04:37:55.993072 838204 shm_socket_server.cc:101] [aorta][/wbc/retarget] bind at pipe sock name d2379|python3.10|p837033|n0|/wbc/retarget|p16
I0827 04:37:55.993141 837033 node_impl.cc:198] [aorta]CreatePublisher, host:0.0.0.0, port:42027, sockname:d2379|python3.10|p837033|n0|/wbc/retarget|p16, topic:/wbc/retarget, uid:3647d0af-3255-43f3-b14d-32876dc94ef1-10549331913175888813 topic_uid:-1
I0827 04:37:55.993160 837033 aorta_component.cpp:394] [cosine_internal][AortaComponent] aorta node create publisher. node: python3.10_S1, topic:/wbc/retarget, type:genie_msgs.msg.pb.ReactiveControl, qos:(history:1, depth:5, reliability:1, durability:2), uri:http://10.42.0.101:2379
I0827 04:37:55.993189 837033 aorta_publisher.cpp:119] [cosine_internal][AortaPublisher] publisher initialize. topic:/wbc/retarget, uri:
I0827 04:37:55.993196 837033 publisher.cpp:27] [GDK]create publisher: /wbc/retarget type: genie_msgs.msg.pb.ReactiveControl qos: 1 1 5 2
I0827 04:37:55.993208 837033 robot.cpp:28] [GDK]RobotBody constructor
I0827 04:37:55.993270 837033 cosine_bus_manager.cpp:76] [cosine_internal][CosineBusManager] cosine bus already initialised
I0827 04:37:55.993287 837033 cosine_bus_manager.cpp:351] [cosine_internal][CosineBusManager] create default subscriber. topic name:/camera/head_back_fisheye
I0827 04:37:55.993299 837033 aorta_component.cpp:174] [cosine_internal][AortaComponent] callback_name:/camera/head_back_fisheyehttp://10.42.0.101:2379
I0827 04:37:55.993386 838205 shm_subscriber.cc:120] [aorta]subscriber connect to publisher success, topic /MotionControlService/SetLoad/response, local d2379|python3.10|p837033|n0|s11|c0, peer d2379|genie_motion_control|p11068|n0|/MotionControlService/SetLoad/response|p15
I0827 04:37:55.993384 837033 buffered_data_export.cpp:115] [cosine_internal]successfully create buffer [bus_buffer___camera__head_back_fisheye, type CosineDataPacket, block num 5, valid_time 0, transfer_type 0, data_size 0, mem_type 0, lib_name , ext_data_size 0, is_protobuf 0, enable_event_sync_subscriber 0], buffer id = 15
I0827 04:37:55.993405 837033 cosine_bus_message_buffer.cpp:45] [cosine_internal][CosineBusMessageBuffer] create buffer success. name:bus_buffer___camera__head_back_fisheye, type:CosineDataPacket, size:5
I0827 04:37:55.993453 837133 centralized_discovery.cc:733] [aorta]subscriber uid:5c477692-7e54-4a17-be64-8ea26c18fc38-16772690313444795879 topic:/MotionControlService/SetComplianceParams/response
I0827 04:37:55.993489 837033 node_impl.cc:344] [aorta]CreateSubscriber topic:/camera/head_back_fisheye, uid:c7a324b3-5c87-41f3-bf34-a5039ccd3162-10407449922038425096 topic_uid:-1
I0827 04:37:55.993891 837033 aorta_component.cpp:326] [cosine_internal][AortaComponent] aorta node create subscriber. node: python3.10_S1, topic:/camera/head_back_fisheye, type:CosineDataPacket, qos:(history:1, depth:5, reliability:1, durability:2), uri:http://10.42.0.101:2379
I0827 04:37:55.993904 837033 aorta_subscriber.hpp:96] [cosine_internal][AortaSubscriber] initial. topic:/camera/head_back_fisheye, uri:
I0827 04:37:55.993927 837033 cosine_bus_manager.cpp:76] [cosine_internal][CosineBusManager] cosine bus already initialised
I0827 04:37:55.993937 837033 cosine_bus_manager.cpp:351] [cosine_internal][CosineBusManager] create default subscriber. topic name:/camera/head_left_fisheye
I0827 04:37:55.993943 837033 aorta_component.cpp:174] [cosine_internal][AortaComponent] callback_name:/camera/head_left_fisheyehttp://10.42.0.101:2379
I0827 04:37:55.993973 837033 buffered_data_export.cpp:115] [cosine_internal]successfully create buffer [bus_buffer___camera__head_left_fisheye, type CosineDataPacket, block num 5, valid_time 0, transfer_type 0, data_size 0, mem_type 0, lib_name , ext_data_size 0, is_protobuf 0, enable_event_sync_subscriber 0], buffer id = 16
I0827 04:37:55.993985 837033 cosine_bus_message_buffer.cpp:45] [cosine_internal][CosineBusMessageBuffer] create buffer success. name:bus_buffer___camera__head_left_fisheye, type:CosineDataPacket, size:5
I0827 04:37:55.994047 837033 node_impl.cc:344] [aorta]CreateSubscriber topic:/camera/head_left_fisheye, uid:fe293600-dcb4-4997-9457-9b3e955ff3d8-14591831445956696588 topic_uid:-1
I0827 04:37:55.994690 838205 shm_subscriber.cc:120] [aorta]subscriber connect to publisher success, topic /MotionControlService/SetComplianceParams/response, local d2379|python3.10|p837033|n0|s12|c0, peer d2379|genie_motion_control|p11068|n0|..olService/SetComplianceParams/response|p21
I0827 04:37:55.994745 837133 centralized_discovery.cc:733] [aorta]subscriber uid:b0bb3209-521f-4cbb-9925-24238d72498c-7265943930381113476 topic:/MotionControlService/MotionPlan/response
I0827 04:37:55.994788 837033 aorta_component.cpp:326] [cosine_internal][AortaComponent] aorta node create subscriber. node: python3.10_S1, topic:/camera/head_left_fisheye, type:CosineDataPacket, qos:(history:1, depth:5, reliability:1, durability:2), uri:http://10.42.0.101:2379
I0827 04:37:55.994802 837033 aorta_subscriber.hpp:96] [cosine_internal][AortaSubscriber] initial. topic:/camera/head_left_fisheye, uri:
I0827 04:37:55.994825 837033 cosine_bus_manager.cpp:76] [cosine_internal][CosineBusManager] cosine bus already initialised
I0827 04:37:55.994838 837033 cosine_bus_manager.cpp:351] [cosine_internal][CosineBusManager] create default subscriber. topic name:/camera/head_right_fisheye
I0827 04:37:55.994844 837033 aorta_component.cpp:174] [cosine_internal][AortaComponent] callback_name:/camera/head_right_fisheyehttp://10.42.0.101:2379
I0827 04:37:55.994876 837033 buffered_data_export.cpp:115] [cosine_internal]successfully create buffer [bus_buffer___camera__head_right_fisheye, type CosineDataPacket, block num 5, valid_time 0, transfer_type 0, data_size 0, mem_type 0, lib_name , ext_data_size 0, is_protobuf 0, enable_event_sync_subscriber 0], buffer id = 17
I0827 04:37:55.994889 837033 cosine_bus_message_buffer.cpp:45] [cosine_internal][CosineBusMessageBuffer] create buffer success. name:bus_buffer___camera__head_right_fisheye, type:CosineDataPacket, size:5
I0827 04:37:55.994962 837033 node_impl.cc:344] [aorta]CreateSubscriber topic:/camera/head_right_fisheye, uid:a44902ab-9a38-4fd2-ae3b-0acff63540cb-11724137809755197201 topic_uid:-1
I0827 04:37:55.995355 837033 aorta_component.cpp:326] [cosine_internal][AortaComponent] aorta node create subscriber. node: python3.10_S1, topic:/camera/head_right_fisheye, type:CosineDataPacket, qos:(history:1, depth:5, reliability:1, durability:2), uri:http://10.42.0.101:2379
I0827 04:37:55.995365 837033 aorta_subscriber.hpp:96] [cosine_internal][AortaSubscriber] initial. topic:/camera/head_right_fisheye, uri:
I0827 04:37:55.995383 837033 cosine_bus_manager.cpp:76] [cosine_internal][CosineBusManager] cosine bus already initialised
I0827 04:37:55.995396 837033 cosine_bus_manager.cpp:351] [cosine_internal][CosineBusManager] create default subscriber. topic name:/camera/head_stereo_left
I0827 04:37:55.995402 837033 aorta_component.cpp:174] [cosine_internal][AortaComponent] callback_name:/camera/head_stereo_lefthttp://10.42.0.101:2379
I0827 04:37:55.995429 837033 buffered_data_export.cpp:115] [cosine_internal]successfully create buffer [bus_buffer___camera__head_stereo_left, type CosineDataPacket, block num 5, valid_time 0, transfer_type 0, data_size 0, mem_type 0, lib_name , ext_data_size 0, is_protobuf 0, enable_event_sync_subscriber 0], buffer id = 18
I0827 04:37:55.995441 837033 cosine_bus_message_buffer.cpp:45] [cosine_internal][CosineBusMessageBuffer] create buffer success. name:bus_buffer___camera__head_stereo_left, type:CosineDataPacket, size:5
I0827 04:37:55.995512 837033 node_impl.cc:344] [aorta]CreateSubscriber topic:/camera/head_stereo_left, uid:cbda8055-df87-49aa-b325-cc2bf00629a6-2772564262404746643 topic_uid:-1
I0827 04:37:55.995563 838205 shm_subscriber.cc:120] [aorta]subscriber connect to publisher success, topic /MotionControlService/MotionPlan/response, local d2379|python3.10|p837033|n0|s13|c0, peer d2379|genie_motion_control|p11068|n0|..tionControlService/MotionPlan/response|p26
I0827 04:37:55.995615 837133 centralized_discovery.cc:681] [aorta]publisher uid:e997f9ba-2924-44ce-897c-7c06811390e3-13748557535015507650 topic:/wbc/motion_stop
I0827 04:37:55.995901 837033 aorta_component.cpp:326] [cosine_internal][AortaComponent] aorta node create subscriber. node: python3.10_S1, topic:/camera/head_stereo_left, type:CosineDataPacket, qos:(history:1, depth:5, reliability:1, durability:2), uri:http://10.42.0.101:2379
I0827 04:37:55.995910 837033 aorta_subscriber.hpp:96] [cosine_internal][AortaSubscriber] initial. topic:/camera/head_stereo_left, uri:
I0827 04:37:55.995929 837033 cosine_bus_manager.cpp:76] [cosine_internal][CosineBusManager] cosine bus already initialised
I0827 04:37:55.995940 837033 cosine_bus_manager.cpp:351] [cosine_internal][CosineBusManager] create default subscriber. topic name:/camera/head_stereo_right
I0827 04:37:55.995947 837033 aorta_component.cpp:174] [cosine_internal][AortaComponent] callback_name:/camera/head_stereo_righthttp://10.42.0.101:2379
I0827 04:37:55.995975 837033 buffered_data_export.cpp:115] [cosine_internal]successfully create buffer [bus_buffer___camera__head_stereo_right, type CosineDataPacket, block num 5, valid_time 0, transfer_type 0, data_size 0, mem_type 0, lib_name , ext_data_size 0, is_protobuf 0, enable_event_sync_subscriber 0], buffer id = 19
I0827 04:37:55.995986 837033 cosine_bus_message_buffer.cpp:45] [cosine_internal][CosineBusMessageBuffer] create buffer success. name:bus_buffer___camera__head_stereo_right, type:CosineDataPacket, size:5
I0827 04:37:55.996062 837033 node_impl.cc:344] [aorta]CreateSubscriber topic:/camera/head_stereo_right, uid:7e5ab137-b713-4e03-acde-5e17e32985df-8400981831882539399 topic_uid:-1
I0827 04:37:55.996476 837033 aorta_component.cpp:326] [cosine_internal][AortaComponent] aorta node create subscriber. node: python3.10_S1, topic:/camera/head_stereo_right, type:CosineDataPacket, qos:(history:1, depth:5, reliability:1, durability:2), uri:http://10.42.0.101:2379
I0827 04:37:55.996485 837033 aorta_subscriber.hpp:96] [cosine_internal][AortaSubscriber] initial. topic:/camera/head_stereo_right, uri:
I0827 04:37:55.996502 837033 cosine_bus_manager.cpp:76] [cosine_internal][CosineBusManager] cosine bus already initialised
I0827 04:37:55.996513 837033 cosine_bus_manager.cpp:351] [cosine_internal][CosineBusManager] create default subscriber. topic name:/camera/hand_left_color
I0827 04:37:55.996519 837033 aorta_component.cpp:174] [cosine_internal][AortaComponent] callback_name:/camera/hand_left_colorhttp://10.42.0.101:2379
I0827 04:37:55.996546 837033 buffered_data_export.cpp:115] [cosine_internal]successfully create buffer [bus_buffer___camera__hand_left_color, type CosineDataPacket, block num 5, valid_time 0, transfer_type 0, data_size 0, mem_type 0, lib_name , ext_data_size 0, is_protobuf 0, enable_event_sync_subscriber 0], buffer id = 20
I0827 04:37:55.996557 837033 cosine_bus_message_buffer.cpp:45] [cosine_internal][CosineBusMessageBuffer] create buffer success. name:bus_buffer___camera__hand_left_color, type:CosineDataPacket, size:5
I0827 04:37:55.996618 837033 node_impl.cc:344] [aorta]CreateSubscriber topic:/camera/hand_left_color, uid:2a650185-e2ad-4153-bdc1-2be8626b99a0-16768487626907404343 topic_uid:-1
I0827 04:37:55.996697 837133 centralized_discovery.cc:681] [aorta]publisher uid:78e6cc4e-77d5-403b-9b28-a6fbf4c7c8dd-14916454457450496029 topic:/wbc/set_control_mode
I0827 04:37:55.996994 837033 aorta_component.cpp:326] [cosine_internal][AortaComponent] aorta node create subscriber. node: python3.10_S1, topic:/camera/hand_left_color, type:CosineDataPacket, qos:(history:1, depth:5, reliability:1, durability:2), uri:http://10.42.0.101:2379
I0827 04:37:55.997002 837033 aorta_subscriber.hpp:96] [cosine_internal][AortaSubscriber] initial. topic:/camera/hand_left_color, uri:
I0827 04:37:55.997018 837033 cosine_bus_manager.cpp:76] [cosine_internal][CosineBusManager] cosine bus already initialised
I0827 04:37:55.997053 837033 cosine_bus_manager.cpp:351] [cosine_internal][CosineBusManager] create default subscriber. topic name:/camera/hand_right_color
I0827 04:37:55.997061 837033 aorta_component.cpp:174] [cosine_internal][AortaComponent] callback_name:/camera/hand_right_colorhttp://10.42.0.101:2379
I0827 04:37:55.997088 837033 buffered_data_export.cpp:115] [cosine_internal]successfully create buffer [bus_buffer___camera__hand_right_color, type CosineDataPacket, block num 5, valid_time 0, transfer_type 0, data_size 0, mem_type 0, lib_name , ext_data_size 0, is_protobuf 0, enable_event_sync_subscriber 0], buffer id = 21
I0827 04:37:55.997100 837033 cosine_bus_message_buffer.cpp:45] [cosine_internal][CosineBusMessageBuffer] create buffer success. name:bus_buffer___camera__hand_right_color, type:CosineDataPacket, size:5
I0827 04:37:55.997169 837033 node_impl.cc:344] [aorta]CreateSubscriber topic:/camera/hand_right_color, uid:8dcb5beb-c1ed-431b-94d1-1a67fb02e479-8629761233962563373 topic_uid:-1
I0827 04:37:55.997730 837033 aorta_component.cpp:326] [cosine_internal][AortaComponent] aorta node create subscriber. node: python3.10_S1, topic:/camera/hand_right_color, type:CosineDataPacket, qos:(history:1, depth:5, reliability:1, durability:2), uri:http://10.42.0.101:2379
I0827 04:37:55.997745 837033 aorta_subscriber.hpp:96] [cosine_internal][AortaSubscriber] initial. topic:/camera/hand_right_color, uri:
I0827 04:37:55.997771 837033 cosine_bus_manager.cpp:76] [cosine_internal][CosineBusManager] cosine bus already initialised
I0827 04:37:55.997799 837033 cosine_bus_manager.cpp:351] [cosine_internal][CosineBusManager] create default subscriber. topic name:/camera/head_color
I0827 04:37:55.997808 837033 aorta_component.cpp:174] [cosine_internal][AortaComponent] callback_name:/camera/head_colorhttp://10.42.0.101:2379
I0827 04:37:55.997843 837033 buffered_data_export.cpp:115] [cosine_internal]successfully create buffer [bus_buffer___camera__head_color, type CosineDataPacket, block num 5, valid_time 0, transfer_type 0, data_size 0, mem_type 0, lib_name , ext_data_size 0, is_protobuf 0, enable_event_sync_subscriber 0], buffer id = 22
I0827 04:37:55.997856 837033 cosine_bus_message_buffer.cpp:45] [cosine_internal][CosineBusMessageBuffer] create buffer success. name:bus_buffer___camera__head_color, type:CosineDataPacket, size:5
I0827 04:37:55.997928 837133 centralized_discovery.cc:681] [aorta]publisher uid:e772c279-84a5-4939-9bae-ff84f89c1999-8961509146944305143 topic:/wbc/end_effector_pose_control
I0827 04:37:55.997929 837033 node_impl.cc:344] [aorta]CreateSubscriber topic:/camera/head_color, uid:dfc8c13b-8496-4061-a9e3-7720b08f9178-2515219504367417955 topic_uid:-1
I0827 04:37:55.998435 837033 aorta_component.cpp:326] [cosine_internal][AortaComponent] aorta node create subscriber. node: python3.10_S1, topic:/camera/head_color, type:CosineDataPacket, qos:(history:1, depth:5, reliability:1, durability:2), uri:http://10.42.0.101:2379
I0827 04:37:55.998450 837033 aorta_subscriber.hpp:96] [cosine_internal][AortaSubscriber] initial. topic:/camera/head_color, uri:
I0827 04:37:55.998476 837033 cosine_bus_manager.cpp:76] [cosine_internal][CosineBusManager] cosine bus already initialised
I0827 04:37:55.998508 837033 cosine_bus_manager.cpp:351] [cosine_internal][CosineBusManager] create default subscriber. topic name:/camera/head_depth
I0827 04:37:55.998517 837033 aorta_component.cpp:174] [cosine_internal][AortaComponent] callback_name:/camera/head_depthhttp://10.42.0.101:2379
I0827 04:37:55.998553 837033 buffered_data_export.cpp:115] [cosine_internal]successfully create buffer [bus_buffer___camera__head_depth, type CosineDataPacket, block num 5, valid_time 0, transfer_type 0, data_size 0, mem_type 0, lib_name , ext_data_size 0, is_protobuf 0, enable_event_sync_subscriber 0], buffer id = 23
I0827 04:37:55.998565 837033 cosine_bus_message_buffer.cpp:45] [cosine_internal][CosineBusMessageBuffer] create buffer success. name:bus_buffer___camera__head_depth, type:CosineDataPacket, size:5
I0827 04:37:55.998634 837033 node_impl.cc:344] [aorta]CreateSubscriber topic:/camera/head_depth, uid:561193cb-b1de-4a0a-864c-91173b184032-14849645885661810178 topic_uid:-1
I0827 04:37:55.999007 837033 aorta_component.cpp:326] [cosine_internal][AortaComponent] aorta node create subscriber. node: python3.10_S1, topic:/camera/head_depth, type:CosineDataPacket, qos:(history:1, depth:5, reliability:1, durability:2), uri:http://10.42.0.101:2379
I0827 04:37:55.999017 837033 aorta_subscriber.hpp:96] [cosine_internal][AortaSubscriber] initial. topic:/camera/head_depth, uri:
I0827 04:37:55.999032 837033 cosine_bus_manager.cpp:76] [cosine_internal][CosineBusManager] cosine bus already initialised
I0827 04:37:55.999054 837033 cosine_bus_manager.cpp:351] [cosine_internal][CosineBusManager] create default subscriber. topic name:/camera/hand_left_depth
I0827 04:37:55.999061 837033 aorta_component.cpp:174] [cosine_internal][AortaComponent] callback_name:/camera/hand_left_depthhttp://10.42.0.101:2379
I0827 04:37:55.999090 837033 buffered_data_export.cpp:115] [cosine_internal]successfully create buffer [bus_buffer___camera__hand_left_depth, type CosineDataPacket, block num 5, valid_time 0, transfer_type 0, data_size 0, mem_type 0, lib_name , ext_data_size 0, is_protobuf 0, enable_event_sync_subscriber 0], buffer id = 24
I0827 04:37:55.999101 837033 cosine_bus_message_buffer.cpp:45] [cosine_internal][CosineBusMessageBuffer] create buffer success. name:bus_buffer___camera__hand_left_depth, type:CosineDataPacket, size:5
I0827 04:37:55.999162 837033 node_impl.cc:344] [aorta]CreateSubscriber topic:/camera/hand_left_depth, uid:112955b4-a379-4592-aac9-04f985af54de-13237741933269507762 topic_uid:-1
I0827 04:37:55.999747 837033 aorta_component.cpp:326] [cosine_internal][AortaComponent] aorta node create subscriber. node: python3.10_S1, topic:/camera/hand_left_depth, type:CosineDataPacket, qos:(history:1, depth:5, reliability:1, durability:2), uri:http://10.42.0.101:2379
I0827 04:37:55.999769 837033 aorta_subscriber.hpp:96] [cosine_internal][AortaSubscriber] initial. topic:/camera/hand_left_depth, uri:
I0827 04:37:55.999795 837033 cosine_bus_manager.cpp:76] [cosine_internal][CosineBusManager] cosine bus already initialised
I0827 04:37:55.999821 837033 cosine_bus_manager.cpp:351] [cosine_internal][CosineBusManager] create default subscriber. topic name:/camera/hand_right_depth
I0827 04:37:55.999830 837033 aorta_component.cpp:174] [cosine_internal][AortaComponent] callback_name:/camera/hand_right_depthhttp://10.42.0.101:2379
I0827 04:37:55.999866 837033 buffered_data_export.cpp:115] [cosine_internal]successfully create buffer [bus_buffer___camera__hand_right_depth, type CosineDataPacket, block num 5, valid_time 0, transfer_type 0, data_size 0, mem_type 0, lib_name , ext_data_size 0, is_protobuf 0, enable_event_sync_subscriber 0], buffer id = 25
I0827 04:37:55.999881 837033 cosine_bus_message_buffer.cpp:45] [cosine_internal][CosineBusMessageBuffer] create buffer success. name:bus_buffer___camera__hand_right_depth, type:CosineDataPacket, size:5
I0827 04:37:55.999953 837133 centralized_discovery.cc:681] [aorta]publisher uid:4ce018a0-2315-4130-8657-e61bbc5feee8-17554954426434248758 topic:/wbc/joint_position_control
I0827 04:37:55.999962 837033 node_impl.cc:344] [aorta]CreateSubscriber topic:/camera/hand_right_depth, uid:a6138b72-9665-4068-93c3-83f2725c614d-17867573658284279546 topic_uid:-1
I0827 04:37:56.000342 837033 aorta_component.cpp:326] [cosine_internal][AortaComponent] aorta node create subscriber. node: python3.10_S1, topic:/camera/hand_right_depth, type:CosineDataPacket, qos:(history:1, depth:5, reliability:1, durability:2), uri:http://10.42.0.101:2379
I0827 04:37:56.000351 837033 aorta_subscriber.hpp:96] [cosine_internal][AortaSubscriber] initial. topic:/camera/hand_right_depth, uri:
I0827 04:37:56.000372 837033 cosine_bus_manager.cpp:76] [cosine_internal][CosineBusManager] cosine bus already initialised
I0827 04:37:56.000396 837033 cosine_bus_manager.cpp:351] [cosine_internal][CosineBusManager] create default subscriber. topic name:/camera/hand_left_upper_color
I0827 04:37:56.000403 837033 aorta_component.cpp:174] [cosine_internal][AortaComponent] callback_name:/camera/hand_left_upper_colorhttp://10.42.0.101:2379
I0827 04:37:56.000438 837033 buffered_data_export.cpp:115] [cosine_internal]successfully create buffer [bus_buffer___camera__hand_left_upper_color, type CosineDataPacket, block num 5, valid_time 0, transfer_type 0, data_size 0, mem_type 0, lib_name , ext_data_size 0, is_protobuf 0, enable_event_sync_subscriber 0], buffer id = 26
I0827 04:37:56.000450 837033 cosine_bus_message_buffer.cpp:45] [cosine_internal][CosineBusMessageBuffer] create buffer success. name:bus_buffer___camera__hand_left_upper_color, type:CosineDataPacket, size:5
I0827 04:37:56.000516 837033 node_impl.cc:344] [aorta]CreateSubscriber topic:/camera/hand_left_upper_color, uid:f4ebed58-8a21-456b-984d-bcf23598b5b9-10419009240684809358 topic_uid:-1
I0827 04:37:56.000936 837033 aorta_component.cpp:326] [cosine_internal][AortaComponent] aorta node create subscriber. node: python3.10_S1, topic:/camera/hand_left_upper_color, type:CosineDataPacket, qos:(history:1, depth:5, reliability:1, durability:2), uri:http://10.42.0.101:2379
I0827 04:37:56.000965 837033 aorta_subscriber.hpp:96] [cosine_internal][AortaSubscriber] initial. topic:/camera/hand_left_upper_color, uri:
I0827 04:37:56.001003 837033 cosine_bus_manager.cpp:76] [cosine_internal][CosineBusManager] cosine bus already initialised
I0827 04:37:56.001034 837033 cosine_bus_manager.cpp:351] [cosine_internal][CosineBusManager] create default subscriber. topic name:/camera/hand_right_upper_color
I0827 04:37:56.001044 837033 aorta_component.cpp:174] [cosine_internal][AortaComponent] callback_name:/camera/hand_right_upper_colorhttp://10.42.0.101:2379
I0827 04:37:56.001089 837033 buffered_data_export.cpp:115] [cosine_internal]successfully create buffer [bus_buffer___camera__hand_right_upper_color, type CosineDataPacket, block num 5, valid_time 0, transfer_type 0, data_size 0, mem_type 0, lib_name , ext_data_size 0, is_protobuf 0, enable_event_sync_subscriber 0], buffer id = 27
I0827 04:37:56.001108 837033 cosine_bus_message_buffer.cpp:45] [cosine_internal][CosineBusMessageBuffer] create buffer success. name:bus_buffer___camera__hand_right_upper_color, type:CosineDataPacket, size:5
I0827 04:37:56.001204 837033 node_impl.cc:344] [aorta]CreateSubscriber topic:/camera/hand_right_upper_color, uid:ec9b28aa-9273-4058-8a75-c1dfdd28340f-14436869942545931775 topic_uid:-1
I0827 04:37:56.001835 837033 aorta_component.cpp:326] [cosine_internal][AortaComponent] aorta node create subscriber. node: python3.10_S1, topic:/camera/hand_right_upper_color, type:CosineDataPacket, qos:(history:1, depth:5, reliability:1, durability:2), uri:http://10.42.0.101:2379
I0827 04:37:56.001856 837033 aorta_subscriber.hpp:96] [cosine_internal][AortaSubscriber] initial. topic:/camera/hand_right_upper_color, uri:
I0827 04:37:56.001896 837033 cosine_bus_manager.cpp:76] [cosine_internal][CosineBusManager] cosine bus already initialised
I0827 04:37:56.001942 837033 cosine_bus_manager.cpp:351] [cosine_internal][CosineBusManager] create default subscriber. topic name:/camera/hand_left_lower_color
I0827 04:37:56.001952 837033 aorta_component.cpp:174] [cosine_internal][AortaComponent] callback_name:/camera/hand_left_lower_colorhttp://10.42.0.101:2379
I0827 04:37:56.002009 837033 buffered_data_export.cpp:115] [cosine_internal]successfully create buffer [bus_buffer___camera__hand_left_lower_color, type CosineDataPacket, block num 5, valid_time 0, transfer_type 0, data_size 0, mem_type 0, lib_name , ext_data_size 0, is_protobuf 0, enable_event_sync_subscriber 0], buffer id = 28
I0827 04:37:56.002029 837033 cosine_bus_message_buffer.cpp:45] [cosine_internal][CosineBusMessageBuffer] create buffer success. name:bus_buffer___camera__hand_left_lower_color, type:CosineDataPacket, size:5
I0827 04:37:56.002177 837033 node_impl.cc:344] [aorta]CreateSubscriber topic:/camera/hand_left_lower_color, uid:848a30bd-099c-4303-b844-1da44e7127f2-4503626684902531612 topic_uid:-1
I0827 04:37:56.002637 837033 aorta_component.cpp:326] [cosine_internal][AortaComponent] aorta node create subscriber. node: python3.10_S1, topic:/camera/hand_left_lower_color, type:CosineDataPacket, qos:(history:1, depth:5, reliability:1, durability:2), uri:http://10.42.0.101:2379
I0827 04:37:56.002651 837033 aorta_subscriber.hpp:96] [cosine_internal][AortaSubscriber] initial. topic:/camera/hand_left_lower_color, uri:
I0827 04:37:56.002683 837033 cosine_bus_manager.cpp:76] [cosine_internal][CosineBusManager] cosine bus already initialised
I0827 04:37:56.002717 837033 cosine_bus_manager.cpp:351] [cosine_internal][CosineBusManager] create default subscriber. topic name:/camera/hand_right_lower_color
I0827 04:37:56.002727 837033 aorta_component.cpp:174] [cosine_internal][AortaComponent] callback_name:/camera/hand_right_lower_colorhttp://10.42.0.101:2379
I0827 04:37:56.002774 837033 buffered_data_export.cpp:115] [cosine_internal]successfully create buffer [bus_buffer___camera__hand_right_lower_color, type CosineDataPacket, block num 5, valid_time 0, transfer_type 0, data_size 0, mem_type 0, lib_name , ext_data_size 0, is_protobuf 0, enable_event_sync_subscriber 0], buffer id = 29
I0827 04:37:56.002791 837033 cosine_bus_message_buffer.cpp:45] [cosine_internal][CosineBusMessageBuffer] create buffer success. name:bus_buffer___camera__hand_right_lower_color, type:CosineDataPacket, size:5
I0827 04:37:56.002887 837033 node_impl.cc:344] [aorta]CreateSubscriber topic:/camera/hand_right_lower_color, uid:a76cb98b-8b29-493c-b62f-ffd068b71be1-8186110446424813557 topic_uid:-1
I0827 04:37:56.003268 837033 aorta_component.cpp:326] [cosine_internal][AortaComponent] aorta node create subscriber. node: python3.10_S1, topic:/camera/hand_right_lower_color, type:CosineDataPacket, qos:(history:1, depth:5, reliability:1, durability:2), uri:http://10.42.0.101:2379
I0827 04:37:56.003279 837033 aorta_subscriber.hpp:96] [cosine_internal][AortaSubscriber] initial. topic:/camera/hand_right_lower_color, uri:
I0827 04:37:56.003301 837033 cosine_bus_manager.cpp:76] [cosine_internal][CosineBusManager] cosine bus already initialised
I0827 04:37:56.003325 837033 cosine_bus_manager.cpp:351] [cosine_internal][CosineBusManager] create default subscriber. topic name:/camera/hand_left_upper_depth
I0827 04:37:56.003358 837033 aorta_component.cpp:174] [cosine_internal][AortaComponent] callback_name:/camera/hand_left_upper_depthhttp://10.42.0.101:2379
I0827 04:37:56.003400 837033 buffered_data_export.cpp:115] [cosine_internal]successfully create buffer [bus_buffer___camera__hand_left_upper_depth, type CosineDataPacket, block num 5, valid_time 0, transfer_type 0, data_size 0, mem_type 0, lib_name , ext_data_size 0, is_protobuf 0, enable_event_sync_subscriber 0], buffer id = 30
I0827 04:37:56.003428 837033 cosine_bus_message_buffer.cpp:45] [cosine_internal][CosineBusMessageBuffer] create buffer success. name:bus_buffer___camera__hand_left_upper_depth, type:CosineDataPacket, size:5
I0827 04:37:56.003499 837033 node_impl.cc:344] [aorta]CreateSubscriber topic:/camera/hand_left_upper_depth, uid:0035f1cc-2a60-450b-9bcf-267c908bd67c-12072037676595526463 topic_uid:-1
I0827 04:37:56.003876 837033 aorta_component.cpp:326] [cosine_internal][AortaComponent] aorta node create subscriber. node: python3.10_S1, topic:/camera/hand_left_upper_depth, type:CosineDataPacket, qos:(history:1, depth:5, reliability:1, durability:2), uri:http://10.42.0.101:2379
I0827 04:37:56.003887 837033 aorta_subscriber.hpp:96] [cosine_internal][AortaSubscriber] initial. topic:/camera/hand_left_upper_depth, uri:
I0827 04:37:56.003907 837033 cosine_bus_manager.cpp:76] [cosine_internal][CosineBusManager] cosine bus already initialised
I0827 04:37:56.003932 837033 cosine_bus_manager.cpp:351] [cosine_internal][CosineBusManager] create default subscriber. topic name:/camera/hand_right_upper_depth
I0827 04:37:56.003939 837033 aorta_component.cpp:174] [cosine_internal][AortaComponent] callback_name:/camera/hand_right_upper_depthhttp://10.42.0.101:2379
I0827 04:37:56.003968 837033 buffered_data_export.cpp:115] [cosine_internal]successfully create buffer [bus_buffer___camera__hand_right_upper_depth, type CosineDataPacket, block num 5, valid_time 0, transfer_type 0, data_size 0, mem_type 0, lib_name , ext_data_size 0, is_protobuf 0, enable_event_sync_subscriber 0], buffer id = 31
I0827 04:37:56.003980 837033 cosine_bus_message_buffer.cpp:45] [cosine_internal][CosineBusMessageBuffer] create buffer success. name:bus_buffer___camera__hand_right_upper_depth, type:CosineDataPacket, size:5
I0827 04:37:56.004043 837033 node_impl.cc:344] [aorta]CreateSubscriber topic:/camera/hand_right_upper_depth, uid:44e57a12-f20d-4b15-96e1-9c18cf822139-15534589775061933553 topic_uid:-1
I0827 04:37:56.004416 837033 aorta_component.cpp:326] [cosine_internal][AortaComponent] aorta node create subscriber. node: python3.10_S1, topic:/camera/hand_right_upper_depth, type:CosineDataPacket, qos:(history:1, depth:5, reliability:1, durability:2), uri:http://10.42.0.101:2379
I0827 04:37:56.004429 837033 aorta_subscriber.hpp:96] [cosine_internal][AortaSubscriber] initial. topic:/camera/hand_right_upper_depth, uri:
I0827 04:37:56.004451 837033 cosine_bus_manager.cpp:76] [cosine_internal][CosineBusManager] cosine bus already initialised
I0827 04:37:56.004475 837033 cosine_bus_manager.cpp:351] [cosine_internal][CosineBusManager] create default subscriber. topic name:/camera/hand_left_lower_depth
I0827 04:37:56.004482 837033 aorta_component.cpp:174] [cosine_internal][AortaComponent] callback_name:/camera/hand_left_lower_depthhttp://10.42.0.101:2379
I0827 04:37:56.004515 837033 buffered_data_export.cpp:115] [cosine_internal]successfully create buffer [bus_buffer___camera__hand_left_lower_depth, type CosineDataPacket, block num 5, valid_time 0, transfer_type 0, data_size 0, mem_type 0, lib_name , ext_data_size 0, is_protobuf 0, enable_event_sync_subscriber 0], buffer id = 32
I0827 04:37:56.004528 837033 cosine_bus_message_buffer.cpp:45] [cosine_internal][CosineBusMessageBuffer] create buffer success. name:bus_buffer___camera__hand_left_lower_depth, type:CosineDataPacket, size:5
I0827 04:37:56.004594 837033 node_impl.cc:344] [aorta]CreateSubscriber topic:/camera/hand_left_lower_depth, uid:ed231ded-c2c3-425b-83f0-12085202e078-14499789538593900557 topic_uid:-1
I0827 04:37:56.004967 837033 aorta_component.cpp:326] [cosine_internal][AortaComponent] aorta node create subscriber. node: python3.10_S1, topic:/camera/hand_left_lower_depth, type:CosineDataPacket, qos:(history:1, depth:5, reliability:1, durability:2), uri:http://10.42.0.101:2379
I0827 04:37:56.004977 837033 aorta_subscriber.hpp:96] [cosine_internal][AortaSubscriber] initial. topic:/camera/hand_left_lower_depth, uri:
I0827 04:37:56.004997 837033 cosine_bus_manager.cpp:76] [cosine_internal][CosineBusManager] cosine bus already initialised
I0827 04:37:56.005018 837033 cosine_bus_manager.cpp:351] [cosine_internal][CosineBusManager] create default subscriber. topic name:/camera/hand_right_lower_depth
I0827 04:37:56.005025 837033 aorta_component.cpp:174] [cosine_internal][AortaComponent] callback_name:/camera/hand_right_lower_depthhttp://10.42.0.101:2379
I0827 04:37:56.005061 837033 buffered_data_export.cpp:115] [cosine_internal]successfully create buffer [bus_buffer___camera__hand_right_lower_depth, type CosineDataPacket, block num 5, valid_time 0, transfer_type 0, data_size 0, mem_type 0, lib_name , ext_data_size 0, is_protobuf 0, enable_event_sync_subscriber 0], buffer id = 33
I0827 04:37:56.005074 837033 cosine_bus_message_buffer.cpp:45] [cosine_internal][CosineBusMessageBuffer] create buffer success. name:bus_buffer___camera__hand_right_lower_depth, type:CosineDataPacket, size:5
I0827 04:37:56.005141 837033 node_impl.cc:344] [aorta]CreateSubscriber topic:/camera/hand_right_lower_depth, uid:0373ec57-d0ec-43ff-95ea-5be34695900b-9839082178762803487 topic_uid:-1
I0827 04:37:56.005450 837133 centralized_discovery.cc:681] [aorta]publisher uid:2462e8fb-8772-465c-93f6-4fe9ce5a16d7-13247891859042633557 topic:/MotionControlService/JointPosition/request
I0827 04:37:56.005533 837033 aorta_component.cpp:326] [cosine_internal][AortaComponent] aorta node create subscriber. node: python3.10_S1, topic:/camera/hand_right_lower_depth, type:CosineDataPacket, qos:(history:1, depth:5, reliability:1, durability:2), uri:http://10.42.0.101:2379
I0827 04:37:56.005548 837033 aorta_subscriber.hpp:96] [cosine_internal][AortaSubscriber] initial. topic:/camera/hand_right_lower_depth, uri:
I0827 04:37:56.005672 837033 cosine_bus_manager.cpp:400] [cosine_internal][CosineBusManager] create subscriber. topic name:/pnc/task_state , middleware:aorta , need async callback:0, frame_skip_rate:1
I0827 04:37:56.005686 837033 aorta_component.cpp:174] [cosine_internal][AortaComponent] callback_name:/pnc/task_statehttp://10.42.0.101:2379
I0827 04:37:56.006235 837033 buffered_data_export.cpp:115] [cosine_internal]successfully create buffer [bus_buffer___pnc__task_state, type pnc_msgs.TaskState, block num 5, valid_time 0, transfer_type 0, data_size 0, mem_type 0, lib_name , ext_data_size 0, is_protobuf 1, enable_event_sync_subscriber 0], buffer id = 34
I0827 04:37:56.006259 837033 cosine_bus_message_buffer.cpp:45] [cosine_internal][CosineBusMessageBuffer] create buffer success. name:bus_buffer___pnc__task_state, type:pnc_msgs.TaskState, size:5
I0827 04:37:56.006352 837033 node_impl.cc:344] [aorta]CreateSubscriber topic:/pnc/task_state, uid:cc6297ff-0424-4240-9925-a723aafad3eb-9096530589114119892 topic_uid:-1
I0827 04:37:56.006727 837033 aorta_component.cpp:326] [cosine_internal][AortaComponent] aorta node create subscriber. node: python3.10_S1, topic:/pnc/task_state, type:pnc_msgs.TaskState, qos:(history:1, depth:5, reliability:1, durability:2), uri:http://10.42.0.101:2379
I0827 04:37:56.006738 837033 aorta_subscriber.hpp:96] [cosine_internal][AortaSubscriber] initial. topic:/pnc/task_state, uri:
I0827 04:37:56.006757 837033 cosine_bus_manager.cpp:400] [cosine_internal][CosineBusManager] create subscriber. topic name:/pnc/task_service/normal_navigation/response , middleware:aorta , need async callback:0, frame_skip_rate:1
I0827 04:37:56.006764 837033 aorta_component.cpp:174] [cosine_internal][AortaComponent] callback_name:/pnc/task_service/normal_navigation/responsehttp://10.42.0.101:2379
I0827 04:37:56.006814 837033 buffered_data_export.cpp:115] [cosine_internal]successfully create buffer [bus_buffer___pnc__task_service__normal_navigation__response, type pnc_msgs.NormalNavigationResponse, block num 5, valid_time 0, transfer_type 0, data_size 0, mem_type 0, lib_name , ext_data_size 0, is_protobuf 1, enable_event_sync_subscriber 0], buffer id = 35
I0827 04:37:56.006829 837033 cosine_bus_message_buffer.cpp:45] [cosine_internal][CosineBusMessageBuffer] create buffer success. name:bus_buffer___pnc__task_service__normal_navigation__response, type:pnc_msgs.NormalNavigationResponse, size:5
I0827 04:37:56.006899 837033 node_impl.cc:344] [aorta]CreateSubscriber topic:/pnc/task_service/normal_navigation/response, uid:31499704-9403-43db-9444-d134a4687449-7227396448010854466 topic_uid:-1
I0827 04:37:56.007344 837033 aorta_component.cpp:326] [cosine_internal][AortaComponent] aorta node create subscriber. node: python3.10_S1, topic:/pnc/task_service/normal_navigation/response, type:pnc_msgs.NormalNavigationResponse, qos:(history:1, depth:5, reliability:1, durability:2), uri:http://10.42.0.101:2379
I0827 04:37:56.007355 837033 aorta_subscriber.hpp:96] [cosine_internal][AortaSubscriber] initial. topic:/pnc/task_service/normal_navigation/response, uri:
I0827 04:37:56.007369 837033 cosine_bus_manager.cpp:400] [cosine_internal][CosineBusManager] create subscriber. topic name:/pnc/task_service/high_precision_navigation/response , middleware:aorta , need async callback:0, frame_skip_rate:1
I0827 04:37:56.007377 837033 aorta_component.cpp:174] [cosine_internal][AortaComponent] callback_name:/pnc/task_service/high_precision_navigation/responsehttp://10.42.0.101:2379
I0827 04:37:56.007416 837033 buffered_data_export.cpp:115] [cosine_internal]successfully create buffer [bus_buffer___pnc__task_service__high_precision_navigation__response, type pnc_msgs.HighPrecisionNavigationResponse, block num 5, valid_time 0, transfer_type 0, data_size 0, mem_type 0, lib_name , ext_data_size 0, is_protobuf 1, enable_event_sync_subscriber 0], buffer id = 36
I0827 04:37:56.007427 837033 cosine_bus_message_buffer.cpp:45] [cosine_internal][CosineBusMessageBuffer] create buffer success. name:bus_buffer___pnc__task_service__high_precision_navigation__response, type:pnc_msgs.HighPrecisionNavigationResponse, size:5
I0827 04:37:56.007551 837033 node_impl.cc:344] [aorta]CreateSubscriber topic:/pnc/task_service/high_precision_navigation/response, uid:850469ef-77a4-4c1b-b320-bca8981bcf76-4701876173029784314 topic_uid:-1
I0827 04:37:56.007939 837033 aorta_component.cpp:326] [cosine_internal][AortaComponent] aorta node create subscriber. node: python3.10_S1, topic:/pnc/task_service/high_precision_navigation/response, type:pnc_msgs.HighPrecisionNavigationResponse, qos:(history:1, depth:5, reliability:1, durability:2), uri:http://10.42.0.101:2379
I0827 04:37:56.007949 837033 aorta_subscriber.hpp:96] [cosine_internal][AortaSubscriber] initial. topic:/pnc/task_service/high_precision_navigation/response, uri:
I0827 04:37:56.007961 837033 cosine_bus_manager.cpp:400] [cosine_internal][CosineBusManager] create subscriber. topic name:/pnc/task_service/relative_move/response , middleware:aorta , need async callback:0, frame_skip_rate:1
I0827 04:37:56.007968 837033 aorta_component.cpp:174] [cosine_internal][AortaComponent] callback_name:/pnc/task_service/relative_move/responsehttp://10.42.0.101:2379
I0827 04:37:56.008008 837033 buffered_data_export.cpp:115] [cosine_internal]successfully create buffer [bus_buffer___pnc__task_service__relative_move__response, type pnc_msgs.RelativeMoveResponse, block num 5, valid_time 0, transfer_type 0, data_size 0, mem_type 0, lib_name , ext_data_size 0, is_protobuf 1, enable_event_sync_subscriber 0], buffer id = 37
I0827 04:37:56.008020 837033 cosine_bus_message_buffer.cpp:45] [cosine_internal][CosineBusMessageBuffer] create buffer success. name:bus_buffer___pnc__task_service__relative_move__response, type:pnc_msgs.RelativeMoveResponse, size:5
I0827 04:37:56.008090 837033 node_impl.cc:344] [aorta]CreateSubscriber topic:/pnc/task_service/relative_move/response, uid:401e3068-e447-45fe-8075-9c4684e00cdd-4077207897147431090 topic_uid:-1
I0827 04:37:56.008160 837133 centralized_discovery.cc:681] [aorta]publisher uid:1505bf98-3ac7-4fb4-ab84-85a412ff532a-7079047142913889307 topic:/MotionControlService/ControlMode/request
I0827 04:37:56.008483 837033 aorta_component.cpp:326] [cosine_internal][AortaComponent] aorta node create subscriber. node: python3.10_S1, topic:/pnc/task_service/relative_move/response, type:pnc_msgs.RelativeMoveResponse, qos:(history:1, depth:5, reliability:1, durability:2), uri:http://10.42.0.101:2379
I0827 04:37:56.008493 837033 aorta_subscriber.hpp:96] [cosine_internal][AortaSubscriber] initial. topic:/pnc/task_service/relative_move/response, uri:
I0827 04:37:56.008507 837033 cosine_bus_manager.cpp:400] [cosine_internal][CosineBusManager] create subscriber. topic name:/pnc/task_service/task_cancel/response , middleware:aorta , need async callback:0, frame_skip_rate:1
I0827 04:37:56.008513 837033 aorta_component.cpp:174] [cosine_internal][AortaComponent] callback_name:/pnc/task_service/task_cancel/responsehttp://10.42.0.101:2379
I0827 04:37:56.008550 837033 buffered_data_export.cpp:115] [cosine_internal]successfully create buffer [bus_buffer___pnc__task_service__task_cancel__response, type pnc_msgs.TaskCancelResponse, block num 5, valid_time 0, transfer_type 0, data_size 0, mem_type 0, lib_name , ext_data_size 0, is_protobuf 1, enable_event_sync_subscriber 0], buffer id = 38
I0827 04:37:56.008565 837033 cosine_bus_message_buffer.cpp:45] [cosine_internal][CosineBusMessageBuffer] create buffer success. name:bus_buffer___pnc__task_service__task_cancel__response, type:pnc_msgs.TaskCancelResponse, size:5
I0827 04:37:56.008628 837033 node_impl.cc:344] [aorta]CreateSubscriber topic:/pnc/task_service/task_cancel/response, uid:c37b31eb-7b68-4559-83ed-53ec76e71e86-3654631836754090917 topic_uid:-1
I0827 04:37:56.009020 837033 aorta_component.cpp:326] [cosine_internal][AortaComponent] aorta node create subscriber. node: python3.10_S1, topic:/pnc/task_service/task_cancel/response, type:pnc_msgs.TaskCancelResponse, qos:(history:1, depth:5, reliability:1, durability:2), uri:http://10.42.0.101:2379
I0827 04:37:56.009032 837033 aorta_subscriber.hpp:96] [cosine_internal][AortaSubscriber] initial. topic:/pnc/task_service/task_cancel/response, uri:
I0827 04:37:56.009043 837033 cosine_bus_manager.cpp:400] [cosine_internal][CosineBusManager] create subscriber. topic name:/pnc/task_service/task_pause/response , middleware:aorta , need async callback:0, frame_skip_rate:1
I0827 04:37:56.009050 837033 aorta_component.cpp:174] [cosine_internal][AortaComponent] callback_name:/pnc/task_service/task_pause/responsehttp://10.42.0.101:2379
