Log file created at: 2025/08/27 00:06:44
Running on machine: G2
Log line format: [IWEF]mmdd hh:mm:ss.uuuuuu threadid file:line] msg
I0827 00:06:44.550304 709085 dylog_impl.cpp:641] [DYLOG] set dylog default level to INFO
I0827 00:06:44.550379 709085 dylog_impl.cpp:690] [DYLOG] soc num : R2
I0827 00:06:44.550393 709085 dylog_impl.cpp:695] [DYLOG] can't read scene_mode, use sud
W0827 00:06:44.550420 709085 dylog_impl.cpp:757] [DYLOG] can't find available json config file with path : /home/agi/app/conf/scene_server/dylog_sud_default.json, use default.
I0827 00:06:44.550570 709085 dylog_impl.cpp:293] [DYLOG] register dsd_name : dylog/python3.10/cosine_internal
I0827 00:06:44.554076 709085 cosine_bus_manager.cpp:88] [cosine_internal][CosineBusManager] cosine bus config path not set, use default config.
I0827 00:06:44.554118 709085 cosine_bus_manager.cpp:118] [cosine_internal][CosineBusManager] initial cosine_bus_config:
I0827 00:06:44.556210 709085 cosine_bus_global_sync.cpp:30] [cosine_internal][BusGlobalSync] set default middleware name:aorta
I0827 00:06:44.556249 709085 scheduler_classic.cpp:28] [cosine_internal]Proc number set to be: 1
I0827 00:06:44.557993 709085 dynamic_object.cpp:521] [cosine_internal][DynamicObject] open libdynamic_aorta.so success.
I0827 00:06:44.558185 709085 dynamic_object.cpp:581] [cosine_internal][DynamicObject] Successfully enumerated 57 symbols in libdynamic_aorta.so
I0827 00:06:44.558197 709085 resource_loader.cpp:13] [cosine_internal][ResourceLoader] Attempting to load function: aorta_get_object
I0827 00:06:44.558200 709085 resource_loader.cpp:17] [cosine_internal][ResourceLoader] Trying address() method for C++ symbol: aorta_get_object
I0827 00:06:44.558207 709085 resource_loader.cpp:20] [cosine_internal][ResourceLoader] Successfully loaded C++ symbol: aorta_get_object
I0827 00:06:44.558211 709085 resource_loader.cpp:13] [cosine_internal][ResourceLoader] Attempting to load function: aorta_call_object_func
I0827 00:06:44.558214 709085 resource_loader.cpp:17] [cosine_internal][ResourceLoader] Trying address() method for C++ symbol: aorta_call_object_func
I0827 00:06:44.558220 709085 resource_loader.cpp:20] [cosine_internal][ResourceLoader] Successfully loaded C++ symbol: aorta_call_object_func
I0827 00:06:44.558223 709085 resource_loader.cpp:13] [cosine_internal][ResourceLoader] Attempting to load function: aorta_clean_up
I0827 00:06:44.558228 709085 resource_loader.cpp:17] [cosine_internal][ResourceLoader] Trying address() method for C++ symbol: aorta_clean_up
I0827 00:06:44.558241 709085 resource_loader.cpp:25] [cosine_internal][ResourceLoader] C++ symbol failed, trying c_address() method for C symbol: aorta_clean_up
I0827 00:06:44.558246 709085 resource_loader.cpp:28] [cosine_internal][ResourceLoader] Successfully loaded C symbol: aorta_clean_up
W0827 00:06:44.558255 709085 aorta_component.cpp:90] [cosine_internal]Environment variable [LOCATOR_IP/DDS_IP] not set, fallback to 10.42.0.101
I0827 00:06:44.558260 709085 aorta_component.cpp:496] [cosine_internal][AortaComponent] locator_ip: 10.42.0.101; Check network before domain init 
I0827 00:06:44.558305 709085 clock.cpp:22] [cosine_internal]load ptp time source from: libptp_clock_time.so
I0827 00:06:44.558506 709085 dynamic_object.cpp:521] [cosine_internal][DynamicObject] open libptp_clock_time.so success.
I0827 00:06:44.558997 709085 aorta_component.cpp:515] [cosine_internal][AortaComponent] Network check start. locator_ip: 10.42.0.101, timeout: 60 seconds , check_start_time: 1756224404
I0827 00:06:44.559019 709085 aorta_component.cpp:526] [cosine_internal][AortaComponent] locator_ip: 10.42.0.101; network is ready.
I0827 00:06:44.559072 709085 dylog_impl.cpp:293] [DYLOG] register dsd_name : dylog/python3.10/aorta
I0827 00:06:44.559237 709085 pcie_config.cc:52] [aorta]Get one valid pcie channel. producer: soc-s3 app-map_loc_app endpoint-nvscic2c_pcie_s3_c7_11 consumer: soc-s1 app-worldmodel endpoint-nvscic2c_pcie_s1_c7_11
I0827 00:06:44.559332 709085 os.cc:88] [aorta]Got host_id from system files: Huixi R1ROBOR2
I0827 00:06:44.559376 709085 pcie_manager.cc:71] [aorta]There is no pcie config in current process.
I0827 00:06:44.559734 709085 message_monitor_config.cc:398] [aorta]run in  mode
I0827 00:06:44.561158 709085 domain_impl.cc:58] [aorta]aorta version:7b1b7ddc
I0827 00:06:44.561194 709085 json_comm.cc:35] [aorta]file path: /home/agi/app/conf/topology/topology_rule.json not exist.
I0827 00:06:44.561211 709085 message_monitor_config.cc:398] [aorta]run in  mode
I0827 00:06:44.562698 709085 message_monitor_config.cc:731] [aorta]message monitor is updated from /home/agi/app/conf/aorta/function/aorta_monitor_conf.json
I0827 00:06:44.564009 709085 discovery_factory.cc:14] [aorta]type:1, host:10.42.0.101, port:2379, ttl:15, minor_cycle:100, major_cycle:3
I0827 00:06:44.564474 709085 config.cc:53] [aorta]AORTA_IP_MASK not set.
I0827 00:06:44.564486 709085 discovery.cc:245] [aorta]get ip masks empty.
I0827 00:06:44.564493 709085 config.cc:200] [aorta]AORTA_EXTRA_LOCAL_IPS not set.
I0827 00:06:44.564497 709085 discovery.cc:266] [aorta]local_publisher_ips_ empty.
I0827 00:06:44.564519 709085 config.cc:124] [aorta]ip match, ip:127.0.0.1
I0827 00:06:44.564527 709085 discovery.cc:275] [aorta]default emplace ip:10.42.0.101
I0827 00:06:44.564531 709085 discovery.cc:275] [aorta]default emplace ip:10.42.12.101
I0827 00:06:44.564534 709085 discovery.cc:275] [aorta]default emplace ip:10.42.1.101
I0827 00:06:44.564536 709085 discovery.cc:275] [aorta]default emplace ip:192.168.1.101
I0827 00:06:44.564540 709085 discovery.cc:275] [aorta]default emplace ip:10.42.30.101
I0827 00:06:44.564543 709085 discovery.cc:275] [aorta]default emplace ip:10.42.40.101
I0827 00:06:44.564545 709085 discovery.cc:275] [aorta]default emplace ip:10.20.15.199
I0827 00:06:44.564548 709085 discovery.cc:275] [aorta]default emplace ip:10.42.6.101
I0827 00:06:44.564553 709085 centralized_discovery.cc:55] [aorta]lease_ttl_:15
I0827 00:06:44.565078 709085 aorta_component.cpp:561] [cosine_internal][AortaComponent] aorta create domain success. uri:http://10.42.0.101:2379
I0827 00:06:44.565227 709085 aorta_component.cpp:447] [cosine_internal][AortaComponent] aorta domain created node: python3.10_S1 , domain_uri:http://10.42.0.101:2379
I0827 00:06:44.565235 709085 aorta_component.cpp:126] [cosine_internal][AortaComponent] aorta component init success. node:python3.10_S1, uri:http://10.42.0.101:2379, locator_kind(1:shm,2:tcp,3:udp):2, locator_ip:10.42.0.101, locator_port:0, aorta_dispatcher_thread_num:1
I0827 00:06:44.565455 709187 processor.cpp:40] [cosine_internal]processor_tid: 709187
I0827 00:06:44.573228 709196 executor_impl.cc:91] [aorta]aorta-dispatch0 start spinning
I0827 00:06:44.580837 709195 centralized_discovery.cc:1110] [aorta]poll thread: revision:628
I0827 00:06:44.580943 709195 centralized_discovery.cc:1123] [aorta]inotify_fd_:15 inotify_watch_:1 inotify_watch_path:/home/agi/app/conf/aorta/function
I0827 00:06:44.582449 709195 centralized_discovery.cc:615] [aorta]grant lease for node python3.10_S1 lease_id = 7587889064995109599
I0827 00:06:44.583679 709195 watch_state.cc:54] [aorta]watch connect success.
I0827 00:06:44.584487 709195 centralized_discovery.cc:1615] [aorta]recv watch response created.
I0827 00:06:49.989372 709085 cosine_bus_manager.cpp:294] [cosine_internal][CosineBusManager] create publisher. topic name:/gdk/config_request , middleware:aorta
I0827 00:06:49.990211 709085 tcp_publisher.cc:179] [aorta]topic /gdk/config_request, pub_queue_size_ 5, latch_queue_size_ 0
I0827 00:06:49.990454 710728 tcp_socket_server.cc:200] [aorta]The ip info is0.0.0.0:38795
I0827 00:06:49.990599 710728 shm_socket_server.cc:101] [aorta][/gdk/config_request] bind at pipe sock name d2379|python3.10|p709085|n0|/gdk/config_request|p0
I0827 00:06:49.990692 709085 node_impl.cc:198] [aorta]CreatePublisher, host:0.0.0.0, port:38795, sockname:d2379|python3.10|p709085|n0|/gdk/config_request|p0, topic:/gdk/config_request, uid:5d103594-4903-4958-98a3-17691ccb0e94-4991715019463590898 topic_uid:-1
I0827 00:06:49.990727 709085 aorta_component.cpp:394] [cosine_internal][AortaComponent] aorta node create publisher. node: python3.10_S1, topic:/gdk/config_request, type:genie_msgs.msg.pb.CommonRequest, qos:(history:1, depth:5, reliability:1, durability:2), uri:http://10.42.0.101:2379
I0827 00:06:49.990769 709085 aorta_publisher.cpp:119] [cosine_internal][AortaPublisher] publisher initialize. topic:/gdk/config_request, uri:
I0827 00:06:49.990784 709085 dylog_impl.cpp:293] [DYLOG] register dsd_name : dylog/python3.10/GDK
I0827 00:06:49.990818 709195 centralized_discovery.cc:681] [aorta]publisher uid:5d103594-4903-4958-98a3-17691ccb0e94-4991715019463590898 topic:/gdk/config_request
I0827 00:06:49.990823 709085 publisher.cpp:27] [GDK]create publisher: /gdk/config_request type: genie_msgs.msg.pb.CommonRequest qos: 1 1 5 2
I0827 00:06:49.990847 709085 cosine_bus_manager.cpp:294] [cosine_internal][CosineBusManager] create publisher. topic name:/gdk/camera_conf_request , middleware:aorta
I0827 00:06:49.991312 709085 tcp_publisher.cc:179] [aorta]topic /gdk/camera_conf_request, pub_queue_size_ 5, latch_queue_size_ 0
I0827 00:06:49.991392 710728 tcp_socket_server.cc:200] [aorta]The ip info is0.0.0.0:38681
I0827 00:06:49.991479 710728 shm_socket_server.cc:101] [aorta][/gdk/camera_conf_request] bind at pipe sock name d2379|python3.10|p709085|n0|/gdk/camera_conf_request|p1
I0827 00:06:49.991534 709085 node_impl.cc:198] [aorta]CreatePublisher, host:0.0.0.0, port:38681, sockname:d2379|python3.10|p709085|n0|/gdk/camera_conf_request|p1, topic:/gdk/camera_conf_request, uid:a59bef05-1459-4b08-ba2b-738a2f8c30c6-9117180461459404870 topic_uid:-1
I0827 00:06:49.991554 709085 aorta_component.cpp:394] [cosine_internal][AortaComponent] aorta node create publisher. node: python3.10_S1, topic:/gdk/camera_conf_request, type:genie_msgs.msg.pb.CommonRequest, qos:(history:1, depth:5, reliability:1, durability:2), uri:http://10.42.0.101:2379
I0827 00:06:49.991587 709085 aorta_publisher.cpp:119] [cosine_internal][AortaPublisher] publisher initialize. topic:/gdk/camera_conf_request, uri:
I0827 00:06:49.991596 709085 publisher.cpp:27] [GDK]create publisher: /gdk/camera_conf_request type: genie_msgs.msg.pb.CommonRequest qos: 1 1 5 2
I0827 00:06:49.991613 709085 cosine_bus_manager.cpp:400] [cosine_internal][CosineBusManager] create subscriber. topic name:/gdk/config_response , middleware:aorta , need async callback:0, frame_skip_rate:1
I0827 00:06:49.991624 709085 aorta_component.cpp:174] [cosine_internal][AortaComponent] callback_name:/gdk/config_responsehttp://10.42.0.101:2379
I0827 00:06:49.991703 709085 dynamic_object.cpp:521] [cosine_internal][DynamicObject] open  success.
I0827 00:06:49.991875 709085 buffered_data_export.cpp:115] [cosine_internal]successfully create buffer [bus_buffer___gdk__config_response, type genie_msgs.msg.pb.CommonResponse, block num 5, valid_time 0, transfer_type 0, data_size 0, mem_type 0, lib_name , ext_data_size 0, is_protobuf 1, enable_event_sync_subscriber 0], buffer id = 1
I0827 00:06:49.991902 709085 cosine_bus_message_buffer.cpp:45] [cosine_internal][CosineBusMessageBuffer] create buffer success. name:bus_buffer___gdk__config_response, type:genie_msgs.msg.pb.CommonResponse, size:5
I0827 00:06:49.991998 709085 node_impl.cc:344] [aorta]CreateSubscriber topic:/gdk/config_response, uid:806dcc3c-e194-48ac-8ba1-f05fe7c47042-9533047780102618842 topic_uid:-1
I0827 00:06:49.992632 709195 centralized_discovery.cc:681] [aorta]publisher uid:a59bef05-1459-4b08-ba2b-738a2f8c30c6-9117180461459404870 topic:/gdk/camera_conf_request
I0827 00:06:49.992658 709085 aorta_component.cpp:326] [cosine_internal][AortaComponent] aorta node create subscriber. node: python3.10_S1, topic:/gdk/config_response, type:genie_msgs.msg.pb.CommonResponse, qos:(history:1, depth:5, reliability:1, durability:2), uri:http://10.42.0.101:2379
I0827 00:06:49.992946 709085 aorta_subscriber.hpp:96] [cosine_internal][AortaSubscriber] initial. topic:/gdk/config_response, uri:
I0827 00:06:49.992975 709085 cosine_bus_manager.cpp:400] [cosine_internal][CosineBusManager] create subscriber. topic name:/gdk/camera_conf_response , middleware:aorta , need async callback:0, frame_skip_rate:1
I0827 00:06:49.992985 709085 aorta_component.cpp:174] [cosine_internal][AortaComponent] callback_name:/gdk/camera_conf_responsehttp://10.42.0.101:2379
I0827 00:06:49.993055 709085 buffered_data_export.cpp:115] [cosine_internal]successfully create buffer [bus_buffer___gdk__camera_conf_response, type genie_msgs.msg.pb.CommonResponse, block num 5, valid_time 0, transfer_type 0, data_size 0, mem_type 0, lib_name , ext_data_size 0, is_protobuf 1, enable_event_sync_subscriber 0], buffer id = 2
I0827 00:06:49.993072 709085 cosine_bus_message_buffer.cpp:45] [cosine_internal][CosineBusMessageBuffer] create buffer success. name:bus_buffer___gdk__camera_conf_response, type:genie_msgs.msg.pb.CommonResponse, size:5
I0827 00:06:49.993177 709085 node_impl.cc:344] [aorta]CreateSubscriber topic:/gdk/camera_conf_response, uid:c10555b0-e8f5-44b3-9131-aaa1f2a51bc3-3551884323222435368 topic_uid:-1
I0827 00:06:49.993647 709085 aorta_component.cpp:326] [cosine_internal][AortaComponent] aorta node create subscriber. node: python3.10_S1, topic:/gdk/camera_conf_response, type:genie_msgs.msg.pb.CommonResponse, qos:(history:1, depth:5, reliability:1, durability:2), uri:http://10.42.0.101:2379
I0827 00:06:49.993659 709085 aorta_subscriber.hpp:96] [cosine_internal][AortaSubscriber] initial. topic:/gdk/camera_conf_response, uri:
I0827 00:06:49.993770 709085 cosine_bus_manager.cpp:400] [cosine_internal][CosineBusManager] create subscriber. topic name:/hal/joint_state , middleware:aorta , need async callback:0, frame_skip_rate:1
I0827 00:06:49.993783 709085 aorta_component.cpp:174] [cosine_internal][AortaComponent] callback_name:/hal/joint_statehttp://10.42.0.101:2379
I0827 00:06:49.993932 709195 centralized_discovery.cc:733] [aorta]subscriber uid:806dcc3c-e194-48ac-8ba1-f05fe7c47042-9533047780102618842 topic:/gdk/config_response
I0827 00:06:49.993952 709085 buffered_data_export.cpp:115] [cosine_internal]successfully create buffer [bus_buffer___hal__joint_state, type genie_msgs.msg.pb.JointState, block num 5, valid_time 0, transfer_type 0, data_size 0, mem_type 0, lib_name , ext_data_size 0, is_protobuf 1, enable_event_sync_subscriber 0], buffer id = 3
I0827 00:06:49.993969 709085 cosine_bus_message_buffer.cpp:45] [cosine_internal][CosineBusMessageBuffer] create buffer success. name:bus_buffer___hal__joint_state, type:genie_msgs.msg.pb.JointState, size:5
I0827 00:06:49.994064 709085 node_impl.cc:344] [aorta]CreateSubscriber topic:/hal/joint_state, uid:e9aad652-cec7-4cbc-b1ee-a88c13448e17-17784787521228097140 topic_uid:-1
I0827 00:06:49.994765 709085 aorta_component.cpp:326] [cosine_internal][AortaComponent] aorta node create subscriber. node: python3.10_S1, topic:/hal/joint_state, type:genie_msgs.msg.pb.JointState, qos:(history:1, depth:5, reliability:1, durability:2), uri:http://10.42.0.101:2379
I0827 00:06:49.994781 709085 aorta_subscriber.hpp:96] [cosine_internal][AortaSubscriber] initial. topic:/hal/joint_state, uri:
I0827 00:06:49.994800 709085 cosine_bus_manager.cpp:400] [cosine_internal][CosineBusManager] create subscriber. topic name:/hal/whole_body_status , middleware:aorta , need async callback:0, frame_skip_rate:1
I0827 00:06:49.994810 709085 aorta_component.cpp:174] [cosine_internal][AortaComponent] callback_name:/hal/whole_body_statushttp://10.42.0.101:2379
I0827 00:06:49.994978 709085 buffered_data_export.cpp:115] [cosine_internal]successfully create buffer [bus_buffer___hal__whole_body_status, type genie_msgs.msg.pb.WholeBodyStatus, block num 5, valid_time 0, transfer_type 0, data_size 0, mem_type 0, lib_name , ext_data_size 0, is_protobuf 1, enable_event_sync_subscriber 0], buffer id = 4
I0827 00:06:49.995000 709085 cosine_bus_message_buffer.cpp:45] [cosine_internal][CosineBusMessageBuffer] create buffer success. name:bus_buffer___hal__whole_body_status, type:genie_msgs.msg.pb.WholeBodyStatus, size:5
I0827 00:06:49.995041 710732 shm_subscriber.cc:120] [aorta]subscriber connect to publisher success, topic /gdk/config_response, local d2379|python3.10|p709085|n0|s0|c0, peer d2379|gdk_service|p8963|n0|/gdk/config_response|p0
I0827 00:06:49.995127 709085 node_impl.cc:344] [aorta]CreateSubscriber topic:/hal/whole_body_status, uid:986f1da4-e0d6-4805-9539-f0646dbc17ff-4082625946824470290 topic_uid:-1
I0827 00:06:49.995158 709195 centralized_discovery.cc:733] [aorta]subscriber uid:c10555b0-e8f5-44b3-9131-aaa1f2a51bc3-3551884323222435368 topic:/gdk/camera_conf_response
I0827 00:06:49.995611 709085 aorta_component.cpp:326] [cosine_internal][AortaComponent] aorta node create subscriber. node: python3.10_S1, topic:/hal/whole_body_status, type:genie_msgs.msg.pb.WholeBodyStatus, qos:(history:1, depth:5, reliability:1, durability:2), uri:http://10.42.0.101:2379
I0827 00:06:49.995625 709085 aorta_subscriber.hpp:96] [cosine_internal][AortaSubscriber] initial. topic:/hal/whole_body_status, uri:
I0827 00:06:49.995640 709085 cosine_bus_manager.cpp:400] [cosine_internal][CosineBusManager] create subscriber. topic name:/hal/left_ee_data , middleware:aorta , need async callback:0, frame_skip_rate:1
I0827 00:06:49.995648 709085 aorta_component.cpp:174] [cosine_internal][AortaComponent] callback_name:/hal/left_ee_datahttp://10.42.0.101:2379
I0827 00:06:49.995800 709085 buffered_data_export.cpp:115] [cosine_internal]successfully create buffer [bus_buffer___hal__left_ee_data, type genie_msgs.msg.pb.EndState, block num 5, valid_time 0, transfer_type 0, data_size 0, mem_type 0, lib_name , ext_data_size 0, is_protobuf 1, enable_event_sync_subscriber 0], buffer id = 5
I0827 00:06:49.995817 709085 cosine_bus_message_buffer.cpp:45] [cosine_internal][CosineBusMessageBuffer] create buffer success. name:bus_buffer___hal__left_ee_data, type:genie_msgs.msg.pb.EndState, size:5
I0827 00:06:49.995903 709085 node_impl.cc:344] [aorta]CreateSubscriber topic:/hal/left_ee_data, uid:24faa9e8-2007-4758-ba23-01e9f201533b-6411614143165937964 topic_uid:-1
I0827 00:06:49.996271 710732 shm_subscriber.cc:120] [aorta]subscriber connect to publisher success, topic /gdk/camera_conf_response, local d2379|python3.10|p709085|n0|s1|c0, peer d2379|gdk_service|p8963|n0|/gdk/camera_conf_response|p1
I0827 00:06:49.996348 709085 aorta_component.cpp:326] [cosine_internal][AortaComponent] aorta node create subscriber. node: python3.10_S1, topic:/hal/left_ee_data, type:genie_msgs.msg.pb.EndState, qos:(history:1, depth:5, reliability:1, durability:2), uri:http://10.42.0.101:2379
I0827 00:06:49.996358 709085 aorta_subscriber.hpp:96] [cosine_internal][AortaSubscriber] initial. topic:/hal/left_ee_data, uri:
I0827 00:06:49.996372 709085 cosine_bus_manager.cpp:400] [cosine_internal][CosineBusManager] create subscriber. topic name:/hal/right_ee_data , middleware:aorta , need async callback:0, frame_skip_rate:1
I0827 00:06:49.996379 709085 aorta_component.cpp:174] [cosine_internal][AortaComponent] callback_name:/hal/right_ee_datahttp://10.42.0.101:2379
I0827 00:06:49.996414 709085 buffered_data_export.cpp:115] [cosine_internal]successfully create buffer [bus_buffer___hal__right_ee_data, type genie_msgs.msg.pb.EndState, block num 5, valid_time 0, transfer_type 0, data_size 0, mem_type 0, lib_name , ext_data_size 0, is_protobuf 1, enable_event_sync_subscriber 0], buffer id = 6
I0827 00:06:49.996426 709085 cosine_bus_message_buffer.cpp:45] [cosine_internal][CosineBusMessageBuffer] create buffer success. name:bus_buffer___hal__right_ee_data, type:genie_msgs.msg.pb.EndState, size:5
I0827 00:06:49.996424 709195 centralized_discovery.cc:733] [aorta]subscriber uid:e9aad652-cec7-4cbc-b1ee-a88c13448e17-17784787521228097140 topic:/hal/joint_state
I0827 00:06:49.996498 709085 node_impl.cc:344] [aorta]CreateSubscriber topic:/hal/right_ee_data, uid:3582a8ef-1f3e-4f86-8311-4dd6db562023-5071795120000351093 topic_uid:-1
I0827 00:06:49.996938 709085 aorta_component.cpp:326] [cosine_internal][AortaComponent] aorta node create subscriber. node: python3.10_S1, topic:/hal/right_ee_data, type:genie_msgs.msg.pb.EndState, qos:(history:1, depth:5, reliability:1, durability:2), uri:http://10.42.0.101:2379
I0827 00:06:49.996950 709085 aorta_subscriber.hpp:96] [cosine_internal][AortaSubscriber] initial. topic:/hal/right_ee_data, uri:
I0827 00:06:49.996963 709085 cosine_bus_manager.cpp:400] [cosine_internal][CosineBusManager] create subscriber. topic name:/hal/chassis_power_state , middleware:aorta , need async callback:0, frame_skip_rate:1
I0827 00:06:49.996969 709085 aorta_component.cpp:174] [cosine_internal][AortaComponent] callback_name:/hal/chassis_power_statehttp://10.42.0.101:2379
I0827 00:06:49.997298 709085 buffered_data_export.cpp:115] [cosine_internal]successfully create buffer [bus_buffer___hal__chassis_power_state, type genie_msgs.msg.pb.ChassisPowerState, block num 5, valid_time 0, transfer_type 0, data_size 0, mem_type 0, lib_name , ext_data_size 0, is_protobuf 1, enable_event_sync_subscriber 0], buffer id = 7
I0827 00:06:49.997316 709085 cosine_bus_message_buffer.cpp:45] [cosine_internal][CosineBusMessageBuffer] create buffer success. name:bus_buffer___hal__chassis_power_state, type:genie_msgs.msg.pb.ChassisPowerState, size:5
I0827 00:06:49.997398 709085 node_impl.cc:344] [aorta]CreateSubscriber topic:/hal/chassis_power_state, uid:86eab3b1-ff64-40bd-8634-1e7eea8b653a-13624413023349153968 topic_uid:-1
I0827 00:06:49.997658 710732 shm_subscriber.cc:120] [aorta]subscriber connect to publisher success, topic /hal/joint_state, local d2379|python3.10|p709085|n0|s2|c0, peer d2379|hal|p8969|n0|/hal/joint_state|p0
I0827 00:06:49.997720 709195 centralized_discovery.cc:733] [aorta]subscriber uid:986f1da4-e0d6-4805-9539-f0646dbc17ff-4082625946824470290 topic:/hal/whole_body_status
I0827 00:06:49.997872 709085 aorta_component.cpp:326] [cosine_internal][AortaComponent] aorta node create subscriber. node: python3.10_S1, topic:/hal/chassis_power_state, type:genie_msgs.msg.pb.ChassisPowerState, qos:(history:1, depth:5, reliability:1, durability:2), uri:http://10.42.0.101:2379
I0827 00:06:49.997884 709085 aorta_subscriber.hpp:96] [cosine_internal][AortaSubscriber] initial. topic:/hal/chassis_power_state, uri:
I0827 00:06:49.997900 709085 cosine_bus_manager.cpp:400] [cosine_internal][CosineBusManager] create subscriber. topic name:/hal/chest_power_state , middleware:aorta , need async callback:0, frame_skip_rate:1
I0827 00:06:49.997907 709085 aorta_component.cpp:174] [cosine_internal][AortaComponent] callback_name:/hal/chest_power_statehttp://10.42.0.101:2379
I0827 00:06:49.998085 709085 buffered_data_export.cpp:115] [cosine_internal]successfully create buffer [bus_buffer___hal__chest_power_state, type genie_msgs.msg.pb.ChestPowerState, block num 5, valid_time 0, transfer_type 0, data_size 0, mem_type 0, lib_name , ext_data_size 0, is_protobuf 1, enable_event_sync_subscriber 0], buffer id = 8
I0827 00:06:49.998102 709085 cosine_bus_message_buffer.cpp:45] [cosine_internal][CosineBusMessageBuffer] create buffer success. name:bus_buffer___hal__chest_power_state, type:genie_msgs.msg.pb.ChestPowerState, size:5
I0827 00:06:49.998190 709085 node_impl.cc:344] [aorta]CreateSubscriber topic:/hal/chest_power_state, uid:9b14741b-008c-455e-b5a4-9caa9387bc18-8918795574175434775 topic_uid:-1
I0827 00:06:49.998627 709085 aorta_component.cpp:326] [cosine_internal][AortaComponent] aorta node create subscriber. node: python3.10_S1, topic:/hal/chest_power_state, type:genie_msgs.msg.pb.ChestPowerState, qos:(history:1, depth:5, reliability:1, durability:2), uri:http://10.42.0.101:2379
I0827 00:06:49.998638 709085 aorta_subscriber.hpp:96] [cosine_internal][AortaSubscriber] initial. topic:/hal/chest_power_state, uri:
I0827 00:06:49.998705 709085 cosine_bus_manager.cpp:294] [cosine_internal][CosineBusManager] create publisher. topic name:/hal/joint_cmd , middleware:aorta
I0827 00:06:49.998873 710732 shm_subscriber.cc:120] [aorta]subscriber connect to publisher success, topic /hal/whole_body_status, local d2379|python3.10|p709085|n0|s3|c0, peer d2379|hal|p8969|n0|/hal/whole_body_status|p1
I0827 00:06:49.998925 709195 centralized_discovery.cc:733] [aorta]subscriber uid:24faa9e8-2007-4758-ba23-01e9f201533b-6411614143165937964 topic:/hal/left_ee_data
I0827 00:06:49.999173 709085 tcp_publisher.cc:179] [aorta]topic /hal/joint_cmd, pub_queue_size_ 5, latch_queue_size_ 0
I0827 00:06:49.999264 710728 tcp_socket_server.cc:200] [aorta]The ip info is0.0.0.0:35847
I0827 00:06:49.999382 710728 shm_socket_server.cc:101] [aorta][/hal/joint_cmd] bind at pipe sock name d2379|python3.10|p709085|n0|/hal/joint_cmd|p2
I0827 00:06:49.999461 709085 node_impl.cc:198] [aorta]CreatePublisher, host:0.0.0.0, port:35847, sockname:d2379|python3.10|p709085|n0|/hal/joint_cmd|p2, topic:/hal/joint_cmd, uid:9c695acf-4a93-407f-a631-a7edd09e3c00-8113233340941315482 topic_uid:-1
I0827 00:06:49.999516 709085 aorta_component.cpp:394] [cosine_internal][AortaComponent] aorta node create publisher. node: python3.10_S1, topic:/hal/joint_cmd, type:genie_msgs.msg.pb.JointCommand, qos:(history:1, depth:5, reliability:1, durability:2), uri:http://10.42.0.101:2379
I0827 00:06:49.999553 709085 aorta_publisher.cpp:119] [cosine_internal][AortaPublisher] publisher initialize. topic:/hal/joint_cmd, uri:
I0827 00:06:49.999563 709085 publisher.cpp:27] [GDK]create publisher: /hal/joint_cmd type: genie_msgs.msg.pb.JointCommand qos: 1 1 5 2
I0827 00:06:49.999646 709085 cosine_bus_manager.cpp:294] [cosine_internal][CosineBusManager] create publisher. topic name:/wbc/left_ee_command , middleware:aorta
I0827 00:06:49.999759 710732 shm_subscriber.cc:120] [aorta]subscriber connect to publisher success, topic /hal/left_ee_data, local d2379|python3.10|p709085|n0|s4|c0, peer d2379|hal|p8969|n0|/hal/left_ee_data|p2
I0827 00:06:49.999842 709195 centralized_discovery.cc:733] [aorta]subscriber uid:3582a8ef-1f3e-4f86-8311-4dd6db562023-5071795120000351093 topic:/hal/right_ee_data
I0827 00:06:50.000113 709085 tcp_publisher.cc:179] [aorta]topic /wbc/left_ee_command, pub_queue_size_ 5, latch_queue_size_ 0
I0827 00:06:50.000196 710728 tcp_socket_server.cc:200] [aorta]The ip info is0.0.0.0:45397
I0827 00:06:50.000309 710728 shm_socket_server.cc:101] [aorta][/wbc/left_ee_command] bind at pipe sock name d2379|python3.10|p709085|n0|/wbc/left_ee_command|p3
I0827 00:06:50.000365 709085 node_impl.cc:198] [aorta]CreatePublisher, host:0.0.0.0, port:45397, sockname:d2379|python3.10|p709085|n0|/wbc/left_ee_command|p3, topic:/wbc/left_ee_command, uid:578e9c43-b48c-41f7-b10f-964bcc72b6d8-15677759012602946526 topic_uid:-1
I0827 00:06:50.000382 709085 aorta_component.cpp:394] [cosine_internal][AortaComponent] aorta node create publisher. node: python3.10_S1, topic:/wbc/left_ee_command, type:sensor_msgs.msg.pb.JointState, qos:(history:1, depth:5, reliability:1, durability:2), uri:http://10.42.0.101:2379
I0827 00:06:50.000415 709085 aorta_publisher.cpp:119] [cosine_internal][AortaPublisher] publisher initialize. topic:/wbc/left_ee_command, uri:
I0827 00:06:50.000422 709085 publisher.cpp:27] [GDK]create publisher: /wbc/left_ee_command type: sensor_msgs.msg.pb.JointState qos: 1 1 5 2
I0827 00:06:50.000437 709085 cosine_bus_manager.cpp:294] [cosine_internal][CosineBusManager] create publisher. topic name:/wbc/right_ee_command , middleware:aorta
I0827 00:06:50.000825 710732 shm_subscriber.cc:120] [aorta]subscriber connect to publisher success, topic /hal/right_ee_data, local d2379|python3.10|p709085|n0|s5|c0, peer d2379|hal|p8969|n0|/hal/right_ee_data|p3
I0827 00:06:50.000880 709195 centralized_discovery.cc:733] [aorta]subscriber uid:86eab3b1-ff64-40bd-8634-1e7eea8b653a-13624413023349153968 topic:/hal/chassis_power_state
I0827 00:06:50.000885 709085 tcp_publisher.cc:179] [aorta]topic /wbc/right_ee_command, pub_queue_size_ 5, latch_queue_size_ 0
I0827 00:06:50.000955 710728 tcp_socket_server.cc:200] [aorta]The ip info is0.0.0.0:35085
I0827 00:06:50.001057 710728 shm_socket_server.cc:101] [aorta][/wbc/right_ee_command] bind at pipe sock name d2379|python3.10|p709085|n0|/wbc/right_ee_command|p4
I0827 00:06:50.001119 709085 node_impl.cc:198] [aorta]CreatePublisher, host:0.0.0.0, port:35085, sockname:d2379|python3.10|p709085|n0|/wbc/right_ee_command|p4, topic:/wbc/right_ee_command, uid:e1103890-5d09-449b-afe7-38bac01f0032-12160131399292109555 topic_uid:-1
I0827 00:06:50.001142 709085 aorta_component.cpp:394] [cosine_internal][AortaComponent] aorta node create publisher. node: python3.10_S1, topic:/wbc/right_ee_command, type:sensor_msgs.msg.pb.JointState, qos:(history:1, depth:5, reliability:1, durability:2), uri:http://10.42.0.101:2379
I0827 00:06:50.001190 709085 aorta_publisher.cpp:119] [cosine_internal][AortaPublisher] publisher initialize. topic:/wbc/right_ee_command, uri:
I0827 00:06:50.001199 709085 publisher.cpp:27] [GDK]create publisher: /wbc/right_ee_command type: sensor_msgs.msg.pb.JointState qos: 1 1 5 2
I0827 00:06:50.001264 709085 cosine_bus_manager.cpp:400] [cosine_internal][CosineBusManager] create subscriber. topic name:/wbc/motion_control_status , middleware:aorta , need async callback:0, frame_skip_rate:1
I0827 00:06:50.001276 709085 aorta_component.cpp:174] [cosine_internal][AortaComponent] callback_name:/wbc/motion_control_statushttp://10.42.0.101:2379
I0827 00:06:50.001570 709085 buffered_data_export.cpp:115] [cosine_internal]successfully create buffer [bus_buffer___wbc__motion_control_status, type genie_msgs.msg.pb.MotionControlStatus, block num 5, valid_time 0, transfer_type 0, data_size 0, mem_type 0, lib_name , ext_data_size 0, is_protobuf 1, enable_event_sync_subscriber 0], buffer id = 9
I0827 00:06:50.001591 709085 cosine_bus_message_buffer.cpp:45] [cosine_internal][CosineBusMessageBuffer] create buffer success. name:bus_buffer___wbc__motion_control_status, type:genie_msgs.msg.pb.MotionControlStatus, size:5
I0827 00:06:50.001693 709085 node_impl.cc:344] [aorta]CreateSubscriber topic:/wbc/motion_control_status, uid:b3cf938b-f2b3-4c86-a3a1-7afacc127d9e-3835708119707617413 topic_uid:-1
I0827 00:06:50.002010 710732 shm_subscriber.cc:120] [aorta]subscriber connect to publisher success, topic /hal/chassis_power_state, local d2379|python3.10|p709085|n0|s6|c0, peer d2379|hal_lowerlimb|p8968|n0|/hal/chassis_power_state|p2
I0827 00:06:50.002081 709195 centralized_discovery.cc:733] [aorta]subscriber uid:9b14741b-008c-455e-b5a4-9caa9387bc18-8918795574175434775 topic:/hal/chest_power_state
I0827 00:06:50.002148 709085 aorta_component.cpp:326] [cosine_internal][AortaComponent] aorta node create subscriber. node: python3.10_S1, topic:/wbc/motion_control_status, type:genie_msgs.msg.pb.MotionControlStatus, qos:(history:1, depth:5, reliability:1, durability:2), uri:http://10.42.0.101:2379
I0827 00:06:50.002354 709085 aorta_subscriber.hpp:96] [cosine_internal][AortaSubscriber] initial. topic:/wbc/motion_control_status, uri:
I0827 00:06:50.002384 709085 cosine_bus_manager.cpp:400] [cosine_internal][CosineBusManager] create subscriber. topic name:/MotionControlService/JointPosition/response , middleware:aorta , need async callback:0, frame_skip_rate:1
I0827 00:06:50.002413 709085 aorta_component.cpp:174] [cosine_internal][AortaComponent] callback_name:/MotionControlService/JointPosition/responsehttp://10.42.0.101:2379
I0827 00:06:50.002477 709085 buffered_data_export.cpp:115] [cosine_internal]successfully create buffer [bus_buffer___MotionControlService__JointPosition__response, type genie_msgs.msg.pb.CommonResponse, block num 5, valid_time 0, transfer_type 0, data_size 0, mem_type 0, lib_name , ext_data_size 0, is_protobuf 1, enable_event_sync_subscriber 0], buffer id = 10
I0827 00:06:50.002496 709085 cosine_bus_message_buffer.cpp:45] [cosine_internal][CosineBusMessageBuffer] create buffer success. name:bus_buffer___MotionControlService__JointPosition__response, type:genie_msgs.msg.pb.CommonResponse, size:5
I0827 00:06:50.002589 709085 node_impl.cc:344] [aorta]CreateSubscriber topic:/MotionControlService/JointPosition/response, uid:b0626933-adba-4d23-80b6-e71dc439e07b-11220515294652701264 topic_uid:-1
I0827 00:06:50.002910 710732 shm_subscriber.cc:120] [aorta]subscriber connect to publisher success, topic /hal/chest_power_state, local d2379|python3.10|p709085|n0|s7|c0, peer d2379|hal_lowerlimb|p8968|n0|/hal/chest_power_state|p4
I0827 00:06:50.002981 709195 centralized_discovery.cc:681] [aorta]publisher uid:9c695acf-4a93-407f-a631-a7edd09e3c00-8113233340941315482 topic:/hal/joint_cmd
I0827 00:06:50.003041 709085 aorta_component.cpp:326] [cosine_internal][AortaComponent] aorta node create subscriber. node: python3.10_S1, topic:/MotionControlService/JointPosition/response, type:genie_msgs.msg.pb.CommonResponse, qos:(history:1, depth:5, reliability:1, durability:2), uri:http://10.42.0.101:2379
I0827 00:06:50.003052 709085 aorta_subscriber.hpp:96] [cosine_internal][AortaSubscriber] initial. topic:/MotionControlService/JointPosition/response, uri:
I0827 00:06:50.003067 709085 cosine_bus_manager.cpp:400] [cosine_internal][CosineBusManager] create subscriber. topic name:/MotionControlService/ControlMode/response , middleware:aorta , need async callback:0, frame_skip_rate:1
I0827 00:06:50.003073 709085 aorta_component.cpp:174] [cosine_internal][AortaComponent] callback_name:/MotionControlService/ControlMode/responsehttp://10.42.0.101:2379
I0827 00:06:50.003116 709085 buffered_data_export.cpp:115] [cosine_internal]successfully create buffer [bus_buffer___MotionControlService__ControlMode__response, type genie_msgs.msg.pb.CommonResponse, block num 5, valid_time 0, transfer_type 0, data_size 0, mem_type 0, lib_name , ext_data_size 0, is_protobuf 1, enable_event_sync_subscriber 0], buffer id = 11
I0827 00:06:50.003129 709085 cosine_bus_message_buffer.cpp:45] [cosine_internal][CosineBusMessageBuffer] create buffer success. name:bus_buffer___MotionControlService__ControlMode__response, type:genie_msgs.msg.pb.CommonResponse, size:5
I0827 00:06:50.003202 709085 node_impl.cc:344] [aorta]CreateSubscriber topic:/MotionControlService/ControlMode/response, uid:14d7a0da-e670-46e3-8a95-1fd256c07f43-13500083580579056044 topic_uid:-1
I0827 00:06:50.003641 709085 aorta_component.cpp:326] [cosine_internal][AortaComponent] aorta node create subscriber. node: python3.10_S1, topic:/MotionControlService/ControlMode/response, type:genie_msgs.msg.pb.CommonResponse, qos:(history:1, depth:5, reliability:1, durability:2), uri:http://10.42.0.101:2379
I0827 00:06:50.003654 709085 aorta_subscriber.hpp:96] [cosine_internal][AortaSubscriber] initial. topic:/MotionControlService/ControlMode/response, uri:
I0827 00:06:50.003666 709085 cosine_bus_manager.cpp:400] [cosine_internal][CosineBusManager] create subscriber. topic name:/MotionControlService/SetLoad/response , middleware:aorta , need async callback:0, frame_skip_rate:1
I0827 00:06:50.003672 709085 aorta_component.cpp:174] [cosine_internal][AortaComponent] callback_name:/MotionControlService/SetLoad/responsehttp://10.42.0.101:2379
I0827 00:06:50.003710 709085 buffered_data_export.cpp:115] [cosine_internal]successfully create buffer [bus_buffer___MotionControlService__SetLoad__response, type genie_msgs.msg.pb.CommonResponse, block num 5, valid_time 0, transfer_type 0, data_size 0, mem_type 0, lib_name , ext_data_size 0, is_protobuf 1, enable_event_sync_subscriber 0], buffer id = 12
I0827 00:06:50.003722 709085 cosine_bus_message_buffer.cpp:45] [cosine_internal][CosineBusMessageBuffer] create buffer success. name:bus_buffer___MotionControlService__SetLoad__response, type:genie_msgs.msg.pb.CommonResponse, size:5
I0827 00:06:50.003790 709085 node_impl.cc:344] [aorta]CreateSubscriber topic:/MotionControlService/SetLoad/response, uid:4ad3992e-e644-406c-a890-75487821d95e-11741066552301177038 topic_uid:-1
I0827 00:06:50.004344 709195 centralized_discovery.cc:681] [aorta]publisher uid:578e9c43-b48c-41f7-b10f-964bcc72b6d8-15677759012602946526 topic:/wbc/left_ee_command
I0827 00:06:50.004386 709085 aorta_component.cpp:326] [cosine_internal][AortaComponent] aorta node create subscriber. node: python3.10_S1, topic:/MotionControlService/SetLoad/response, type:genie_msgs.msg.pb.CommonResponse, qos:(history:1, depth:5, reliability:1, durability:2), uri:http://10.42.0.101:2379
I0827 00:06:50.004400 709085 aorta_subscriber.hpp:96] [cosine_internal][AortaSubscriber] initial. topic:/MotionControlService/SetLoad/response, uri:
I0827 00:06:50.004436 709085 cosine_bus_manager.cpp:400] [cosine_internal][CosineBusManager] create subscriber. topic name:/MotionControlService/SetComplianceParams/response , middleware:aorta , need async callback:0, frame_skip_rate:1
I0827 00:06:50.004443 709085 aorta_component.cpp:174] [cosine_internal][AortaComponent] callback_name:/MotionControlService/SetComplianceParams/responsehttp://10.42.0.101:2379
I0827 00:06:50.004487 709085 buffered_data_export.cpp:115] [cosine_internal]successfully create buffer [bus_buffer___MotionControlService__SetComplianceParams__response, type genie_msgs.msg.pb.CommonResponse, block num 5, valid_time 0, transfer_type 0, data_size 0, mem_type 0, lib_name , ext_data_size 0, is_protobuf 1, enable_event_sync_subscriber 0], buffer id = 13
I0827 00:06:50.004500 709085 cosine_bus_message_buffer.cpp:45] [cosine_internal][CosineBusMessageBuffer] create buffer success. name:bus_buffer___MotionControlService__SetComplianceParams__response, type:genie_msgs.msg.pb.CommonResponse, size:5
I0827 00:06:50.004608 709085 node_impl.cc:344] [aorta]CreateSubscriber topic:/MotionControlService/SetComplianceParams/response, uid:34355bb2-d0f7-47df-99ba-caee92a243e4-16772690313444795879 topic_uid:-1
I0827 00:06:50.005219 709085 aorta_component.cpp:326] [cosine_internal][AortaComponent] aorta node create subscriber. node: python3.10_S1, topic:/MotionControlService/SetComplianceParams/response, type:genie_msgs.msg.pb.CommonResponse, qos:(history:1, depth:5, reliability:1, durability:2), uri:http://10.42.0.101:2379
I0827 00:06:50.005234 709085 aorta_subscriber.hpp:96] [cosine_internal][AortaSubscriber] initial. topic:/MotionControlService/SetComplianceParams/response, uri:
I0827 00:06:50.005247 709085 cosine_bus_manager.cpp:400] [cosine_internal][CosineBusManager] create subscriber. topic name:/MotionControlService/MotionPlan/response , middleware:aorta , need async callback:0, frame_skip_rate:1
I0827 00:06:50.005254 709085 aorta_component.cpp:174] [cosine_internal][AortaComponent] callback_name:/MotionControlService/MotionPlan/responsehttp://10.42.0.101:2379
I0827 00:06:50.005295 709085 buffered_data_export.cpp:115] [cosine_internal]successfully create buffer [bus_buffer___MotionControlService__MotionPlan__response, type genie_msgs.msg.pb.CommonResponse, block num 5, valid_time 0, transfer_type 0, data_size 0, mem_type 0, lib_name , ext_data_size 0, is_protobuf 1, enable_event_sync_subscriber 0], buffer id = 14
I0827 00:06:50.005311 709085 cosine_bus_message_buffer.cpp:45] [cosine_internal][CosineBusMessageBuffer] create buffer success. name:bus_buffer___MotionControlService__MotionPlan__response, type:genie_msgs.msg.pb.CommonResponse, size:5
I0827 00:06:50.005391 709085 node_impl.cc:344] [aorta]CreateSubscriber topic:/MotionControlService/MotionPlan/response, uid:8727c9c0-6b3a-4001-be01-12bd344ca534-7265943930381113476 topic_uid:-1
I0827 00:06:50.005585 709195 centralized_discovery.cc:681] [aorta]publisher uid:e1103890-5d09-449b-afe7-38bac01f0032-12160131399292109555 topic:/wbc/right_ee_command
I0827 00:06:50.006335 709085 aorta_component.cpp:326] [cosine_internal][AortaComponent] aorta node create subscriber. node: python3.10_S1, topic:/MotionControlService/MotionPlan/response, type:genie_msgs.msg.pb.CommonResponse, qos:(history:1, depth:5, reliability:1, durability:2), uri:http://10.42.0.101:2379
I0827 00:06:50.006352 709085 aorta_subscriber.hpp:96] [cosine_internal][AortaSubscriber] initial. topic:/MotionControlService/MotionPlan/response, uri:
I0827 00:06:50.006490 709085 cosine_bus_manager.cpp:294] [cosine_internal][CosineBusManager] create publisher. topic name:/wbc/motion_stop , middleware:aorta
I0827 00:06:50.006891 709195 centralized_discovery.cc:733] [aorta]subscriber uid:b3cf938b-f2b3-4c86-a3a1-7afacc127d9e-3835708119707617413 topic:/wbc/motion_control_status
I0827 00:06:50.007082 709085 tcp_publisher.cc:179] [aorta]topic /wbc/motion_stop, pub_queue_size_ 5, latch_queue_size_ 0
I0827 00:06:50.007164 710728 tcp_socket_server.cc:200] [aorta]The ip info is0.0.0.0:41947
I0827 00:06:50.007242 710728 shm_socket_server.cc:101] [aorta][/wbc/motion_stop] bind at pipe sock name d2379|python3.10|p709085|n0|/wbc/motion_stop|p5
I0827 00:06:50.007324 709085 node_impl.cc:198] [aorta]CreatePublisher, host:0.0.0.0, port:41947, sockname:d2379|python3.10|p709085|n0|/wbc/motion_stop|p5, topic:/wbc/motion_stop, uid:24a3c476-c6be-4653-8164-cb4d415146c3-13748557535015507650 topic_uid:-1
I0827 00:06:50.007346 709085 aorta_component.cpp:394] [cosine_internal][AortaComponent] aorta node create publisher. node: python3.10_S1, topic:/wbc/motion_stop, type:genie_msgs.msg.pb.MotionStop, qos:(history:1, depth:5, reliability:1, durability:2), uri:http://10.42.0.101:2379
I0827 00:06:50.007385 709085 aorta_publisher.cpp:119] [cosine_internal][AortaPublisher] publisher initialize. topic:/wbc/motion_stop, uri:
I0827 00:06:50.007393 709085 publisher.cpp:27] [GDK]create publisher: /wbc/motion_stop type: genie_msgs.msg.pb.MotionStop qos: 1 1 5 2
I0827 00:06:50.007505 709085 cosine_bus_manager.cpp:294] [cosine_internal][CosineBusManager] create publisher. topic name:/wbc/set_control_mode , middleware:aorta
I0827 00:06:50.007951 709085 tcp_publisher.cc:179] [aorta]topic /wbc/set_control_mode, pub_queue_size_ 5, latch_queue_size_ 0
I0827 00:06:50.007949 710732 shm_subscriber.cc:120] [aorta]subscriber connect to publisher success, topic /wbc/motion_control_status, local d2379|python3.10|p709085|n0|s8|c0, peer d2379|genie_motion_control|p11269|n0|/wbc/motion_control_status|p4
I0827 00:06:50.008018 709195 centralized_discovery.cc:733] [aorta]subscriber uid:b0626933-adba-4d23-80b6-e71dc439e07b-11220515294652701264 topic:/MotionControlService/JointPosition/response
I0827 00:06:50.008047 710728 tcp_socket_server.cc:200] [aorta]The ip info is0.0.0.0:37697
I0827 00:06:50.008117 710728 shm_socket_server.cc:101] [aorta][/wbc/set_control_mode] bind at pipe sock name d2379|python3.10|p709085|n0|/wbc/set_control_mode|p6
I0827 00:06:50.008188 709085 node_impl.cc:198] [aorta]CreatePublisher, host:0.0.0.0, port:37697, sockname:d2379|python3.10|p709085|n0|/wbc/set_control_mode|p6, topic:/wbc/set_control_mode, uid:d3bab663-4e9b-4454-984c-206c013b91d2-14916454457450496029 topic_uid:-1
I0827 00:06:50.008211 709085 aorta_component.cpp:394] [cosine_internal][AortaComponent] aorta node create publisher. node: python3.10_S1, topic:/wbc/set_control_mode, type:genie_msgs.msg.pb.SetControlMode, qos:(history:1, depth:5, reliability:1, durability:2), uri:http://10.42.0.101:2379
I0827 00:06:50.008245 709085 aorta_publisher.cpp:119] [cosine_internal][AortaPublisher] publisher initialize. topic:/wbc/set_control_mode, uri:
I0827 00:06:50.008255 709085 publisher.cpp:27] [GDK]create publisher: /wbc/set_control_mode type: genie_msgs.msg.pb.SetControlMode qos: 1 1 5 2
I0827 00:06:50.008361 709085 cosine_bus_manager.cpp:294] [cosine_internal][CosineBusManager] create publisher. topic name:/wbc/end_effector_pose_control , middleware:aorta
I0827 00:06:50.008837 709085 tcp_publisher.cc:179] [aorta]topic /wbc/end_effector_pose_control, pub_queue_size_ 5, latch_queue_size_ 0
I0827 00:06:50.008924 710728 tcp_socket_server.cc:200] [aorta]The ip info is0.0.0.0:33025
I0827 00:06:50.008937 710732 shm_subscriber.cc:120] [aorta]subscriber connect to publisher success, topic /MotionControlService/JointPosition/response, local d2379|python3.10|p709085|n0|s9|c0, peer d2379|genie_motion_control|p11269|n0|..nControlService/JointPosition/response|p20
I0827 00:06:50.008992 709195 centralized_discovery.cc:733] [aorta]subscriber uid:14d7a0da-e670-46e3-8a95-1fd256c07f43-13500083580579056044 topic:/MotionControlService/ControlMode/response
I0827 00:06:50.008999 710728 shm_socket_server.cc:101] [aorta][/wbc/end_effector_pose_control] bind at pipe sock name d2379|python3.10|p709085|n0|/wbc/end_effector_pose_control|p7
I0827 00:06:50.009065 709085 node_impl.cc:198] [aorta]CreatePublisher, host:0.0.0.0, port:33025, sockname:d2379|python3.10|p709085|n0|/wbc/end_effector_pose_control|p7, topic:/wbc/end_effector_pose_control, uid:6ac28450-f1ac-407d-912c-2f0939f193fd-8961509146944305143 topic_uid:-1
I0827 00:06:50.009088 709085 aorta_component.cpp:394] [cosine_internal][AortaComponent] aorta node create publisher. node: python3.10_S1, topic:/wbc/end_effector_pose_control, type:genie_msgs.msg.pb.EndEffectorPoseControl, qos:(history:1, depth:5, reliability:1, durability:2), uri:http://10.42.0.101:2379
I0827 00:06:50.009122 709085 aorta_publisher.cpp:119] [cosine_internal][AortaPublisher] publisher initialize. topic:/wbc/end_effector_pose_control, uri:
I0827 00:06:50.009130 709085 publisher.cpp:27] [GDK]create publisher: /wbc/end_effector_pose_control type: genie_msgs.msg.pb.EndEffectorPoseControl qos: 1 1 5 2
I0827 00:06:50.009233 709085 cosine_bus_manager.cpp:294] [cosine_internal][CosineBusManager] create publisher. topic name:/wbc/joint_position_control , middleware:aorta
I0827 00:06:50.009662 709085 tcp_publisher.cc:179] [aorta]topic /wbc/joint_position_control, pub_queue_size_ 5, latch_queue_size_ 0
I0827 00:06:50.009747 710728 tcp_socket_server.cc:200] [aorta]The ip info is0.0.0.0:44531
I0827 00:06:50.009824 710728 shm_socket_server.cc:101] [aorta][/wbc/joint_position_control] bind at pipe sock name d2379|python3.10|p709085|n0|/wbc/joint_position_control|p8
I0827 00:06:50.009886 709085 node_impl.cc:198] [aorta]CreatePublisher, host:0.0.0.0, port:44531, sockname:d2379|python3.10|p709085|n0|/wbc/joint_position_control|p8, topic:/wbc/joint_position_control, uid:5682e693-b630-4e2a-aeae-5fc88d55c8f7-17554954426434248758 topic_uid:-1
I0827 00:06:50.009907 709085 aorta_component.cpp:394] [cosine_internal][AortaComponent] aorta node create publisher. node: python3.10_S1, topic:/wbc/joint_position_control, type:genie_msgs.msg.pb.JointPositionControl, qos:(history:1, depth:5, reliability:1, durability:2), uri:http://10.42.0.101:2379
I0827 00:06:50.009936 709085 aorta_publisher.cpp:119] [cosine_internal][AortaPublisher] publisher initialize. topic:/wbc/joint_position_control, uri:
I0827 00:06:50.009943 709085 publisher.cpp:27] [GDK]create publisher: /wbc/joint_position_control type: genie_msgs.msg.pb.JointPositionControl qos: 1 1 5 2
I0827 00:06:50.010001 709085 cosine_bus_manager.cpp:294] [cosine_internal][CosineBusManager] create publisher. topic name:/MotionControlService/JointPosition/request , middleware:aorta
I0827 00:06:50.010210 710732 shm_subscriber.cc:120] [aorta]subscriber connect to publisher success, topic /MotionControlService/ControlMode/response, local d2379|python3.10|p709085|n0|s10|c0, peer d2379|genie_motion_control|p11269|n0|..ionControlService/ControlMode/response|p16
I0827 00:06:50.010295 709195 centralized_discovery.cc:733] [aorta]subscriber uid:4ad3992e-e644-406c-a890-75487821d95e-11741066552301177038 topic:/MotionControlService/SetLoad/response
I0827 00:06:50.010620 709085 tcp_publisher.cc:179] [aorta]topic /MotionControlService/JointPosition/request, pub_queue_size_ 5, latch_queue_size_ 0
I0827 00:06:50.010728 710728 tcp_socket_server.cc:200] [aorta]The ip info is0.0.0.0:34543
I0827 00:06:50.011106 710728 shm_socket_server.cc:101] [aorta][/MotionControlService/JointPosition/request] bind at pipe sock name d2379|python3.10|p709085|n0|..onControlService/JointPosition/request|p9
I0827 00:06:50.011229 709085 node_impl.cc:198] [aorta]CreatePublisher, host:0.0.0.0, port:34543, sockname:d2379|python3.10|p709085|n0|..onControlService/JointPosition/request|p9, topic:/MotionControlService/JointPosition/request, uid:4aa34909-0df6-465f-89f1-da4802058d3c-13247891859042633557 topic_uid:-1
I0827 00:06:50.011265 709085 aorta_component.cpp:394] [cosine_internal][AortaComponent] aorta node create publisher. node: python3.10_S1, topic:/MotionControlService/JointPosition/request, type:genie_msgs.msg.pb.JointPositionRequst, qos:(history:1, depth:5, reliability:1, durability:2), uri:http://10.42.0.101:2379
I0827 00:06:50.011308 709085 aorta_publisher.cpp:119] [cosine_internal][AortaPublisher] publisher initialize. topic:/MotionControlService/JointPosition/request, uri:
I0827 00:06:50.011322 709085 publisher.cpp:27] [GDK]create publisher: /MotionControlService/JointPosition/request type: genie_msgs.msg.pb.JointPositionRequst qos: 1 1 5 2
I0827 00:06:50.011505 710732 shm_subscriber.cc:120] [aorta]subscriber connect to publisher success, topic /MotionControlService/SetLoad/response, local d2379|python3.10|p709085|n0|s11|c0, peer d2379|genie_motion_control|p11269|n0|/MotionControlService/SetLoad/response|p15
I0827 00:06:50.011538 709085 cosine_bus_manager.cpp:294] [cosine_internal][CosineBusManager] create publisher. topic name:/MotionControlService/ControlMode/request , middleware:aorta
I0827 00:06:50.011601 709195 centralized_discovery.cc:733] [aorta]subscriber uid:34355bb2-d0f7-47df-99ba-caee92a243e4-16772690313444795879 topic:/MotionControlService/SetComplianceParams/response
I0827 00:06:50.012037 709085 tcp_publisher.cc:179] [aorta]topic /MotionControlService/ControlMode/request, pub_queue_size_ 5, latch_queue_size_ 0
I0827 00:06:50.012423 710728 tcp_socket_server.cc:200] [aorta]The ip info is0.0.0.0:43543
I0827 00:06:50.012576 710728 shm_socket_server.cc:101] [aorta][/MotionControlService/ControlMode/request] bind at pipe sock name d2379|python3.10|p709085|n0|..tionControlService/ControlMode/request|p10
