Log file created at: 2025/08/27 00:09:25
Running on machine: G2
Log line format: [IWEF]mmdd hh:mm:ss.uuuuuu threadid file:line] msg
I0827 00:09:25.683523 753012 dylog_impl.cpp:641] [DYLOG] set dylog default level to INFO
I0827 00:09:25.683600 753012 dylog_impl.cpp:690] [DYLOG] soc num : R2
I0827 00:09:25.683616 753012 dylog_impl.cpp:695] [DYLOG] can't read scene_mode, use sud
W0827 00:09:25.683645 753012 dylog_impl.cpp:757] [DYLOG] can't find available json config file with path : /home/agi/app/conf/scene_server/dylog_sud_default.json, use default.
I0827 00:09:25.683753 753012 dylog_impl.cpp:293] [DYLOG] register dsd_name : dylog/python3.10/cosine_internal
I0827 00:09:25.686919 753012 cosine_bus_manager.cpp:88] [cosine_internal][CosineBusManager] cosine bus config path not set, use default config.
I0827 00:09:25.686962 753012 cosine_bus_manager.cpp:118] [cosine_internal][CosineBusManager] initial cosine_bus_config:
I0827 00:09:25.688393 753012 cosine_bus_global_sync.cpp:30] [cosine_internal][BusGlobalSync] set default middleware name:aorta
I0827 00:09:25.688431 753012 scheduler_classic.cpp:28] [cosine_internal]Proc number set to be: 1
I0827 00:09:25.689739 753012 dynamic_object.cpp:521] [cosine_internal][DynamicObject] open libdynamic_aorta.so success.
I0827 00:09:25.689926 753012 dynamic_object.cpp:581] [cosine_internal][DynamicObject] Successfully enumerated 57 symbols in libdynamic_aorta.so
I0827 00:09:25.689937 753012 resource_loader.cpp:13] [cosine_internal][ResourceLoader] Attempting to load function: aorta_get_object
I0827 00:09:25.689941 753012 resource_loader.cpp:17] [cosine_internal][ResourceLoader] Trying address() method for C++ symbol: aorta_get_object
I0827 00:09:25.689949 753012 resource_loader.cpp:20] [cosine_internal][ResourceLoader] Successfully loaded C++ symbol: aorta_get_object
I0827 00:09:25.689952 753012 resource_loader.cpp:13] [cosine_internal][ResourceLoader] Attempting to load function: aorta_call_object_func
I0827 00:09:25.689955 753012 resource_loader.cpp:17] [cosine_internal][ResourceLoader] Trying address() method for C++ symbol: aorta_call_object_func
I0827 00:09:25.689958 753012 resource_loader.cpp:20] [cosine_internal][ResourceLoader] Successfully loaded C++ symbol: aorta_call_object_func
I0827 00:09:25.689962 753012 resource_loader.cpp:13] [cosine_internal][ResourceLoader] Attempting to load function: aorta_clean_up
I0827 00:09:25.689965 753012 resource_loader.cpp:17] [cosine_internal][ResourceLoader] Trying address() method for C++ symbol: aorta_clean_up
I0827 00:09:25.689980 753012 resource_loader.cpp:25] [cosine_internal][ResourceLoader] C++ symbol failed, trying c_address() method for C symbol: aorta_clean_up
I0827 00:09:25.689983 753012 resource_loader.cpp:28] [cosine_internal][ResourceLoader] Successfully loaded C symbol: aorta_clean_up
W0827 00:09:25.689990 753012 aorta_component.cpp:90] [cosine_internal]Environment variable [LOCATOR_IP/DDS_IP] not set, fallback to 10.42.0.101
I0827 00:09:25.689996 753012 aorta_component.cpp:496] [cosine_internal][AortaComponent] locator_ip: 10.42.0.101; Check network before domain init 
I0827 00:09:25.690032 753012 clock.cpp:22] [cosine_internal]load ptp time source from: libptp_clock_time.so
I0827 00:09:25.690191 753012 dynamic_object.cpp:521] [cosine_internal][DynamicObject] open libptp_clock_time.so success.
I0827 00:09:25.690605 753012 aorta_component.cpp:515] [cosine_internal][AortaComponent] Network check start. locator_ip: 10.42.0.101, timeout: 60 seconds , check_start_time: 1756224565
I0827 00:09:25.690624 753012 aorta_component.cpp:526] [cosine_internal][AortaComponent] locator_ip: 10.42.0.101; network is ready.
I0827 00:09:25.690668 753012 dylog_impl.cpp:293] [DYLOG] register dsd_name : dylog/python3.10/aorta
I0827 00:09:25.690793 753012 pcie_config.cc:52] [aorta]Get one valid pcie channel. producer: soc-s3 app-map_loc_app endpoint-nvscic2c_pcie_s3_c7_11 consumer: soc-s1 app-worldmodel endpoint-nvscic2c_pcie_s1_c7_11
I0827 00:09:25.690877 753012 os.cc:88] [aorta]Got host_id from system files: Huixi R1ROBOR2
I0827 00:09:25.690912 753012 pcie_manager.cc:71] [aorta]There is no pcie config in current process.
I0827 00:09:25.691226 753012 message_monitor_config.cc:398] [aorta]run in  mode
I0827 00:09:25.692474 753012 domain_impl.cc:58] [aorta]aorta version:7b1b7ddc
I0827 00:09:25.692502 753012 json_comm.cc:35] [aorta]file path: /home/agi/app/conf/topology/topology_rule.json not exist.
I0827 00:09:25.692516 753012 message_monitor_config.cc:398] [aorta]run in  mode
I0827 00:09:25.693326 753012 message_monitor_config.cc:731] [aorta]message monitor is updated from /home/agi/app/conf/aorta/function/aorta_monitor_conf.json
I0827 00:09:25.694329 753012 discovery_factory.cc:14] [aorta]type:1, host:10.42.0.101, port:2379, ttl:15, minor_cycle:100, major_cycle:3
I0827 00:09:25.694828 753012 config.cc:53] [aorta]AORTA_IP_MASK not set.
I0827 00:09:25.694836 753012 discovery.cc:245] [aorta]get ip masks empty.
I0827 00:09:25.694844 753012 config.cc:200] [aorta]AORTA_EXTRA_LOCAL_IPS not set.
I0827 00:09:25.694849 753012 discovery.cc:266] [aorta]local_publisher_ips_ empty.
I0827 00:09:25.694867 753012 config.cc:124] [aorta]ip match, ip:127.0.0.1
I0827 00:09:25.694875 753012 discovery.cc:275] [aorta]default emplace ip:10.42.0.101
I0827 00:09:25.694880 753012 discovery.cc:275] [aorta]default emplace ip:10.42.12.101
I0827 00:09:25.694882 753012 discovery.cc:275] [aorta]default emplace ip:10.42.1.101
I0827 00:09:25.694885 753012 discovery.cc:275] [aorta]default emplace ip:192.168.1.101
I0827 00:09:25.694888 753012 discovery.cc:275] [aorta]default emplace ip:10.42.30.101
I0827 00:09:25.694890 753012 discovery.cc:275] [aorta]default emplace ip:10.42.40.101
I0827 00:09:25.694893 753012 discovery.cc:275] [aorta]default emplace ip:10.20.15.199
I0827 00:09:25.694896 753012 discovery.cc:275] [aorta]default emplace ip:10.42.6.101
I0827 00:09:25.694900 753012 centralized_discovery.cc:55] [aorta]lease_ttl_:15
I0827 00:09:25.695399 753012 aorta_component.cpp:561] [cosine_internal][AortaComponent] aorta create domain success. uri:http://10.42.0.101:2379
I0827 00:09:25.695596 753012 aorta_component.cpp:447] [cosine_internal][AortaComponent] aorta domain created node: python3.10_S1 , domain_uri:http://10.42.0.101:2379
I0827 00:09:25.695606 753012 aorta_component.cpp:126] [cosine_internal][AortaComponent] aorta component init success. node:python3.10_S1, uri:http://10.42.0.101:2379, locator_kind(1:shm,2:tcp,3:udp):2, locator_ip:10.42.0.101, locator_port:0, aorta_dispatcher_thread_num:1
I0827 00:09:25.695746 753108 processor.cpp:40] [cosine_internal]processor_tid: 753108
I0827 00:09:25.695863 753114 executor_impl.cc:91] [aorta]aorta-dispatch0 start spinning
I0827 00:09:25.709506 753113 centralized_discovery.cc:1110] [aorta]poll thread: revision:758
I0827 00:09:25.709625 753113 centralized_discovery.cc:1123] [aorta]inotify_fd_:15 inotify_watch_:1 inotify_watch_path:/home/agi/app/conf/aorta/function
I0827 00:09:25.711586 753113 centralized_discovery.cc:615] [aorta]grant lease for node python3.10_S1 lease_id = 7587889064995109732
I0827 00:09:25.713227 753113 watch_state.cc:54] [aorta]watch connect success.
I0827 00:09:25.714263 753113 centralized_discovery.cc:1615] [aorta]recv watch response created.
I0827 00:09:29.860661 753012 cosine_bus_manager.cpp:294] [cosine_internal][CosineBusManager] create publisher. topic name:/gdk/config_request , middleware:aorta
I0827 00:09:29.861560 753012 tcp_publisher.cc:179] [aorta]topic /gdk/config_request, pub_queue_size_ 5, latch_queue_size_ 0
I0827 00:09:29.861790 754291 tcp_socket_server.cc:200] [aorta]The ip info is0.0.0.0:45279
I0827 00:09:29.861989 754291 shm_socket_server.cc:101] [aorta][/gdk/config_request] bind at pipe sock name d2379|python3.10|p753012|n0|/gdk/config_request|p0
I0827 00:09:29.862102 753012 node_impl.cc:198] [aorta]CreatePublisher, host:0.0.0.0, port:45279, sockname:d2379|python3.10|p753012|n0|/gdk/config_request|p0, topic:/gdk/config_request, uid:1d4dc900-c9b0-46c8-b995-f6940af0c842-4991715019463590898 topic_uid:-1
I0827 00:09:29.862143 753012 aorta_component.cpp:394] [cosine_internal][AortaComponent] aorta node create publisher. node: python3.10_S1, topic:/gdk/config_request, type:genie_msgs.msg.pb.CommonRequest, qos:(history:1, depth:5, reliability:1, durability:2), uri:http://10.42.0.101:2379
I0827 00:09:29.862185 753012 aorta_publisher.cpp:119] [cosine_internal][AortaPublisher] publisher initialize. topic:/gdk/config_request, uri:
I0827 00:09:29.862201 753012 dylog_impl.cpp:293] [DYLOG] register dsd_name : dylog/python3.10/GDK
I0827 00:09:29.862205 753113 centralized_discovery.cc:681] [aorta]publisher uid:1d4dc900-c9b0-46c8-b995-f6940af0c842-4991715019463590898 topic:/gdk/config_request
I0827 00:09:29.862243 753012 publisher.cpp:27] [GDK]create publisher: /gdk/config_request type: genie_msgs.msg.pb.CommonRequest qos: 1 1 5 2
I0827 00:09:29.862267 753012 cosine_bus_manager.cpp:294] [cosine_internal][CosineBusManager] create publisher. topic name:/gdk/camera_conf_request , middleware:aorta
I0827 00:09:29.862761 753012 tcp_publisher.cc:179] [aorta]topic /gdk/camera_conf_request, pub_queue_size_ 5, latch_queue_size_ 0
I0827 00:09:29.862828 754291 tcp_socket_server.cc:200] [aorta]The ip info is0.0.0.0:35095
I0827 00:09:29.862905 754291 shm_socket_server.cc:101] [aorta][/gdk/camera_conf_request] bind at pipe sock name d2379|python3.10|p753012|n0|/gdk/camera_conf_request|p1
I0827 00:09:29.862970 753012 node_impl.cc:198] [aorta]CreatePublisher, host:0.0.0.0, port:35095, sockname:d2379|python3.10|p753012|n0|/gdk/camera_conf_request|p1, topic:/gdk/camera_conf_request, uid:3d50388a-d445-44d0-aa7d-9baed2828603-9117180461459404870 topic_uid:-1
I0827 00:09:29.862994 753012 aorta_component.cpp:394] [cosine_internal][AortaComponent] aorta node create publisher. node: python3.10_S1, topic:/gdk/camera_conf_request, type:genie_msgs.msg.pb.CommonRequest, qos:(history:1, depth:5, reliability:1, durability:2), uri:http://10.42.0.101:2379
I0827 00:09:29.863027 753012 aorta_publisher.cpp:119] [cosine_internal][AortaPublisher] publisher initialize. topic:/gdk/camera_conf_request, uri:
I0827 00:09:29.863036 753012 publisher.cpp:27] [GDK]create publisher: /gdk/camera_conf_request type: genie_msgs.msg.pb.CommonRequest qos: 1 1 5 2
I0827 00:09:29.863054 753012 cosine_bus_manager.cpp:400] [cosine_internal][CosineBusManager] create subscriber. topic name:/gdk/config_response , middleware:aorta , need async callback:0, frame_skip_rate:1
I0827 00:09:29.863065 753012 aorta_component.cpp:174] [cosine_internal][AortaComponent] callback_name:/gdk/config_responsehttp://10.42.0.101:2379
I0827 00:09:29.863138 753012 dynamic_object.cpp:521] [cosine_internal][DynamicObject] open  success.
I0827 00:09:29.863314 753012 buffered_data_export.cpp:115] [cosine_internal]successfully create buffer [bus_buffer___gdk__config_response, type genie_msgs.msg.pb.CommonResponse, block num 5, valid_time 0, transfer_type 0, data_size 0, mem_type 0, lib_name , ext_data_size 0, is_protobuf 1, enable_event_sync_subscriber 0], buffer id = 1
I0827 00:09:29.863338 753012 cosine_bus_message_buffer.cpp:45] [cosine_internal][CosineBusMessageBuffer] create buffer success. name:bus_buffer___gdk__config_response, type:genie_msgs.msg.pb.CommonResponse, size:5
I0827 00:09:29.863431 753012 node_impl.cc:344] [aorta]CreateSubscriber topic:/gdk/config_response, uid:23ad431d-a1f3-431f-9de0-acbbb3597ea7-9533047780102618842 topic_uid:-1
I0827 00:09:29.864070 753012 aorta_component.cpp:326] [cosine_internal][AortaComponent] aorta node create subscriber. node: python3.10_S1, topic:/gdk/config_response, type:genie_msgs.msg.pb.CommonResponse, qos:(history:1, depth:5, reliability:1, durability:2), uri:http://10.42.0.101:2379
I0827 00:09:29.864087 753012 aorta_subscriber.hpp:96] [cosine_internal][AortaSubscriber] initial. topic:/gdk/config_response, uri:
I0827 00:09:29.864105 753012 cosine_bus_manager.cpp:400] [cosine_internal][CosineBusManager] create subscriber. topic name:/gdk/camera_conf_response , middleware:aorta , need async callback:0, frame_skip_rate:1
I0827 00:09:29.864113 753012 aorta_component.cpp:174] [cosine_internal][AortaComponent] callback_name:/gdk/camera_conf_responsehttp://10.42.0.101:2379
I0827 00:09:29.864161 753012 buffered_data_export.cpp:115] [cosine_internal]successfully create buffer [bus_buffer___gdk__camera_conf_response, type genie_msgs.msg.pb.CommonResponse, block num 5, valid_time 0, transfer_type 0, data_size 0, mem_type 0, lib_name , ext_data_size 0, is_protobuf 1, enable_event_sync_subscriber 0], buffer id = 2
I0827 00:09:29.864176 753012 cosine_bus_message_buffer.cpp:45] [cosine_internal][CosineBusMessageBuffer] create buffer success. name:bus_buffer___gdk__camera_conf_response, type:genie_msgs.msg.pb.CommonResponse, size:5
I0827 00:09:29.864260 753012 node_impl.cc:344] [aorta]CreateSubscriber topic:/gdk/camera_conf_response, uid:37bfe646-ea23-4359-bd39-5e49629bc204-3551884323222435368 topic_uid:-1
I0827 00:09:29.864715 753113 centralized_discovery.cc:681] [aorta]publisher uid:3d50388a-d445-44d0-aa7d-9baed2828603-9117180461459404870 topic:/gdk/camera_conf_request
I0827 00:09:29.864758 753012 aorta_component.cpp:326] [cosine_internal][AortaComponent] aorta node create subscriber. node: python3.10_S1, topic:/gdk/camera_conf_response, type:genie_msgs.msg.pb.CommonResponse, qos:(history:1, depth:5, reliability:1, durability:2), uri:http://10.42.0.101:2379
I0827 00:09:29.864771 753012 aorta_subscriber.hpp:96] [cosine_internal][AortaSubscriber] initial. topic:/gdk/camera_conf_response, uri:
I0827 00:09:29.864848 753012 cosine_bus_manager.cpp:400] [cosine_internal][CosineBusManager] create subscriber. topic name:/hal/joint_state , middleware:aorta , need async callback:0, frame_skip_rate:1
I0827 00:09:29.864858 753012 aorta_component.cpp:174] [cosine_internal][AortaComponent] callback_name:/hal/joint_statehttp://10.42.0.101:2379
I0827 00:09:29.865010 753012 buffered_data_export.cpp:115] [cosine_internal]successfully create buffer [bus_buffer___hal__joint_state, type genie_msgs.msg.pb.JointState, block num 5, valid_time 0, transfer_type 0, data_size 0, mem_type 0, lib_name , ext_data_size 0, is_protobuf 1, enable_event_sync_subscriber 0], buffer id = 3
I0827 00:09:29.865027 753012 cosine_bus_message_buffer.cpp:45] [cosine_internal][CosineBusMessageBuffer] create buffer success. name:bus_buffer___hal__joint_state, type:genie_msgs.msg.pb.JointState, size:5
I0827 00:09:29.865111 753012 node_impl.cc:344] [aorta]CreateSubscriber topic:/hal/joint_state, uid:5818882b-043e-4697-84b8-97d58b12e56d-17784787521228097140 topic_uid:-1
I0827 00:09:29.865585 753012 aorta_component.cpp:326] [cosine_internal][AortaComponent] aorta node create subscriber. node: python3.10_S1, topic:/hal/joint_state, type:genie_msgs.msg.pb.JointState, qos:(history:1, depth:5, reliability:1, durability:2), uri:http://10.42.0.101:2379
I0827 00:09:29.865598 753012 aorta_subscriber.hpp:96] [cosine_internal][AortaSubscriber] initial. topic:/hal/joint_state, uri:
I0827 00:09:29.865615 753012 cosine_bus_manager.cpp:400] [cosine_internal][CosineBusManager] create subscriber. topic name:/hal/whole_body_status , middleware:aorta , need async callback:0, frame_skip_rate:1
I0827 00:09:29.865624 753012 aorta_component.cpp:174] [cosine_internal][AortaComponent] callback_name:/hal/whole_body_statushttp://10.42.0.101:2379
I0827 00:09:29.865782 753012 buffered_data_export.cpp:115] [cosine_internal]successfully create buffer [bus_buffer___hal__whole_body_status, type genie_msgs.msg.pb.WholeBodyStatus, block num 5, valid_time 0, transfer_type 0, data_size 0, mem_type 0, lib_name , ext_data_size 0, is_protobuf 1, enable_event_sync_subscriber 0], buffer id = 4
I0827 00:09:29.865803 753012 cosine_bus_message_buffer.cpp:45] [cosine_internal][CosineBusMessageBuffer] create buffer success. name:bus_buffer___hal__whole_body_status, type:genie_msgs.msg.pb.WholeBodyStatus, size:5
I0827 00:09:29.865900 753012 node_impl.cc:344] [aorta]CreateSubscriber topic:/hal/whole_body_status, uid:a9a68c8b-63a8-4fb4-bc67-e344b3e43f29-4082625946824470290 topic_uid:-1
I0827 00:09:29.866340 753012 aorta_component.cpp:326] [cosine_internal][AortaComponent] aorta node create subscriber. node: python3.10_S1, topic:/hal/whole_body_status, type:genie_msgs.msg.pb.WholeBodyStatus, qos:(history:1, depth:5, reliability:1, durability:2), uri:http://10.42.0.101:2379
I0827 00:09:29.866350 753012 aorta_subscriber.hpp:96] [cosine_internal][AortaSubscriber] initial. topic:/hal/whole_body_status, uri:
I0827 00:09:29.866364 753012 cosine_bus_manager.cpp:400] [cosine_internal][CosineBusManager] create subscriber. topic name:/hal/left_ee_data , middleware:aorta , need async callback:0, frame_skip_rate:1
I0827 00:09:29.866371 753012 aorta_component.cpp:174] [cosine_internal][AortaComponent] callback_name:/hal/left_ee_datahttp://10.42.0.101:2379
I0827 00:09:29.866508 753012 buffered_data_export.cpp:115] [cosine_internal]successfully create buffer [bus_buffer___hal__left_ee_data, type genie_msgs.msg.pb.EndState, block num 5, valid_time 0, transfer_type 0, data_size 0, mem_type 0, lib_name , ext_data_size 0, is_protobuf 1, enable_event_sync_subscriber 0], buffer id = 5
I0827 00:09:29.866524 753012 cosine_bus_message_buffer.cpp:45] [cosine_internal][CosineBusMessageBuffer] create buffer success. name:bus_buffer___hal__left_ee_data, type:genie_msgs.msg.pb.EndState, size:5
I0827 00:09:29.867018 753012 node_impl.cc:344] [aorta]CreateSubscriber topic:/hal/left_ee_data, uid:f2e369f4-6feb-4867-b03e-c6b4633afdbe-6411614143165937964 topic_uid:-1
I0827 00:09:29.867034 753113 centralized_discovery.cc:733] [aorta]subscriber uid:23ad431d-a1f3-431f-9de0-acbbb3597ea7-9533047780102618842 topic:/gdk/config_response
I0827 00:09:29.867570 753012 aorta_component.cpp:326] [cosine_internal][AortaComponent] aorta node create subscriber. node: python3.10_S1, topic:/hal/left_ee_data, type:genie_msgs.msg.pb.EndState, qos:(history:1, depth:5, reliability:1, durability:2), uri:http://10.42.0.101:2379
I0827 00:09:29.867586 753012 aorta_subscriber.hpp:96] [cosine_internal][AortaSubscriber] initial. topic:/hal/left_ee_data, uri:
I0827 00:09:29.867605 753012 cosine_bus_manager.cpp:400] [cosine_internal][CosineBusManager] create subscriber. topic name:/hal/right_ee_data , middleware:aorta , need async callback:0, frame_skip_rate:1
I0827 00:09:29.867614 753012 aorta_component.cpp:174] [cosine_internal][AortaComponent] callback_name:/hal/right_ee_datahttp://10.42.0.101:2379
I0827 00:09:29.867672 753012 buffered_data_export.cpp:115] [cosine_internal]successfully create buffer [bus_buffer___hal__right_ee_data, type genie_msgs.msg.pb.EndState, block num 5, valid_time 0, transfer_type 0, data_size 0, mem_type 0, lib_name , ext_data_size 0, is_protobuf 1, enable_event_sync_subscriber 0], buffer id = 6
I0827 00:09:29.867689 753012 cosine_bus_message_buffer.cpp:45] [cosine_internal][CosineBusMessageBuffer] create buffer success. name:bus_buffer___hal__right_ee_data, type:genie_msgs.msg.pb.EndState, size:5
I0827 00:09:29.867774 753012 node_impl.cc:344] [aorta]CreateSubscriber topic:/hal/right_ee_data, uid:194a36ad-2223-4531-bebc-b44cad267d23-5071795120000351093 topic_uid:-1
I0827 00:09:29.868283 753012 aorta_component.cpp:326] [cosine_internal][AortaComponent] aorta node create subscriber. node: python3.10_S1, topic:/hal/right_ee_data, type:genie_msgs.msg.pb.EndState, qos:(history:1, depth:5, reliability:1, durability:2), uri:http://10.42.0.101:2379
I0827 00:09:29.868294 753012 aorta_subscriber.hpp:96] [cosine_internal][AortaSubscriber] initial. topic:/hal/right_ee_data, uri:
I0827 00:09:29.868307 753012 cosine_bus_manager.cpp:400] [cosine_internal][CosineBusManager] create subscriber. topic name:/hal/chassis_power_state , middleware:aorta , need async callback:0, frame_skip_rate:1
I0827 00:09:29.868314 753012 aorta_component.cpp:174] [cosine_internal][AortaComponent] callback_name:/hal/chassis_power_statehttp://10.42.0.101:2379
I0827 00:09:29.868453 754295 shm_subscriber.cc:120] [aorta]subscriber connect to publisher success, topic /gdk/config_response, local d2379|python3.10|p753012|n0|s0|c0, peer d2379|gdk_service|p8963|n0|/gdk/config_response|p0
I0827 00:09:29.868548 753113 centralized_discovery.cc:733] [aorta]subscriber uid:37bfe646-ea23-4359-bd39-5e49629bc204-3551884323222435368 topic:/gdk/camera_conf_response
I0827 00:09:29.868726 753012 buffered_data_export.cpp:115] [cosine_internal]successfully create buffer [bus_buffer___hal__chassis_power_state, type genie_msgs.msg.pb.ChassisPowerState, block num 5, valid_time 0, transfer_type 0, data_size 0, mem_type 0, lib_name , ext_data_size 0, is_protobuf 1, enable_event_sync_subscriber 0], buffer id = 7
I0827 00:09:29.868744 753012 cosine_bus_message_buffer.cpp:45] [cosine_internal][CosineBusMessageBuffer] create buffer success. name:bus_buffer___hal__chassis_power_state, type:genie_msgs.msg.pb.ChassisPowerState, size:5
I0827 00:09:29.868832 753012 node_impl.cc:344] [aorta]CreateSubscriber topic:/hal/chassis_power_state, uid:5ed70fe3-548f-4c13-b843-6fd65e70969b-13624413023349153968 topic_uid:-1
I0827 00:09:29.869302 753012 aorta_component.cpp:326] [cosine_internal][AortaComponent] aorta node create subscriber. node: python3.10_S1, topic:/hal/chassis_power_state, type:genie_msgs.msg.pb.ChassisPowerState, qos:(history:1, depth:5, reliability:1, durability:2), uri:http://10.42.0.101:2379
I0827 00:09:29.869313 753012 aorta_subscriber.hpp:96] [cosine_internal][AortaSubscriber] initial. topic:/hal/chassis_power_state, uri:
I0827 00:09:29.869330 753012 cosine_bus_manager.cpp:400] [cosine_internal][CosineBusManager] create subscriber. topic name:/hal/chest_power_state , middleware:aorta , need async callback:0, frame_skip_rate:1
I0827 00:09:29.869339 753012 aorta_component.cpp:174] [cosine_internal][AortaComponent] callback_name:/hal/chest_power_statehttp://10.42.0.101:2379
I0827 00:09:29.869519 753012 buffered_data_export.cpp:115] [cosine_internal]successfully create buffer [bus_buffer___hal__chest_power_state, type genie_msgs.msg.pb.ChestPowerState, block num 5, valid_time 0, transfer_type 0, data_size 0, mem_type 0, lib_name , ext_data_size 0, is_protobuf 1, enable_event_sync_subscriber 0], buffer id = 8
I0827 00:09:29.869534 753012 cosine_bus_message_buffer.cpp:45] [cosine_internal][CosineBusMessageBuffer] create buffer success. name:bus_buffer___hal__chest_power_state, type:genie_msgs.msg.pb.ChestPowerState, size:5
I0827 00:09:29.869619 753012 node_impl.cc:344] [aorta]CreateSubscriber topic:/hal/chest_power_state, uid:617181dc-59e6-4700-abd0-6a67ff82f691-8918795574175434775 topic_uid:-1
I0827 00:09:29.869957 754295 shm_subscriber.cc:120] [aorta]subscriber connect to publisher success, topic /gdk/camera_conf_response, local d2379|python3.10|p753012|n0|s1|c0, peer d2379|gdk_service|p8963|n0|/gdk/camera_conf_response|p1
I0827 00:09:29.870014 753113 centralized_discovery.cc:733] [aorta]subscriber uid:5818882b-043e-4697-84b8-97d58b12e56d-17784787521228097140 topic:/hal/joint_state
I0827 00:09:29.870049 753012 aorta_component.cpp:326] [cosine_internal][AortaComponent] aorta node create subscriber. node: python3.10_S1, topic:/hal/chest_power_state, type:genie_msgs.msg.pb.ChestPowerState, qos:(history:1, depth:5, reliability:1, durability:2), uri:http://10.42.0.101:2379
I0827 00:09:29.870060 753012 aorta_subscriber.hpp:96] [cosine_internal][AortaSubscriber] initial. topic:/hal/chest_power_state, uri:
I0827 00:09:29.870131 753012 cosine_bus_manager.cpp:294] [cosine_internal][CosineBusManager] create publisher. topic name:/hal/joint_cmd , middleware:aorta
I0827 00:09:29.870592 753012 tcp_publisher.cc:179] [aorta]topic /hal/joint_cmd, pub_queue_size_ 5, latch_queue_size_ 0
I0827 00:09:29.870688 754291 tcp_socket_server.cc:200] [aorta]The ip info is0.0.0.0:42031
I0827 00:09:29.870844 754291 shm_socket_server.cc:101] [aorta][/hal/joint_cmd] bind at pipe sock name d2379|python3.10|p753012|n0|/hal/joint_cmd|p2
I0827 00:09:29.870924 753012 node_impl.cc:198] [aorta]CreatePublisher, host:0.0.0.0, port:42031, sockname:d2379|python3.10|p753012|n0|/hal/joint_cmd|p2, topic:/hal/joint_cmd, uid:35b5aa76-7811-421a-a578-2d1b5ffb098c-8113233340941315482 topic_uid:-1
I0827 00:09:29.870946 753012 aorta_component.cpp:394] [cosine_internal][AortaComponent] aorta node create publisher. node: python3.10_S1, topic:/hal/joint_cmd, type:genie_msgs.msg.pb.JointCommand, qos:(history:1, depth:5, reliability:1, durability:2), uri:http://10.42.0.101:2379
I0827 00:09:29.870983 753012 aorta_publisher.cpp:119] [cosine_internal][AortaPublisher] publisher initialize. topic:/hal/joint_cmd, uri:
I0827 00:09:29.870991 753012 publisher.cpp:27] [GDK]create publisher: /hal/joint_cmd type: genie_msgs.msg.pb.JointCommand qos: 1 1 5 2
I0827 00:09:29.871060 753012 cosine_bus_manager.cpp:294] [cosine_internal][CosineBusManager] create publisher. topic name:/wbc/left_ee_command , middleware:aorta
I0827 00:09:29.871565 753012 tcp_publisher.cc:179] [aorta]topic /wbc/left_ee_command, pub_queue_size_ 5, latch_queue_size_ 0
I0827 00:09:29.871642 754291 tcp_socket_server.cc:200] [aorta]The ip info is0.0.0.0:45875
I0827 00:09:29.871744 754295 shm_subscriber.cc:120] [aorta]subscriber connect to publisher success, topic /hal/joint_state, local d2379|python3.10|p753012|n0|s2|c0, peer d2379|hal|p8969|n0|/hal/joint_state|p0
I0827 00:09:29.871876 753113 centralized_discovery.cc:733] [aorta]subscriber uid:a9a68c8b-63a8-4fb4-bc67-e344b3e43f29-4082625946824470290 topic:/hal/whole_body_status
I0827 00:09:29.871976 754291 shm_socket_server.cc:101] [aorta][/wbc/left_ee_command] bind at pipe sock name d2379|python3.10|p753012|n0|/wbc/left_ee_command|p3
I0827 00:09:29.872063 753012 node_impl.cc:198] [aorta]CreatePublisher, host:0.0.0.0, port:45875, sockname:d2379|python3.10|p753012|n0|/wbc/left_ee_command|p3, topic:/wbc/left_ee_command, uid:59d11a79-2522-490c-b490-14857f35bce7-15677759012602946526 topic_uid:-1
I0827 00:09:29.872087 753012 aorta_component.cpp:394] [cosine_internal][AortaComponent] aorta node create publisher. node: python3.10_S1, topic:/wbc/left_ee_command, type:sensor_msgs.msg.pb.JointState, qos:(history:1, depth:5, reliability:1, durability:2), uri:http://10.42.0.101:2379
I0827 00:09:29.872126 753012 aorta_publisher.cpp:119] [cosine_internal][AortaPublisher] publisher initialize. topic:/wbc/left_ee_command, uri:
I0827 00:09:29.872135 753012 publisher.cpp:27] [GDK]create publisher: /wbc/left_ee_command type: sensor_msgs.msg.pb.JointState qos: 1 1 5 2
I0827 00:09:29.872152 753012 cosine_bus_manager.cpp:294] [cosine_internal][CosineBusManager] create publisher. topic name:/wbc/right_ee_command , middleware:aorta
I0827 00:09:29.872606 753012 tcp_publisher.cc:179] [aorta]topic /wbc/right_ee_command, pub_queue_size_ 5, latch_queue_size_ 0
I0827 00:09:29.872694 754291 tcp_socket_server.cc:200] [aorta]The ip info is0.0.0.0:46131
I0827 00:09:29.872758 754291 shm_socket_server.cc:101] [aorta][/wbc/right_ee_command] bind at pipe sock name d2379|python3.10|p753012|n0|/wbc/right_ee_command|p4
I0827 00:09:29.872846 753012 node_impl.cc:198] [aorta]CreatePublisher, host:0.0.0.0, port:46131, sockname:d2379|python3.10|p753012|n0|/wbc/right_ee_command|p4, topic:/wbc/right_ee_command, uid:d263f589-4771-4858-9252-b0e9e4bd2b6c-12160131399292109555 topic_uid:-1
I0827 00:09:29.872876 753012 aorta_component.cpp:394] [cosine_internal][AortaComponent] aorta node create publisher. node: python3.10_S1, topic:/wbc/right_ee_command, type:sensor_msgs.msg.pb.JointState, qos:(history:1, depth:5, reliability:1, durability:2), uri:http://10.42.0.101:2379
I0827 00:09:29.872912 753012 aorta_publisher.cpp:119] [cosine_internal][AortaPublisher] publisher initialize. topic:/wbc/right_ee_command, uri:
I0827 00:09:29.872920 753012 publisher.cpp:27] [GDK]create publisher: /wbc/right_ee_command type: sensor_msgs.msg.pb.JointState qos: 1 1 5 2
I0827 00:09:29.872972 753012 cosine_bus_manager.cpp:400] [cosine_internal][CosineBusManager] create subscriber. topic name:/wbc/motion_control_status , middleware:aorta , need async callback:0, frame_skip_rate:1
I0827 00:09:29.872984 753012 aorta_component.cpp:174] [cosine_internal][AortaComponent] callback_name:/wbc/motion_control_statushttp://10.42.0.101:2379
I0827 00:09:29.873263 753012 buffered_data_export.cpp:115] [cosine_internal]successfully create buffer [bus_buffer___wbc__motion_control_status, type genie_msgs.msg.pb.MotionControlStatus, block num 5, valid_time 0, transfer_type 0, data_size 0, mem_type 0, lib_name , ext_data_size 0, is_protobuf 1, enable_event_sync_subscriber 0], buffer id = 9
I0827 00:09:29.873286 753012 cosine_bus_message_buffer.cpp:45] [cosine_internal][CosineBusMessageBuffer] create buffer success. name:bus_buffer___wbc__motion_control_status, type:genie_msgs.msg.pb.MotionControlStatus, size:5
I0827 00:09:29.873361 753012 node_impl.cc:344] [aorta]CreateSubscriber topic:/wbc/motion_control_status, uid:e7c0eeb3-ad4b-4dfe-a766-31276154ab4b-3835708119707617413 topic_uid:-1
I0827 00:09:29.873570 754295 shm_subscriber.cc:120] [aorta]subscriber connect to publisher success, topic /hal/whole_body_status, local d2379|python3.10|p753012|n0|s3|c0, peer d2379|hal|p8969|n0|/hal/whole_body_status|p1
I0827 00:09:29.873626 753113 centralized_discovery.cc:733] [aorta]subscriber uid:f2e369f4-6feb-4867-b03e-c6b4633afdbe-6411614143165937964 topic:/hal/left_ee_data
I0827 00:09:29.873828 753012 aorta_component.cpp:326] [cosine_internal][AortaComponent] aorta node create subscriber. node: python3.10_S1, topic:/wbc/motion_control_status, type:genie_msgs.msg.pb.MotionControlStatus, qos:(history:1, depth:5, reliability:1, durability:2), uri:http://10.42.0.101:2379
I0827 00:09:29.873842 753012 aorta_subscriber.hpp:96] [cosine_internal][AortaSubscriber] initial. topic:/wbc/motion_control_status, uri:
I0827 00:09:29.873859 753012 cosine_bus_manager.cpp:400] [cosine_internal][CosineBusManager] create subscriber. topic name:/MotionControlService/JointPosition/response , middleware:aorta , need async callback:0, frame_skip_rate:1
I0827 00:09:29.873867 753012 aorta_component.cpp:174] [cosine_internal][AortaComponent] callback_name:/MotionControlService/JointPosition/responsehttp://10.42.0.101:2379
I0827 00:09:29.873916 753012 buffered_data_export.cpp:115] [cosine_internal]successfully create buffer [bus_buffer___MotionControlService__JointPosition__response, type genie_msgs.msg.pb.CommonResponse, block num 5, valid_time 0, transfer_type 0, data_size 0, mem_type 0, lib_name , ext_data_size 0, is_protobuf 1, enable_event_sync_subscriber 0], buffer id = 10
I0827 00:09:29.873950 753012 cosine_bus_message_buffer.cpp:45] [cosine_internal][CosineBusMessageBuffer] create buffer success. name:bus_buffer___MotionControlService__JointPosition__response, type:genie_msgs.msg.pb.CommonResponse, size:5
I0827 00:09:29.874027 753012 node_impl.cc:344] [aorta]CreateSubscriber topic:/MotionControlService/JointPosition/response, uid:eb229d8b-7803-427a-aef2-222b9dac5243-11220515294652701264 topic_uid:-1
I0827 00:09:29.874445 753012 aorta_component.cpp:326] [cosine_internal][AortaComponent] aorta node create subscriber. node: python3.10_S1, topic:/MotionControlService/JointPosition/response, type:genie_msgs.msg.pb.CommonResponse, qos:(history:1, depth:5, reliability:1, durability:2), uri:http://10.42.0.101:2379
I0827 00:09:29.874456 753012 aorta_subscriber.hpp:96] [cosine_internal][AortaSubscriber] initial. topic:/MotionControlService/JointPosition/response, uri:
I0827 00:09:29.874469 753012 cosine_bus_manager.cpp:400] [cosine_internal][CosineBusManager] create subscriber. topic name:/MotionControlService/ControlMode/response , middleware:aorta , need async callback:0, frame_skip_rate:1
I0827 00:09:29.874476 753012 aorta_component.cpp:174] [cosine_internal][AortaComponent] callback_name:/MotionControlService/ControlMode/responsehttp://10.42.0.101:2379
I0827 00:09:29.874512 753012 buffered_data_export.cpp:115] [cosine_internal]successfully create buffer [bus_buffer___MotionControlService__ControlMode__response, type genie_msgs.msg.pb.CommonResponse, block num 5, valid_time 0, transfer_type 0, data_size 0, mem_type 0, lib_name , ext_data_size 0, is_protobuf 1, enable_event_sync_subscriber 0], buffer id = 11
I0827 00:09:29.874524 753012 cosine_bus_message_buffer.cpp:45] [cosine_internal][CosineBusMessageBuffer] create buffer success. name:bus_buffer___MotionControlService__ControlMode__response, type:genie_msgs.msg.pb.CommonResponse, size:5
I0827 00:09:29.874599 753012 node_impl.cc:344] [aorta]CreateSubscriber topic:/MotionControlService/ControlMode/response, uid:607f1661-d4ae-4573-b574-6a5db81b4ba1-13500083580579056044 topic_uid:-1
I0827 00:09:29.874743 754295 shm_subscriber.cc:120] [aorta]subscriber connect to publisher success, topic /hal/left_ee_data, local d2379|python3.10|p753012|n0|s4|c0, peer d2379|hal|p8969|n0|/hal/left_ee_data|p2
I0827 00:09:29.874831 753113 centralized_discovery.cc:733] [aorta]subscriber uid:194a36ad-2223-4531-bebc-b44cad267d23-5071795120000351093 topic:/hal/right_ee_data
I0827 00:09:29.875036 753012 aorta_component.cpp:326] [cosine_internal][AortaComponent] aorta node create subscriber. node: python3.10_S1, topic:/MotionControlService/ControlMode/response, type:genie_msgs.msg.pb.CommonResponse, qos:(history:1, depth:5, reliability:1, durability:2), uri:http://10.42.0.101:2379
I0827 00:09:29.875046 753012 aorta_subscriber.hpp:96] [cosine_internal][AortaSubscriber] initial. topic:/MotionControlService/ControlMode/response, uri:
I0827 00:09:29.875062 753012 cosine_bus_manager.cpp:400] [cosine_internal][CosineBusManager] create subscriber. topic name:/MotionControlService/SetLoad/response , middleware:aorta , need async callback:0, frame_skip_rate:1
I0827 00:09:29.875069 753012 aorta_component.cpp:174] [cosine_internal][AortaComponent] callback_name:/MotionControlService/SetLoad/responsehttp://10.42.0.101:2379
I0827 00:09:29.875105 753012 buffered_data_export.cpp:115] [cosine_internal]successfully create buffer [bus_buffer___MotionControlService__SetLoad__response, type genie_msgs.msg.pb.CommonResponse, block num 5, valid_time 0, transfer_type 0, data_size 0, mem_type 0, lib_name , ext_data_size 0, is_protobuf 1, enable_event_sync_subscriber 0], buffer id = 12
I0827 00:09:29.875118 753012 cosine_bus_message_buffer.cpp:45] [cosine_internal][CosineBusMessageBuffer] create buffer success. name:bus_buffer___MotionControlService__SetLoad__response, type:genie_msgs.msg.pb.CommonResponse, size:5
I0827 00:09:29.875205 753012 node_impl.cc:344] [aorta]CreateSubscriber topic:/MotionControlService/SetLoad/response, uid:bdb41b28-02cf-49bd-9f31-987f7ac96b7d-11741066552301177038 topic_uid:-1
I0827 00:09:29.875640 753012 aorta_component.cpp:326] [cosine_internal][AortaComponent] aorta node create subscriber. node: python3.10_S1, topic:/MotionControlService/SetLoad/response, type:genie_msgs.msg.pb.CommonResponse, qos:(history:1, depth:5, reliability:1, durability:2), uri:http://10.42.0.101:2379
I0827 00:09:29.875651 753012 aorta_subscriber.hpp:96] [cosine_internal][AortaSubscriber] initial. topic:/MotionControlService/SetLoad/response, uri:
I0827 00:09:29.875663 753012 cosine_bus_manager.cpp:400] [cosine_internal][CosineBusManager] create subscriber. topic name:/MotionControlService/SetComplianceParams/response , middleware:aorta , need async callback:0, frame_skip_rate:1
I0827 00:09:29.875670 753012 aorta_component.cpp:174] [cosine_internal][AortaComponent] callback_name:/MotionControlService/SetComplianceParams/responsehttp://10.42.0.101:2379
I0827 00:09:29.875705 753012 buffered_data_export.cpp:115] [cosine_internal]successfully create buffer [bus_buffer___MotionControlService__SetComplianceParams__response, type genie_msgs.msg.pb.CommonResponse, block num 5, valid_time 0, transfer_type 0, data_size 0, mem_type 0, lib_name , ext_data_size 0, is_protobuf 1, enable_event_sync_subscriber 0], buffer id = 13
I0827 00:09:29.875715 753012 cosine_bus_message_buffer.cpp:45] [cosine_internal][CosineBusMessageBuffer] create buffer success. name:bus_buffer___MotionControlService__SetComplianceParams__response, type:genie_msgs.msg.pb.CommonResponse, size:5
I0827 00:09:29.875783 753012 node_impl.cc:344] [aorta]CreateSubscriber topic:/MotionControlService/SetComplianceParams/response, uid:971a8da8-17c8-4ef6-952c-71047c638b07-16772690313444795879 topic_uid:-1
I0827 00:09:29.875887 754295 shm_subscriber.cc:120] [aorta]subscriber connect to publisher success, topic /hal/right_ee_data, local d2379|python3.10|p753012|n0|s5|c0, peer d2379|hal|p8969|n0|/hal/right_ee_data|p3
I0827 00:09:29.876051 753113 centralized_discovery.cc:733] [aorta]subscriber uid:5ed70fe3-548f-4c13-b843-6fd65e70969b-13624413023349153968 topic:/hal/chassis_power_state
I0827 00:09:29.876398 753012 aorta_component.cpp:326] [cosine_internal][AortaComponent] aorta node create subscriber. node: python3.10_S1, topic:/MotionControlService/SetComplianceParams/response, type:genie_msgs.msg.pb.CommonResponse, qos:(history:1, depth:5, reliability:1, durability:2), uri:http://10.42.0.101:2379
I0827 00:09:29.876412 753012 aorta_subscriber.hpp:96] [cosine_internal][AortaSubscriber] initial. topic:/MotionControlService/SetComplianceParams/response, uri:
I0827 00:09:29.876427 753012 cosine_bus_manager.cpp:400] [cosine_internal][CosineBusManager] create subscriber. topic name:/MotionControlService/MotionPlan/response , middleware:aorta , need async callback:0, frame_skip_rate:1
I0827 00:09:29.876436 753012 aorta_component.cpp:174] [cosine_internal][AortaComponent] callback_name:/MotionControlService/MotionPlan/responsehttp://10.42.0.101:2379
I0827 00:09:29.876483 753012 buffered_data_export.cpp:115] [cosine_internal]successfully create buffer [bus_buffer___MotionControlService__MotionPlan__response, type genie_msgs.msg.pb.CommonResponse, block num 5, valid_time 0, transfer_type 0, data_size 0, mem_type 0, lib_name , ext_data_size 0, is_protobuf 1, enable_event_sync_subscriber 0], buffer id = 14
I0827 00:09:29.876502 753012 cosine_bus_message_buffer.cpp:45] [cosine_internal][CosineBusMessageBuffer] create buffer success. name:bus_buffer___MotionControlService__MotionPlan__response, type:genie_msgs.msg.pb.CommonResponse, size:5
I0827 00:09:29.876587 753012 node_impl.cc:344] [aorta]CreateSubscriber topic:/MotionControlService/MotionPlan/response, uid:08fb3d30-6e49-4ff3-b73e-4ebe99346f54-7265943930381113476 topic_uid:-1
I0827 00:09:29.877251 754295 shm_subscriber.cc:120] [aorta]subscriber connect to publisher success, topic /hal/chassis_power_state, local d2379|python3.10|p753012|n0|s6|c0, peer d2379|hal_lowerlimb|p8968|n0|/hal/chassis_power_state|p2
I0827 00:09:29.877307 753113 centralized_discovery.cc:733] [aorta]subscriber uid:617181dc-59e6-4700-abd0-6a67ff82f691-8918795574175434775 topic:/hal/chest_power_state
I0827 00:09:29.877547 753012 aorta_component.cpp:326] [cosine_internal][AortaComponent] aorta node create subscriber. node: python3.10_S1, topic:/MotionControlService/MotionPlan/response, type:genie_msgs.msg.pb.CommonResponse, qos:(history:1, depth:5, reliability:1, durability:2), uri:http://10.42.0.101:2379
I0827 00:09:29.877562 753012 aorta_subscriber.hpp:96] [cosine_internal][AortaSubscriber] initial. topic:/MotionControlService/MotionPlan/response, uri:
I0827 00:09:29.877704 753012 cosine_bus_manager.cpp:294] [cosine_internal][CosineBusManager] create publisher. topic name:/wbc/motion_stop , middleware:aorta
I0827 00:09:29.878230 753012 tcp_publisher.cc:179] [aorta]topic /wbc/motion_stop, pub_queue_size_ 5, latch_queue_size_ 0
I0827 00:09:29.878331 754291 tcp_socket_server.cc:200] [aorta]The ip info is0.0.0.0:46105
I0827 00:09:29.878369 754295 shm_subscriber.cc:120] [aorta]subscriber connect to publisher success, topic /hal/chest_power_state, local d2379|python3.10|p753012|n0|s7|c0, peer d2379|hal_lowerlimb|p8968|n0|/hal/chest_power_state|p4
I0827 00:09:29.878409 754291 shm_socket_server.cc:101] [aorta][/wbc/motion_stop] bind at pipe sock name d2379|python3.10|p753012|n0|/wbc/motion_stop|p5
I0827 00:09:29.878422 753113 centralized_discovery.cc:681] [aorta]publisher uid:35b5aa76-7811-421a-a578-2d1b5ffb098c-8113233340941315482 topic:/hal/joint_cmd
I0827 00:09:29.878477 753012 node_impl.cc:198] [aorta]CreatePublisher, host:0.0.0.0, port:46105, sockname:d2379|python3.10|p753012|n0|/wbc/motion_stop|p5, topic:/wbc/motion_stop, uid:7da76fd8-2426-4f86-8f79-30d5a7fcc5cc-13748557535015507650 topic_uid:-1
I0827 00:09:29.878500 753012 aorta_component.cpp:394] [cosine_internal][AortaComponent] aorta node create publisher. node: python3.10_S1, topic:/wbc/motion_stop, type:genie_msgs.msg.pb.MotionStop, qos:(history:1, depth:5, reliability:1, durability:2), uri:http://10.42.0.101:2379
I0827 00:09:29.878540 753012 aorta_publisher.cpp:119] [cosine_internal][AortaPublisher] publisher initialize. topic:/wbc/motion_stop, uri:
I0827 00:09:29.878566 753012 publisher.cpp:27] [GDK]create publisher: /wbc/motion_stop type: genie_msgs.msg.pb.MotionStop qos: 1 1 5 2
I0827 00:09:29.878645 753012 cosine_bus_manager.cpp:294] [cosine_internal][CosineBusManager] create publisher. topic name:/wbc/set_control_mode , middleware:aorta
I0827 00:09:29.879093 753012 tcp_publisher.cc:179] [aorta]topic /wbc/set_control_mode, pub_queue_size_ 5, latch_queue_size_ 0
I0827 00:09:29.879171 754291 tcp_socket_server.cc:200] [aorta]The ip info is0.0.0.0:40069
I0827 00:09:29.879454 754291 shm_socket_server.cc:101] [aorta][/wbc/set_control_mode] bind at pipe sock name d2379|python3.10|p753012|n0|/wbc/set_control_mode|p6
I0827 00:09:29.879590 753012 node_impl.cc:198] [aorta]CreatePublisher, host:0.0.0.0, port:40069, sockname:d2379|python3.10|p753012|n0|/wbc/set_control_mode|p6, topic:/wbc/set_control_mode, uid:4a78f8e5-639a-45fc-8068-ea7a2834cd41-14916454457450496029 topic_uid:-1
I0827 00:09:29.879616 753012 aorta_component.cpp:394] [cosine_internal][AortaComponent] aorta node create publisher. node: python3.10_S1, topic:/wbc/set_control_mode, type:genie_msgs.msg.pb.SetControlMode, qos:(history:1, depth:5, reliability:1, durability:2), uri:http://10.42.0.101:2379
I0827 00:09:29.879622 753113 centralized_discovery.cc:681] [aorta]publisher uid:59d11a79-2522-490c-b490-14857f35bce7-15677759012602946526 topic:/wbc/left_ee_command
I0827 00:09:29.879649 753012 aorta_publisher.cpp:119] [cosine_internal][AortaPublisher] publisher initialize. topic:/wbc/set_control_mode, uri:
I0827 00:09:29.879659 753012 publisher.cpp:27] [GDK]create publisher: /wbc/set_control_mode type: genie_msgs.msg.pb.SetControlMode qos: 1 1 5 2
I0827 00:09:29.879891 753012 cosine_bus_manager.cpp:294] [cosine_internal][CosineBusManager] create publisher. topic name:/wbc/end_effector_pose_control , middleware:aorta
I0827 00:09:29.880322 753012 tcp_publisher.cc:179] [aorta]topic /wbc/end_effector_pose_control, pub_queue_size_ 5, latch_queue_size_ 0
I0827 00:09:29.880403 754291 tcp_socket_server.cc:200] [aorta]The ip info is0.0.0.0:39755
I0827 00:09:29.880524 754291 shm_socket_server.cc:101] [aorta][/wbc/end_effector_pose_control] bind at pipe sock name d2379|python3.10|p753012|n0|/wbc/end_effector_pose_control|p7
I0827 00:09:29.880585 753012 node_impl.cc:198] [aorta]CreatePublisher, host:0.0.0.0, port:39755, sockname:d2379|python3.10|p753012|n0|/wbc/end_effector_pose_control|p7, topic:/wbc/end_effector_pose_control, uid:12219b78-bc5b-439b-835a-48de1365a33b-8961509146944305143 topic_uid:-1
I0827 00:09:29.880607 753012 aorta_component.cpp:394] [cosine_internal][AortaComponent] aorta node create publisher. node: python3.10_S1, topic:/wbc/end_effector_pose_control, type:genie_msgs.msg.pb.EndEffectorPoseControl, qos:(history:1, depth:5, reliability:1, durability:2), uri:http://10.42.0.101:2379
I0827 00:09:29.880638 753012 aorta_publisher.cpp:119] [cosine_internal][AortaPublisher] publisher initialize. topic:/wbc/end_effector_pose_control, uri:
I0827 00:09:29.880645 753012 publisher.cpp:27] [GDK]create publisher: /wbc/end_effector_pose_control type: genie_msgs.msg.pb.EndEffectorPoseControl qos: 1 1 5 2
I0827 00:09:29.880736 753012 cosine_bus_manager.cpp:294] [cosine_internal][CosineBusManager] create publisher. topic name:/wbc/joint_position_control , middleware:aorta
I0827 00:09:29.881155 753012 tcp_publisher.cc:179] [aorta]topic /wbc/joint_position_control, pub_queue_size_ 5, latch_queue_size_ 0
I0827 00:09:29.881239 754291 tcp_socket_server.cc:200] [aorta]The ip info is0.0.0.0:41271
I0827 00:09:29.881373 753113 centralized_discovery.cc:681] [aorta]publisher uid:d263f589-4771-4858-9252-b0e9e4bd2b6c-12160131399292109555 topic:/wbc/right_ee_command
I0827 00:09:29.881538 754291 shm_socket_server.cc:101] [aorta][/wbc/joint_position_control] bind at pipe sock name d2379|python3.10|p753012|n0|/wbc/joint_position_control|p8
I0827 00:09:29.881608 753012 node_impl.cc:198] [aorta]CreatePublisher, host:0.0.0.0, port:41271, sockname:d2379|python3.10|p753012|n0|/wbc/joint_position_control|p8, topic:/wbc/joint_position_control, uid:8df3ea4d-704e-458f-a264-d6c3ffd10647-17554954426434248758 topic_uid:-1
I0827 00:09:29.881628 753012 aorta_component.cpp:394] [cosine_internal][AortaComponent] aorta node create publisher. node: python3.10_S1, topic:/wbc/joint_position_control, type:genie_msgs.msg.pb.JointPositionControl, qos:(history:1, depth:5, reliability:1, durability:2), uri:http://10.42.0.101:2379
I0827 00:09:29.882038 753012 aorta_publisher.cpp:119] [cosine_internal][AortaPublisher] publisher initialize. topic:/wbc/joint_position_control, uri:
I0827 00:09:29.882054 753012 publisher.cpp:27] [GDK]create publisher: /wbc/joint_position_control type: genie_msgs.msg.pb.JointPositionControl qos: 1 1 5 2
I0827 00:09:29.882143 753012 cosine_bus_manager.cpp:294] [cosine_internal][CosineBusManager] create publisher. topic name:/MotionControlService/JointPosition/request , middleware:aorta
I0827 00:09:29.882597 753012 tcp_publisher.cc:179] [aorta]topic /MotionControlService/JointPosition/request, pub_queue_size_ 5, latch_queue_size_ 0
I0827 00:09:29.882676 754291 tcp_socket_server.cc:200] [aorta]The ip info is0.0.0.0:36047
I0827 00:09:29.882747 754291 shm_socket_server.cc:101] [aorta][/MotionControlService/JointPosition/request] bind at pipe sock name d2379|python3.10|p753012|n0|..onControlService/JointPosition/request|p9
I0827 00:09:29.882802 753012 node_impl.cc:198] [aorta]CreatePublisher, host:0.0.0.0, port:36047, sockname:d2379|python3.10|p753012|n0|..onControlService/JointPosition/request|p9, topic:/MotionControlService/JointPosition/request, uid:824f74a0-77be-4ca6-8cef-370e401978bb-13247891859042633557 topic_uid:-1
I0827 00:09:29.882822 753012 aorta_component.cpp:394] [cosine_internal][AortaComponent] aorta node create publisher. node: python3.10_S1, topic:/MotionControlService/JointPosition/request, type:genie_msgs.msg.pb.JointPositionRequst, qos:(history:1, depth:5, reliability:1, durability:2), uri:http://10.42.0.101:2379
I0827 00:09:29.882851 753012 aorta_publisher.cpp:119] [cosine_internal][AortaPublisher] publisher initialize. topic:/MotionControlService/JointPosition/request, uri:
I0827 00:09:29.882858 753012 publisher.cpp:27] [GDK]create publisher: /MotionControlService/JointPosition/request type: genie_msgs.msg.pb.JointPositionRequst qos: 1 1 5 2
I0827 00:09:29.882953 753012 cosine_bus_manager.cpp:294] [cosine_internal][CosineBusManager] create publisher. topic name:/MotionControlService/ControlMode/request , middleware:aorta
I0827 00:09:29.883150 753113 centralized_discovery.cc:733] [aorta]subscriber uid:e7c0eeb3-ad4b-4dfe-a766-31276154ab4b-3835708119707617413 topic:/wbc/motion_control_status
I0827 00:09:29.883391 753012 tcp_publisher.cc:179] [aorta]topic /MotionControlService/ControlMode/request, pub_queue_size_ 5, latch_queue_size_ 0
I0827 00:09:29.883571 754291 tcp_socket_server.cc:200] [aorta]The ip info is0.0.0.0:46845
I0827 00:09:29.883646 754291 shm_socket_server.cc:101] [aorta][/MotionControlService/ControlMode/request] bind at pipe sock name d2379|python3.10|p753012|n0|..tionControlService/ControlMode/request|p10
I0827 00:09:29.883704 753012 node_impl.cc:198] [aorta]CreatePublisher, host:0.0.0.0, port:46845, sockname:d2379|python3.10|p753012|n0|..tionControlService/ControlMode/request|p10, topic:/MotionControlService/ControlMode/request, uid:f04a36f6-2749-4759-bd08-0de7b0dcd8a0-7079047142913889307 topic_uid:-1
I0827 00:09:29.883831 753012 aorta_component.cpp:394] [cosine_internal][AortaComponent] aorta node create publisher. node: python3.10_S1, topic:/MotionControlService/ControlMode/request, type:genie_msgs.msg.pb.ControlModeRequest, qos:(history:1, depth:5, reliability:1, durability:2), uri:http://10.42.0.101:2379
I0827 00:09:29.883941 753012 aorta_publisher.cpp:119] [cosine_internal][AortaPublisher] publisher initialize. topic:/MotionControlService/ControlMode/request, uri:
I0827 00:09:29.883958 753012 publisher.cpp:27] [GDK]create publisher: /MotionControlService/ControlMode/request type: genie_msgs.msg.pb.ControlModeRequest qos: 1 1 5 2
I0827 00:09:29.883991 753012 cosine_bus_manager.cpp:294] [cosine_internal][CosineBusManager] create publisher. topic name:/MotionControlService/SetLoad/request , middleware:aorta
I0827 00:09:29.884419 753012 tcp_publisher.cc:179] [aorta]topic /MotionControlService/SetLoad/request, pub_queue_size_ 5, latch_queue_size_ 0
I0827 00:09:29.884480 754295 shm_subscriber.cc:120] [aorta]subscriber connect to publisher success, topic /wbc/motion_control_status, local d2379|python3.10|p753012|n0|s8|c0, peer d2379|genie_motion_control|p11269|n0|/wbc/motion_control_status|p4
I0827 00:09:29.884506 754291 tcp_socket_server.cc:200] [aorta]The ip info is0.0.0.0:33177
I0827 00:09:29.884536 753113 centralized_discovery.cc:733] [aorta]subscriber uid:eb229d8b-7803-427a-aef2-222b9dac5243-11220515294652701264 topic:/MotionControlService/JointPosition/response
