Log file created at: 2025/08/26 23:39:03
Running on machine: G2
Log line format: [IWEF]mmdd hh:mm:ss.uuuuuu threadid file:line] msg
I0826 23:39:03.665948 250697 dylog_impl.cpp:641] [DYLOG] set dylog default level to INFO
I0826 23:39:03.666023 250697 dylog_impl.cpp:690] [DYLOG] soc num : R2
I0826 23:39:03.666036 250697 dylog_impl.cpp:695] [DYLOG] can't read scene_mode, use sud
W0826 23:39:03.666060 250697 dylog_impl.cpp:757] [DYLOG] can't find available json config file with path : /home/agi/app/conf/scene_server/dylog_sud_default.json, use default.
I0826 23:39:03.666169 250697 dylog_impl.cpp:293] [DYLOG] register dsd_name : dylog/python3.10/cosine_internal
I0826 23:39:03.671339 250697 cosine_bus_manager.cpp:88] [cosine_internal][CosineBusManager] cosine bus config path not set, use default config.
I0826 23:39:03.671497 250697 cosine_bus_manager.cpp:118] [cosine_internal][CosineBusManager] initial cosine_bus_config:
I0826 23:39:03.673537 250697 cosine_bus_global_sync.cpp:30] [cosine_internal][BusGlobalSync] set default middleware name:aorta
I0826 23:39:03.674382 250697 scheduler_classic.cpp:28] [cosine_internal]Proc number set to be: 1
I0826 23:39:03.676353 250697 dynamic_object.cpp:521] [cosine_internal][DynamicObject] open libdynamic_aorta.so success.
I0826 23:39:03.676532 250697 dynamic_object.cpp:581] [cosine_internal][DynamicObject] Successfully enumerated 57 symbols in libdynamic_aorta.so
I0826 23:39:03.676542 250697 resource_loader.cpp:13] [cosine_internal][ResourceLoader] Attempting to load function: aorta_get_object
I0826 23:39:03.676546 250697 resource_loader.cpp:17] [cosine_internal][ResourceLoader] Trying address() method for C++ symbol: aorta_get_object
I0826 23:39:03.676553 250697 resource_loader.cpp:20] [cosine_internal][ResourceLoader] Successfully loaded C++ symbol: aorta_get_object
I0826 23:39:03.676556 250697 resource_loader.cpp:13] [cosine_internal][ResourceLoader] Attempting to load function: aorta_call_object_func
I0826 23:39:03.676559 250697 resource_loader.cpp:17] [cosine_internal][ResourceLoader] Trying address() method for C++ symbol: aorta_call_object_func
I0826 23:39:03.676563 250697 resource_loader.cpp:20] [cosine_internal][ResourceLoader] Successfully loaded C++ symbol: aorta_call_object_func
I0826 23:39:03.676566 250697 resource_loader.cpp:13] [cosine_internal][ResourceLoader] Attempting to load function: aorta_clean_up
I0826 23:39:03.676569 250697 resource_loader.cpp:17] [cosine_internal][ResourceLoader] Trying address() method for C++ symbol: aorta_clean_up
I0826 23:39:03.676584 250697 resource_loader.cpp:25] [cosine_internal][ResourceLoader] C++ symbol failed, trying c_address() method for C symbol: aorta_clean_up
I0826 23:39:03.676589 250697 resource_loader.cpp:28] [cosine_internal][ResourceLoader] Successfully loaded C symbol: aorta_clean_up
W0826 23:39:03.676595 250697 aorta_component.cpp:90] [cosine_internal]Environment variable [LOCATOR_IP/DDS_IP] not set, fallback to 10.42.0.101
I0826 23:39:03.676601 250697 aorta_component.cpp:496] [cosine_internal][AortaComponent] locator_ip: 10.42.0.101; Check network before domain init 
I0826 23:39:03.676638 250697 clock.cpp:22] [cosine_internal]load ptp time source from: libptp_clock_time.so
I0826 23:39:03.676795 250697 dynamic_object.cpp:521] [cosine_internal][DynamicObject] open libptp_clock_time.so success.
I0826 23:39:03.677217 250697 aorta_component.cpp:515] [cosine_internal][AortaComponent] Network check start. locator_ip: 10.42.0.101, timeout: 60 seconds , check_start_time: 1756222743
I0826 23:39:03.677237 250697 aorta_component.cpp:526] [cosine_internal][AortaComponent] locator_ip: 10.42.0.101; network is ready.
I0826 23:39:03.677284 250697 dylog_impl.cpp:293] [DYLOG] register dsd_name : dylog/python3.10/aorta
I0826 23:39:03.677414 250697 pcie_config.cc:52] [aorta]Get one valid pcie channel. producer: soc-s3 app-map_loc_app endpoint-nvscic2c_pcie_s3_c7_11 consumer: soc-s1 app-worldmodel endpoint-nvscic2c_pcie_s1_c7_11
I0826 23:39:03.677500 250697 os.cc:88] [aorta]Got host_id from system files: Huixi R1ROBOR2
I0826 23:39:03.677536 250697 pcie_manager.cc:71] [aorta]There is no pcie config in current process.
I0826 23:39:03.677865 250697 message_monitor_config.cc:398] [aorta]run in  mode
I0826 23:39:03.679525 250697 domain_impl.cc:58] [aorta]aorta version:7b1b7ddc
I0826 23:39:03.679564 250697 json_comm.cc:35] [aorta]file path: /home/agi/app/conf/topology/topology_rule.json not exist.
I0826 23:39:03.679582 250697 message_monitor_config.cc:398] [aorta]run in  mode
I0826 23:39:03.680872 250697 message_monitor_config.cc:731] [aorta]message monitor is updated from /home/agi/app/conf/aorta/function/aorta_monitor_conf.json
I0826 23:39:03.682380 250697 discovery_factory.cc:14] [aorta]type:1, host:10.42.0.101, port:2379, ttl:15, minor_cycle:100, major_cycle:3
I0826 23:39:03.682904 250697 config.cc:53] [aorta]AORTA_IP_MASK not set.
I0826 23:39:03.682914 250697 discovery.cc:245] [aorta]get ip masks empty.
I0826 23:39:03.682924 250697 config.cc:200] [aorta]AORTA_EXTRA_LOCAL_IPS not set.
I0826 23:39:03.682927 250697 discovery.cc:266] [aorta]local_publisher_ips_ empty.
I0826 23:39:03.682946 250697 config.cc:124] [aorta]ip match, ip:127.0.0.1
I0826 23:39:03.682956 250697 discovery.cc:275] [aorta]default emplace ip:10.42.0.101
I0826 23:39:03.682960 250697 discovery.cc:275] [aorta]default emplace ip:10.42.12.101
I0826 23:39:03.682962 250697 discovery.cc:275] [aorta]default emplace ip:10.42.1.101
I0826 23:39:03.682965 250697 discovery.cc:275] [aorta]default emplace ip:10.42.6.101
I0826 23:39:03.682968 250697 discovery.cc:275] [aorta]default emplace ip:192.168.1.101
I0826 23:39:03.682971 250697 discovery.cc:275] [aorta]default emplace ip:10.42.30.101
I0826 23:39:03.682973 250697 discovery.cc:275] [aorta]default emplace ip:10.42.40.101
I0826 23:39:03.682976 250697 discovery.cc:275] [aorta]default emplace ip:10.20.15.199
I0826 23:39:03.682978 250697 discovery.cc:275] [aorta]default emplace ip:10.42.6.101
I0826 23:39:03.682983 250697 centralized_discovery.cc:55] [aorta]lease_ttl_:15
I0826 23:39:03.683370 250697 aorta_component.cpp:561] [cosine_internal][AortaComponent] aorta create domain success. uri:http://10.42.0.101:2379
I0826 23:39:03.683508 250697 aorta_component.cpp:447] [cosine_internal][AortaComponent] aorta domain created node: python3.10_S1 , domain_uri:http://10.42.0.101:2379
I0826 23:39:03.683518 250697 aorta_component.cpp:126] [cosine_internal][AortaComponent] aorta component init success. node:python3.10_S1, uri:http://10.42.0.101:2379, locator_kind(1:shm,2:tcp,3:udp):2, locator_ip:10.42.0.101, locator_port:0, aorta_dispatcher_thread_num:1
I0826 23:39:03.683645 250733 processor.cpp:40] [cosine_internal]processor_tid: 250733
I0826 23:39:03.699862 250736 executor_impl.cc:91] [aorta]aorta-dispatch0 start spinning
I0826 23:39:03.723320 250735 centralized_discovery.cc:1110] [aorta]poll thread: revision:1016
I0826 23:39:03.723419 250735 centralized_discovery.cc:1123] [aorta]inotify_fd_:15 inotify_watch_:1 inotify_watch_path:/home/agi/app/conf/aorta/function
I0826 23:39:03.725529 250735 centralized_discovery.cc:615] [aorta]grant lease for node python3.10_S1 lease_id = 7587889064995165584
I0826 23:39:03.727178 250735 watch_state.cc:54] [aorta]watch connect success.
I0826 23:39:03.728210 250735 centralized_discovery.cc:1615] [aorta]recv watch response created.
I0826 23:39:03.768460 250697 cosine_bus_manager.cpp:294] [cosine_internal][CosineBusManager] create publisher. topic name:/gdk/config_request , middleware:aorta
I0826 23:39:03.769219 250697 tcp_publisher.cc:179] [aorta]topic /gdk/config_request, pub_queue_size_ 5, latch_queue_size_ 0
I0826 23:39:03.769425 250764 tcp_socket_server.cc:200] [aorta]The ip info is0.0.0.0:41795
I0826 23:39:03.769563 250764 shm_socket_server.cc:101] [aorta][/gdk/config_request] bind at pipe sock name d2379|python3.10|p250697|n0|/gdk/config_request|p0
I0826 23:39:03.769654 250697 node_impl.cc:198] [aorta]CreatePublisher, host:0.0.0.0, port:41795, sockname:d2379|python3.10|p250697|n0|/gdk/config_request|p0, topic:/gdk/config_request, uid:d3c6fa2b-9b1a-41a2-8bdc-8ae5b96870d5-4991715019463590898 topic_uid:-1
I0826 23:39:03.769688 250697 aorta_component.cpp:394] [cosine_internal][AortaComponent] aorta node create publisher. node: python3.10_S1, topic:/gdk/config_request, type:genie_msgs.msg.pb.CommonRequest, qos:(history:1, depth:5, reliability:1, durability:2), uri:http://10.42.0.101:2379
I0826 23:39:03.769729 250697 aorta_publisher.cpp:119] [cosine_internal][AortaPublisher] publisher initialize. topic:/gdk/config_request, uri:
I0826 23:39:03.769744 250697 dylog_impl.cpp:293] [DYLOG] register dsd_name : dylog/python3.10/GDK
I0826 23:39:03.769762 250735 centralized_discovery.cc:681] [aorta]publisher uid:d3c6fa2b-9b1a-41a2-8bdc-8ae5b96870d5-4991715019463590898 topic:/gdk/config_request
I0826 23:39:03.769784 250697 publisher.cpp:27] [GDK]create publisher: /gdk/config_request type: genie_msgs.msg.pb.CommonRequest qos: 1 1 5 2
I0826 23:39:03.769810 250697 cosine_bus_manager.cpp:294] [cosine_internal][CosineBusManager] create publisher. topic name:/gdk/camera_conf_request , middleware:aorta
I0826 23:39:03.770239 250697 tcp_publisher.cc:179] [aorta]topic /gdk/camera_conf_request, pub_queue_size_ 5, latch_queue_size_ 0
I0826 23:39:03.770298 250764 tcp_socket_server.cc:200] [aorta]The ip info is0.0.0.0:34205
I0826 23:39:03.770371 250764 shm_socket_server.cc:101] [aorta][/gdk/camera_conf_request] bind at pipe sock name d2379|python3.10|p250697|n0|/gdk/camera_conf_request|p1
I0826 23:39:03.770443 250697 node_impl.cc:198] [aorta]CreatePublisher, host:0.0.0.0, port:34205, sockname:d2379|python3.10|p250697|n0|/gdk/camera_conf_request|p1, topic:/gdk/camera_conf_request, uid:fb11400d-dfcd-4e01-929c-05b47ca7b4ae-9117180461459404870 topic_uid:-1
I0826 23:39:03.770467 250697 aorta_component.cpp:394] [cosine_internal][AortaComponent] aorta node create publisher. node: python3.10_S1, topic:/gdk/camera_conf_request, type:genie_msgs.msg.pb.CommonRequest, qos:(history:1, depth:5, reliability:1, durability:2), uri:http://10.42.0.101:2379
I0826 23:39:03.770500 250697 aorta_publisher.cpp:119] [cosine_internal][AortaPublisher] publisher initialize. topic:/gdk/camera_conf_request, uri:
I0826 23:39:03.770509 250697 publisher.cpp:27] [GDK]create publisher: /gdk/camera_conf_request type: genie_msgs.msg.pb.CommonRequest qos: 1 1 5 2
I0826 23:39:03.770527 250697 cosine_bus_manager.cpp:400] [cosine_internal][CosineBusManager] create subscriber. topic name:/gdk/config_response , middleware:aorta , need async callback:0, frame_skip_rate:1
I0826 23:39:03.770537 250697 aorta_component.cpp:174] [cosine_internal][AortaComponent] callback_name:/gdk/config_responsehttp://10.42.0.101:2379
I0826 23:39:03.770607 250697 dynamic_object.cpp:521] [cosine_internal][DynamicObject] open  success.
I0826 23:39:03.770783 250697 buffered_data_export.cpp:115] [cosine_internal]successfully create buffer [bus_buffer___gdk__config_response, type genie_msgs.msg.pb.CommonResponse, block num 5, valid_time 0, transfer_type 0, data_size 0, mem_type 0, lib_name , ext_data_size 0, is_protobuf 1, enable_event_sync_subscriber 0], buffer id = 1
I0826 23:39:03.770808 250697 cosine_bus_message_buffer.cpp:45] [cosine_internal][CosineBusMessageBuffer] create buffer success. name:bus_buffer___gdk__config_response, type:genie_msgs.msg.pb.CommonResponse, size:5
I0826 23:39:03.770884 250697 node_impl.cc:344] [aorta]CreateSubscriber topic:/gdk/config_response, uid:9d47fcd9-4384-4b2c-9034-b1f2cd50a0cb-9533047780102618842 topic_uid:-1
I0826 23:39:03.771485 250697 aorta_component.cpp:326] [cosine_internal][AortaComponent] aorta node create subscriber. node: python3.10_S1, topic:/gdk/config_response, type:genie_msgs.msg.pb.CommonResponse, qos:(history:1, depth:5, reliability:1, durability:2), uri:http://10.42.0.101:2379
I0826 23:39:03.771499 250697 aorta_subscriber.hpp:96] [cosine_internal][AortaSubscriber] initial. topic:/gdk/config_response, uri:
I0826 23:39:03.771513 250697 cosine_bus_manager.cpp:400] [cosine_internal][CosineBusManager] create subscriber. topic name:/gdk/camera_conf_response , middleware:aorta , need async callback:0, frame_skip_rate:1
I0826 23:39:03.771521 250697 aorta_component.cpp:174] [cosine_internal][AortaComponent] callback_name:/gdk/camera_conf_responsehttp://10.42.0.101:2379
I0826 23:39:03.771559 250697 buffered_data_export.cpp:115] [cosine_internal]successfully create buffer [bus_buffer___gdk__camera_conf_response, type genie_msgs.msg.pb.CommonResponse, block num 5, valid_time 0, transfer_type 0, data_size 0, mem_type 0, lib_name , ext_data_size 0, is_protobuf 1, enable_event_sync_subscriber 0], buffer id = 2
I0826 23:39:03.771571 250697 cosine_bus_message_buffer.cpp:45] [cosine_internal][CosineBusMessageBuffer] create buffer success. name:bus_buffer___gdk__camera_conf_response, type:genie_msgs.msg.pb.CommonResponse, size:5
I0826 23:39:03.771643 250697 node_impl.cc:344] [aorta]CreateSubscriber topic:/gdk/camera_conf_response, uid:9ef933d2-0c37-434f-bd64-5d05ac7634f7-3551884323222435368 topic_uid:-1
I0826 23:39:03.771864 250735 centralized_discovery.cc:681] [aorta]publisher uid:fb11400d-dfcd-4e01-929c-05b47ca7b4ae-9117180461459404870 topic:/gdk/camera_conf_request
I0826 23:39:03.772030 250697 aorta_component.cpp:326] [cosine_internal][AortaComponent] aorta node create subscriber. node: python3.10_S1, topic:/gdk/camera_conf_response, type:genie_msgs.msg.pb.CommonResponse, qos:(history:1, depth:5, reliability:1, durability:2), uri:http://10.42.0.101:2379
I0826 23:39:03.772042 250697 aorta_subscriber.hpp:96] [cosine_internal][AortaSubscriber] initial. topic:/gdk/camera_conf_response, uri:
I0826 23:39:03.772127 250697 cosine_bus_manager.cpp:400] [cosine_internal][CosineBusManager] create subscriber. topic name:/pnc/task_state , middleware:aorta , need async callback:0, frame_skip_rate:1
I0826 23:39:03.772135 250697 aorta_component.cpp:174] [cosine_internal][AortaComponent] callback_name:/pnc/task_statehttp://10.42.0.101:2379
I0826 23:39:03.772754 250697 buffered_data_export.cpp:115] [cosine_internal]successfully create buffer [bus_buffer___pnc__task_state, type pnc_msgs.TaskState, block num 5, valid_time 0, transfer_type 0, data_size 0, mem_type 0, lib_name , ext_data_size 0, is_protobuf 1, enable_event_sync_subscriber 0], buffer id = 3
I0826 23:39:03.772773 250697 cosine_bus_message_buffer.cpp:45] [cosine_internal][CosineBusMessageBuffer] create buffer success. name:bus_buffer___pnc__task_state, type:pnc_msgs.TaskState, size:5
I0826 23:39:03.772856 250697 node_impl.cc:344] [aorta]CreateSubscriber topic:/pnc/task_state, uid:190d3602-1e89-40a9-bb03-e8703a022d1e-9096530589114119892 topic_uid:-1
I0826 23:39:03.773249 250697 aorta_component.cpp:326] [cosine_internal][AortaComponent] aorta node create subscriber. node: python3.10_S1, topic:/pnc/task_state, type:pnc_msgs.TaskState, qos:(history:1, depth:5, reliability:1, durability:2), uri:http://10.42.0.101:2379
I0826 23:39:03.773262 250697 aorta_subscriber.hpp:96] [cosine_internal][AortaSubscriber] initial. topic:/pnc/task_state, uri:
I0826 23:39:03.773264 250735 centralized_discovery.cc:733] [aorta]subscriber uid:9d47fcd9-4384-4b2c-9034-b1f2cd50a0cb-9533047780102618842 topic:/gdk/config_response
I0826 23:39:03.773290 250697 cosine_bus_manager.cpp:400] [cosine_internal][CosineBusManager] create subscriber. topic name:/pnc/task_service/normal_navigation/response , middleware:aorta , need async callback:0, frame_skip_rate:1
I0826 23:39:03.773298 250697 aorta_component.cpp:174] [cosine_internal][AortaComponent] callback_name:/pnc/task_service/normal_navigation/responsehttp://10.42.0.101:2379
I0826 23:39:03.773347 250697 buffered_data_export.cpp:115] [cosine_internal]successfully create buffer [bus_buffer___pnc__task_service__normal_navigation__response, type pnc_msgs.NormalNavigationResponse, block num 5, valid_time 0, transfer_type 0, data_size 0, mem_type 0, lib_name , ext_data_size 0, is_protobuf 1, enable_event_sync_subscriber 0], buffer id = 4
I0826 23:39:03.773360 250697 cosine_bus_message_buffer.cpp:45] [cosine_internal][CosineBusMessageBuffer] create buffer success. name:bus_buffer___pnc__task_service__normal_navigation__response, type:pnc_msgs.NormalNavigationResponse, size:5
I0826 23:39:03.773451 250697 node_impl.cc:344] [aorta]CreateSubscriber topic:/pnc/task_service/normal_navigation/response, uid:8c67cf91-c047-4465-b340-b2d17cd2ca1c-7227396448010854466 topic_uid:-1
I0826 23:39:03.773829 250697 aorta_component.cpp:326] [cosine_internal][AortaComponent] aorta node create subscriber. node: python3.10_S1, topic:/pnc/task_service/normal_navigation/response, type:pnc_msgs.NormalNavigationResponse, qos:(history:1, depth:5, reliability:1, durability:2), uri:http://10.42.0.101:2379
I0826 23:39:03.773840 250697 aorta_subscriber.hpp:96] [cosine_internal][AortaSubscriber] initial. topic:/pnc/task_service/normal_navigation/response, uri:
I0826 23:39:03.773852 250697 cosine_bus_manager.cpp:400] [cosine_internal][CosineBusManager] create subscriber. topic name:/pnc/task_service/high_precision_navigation/response , middleware:aorta , need async callback:0, frame_skip_rate:1
I0826 23:39:03.773859 250697 aorta_component.cpp:174] [cosine_internal][AortaComponent] callback_name:/pnc/task_service/high_precision_navigation/responsehttp://10.42.0.101:2379
I0826 23:39:03.773898 250697 buffered_data_export.cpp:115] [cosine_internal]successfully create buffer [bus_buffer___pnc__task_service__high_precision_navigation__response, type pnc_msgs.HighPrecisionNavigationResponse, block num 5, valid_time 0, transfer_type 0, data_size 0, mem_type 0, lib_name , ext_data_size 0, is_protobuf 1, enable_event_sync_subscriber 0], buffer id = 5
I0826 23:39:03.773910 250697 cosine_bus_message_buffer.cpp:45] [cosine_internal][CosineBusMessageBuffer] create buffer success. name:bus_buffer___pnc__task_service__high_precision_navigation__response, type:pnc_msgs.HighPrecisionNavigationResponse, size:5
I0826 23:39:03.773972 250697 node_impl.cc:344] [aorta]CreateSubscriber topic:/pnc/task_service/high_precision_navigation/response, uid:f7f2be51-72ce-4094-adda-bc1d2a69a8f5-4701876173029784314 topic_uid:-1
I0826 23:39:03.774672 250697 aorta_component.cpp:326] [cosine_internal][AortaComponent] aorta node create subscriber. node: python3.10_S1, topic:/pnc/task_service/high_precision_navigation/response, type:pnc_msgs.HighPrecisionNavigationResponse, qos:(history:1, depth:5, reliability:1, durability:2), uri:http://10.42.0.101:2379
I0826 23:39:03.774689 250697 aorta_subscriber.hpp:96] [cosine_internal][AortaSubscriber] initial. topic:/pnc/task_service/high_precision_navigation/response, uri:
I0826 23:39:03.774717 250697 cosine_bus_manager.cpp:400] [cosine_internal][CosineBusManager] create subscriber. topic name:/pnc/task_service/relative_move/response , middleware:aorta , need async callback:0, frame_skip_rate:1
I0826 23:39:03.774726 250697 aorta_component.cpp:174] [cosine_internal][AortaComponent] callback_name:/pnc/task_service/relative_move/responsehttp://10.42.0.101:2379
I0826 23:39:03.774767 250697 buffered_data_export.cpp:115] [cosine_internal]successfully create buffer [bus_buffer___pnc__task_service__relative_move__response, type pnc_msgs.RelativeMoveResponse, block num 5, valid_time 0, transfer_type 0, data_size 0, mem_type 0, lib_name , ext_data_size 0, is_protobuf 1, enable_event_sync_subscriber 0], buffer id = 6
I0826 23:39:03.774780 250697 cosine_bus_message_buffer.cpp:45] [cosine_internal][CosineBusMessageBuffer] create buffer success. name:bus_buffer___pnc__task_service__relative_move__response, type:pnc_msgs.RelativeMoveResponse, size:5
I0826 23:39:03.774791 250765 shm_subscriber.cc:120] [aorta]subscriber connect to publisher success, topic /gdk/config_response, local d2379|python3.10|p250697|n0|s0|c0, peer d2379|gdk_service|p8997|n0|/gdk/config_response|p0
I0826 23:39:03.774855 250697 node_impl.cc:344] [aorta]CreateSubscriber topic:/pnc/task_service/relative_move/response, uid:cd65b3a0-0b77-4f83-ae1f-792e6c706e2e-4077207897147431090 topic_uid:-1
I0826 23:39:03.774876 250735 centralized_discovery.cc:733] [aorta]subscriber uid:9ef933d2-0c37-434f-bd64-5d05ac7634f7-3551884323222435368 topic:/gdk/camera_conf_response
I0826 23:39:03.775811 250765 shm_subscriber.cc:120] [aorta]subscriber connect to publisher success, topic /gdk/camera_conf_response, local d2379|python3.10|p250697|n0|s1|c0, peer d2379|gdk_service|p8997|n0|/gdk/camera_conf_response|p1
I0826 23:39:03.775923 250735 centralized_discovery.cc:733] [aorta]subscriber uid:190d3602-1e89-40a9-bb03-e8703a022d1e-9096530589114119892 topic:/pnc/task_state
I0826 23:39:03.776060 250697 aorta_component.cpp:326] [cosine_internal][AortaComponent] aorta node create subscriber. node: python3.10_S1, topic:/pnc/task_service/relative_move/response, type:pnc_msgs.RelativeMoveResponse, qos:(history:1, depth:5, reliability:1, durability:2), uri:http://10.42.0.101:2379
I0826 23:39:03.776074 250697 aorta_subscriber.hpp:96] [cosine_internal][AortaSubscriber] initial. topic:/pnc/task_service/relative_move/response, uri:
I0826 23:39:03.776091 250697 cosine_bus_manager.cpp:400] [cosine_internal][CosineBusManager] create subscriber. topic name:/pnc/task_service/task_cancel/response , middleware:aorta , need async callback:0, frame_skip_rate:1
I0826 23:39:03.776100 250697 aorta_component.cpp:174] [cosine_internal][AortaComponent] callback_name:/pnc/task_service/task_cancel/responsehttp://10.42.0.101:2379
I0826 23:39:03.776144 250697 buffered_data_export.cpp:115] [cosine_internal]successfully create buffer [bus_buffer___pnc__task_service__task_cancel__response, type pnc_msgs.TaskCancelResponse, block num 5, valid_time 0, transfer_type 0, data_size 0, mem_type 0, lib_name , ext_data_size 0, is_protobuf 1, enable_event_sync_subscriber 0], buffer id = 7
I0826 23:39:03.776166 250697 cosine_bus_message_buffer.cpp:45] [cosine_internal][CosineBusMessageBuffer] create buffer success. name:bus_buffer___pnc__task_service__task_cancel__response, type:pnc_msgs.TaskCancelResponse, size:5
I0826 23:39:03.776243 250697 node_impl.cc:344] [aorta]CreateSubscriber topic:/pnc/task_service/task_cancel/response, uid:a3a0df9b-93e0-4417-af83-b91f44201518-3654631836754090917 topic_uid:-1
I0826 23:39:03.776626 250697 aorta_component.cpp:326] [cosine_internal][AortaComponent] aorta node create subscriber. node: python3.10_S1, topic:/pnc/task_service/task_cancel/response, type:pnc_msgs.TaskCancelResponse, qos:(history:1, depth:5, reliability:1, durability:2), uri:http://10.42.0.101:2379
I0826 23:39:03.776636 250697 aorta_subscriber.hpp:96] [cosine_internal][AortaSubscriber] initial. topic:/pnc/task_service/task_cancel/response, uri:
I0826 23:39:03.776646 250697 cosine_bus_manager.cpp:400] [cosine_internal][CosineBusManager] create subscriber. topic name:/pnc/task_service/task_pause/response , middleware:aorta , need async callback:0, frame_skip_rate:1
I0826 23:39:03.776654 250697 aorta_component.cpp:174] [cosine_internal][AortaComponent] callback_name:/pnc/task_service/task_pause/responsehttp://10.42.0.101:2379
I0826 23:39:03.776684 250697 buffered_data_export.cpp:115] [cosine_internal]successfully create buffer [bus_buffer___pnc__task_service__task_pause__response, type pnc_msgs.TaskPauseResponse, block num 5, valid_time 0, transfer_type 0, data_size 0, mem_type 0, lib_name , ext_data_size 0, is_protobuf 1, enable_event_sync_subscriber 0], buffer id = 8
I0826 23:39:03.776695 250697 cosine_bus_message_buffer.cpp:45] [cosine_internal][CosineBusMessageBuffer] create buffer success. name:bus_buffer___pnc__task_service__task_pause__response, type:pnc_msgs.TaskPauseResponse, size:5
I0826 23:39:03.776757 250697 node_impl.cc:344] [aorta]CreateSubscriber topic:/pnc/task_service/task_pause/response, uid:a137442f-ab03-41e4-8f63-da2075db0942-4995236092065324733 topic_uid:-1
I0826 23:39:03.776808 250765 shm_subscriber.cc:120] [aorta]subscriber connect to publisher success, topic /pnc/task_state, local d2379|python3.10|p250697|n0|s2|c0, peer d2379|quark_navigation|p9584|n0|/pnc/task_state|p24
I0826 23:39:03.776867 250735 centralized_discovery.cc:733] [aorta]subscriber uid:8c67cf91-c047-4465-b340-b2d17cd2ca1c-7227396448010854466 topic:/pnc/task_service/normal_navigation/response
I0826 23:39:03.777148 250697 aorta_component.cpp:326] [cosine_internal][AortaComponent] aorta node create subscriber. node: python3.10_S1, topic:/pnc/task_service/task_pause/response, type:pnc_msgs.TaskPauseResponse, qos:(history:1, depth:5, reliability:1, durability:2), uri:http://10.42.0.101:2379
I0826 23:39:03.777156 250697 aorta_subscriber.hpp:96] [cosine_internal][AortaSubscriber] initial. topic:/pnc/task_service/task_pause/response, uri:
I0826 23:39:03.777172 250697 cosine_bus_manager.cpp:400] [cosine_internal][CosineBusManager] create subscriber. topic name:/pnc/task_service/task_resume/response , middleware:aorta , need async callback:0, frame_skip_rate:1
I0826 23:39:03.777179 250697 aorta_component.cpp:174] [cosine_internal][AortaComponent] callback_name:/pnc/task_service/task_resume/responsehttp://10.42.0.101:2379
I0826 23:39:03.777209 250697 buffered_data_export.cpp:115] [cosine_internal]successfully create buffer [bus_buffer___pnc__task_service__task_resume__response, type pnc_msgs.TaskResumeResponse, block num 5, valid_time 0, transfer_type 0, data_size 0, mem_type 0, lib_name , ext_data_size 0, is_protobuf 1, enable_event_sync_subscriber 0], buffer id = 9
I0826 23:39:03.777220 250697 cosine_bus_message_buffer.cpp:45] [cosine_internal][CosineBusMessageBuffer] create buffer success. name:bus_buffer___pnc__task_service__task_resume__response, type:pnc_msgs.TaskResumeResponse, size:5
I0826 23:39:03.777288 250697 node_impl.cc:344] [aorta]CreateSubscriber topic:/pnc/task_service/task_resume/response, uid:12007910-df25-4c57-893a-609daacebb60-16859347558940246081 topic_uid:-1
I0826 23:39:03.777671 250697 aorta_component.cpp:326] [cosine_internal][AortaComponent] aorta node create subscriber. node: python3.10_S1, topic:/pnc/task_service/task_resume/response, type:pnc_msgs.TaskResumeResponse, qos:(history:1, depth:5, reliability:1, durability:2), uri:http://10.42.0.101:2379
I0826 23:39:03.777680 250697 aorta_subscriber.hpp:96] [cosine_internal][AortaSubscriber] initial. topic:/pnc/task_service/task_resume/response, uri:
I0826 23:39:03.777691 250697 cosine_bus_manager.cpp:400] [cosine_internal][CosineBusManager] create subscriber. topic name:/pnc/task_service/remote_control/response , middleware:aorta , need async callback:0, frame_skip_rate:1
I0826 23:39:03.777697 250697 aorta_component.cpp:174] [cosine_internal][AortaComponent] callback_name:/pnc/task_service/remote_control/responsehttp://10.42.0.101:2379
I0826 23:39:03.777729 250697 buffered_data_export.cpp:115] [cosine_internal]successfully create buffer [bus_buffer___pnc__task_service__remote_control__response, type pnc_msgs.RemoteControlResponse, block num 5, valid_time 0, transfer_type 0, data_size 0, mem_type 0, lib_name , ext_data_size 0, is_protobuf 1, enable_event_sync_subscriber 0], buffer id = 10
I0826 23:39:03.777738 250697 cosine_bus_message_buffer.cpp:45] [cosine_internal][CosineBusMessageBuffer] create buffer success. name:bus_buffer___pnc__task_service__remote_control__response, type:pnc_msgs.RemoteControlResponse, size:5
I0826 23:39:03.777793 250697 node_impl.cc:344] [aorta]CreateSubscriber topic:/pnc/task_service/remote_control/response, uid:244d949d-3aab-47bf-8183-b7e9444cf8b7-11583863028842959166 topic_uid:-1
I0826 23:39:03.778110 250765 shm_subscriber.cc:120] [aorta]subscriber connect to publisher success, topic /pnc/task_service/normal_navigation/response, local d2379|python3.10|p250697|n0|s3|c0, peer d2379|quark_navigation|p9584|n0|..ask_service/normal_navigation/response|p11
I0826 23:39:03.778172 250735 centralized_discovery.cc:733] [aorta]subscriber uid:f7f2be51-72ce-4094-adda-bc1d2a69a8f5-4701876173029784314 topic:/pnc/task_service/high_precision_navigation/response
I0826 23:39:03.778189 250697 aorta_component.cpp:326] [cosine_internal][AortaComponent] aorta node create subscriber. node: python3.10_S1, topic:/pnc/task_service/remote_control/response, type:pnc_msgs.RemoteControlResponse, qos:(history:1, depth:5, reliability:1, durability:2), uri:http://10.42.0.101:2379
I0826 23:39:03.778199 250697 aorta_subscriber.hpp:96] [cosine_internal][AortaSubscriber] initial. topic:/pnc/task_service/remote_control/response, uri:
I0826 23:39:03.778216 250697 cosine_bus_manager.cpp:294] [cosine_internal][CosineBusManager] create publisher. topic name:/pnc/task_service/normal_navigation/request , middleware:aorta
I0826 23:39:03.778622 250697 tcp_publisher.cc:179] [aorta]topic /pnc/task_service/normal_navigation/request, pub_queue_size_ 5, latch_queue_size_ 0
I0826 23:39:03.778712 250764 tcp_socket_server.cc:200] [aorta]The ip info is0.0.0.0:44977
I0826 23:39:03.778833 250764 shm_socket_server.cc:101] [aorta][/pnc/task_service/normal_navigation/request] bind at pipe sock name d2379|python3.10|p250697|n0|..task_service/normal_navigation/request|p2
I0826 23:39:03.779208 250697 node_impl.cc:198] [aorta]CreatePublisher, host:0.0.0.0, port:44977, sockname:d2379|python3.10|p250697|n0|..task_service/normal_navigation/request|p2, topic:/pnc/task_service/normal_navigation/request, uid:f55261c3-c1bd-4033-879b-3e7a7c58103e-11863888217293896894 topic_uid:-1
I0826 23:39:03.779233 250697 aorta_component.cpp:394] [cosine_internal][AortaComponent] aorta node create publisher. node: python3.10_S1, topic:/pnc/task_service/normal_navigation/request, type:pnc_msgs.NormalNavigationRequest, qos:(history:1, depth:5, reliability:1, durability:2), uri:http://10.42.0.101:2379
I0826 23:39:03.779242 250765 shm_subscriber.cc:120] [aorta]subscriber connect to publisher success, topic /pnc/task_service/high_precision_navigation/response, local d2379|python3.10|p250697|n0|s4|c0, peer d2379|quark_navigation|p9584|n0|..ice/high_precision_navigation/response|p12
I0826 23:39:03.779276 250697 aorta_publisher.cpp:119] [cosine_internal][AortaPublisher] publisher initialize. topic:/pnc/task_service/normal_navigation/request, uri:
I0826 23:39:03.779287 250697 publisher.cpp:27] [GDK]create publisher: /pnc/task_service/normal_navigation/request type: pnc_msgs.NormalNavigationRequest qos: 1 1 5 2
I0826 23:39:03.779305 250697 cosine_bus_manager.cpp:294] [cosine_internal][CosineBusManager] create publisher. topic name:/pnc/task_service/high_precision_navigation/request , middleware:aorta
I0826 23:39:03.779323 250735 centralized_discovery.cc:733] [aorta]subscriber uid:cd65b3a0-0b77-4f83-ae1f-792e6c706e2e-4077207897147431090 topic:/pnc/task_service/relative_move/response
I0826 23:39:03.779816 250697 tcp_publisher.cc:179] [aorta]topic /pnc/task_service/high_precision_navigation/request, pub_queue_size_ 5, latch_queue_size_ 0
I0826 23:39:03.779877 250764 tcp_socket_server.cc:200] [aorta]The ip info is0.0.0.0:39607
I0826 23:39:03.779999 250764 shm_socket_server.cc:101] [aorta][/pnc/task_service/high_precision_navigation/request] bind at pipe sock name d2379|python3.10|p250697|n0|..vice/high_precision_navigation/request|p3
I0826 23:39:03.780085 250697 node_impl.cc:198] [aorta]CreatePublisher, host:0.0.0.0, port:39607, sockname:d2379|python3.10|p250697|n0|..vice/high_precision_navigation/request|p3, topic:/pnc/task_service/high_precision_navigation/request, uid:8da31df0-b09b-4084-9090-f0ac4ef8d774-13581583299462652003 topic_uid:-1
I0826 23:39:03.780128 250697 aorta_component.cpp:394] [cosine_internal][AortaComponent] aorta node create publisher. node: python3.10_S1, topic:/pnc/task_service/high_precision_navigation/request, type:pnc_msgs.HighPrecisionNavigationRequest, qos:(history:1, depth:5, reliability:1, durability:2), uri:http://10.42.0.101:2379
I0826 23:39:03.780161 250697 aorta_publisher.cpp:119] [cosine_internal][AortaPublisher] publisher initialize. topic:/pnc/task_service/high_precision_navigation/request, uri:
I0826 23:39:03.780169 250697 publisher.cpp:27] [GDK]create publisher: /pnc/task_service/high_precision_navigation/request type: pnc_msgs.HighPrecisionNavigationRequest qos: 1 1 5 2
I0826 23:39:03.780184 250697 cosine_bus_manager.cpp:294] [cosine_internal][CosineBusManager] create publisher. topic name:/pnc/task_service/relative_move/request , middleware:aorta
I0826 23:39:03.780180 250765 shm_subscriber.cc:120] [aorta]subscriber connect to publisher success, topic /pnc/task_service/relative_move/response, local d2379|python3.10|p250697|n0|s5|c0, peer d2379|quark_navigation|p9584|n0|/pnc/task_service/relative_move/response|p15
I0826 23:39:03.780246 250735 centralized_discovery.cc:733] [aorta]subscriber uid:a3a0df9b-93e0-4417-af83-b91f44201518-3654631836754090917 topic:/pnc/task_service/task_cancel/response
I0826 23:39:03.780611 250697 tcp_publisher.cc:179] [aorta]topic /pnc/task_service/relative_move/request, pub_queue_size_ 5, latch_queue_size_ 0
I0826 23:39:03.780682 250764 tcp_socket_server.cc:200] [aorta]The ip info is0.0.0.0:40547
I0826 23:39:03.780748 250764 shm_socket_server.cc:101] [aorta][/pnc/task_service/relative_move/request] bind at pipe sock name d2379|python3.10|p250697|n0|/pnc/task_service/relative_move/request|p4
I0826 23:39:03.780804 250697 node_impl.cc:198] [aorta]CreatePublisher, host:0.0.0.0, port:40547, sockname:d2379|python3.10|p250697|n0|/pnc/task_service/relative_move/request|p4, topic:/pnc/task_service/relative_move/request, uid:38c81de2-ca1b-46cf-b125-96dacc043264-1499998713038698463 topic_uid:-1
I0826 23:39:03.780828 250697 aorta_component.cpp:394] [cosine_internal][AortaComponent] aorta node create publisher. node: python3.10_S1, topic:/pnc/task_service/relative_move/request, type:pnc_msgs.RelativeMoveRequest, qos:(history:1, depth:5, reliability:1, durability:2), uri:http://10.42.0.101:2379
I0826 23:39:03.780865 250697 aorta_publisher.cpp:119] [cosine_internal][AortaPublisher] publisher initialize. topic:/pnc/task_service/relative_move/request, uri:
I0826 23:39:03.780872 250697 publisher.cpp:27] [GDK]create publisher: /pnc/task_service/relative_move/request type: pnc_msgs.RelativeMoveRequest qos: 1 1 5 2
I0826 23:39:03.780886 250697 cosine_bus_manager.cpp:294] [cosine_internal][CosineBusManager] create publisher. topic name:/pnc/task_service/task_cancel/request , middleware:aorta
I0826 23:39:03.781165 250765 shm_subscriber.cc:120] [aorta]subscriber connect to publisher success, topic /pnc/task_service/task_cancel/response, local d2379|python3.10|p250697|n0|s6|c0, peer d2379|quark_navigation|p9584|n0|/pnc/task_service/task_cancel/response|p17
I0826 23:39:03.781227 250735 centralized_discovery.cc:733] [aorta]subscriber uid:a137442f-ab03-41e4-8f63-da2075db0942-4995236092065324733 topic:/pnc/task_service/task_pause/response
I0826 23:39:03.781308 250697 tcp_publisher.cc:179] [aorta]topic /pnc/task_service/task_cancel/request, pub_queue_size_ 5, latch_queue_size_ 0
I0826 23:39:03.781363 250764 tcp_socket_server.cc:200] [aorta]The ip info is0.0.0.0:34099
I0826 23:39:03.781420 250764 shm_socket_server.cc:101] [aorta][/pnc/task_service/task_cancel/request] bind at pipe sock name d2379|python3.10|p250697|n0|/pnc/task_service/task_cancel/request|p5
I0826 23:39:03.781471 250697 node_impl.cc:198] [aorta]CreatePublisher, host:0.0.0.0, port:34099, sockname:d2379|python3.10|p250697|n0|/pnc/task_service/task_cancel/request|p5, topic:/pnc/task_service/task_cancel/request, uid:6a0c35a5-ecf8-405f-9ed9-374c9d94fd9e-10250913672907467700 topic_uid:-1
I0826 23:39:03.781489 250697 aorta_component.cpp:394] [cosine_internal][AortaComponent] aorta node create publisher. node: python3.10_S1, topic:/pnc/task_service/task_cancel/request, type:pnc_msgs.TaskCancelRequest, qos:(history:1, depth:5, reliability:1, durability:2), uri:http://10.42.0.101:2379
I0826 23:39:03.781519 250697 aorta_publisher.cpp:119] [cosine_internal][AortaPublisher] publisher initialize. topic:/pnc/task_service/task_cancel/request, uri:
I0826 23:39:03.781525 250697 publisher.cpp:27] [GDK]create publisher: /pnc/task_service/task_cancel/request type: pnc_msgs.TaskCancelRequest qos: 1 1 5 2
I0826 23:39:03.781545 250697 cosine_bus_manager.cpp:294] [cosine_internal][CosineBusManager] create publisher. topic name:/pnc/task_service/task_pause/request , middleware:aorta
I0826 23:39:03.781955 250697 tcp_publisher.cc:179] [aorta]topic /pnc/task_service/task_pause/request, pub_queue_size_ 5, latch_queue_size_ 0
I0826 23:39:03.782035 250764 tcp_socket_server.cc:200] [aorta]The ip info is0.0.0.0:34353
I0826 23:39:03.782097 250764 shm_socket_server.cc:101] [aorta][/pnc/task_service/task_pause/request] bind at pipe sock name d2379|python3.10|p250697|n0|/pnc/task_service/task_pause/request|p6
I0826 23:39:03.782140 250697 node_impl.cc:198] [aorta]CreatePublisher, host:0.0.0.0, port:34353, sockname:d2379|python3.10|p250697|n0|/pnc/task_service/task_pause/request|p6, topic:/pnc/task_service/task_pause/request, uid:7446b90e-4fa9-482b-a25c-6ccdccac960a-2366368184012060648 topic_uid:-1
I0826 23:39:03.782156 250697 aorta_component.cpp:394] [cosine_internal][AortaComponent] aorta node create publisher. node: python3.10_S1, topic:/pnc/task_service/task_pause/request, type:pnc_msgs.TaskPauseRequest, qos:(history:1, depth:5, reliability:1, durability:2), uri:http://10.42.0.101:2379
I0826 23:39:03.782172 250765 shm_subscriber.cc:120] [aorta]subscriber connect to publisher success, topic /pnc/task_service/task_pause/response, local d2379|python3.10|p250697|n0|s7|c0, peer d2379|quark_navigation|p9584|n0|/pnc/task_service/task_pause/response|p18
I0826 23:39:03.782184 250697 aorta_publisher.cpp:119] [cosine_internal][AortaPublisher] publisher initialize. topic:/pnc/task_service/task_pause/request, uri:
I0826 23:39:03.782195 250697 publisher.cpp:27] [GDK]create publisher: /pnc/task_service/task_pause/request type: pnc_msgs.TaskPauseRequest qos: 1 1 5 2
I0826 23:39:03.782207 250697 cosine_bus_manager.cpp:294] [cosine_internal][CosineBusManager] create publisher. topic name:/pnc/task_service/task_resume/request , middleware:aorta
I0826 23:39:03.782222 250735 centralized_discovery.cc:733] [aorta]subscriber uid:12007910-df25-4c57-893a-609daacebb60-16859347558940246081 topic:/pnc/task_service/task_resume/response
I0826 23:39:03.782632 250697 tcp_publisher.cc:179] [aorta]topic /pnc/task_service/task_resume/request, pub_queue_size_ 5, latch_queue_size_ 0
I0826 23:39:03.782680 250764 tcp_socket_server.cc:200] [aorta]The ip info is0.0.0.0:41779
I0826 23:39:03.782729 250764 shm_socket_server.cc:101] [aorta][/pnc/task_service/task_resume/request] bind at pipe sock name d2379|python3.10|p250697|n0|/pnc/task_service/task_resume/request|p7
I0826 23:39:03.782842 250697 node_impl.cc:198] [aorta]CreatePublisher, host:0.0.0.0, port:41779, sockname:d2379|python3.10|p250697|n0|/pnc/task_service/task_resume/request|p7, topic:/pnc/task_service/task_resume/request, uid:9e0ae985-d3ec-443a-a0e4-686c8ab43efa-18204958959141007063 topic_uid:-1
I0826 23:39:03.782873 250697 aorta_component.cpp:394] [cosine_internal][AortaComponent] aorta node create publisher. node: python3.10_S1, topic:/pnc/task_service/task_resume/request, type:pnc_msgs.TaskResumeRequest, qos:(history:1, depth:5, reliability:1, durability:2), uri:http://10.42.0.101:2379
I0826 23:39:03.782908 250697 aorta_publisher.cpp:119] [cosine_internal][AortaPublisher] publisher initialize. topic:/pnc/task_service/task_resume/request, uri:
I0826 23:39:03.782915 250697 publisher.cpp:27] [GDK]create publisher: /pnc/task_service/task_resume/request type: pnc_msgs.TaskResumeRequest qos: 1 1 5 2
I0826 23:39:03.783015 250697 cosine_bus_manager.cpp:294] [cosine_internal][CosineBusManager] create publisher. topic name:/pnc/remote_control_cmd , middleware:aorta
I0826 23:39:03.783046 250765 shm_subscriber.cc:120] [aorta]subscriber connect to publisher success, topic /pnc/task_service/task_resume/response, local d2379|python3.10|p250697|n0|s8|c0, peer d2379|quark_navigation|p9584|n0|/pnc/task_service/task_resume/response|p19
I0826 23:39:03.783106 250735 centralized_discovery.cc:733] [aorta]subscriber uid:244d949d-3aab-47bf-8183-b7e9444cf8b7-11583863028842959166 topic:/pnc/task_service/remote_control/response
I0826 23:39:03.783478 250697 tcp_publisher.cc:179] [aorta]topic /pnc/remote_control_cmd, pub_queue_size_ 5, latch_queue_size_ 0
I0826 23:39:03.783531 250764 tcp_socket_server.cc:200] [aorta]The ip info is0.0.0.0:34087
I0826 23:39:03.783589 250764 shm_socket_server.cc:101] [aorta][/pnc/remote_control_cmd] bind at pipe sock name d2379|python3.10|p250697|n0|/pnc/remote_control_cmd|p8
I0826 23:39:03.783686 250697 node_impl.cc:198] [aorta]CreatePublisher, host:0.0.0.0, port:34087, sockname:d2379|python3.10|p250697|n0|/pnc/remote_control_cmd|p8, topic:/pnc/remote_control_cmd, uid:f6139550-ba28-4afc-8493-c642bf606a8a-2921114360754287628 topic_uid:-1
I0826 23:39:03.783706 250697 aorta_component.cpp:394] [cosine_internal][AortaComponent] aorta node create publisher. node: python3.10_S1, topic:/pnc/remote_control_cmd, type:geometry_msgs.msg.pb.TwistStamped, qos:(history:1, depth:5, reliability:1, durability:2), uri:http://10.42.0.101:2379
I0826 23:39:03.783746 250697 aorta_publisher.cpp:119] [cosine_internal][AortaPublisher] publisher initialize. topic:/pnc/remote_control_cmd, uri:
I0826 23:39:03.783753 250697 publisher.cpp:27] [GDK]create publisher: /pnc/remote_control_cmd type: geometry_msgs.msg.pb.TwistStamped qos: 1 1 5 2
I0826 23:39:03.783767 250697 cosine_bus_manager.cpp:294] [cosine_internal][CosineBusManager] create publisher. topic name:/pnc/task_service/remote_control/request , middleware:aorta
I0826 23:39:03.784193 250765 shm_subscriber.cc:120] [aorta]subscriber connect to publisher success, topic /pnc/task_service/remote_control/response, local d2379|python3.10|p250697|n0|s9|c0, peer d2379|quark_navigation|p9584|n0|..c/task_service/remote_control/response|p16
I0826 23:39:03.784271 250735 centralized_discovery.cc:681] [aorta]publisher uid:f55261c3-c1bd-4033-879b-3e7a7c58103e-11863888217293896894 topic:/pnc/task_service/normal_navigation/request
I0826 23:39:03.784447 250697 tcp_publisher.cc:179] [aorta]topic /pnc/task_service/remote_control/request, pub_queue_size_ 5, latch_queue_size_ 0
I0826 23:39:03.784569 250764 tcp_socket_server.cc:200] [aorta]The ip info is0.0.0.0:39191
I0826 23:39:03.784633 250764 shm_socket_server.cc:101] [aorta][/pnc/task_service/remote_control/request] bind at pipe sock name d2379|python3.10|p250697|n0|/pnc/task_service/remote_control/request|p9
I0826 23:39:03.784689 250697 node_impl.cc:198] [aorta]CreatePublisher, host:0.0.0.0, port:39191, sockname:d2379|python3.10|p250697|n0|/pnc/task_service/remote_control/request|p9, topic:/pnc/task_service/remote_control/request, uid:d3e443a7-0647-4dff-882d-c2b972600905-10398465225129759782 topic_uid:-1
I0826 23:39:03.784708 250697 aorta_component.cpp:394] [cosine_internal][AortaComponent] aorta node create publisher. node: python3.10_S1, topic:/pnc/task_service/remote_control/request, type:pnc_msgs.RemoteControlRequest, qos:(history:1, depth:5, reliability:1, durability:2), uri:http://10.42.0.101:2379
I0826 23:39:03.784757 250697 aorta_publisher.cpp:119] [cosine_internal][AortaPublisher] publisher initialize. topic:/pnc/task_service/remote_control/request, uri:
I0826 23:39:03.784766 250697 publisher.cpp:27] [GDK]create publisher: /pnc/task_service/remote_control/request type: pnc_msgs.RemoteControlRequest qos: 1 1 5 2
I0826 23:39:03.784833 250697 cosine_bus_manager.cpp:400] [cosine_internal][CosineBusManager] create subscriber. topic name:/slam/odom , middleware:aorta , need async callback:0, frame_skip_rate:1
I0826 23:39:03.784843 250697 aorta_component.cpp:174] [cosine_internal][AortaComponent] callback_name:/slam/odomhttp://10.42.0.101:2379
I0826 23:39:03.785032 250697 buffered_data_export.cpp:115] [cosine_internal]successfully create buffer [bus_buffer___slam__odom, type genie_msgs.msg.pb.OdomInfo, block num 5, valid_time 0, transfer_type 0, data_size 0, mem_type 0, lib_name , ext_data_size 0, is_protobuf 1, enable_event_sync_subscriber 0], buffer id = 11
I0826 23:39:03.785054 250697 cosine_bus_message_buffer.cpp:45] [cosine_internal][CosineBusMessageBuffer] create buffer success. name:bus_buffer___slam__odom, type:genie_msgs.msg.pb.OdomInfo, size:5
I0826 23:39:03.785138 250697 node_impl.cc:344] [aorta]CreateSubscriber topic:/slam/odom, uid:b492ad6e-d195-47e5-80f1-da664245e0f8-8164318257426434522 topic_uid:-1
I0826 23:39:03.785713 250697 aorta_component.cpp:326] [cosine_internal][AortaComponent] aorta node create subscriber. node: python3.10_S1, topic:/slam/odom, type:genie_msgs.msg.pb.OdomInfo, qos:(history:1, depth:5, reliability:1, durability:2), uri:http://10.42.0.101:2379
I0826 23:39:03.785735 250697 aorta_subscriber.hpp:96] [cosine_internal][AortaSubscriber] initial. topic:/slam/odom, uri:
I0826 23:39:03.785750 250697 cosine_bus_manager.cpp:400] [cosine_internal][CosineBusManager] create subscriber. topic name:/slam/state , middleware:aorta , need async callback:0, frame_skip_rate:1
I0826 23:39:03.785758 250697 aorta_component.cpp:174] [cosine_internal][AortaComponent] callback_name:/slam/statehttp://10.42.0.101:2379
I0826 23:39:03.785802 250697 buffered_data_export.cpp:115] [cosine_internal]successfully create buffer [bus_buffer___slam__state, type genie_msgs.msg.pb.CommonResponse, block num 5, valid_time 0, transfer_type 0, data_size 0, mem_type 0, lib_name , ext_data_size 0, is_protobuf 1, enable_event_sync_subscriber 0], buffer id = 12
I0826 23:39:03.785815 250697 cosine_bus_message_buffer.cpp:45] [cosine_internal][CosineBusMessageBuffer] create buffer success. name:bus_buffer___slam__state, type:genie_msgs.msg.pb.CommonResponse, size:5
I0826 23:39:03.785898 250697 node_impl.cc:344] [aorta]CreateSubscriber topic:/slam/state, uid:cd6f703a-b89a-4c4a-93b0-85a0893a8039-7791362299214773660 topic_uid:-1
I0826 23:39:03.786194 250735 centralized_discovery.cc:681] [aorta]publisher uid:8da31df0-b09b-4084-9090-f0ac4ef8d774-13581583299462652003 topic:/pnc/task_service/high_precision_navigation/request
I0826 23:39:03.786291 250697 aorta_component.cpp:326] [cosine_internal][AortaComponent] aorta node create subscriber. node: python3.10_S1, topic:/slam/state, type:genie_msgs.msg.pb.CommonResponse, qos:(history:1, depth:5, reliability:1, durability:2), uri:http://10.42.0.101:2379
I0826 23:39:03.786301 250697 aorta_subscriber.hpp:96] [cosine_internal][AortaSubscriber] initial. topic:/slam/state, uri:
I0826 23:39:03.786314 250697 cosine_bus_manager.cpp:400] [cosine_internal][CosineBusManager] create subscriber. topic name:/slam/mapping_response , middleware:aorta , need async callback:0, frame_skip_rate:1
I0826 23:39:03.786320 250697 aorta_component.cpp:174] [cosine_internal][AortaComponent] callback_name:/slam/mapping_responsehttp://10.42.0.101:2379
I0826 23:39:03.786355 250697 buffered_data_export.cpp:115] [cosine_internal]successfully create buffer [bus_buffer___slam__mapping_response, type genie_msgs.msg.pb.CommonResponse, block num 5, valid_time 0, transfer_type 0, data_size 0, mem_type 0, lib_name , ext_data_size 0, is_protobuf 1, enable_event_sync_subscriber 0], buffer id = 13
I0826 23:39:03.786366 250697 cosine_bus_message_buffer.cpp:45] [cosine_internal][CosineBusMessageBuffer] create buffer success. name:bus_buffer___slam__mapping_response, type:genie_msgs.msg.pb.CommonResponse, size:5
I0826 23:39:03.786437 250697 node_impl.cc:344] [aorta]CreateSubscriber topic:/slam/mapping_response, uid:a8279493-0cc2-4f82-b7b9-24dce945b91f-3136143855590244141 topic_uid:-1
I0826 23:39:03.786998 250697 aorta_component.cpp:326] [cosine_internal][AortaComponent] aorta node create subscriber. node: python3.10_S1, topic:/slam/mapping_response, type:genie_msgs.msg.pb.CommonResponse, qos:(history:1, depth:5, reliability:1, durability:2), uri:http://10.42.0.101:2379
I0826 23:39:03.787010 250697 aorta_subscriber.hpp:96] [cosine_internal][AortaSubscriber] initial. topic:/slam/mapping_response, uri:
I0826 23:39:03.787022 250697 cosine_bus_manager.cpp:400] [cosine_internal][CosineBusManager] create subscriber. topic name:/slam/record_spec_loc_rsp , middleware:aorta , need async callback:0, frame_skip_rate:1
I0826 23:39:03.787029 250697 aorta_component.cpp:174] [cosine_internal][AortaComponent] callback_name:/slam/record_spec_loc_rsphttp://10.42.0.101:2379
I0826 23:39:03.787068 250697 buffered_data_export.cpp:115] [cosine_internal]successfully create buffer [bus_buffer___slam__record_spec_loc_rsp, type genie_msgs.msg.pb.CommonResponse, block num 5, valid_time 0, transfer_type 0, data_size 0, mem_type 0, lib_name , ext_data_size 0, is_protobuf 1, enable_event_sync_subscriber 0], buffer id = 14
I0826 23:39:03.787084 250697 cosine_bus_message_buffer.cpp:45] [cosine_internal][CosineBusMessageBuffer] create buffer success. name:bus_buffer___slam__record_spec_loc_rsp, type:genie_msgs.msg.pb.CommonResponse, size:5
I0826 23:39:03.787158 250697 node_impl.cc:344] [aorta]CreateSubscriber topic:/slam/record_spec_loc_rsp, uid:06722f34-bee8-4341-9eaa-f7461adf31b6-16786186340696970127 topic_uid:-1
I0826 23:39:03.787573 250697 aorta_component.cpp:326] [cosine_internal][AortaComponent] aorta node create subscriber. node: python3.10_S1, topic:/slam/record_spec_loc_rsp, type:genie_msgs.msg.pb.CommonResponse, qos:(history:1, depth:5, reliability:1, durability:2), uri:http://10.42.0.101:2379
I0826 23:39:03.787582 250697 aorta_subscriber.hpp:96] [cosine_internal][AortaSubscriber] initial. topic:/slam/record_spec_loc_rsp, uri:
I0826 23:39:03.787599 250697 cosine_bus_manager.cpp:294] [cosine_internal][CosineBusManager] create publisher. topic name:/slam/mapping_request , middleware:aorta
I0826 23:39:03.787756 250735 centralized_discovery.cc:681] [aorta]publisher uid:38c81de2-ca1b-46cf-b125-96dacc043264-1499998713038698463 topic:/pnc/task_service/relative_move/request
I0826 23:39:03.788051 250697 tcp_publisher.cc:179] [aorta]topic /slam/mapping_request, pub_queue_size_ 5, latch_queue_size_ 0
