Log file created at: 2025/08/26 23:38:12
Running on machine: G2
Log line format: [IWEF]mmdd hh:mm:ss.uuuuuu threadid file:line] msg
I0826 23:38:12.095368 237180 dylog_impl.cpp:641] [DYLOG] set dylog default level to INFO
I0826 23:38:12.095467 237180 dylog_impl.cpp:690] [DYLOG] soc num : R2
I0826 23:38:12.095484 237180 dylog_impl.cpp:695] [DYLOG] can't read scene_mode, use sud
W0826 23:38:12.095505 237180 dylog_impl.cpp:757] [DYLOG] can't find available json config file with path : /home/agi/app/conf/scene_server/dylog_sud_default.json, use default.
I0826 23:38:12.095625 237180 dylog_impl.cpp:293] [DYLOG] register dsd_name : dylog/python3.10/cosine_internal
I0826 23:38:12.098999 237180 cosine_bus_manager.cpp:88] [cosine_internal][CosineBusManager] cosine bus config path not set, use default config.
I0826 23:38:12.099066 237180 cosine_bus_manager.cpp:118] [cosine_internal][CosineBusManager] initial cosine_bus_config:
I0826 23:38:12.100880 237180 cosine_bus_global_sync.cpp:30] [cosine_internal][BusGlobalSync] set default middleware name:aorta
I0826 23:38:12.100939 237180 scheduler_classic.cpp:28] [cosine_internal]Proc number set to be: 1
I0826 23:38:12.102768 237180 dynamic_object.cpp:521] [cosine_internal][DynamicObject] open libdynamic_aorta.so success.
I0826 23:38:12.102969 237180 dynamic_object.cpp:581] [cosine_internal][DynamicObject] Successfully enumerated 57 symbols in libdynamic_aorta.so
I0826 23:38:12.102980 237180 resource_loader.cpp:13] [cosine_internal][ResourceLoader] Attempting to load function: aorta_get_object
I0826 23:38:12.102984 237180 resource_loader.cpp:17] [cosine_internal][ResourceLoader] Trying address() method for C++ symbol: aorta_get_object
I0826 23:38:12.102993 237180 resource_loader.cpp:20] [cosine_internal][ResourceLoader] Successfully loaded C++ symbol: aorta_get_object
I0826 23:38:12.102996 237180 resource_loader.cpp:13] [cosine_internal][ResourceLoader] Attempting to load function: aorta_call_object_func
I0826 23:38:12.102999 237180 resource_loader.cpp:17] [cosine_internal][ResourceLoader] Trying address() method for C++ symbol: aorta_call_object_func
I0826 23:38:12.103003 237180 resource_loader.cpp:20] [cosine_internal][ResourceLoader] Successfully loaded C++ symbol: aorta_call_object_func
I0826 23:38:12.103008 237180 resource_loader.cpp:13] [cosine_internal][ResourceLoader] Attempting to load function: aorta_clean_up
I0826 23:38:12.103010 237180 resource_loader.cpp:17] [cosine_internal][ResourceLoader] Trying address() method for C++ symbol: aorta_clean_up
I0826 23:38:12.103024 237180 resource_loader.cpp:25] [cosine_internal][ResourceLoader] C++ symbol failed, trying c_address() method for C symbol: aorta_clean_up
I0826 23:38:12.103029 237180 resource_loader.cpp:28] [cosine_internal][ResourceLoader] Successfully loaded C symbol: aorta_clean_up
W0826 23:38:12.103037 237180 aorta_component.cpp:90] [cosine_internal]Environment variable [LOCATOR_IP/DDS_IP] not set, fallback to 10.42.0.101
I0826 23:38:12.103044 237180 aorta_component.cpp:496] [cosine_internal][AortaComponent] locator_ip: 10.42.0.101; Check network before domain init 
I0826 23:38:12.103091 237180 clock.cpp:22] [cosine_internal]load ptp time source from: libptp_clock_time.so
I0826 23:38:12.103252 237180 dynamic_object.cpp:521] [cosine_internal][DynamicObject] open libptp_clock_time.so success.
I0826 23:38:12.104379 237180 aorta_component.cpp:515] [cosine_internal][AortaComponent] Network check start. locator_ip: 10.42.0.101, timeout: 60 seconds , check_start_time: 1756222692
I0826 23:38:12.104415 237180 aorta_component.cpp:526] [cosine_internal][AortaComponent] locator_ip: 10.42.0.101; network is ready.
I0826 23:38:12.104486 237180 dylog_impl.cpp:293] [DYLOG] register dsd_name : dylog/python3.10/aorta
I0826 23:38:12.104678 237180 pcie_config.cc:52] [aorta]Get one valid pcie channel. producer: soc-s3 app-map_loc_app endpoint-nvscic2c_pcie_s3_c7_11 consumer: soc-s1 app-worldmodel endpoint-nvscic2c_pcie_s1_c7_11
I0826 23:38:12.104811 237180 os.cc:88] [aorta]Got host_id from system files: Huixi R1ROBOR2
I0826 23:38:12.104861 237180 pcie_manager.cc:71] [aorta]There is no pcie config in current process.
I0826 23:38:12.105279 237180 message_monitor_config.cc:398] [aorta]run in  mode
I0826 23:38:12.106531 237180 domain_impl.cc:58] [aorta]aorta version:7b1b7ddc
I0826 23:38:12.106568 237180 json_comm.cc:35] [aorta]file path: /home/agi/app/conf/topology/topology_rule.json not exist.
I0826 23:38:12.106583 237180 message_monitor_config.cc:398] [aorta]run in  mode
I0826 23:38:12.107812 237180 message_monitor_config.cc:731] [aorta]message monitor is updated from /home/agi/app/conf/aorta/function/aorta_monitor_conf.json
I0826 23:38:12.109459 237180 discovery_factory.cc:14] [aorta]type:1, host:10.42.0.101, port:2379, ttl:15, minor_cycle:100, major_cycle:3
I0826 23:38:12.110001 237180 config.cc:53] [aorta]AORTA_IP_MASK not set.
I0826 23:38:12.110010 237180 discovery.cc:245] [aorta]get ip masks empty.
I0826 23:38:12.110019 237180 config.cc:200] [aorta]AORTA_EXTRA_LOCAL_IPS not set.
I0826 23:38:12.110023 237180 discovery.cc:266] [aorta]local_publisher_ips_ empty.
I0826 23:38:12.110046 237180 config.cc:124] [aorta]ip match, ip:127.0.0.1
I0826 23:38:12.110055 237180 discovery.cc:275] [aorta]default emplace ip:10.42.0.101
I0826 23:38:12.110059 237180 discovery.cc:275] [aorta]default emplace ip:10.42.12.101
I0826 23:38:12.110061 237180 discovery.cc:275] [aorta]default emplace ip:10.42.1.101
I0826 23:38:12.110064 237180 discovery.cc:275] [aorta]default emplace ip:10.42.6.101
I0826 23:38:12.110069 237180 discovery.cc:275] [aorta]default emplace ip:192.168.1.101
I0826 23:38:12.110070 237180 discovery.cc:275] [aorta]default emplace ip:10.42.30.101
I0826 23:38:12.110073 237180 discovery.cc:275] [aorta]default emplace ip:10.42.40.101
I0826 23:38:12.110076 237180 discovery.cc:275] [aorta]default emplace ip:10.20.15.199
I0826 23:38:12.110078 237180 discovery.cc:275] [aorta]default emplace ip:10.42.6.101
I0826 23:38:12.110083 237180 centralized_discovery.cc:55] [aorta]lease_ttl_:15
I0826 23:38:12.110576 237180 aorta_component.cpp:561] [cosine_internal][AortaComponent] aorta create domain success. uri:http://10.42.0.101:2379
I0826 23:38:12.110723 237180 aorta_component.cpp:447] [cosine_internal][AortaComponent] aorta domain created node: python3.10_S1 , domain_uri:http://10.42.0.101:2379
I0826 23:38:12.110733 237180 aorta_component.cpp:126] [cosine_internal][AortaComponent] aorta component init success. node:python3.10_S1, uri:http://10.42.0.101:2379, locator_kind(1:shm,2:tcp,3:udp):2, locator_ip:10.42.0.101, locator_port:0, aorta_dispatcher_thread_num:1
I0826 23:38:12.110872 237225 processor.cpp:40] [cosine_internal]processor_tid: 237225
I0826 23:38:12.111023 237229 executor_impl.cc:91] [aorta]aorta-dispatch0 start spinning
I0826 23:38:12.129097 237228 centralized_discovery.cc:1110] [aorta]poll thread: revision:940
I0826 23:38:12.129318 237228 centralized_discovery.cc:1123] [aorta]inotify_fd_:15 inotify_watch_:1 inotify_watch_path:/home/agi/app/conf/aorta/function
I0826 23:38:12.131482 237228 centralized_discovery.cc:615] [aorta]grant lease for node python3.10_S1 lease_id = 7587889064995165504
I0826 23:38:12.132738 237228 watch_state.cc:54] [aorta]watch connect success.
I0826 23:38:12.133559 237228 centralized_discovery.cc:1615] [aorta]recv watch response created.
I0826 23:38:12.171015 237180 cosine_bus_manager.cpp:294] [cosine_internal][CosineBusManager] create publisher. topic name:/gdk/config_request , middleware:aorta
I0826 23:38:12.171742 237180 tcp_publisher.cc:179] [aorta]topic /gdk/config_request, pub_queue_size_ 5, latch_queue_size_ 0
I0826 23:38:12.171960 237249 tcp_socket_server.cc:200] [aorta]The ip info is0.0.0.0:44033
I0826 23:38:12.172107 237249 shm_socket_server.cc:101] [aorta][/gdk/config_request] bind at pipe sock name d2379|python3.10|p237180|n0|/gdk/config_request|p0
I0826 23:38:12.172207 237180 node_impl.cc:198] [aorta]CreatePublisher, host:0.0.0.0, port:44033, sockname:d2379|python3.10|p237180|n0|/gdk/config_request|p0, topic:/gdk/config_request, uid:aaf1221f-efdb-42ea-b4b9-92bd387283e3-4991715019463590898 topic_uid:-1
I0826 23:38:12.172240 237180 aorta_component.cpp:394] [cosine_internal][AortaComponent] aorta node create publisher. node: python3.10_S1, topic:/gdk/config_request, type:genie_msgs.msg.pb.CommonRequest, qos:(history:1, depth:5, reliability:1, durability:2), uri:http://10.42.0.101:2379
I0826 23:38:12.172281 237180 aorta_publisher.cpp:119] [cosine_internal][AortaPublisher] publisher initialize. topic:/gdk/config_request, uri:
I0826 23:38:12.172294 237180 dylog_impl.cpp:293] [DYLOG] register dsd_name : dylog/python3.10/GDK
I0826 23:38:12.172312 237228 centralized_discovery.cc:681] [aorta]publisher uid:aaf1221f-efdb-42ea-b4b9-92bd387283e3-4991715019463590898 topic:/gdk/config_request
I0826 23:38:12.172331 237180 publisher.cpp:27] [GDK]create publisher: /gdk/config_request type: genie_msgs.msg.pb.CommonRequest qos: 1 1 5 2
I0826 23:38:12.172355 237180 cosine_bus_manager.cpp:294] [cosine_internal][CosineBusManager] create publisher. topic name:/gdk/camera_conf_request , middleware:aorta
I0826 23:38:12.172767 237180 tcp_publisher.cc:179] [aorta]topic /gdk/camera_conf_request, pub_queue_size_ 5, latch_queue_size_ 0
I0826 23:38:12.172827 237249 tcp_socket_server.cc:200] [aorta]The ip info is0.0.0.0:42621
I0826 23:38:12.172899 237249 shm_socket_server.cc:101] [aorta][/gdk/camera_conf_request] bind at pipe sock name d2379|python3.10|p237180|n0|/gdk/camera_conf_request|p1
I0826 23:38:12.172977 237180 node_impl.cc:198] [aorta]CreatePublisher, host:0.0.0.0, port:42621, sockname:d2379|python3.10|p237180|n0|/gdk/camera_conf_request|p1, topic:/gdk/camera_conf_request, uid:1d3ffcf1-605d-44c7-be73-811790c52f8a-9117180461459404870 topic_uid:-1
I0826 23:38:12.173002 237180 aorta_component.cpp:394] [cosine_internal][AortaComponent] aorta node create publisher. node: python3.10_S1, topic:/gdk/camera_conf_request, type:genie_msgs.msg.pb.CommonRequest, qos:(history:1, depth:5, reliability:1, durability:2), uri:http://10.42.0.101:2379
I0826 23:38:12.173034 237180 aorta_publisher.cpp:119] [cosine_internal][AortaPublisher] publisher initialize. topic:/gdk/camera_conf_request, uri:
I0826 23:38:12.173043 237180 publisher.cpp:27] [GDK]create publisher: /gdk/camera_conf_request type: genie_msgs.msg.pb.CommonRequest qos: 1 1 5 2
I0826 23:38:12.173060 237180 cosine_bus_manager.cpp:400] [cosine_internal][CosineBusManager] create subscriber. topic name:/gdk/config_response , middleware:aorta , need async callback:0, frame_skip_rate:1
I0826 23:38:12.173071 237180 aorta_component.cpp:174] [cosine_internal][AortaComponent] callback_name:/gdk/config_responsehttp://10.42.0.101:2379
I0826 23:38:12.173152 237180 dynamic_object.cpp:521] [cosine_internal][DynamicObject] open  success.
I0826 23:38:12.173307 237180 buffered_data_export.cpp:115] [cosine_internal]successfully create buffer [bus_buffer___gdk__config_response, type genie_msgs.msg.pb.CommonResponse, block num 5, valid_time 0, transfer_type 0, data_size 0, mem_type 0, lib_name , ext_data_size 0, is_protobuf 1, enable_event_sync_subscriber 0], buffer id = 1
I0826 23:38:12.173329 237180 cosine_bus_message_buffer.cpp:45] [cosine_internal][CosineBusMessageBuffer] create buffer success. name:bus_buffer___gdk__config_response, type:genie_msgs.msg.pb.CommonResponse, size:5
I0826 23:38:12.173408 237180 node_impl.cc:344] [aorta]CreateSubscriber topic:/gdk/config_response, uid:86da993a-9866-4583-a620-01b1dcc4752e-9533047780102618842 topic_uid:-1
I0826 23:38:12.173970 237180 aorta_component.cpp:326] [cosine_internal][AortaComponent] aorta node create subscriber. node: python3.10_S1, topic:/gdk/config_response, type:genie_msgs.msg.pb.CommonResponse, qos:(history:1, depth:5, reliability:1, durability:2), uri:http://10.42.0.101:2379
I0826 23:38:12.173986 237180 aorta_subscriber.hpp:96] [cosine_internal][AortaSubscriber] initial. topic:/gdk/config_response, uri:
I0826 23:38:12.174000 237180 cosine_bus_manager.cpp:400] [cosine_internal][CosineBusManager] create subscriber. topic name:/gdk/camera_conf_response , middleware:aorta , need async callback:0, frame_skip_rate:1
I0826 23:38:12.174006 237180 aorta_component.cpp:174] [cosine_internal][AortaComponent] callback_name:/gdk/camera_conf_responsehttp://10.42.0.101:2379
I0826 23:38:12.174046 237180 buffered_data_export.cpp:115] [cosine_internal]successfully create buffer [bus_buffer___gdk__camera_conf_response, type genie_msgs.msg.pb.CommonResponse, block num 5, valid_time 0, transfer_type 0, data_size 0, mem_type 0, lib_name , ext_data_size 0, is_protobuf 1, enable_event_sync_subscriber 0], buffer id = 2
I0826 23:38:12.174059 237180 cosine_bus_message_buffer.cpp:45] [cosine_internal][CosineBusMessageBuffer] create buffer success. name:bus_buffer___gdk__camera_conf_response, type:genie_msgs.msg.pb.CommonResponse, size:5
I0826 23:38:12.174139 237180 node_impl.cc:344] [aorta]CreateSubscriber topic:/gdk/camera_conf_response, uid:7881a96c-cf4d-4306-821b-9cd340d3c76d-3551884323222435368 topic_uid:-1
I0826 23:38:12.174631 237180 aorta_component.cpp:326] [cosine_internal][AortaComponent] aorta node create subscriber. node: python3.10_S1, topic:/gdk/camera_conf_response, type:genie_msgs.msg.pb.CommonResponse, qos:(history:1, depth:5, reliability:1, durability:2), uri:http://10.42.0.101:2379
I0826 23:38:12.174645 237180 aorta_subscriber.hpp:96] [cosine_internal][AortaSubscriber] initial. topic:/gdk/camera_conf_response, uri:
I0826 23:38:12.174741 237180 cosine_bus_manager.cpp:400] [cosine_internal][CosineBusManager] create subscriber. topic name:/pnc/task_state , middleware:aorta , need async callback:0, frame_skip_rate:1
I0826 23:38:12.174750 237228 centralized_discovery.cc:681] [aorta]publisher uid:1d3ffcf1-605d-44c7-be73-811790c52f8a-9117180461459404870 topic:/gdk/camera_conf_request
I0826 23:38:12.174751 237180 aorta_component.cpp:174] [cosine_internal][AortaComponent] callback_name:/pnc/task_statehttp://10.42.0.101:2379
I0826 23:38:12.175550 237180 buffered_data_export.cpp:115] [cosine_internal]successfully create buffer [bus_buffer___pnc__task_state, type pnc_msgs.TaskState, block num 5, valid_time 0, transfer_type 0, data_size 0, mem_type 0, lib_name , ext_data_size 0, is_protobuf 1, enable_event_sync_subscriber 0], buffer id = 3
I0826 23:38:12.175573 237180 cosine_bus_message_buffer.cpp:45] [cosine_internal][CosineBusMessageBuffer] create buffer success. name:bus_buffer___pnc__task_state, type:pnc_msgs.TaskState, size:5
I0826 23:38:12.175670 237180 node_impl.cc:344] [aorta]CreateSubscriber topic:/pnc/task_state, uid:edc3c06b-43b9-4496-98b9-a61523693196-9096530589114119892 topic_uid:-1
I0826 23:38:12.176082 237180 aorta_component.cpp:326] [cosine_internal][AortaComponent] aorta node create subscriber. node: python3.10_S1, topic:/pnc/task_state, type:pnc_msgs.TaskState, qos:(history:1, depth:5, reliability:1, durability:2), uri:http://10.42.0.101:2379
I0826 23:38:12.176095 237180 aorta_subscriber.hpp:96] [cosine_internal][AortaSubscriber] initial. topic:/pnc/task_state, uri:
I0826 23:38:12.176131 237180 cosine_bus_manager.cpp:400] [cosine_internal][CosineBusManager] create subscriber. topic name:/pnc/task_service/normal_navigation/response , middleware:aorta , need async callback:0, frame_skip_rate:1
I0826 23:38:12.176141 237180 aorta_component.cpp:174] [cosine_internal][AortaComponent] callback_name:/pnc/task_service/normal_navigation/responsehttp://10.42.0.101:2379
I0826 23:38:12.176194 237228 centralized_discovery.cc:733] [aorta]subscriber uid:86da993a-9866-4583-a620-01b1dcc4752e-9533047780102618842 topic:/gdk/config_response
I0826 23:38:12.176198 237180 buffered_data_export.cpp:115] [cosine_internal]successfully create buffer [bus_buffer___pnc__task_service__normal_navigation__response, type pnc_msgs.NormalNavigationResponse, block num 5, valid_time 0, transfer_type 0, data_size 0, mem_type 0, lib_name , ext_data_size 0, is_protobuf 1, enable_event_sync_subscriber 0], buffer id = 4
I0826 23:38:12.176213 237180 cosine_bus_message_buffer.cpp:45] [cosine_internal][CosineBusMessageBuffer] create buffer success. name:bus_buffer___pnc__task_service__normal_navigation__response, type:pnc_msgs.NormalNavigationResponse, size:5
I0826 23:38:12.176285 237180 node_impl.cc:344] [aorta]CreateSubscriber topic:/pnc/task_service/normal_navigation/response, uid:9026d630-9542-420e-98f9-0f84ea0dc631-7227396448010854466 topic_uid:-1
I0826 23:38:12.176666 237180 aorta_component.cpp:326] [cosine_internal][AortaComponent] aorta node create subscriber. node: python3.10_S1, topic:/pnc/task_service/normal_navigation/response, type:pnc_msgs.NormalNavigationResponse, qos:(history:1, depth:5, reliability:1, durability:2), uri:http://10.42.0.101:2379
I0826 23:38:12.176676 237180 aorta_subscriber.hpp:96] [cosine_internal][AortaSubscriber] initial. topic:/pnc/task_service/normal_navigation/response, uri:
I0826 23:38:12.176689 237180 cosine_bus_manager.cpp:400] [cosine_internal][CosineBusManager] create subscriber. topic name:/pnc/task_service/high_precision_navigation/response , middleware:aorta , need async callback:0, frame_skip_rate:1
I0826 23:38:12.176741 237180 aorta_component.cpp:174] [cosine_internal][AortaComponent] callback_name:/pnc/task_service/high_precision_navigation/responsehttp://10.42.0.101:2379
I0826 23:38:12.176791 237180 buffered_data_export.cpp:115] [cosine_internal]successfully create buffer [bus_buffer___pnc__task_service__high_precision_navigation__response, type pnc_msgs.HighPrecisionNavigationResponse, block num 5, valid_time 0, transfer_type 0, data_size 0, mem_type 0, lib_name , ext_data_size 0, is_protobuf 1, enable_event_sync_subscriber 0], buffer id = 5
I0826 23:38:12.176805 237180 cosine_bus_message_buffer.cpp:45] [cosine_internal][CosineBusMessageBuffer] create buffer success. name:bus_buffer___pnc__task_service__high_precision_navigation__response, type:pnc_msgs.HighPrecisionNavigationResponse, size:5
I0826 23:38:12.176883 237180 node_impl.cc:344] [aorta]CreateSubscriber topic:/pnc/task_service/high_precision_navigation/response, uid:b8ff0e4f-fe8e-4f4f-9be5-717feb1f4ca6-4701876173029784314 topic_uid:-1
I0826 23:38:12.177364 237180 aorta_component.cpp:326] [cosine_internal][AortaComponent] aorta node create subscriber. node: python3.10_S1, topic:/pnc/task_service/high_precision_navigation/response, type:pnc_msgs.HighPrecisionNavigationResponse, qos:(history:1, depth:5, reliability:1, durability:2), uri:http://10.42.0.101:2379
I0826 23:38:12.177381 237180 aorta_subscriber.hpp:96] [cosine_internal][AortaSubscriber] initial. topic:/pnc/task_service/high_precision_navigation/response, uri:
I0826 23:38:12.177394 237180 cosine_bus_manager.cpp:400] [cosine_internal][CosineBusManager] create subscriber. topic name:/pnc/task_service/relative_move/response , middleware:aorta , need async callback:0, frame_skip_rate:1
I0826 23:38:12.177402 237180 aorta_component.cpp:174] [cosine_internal][AortaComponent] callback_name:/pnc/task_service/relative_move/responsehttp://10.42.0.101:2379
I0826 23:38:12.177451 237180 buffered_data_export.cpp:115] [cosine_internal]successfully create buffer [bus_buffer___pnc__task_service__relative_move__response, type pnc_msgs.RelativeMoveResponse, block num 5, valid_time 0, transfer_type 0, data_size 0, mem_type 0, lib_name , ext_data_size 0, is_protobuf 1, enable_event_sync_subscriber 0], buffer id = 6
I0826 23:38:12.177464 237180 cosine_bus_message_buffer.cpp:45] [cosine_internal][CosineBusMessageBuffer] create buffer success. name:bus_buffer___pnc__task_service__relative_move__response, type:pnc_msgs.RelativeMoveResponse, size:5
I0826 23:38:12.177793 237180 node_impl.cc:344] [aorta]CreateSubscriber topic:/pnc/task_service/relative_move/response, uid:e065d57a-d22e-439e-a3ad-4ef12973b1f0-4077207897147431090 topic_uid:-1
I0826 23:38:12.178210 237180 aorta_component.cpp:326] [cosine_internal][AortaComponent] aorta node create subscriber. node: python3.10_S1, topic:/pnc/task_service/relative_move/response, type:pnc_msgs.RelativeMoveResponse, qos:(history:1, depth:5, reliability:1, durability:2), uri:http://10.42.0.101:2379
I0826 23:38:12.178222 237180 aorta_subscriber.hpp:96] [cosine_internal][AortaSubscriber] initial. topic:/pnc/task_service/relative_move/response, uri:
I0826 23:38:12.178237 237180 cosine_bus_manager.cpp:400] [cosine_internal][CosineBusManager] create subscriber. topic name:/pnc/task_service/task_cancel/response , middleware:aorta , need async callback:0, frame_skip_rate:1
I0826 23:38:12.178244 237180 aorta_component.cpp:174] [cosine_internal][AortaComponent] callback_name:/pnc/task_service/task_cancel/responsehttp://10.42.0.101:2379
I0826 23:38:12.178296 237180 buffered_data_export.cpp:115] [cosine_internal]successfully create buffer [bus_buffer___pnc__task_service__task_cancel__response, type pnc_msgs.TaskCancelResponse, block num 5, valid_time 0, transfer_type 0, data_size 0, mem_type 0, lib_name , ext_data_size 0, is_protobuf 1, enable_event_sync_subscriber 0], buffer id = 7
I0826 23:38:12.178310 237180 cosine_bus_message_buffer.cpp:45] [cosine_internal][CosineBusMessageBuffer] create buffer success. name:bus_buffer___pnc__task_service__task_cancel__response, type:pnc_msgs.TaskCancelResponse, size:5
I0826 23:38:12.178390 237180 node_impl.cc:344] [aorta]CreateSubscriber topic:/pnc/task_service/task_cancel/response, uid:060ce9b6-00b8-4c37-993b-95ef0c28cf6b-3654631836754090917 topic_uid:-1
I0826 23:38:12.178853 237180 aorta_component.cpp:326] [cosine_internal][AortaComponent] aorta node create subscriber. node: python3.10_S1, topic:/pnc/task_service/task_cancel/response, type:pnc_msgs.TaskCancelResponse, qos:(history:1, depth:5, reliability:1, durability:2), uri:http://10.42.0.101:2379
I0826 23:38:12.178866 237180 aorta_subscriber.hpp:96] [cosine_internal][AortaSubscriber] initial. topic:/pnc/task_service/task_cancel/response, uri:
I0826 23:38:12.178881 237180 cosine_bus_manager.cpp:400] [cosine_internal][CosineBusManager] create subscriber. topic name:/pnc/task_service/task_pause/response , middleware:aorta , need async callback:0, frame_skip_rate:1
I0826 23:38:12.178889 237180 aorta_component.cpp:174] [cosine_internal][AortaComponent] callback_name:/pnc/task_service/task_pause/responsehttp://10.42.0.101:2379
I0826 23:38:12.178936 237180 buffered_data_export.cpp:115] [cosine_internal]successfully create buffer [bus_buffer___pnc__task_service__task_pause__response, type pnc_msgs.TaskPauseResponse, block num 5, valid_time 0, transfer_type 0, data_size 0, mem_type 0, lib_name , ext_data_size 0, is_protobuf 1, enable_event_sync_subscriber 0], buffer id = 8
I0826 23:38:12.178948 237180 cosine_bus_message_buffer.cpp:45] [cosine_internal][CosineBusMessageBuffer] create buffer success. name:bus_buffer___pnc__task_service__task_pause__response, type:pnc_msgs.TaskPauseResponse, size:5
I0826 23:38:12.179013 237180 node_impl.cc:344] [aorta]CreateSubscriber topic:/pnc/task_service/task_pause/response, uid:3f2f04f0-30b6-4226-939c-96c54bcff737-4995236092065324733 topic_uid:-1
I0826 23:38:12.179523 237250 shm_subscriber.cc:120] [aorta]subscriber connect to publisher success, topic /gdk/config_response, local d2379|python3.10|p237180|n0|s0|c0, peer d2379|gdk_service|p8997|n0|/gdk/config_response|p0
I0826 23:38:12.179622 237228 centralized_discovery.cc:733] [aorta]subscriber uid:7881a96c-cf4d-4306-821b-9cd340d3c76d-3551884323222435368 topic:/gdk/camera_conf_response
I0826 23:38:12.179884 237180 aorta_component.cpp:326] [cosine_internal][AortaComponent] aorta node create subscriber. node: python3.10_S1, topic:/pnc/task_service/task_pause/response, type:pnc_msgs.TaskPauseResponse, qos:(history:1, depth:5, reliability:1, durability:2), uri:http://10.42.0.101:2379
I0826 23:38:12.179899 237180 aorta_subscriber.hpp:96] [cosine_internal][AortaSubscriber] initial. topic:/pnc/task_service/task_pause/response, uri:
I0826 23:38:12.179919 237180 cosine_bus_manager.cpp:400] [cosine_internal][CosineBusManager] create subscriber. topic name:/pnc/task_service/task_resume/response , middleware:aorta , need async callback:0, frame_skip_rate:1
I0826 23:38:12.179927 237180 aorta_component.cpp:174] [cosine_internal][AortaComponent] callback_name:/pnc/task_service/task_resume/responsehttp://10.42.0.101:2379
I0826 23:38:12.179976 237180 buffered_data_export.cpp:115] [cosine_internal]successfully create buffer [bus_buffer___pnc__task_service__task_resume__response, type pnc_msgs.TaskResumeResponse, block num 5, valid_time 0, transfer_type 0, data_size 0, mem_type 0, lib_name , ext_data_size 0, is_protobuf 1, enable_event_sync_subscriber 0], buffer id = 9
I0826 23:38:12.180001 237180 cosine_bus_message_buffer.cpp:45] [cosine_internal][CosineBusMessageBuffer] create buffer success. name:bus_buffer___pnc__task_service__task_resume__response, type:pnc_msgs.TaskResumeResponse, size:5
I0826 23:38:12.180089 237180 node_impl.cc:344] [aorta]CreateSubscriber topic:/pnc/task_service/task_resume/response, uid:58a43b68-5136-46e2-b0fc-bff284c84164-16859347558940246081 topic_uid:-1
I0826 23:38:12.180505 237180 aorta_component.cpp:326] [cosine_internal][AortaComponent] aorta node create subscriber. node: python3.10_S1, topic:/pnc/task_service/task_resume/response, type:pnc_msgs.TaskResumeResponse, qos:(history:1, depth:5, reliability:1, durability:2), uri:http://10.42.0.101:2379
I0826 23:38:12.180514 237180 aorta_subscriber.hpp:96] [cosine_internal][AortaSubscriber] initial. topic:/pnc/task_service/task_resume/response, uri:
I0826 23:38:12.180526 237180 cosine_bus_manager.cpp:400] [cosine_internal][CosineBusManager] create subscriber. topic name:/pnc/task_service/remote_control/response , middleware:aorta , need async callback:0, frame_skip_rate:1
I0826 23:38:12.180531 237180 aorta_component.cpp:174] [cosine_internal][AortaComponent] callback_name:/pnc/task_service/remote_control/responsehttp://10.42.0.101:2379
I0826 23:38:12.180567 237180 buffered_data_export.cpp:115] [cosine_internal]successfully create buffer [bus_buffer___pnc__task_service__remote_control__response, type pnc_msgs.RemoteControlResponse, block num 5, valid_time 0, transfer_type 0, data_size 0, mem_type 0, lib_name , ext_data_size 0, is_protobuf 1, enable_event_sync_subscriber 0], buffer id = 10
I0826 23:38:12.180585 237180 cosine_bus_message_buffer.cpp:45] [cosine_internal][CosineBusMessageBuffer] create buffer success. name:bus_buffer___pnc__task_service__remote_control__response, type:pnc_msgs.RemoteControlResponse, size:5
I0826 23:38:12.180655 237180 node_impl.cc:344] [aorta]CreateSubscriber topic:/pnc/task_service/remote_control/response, uid:35a73563-2284-4972-a7bf-7729d0c97011-11583863028842959166 topic_uid:-1
I0826 23:38:12.180879 237250 shm_subscriber.cc:120] [aorta]subscriber connect to publisher success, topic /gdk/camera_conf_response, local d2379|python3.10|p237180|n0|s1|c0, peer d2379|gdk_service|p8997|n0|/gdk/camera_conf_response|p1
I0826 23:38:12.180989 237228 centralized_discovery.cc:733] [aorta]subscriber uid:edc3c06b-43b9-4496-98b9-a61523693196-9096530589114119892 topic:/pnc/task_state
I0826 23:38:12.181051 237180 aorta_component.cpp:326] [cosine_internal][AortaComponent] aorta node create subscriber. node: python3.10_S1, topic:/pnc/task_service/remote_control/response, type:pnc_msgs.RemoteControlResponse, qos:(history:1, depth:5, reliability:1, durability:2), uri:http://10.42.0.101:2379
I0826 23:38:12.181059 237180 aorta_subscriber.hpp:96] [cosine_internal][AortaSubscriber] initial. topic:/pnc/task_service/remote_control/response, uri:
I0826 23:38:12.181082 237180 cosine_bus_manager.cpp:294] [cosine_internal][CosineBusManager] create publisher. topic name:/pnc/task_service/normal_navigation/request , middleware:aorta
I0826 23:38:12.181490 237180 tcp_publisher.cc:179] [aorta]topic /pnc/task_service/normal_navigation/request, pub_queue_size_ 5, latch_queue_size_ 0
I0826 23:38:12.181576 237249 tcp_socket_server.cc:200] [aorta]The ip info is0.0.0.0:42051
I0826 23:38:12.181660 237249 shm_socket_server.cc:101] [aorta][/pnc/task_service/normal_navigation/request] bind at pipe sock name d2379|python3.10|p237180|n0|..task_service/normal_navigation/request|p2
I0826 23:38:12.181735 237180 node_impl.cc:198] [aorta]CreatePublisher, host:0.0.0.0, port:42051, sockname:d2379|python3.10|p237180|n0|..task_service/normal_navigation/request|p2, topic:/pnc/task_service/normal_navigation/request, uid:0b52d016-c0b0-4c02-b34a-7bf419028008-11863888217293896894 topic_uid:-1
I0826 23:38:12.181758 237180 aorta_component.cpp:394] [cosine_internal][AortaComponent] aorta node create publisher. node: python3.10_S1, topic:/pnc/task_service/normal_navigation/request, type:pnc_msgs.NormalNavigationRequest, qos:(history:1, depth:5, reliability:1, durability:2), uri:http://10.42.0.101:2379
I0826 23:38:12.181794 237180 aorta_publisher.cpp:119] [cosine_internal][AortaPublisher] publisher initialize. topic:/pnc/task_service/normal_navigation/request, uri:
I0826 23:38:12.181792 237250 shm_subscriber.cc:120] [aorta]subscriber connect to publisher success, topic /pnc/task_state, local d2379|python3.10|p237180|n0|s2|c0, peer d2379|quark_navigation|p9584|n0|/pnc/task_state|p24
I0826 23:38:12.181804 237180 publisher.cpp:27] [GDK]create publisher: /pnc/task_service/normal_navigation/request type: pnc_msgs.NormalNavigationRequest qos: 1 1 5 2
I0826 23:38:12.181821 237180 cosine_bus_manager.cpp:294] [cosine_internal][CosineBusManager] create publisher. topic name:/pnc/task_service/high_precision_navigation/request , middleware:aorta
I0826 23:38:12.181847 237228 centralized_discovery.cc:733] [aorta]subscriber uid:9026d630-9542-420e-98f9-0f84ea0dc631-7227396448010854466 topic:/pnc/task_service/normal_navigation/response
I0826 23:38:12.182281 237180 tcp_publisher.cc:179] [aorta]topic /pnc/task_service/high_precision_navigation/request, pub_queue_size_ 5, latch_queue_size_ 0
I0826 23:38:12.182335 237249 tcp_socket_server.cc:200] [aorta]The ip info is0.0.0.0:37255
I0826 23:38:12.182392 237249 shm_socket_server.cc:101] [aorta][/pnc/task_service/high_precision_navigation/request] bind at pipe sock name d2379|python3.10|p237180|n0|..vice/high_precision_navigation/request|p3
I0826 23:38:12.182442 237180 node_impl.cc:198] [aorta]CreatePublisher, host:0.0.0.0, port:37255, sockname:d2379|python3.10|p237180|n0|..vice/high_precision_navigation/request|p3, topic:/pnc/task_service/high_precision_navigation/request, uid:06f93896-ca02-41c0-a42d-e1c312648e1a-13581583299462652003 topic_uid:-1
I0826 23:38:12.182459 237180 aorta_component.cpp:394] [cosine_internal][AortaComponent] aorta node create publisher. node: python3.10_S1, topic:/pnc/task_service/high_precision_navigation/request, type:pnc_msgs.HighPrecisionNavigationRequest, qos:(history:1, depth:5, reliability:1, durability:2), uri:http://10.42.0.101:2379
I0826 23:38:12.182489 237180 aorta_publisher.cpp:119] [cosine_internal][AortaPublisher] publisher initialize. topic:/pnc/task_service/high_precision_navigation/request, uri:
I0826 23:38:12.182497 237180 publisher.cpp:27] [GDK]create publisher: /pnc/task_service/high_precision_navigation/request type: pnc_msgs.HighPrecisionNavigationRequest qos: 1 1 5 2
I0826 23:38:12.182509 237180 cosine_bus_manager.cpp:294] [cosine_internal][CosineBusManager] create publisher. topic name:/pnc/task_service/relative_move/request , middleware:aorta
I0826 23:38:12.182688 237250 shm_subscriber.cc:120] [aorta]subscriber connect to publisher success, topic /pnc/task_service/normal_navigation/response, local d2379|python3.10|p237180|n0|s3|c0, peer d2379|quark_navigation|p9584|n0|..ask_service/normal_navigation/response|p11
I0826 23:38:12.182747 237228 centralized_discovery.cc:733] [aorta]subscriber uid:b8ff0e4f-fe8e-4f4f-9be5-717feb1f4ca6-4701876173029784314 topic:/pnc/task_service/high_precision_navigation/response
I0826 23:38:12.182965 237180 tcp_publisher.cc:179] [aorta]topic /pnc/task_service/relative_move/request, pub_queue_size_ 5, latch_queue_size_ 0
I0826 23:38:12.183046 237249 tcp_socket_server.cc:200] [aorta]The ip info is0.0.0.0:42127
I0826 23:38:12.183127 237249 shm_socket_server.cc:101] [aorta][/pnc/task_service/relative_move/request] bind at pipe sock name d2379|python3.10|p237180|n0|/pnc/task_service/relative_move/request|p4
I0826 23:38:12.183197 237180 node_impl.cc:198] [aorta]CreatePublisher, host:0.0.0.0, port:42127, sockname:d2379|python3.10|p237180|n0|/pnc/task_service/relative_move/request|p4, topic:/pnc/task_service/relative_move/request, uid:da725e37-7631-44f9-9959-b69945397251-1499998713038698463 topic_uid:-1
I0826 23:38:12.183219 237180 aorta_component.cpp:394] [cosine_internal][AortaComponent] aorta node create publisher. node: python3.10_S1, topic:/pnc/task_service/relative_move/request, type:pnc_msgs.RelativeMoveRequest, qos:(history:1, depth:5, reliability:1, durability:2), uri:http://10.42.0.101:2379
I0826 23:38:12.183251 237180 aorta_publisher.cpp:119] [cosine_internal][AortaPublisher] publisher initialize. topic:/pnc/task_service/relative_move/request, uri:
I0826 23:38:12.183259 237180 publisher.cpp:27] [GDK]create publisher: /pnc/task_service/relative_move/request type: pnc_msgs.RelativeMoveRequest qos: 1 1 5 2
I0826 23:38:12.183274 237180 cosine_bus_manager.cpp:294] [cosine_internal][CosineBusManager] create publisher. topic name:/pnc/task_service/task_cancel/request , middleware:aorta
I0826 23:38:12.183733 237180 tcp_publisher.cc:179] [aorta]topic /pnc/task_service/task_cancel/request, pub_queue_size_ 5, latch_queue_size_ 0
I0826 23:38:12.183813 237249 tcp_socket_server.cc:200] [aorta]The ip info is0.0.0.0:33419
I0826 23:38:12.184008 237249 shm_socket_server.cc:101] [aorta][/pnc/task_service/task_cancel/request] bind at pipe sock name d2379|python3.10|p237180|n0|/pnc/task_service/task_cancel/request|p5
I0826 23:38:12.184095 237180 node_impl.cc:198] [aorta]CreatePublisher, host:0.0.0.0, port:33419, sockname:d2379|python3.10|p237180|n0|/pnc/task_service/task_cancel/request|p5, topic:/pnc/task_service/task_cancel/request, uid:b0031fc4-249f-4fee-ab14-82c43e070437-10250913672907467700 topic_uid:-1
I0826 23:38:12.184132 237180 aorta_component.cpp:394] [cosine_internal][AortaComponent] aorta node create publisher. node: python3.10_S1, topic:/pnc/task_service/task_cancel/request, type:pnc_msgs.TaskCancelRequest, qos:(history:1, depth:5, reliability:1, durability:2), uri:http://10.42.0.101:2379
I0826 23:38:12.184168 237180 aorta_publisher.cpp:119] [cosine_internal][AortaPublisher] publisher initialize. topic:/pnc/task_service/task_cancel/request, uri:
I0826 23:38:12.184177 237180 publisher.cpp:27] [GDK]create publisher: /pnc/task_service/task_cancel/request type: pnc_msgs.TaskCancelRequest qos: 1 1 5 2
I0826 23:38:12.184194 237180 cosine_bus_manager.cpp:294] [cosine_internal][CosineBusManager] create publisher. topic name:/pnc/task_service/task_pause/request , middleware:aorta
I0826 23:38:12.184638 237250 shm_subscriber.cc:120] [aorta]subscriber connect to publisher success, topic /pnc/task_service/high_precision_navigation/response, local d2379|python3.10|p237180|n0|s4|c0, peer d2379|quark_navigation|p9584|n0|..ice/high_precision_navigation/response|p12
I0826 23:38:12.184705 237228 centralized_discovery.cc:733] [aorta]subscriber uid:e065d57a-d22e-439e-a3ad-4ef12973b1f0-4077207897147431090 topic:/pnc/task_service/relative_move/response
I0826 23:38:12.184722 237180 tcp_publisher.cc:179] [aorta]topic /pnc/task_service/task_pause/request, pub_queue_size_ 5, latch_queue_size_ 0
I0826 23:38:12.184808 237249 tcp_socket_server.cc:200] [aorta]The ip info is0.0.0.0:45757
I0826 23:38:12.184885 237249 shm_socket_server.cc:101] [aorta][/pnc/task_service/task_pause/request] bind at pipe sock name d2379|python3.10|p237180|n0|/pnc/task_service/task_pause/request|p6
I0826 23:38:12.184960 237180 node_impl.cc:198] [aorta]CreatePublisher, host:0.0.0.0, port:45757, sockname:d2379|python3.10|p237180|n0|/pnc/task_service/task_pause/request|p6, topic:/pnc/task_service/task_pause/request, uid:54a499f6-8408-4b46-8c0d-92a8ee54a121-2366368184012060648 topic_uid:-1
I0826 23:38:12.184986 237180 aorta_component.cpp:394] [cosine_internal][AortaComponent] aorta node create publisher. node: python3.10_S1, topic:/pnc/task_service/task_pause/request, type:pnc_msgs.TaskPauseRequest, qos:(history:1, depth:5, reliability:1, durability:2), uri:http://10.42.0.101:2379
I0826 23:38:12.185019 237180 aorta_publisher.cpp:119] [cosine_internal][AortaPublisher] publisher initialize. topic:/pnc/task_service/task_pause/request, uri:
I0826 23:38:12.185027 237180 publisher.cpp:27] [GDK]create publisher: /pnc/task_service/task_pause/request type: pnc_msgs.TaskPauseRequest qos: 1 1 5 2
I0826 23:38:12.185045 237180 cosine_bus_manager.cpp:294] [cosine_internal][CosineBusManager] create publisher. topic name:/pnc/task_service/task_resume/request , middleware:aorta
I0826 23:38:12.185477 237180 tcp_publisher.cc:179] [aorta]topic /pnc/task_service/task_resume/request, pub_queue_size_ 5, latch_queue_size_ 0
I0826 23:38:12.185557 237249 tcp_socket_server.cc:200] [aorta]The ip info is0.0.0.0:39505
I0826 23:38:12.185632 237249 shm_socket_server.cc:101] [aorta][/pnc/task_service/task_resume/request] bind at pipe sock name d2379|python3.10|p237180|n0|/pnc/task_service/task_resume/request|p7
I0826 23:38:12.185691 237180 node_impl.cc:198] [aorta]CreatePublisher, host:0.0.0.0, port:39505, sockname:d2379|python3.10|p237180|n0|/pnc/task_service/task_resume/request|p7, topic:/pnc/task_service/task_resume/request, uid:96fc3a77-e30a-4075-9a87-ff9dc7d9b067-18204958959141007063 topic_uid:-1
I0826 23:38:12.185714 237180 aorta_component.cpp:394] [cosine_internal][AortaComponent] aorta node create publisher. node: python3.10_S1, topic:/pnc/task_service/task_resume/request, type:pnc_msgs.TaskResumeRequest, qos:(history:1, depth:5, reliability:1, durability:2), uri:http://10.42.0.101:2379
I0826 23:38:12.185747 237180 aorta_publisher.cpp:119] [cosine_internal][AortaPublisher] publisher initialize. topic:/pnc/task_service/task_resume/request, uri:
I0826 23:38:12.185755 237180 publisher.cpp:27] [GDK]create publisher: /pnc/task_service/task_resume/request type: pnc_msgs.TaskResumeRequest qos: 1 1 5 2
I0826 23:38:12.185914 237180 cosine_bus_manager.cpp:294] [cosine_internal][CosineBusManager] create publisher. topic name:/pnc/remote_control_cmd , middleware:aorta
I0826 23:38:12.186213 237250 shm_subscriber.cc:120] [aorta]subscriber connect to publisher success, topic /pnc/task_service/relative_move/response, local d2379|python3.10|p237180|n0|s5|c0, peer d2379|quark_navigation|p9584|n0|/pnc/task_service/relative_move/response|p15
I0826 23:38:12.186278 237228 centralized_discovery.cc:733] [aorta]subscriber uid:060ce9b6-00b8-4c37-993b-95ef0c28cf6b-3654631836754090917 topic:/pnc/task_service/task_cancel/response
I0826 23:38:12.186354 237180 tcp_publisher.cc:179] [aorta]topic /pnc/remote_control_cmd, pub_queue_size_ 5, latch_queue_size_ 0
I0826 23:38:12.186421 237249 tcp_socket_server.cc:200] [aorta]The ip info is0.0.0.0:41727
I0826 23:38:12.186468 237249 shm_socket_server.cc:101] [aorta][/pnc/remote_control_cmd] bind at pipe sock name d2379|python3.10|p237180|n0|/pnc/remote_control_cmd|p8
I0826 23:38:12.186513 237180 node_impl.cc:198] [aorta]CreatePublisher, host:0.0.0.0, port:41727, sockname:d2379|python3.10|p237180|n0|/pnc/remote_control_cmd|p8, topic:/pnc/remote_control_cmd, uid:fa856fad-f4b2-4113-9600-11db253b4dbc-2921114360754287628 topic_uid:-1
I0826 23:38:12.186532 237180 aorta_component.cpp:394] [cosine_internal][AortaComponent] aorta node create publisher. node: python3.10_S1, topic:/pnc/remote_control_cmd, type:geometry_msgs.msg.pb.TwistStamped, qos:(history:1, depth:5, reliability:1, durability:2), uri:http://10.42.0.101:2379
I0826 23:38:12.186559 237180 aorta_publisher.cpp:119] [cosine_internal][AortaPublisher] publisher initialize. topic:/pnc/remote_control_cmd, uri:
I0826 23:38:12.186565 237180 publisher.cpp:27] [GDK]create publisher: /pnc/remote_control_cmd type: geometry_msgs.msg.pb.TwistStamped qos: 1 1 5 2
I0826 23:38:12.186579 237180 cosine_bus_manager.cpp:294] [cosine_internal][CosineBusManager] create publisher. topic name:/pnc/task_service/remote_control/request , middleware:aorta
I0826 23:38:12.187016 237180 tcp_publisher.cc:179] [aorta]topic /pnc/task_service/remote_control/request, pub_queue_size_ 5, latch_queue_size_ 0
I0826 23:38:12.187059 237249 tcp_socket_server.cc:200] [aorta]The ip info is0.0.0.0:44175
I0826 23:38:12.187091 237250 shm_subscriber.cc:120] [aorta]subscriber connect to publisher success, topic /pnc/task_service/task_cancel/response, local d2379|python3.10|p237180|n0|s6|c0, peer d2379|quark_navigation|p9584|n0|/pnc/task_service/task_cancel/response|p17
I0826 23:38:12.187108 237249 shm_socket_server.cc:101] [aorta][/pnc/task_service/remote_control/request] bind at pipe sock name d2379|python3.10|p237180|n0|/pnc/task_service/remote_control/request|p9
I0826 23:38:12.187148 237180 node_impl.cc:198] [aorta]CreatePublisher, host:0.0.0.0, port:44175, sockname:d2379|python3.10|p237180|n0|/pnc/task_service/remote_control/request|p9, topic:/pnc/task_service/remote_control/request, uid:a0586751-e006-4026-bbf6-a065db908e7b-10398465225129759782 topic_uid:-1
I0826 23:38:12.187155 237228 centralized_discovery.cc:733] [aorta]subscriber uid:3f2f04f0-30b6-4226-939c-96c54bcff737-4995236092065324733 topic:/pnc/task_service/task_pause/response
I0826 23:38:12.187166 237180 aorta_component.cpp:394] [cosine_internal][AortaComponent] aorta node create publisher. node: python3.10_S1, topic:/pnc/task_service/remote_control/request, type:pnc_msgs.RemoteControlRequest, qos:(history:1, depth:5, reliability:1, durability:2), uri:http://10.42.0.101:2379
I0826 23:38:12.187196 237180 aorta_publisher.cpp:119] [cosine_internal][AortaPublisher] publisher initialize. topic:/pnc/task_service/remote_control/request, uri:
I0826 23:38:12.187201 237180 publisher.cpp:27] [GDK]create publisher: /pnc/task_service/remote_control/request type: pnc_msgs.RemoteControlRequest qos: 1 1 5 2
I0826 23:38:12.187280 237180 cosine_bus_manager.cpp:400] [cosine_internal][CosineBusManager] create subscriber. topic name:/slam/odom , middleware:aorta , need async callback:0, frame_skip_rate:1
I0826 23:38:12.187291 237180 aorta_component.cpp:174] [cosine_internal][AortaComponent] callback_name:/slam/odomhttp://10.42.0.101:2379
I0826 23:38:12.187592 237180 buffered_data_export.cpp:115] [cosine_internal]successfully create buffer [bus_buffer___slam__odom, type genie_msgs.msg.pb.OdomInfo, block num 5, valid_time 0, transfer_type 0, data_size 0, mem_type 0, lib_name , ext_data_size 0, is_protobuf 1, enable_event_sync_subscriber 0], buffer id = 11
I0826 23:38:12.187615 237180 cosine_bus_message_buffer.cpp:45] [cosine_internal][CosineBusMessageBuffer] create buffer success. name:bus_buffer___slam__odom, type:genie_msgs.msg.pb.OdomInfo, size:5
I0826 23:38:12.187688 237180 node_impl.cc:344] [aorta]CreateSubscriber topic:/slam/odom, uid:f8fc4420-040b-4109-9a46-1f4dd5779308-8164318257426434522 topic_uid:-1
I0826 23:38:12.188123 237250 shm_subscriber.cc:120] [aorta]subscriber connect to publisher success, topic /pnc/task_service/task_pause/response, local d2379|python3.10|p237180|n0|s7|c0, peer d2379|quark_navigation|p9584|n0|/pnc/task_service/task_pause/response|p18
I0826 23:38:12.188134 237180 aorta_component.cpp:326] [cosine_internal][AortaComponent] aorta node create subscriber. node: python3.10_S1, topic:/slam/odom, type:genie_msgs.msg.pb.OdomInfo, qos:(history:1, depth:5, reliability:1, durability:2), uri:http://10.42.0.101:2379
I0826 23:38:12.188148 237180 aorta_subscriber.hpp:96] [cosine_internal][AortaSubscriber] initial. topic:/slam/odom, uri:
I0826 23:38:12.188162 237180 cosine_bus_manager.cpp:400] [cosine_internal][CosineBusManager] create subscriber. topic name:/slam/state , middleware:aorta , need async callback:0, frame_skip_rate:1
I0826 23:38:12.188169 237180 aorta_component.cpp:174] [cosine_internal][AortaComponent] callback_name:/slam/statehttp://10.42.0.101:2379
I0826 23:38:12.188185 237228 centralized_discovery.cc:733] [aorta]subscriber uid:58a43b68-5136-46e2-b0fc-bff284c84164-16859347558940246081 topic:/pnc/task_service/task_resume/response
I0826 23:38:12.188215 237180 buffered_data_export.cpp:115] [cosine_internal]successfully create buffer [bus_buffer___slam__state, type genie_msgs.msg.pb.CommonResponse, block num 5, valid_time 0, transfer_type 0, data_size 0, mem_type 0, lib_name , ext_data_size 0, is_protobuf 1, enable_event_sync_subscriber 0], buffer id = 12
I0826 23:38:12.188234 237180 cosine_bus_message_buffer.cpp:45] [cosine_internal][CosineBusMessageBuffer] create buffer success. name:bus_buffer___slam__state, type:genie_msgs.msg.pb.CommonResponse, size:5
I0826 23:38:12.188304 237180 node_impl.cc:344] [aorta]CreateSubscriber topic:/slam/state, uid:0f9785fe-52bc-4fcf-9756-579af4c0c542-7791362299214773660 topic_uid:-1
I0826 23:38:12.188824 237180 aorta_component.cpp:326] [cosine_internal][AortaComponent] aorta node create subscriber. node: python3.10_S1, topic:/slam/state, type:genie_msgs.msg.pb.CommonResponse, qos:(history:1, depth:5, reliability:1, durability:2), uri:http://10.42.0.101:2379
I0826 23:38:12.188836 237180 aorta_subscriber.hpp:96] [cosine_internal][AortaSubscriber] initial. topic:/slam/state, uri:
I0826 23:38:12.188849 237180 cosine_bus_manager.cpp:400] [cosine_internal][CosineBusManager] create subscriber. topic name:/slam/mapping_response , middleware:aorta , need async callback:0, frame_skip_rate:1
I0826 23:38:12.188855 237180 aorta_component.cpp:174] [cosine_internal][AortaComponent] callback_name:/slam/mapping_responsehttp://10.42.0.101:2379
I0826 23:38:12.188894 237180 buffered_data_export.cpp:115] [cosine_internal]successfully create buffer [bus_buffer___slam__mapping_response, type genie_msgs.msg.pb.CommonResponse, block num 5, valid_time 0, transfer_type 0, data_size 0, mem_type 0, lib_name , ext_data_size 0, is_protobuf 1, enable_event_sync_subscriber 0], buffer id = 13
I0826 23:38:12.188906 237180 cosine_bus_message_buffer.cpp:45] [cosine_internal][CosineBusMessageBuffer] create buffer success. name:bus_buffer___slam__mapping_response, type:genie_msgs.msg.pb.CommonResponse, size:5
I0826 23:38:12.188977 237180 node_impl.cc:344] [aorta]CreateSubscriber topic:/slam/mapping_response, uid:525228c4-ce2b-4d71-b3b3-e69907647328-3136143855590244141 topic_uid:-1
I0826 23:38:12.189365 237180 aorta_component.cpp:326] [cosine_internal][AortaComponent] aorta node create subscriber. node: python3.10_S1, topic:/slam/mapping_response, type:genie_msgs.msg.pb.CommonResponse, qos:(history:1, depth:5, reliability:1, durability:2), uri:http://10.42.0.101:2379
I0826 23:38:12.189375 237180 aorta_subscriber.hpp:96] [cosine_internal][AortaSubscriber] initial. topic:/slam/mapping_response, uri:
I0826 23:38:12.189386 237180 cosine_bus_manager.cpp:400] [cosine_internal][CosineBusManager] create subscriber. topic name:/slam/record_spec_loc_rsp , middleware:aorta , need async callback:0, frame_skip_rate:1
I0826 23:38:12.189392 237180 aorta_component.cpp:174] [cosine_internal][AortaComponent] callback_name:/slam/record_spec_loc_rsphttp://10.42.0.101:2379
I0826 23:38:12.189425 237180 buffered_data_export.cpp:115] [cosine_internal]successfully create buffer [bus_buffer___slam__record_spec_loc_rsp, type genie_msgs.msg.pb.CommonResponse, block num 5, valid_time 0, transfer_type 0, data_size 0, mem_type 0, lib_name , ext_data_size 0, is_protobuf 1, enable_event_sync_subscriber 0], buffer id = 14
I0826 23:38:12.189446 237180 cosine_bus_message_buffer.cpp:45] [cosine_internal][CosineBusMessageBuffer] create buffer success. name:bus_buffer___slam__record_spec_loc_rsp, type:genie_msgs.msg.pb.CommonResponse, size:5
I0826 23:38:12.189488 237250 shm_subscriber.cc:120] [aorta]subscriber connect to publisher success, topic /pnc/task_service/task_resume/response, local d2379|python3.10|p237180|n0|s8|c0, peer d2379|quark_navigation|p9584|n0|/pnc/task_service/task_resume/response|p19
I0826 23:38:12.189505 237180 node_impl.cc:344] [aorta]CreateSubscriber topic:/slam/record_spec_loc_rsp, uid:f3575be0-eb59-44b3-840e-9e540e13b843-16786186340696970127 topic_uid:-1
I0826 23:38:12.189568 237228 centralized_discovery.cc:733] [aorta]subscriber uid:35a73563-2284-4972-a7bf-7729d0c97011-11583863028842959166 topic:/pnc/task_service/remote_control/response
I0826 23:38:12.189893 237180 aorta_component.cpp:326] [cosine_internal][AortaComponent] aorta node create subscriber. node: python3.10_S1, topic:/slam/record_spec_loc_rsp, type:genie_msgs.msg.pb.CommonResponse, qos:(history:1, depth:5, reliability:1, durability:2), uri:http://10.42.0.101:2379
I0826 23:38:12.189903 237180 aorta_subscriber.hpp:96] [cosine_internal][AortaSubscriber] initial. topic:/slam/record_spec_loc_rsp, uri:
I0826 23:38:12.189920 237180 cosine_bus_manager.cpp:294] [cosine_internal][CosineBusManager] create publisher. topic name:/slam/mapping_request , middleware:aorta
I0826 23:38:12.190325 237180 tcp_publisher.cc:179] [aorta]topic /slam/mapping_request, pub_queue_size_ 5, latch_queue_size_ 0
I0826 23:38:12.190392 237250 shm_subscriber.cc:120] [aorta]subscriber connect to publisher success, topic /pnc/task_service/remote_control/response, local d2379|python3.10|p237180|n0|s9|c0, peer d2379|quark_navigation|p9584|n0|..c/task_service/remote_control/response|p16
I0826 23:38:12.190415 237249 tcp_socket_server.cc:200] [aorta]The ip info is0.0.0.0:46729
I0826 23:38:12.190485 237249 shm_socket_server.cc:101] [aorta][/slam/mapping_request] bind at pipe sock name d2379|python3.10|p237180|n0|/slam/mapping_request|p10
I0826 23:38:12.190550 237180 node_impl.cc:198] [aorta]CreatePublisher, host:0.0.0.0, port:46729, sockname:d2379|python3.10|p237180|n0|/slam/mapping_request|p10, topic:/slam/mapping_request, uid:92664ad4-32f4-4acf-b24c-8965b478b6c7-13788692708863539056 topic_uid:-1
